  CHK     include/config/kernel.release
  CHK     include/generated/uapi/linux/version.h
  CHK     include/generated/utsrelease.h
  HOSTCC  scripts/basic/fixdep
  HOSTCC  scripts/basic/bin2c
  GEN     include/generated/mach-types.h
  CC      kernel/bounds.s
  CHK     include/generated/bounds.h
  CHK     include/generated/timeconst.h
  CC      arch/arm/kernel/asm-offsets.s
  CHK     include/generated/asm-offsets.h
  CALL    scripts/checksyscalls.sh
  HOSTCC  scripts/dtc/dtc.o
  HOSTCC  scripts/dtc/flattree.o
  HOSTCC  scripts/dtc/fstree.o
  HOSTCC  scripts/dtc/data.o
  HOSTCC  scripts/dtc/livetree.o
  HOSTCC  scripts/dtc/treesource.o
  HOSTCC  scripts/dtc/srcpos.o
  HOSTCC  scripts/dtc/checks.o
  HOSTCC  scripts/dtc/util.o
  HOSTCC  scripts/dtc/dtc-lexer.lex.o
  HOSTCC  scripts/dtc/dtc-parser.tab.o
  HOSTLD  scripts/dtc/dtc
  HOSTCC  scripts/genksyms/genksyms.o
  HOSTCC  scripts/genksyms/parse.tab.o
  HOSTCC  scripts/genksyms/lex.lex.o
  HOSTLD  scripts/genksyms/genksyms
  CC      scripts/mod/empty.o
  HOSTCC  scripts/mod/mk_elfconfig
  MKELF   scripts/mod/elfconfig.h
  HOSTCC  scripts/mod/modpost.o
  CC      scripts/mod/devicetable-offsets.s
  GEN     scripts/mod/devicetable-offsets.h
  HOSTCC  scripts/mod/file2alias.o
  HOSTCC  scripts/mod/sumversion.o
  HOSTLD  scripts/mod/modpost
  HOSTCC  scripts/kallsyms
  HOSTCC  scripts/pnmtologo
  HOSTCC  scripts/conmakehash
  HOSTCC  scripts/recordmcount
  HOSTCC  scripts/sortextable
  CC      init/main.o
  CHK     include/generated/compile.h
  CC      init/version.o
  CC      init/do_mounts.o
  CC      init/do_mounts_rd.o
  CC      init/do_mounts_initrd.o
  LD      init/mounts.o
  CC      init/initramfs.o
  CC      init/calibrate.o
  CC      init/init_task.o
  LD      init/built-in.o
  HOSTCC  usr/gen_init_cpio
  GEN     usr/initramfs_data.cpio.gz
  AS      usr/initramfs_data.o
  LD      usr/built-in.o
  CC      arch/arm/vfp/vfpmodule.o
  AS      arch/arm/vfp/entry.o
  AS      arch/arm/vfp/vfphw.o
  CC      arch/arm/vfp/vfpsingle.o
  CC      arch/arm/vfp/vfpdouble.o
  LD      arch/arm/vfp/vfp.o
  LD      arch/arm/vfp/built-in.o
  LDS     arch/arm/vdso/vdso.lds
  CC      arch/arm/vdso/vgettimeofday.o
  AS      arch/arm/vdso/datapage.o
  VDSO    arch/arm/vdso/vdso.so.raw
  HOSTCC  arch/arm/vdso/vdsomunge
  MUNGE   arch/arm/vdso/vdso.so.dbg
  OBJCOPY arch/arm/vdso/vdso.so
  AS      arch/arm/vdso/vdso.o
  LD      arch/arm/vdso/built-in.o
  CC      arch/arm/kernel/elf.o
  AS      arch/arm/kernel/entry-common.o
  CC      arch/arm/kernel/irq.o
  CC      arch/arm/kernel/opcodes.o
  CC      arch/arm/kernel/process.o
  CC      arch/arm/kernel/ptrace.o
  CC      arch/arm/kernel/reboot.o
  CC      arch/arm/kernel/return_address.o
  CC      arch/arm/kernel/setup.o
  CC      arch/arm/kernel/signal.o
  AS      arch/arm/kernel/sigreturn_codes.o
  CC      arch/arm/kernel/stacktrace.o
  CC      arch/arm/kernel/sys_arm.o
  CC      arch/arm/kernel/time.o
  CC      arch/arm/kernel/traps.o
  AS      arch/arm/kernel/entry-armv.o
  CC      arch/arm/kernel/fiq.o
  AS      arch/arm/kernel/fiqasm.o
  CC      arch/arm/kernel/armksyms.o
  CC      arch/arm/kernel/module.o
  CC      arch/arm/kernel/smp.o
  CC      arch/arm/kernel/smp_tlb.o
  CC      arch/arm/kernel/arch_timer.o
  AS      arch/arm/kernel/entry-ftrace.o
  CC      arch/arm/kernel/ftrace.o
arch/arm/kernel/ftrace.c: In function ‘prepare_ftrace_return’:
arch/arm/kernel/ftrace.c:220:49: warning: taking address of packed member of ‘struct ftrace_graph_ent’ may result in an unaligned pointer value [-Waddress-of-packed-member]
  220 |  err = ftrace_push_return_trace(old, self_addr, &trace.depth,
      |                                                 ^~~~~~~~~~~~
  CC      arch/arm/kernel/insn.o
  CC      arch/arm/kernel/jump_label.o
  CC      arch/arm/kernel/patch.o
  CC      arch/arm/kernel/kgdb.o
  CC      arch/arm/kernel/unwind.o
  CC      arch/arm/kernel/devtree.o
  CC      arch/arm/kernel/swp_emulate.o
  CC      arch/arm/kernel/hw_breakpoint.o
  CC      arch/arm/kernel/perf_regs.o
  CC      arch/arm/kernel/perf_callchain.o
  CC      arch/arm/kernel/perf_event_xscale.o
  CC      arch/arm/kernel/perf_event_v6.o
  CC      arch/arm/kernel/perf_event_v7.o
  CC      arch/arm/kernel/topology.o
  CC      arch/arm/kernel/vdso.o
arch/arm/kernel/vdso.c: In function ‘vdso_init’:
arch/arm/kernel/vdso.c:182:6: warning: ‘__builtin_memcmp_eq’ reading 4 bytes from a region of size 1 [-Wstringop-overflow=]
  182 |  if (memcmp(&vdso_start, "\177ELF", 4)) {
      |      ^~~~~~~~~~~~~~~~~~~~~~~~~~~~~~~~~
  CC      arch/arm/kernel/io.o
  AS      arch/arm/kernel/hyp-stub.o
  AS      arch/arm/kernel/smccc-call.o
  LD      arch/arm/kernel/built-in.o
  AS      arch/arm/kernel/head.o
  LDS     arch/arm/kernel/vmlinux.lds
  CC      arch/arm/mm/dma-mapping.o
  CC      arch/arm/mm/extable.o
  CC      arch/arm/mm/fault.o
  CC      arch/arm/mm/init.o
  CC      arch/arm/mm/iomap.o
  CC      arch/arm/mm/fault-armv.o
  CC      arch/arm/mm/flush.o
  CC      arch/arm/mm/idmap.o
  CC      arch/arm/mm/ioremap.o
  CC      arch/arm/mm/mmap.o
  CC      arch/arm/mm/pgd.o
  CC      arch/arm/mm/mmu.o
  CC      arch/arm/mm/pageattr.o
  CC      arch/arm/mm/proc-syms.o
  CC      arch/arm/mm/alignment.o
  AS      arch/arm/mm/abort-ev7.o
  AS      arch/arm/mm/pabort-v7.o
  AS      arch/arm/mm/cache-v7.o
  CC      arch/arm/mm/copypage-v6.o
  CC      arch/arm/mm/context.o
  AS      arch/arm/mm/tlb-v7.o
  AS      arch/arm/mm/proc-v7.o
  LD      arch/arm/mm/built-in.o
  CC      arch/arm/common/firmware.o
  LD      arch/arm/common/built-in.o
  CC      arch/arm/probes/decode.o
  CC      arch/arm/probes/kprobes/core.o
  CC      arch/arm/probes/kprobes/actions-common.o
  CC      arch/arm/probes/kprobes/checkers-common.o
  CC      arch/arm/probes/kprobes/actions-arm.o
  CC      arch/arm/probes/kprobes/checkers-arm.o
  CC      arch/arm/probes/kprobes/opt-arm.o
  LD      arch/arm/probes/kprobes/built-in.o
  CC      arch/arm/probes/decode-arm.o
  LD      arch/arm/probes/built-in.o
  LD      arch/arm/net/built-in.o
  LD      arch/arm/crypto/built-in.o
  AS [M]  arch/arm/crypto/aes-armv4.o
  CC [M]  arch/arm/crypto/aes_glue.o
In file included from arch/arm/crypto/aes_glue.c:5:
./include/linux/module.h:132:6: warning: ‘init_module’ specifies less restrictive attribute than its target ‘aes_init’: ‘cold’ [-Wmissing-attributes]
  132 |  int init_module(void) __attribute__((alias(#initfn)));
      |      ^~~~~~~~~~~
arch/arm/crypto/aes_glue.c:91:1: note: in expansion of macro ‘module_init’
   91 | module_init(aes_init);
      | ^~~~~~~~~~~
arch/arm/crypto/aes_glue.c:81:19: note: ‘init_module’ target declared here
   81 | static int __init aes_init(void)
      |                   ^~~~~~~~
In file included from arch/arm/crypto/aes_glue.c:5:
./include/linux/module.h:138:7: warning: ‘cleanup_module’ specifies less restrictive attribute than its target ‘aes_fini’: ‘cold’ [-Wmissing-attributes]
  138 |  void cleanup_module(void) __attribute__((alias(#exitfn)));
      |       ^~~~~~~~~~~~~~
arch/arm/crypto/aes_glue.c:92:1: note: in expansion of macro ‘module_exit’
   92 | module_exit(aes_fini);
      | ^~~~~~~~~~~
arch/arm/crypto/aes_glue.c:86:20: note: ‘cleanup_module’ target declared here
   86 | static void __exit aes_fini(void)
      |                    ^~~~~~~~
  LD [M]  arch/arm/crypto/aes-arm.o
  AS [M]  arch/arm/crypto/aesbs-core.o
  CC [M]  arch/arm/crypto/aesbs-glue.o
In file included from arch/arm/crypto/aesbs-glue.c:15:
./include/linux/module.h:132:6: warning: ‘init_module’ specifies less restrictive attribute than its target ‘aesbs_mod_init’: ‘cold’ [-Wmissing-attributes]
  132 |  int init_module(void) __attribute__((alias(#initfn)));
      |      ^~~~~~~~~~~
arch/arm/crypto/aesbs-glue.c:438:1: note: in expansion of macro ‘module_init’
  438 | module_init(aesbs_mod_init);
      | ^~~~~~~~~~~
arch/arm/crypto/aesbs-glue.c:425:19: note: ‘init_module’ target declared here
  425 | static int __init aesbs_mod_init(void)
      |                   ^~~~~~~~~~~~~~
In file included from arch/arm/crypto/aesbs-glue.c:15:
./include/linux/module.h:138:7: warning: ‘cleanup_module’ specifies less restrictive attribute than its target ‘aesbs_mod_exit’: ‘cold’ [-Wmissing-attributes]
  138 |  void cleanup_module(void) __attribute__((alias(#exitfn)));
      |       ^~~~~~~~~~~~~~
arch/arm/crypto/aesbs-glue.c:439:1: note: in expansion of macro ‘module_exit’
  439 | module_exit(aesbs_mod_exit);
      | ^~~~~~~~~~~
arch/arm/crypto/aesbs-glue.c:433:20: note: ‘cleanup_module’ target declared here
  433 | static void __exit aesbs_mod_exit(void)
      |                    ^~~~~~~~~~~~~~
  LD [M]  arch/arm/crypto/aes-arm-bs.o
  AS [M]  arch/arm/crypto/sha1-armv4-large.o
  CC [M]  arch/arm/crypto/sha1_glue.o
In file included from arch/arm/crypto/sha1_glue.c:21:
./include/linux/module.h:132:6: warning: ‘init_module’ specifies less restrictive attribute than its target ‘sha1_mod_init’: ‘cold’ [-Wmissing-attributes]
  132 |  int init_module(void) __attribute__((alias(#initfn)));
      |      ^~~~~~~~~~~
arch/arm/crypto/sha1_glue.c:89:1: note: in expansion of macro ‘module_init’
   89 | module_init(sha1_mod_init);
      | ^~~~~~~~~~~
arch/arm/crypto/sha1_glue.c:77:19: note: ‘init_module’ target declared here
   77 | static int __init sha1_mod_init(void)
      |                   ^~~~~~~~~~~~~
In file included from arch/arm/crypto/sha1_glue.c:21:
./include/linux/module.h:138:7: warning: ‘cleanup_module’ specifies less restrictive attribute than its target ‘sha1_mod_fini’: ‘cold’ [-Wmissing-attributes]
  138 |  void cleanup_module(void) __attribute__((alias(#exitfn)));
      |       ^~~~~~~~~~~~~~
arch/arm/crypto/sha1_glue.c:90:1: note: in expansion of macro ‘module_exit’
   90 | module_exit(sha1_mod_fini);
      | ^~~~~~~~~~~
arch/arm/crypto/sha1_glue.c:83:20: note: ‘cleanup_module’ target declared here
   83 | static void __exit sha1_mod_fini(void)
      |                    ^~~~~~~~~~~~~
  LD [M]  arch/arm/crypto/sha1-arm.o
  AS [M]  arch/arm/crypto/sha1-armv7-neon.o
  CC [M]  arch/arm/crypto/sha1_neon_glue.o
In file included from arch/arm/crypto/sha1_neon_glue.c:23:
./include/linux/module.h:132:6: warning: ‘init_module’ specifies less restrictive attribute than its target ‘sha1_neon_mod_init’: ‘cold’ [-Wmissing-attributes]
  132 |  int init_module(void) __attribute__((alias(#initfn)));
      |      ^~~~~~~~~~~
arch/arm/crypto/sha1_neon_glue.c:105:1: note: in expansion of macro ‘module_init’
  105 | module_init(sha1_neon_mod_init);
      | ^~~~~~~~~~~
arch/arm/crypto/sha1_neon_glue.c:92:19: note: ‘init_module’ target declared here
   92 | static int __init sha1_neon_mod_init(void)
      |                   ^~~~~~~~~~~~~~~~~~
In file included from arch/arm/crypto/sha1_neon_glue.c:23:
./include/linux/module.h:138:7: warning: ‘cleanup_module’ specifies less restrictive attribute than its target ‘sha1_neon_mod_fini’: ‘cold’ [-Wmissing-attributes]
  138 |  void cleanup_module(void) __attribute__((alias(#exitfn)));
      |       ^~~~~~~~~~~~~~
arch/arm/crypto/sha1_neon_glue.c:106:1: note: in expansion of macro ‘module_exit’
  106 | module_exit(sha1_neon_mod_fini);
      | ^~~~~~~~~~~
arch/arm/crypto/sha1_neon_glue.c:100:20: note: ‘cleanup_module’ target declared here
  100 | static void __exit sha1_neon_mod_fini(void)
      |                    ^~~~~~~~~~~~~~~~~~
  LD [M]  arch/arm/crypto/sha1-arm-neon.o
  LD      arch/arm/firmware/built-in.o
  CC      arch/arm/mach-bcm/board_bcm2835.o
  LD      arch/arm/mach-bcm/built-in.o
  CC      kernel/fork.o
In file included from kernel/fork.c:41:
./include/linux/syscalls.h:195:18: warning: ‘sys_set_tid_address’ alias between functions of incompatible types ‘long int(int *)’ and ‘long int(long int)’ [-Wattribute-alias=]
  195 |  asmlinkage long sys##name(__MAP(x,__SC_DECL,__VA_ARGS__)) \
      |                  ^~~
./include/linux/syscalls.h:191:2: note: in expansion of macro ‘__SYSCALL_DEFINEx’
  191 |  __SYSCALL_DEFINEx(x, sname, __VA_ARGS__)
      |  ^~~~~~~~~~~~~~~~~
./include/linux/syscalls.h:182:36: note: in expansion of macro ‘SYSCALL_DEFINEx’
  182 | #define SYSCALL_DEFINE1(name, ...) SYSCALL_DEFINEx(1, _##name, __VA_ARGS__)
      |                                    ^~~~~~~~~~~~~~~
kernel/fork.c:1422:1: note: in expansion of macro ‘SYSCALL_DEFINE1’
 1422 | SYSCALL_DEFINE1(set_tid_address, int __user *, tidptr)
      | ^~~~~~~~~~~~~~~
./include/linux/syscalls.h:199:18: note: aliased declaration here
  199 |  asmlinkage long SyS##name(__MAP(x,__SC_LONG,__VA_ARGS__)) \
      |                  ^~~
./include/linux/syscalls.h:191:2: note: in expansion of macro ‘__SYSCALL_DEFINEx’
  191 |  __SYSCALL_DEFINEx(x, sname, __VA_ARGS__)
      |  ^~~~~~~~~~~~~~~~~
./include/linux/syscalls.h:182:36: note: in expansion of macro ‘SYSCALL_DEFINEx’
  182 | #define SYSCALL_DEFINE1(name, ...) SYSCALL_DEFINEx(1, _##name, __VA_ARGS__)
      |                                    ^~~~~~~~~~~~~~~
kernel/fork.c:1422:1: note: in expansion of macro ‘SYSCALL_DEFINE1’
 1422 | SYSCALL_DEFINE1(set_tid_address, int __user *, tidptr)
      | ^~~~~~~~~~~~~~~
./include/linux/syscalls.h:195:18: warning: ‘sys_unshare’ alias between functions of incompatible types ‘long int(long unsigned int)’ and ‘long int(long int)’ [-Wattribute-alias=]
  195 |  asmlinkage long sys##name(__MAP(x,__SC_DECL,__VA_ARGS__)) \
      |                  ^~~
./include/linux/syscalls.h:191:2: note: in expansion of macro ‘__SYSCALL_DEFINEx’
  191 |  __SYSCALL_DEFINEx(x, sname, __VA_ARGS__)
      |  ^~~~~~~~~~~~~~~~~
./include/linux/syscalls.h:182:36: note: in expansion of macro ‘SYSCALL_DEFINEx’
  182 | #define SYSCALL_DEFINE1(name, ...) SYSCALL_DEFINEx(1, _##name, __VA_ARGS__)
      |                                    ^~~~~~~~~~~~~~~
kernel/fork.c:2194:1: note: in expansion of macro ‘SYSCALL_DEFINE1’
 2194 | SYSCALL_DEFINE1(unshare, unsigned long, unshare_flags)
      | ^~~~~~~~~~~~~~~
./include/linux/syscalls.h:199:18: note: aliased declaration here
  199 |  asmlinkage long SyS##name(__MAP(x,__SC_LONG,__VA_ARGS__)) \
      |                  ^~~
./include/linux/syscalls.h:191:2: note: in expansion of macro ‘__SYSCALL_DEFINEx’
  191 |  __SYSCALL_DEFINEx(x, sname, __VA_ARGS__)
      |  ^~~~~~~~~~~~~~~~~
./include/linux/syscalls.h:182:36: note: in expansion of macro ‘SYSCALL_DEFINEx’
  182 | #define SYSCALL_DEFINE1(name, ...) SYSCALL_DEFINEx(1, _##name, __VA_ARGS__)
      |                                    ^~~~~~~~~~~~~~~
kernel/fork.c:2194:1: note: in expansion of macro ‘SYSCALL_DEFINE1’
 2194 | SYSCALL_DEFINE1(unshare, unsigned long, unshare_flags)
      | ^~~~~~~~~~~~~~~
./include/linux/syscalls.h:195:18: warning: ‘sys_clone’ alias between functions of incompatible types ‘long int(long unsigned int,  long unsigned int,  int *, long unsigned int,  int *)’ and ‘long int(long int,  long int,  long int,  long int,  long int)’ [-Wattribute-alias=]
  195 |  asmlinkage long sys##name(__MAP(x,__SC_DECL,__VA_ARGS__)) \
      |                  ^~~
./include/linux/syscalls.h:191:2: note: in expansion of macro ‘__SYSCALL_DEFINEx’
  191 |  __SYSCALL_DEFINEx(x, sname, __VA_ARGS__)
      |  ^~~~~~~~~~~~~~~~~
./include/linux/syscalls.h:186:36: note: in expansion of macro ‘SYSCALL_DEFINEx’
  186 | #define SYSCALL_DEFINE5(name, ...) SYSCALL_DEFINEx(5, _##name, __VA_ARGS__)
      |                                    ^~~~~~~~~~~~~~~
kernel/fork.c:2043:1: note: in expansion of macro ‘SYSCALL_DEFINE5’
 2043 | SYSCALL_DEFINE5(clone, unsigned long, clone_flags, unsigned long, newsp,
      | ^~~~~~~~~~~~~~~
./include/linux/syscalls.h:199:18: note: aliased declaration here
  199 |  asmlinkage long SyS##name(__MAP(x,__SC_LONG,__VA_ARGS__)) \
      |                  ^~~
./include/linux/syscalls.h:191:2: note: in expansion of macro ‘__SYSCALL_DEFINEx’
  191 |  __SYSCALL_DEFINEx(x, sname, __VA_ARGS__)
      |  ^~~~~~~~~~~~~~~~~
./include/linux/syscalls.h:186:36: note: in expansion of macro ‘SYSCALL_DEFINEx’
  186 | #define SYSCALL_DEFINE5(name, ...) SYSCALL_DEFINEx(5, _##name, __VA_ARGS__)
      |                                    ^~~~~~~~~~~~~~~
kernel/fork.c:2043:1: note: in expansion of macro ‘SYSCALL_DEFINE5’
 2043 | SYSCALL_DEFINE5(clone, unsigned long, clone_flags, unsigned long, newsp,
      | ^~~~~~~~~~~~~~~
  CC      kernel/exec_domain.o
In file included from kernel/exec_domain.c:18:
./include/linux/syscalls.h:195:18: warning: ‘sys_personality’ alias between functions of incompatible types ‘long int(unsigned int)’ and ‘long int(long int)’ [-Wattribute-alias=]
  195 |  asmlinkage long sys##name(__MAP(x,__SC_DECL,__VA_ARGS__)) \
      |                  ^~~
./include/linux/syscalls.h:191:2: note: in expansion of macro ‘__SYSCALL_DEFINEx’
  191 |  __SYSCALL_DEFINEx(x, sname, __VA_ARGS__)
      |  ^~~~~~~~~~~~~~~~~
./include/linux/syscalls.h:182:36: note: in expansion of macro ‘SYSCALL_DEFINEx’
  182 | #define SYSCALL_DEFINE1(name, ...) SYSCALL_DEFINEx(1, _##name, __VA_ARGS__)
      |                                    ^~~~~~~~~~~~~~~
kernel/exec_domain.c:50:1: note: in expansion of macro ‘SYSCALL_DEFINE1’
   50 | SYSCALL_DEFINE1(personality, unsigned int, personality)
      | ^~~~~~~~~~~~~~~
./include/linux/syscalls.h:199:18: note: aliased declaration here
  199 |  asmlinkage long SyS##name(__MAP(x,__SC_LONG,__VA_ARGS__)) \
      |                  ^~~
./include/linux/syscalls.h:191:2: note: in expansion of macro ‘__SYSCALL_DEFINEx’
  191 |  __SYSCALL_DEFINEx(x, sname, __VA_ARGS__)
      |  ^~~~~~~~~~~~~~~~~
./include/linux/syscalls.h:182:36: note: in expansion of macro ‘SYSCALL_DEFINEx’
  182 | #define SYSCALL_DEFINE1(name, ...) SYSCALL_DEFINEx(1, _##name, __VA_ARGS__)
      |                                    ^~~~~~~~~~~~~~~
kernel/exec_domain.c:50:1: note: in expansion of macro ‘SYSCALL_DEFINE1’
   50 | SYSCALL_DEFINE1(personality, unsigned int, personality)
      | ^~~~~~~~~~~~~~~
  CC      kernel/panic.o
  CC      kernel/cpu.o
  CC      kernel/exit.o
kernel/exit.c: In function ‘do_exit’:
kernel/exit.c:787:6: warning: ISO C90 forbids mixed declarations and code [-Wdeclaration-after-statement]
  787 |      extern void rsv_cleanup_task(struct task_struct *);
      |      ^~~~~~
In file included from kernel/exit.c:36:
kernel/exit.c: At top level:
./include/linux/syscalls.h:195:18: warning: ‘sys_wait4’ alias between functions of incompatible types ‘long int(pid_t,  int *, int,  struct rusage *)’ {aka ‘long int(int,  int *, int,  struct rusage *)’} and ‘long int(long int,  long int,  long int,  long int)’ [-Wattribute-alias=]
  195 |  asmlinkage long sys##name(__MAP(x,__SC_DECL,__VA_ARGS__)) \
      |                  ^~~
./include/linux/syscalls.h:191:2: note: in expansion of macro ‘__SYSCALL_DEFINEx’
  191 |  __SYSCALL_DEFINEx(x, sname, __VA_ARGS__)
      |  ^~~~~~~~~~~~~~~~~
./include/linux/syscalls.h:185:36: note: in expansion of macro ‘SYSCALL_DEFINEx’
  185 | #define SYSCALL_DEFINE4(name, ...) SYSCALL_DEFINEx(4, _##name, __VA_ARGS__)
      |                                    ^~~~~~~~~~~~~~~
kernel/exit.c:1661:1: note: in expansion of macro ‘SYSCALL_DEFINE4’
 1661 | SYSCALL_DEFINE4(wait4, pid_t, upid, int __user *, stat_addr,
      | ^~~~~~~~~~~~~~~
./include/linux/syscalls.h:199:18: note: aliased declaration here
  199 |  asmlinkage long SyS##name(__MAP(x,__SC_LONG,__VA_ARGS__)) \
      |                  ^~~
./include/linux/syscalls.h:191:2: note: in expansion of macro ‘__SYSCALL_DEFINEx’
  191 |  __SYSCALL_DEFINEx(x, sname, __VA_ARGS__)
      |  ^~~~~~~~~~~~~~~~~
./include/linux/syscalls.h:185:36: note: in expansion of macro ‘SYSCALL_DEFINEx’
  185 | #define SYSCALL_DEFINE4(name, ...) SYSCALL_DEFINEx(4, _##name, __VA_ARGS__)
      |                                    ^~~~~~~~~~~~~~~
kernel/exit.c:1661:1: note: in expansion of macro ‘SYSCALL_DEFINE4’
 1661 | SYSCALL_DEFINE4(wait4, pid_t, upid, int __user *, stat_addr,
      | ^~~~~~~~~~~~~~~
./include/linux/syscalls.h:195:18: warning: ‘sys_waitid’ alias between functions of incompatible types ‘long int(int,  pid_t,  struct siginfo *, int,  struct rusage *)’ {aka ‘long int(int,  int,  struct siginfo *, int,  struct rusage *)’} and ‘long int(long int,  long int,  long int,  long int,  long int)’ [-Wattribute-alias=]
  195 |  asmlinkage long sys##name(__MAP(x,__SC_DECL,__VA_ARGS__)) \
      |                  ^~~
./include/linux/syscalls.h:191:2: note: in expansion of macro ‘__SYSCALL_DEFINEx’
  191 |  __SYSCALL_DEFINEx(x, sname, __VA_ARGS__)
      |  ^~~~~~~~~~~~~~~~~
./include/linux/syscalls.h:186:36: note: in expansion of macro ‘SYSCALL_DEFINEx’
  186 | #define SYSCALL_DEFINE5(name, ...) SYSCALL_DEFINEx(5, _##name, __VA_ARGS__)
      |                                    ^~~~~~~~~~~~~~~
kernel/exit.c:1592:1: note: in expansion of macro ‘SYSCALL_DEFINE5’
 1592 | SYSCALL_DEFINE5(waitid, int, which, pid_t, upid, struct siginfo __user *,
      | ^~~~~~~~~~~~~~~
./include/linux/syscalls.h:199:18: note: aliased declaration here
  199 |  asmlinkage long SyS##name(__MAP(x,__SC_LONG,__VA_ARGS__)) \
      |                  ^~~
./include/linux/syscalls.h:191:2: note: in expansion of macro ‘__SYSCALL_DEFINEx’
  191 |  __SYSCALL_DEFINEx(x, sname, __VA_ARGS__)
      |  ^~~~~~~~~~~~~~~~~
./include/linux/syscalls.h:186:36: note: in expansion of macro ‘SYSCALL_DEFINEx’
  186 | #define SYSCALL_DEFINE5(name, ...) SYSCALL_DEFINEx(5, _##name, __VA_ARGS__)
      |                                    ^~~~~~~~~~~~~~~
kernel/exit.c:1592:1: note: in expansion of macro ‘SYSCALL_DEFINE5’
 1592 | SYSCALL_DEFINE5(waitid, int, which, pid_t, upid, struct siginfo __user *,
      | ^~~~~~~~~~~~~~~
  CC      kernel/softirq.o
  CC      kernel/resource.o
  CC      kernel/sysctl.o
  CC      kernel/sysctl_binary.o
In file included from kernel/sysctl_binary.c:6:
./include/linux/syscalls.h:195:18: warning: ‘sys_sysctl’ alias between functions of incompatible types ‘long int(struct __sysctl_args *)’ and ‘long int(long int)’ [-Wattribute-alias=]
  195 |  asmlinkage long sys##name(__MAP(x,__SC_DECL,__VA_ARGS__)) \
      |                  ^~~
./include/linux/syscalls.h:191:2: note: in expansion of macro ‘__SYSCALL_DEFINEx’
  191 |  __SYSCALL_DEFINEx(x, sname, __VA_ARGS__)
      |  ^~~~~~~~~~~~~~~~~
./include/linux/syscalls.h:182:36: note: in expansion of macro ‘SYSCALL_DEFINEx’
  182 | #define SYSCALL_DEFINE1(name, ...) SYSCALL_DEFINEx(1, _##name, __VA_ARGS__)
      |                                    ^~~~~~~~~~~~~~~
kernel/sysctl_binary.c:1411:1: note: in expansion of macro ‘SYSCALL_DEFINE1’
 1411 | SYSCALL_DEFINE1(sysctl, struct __sysctl_args __user *, args)
      | ^~~~~~~~~~~~~~~
./include/linux/syscalls.h:199:18: note: aliased declaration here
  199 |  asmlinkage long SyS##name(__MAP(x,__SC_LONG,__VA_ARGS__)) \
      |                  ^~~
./include/linux/syscalls.h:191:2: note: in expansion of macro ‘__SYSCALL_DEFINEx’
  191 |  __SYSCALL_DEFINEx(x, sname, __VA_ARGS__)
      |  ^~~~~~~~~~~~~~~~~
./include/linux/syscalls.h:182:36: note: in expansion of macro ‘SYSCALL_DEFINEx’
  182 | #define SYSCALL_DEFINE1(name, ...) SYSCALL_DEFINEx(1, _##name, __VA_ARGS__)
      |                                    ^~~~~~~~~~~~~~~
kernel/sysctl_binary.c:1411:1: note: in expansion of macro ‘SYSCALL_DEFINE1’
 1411 | SYSCALL_DEFINE1(sysctl, struct __sysctl_args __user *, args)
      | ^~~~~~~~~~~~~~~
  CC      kernel/capability.o
In file included from kernel/capability.c:17:
./include/linux/syscalls.h:195:18: warning: ‘sys_capget’ alias between functions of incompatible types ‘long int(struct __user_cap_header_struct *, struct __user_cap_data_struct *)’ and ‘long int(long int,  long int)’ [-Wattribute-alias=]
  195 |  asmlinkage long sys##name(__MAP(x,__SC_DECL,__VA_ARGS__)) \
      |                  ^~~
./include/linux/syscalls.h:191:2: note: in expansion of macro ‘__SYSCALL_DEFINEx’
  191 |  __SYSCALL_DEFINEx(x, sname, __VA_ARGS__)
      |  ^~~~~~~~~~~~~~~~~
./include/linux/syscalls.h:183:36: note: in expansion of macro ‘SYSCALL_DEFINEx’
  183 | #define SYSCALL_DEFINE2(name, ...) SYSCALL_DEFINEx(2, _##name, __VA_ARGS__)
      |                                    ^~~~~~~~~~~~~~~
kernel/capability.c:149:1: note: in expansion of macro ‘SYSCALL_DEFINE2’
  149 | SYSCALL_DEFINE2(capget, cap_user_header_t, header, cap_user_data_t, dataptr)
      | ^~~~~~~~~~~~~~~
./include/linux/syscalls.h:199:18: note: aliased declaration here
  199 |  asmlinkage long SyS##name(__MAP(x,__SC_LONG,__VA_ARGS__)) \
      |                  ^~~
./include/linux/syscalls.h:191:2: note: in expansion of macro ‘__SYSCALL_DEFINEx’
  191 |  __SYSCALL_DEFINEx(x, sname, __VA_ARGS__)
      |  ^~~~~~~~~~~~~~~~~
./include/linux/syscalls.h:183:36: note: in expansion of macro ‘SYSCALL_DEFINEx’
  183 | #define SYSCALL_DEFINE2(name, ...) SYSCALL_DEFINEx(2, _##name, __VA_ARGS__)
      |                                    ^~~~~~~~~~~~~~~
kernel/capability.c:149:1: note: in expansion of macro ‘SYSCALL_DEFINE2’
  149 | SYSCALL_DEFINE2(capget, cap_user_header_t, header, cap_user_data_t, dataptr)
      | ^~~~~~~~~~~~~~~
./include/linux/syscalls.h:195:18: warning: ‘sys_capset’ alias between functions of incompatible types ‘long int(struct __user_cap_header_struct *, struct __user_cap_data_struct * const)’ and ‘long int(long int,  long int)’ [-Wattribute-alias=]
  195 |  asmlinkage long sys##name(__MAP(x,__SC_DECL,__VA_ARGS__)) \
      |                  ^~~
./include/linux/syscalls.h:191:2: note: in expansion of macro ‘__SYSCALL_DEFINEx’
  191 |  __SYSCALL_DEFINEx(x, sname, __VA_ARGS__)
      |  ^~~~~~~~~~~~~~~~~
./include/linux/syscalls.h:183:36: note: in expansion of macro ‘SYSCALL_DEFINEx’
  183 | #define SYSCALL_DEFINE2(name, ...) SYSCALL_DEFINEx(2, _##name, __VA_ARGS__)
      |                                    ^~~~~~~~~~~~~~~
kernel/capability.c:223:1: note: in expansion of macro ‘SYSCALL_DEFINE2’
  223 | SYSCALL_DEFINE2(capset, cap_user_header_t, header, const cap_user_data_t, data)
      | ^~~~~~~~~~~~~~~
./include/linux/syscalls.h:199:18: note: aliased declaration here
  199 |  asmlinkage long SyS##name(__MAP(x,__SC_LONG,__VA_ARGS__)) \
      |                  ^~~
./include/linux/syscalls.h:191:2: note: in expansion of macro ‘__SYSCALL_DEFINEx’
  191 |  __SYSCALL_DEFINEx(x, sname, __VA_ARGS__)
      |  ^~~~~~~~~~~~~~~~~
./include/linux/syscalls.h:183:36: note: in expansion of macro ‘SYSCALL_DEFINEx’
  183 | #define SYSCALL_DEFINE2(name, ...) SYSCALL_DEFINEx(2, _##name, __VA_ARGS__)
      |                                    ^~~~~~~~~~~~~~~
kernel/capability.c:223:1: note: in expansion of macro ‘SYSCALL_DEFINE2’
  223 | SYSCALL_DEFINE2(capset, cap_user_header_t, header, const cap_user_data_t, data)
      | ^~~~~~~~~~~~~~~
  CC      kernel/ptrace.o
In file included from kernel/ptrace.c:23:
./include/linux/syscalls.h:195:18: warning: ‘sys_ptrace’ alias between functions of incompatible types ‘long int(long int,  long int,  long unsigned int,  long unsigned int)’ and ‘long int(long int,  long int,  long int,  long int)’ [-Wattribute-alias=]
  195 |  asmlinkage long sys##name(__MAP(x,__SC_DECL,__VA_ARGS__)) \
      |                  ^~~
./include/linux/syscalls.h:191:2: note: in expansion of macro ‘__SYSCALL_DEFINEx’
  191 |  __SYSCALL_DEFINEx(x, sname, __VA_ARGS__)
      |  ^~~~~~~~~~~~~~~~~
./include/linux/syscalls.h:185:36: note: in expansion of macro ‘SYSCALL_DEFINEx’
  185 | #define SYSCALL_DEFINE4(name, ...) SYSCALL_DEFINEx(4, _##name, __VA_ARGS__)
      |                                    ^~~~~~~~~~~~~~~
kernel/ptrace.c:1120:1: note: in expansion of macro ‘SYSCALL_DEFINE4’
 1120 | SYSCALL_DEFINE4(ptrace, long, request, long, pid, unsigned long, addr,
      | ^~~~~~~~~~~~~~~
./include/linux/syscalls.h:199:18: note: aliased declaration here
  199 |  asmlinkage long SyS##name(__MAP(x,__SC_LONG,__VA_ARGS__)) \
      |                  ^~~
./include/linux/syscalls.h:191:2: note: in expansion of macro ‘__SYSCALL_DEFINEx’
  191 |  __SYSCALL_DEFINEx(x, sname, __VA_ARGS__)
      |  ^~~~~~~~~~~~~~~~~
./include/linux/syscalls.h:185:36: note: in expansion of macro ‘SYSCALL_DEFINEx’
  185 | #define SYSCALL_DEFINE4(name, ...) SYSCALL_DEFINEx(4, _##name, __VA_ARGS__)
      |                                    ^~~~~~~~~~~~~~~
kernel/ptrace.c:1120:1: note: in expansion of macro ‘SYSCALL_DEFINE4’
 1120 | SYSCALL_DEFINE4(ptrace, long, request, long, pid, unsigned long, addr,
      | ^~~~~~~~~~~~~~~
  CC      kernel/user.o
  CC      kernel/signal.o
In file included from kernel/signal.c:22:
./include/linux/syscalls.h:195:18: warning: ‘sys_rt_sigprocmask’ alias between functions of incompatible types ‘long int(int,  sigset_t *, sigset_t *, size_t)’ {aka ‘long int(int,  struct <anonymous> *, struct <anonymous> *, unsigned int)’} and ‘long int(long int,  long int,  long int,  long int)’ [-Wattribute-alias=]
  195 |  asmlinkage long sys##name(__MAP(x,__SC_DECL,__VA_ARGS__)) \
      |                  ^~~
./include/linux/syscalls.h:191:2: note: in expansion of macro ‘__SYSCALL_DEFINEx’
  191 |  __SYSCALL_DEFINEx(x, sname, __VA_ARGS__)
      |  ^~~~~~~~~~~~~~~~~
./include/linux/syscalls.h:185:36: note: in expansion of macro ‘SYSCALL_DEFINEx’
  185 | #define SYSCALL_DEFINE4(name, ...) SYSCALL_DEFINEx(4, _##name, __VA_ARGS__)
      |                                    ^~~~~~~~~~~~~~~
kernel/signal.c:2545:1: note: in expansion of macro ‘SYSCALL_DEFINE4’
 2545 | SYSCALL_DEFINE4(rt_sigprocmask, int, how, sigset_t __user *, nset,
      | ^~~~~~~~~~~~~~~
./include/linux/syscalls.h:199:18: note: aliased declaration here
  199 |  asmlinkage long SyS##name(__MAP(x,__SC_LONG,__VA_ARGS__)) \
      |                  ^~~
./include/linux/syscalls.h:191:2: note: in expansion of macro ‘__SYSCALL_DEFINEx’
  191 |  __SYSCALL_DEFINEx(x, sname, __VA_ARGS__)
      |  ^~~~~~~~~~~~~~~~~
./include/linux/syscalls.h:185:36: note: in expansion of macro ‘SYSCALL_DEFINEx’
  185 | #define SYSCALL_DEFINE4(name, ...) SYSCALL_DEFINEx(4, _##name, __VA_ARGS__)
      |                                    ^~~~~~~~~~~~~~~
kernel/signal.c:2545:1: note: in expansion of macro ‘SYSCALL_DEFINE4’
 2545 | SYSCALL_DEFINE4(rt_sigprocmask, int, how, sigset_t __user *, nset,
      | ^~~~~~~~~~~~~~~
./include/linux/syscalls.h:195:18: warning: ‘sys_sigsuspend’ alias between functions of incompatible types ‘long int(int,  int,  old_sigset_t)’ {aka ‘long int(int,  int,  long unsigned int)’} and ‘long int(long int,  long int,  long int)’ [-Wattribute-alias=]
  195 |  asmlinkage long sys##name(__MAP(x,__SC_DECL,__VA_ARGS__)) \
      |                  ^~~
./include/linux/syscalls.h:191:2: note: in expansion of macro ‘__SYSCALL_DEFINEx’
  191 |  __SYSCALL_DEFINEx(x, sname, __VA_ARGS__)
      |  ^~~~~~~~~~~~~~~~~
./include/linux/syscalls.h:184:36: note: in expansion of macro ‘SYSCALL_DEFINEx’
  184 | #define SYSCALL_DEFINE3(name, ...) SYSCALL_DEFINEx(3, _##name, __VA_ARGS__)
      |                                    ^~~~~~~~~~~~~~~
kernel/signal.c:3596:1: note: in expansion of macro ‘SYSCALL_DEFINE3’
 3596 | SYSCALL_DEFINE3(sigsuspend, int, unused1, int, unused2, old_sigset_t, mask)
      | ^~~~~~~~~~~~~~~
./include/linux/syscalls.h:199:18: note: aliased declaration here
  199 |  asmlinkage long SyS##name(__MAP(x,__SC_LONG,__VA_ARGS__)) \
      |                  ^~~
./include/linux/syscalls.h:191:2: note: in expansion of macro ‘__SYSCALL_DEFINEx’
  191 |  __SYSCALL_DEFINEx(x, sname, __VA_ARGS__)
      |  ^~~~~~~~~~~~~~~~~
./include/linux/syscalls.h:184:36: note: in expansion of macro ‘SYSCALL_DEFINEx’
  184 | #define SYSCALL_DEFINE3(name, ...) SYSCALL_DEFINEx(3, _##name, __VA_ARGS__)
      |                                    ^~~~~~~~~~~~~~~
kernel/signal.c:3596:1: note: in expansion of macro ‘SYSCALL_DEFINE3’
 3596 | SYSCALL_DEFINE3(sigsuspend, int, unused1, int, unused2, old_sigset_t, mask)
      | ^~~~~~~~~~~~~~~
./include/linux/syscalls.h:195:18: warning: ‘sys_rt_sigsuspend’ alias between functions of incompatible types ‘long int(sigset_t *, size_t)’ {aka ‘long int(struct <anonymous> *, unsigned int)’} and ‘long int(long int,  long int)’ [-Wattribute-alias=]
  195 |  asmlinkage long sys##name(__MAP(x,__SC_DECL,__VA_ARGS__)) \
      |                  ^~~
./include/linux/syscalls.h:191:2: note: in expansion of macro ‘__SYSCALL_DEFINEx’
  191 |  __SYSCALL_DEFINEx(x, sname, __VA_ARGS__)
      |  ^~~~~~~~~~~~~~~~~
./include/linux/syscalls.h:183:36: note: in expansion of macro ‘SYSCALL_DEFINEx’
  183 | #define SYSCALL_DEFINE2(name, ...) SYSCALL_DEFINEx(2, _##name, __VA_ARGS__)
      |                                    ^~~~~~~~~~~~~~~
kernel/signal.c:3552:1: note: in expansion of macro ‘SYSCALL_DEFINE2’
 3552 | SYSCALL_DEFINE2(rt_sigsuspend, sigset_t __user *, unewset, size_t, sigsetsize)
      | ^~~~~~~~~~~~~~~
./include/linux/syscalls.h:199:18: note: aliased declaration here
  199 |  asmlinkage long SyS##name(__MAP(x,__SC_LONG,__VA_ARGS__)) \
      |                  ^~~
./include/linux/syscalls.h:191:2: note: in expansion of macro ‘__SYSCALL_DEFINEx’
  191 |  __SYSCALL_DEFINEx(x, sname, __VA_ARGS__)
      |  ^~~~~~~~~~~~~~~~~
./include/linux/syscalls.h:183:36: note: in expansion of macro ‘SYSCALL_DEFINEx’
  183 | #define SYSCALL_DEFINE2(name, ...) SYSCALL_DEFINEx(2, _##name, __VA_ARGS__)
      |                                    ^~~~~~~~~~~~~~~
kernel/signal.c:3552:1: note: in expansion of macro ‘SYSCALL_DEFINE2’
 3552 | SYSCALL_DEFINE2(rt_sigsuspend, sigset_t __user *, unewset, size_t, sigsetsize)
      | ^~~~~~~~~~~~~~~
./include/linux/syscalls.h:195:18: warning: ‘sys_sigaction’ alias between functions of incompatible types ‘long int(int,  const struct old_sigaction *, struct old_sigaction *)’ and ‘long int(long int,  long int,  long int)’ [-Wattribute-alias=]
  195 |  asmlinkage long sys##name(__MAP(x,__SC_DECL,__VA_ARGS__)) \
      |                  ^~~
./include/linux/syscalls.h:191:2: note: in expansion of macro ‘__SYSCALL_DEFINEx’
  191 |  __SYSCALL_DEFINEx(x, sname, __VA_ARGS__)
      |  ^~~~~~~~~~~~~~~~~
./include/linux/syscalls.h:184:36: note: in expansion of macro ‘SYSCALL_DEFINEx’
  184 | #define SYSCALL_DEFINE3(name, ...) SYSCALL_DEFINEx(3, _##name, __VA_ARGS__)
      |                                    ^~~~~~~~~~~~~~~
kernel/signal.c:3401:1: note: in expansion of macro ‘SYSCALL_DEFINE3’
 3401 | SYSCALL_DEFINE3(sigaction, int, sig,
      | ^~~~~~~~~~~~~~~
./include/linux/syscalls.h:199:18: note: aliased declaration here
  199 |  asmlinkage long SyS##name(__MAP(x,__SC_LONG,__VA_ARGS__)) \
      |                  ^~~
./include/linux/syscalls.h:191:2: note: in expansion of macro ‘__SYSCALL_DEFINEx’
  191 |  __SYSCALL_DEFINEx(x, sname, __VA_ARGS__)
      |  ^~~~~~~~~~~~~~~~~
./include/linux/syscalls.h:184:36: note: in expansion of macro ‘SYSCALL_DEFINEx’
  184 | #define SYSCALL_DEFINE3(name, ...) SYSCALL_DEFINEx(3, _##name, __VA_ARGS__)
      |                                    ^~~~~~~~~~~~~~~
kernel/signal.c:3401:1: note: in expansion of macro ‘SYSCALL_DEFINE3’
 3401 | SYSCALL_DEFINE3(sigaction, int, sig,
      | ^~~~~~~~~~~~~~~
./include/linux/syscalls.h:195:18: warning: ‘sys_rt_sigaction’ alias between functions of incompatible types ‘long int(int,  const struct sigaction *, struct sigaction *, size_t)’ {aka ‘long int(int,  const struct sigaction *, struct sigaction *, unsigned int)’} and ‘long int(long int,  long int,  long int,  long int)’ [-Wattribute-alias=]
  195 |  asmlinkage long sys##name(__MAP(x,__SC_DECL,__VA_ARGS__)) \
      |                  ^~~
./include/linux/syscalls.h:191:2: note: in expansion of macro ‘__SYSCALL_DEFINEx’
  191 |  __SYSCALL_DEFINEx(x, sname, __VA_ARGS__)
      |  ^~~~~~~~~~~~~~~~~
./include/linux/syscalls.h:185:36: note: in expansion of macro ‘SYSCALL_DEFINEx’
  185 | #define SYSCALL_DEFINE4(name, ...) SYSCALL_DEFINEx(4, _##name, __VA_ARGS__)
      |                                    ^~~~~~~~~~~~~~~
kernel/signal.c:3325:1: note: in expansion of macro ‘SYSCALL_DEFINE4’
 3325 | SYSCALL_DEFINE4(rt_sigaction, int, sig,
      | ^~~~~~~~~~~~~~~
./include/linux/syscalls.h:199:18: note: aliased declaration here
  199 |  asmlinkage long SyS##name(__MAP(x,__SC_LONG,__VA_ARGS__)) \
      |                  ^~~
./include/linux/syscalls.h:191:2: note: in expansion of macro ‘__SYSCALL_DEFINEx’
  191 |  __SYSCALL_DEFINEx(x, sname, __VA_ARGS__)
      |  ^~~~~~~~~~~~~~~~~
./include/linux/syscalls.h:185:36: note: in expansion of macro ‘SYSCALL_DEFINEx’
  185 | #define SYSCALL_DEFINE4(name, ...) SYSCALL_DEFINEx(4, _##name, __VA_ARGS__)
      |                                    ^~~~~~~~~~~~~~~
kernel/signal.c:3325:1: note: in expansion of macro ‘SYSCALL_DEFINE4’
 3325 | SYSCALL_DEFINE4(rt_sigaction, int, sig,
      | ^~~~~~~~~~~~~~~
./include/linux/syscalls.h:195:18: warning: ‘sys_sigprocmask’ alias between functions of incompatible types ‘long int(int,  old_sigset_t *, old_sigset_t *)’ {aka ‘long int(int,  long unsigned int *, long unsigned int *)’} and ‘long int(long int,  long int,  long int)’ [-Wattribute-alias=]
  195 |  asmlinkage long sys##name(__MAP(x,__SC_DECL,__VA_ARGS__)) \
      |                  ^~~
./include/linux/syscalls.h:191:2: note: in expansion of macro ‘__SYSCALL_DEFINEx’
  191 |  __SYSCALL_DEFINEx(x, sname, __VA_ARGS__)
      |  ^~~~~~~~~~~~~~~~~
./include/linux/syscalls.h:184:36: note: in expansion of macro ‘SYSCALL_DEFINEx’
  184 | #define SYSCALL_DEFINE3(name, ...) SYSCALL_DEFINEx(3, _##name, __VA_ARGS__)
      |                                    ^~~~~~~~~~~~~~~
kernel/signal.c:3277:1: note: in expansion of macro ‘SYSCALL_DEFINE3’
 3277 | SYSCALL_DEFINE3(sigprocmask, int, how, old_sigset_t __user *, nset,
      | ^~~~~~~~~~~~~~~
./include/linux/syscalls.h:199:18: note: aliased declaration here
  199 |  asmlinkage long SyS##name(__MAP(x,__SC_LONG,__VA_ARGS__)) \
      |                  ^~~
./include/linux/syscalls.h:191:2: note: in expansion of macro ‘__SYSCALL_DEFINEx’
  191 |  __SYSCALL_DEFINEx(x, sname, __VA_ARGS__)
      |  ^~~~~~~~~~~~~~~~~
./include/linux/syscalls.h:184:36: note: in expansion of macro ‘SYSCALL_DEFINEx’
  184 | #define SYSCALL_DEFINE3(name, ...) SYSCALL_DEFINEx(3, _##name, __VA_ARGS__)
      |                                    ^~~~~~~~~~~~~~~
kernel/signal.c:3277:1: note: in expansion of macro ‘SYSCALL_DEFINE3’
 3277 | SYSCALL_DEFINE3(sigprocmask, int, how, old_sigset_t __user *, nset,
      | ^~~~~~~~~~~~~~~
./include/linux/syscalls.h:195:18: warning: ‘sys_sigpending’ alias between functions of incompatible types ‘long int(old_sigset_t *)’ {aka ‘long int(long unsigned int *)’} and ‘long int(long int)’ [-Wattribute-alias=]
  195 |  asmlinkage long sys##name(__MAP(x,__SC_DECL,__VA_ARGS__)) \
      |                  ^~~
./include/linux/syscalls.h:191:2: note: in expansion of macro ‘__SYSCALL_DEFINEx’
  191 |  __SYSCALL_DEFINEx(x, sname, __VA_ARGS__)
      |  ^~~~~~~~~~~~~~~~~
./include/linux/syscalls.h:182:36: note: in expansion of macro ‘SYSCALL_DEFINEx’
  182 | #define SYSCALL_DEFINE1(name, ...) SYSCALL_DEFINEx(1, _##name, __VA_ARGS__)
      |                                    ^~~~~~~~~~~~~~~
kernel/signal.c:3259:1: note: in expansion of macro ‘SYSCALL_DEFINE1’
 3259 | SYSCALL_DEFINE1(sigpending, old_sigset_t __user *, set)
      | ^~~~~~~~~~~~~~~
./include/linux/syscalls.h:199:18: note: aliased declaration here
  199 |  asmlinkage long SyS##name(__MAP(x,__SC_LONG,__VA_ARGS__)) \
      |                  ^~~
./include/linux/syscalls.h:191:2: note: in expansion of macro ‘__SYSCALL_DEFINEx’
  191 |  __SYSCALL_DEFINEx(x, sname, __VA_ARGS__)
      |  ^~~~~~~~~~~~~~~~~
./include/linux/syscalls.h:182:36: note: in expansion of macro ‘SYSCALL_DEFINEx’
  182 | #define SYSCALL_DEFINE1(name, ...) SYSCALL_DEFINEx(1, _##name, __VA_ARGS__)
      |                                    ^~~~~~~~~~~~~~~
kernel/signal.c:3259:1: note: in expansion of macro ‘SYSCALL_DEFINE1’
 3259 | SYSCALL_DEFINE1(sigpending, old_sigset_t __user *, set)
      | ^~~~~~~~~~~~~~~
./include/linux/syscalls.h:195:18: warning: ‘sys_sigaltstack’ alias between functions of incompatible types ‘long int(const stack_t *, stack_t *)’ {aka ‘long int(const struct sigaltstack *, struct sigaltstack *)’} and ‘long int(long int,  long int)’ [-Wattribute-alias=]
  195 |  asmlinkage long sys##name(__MAP(x,__SC_DECL,__VA_ARGS__)) \
      |                  ^~~
./include/linux/syscalls.h:191:2: note: in expansion of macro ‘__SYSCALL_DEFINEx’
  191 |  __SYSCALL_DEFINEx(x, sname, __VA_ARGS__)
      |  ^~~~~~~~~~~~~~~~~
./include/linux/syscalls.h:183:36: note: in expansion of macro ‘SYSCALL_DEFINEx’
  183 | #define SYSCALL_DEFINE2(name, ...) SYSCALL_DEFINEx(2, _##name, __VA_ARGS__)
      |                                    ^~~~~~~~~~~~~~~
kernel/signal.c:3170:1: note: in expansion of macro ‘SYSCALL_DEFINE2’
 3170 | SYSCALL_DEFINE2(sigaltstack,const stack_t __user *,uss, stack_t __user *,uoss)
      | ^~~~~~~~~~~~~~~
./include/linux/syscalls.h:199:18: note: aliased declaration here
  199 |  asmlinkage long SyS##name(__MAP(x,__SC_LONG,__VA_ARGS__)) \
      |                  ^~~
./include/linux/syscalls.h:191:2: note: in expansion of macro ‘__SYSCALL_DEFINEx’
  191 |  __SYSCALL_DEFINEx(x, sname, __VA_ARGS__)
      |  ^~~~~~~~~~~~~~~~~
./include/linux/syscalls.h:183:36: note: in expansion of macro ‘SYSCALL_DEFINEx’
  183 | #define SYSCALL_DEFINE2(name, ...) SYSCALL_DEFINEx(2, _##name, __VA_ARGS__)
      |                                    ^~~~~~~~~~~~~~~
kernel/signal.c:3170:1: note: in expansion of macro ‘SYSCALL_DEFINE2’
 3170 | SYSCALL_DEFINE2(sigaltstack,const stack_t __user *,uss, stack_t __user *,uoss)
      | ^~~~~~~~~~~~~~~
./include/linux/syscalls.h:195:18: warning: ‘sys_rt_tgsigqueueinfo’ alias between functions of incompatible types ‘long int(pid_t,  pid_t,  int,  siginfo_t *)’ {aka ‘long int(int,  int,  int,  struct siginfo *)’} and ‘long int(long int,  long int,  long int,  long int)’ [-Wattribute-alias=]
  195 |  asmlinkage long sys##name(__MAP(x,__SC_DECL,__VA_ARGS__)) \
      |                  ^~~
./include/linux/syscalls.h:191:2: note: in expansion of macro ‘__SYSCALL_DEFINEx’
  191 |  __SYSCALL_DEFINEx(x, sname, __VA_ARGS__)
      |  ^~~~~~~~~~~~~~~~~
./include/linux/syscalls.h:185:36: note: in expansion of macro ‘SYSCALL_DEFINEx’
  185 | #define SYSCALL_DEFINE4(name, ...) SYSCALL_DEFINEx(4, _##name, __VA_ARGS__)
      |                                    ^~~~~~~~~~~~~~~
kernel/signal.c:3010:1: note: in expansion of macro ‘SYSCALL_DEFINE4’
 3010 | SYSCALL_DEFINE4(rt_tgsigqueueinfo, pid_t, tgid, pid_t, pid, int, sig,
      | ^~~~~~~~~~~~~~~
./include/linux/syscalls.h:199:18: note: aliased declaration here
  199 |  asmlinkage long SyS##name(__MAP(x,__SC_LONG,__VA_ARGS__)) \
      |                  ^~~
./include/linux/syscalls.h:191:2: note: in expansion of macro ‘__SYSCALL_DEFINEx’
  191 |  __SYSCALL_DEFINEx(x, sname, __VA_ARGS__)
      |  ^~~~~~~~~~~~~~~~~
./include/linux/syscalls.h:185:36: note: in expansion of macro ‘SYSCALL_DEFINEx’
  185 | #define SYSCALL_DEFINE4(name, ...) SYSCALL_DEFINEx(4, _##name, __VA_ARGS__)
      |                                    ^~~~~~~~~~~~~~~
kernel/signal.c:3010:1: note: in expansion of macro ‘SYSCALL_DEFINE4’
 3010 | SYSCALL_DEFINE4(rt_tgsigqueueinfo, pid_t, tgid, pid_t, pid, int, sig,
      | ^~~~~~~~~~~~~~~
./include/linux/syscalls.h:195:18: warning: ‘sys_rt_sigqueueinfo’ alias between functions of incompatible types ‘long int(pid_t,  int,  siginfo_t *)’ {aka ‘long int(int,  int,  struct siginfo *)’} and ‘long int(long int,  long int,  long int)’ [-Wattribute-alias=]
  195 |  asmlinkage long sys##name(__MAP(x,__SC_DECL,__VA_ARGS__)) \
      |                  ^~~
./include/linux/syscalls.h:191:2: note: in expansion of macro ‘__SYSCALL_DEFINEx’
  191 |  __SYSCALL_DEFINEx(x, sname, __VA_ARGS__)
      |  ^~~~~~~~~~~~~~~~~
./include/linux/syscalls.h:184:36: note: in expansion of macro ‘SYSCALL_DEFINEx’
  184 | #define SYSCALL_DEFINE3(name, ...) SYSCALL_DEFINEx(3, _##name, __VA_ARGS__)
      |                                    ^~~~~~~~~~~~~~~
kernel/signal.c:2969:1: note: in expansion of macro ‘SYSCALL_DEFINE3’
 2969 | SYSCALL_DEFINE3(rt_sigqueueinfo, pid_t, pid, int, sig,
      | ^~~~~~~~~~~~~~~
./include/linux/syscalls.h:199:18: note: aliased declaration here
  199 |  asmlinkage long SyS##name(__MAP(x,__SC_LONG,__VA_ARGS__)) \
      |                  ^~~
./include/linux/syscalls.h:191:2: note: in expansion of macro ‘__SYSCALL_DEFINEx’
  191 |  __SYSCALL_DEFINEx(x, sname, __VA_ARGS__)
      |  ^~~~~~~~~~~~~~~~~
./include/linux/syscalls.h:184:36: note: in expansion of macro ‘SYSCALL_DEFINEx’
  184 | #define SYSCALL_DEFINE3(name, ...) SYSCALL_DEFINEx(3, _##name, __VA_ARGS__)
      |                                    ^~~~~~~~~~~~~~~
kernel/signal.c:2969:1: note: in expansion of macro ‘SYSCALL_DEFINE3’
 2969 | SYSCALL_DEFINE3(rt_sigqueueinfo, pid_t, pid, int, sig,
      | ^~~~~~~~~~~~~~~
./include/linux/syscalls.h:195:18: warning: ‘sys_rt_sigtimedwait’ alias between functions of incompatible types ‘long int(const sigset_t *, siginfo_t *, const struct timespec *, size_t)’ {aka ‘long int(const struct <anonymous> *, struct siginfo *, const struct timespec *, unsigned int)’} and ‘long int(long int,  long int,  long int,  long int)’ [-Wattribute-alias=]
  195 |  asmlinkage long sys##name(__MAP(x,__SC_DECL,__VA_ARGS__)) \
      |                  ^~~
./include/linux/syscalls.h:191:2: note: in expansion of macro ‘__SYSCALL_DEFINEx’
  191 |  __SYSCALL_DEFINEx(x, sname, __VA_ARGS__)
      |  ^~~~~~~~~~~~~~~~~
./include/linux/syscalls.h:185:36: note: in expansion of macro ‘SYSCALL_DEFINEx’
  185 | #define SYSCALL_DEFINE4(name, ...) SYSCALL_DEFINEx(4, _##name, __VA_ARGS__)
      |                                    ^~~~~~~~~~~~~~~
kernel/signal.c:2821:1: note: in expansion of macro ‘SYSCALL_DEFINE4’
 2821 | SYSCALL_DEFINE4(rt_sigtimedwait, const sigset_t __user *, uthese,
      | ^~~~~~~~~~~~~~~
./include/linux/syscalls.h:199:18: note: aliased declaration here
  199 |  asmlinkage long SyS##name(__MAP(x,__SC_LONG,__VA_ARGS__)) \
      |                  ^~~
./include/linux/syscalls.h:191:2: note: in expansion of macro ‘__SYSCALL_DEFINEx’
  191 |  __SYSCALL_DEFINEx(x, sname, __VA_ARGS__)
      |  ^~~~~~~~~~~~~~~~~
./include/linux/syscalls.h:185:36: note: in expansion of macro ‘SYSCALL_DEFINEx’
  185 | #define SYSCALL_DEFINE4(name, ...) SYSCALL_DEFINEx(4, _##name, __VA_ARGS__)
      |                                    ^~~~~~~~~~~~~~~
kernel/signal.c:2821:1: note: in expansion of macro ‘SYSCALL_DEFINE4’
 2821 | SYSCALL_DEFINE4(rt_sigtimedwait, const sigset_t __user *, uthese,
      | ^~~~~~~~~~~~~~~
./include/linux/syscalls.h:195:18: warning: ‘sys_rt_sigpending’ alias between functions of incompatible types ‘long int(sigset_t *, size_t)’ {aka ‘long int(struct <anonymous> *, unsigned int)’} and ‘long int(long int,  long int)’ [-Wattribute-alias=]
  195 |  asmlinkage long sys##name(__MAP(x,__SC_DECL,__VA_ARGS__)) \
      |                  ^~~
./include/linux/syscalls.h:191:2: note: in expansion of macro ‘__SYSCALL_DEFINEx’
  191 |  __SYSCALL_DEFINEx(x, sname, __VA_ARGS__)
      |  ^~~~~~~~~~~~~~~~~
./include/linux/syscalls.h:183:36: note: in expansion of macro ‘SYSCALL_DEFINEx’
  183 | #define SYSCALL_DEFINE2(name, ...) SYSCALL_DEFINEx(2, _##name, __VA_ARGS__)
      |                                    ^~~~~~~~~~~~~~~
kernel/signal.c:2635:1: note: in expansion of macro ‘SYSCALL_DEFINE2’
 2635 | SYSCALL_DEFINE2(rt_sigpending, sigset_t __user *, uset, size_t, sigsetsize)
      | ^~~~~~~~~~~~~~~
./include/linux/syscalls.h:199:18: note: aliased declaration here
  199 |  asmlinkage long SyS##name(__MAP(x,__SC_LONG,__VA_ARGS__)) \
      |                  ^~~
./include/linux/syscalls.h:191:2: note: in expansion of macro ‘__SYSCALL_DEFINEx’
  191 |  __SYSCALL_DEFINEx(x, sname, __VA_ARGS__)
      |  ^~~~~~~~~~~~~~~~~
./include/linux/syscalls.h:183:36: note: in expansion of macro ‘SYSCALL_DEFINEx’
  183 | #define SYSCALL_DEFINE2(name, ...) SYSCALL_DEFINEx(2, _##name, __VA_ARGS__)
      |                                    ^~~~~~~~~~~~~~~
kernel/signal.c:2635:1: note: in expansion of macro ‘SYSCALL_DEFINE2’
 2635 | SYSCALL_DEFINE2(rt_sigpending, sigset_t __user *, uset, size_t, sigsetsize)
      | ^~~~~~~~~~~~~~~
  CC      kernel/sys.o
In file included from kernel/sys.c:46:
./include/linux/syscalls.h:195:18: warning: ‘sys_sysinfo’ alias between functions of incompatible types ‘long int(struct sysinfo *)’ and ‘long int(long int)’ [-Wattribute-alias=]
  195 |  asmlinkage long sys##name(__MAP(x,__SC_DECL,__VA_ARGS__)) \
      |                  ^~~
./include/linux/syscalls.h:191:2: note: in expansion of macro ‘__SYSCALL_DEFINEx’
  191 |  __SYSCALL_DEFINEx(x, sname, __VA_ARGS__)
      |  ^~~~~~~~~~~~~~~~~
./include/linux/syscalls.h:182:36: note: in expansion of macro ‘SYSCALL_DEFINEx’
  182 | #define SYSCALL_DEFINE1(name, ...) SYSCALL_DEFINEx(1, _##name, __VA_ARGS__)
      |                                    ^~~~~~~~~~~~~~~
kernel/sys.c:2359:1: note: in expansion of macro ‘SYSCALL_DEFINE1’
 2359 | SYSCALL_DEFINE1(sysinfo, struct sysinfo __user *, info)
      | ^~~~~~~~~~~~~~~
./include/linux/syscalls.h:199:18: note: aliased declaration here
  199 |  asmlinkage long SyS##name(__MAP(x,__SC_LONG,__VA_ARGS__)) \
      |                  ^~~
./include/linux/syscalls.h:191:2: note: in expansion of macro ‘__SYSCALL_DEFINEx’
  191 |  __SYSCALL_DEFINEx(x, sname, __VA_ARGS__)
      |  ^~~~~~~~~~~~~~~~~
./include/linux/syscalls.h:182:36: note: in expansion of macro ‘SYSCALL_DEFINEx’
  182 | #define SYSCALL_DEFINE1(name, ...) SYSCALL_DEFINEx(1, _##name, __VA_ARGS__)
      |                                    ^~~~~~~~~~~~~~~
kernel/sys.c:2359:1: note: in expansion of macro ‘SYSCALL_DEFINE1’
 2359 | SYSCALL_DEFINE1(sysinfo, struct sysinfo __user *, info)
      | ^~~~~~~~~~~~~~~
./include/linux/syscalls.h:195:18: warning: ‘sys_getcpu’ alias between functions of incompatible types ‘long int(unsigned int *, unsigned int *, struct getcpu_cache *)’ and ‘long int(long int,  long int,  long int)’ [-Wattribute-alias=]
  195 |  asmlinkage long sys##name(__MAP(x,__SC_DECL,__VA_ARGS__)) \
      |                  ^~~
./include/linux/syscalls.h:191:2: note: in expansion of macro ‘__SYSCALL_DEFINEx’
  191 |  __SYSCALL_DEFINEx(x, sname, __VA_ARGS__)
      |  ^~~~~~~~~~~~~~~~~
./include/linux/syscalls.h:184:36: note: in expansion of macro ‘SYSCALL_DEFINEx’
  184 | #define SYSCALL_DEFINE3(name, ...) SYSCALL_DEFINEx(3, _##name, __VA_ARGS__)
      |                                    ^~~~~~~~~~~~~~~
kernel/sys.c:2280:1: note: in expansion of macro ‘SYSCALL_DEFINE3’
 2280 | SYSCALL_DEFINE3(getcpu, unsigned __user *, cpup, unsigned __user *, nodep,
      | ^~~~~~~~~~~~~~~
./include/linux/syscalls.h:199:18: note: aliased declaration here
  199 |  asmlinkage long SyS##name(__MAP(x,__SC_LONG,__VA_ARGS__)) \
      |                  ^~~
./include/linux/syscalls.h:191:2: note: in expansion of macro ‘__SYSCALL_DEFINEx’
  191 |  __SYSCALL_DEFINEx(x, sname, __VA_ARGS__)
      |  ^~~~~~~~~~~~~~~~~
./include/linux/syscalls.h:184:36: note: in expansion of macro ‘SYSCALL_DEFINEx’
  184 | #define SYSCALL_DEFINE3(name, ...) SYSCALL_DEFINEx(3, _##name, __VA_ARGS__)
      |                                    ^~~~~~~~~~~~~~~
kernel/sys.c:2280:1: note: in expansion of macro ‘SYSCALL_DEFINE3’
 2280 | SYSCALL_DEFINE3(getcpu, unsigned __user *, cpup, unsigned __user *, nodep,
      | ^~~~~~~~~~~~~~~
./include/linux/syscalls.h:195:18: warning: ‘sys_prctl’ alias between functions of incompatible types ‘long int(int,  long unsigned int,  long unsigned int,  long unsigned int,  long unsigned int)’ and ‘long int(long int,  long int,  long int,  long int,  long int)’ [-Wattribute-alias=]
  195 |  asmlinkage long sys##name(__MAP(x,__SC_DECL,__VA_ARGS__)) \
      |                  ^~~
./include/linux/syscalls.h:191:2: note: in expansion of macro ‘__SYSCALL_DEFINEx’
  191 |  __SYSCALL_DEFINEx(x, sname, __VA_ARGS__)
      |  ^~~~~~~~~~~~~~~~~
./include/linux/syscalls.h:186:36: note: in expansion of macro ‘SYSCALL_DEFINEx’
  186 | #define SYSCALL_DEFINE5(name, ...) SYSCALL_DEFINEx(5, _##name, __VA_ARGS__)
      |                                    ^~~~~~~~~~~~~~~
kernel/sys.c:2075:1: note: in expansion of macro ‘SYSCALL_DEFINE5’
 2075 | SYSCALL_DEFINE5(prctl, int, option, unsigned long, arg2, unsigned long, arg3,
      | ^~~~~~~~~~~~~~~
./include/linux/syscalls.h:199:18: note: aliased declaration here
  199 |  asmlinkage long SyS##name(__MAP(x,__SC_LONG,__VA_ARGS__)) \
      |                  ^~~
./include/linux/syscalls.h:191:2: note: in expansion of macro ‘__SYSCALL_DEFINEx’
  191 |  __SYSCALL_DEFINEx(x, sname, __VA_ARGS__)
      |  ^~~~~~~~~~~~~~~~~
./include/linux/syscalls.h:186:36: note: in expansion of macro ‘SYSCALL_DEFINEx’
  186 | #define SYSCALL_DEFINE5(name, ...) SYSCALL_DEFINEx(5, _##name, __VA_ARGS__)
      |                                    ^~~~~~~~~~~~~~~
kernel/sys.c:2075:1: note: in expansion of macro ‘SYSCALL_DEFINE5’
 2075 | SYSCALL_DEFINE5(prctl, int, option, unsigned long, arg2, unsigned long, arg3,
      | ^~~~~~~~~~~~~~~
./include/linux/syscalls.h:195:18: warning: ‘sys_getrusage’ alias between functions of incompatible types ‘long int(int,  struct rusage *)’ and ‘long int(long int,  long int)’ [-Wattribute-alias=]
  195 |  asmlinkage long sys##name(__MAP(x,__SC_DECL,__VA_ARGS__)) \
      |                  ^~~
./include/linux/syscalls.h:191:2: note: in expansion of macro ‘__SYSCALL_DEFINEx’
  191 |  __SYSCALL_DEFINEx(x, sname, __VA_ARGS__)
      |  ^~~~~~~~~~~~~~~~~
./include/linux/syscalls.h:183:36: note: in expansion of macro ‘SYSCALL_DEFINEx’
  183 | #define SYSCALL_DEFINE2(name, ...) SYSCALL_DEFINEx(2, _##name, __VA_ARGS__)
      |                                    ^~~~~~~~~~~~~~~
kernel/sys.c:1624:1: note: in expansion of macro ‘SYSCALL_DEFINE2’
 1624 | SYSCALL_DEFINE2(getrusage, int, who, struct rusage __user *, ru)
      | ^~~~~~~~~~~~~~~
./include/linux/syscalls.h:199:18: note: aliased declaration here
  199 |  asmlinkage long SyS##name(__MAP(x,__SC_LONG,__VA_ARGS__)) \
      |                  ^~~
./include/linux/syscalls.h:191:2: note: in expansion of macro ‘__SYSCALL_DEFINEx’
  191 |  __SYSCALL_DEFINEx(x, sname, __VA_ARGS__)
      |  ^~~~~~~~~~~~~~~~~
./include/linux/syscalls.h:183:36: note: in expansion of macro ‘SYSCALL_DEFINEx’
  183 | #define SYSCALL_DEFINE2(name, ...) SYSCALL_DEFINEx(2, _##name, __VA_ARGS__)
      |                                    ^~~~~~~~~~~~~~~
kernel/sys.c:1624:1: note: in expansion of macro ‘SYSCALL_DEFINE2’
 1624 | SYSCALL_DEFINE2(getrusage, int, who, struct rusage __user *, ru)
      | ^~~~~~~~~~~~~~~
./include/linux/syscalls.h:195:18: warning: ‘sys_setrlimit’ alias between functions of incompatible types ‘long int(unsigned int,  struct rlimit *)’ and ‘long int(long int,  long int)’ [-Wattribute-alias=]
  195 |  asmlinkage long sys##name(__MAP(x,__SC_DECL,__VA_ARGS__)) \
      |                  ^~~
./include/linux/syscalls.h:191:2: note: in expansion of macro ‘__SYSCALL_DEFINEx’
  191 |  __SYSCALL_DEFINEx(x, sname, __VA_ARGS__)
      |  ^~~~~~~~~~~~~~~~~
./include/linux/syscalls.h:183:36: note: in expansion of macro ‘SYSCALL_DEFINEx’
  183 | #define SYSCALL_DEFINE2(name, ...) SYSCALL_DEFINEx(2, _##name, __VA_ARGS__)
      |                                    ^~~~~~~~~~~~~~~
kernel/sys.c:1490:1: note: in expansion of macro ‘SYSCALL_DEFINE2’
 1490 | SYSCALL_DEFINE2(setrlimit, unsigned int, resource, struct rlimit __user *, rlim)
      | ^~~~~~~~~~~~~~~
./include/linux/syscalls.h:199:18: note: aliased declaration here
  199 |  asmlinkage long SyS##name(__MAP(x,__SC_LONG,__VA_ARGS__)) \
      |                  ^~~
./include/linux/syscalls.h:191:2: note: in expansion of macro ‘__SYSCALL_DEFINEx’
  191 |  __SYSCALL_DEFINEx(x, sname, __VA_ARGS__)
      |  ^~~~~~~~~~~~~~~~~
./include/linux/syscalls.h:183:36: note: in expansion of macro ‘SYSCALL_DEFINEx’
  183 | #define SYSCALL_DEFINE2(name, ...) SYSCALL_DEFINEx(2, _##name, __VA_ARGS__)
      |                                    ^~~~~~~~~~~~~~~
kernel/sys.c:1490:1: note: in expansion of macro ‘SYSCALL_DEFINE2’
 1490 | SYSCALL_DEFINE2(setrlimit, unsigned int, resource, struct rlimit __user *, rlim)
      | ^~~~~~~~~~~~~~~
./include/linux/syscalls.h:195:18: warning: ‘sys_prlimit64’ alias between functions of incompatible types ‘long int(pid_t,  unsigned int,  const struct rlimit64 *, struct rlimit64 *)’ {aka ‘long int(int,  unsigned int,  const struct rlimit64 *, struct rlimit64 *)’} and ‘long int(long int,  long int,  long int,  long int)’ [-Wattribute-alias=]
  195 |  asmlinkage long sys##name(__MAP(x,__SC_DECL,__VA_ARGS__)) \
      |                  ^~~
./include/linux/syscalls.h:191:2: note: in expansion of macro ‘__SYSCALL_DEFINEx’
  191 |  __SYSCALL_DEFINEx(x, sname, __VA_ARGS__)
      |  ^~~~~~~~~~~~~~~~~
./include/linux/syscalls.h:185:36: note: in expansion of macro ‘SYSCALL_DEFINEx’
  185 | #define SYSCALL_DEFINE4(name, ...) SYSCALL_DEFINEx(4, _##name, __VA_ARGS__)
      |                                    ^~~~~~~~~~~~~~~
kernel/sys.c:1448:1: note: in expansion of macro ‘SYSCALL_DEFINE4’
 1448 | SYSCALL_DEFINE4(prlimit64, pid_t, pid, unsigned int, resource,
      | ^~~~~~~~~~~~~~~
./include/linux/syscalls.h:199:18: note: aliased declaration here
  199 |  asmlinkage long SyS##name(__MAP(x,__SC_LONG,__VA_ARGS__)) \
      |                  ^~~
./include/linux/syscalls.h:191:2: note: in expansion of macro ‘__SYSCALL_DEFINEx’
  191 |  __SYSCALL_DEFINEx(x, sname, __VA_ARGS__)
      |  ^~~~~~~~~~~~~~~~~
./include/linux/syscalls.h:185:36: note: in expansion of macro ‘SYSCALL_DEFINEx’
  185 | #define SYSCALL_DEFINE4(name, ...) SYSCALL_DEFINEx(4, _##name, __VA_ARGS__)
      |                                    ^~~~~~~~~~~~~~~
kernel/sys.c:1448:1: note: in expansion of macro ‘SYSCALL_DEFINE4’
 1448 | SYSCALL_DEFINE4(prlimit64, pid_t, pid, unsigned int, resource,
      | ^~~~~~~~~~~~~~~
./include/linux/syscalls.h:195:18: warning: ‘sys_getrlimit’ alias between functions of incompatible types ‘long int(unsigned int,  struct rlimit *)’ and ‘long int(long int,  long int)’ [-Wattribute-alias=]
  195 |  asmlinkage long sys##name(__MAP(x,__SC_DECL,__VA_ARGS__)) \
      |                  ^~~
./include/linux/syscalls.h:191:2: note: in expansion of macro ‘__SYSCALL_DEFINEx’
  191 |  __SYSCALL_DEFINEx(x, sname, __VA_ARGS__)
      |  ^~~~~~~~~~~~~~~~~
./include/linux/syscalls.h:183:36: note: in expansion of macro ‘SYSCALL_DEFINEx’
  183 | #define SYSCALL_DEFINE2(name, ...) SYSCALL_DEFINEx(2, _##name, __VA_ARGS__)
      |                                    ^~~~~~~~~~~~~~~
kernel/sys.c:1290:1: note: in expansion of macro ‘SYSCALL_DEFINE2’
 1290 | SYSCALL_DEFINE2(getrlimit, unsigned int, resource, struct rlimit __user *, rlim)
      | ^~~~~~~~~~~~~~~
./include/linux/syscalls.h:199:18: note: aliased declaration here
  199 |  asmlinkage long SyS##name(__MAP(x,__SC_LONG,__VA_ARGS__)) \
      |                  ^~~
./include/linux/syscalls.h:191:2: note: in expansion of macro ‘__SYSCALL_DEFINEx’
  191 |  __SYSCALL_DEFINEx(x, sname, __VA_ARGS__)
      |  ^~~~~~~~~~~~~~~~~
./include/linux/syscalls.h:183:36: note: in expansion of macro ‘SYSCALL_DEFINEx’
  183 | #define SYSCALL_DEFINE2(name, ...) SYSCALL_DEFINEx(2, _##name, __VA_ARGS__)
      |                                    ^~~~~~~~~~~~~~~
kernel/sys.c:1290:1: note: in expansion of macro ‘SYSCALL_DEFINE2’
 1290 | SYSCALL_DEFINE2(getrlimit, unsigned int, resource, struct rlimit __user *, rlim)
      | ^~~~~~~~~~~~~~~
./include/linux/syscalls.h:195:18: warning: ‘sys_setdomainname’ alias between functions of incompatible types ‘long int(char *, int)’ and ‘long int(long int,  long int)’ [-Wattribute-alias=]
  195 |  asmlinkage long sys##name(__MAP(x,__SC_DECL,__VA_ARGS__)) \
      |                  ^~~
./include/linux/syscalls.h:191:2: note: in expansion of macro ‘__SYSCALL_DEFINEx’
  191 |  __SYSCALL_DEFINEx(x, sname, __VA_ARGS__)
      |  ^~~~~~~~~~~~~~~~~
./include/linux/syscalls.h:183:36: note: in expansion of macro ‘SYSCALL_DEFINEx’
  183 | #define SYSCALL_DEFINE2(name, ...) SYSCALL_DEFINEx(2, _##name, __VA_ARGS__)
      |                                    ^~~~~~~~~~~~~~~
kernel/sys.c:1266:1: note: in expansion of macro ‘SYSCALL_DEFINE2’
 1266 | SYSCALL_DEFINE2(setdomainname, char __user *, name, int, len)
      | ^~~~~~~~~~~~~~~
./include/linux/syscalls.h:199:18: note: aliased declaration here
  199 |  asmlinkage long SyS##name(__MAP(x,__SC_LONG,__VA_ARGS__)) \
      |                  ^~~
./include/linux/syscalls.h:191:2: note: in expansion of macro ‘__SYSCALL_DEFINEx’
  191 |  __SYSCALL_DEFINEx(x, sname, __VA_ARGS__)
      |  ^~~~~~~~~~~~~~~~~
./include/linux/syscalls.h:183:36: note: in expansion of macro ‘SYSCALL_DEFINEx’
  183 | #define SYSCALL_DEFINE2(name, ...) SYSCALL_DEFINEx(2, _##name, __VA_ARGS__)
      |                                    ^~~~~~~~~~~~~~~
kernel/sys.c:1266:1: note: in expansion of macro ‘SYSCALL_DEFINE2’
 1266 | SYSCALL_DEFINE2(setdomainname, char __user *, name, int, len)
      | ^~~~~~~~~~~~~~~
./include/linux/syscalls.h:195:18: warning: ‘sys_gethostname’ alias between functions of incompatible types ‘long int(char *, int)’ and ‘long int(long int,  long int)’ [-Wattribute-alias=]
  195 |  asmlinkage long sys##name(__MAP(x,__SC_DECL,__VA_ARGS__)) \
      |                  ^~~
./include/linux/syscalls.h:191:2: note: in expansion of macro ‘__SYSCALL_DEFINEx’
  191 |  __SYSCALL_DEFINEx(x, sname, __VA_ARGS__)
      |  ^~~~~~~~~~~~~~~~~
./include/linux/syscalls.h:183:36: note: in expansion of macro ‘SYSCALL_DEFINEx’
  183 | #define SYSCALL_DEFINE2(name, ...) SYSCALL_DEFINEx(2, _##name, __VA_ARGS__)
      |                                    ^~~~~~~~~~~~~~~
kernel/sys.c:1241:1: note: in expansion of macro ‘SYSCALL_DEFINE2’
 1241 | SYSCALL_DEFINE2(gethostname, char __user *, name, int, len)
      | ^~~~~~~~~~~~~~~
./include/linux/syscalls.h:199:18: note: aliased declaration here
  199 |  asmlinkage long SyS##name(__MAP(x,__SC_LONG,__VA_ARGS__)) \
      |                  ^~~
./include/linux/syscalls.h:191:2: note: in expansion of macro ‘__SYSCALL_DEFINEx’
  191 |  __SYSCALL_DEFINEx(x, sname, __VA_ARGS__)
      |  ^~~~~~~~~~~~~~~~~
./include/linux/syscalls.h:183:36: note: in expansion of macro ‘SYSCALL_DEFINEx’
  183 | #define SYSCALL_DEFINE2(name, ...) SYSCALL_DEFINEx(2, _##name, __VA_ARGS__)
      |                                    ^~~~~~~~~~~~~~~
kernel/sys.c:1241:1: note: in expansion of macro ‘SYSCALL_DEFINE2’
 1241 | SYSCALL_DEFINE2(gethostname, char __user *, name, int, len)
      | ^~~~~~~~~~~~~~~
./include/linux/syscalls.h:195:18: warning: ‘sys_sethostname’ alias between functions of incompatible types ‘long int(char *, int)’ and ‘long int(long int,  long int)’ [-Wattribute-alias=]
  195 |  asmlinkage long sys##name(__MAP(x,__SC_DECL,__VA_ARGS__)) \
      |                  ^~~
./include/linux/syscalls.h:191:2: note: in expansion of macro ‘__SYSCALL_DEFINEx’
  191 |  __SYSCALL_DEFINEx(x, sname, __VA_ARGS__)
      |  ^~~~~~~~~~~~~~~~~
./include/linux/syscalls.h:183:36: note: in expansion of macro ‘SYSCALL_DEFINEx’
  183 | #define SYSCALL_DEFINE2(name, ...) SYSCALL_DEFINEx(2, _##name, __VA_ARGS__)
      |                                    ^~~~~~~~~~~~~~~
kernel/sys.c:1215:1: note: in expansion of macro ‘SYSCALL_DEFINE2’
 1215 | SYSCALL_DEFINE2(sethostname, char __user *, name, int, len)
      | ^~~~~~~~~~~~~~~
./include/linux/syscalls.h:199:18: note: aliased declaration here
  199 |  asmlinkage long SyS##name(__MAP(x,__SC_LONG,__VA_ARGS__)) \
      |                  ^~~
./include/linux/syscalls.h:191:2: note: in expansion of macro ‘__SYSCALL_DEFINEx’
  191 |  __SYSCALL_DEFINEx(x, sname, __VA_ARGS__)
      |  ^~~~~~~~~~~~~~~~~
./include/linux/syscalls.h:183:36: note: in expansion of macro ‘SYSCALL_DEFINEx’
  183 | #define SYSCALL_DEFINE2(name, ...) SYSCALL_DEFINEx(2, _##name, __VA_ARGS__)
      |                                    ^~~~~~~~~~~~~~~
kernel/sys.c:1215:1: note: in expansion of macro ‘SYSCALL_DEFINE2’
 1215 | SYSCALL_DEFINE2(sethostname, char __user *, name, int, len)
      | ^~~~~~~~~~~~~~~
./include/linux/syscalls.h:195:18: warning: ‘sys_newuname’ alias between functions of incompatible types ‘long int(struct new_utsname *)’ and ‘long int(long int)’ [-Wattribute-alias=]
  195 |  asmlinkage long sys##name(__MAP(x,__SC_DECL,__VA_ARGS__)) \
      |                  ^~~
./include/linux/syscalls.h:191:2: note: in expansion of macro ‘__SYSCALL_DEFINEx’
  191 |  __SYSCALL_DEFINEx(x, sname, __VA_ARGS__)
      |  ^~~~~~~~~~~~~~~~~
./include/linux/syscalls.h:182:36: note: in expansion of macro ‘SYSCALL_DEFINEx’
  182 | #define SYSCALL_DEFINE1(name, ...) SYSCALL_DEFINEx(1, _##name, __VA_ARGS__)
      |                                    ^~~~~~~~~~~~~~~
kernel/sys.c:1141:1: note: in expansion of macro ‘SYSCALL_DEFINE1’
 1141 | SYSCALL_DEFINE1(newuname, struct new_utsname __user *, name)
      | ^~~~~~~~~~~~~~~
./include/linux/syscalls.h:199:18: note: aliased declaration here
  199 |  asmlinkage long SyS##name(__MAP(x,__SC_LONG,__VA_ARGS__)) \
      |                  ^~~
./include/linux/syscalls.h:191:2: note: in expansion of macro ‘__SYSCALL_DEFINEx’
  191 |  __SYSCALL_DEFINEx(x, sname, __VA_ARGS__)
      |  ^~~~~~~~~~~~~~~~~
./include/linux/syscalls.h:182:36: note: in expansion of macro ‘SYSCALL_DEFINEx’
  182 | #define SYSCALL_DEFINE1(name, ...) SYSCALL_DEFINEx(1, _##name, __VA_ARGS__)
      |                                    ^~~~~~~~~~~~~~~
kernel/sys.c:1141:1: note: in expansion of macro ‘SYSCALL_DEFINE1’
 1141 | SYSCALL_DEFINE1(newuname, struct new_utsname __user *, name)
      | ^~~~~~~~~~~~~~~
./include/linux/syscalls.h:195:18: warning: ‘sys_times’ alias between functions of incompatible types ‘long int(struct tms *)’ and ‘long int(long int)’ [-Wattribute-alias=]
  195 |  asmlinkage long sys##name(__MAP(x,__SC_DECL,__VA_ARGS__)) \
      |                  ^~~
./include/linux/syscalls.h:191:2: note: in expansion of macro ‘__SYSCALL_DEFINEx’
  191 |  __SYSCALL_DEFINEx(x, sname, __VA_ARGS__)
      |  ^~~~~~~~~~~~~~~~~
./include/linux/syscalls.h:182:36: note: in expansion of macro ‘SYSCALL_DEFINEx’
  182 | #define SYSCALL_DEFINE1(name, ...) SYSCALL_DEFINEx(1, _##name, __VA_ARGS__)
      |                                    ^~~~~~~~~~~~~~~
kernel/sys.c:895:1: note: in expansion of macro ‘SYSCALL_DEFINE1’
  895 | SYSCALL_DEFINE1(times, struct tms __user *, tbuf)
      | ^~~~~~~~~~~~~~~
./include/linux/syscalls.h:199:18: note: aliased declaration here
  199 |  asmlinkage long SyS##name(__MAP(x,__SC_LONG,__VA_ARGS__)) \
      |                  ^~~
./include/linux/syscalls.h:191:2: note: in expansion of macro ‘__SYSCALL_DEFINEx’
  191 |  __SYSCALL_DEFINEx(x, sname, __VA_ARGS__)
      |  ^~~~~~~~~~~~~~~~~
./include/linux/syscalls.h:182:36: note: in expansion of macro ‘SYSCALL_DEFINEx’
  182 | #define SYSCALL_DEFINE1(name, ...) SYSCALL_DEFINEx(1, _##name, __VA_ARGS__)
      |                                    ^~~~~~~~~~~~~~~
kernel/sys.c:895:1: note: in expansion of macro ‘SYSCALL_DEFINE1’
  895 | SYSCALL_DEFINE1(times, struct tms __user *, tbuf)
      | ^~~~~~~~~~~~~~~
./include/linux/syscalls.h:195:18: warning: ‘sys_setfsgid’ alias between functions of incompatible types ‘long int(gid_t)’ {aka ‘long int(unsigned int)’} and ‘long int(long int)’ [-Wattribute-alias=]
  195 |  asmlinkage long sys##name(__MAP(x,__SC_DECL,__VA_ARGS__)) \
      |                  ^~~
./include/linux/syscalls.h:191:2: note: in expansion of macro ‘__SYSCALL_DEFINEx’
  191 |  __SYSCALL_DEFINEx(x, sname, __VA_ARGS__)
      |  ^~~~~~~~~~~~~~~~~
./include/linux/syscalls.h:182:36: note: in expansion of macro ‘SYSCALL_DEFINEx’
  182 | #define SYSCALL_DEFINE1(name, ...) SYSCALL_DEFINEx(1, _##name, __VA_ARGS__)
      |                                    ^~~~~~~~~~~~~~~
kernel/sys.c:785:1: note: in expansion of macro ‘SYSCALL_DEFINE1’
  785 | SYSCALL_DEFINE1(setfsgid, gid_t, gid)
      | ^~~~~~~~~~~~~~~
./include/linux/syscalls.h:199:18: note: aliased declaration here
  199 |  asmlinkage long SyS##name(__MAP(x,__SC_LONG,__VA_ARGS__)) \
      |                  ^~~
./include/linux/syscalls.h:191:2: note: in expansion of macro ‘__SYSCALL_DEFINEx’
  191 |  __SYSCALL_DEFINEx(x, sname, __VA_ARGS__)
      |  ^~~~~~~~~~~~~~~~~
./include/linux/syscalls.h:182:36: note: in expansion of macro ‘SYSCALL_DEFINEx’
  182 | #define SYSCALL_DEFINE1(name, ...) SYSCALL_DEFINEx(1, _##name, __VA_ARGS__)
      |                                    ^~~~~~~~~~~~~~~
kernel/sys.c:785:1: note: in expansion of macro ‘SYSCALL_DEFINE1’
  785 | SYSCALL_DEFINE1(setfsgid, gid_t, gid)
      | ^~~~~~~~~~~~~~~
./include/linux/syscalls.h:195:18: warning: ‘sys_setfsuid’ alias between functions of incompatible types ‘long int(uid_t)’ {aka ‘long int(unsigned int)’} and ‘long int(long int)’ [-Wattribute-alias=]
  195 |  asmlinkage long sys##name(__MAP(x,__SC_DECL,__VA_ARGS__)) \
      |                  ^~~
./include/linux/syscalls.h:191:2: note: in expansion of macro ‘__SYSCALL_DEFINEx’
  191 |  __SYSCALL_DEFINEx(x, sname, __VA_ARGS__)
      |  ^~~~~~~~~~~~~~~~~
./include/linux/syscalls.h:182:36: note: in expansion of macro ‘SYSCALL_DEFINEx’
  182 | #define SYSCALL_DEFINE1(name, ...) SYSCALL_DEFINEx(1, _##name, __VA_ARGS__)
      |                                    ^~~~~~~~~~~~~~~
kernel/sys.c:746:1: note: in expansion of macro ‘SYSCALL_DEFINE1’
  746 | SYSCALL_DEFINE1(setfsuid, uid_t, uid)
      | ^~~~~~~~~~~~~~~
./include/linux/syscalls.h:199:18: note: aliased declaration here
  199 |  asmlinkage long SyS##name(__MAP(x,__SC_LONG,__VA_ARGS__)) \
      |                  ^~~
./include/linux/syscalls.h:191:2: note: in expansion of macro ‘__SYSCALL_DEFINEx’
  191 |  __SYSCALL_DEFINEx(x, sname, __VA_ARGS__)
      |  ^~~~~~~~~~~~~~~~~
./include/linux/syscalls.h:182:36: note: in expansion of macro ‘SYSCALL_DEFINEx’
  182 | #define SYSCALL_DEFINE1(name, ...) SYSCALL_DEFINEx(1, _##name, __VA_ARGS__)
      |                                    ^~~~~~~~~~~~~~~
kernel/sys.c:746:1: note: in expansion of macro ‘SYSCALL_DEFINE1’
  746 | SYSCALL_DEFINE1(setfsuid, uid_t, uid)
      | ^~~~~~~~~~~~~~~
./include/linux/syscalls.h:195:18: warning: ‘sys_getresgid’ alias between functions of incompatible types ‘long int(gid_t *, gid_t *, gid_t *)’ {aka ‘long int(unsigned int *, unsigned int *, unsigned int *)’} and ‘long int(long int,  long int,  long int)’ [-Wattribute-alias=]
  195 |  asmlinkage long sys##name(__MAP(x,__SC_DECL,__VA_ARGS__)) \
      |                  ^~~
./include/linux/syscalls.h:191:2: note: in expansion of macro ‘__SYSCALL_DEFINEx’
  191 |  __SYSCALL_DEFINEx(x, sname, __VA_ARGS__)
      |  ^~~~~~~~~~~~~~~~~
./include/linux/syscalls.h:184:36: note: in expansion of macro ‘SYSCALL_DEFINEx’
  184 | #define SYSCALL_DEFINE3(name, ...) SYSCALL_DEFINEx(3, _##name, __VA_ARGS__)
      |                                    ^~~~~~~~~~~~~~~
kernel/sys.c:719:1: note: in expansion of macro ‘SYSCALL_DEFINE3’
  719 | SYSCALL_DEFINE3(getresgid, gid_t __user *, rgidp, gid_t __user *, egidp, gid_t __user *, sgidp)
      | ^~~~~~~~~~~~~~~
./include/linux/syscalls.h:199:18: note: aliased declaration here
  199 |  asmlinkage long SyS##name(__MAP(x,__SC_LONG,__VA_ARGS__)) \
      |                  ^~~
./include/linux/syscalls.h:191:2: note: in expansion of macro ‘__SYSCALL_DEFINEx’
  191 |  __SYSCALL_DEFINEx(x, sname, __VA_ARGS__)
      |  ^~~~~~~~~~~~~~~~~
./include/linux/syscalls.h:184:36: note: in expansion of macro ‘SYSCALL_DEFINEx’
  184 | #define SYSCALL_DEFINE3(name, ...) SYSCALL_DEFINEx(3, _##name, __VA_ARGS__)
      |                                    ^~~~~~~~~~~~~~~
kernel/sys.c:719:1: note: in expansion of macro ‘SYSCALL_DEFINE3’
  719 | SYSCALL_DEFINE3(getresgid, gid_t __user *, rgidp, gid_t __user *, egidp, gid_t __user *, sgidp)
      | ^~~~~~~~~~~~~~~
./include/linux/syscalls.h:195:18: warning: ‘sys_setresgid’ alias between functions of incompatible types ‘long int(gid_t,  gid_t,  gid_t)’ {aka ‘long int(unsigned int,  unsigned int,  unsigned int)’} and ‘long int(long int,  long int,  long int)’ [-Wattribute-alias=]
  195 |  asmlinkage long sys##name(__MAP(x,__SC_DECL,__VA_ARGS__)) \
      |                  ^~~
./include/linux/syscalls.h:191:2: note: in expansion of macro ‘__SYSCALL_DEFINEx’
  191 |  __SYSCALL_DEFINEx(x, sname, __VA_ARGS__)
      |  ^~~~~~~~~~~~~~~~~
./include/linux/syscalls.h:184:36: note: in expansion of macro ‘SYSCALL_DEFINEx’
  184 | #define SYSCALL_DEFINE3(name, ...) SYSCALL_DEFINEx(3, _##name, __VA_ARGS__)
      |                                    ^~~~~~~~~~~~~~~
kernel/sys.c:667:1: note: in expansion of macro ‘SYSCALL_DEFINE3’
  667 | SYSCALL_DEFINE3(setresgid, gid_t, rgid, gid_t, egid, gid_t, sgid)
      | ^~~~~~~~~~~~~~~
./include/linux/syscalls.h:199:18: note: aliased declaration here
  199 |  asmlinkage long SyS##name(__MAP(x,__SC_LONG,__VA_ARGS__)) \
      |                  ^~~
./include/linux/syscalls.h:191:2: note: in expansion of macro ‘__SYSCALL_DEFINEx’
  191 |  __SYSCALL_DEFINEx(x, sname, __VA_ARGS__)
      |  ^~~~~~~~~~~~~~~~~
./include/linux/syscalls.h:184:36: note: in expansion of macro ‘SYSCALL_DEFINEx’
  184 | #define SYSCALL_DEFINE3(name, ...) SYSCALL_DEFINEx(3, _##name, __VA_ARGS__)
      |                                    ^~~~~~~~~~~~~~~
kernel/sys.c:667:1: note: in expansion of macro ‘SYSCALL_DEFINE3’
  667 | SYSCALL_DEFINE3(setresgid, gid_t, rgid, gid_t, egid, gid_t, sgid)
      | ^~~~~~~~~~~~~~~
./include/linux/syscalls.h:195:18: warning: ‘sys_getresuid’ alias between functions of incompatible types ‘long int(uid_t *, uid_t *, uid_t *)’ {aka ‘long int(unsigned int *, unsigned int *, unsigned int *)’} and ‘long int(long int,  long int,  long int)’ [-Wattribute-alias=]
  195 |  asmlinkage long sys##name(__MAP(x,__SC_DECL,__VA_ARGS__)) \
      |                  ^~~
./include/linux/syscalls.h:191:2: note: in expansion of macro ‘__SYSCALL_DEFINEx’
  191 |  __SYSCALL_DEFINEx(x, sname, __VA_ARGS__)
      |  ^~~~~~~~~~~~~~~~~
./include/linux/syscalls.h:184:36: note: in expansion of macro ‘SYSCALL_DEFINEx’
  184 | #define SYSCALL_DEFINE3(name, ...) SYSCALL_DEFINEx(3, _##name, __VA_ARGS__)
      |                                    ^~~~~~~~~~~~~~~
kernel/sys.c:645:1: note: in expansion of macro ‘SYSCALL_DEFINE3’
  645 | SYSCALL_DEFINE3(getresuid, uid_t __user *, ruidp, uid_t __user *, euidp, uid_t __user *, suidp)
      | ^~~~~~~~~~~~~~~
./include/linux/syscalls.h:199:18: note: aliased declaration here
  199 |  asmlinkage long SyS##name(__MAP(x,__SC_LONG,__VA_ARGS__)) \
      |                  ^~~
./include/linux/syscalls.h:191:2: note: in expansion of macro ‘__SYSCALL_DEFINEx’
  191 |  __SYSCALL_DEFINEx(x, sname, __VA_ARGS__)
      |  ^~~~~~~~~~~~~~~~~
./include/linux/syscalls.h:184:36: note: in expansion of macro ‘SYSCALL_DEFINEx’
  184 | #define SYSCALL_DEFINE3(name, ...) SYSCALL_DEFINEx(3, _##name, __VA_ARGS__)
      |                                    ^~~~~~~~~~~~~~~
kernel/sys.c:645:1: note: in expansion of macro ‘SYSCALL_DEFINE3’
  645 | SYSCALL_DEFINE3(getresuid, uid_t __user *, ruidp, uid_t __user *, euidp, uid_t __user *, suidp)
      | ^~~~~~~~~~~~~~~
./include/linux/syscalls.h:195:18: warning: ‘sys_setresuid’ alias between functions of incompatible types ‘long int(uid_t,  uid_t,  uid_t)’ {aka ‘long int(unsigned int,  unsigned int,  unsigned int)’} and ‘long int(long int,  long int,  long int)’ [-Wattribute-alias=]
  195 |  asmlinkage long sys##name(__MAP(x,__SC_DECL,__VA_ARGS__)) \
      |                  ^~~
./include/linux/syscalls.h:191:2: note: in expansion of macro ‘__SYSCALL_DEFINEx’
  191 |  __SYSCALL_DEFINEx(x, sname, __VA_ARGS__)
      |  ^~~~~~~~~~~~~~~~~
./include/linux/syscalls.h:184:36: note: in expansion of macro ‘SYSCALL_DEFINEx’
  184 | #define SYSCALL_DEFINE3(name, ...) SYSCALL_DEFINEx(3, _##name, __VA_ARGS__)
      |                                    ^~~~~~~~~~~~~~~
kernel/sys.c:580:1: note: in expansion of macro ‘SYSCALL_DEFINE3’
  580 | SYSCALL_DEFINE3(setresuid, uid_t, ruid, uid_t, euid, uid_t, suid)
      | ^~~~~~~~~~~~~~~
./include/linux/syscalls.h:199:18: note: aliased declaration here
  199 |  asmlinkage long SyS##name(__MAP(x,__SC_LONG,__VA_ARGS__)) \
      |                  ^~~
./include/linux/syscalls.h:191:2: note: in expansion of macro ‘__SYSCALL_DEFINEx’
  191 |  __SYSCALL_DEFINEx(x, sname, __VA_ARGS__)
      |  ^~~~~~~~~~~~~~~~~
./include/linux/syscalls.h:184:36: note: in expansion of macro ‘SYSCALL_DEFINEx’
  184 | #define SYSCALL_DEFINE3(name, ...) SYSCALL_DEFINEx(3, _##name, __VA_ARGS__)
      |                                    ^~~~~~~~~~~~~~~
kernel/sys.c:580:1: note: in expansion of macro ‘SYSCALL_DEFINE3’
  580 | SYSCALL_DEFINE3(setresuid, uid_t, ruid, uid_t, euid, uid_t, suid)
      | ^~~~~~~~~~~~~~~
./include/linux/syscalls.h:195:18: warning: ‘sys_setuid’ alias between functions of incompatible types ‘long int(uid_t)’ {aka ‘long int(unsigned int)’} and ‘long int(long int)’ [-Wattribute-alias=]
  195 |  asmlinkage long sys##name(__MAP(x,__SC_DECL,__VA_ARGS__)) \
      |                  ^~~
./include/linux/syscalls.h:191:2: note: in expansion of macro ‘__SYSCALL_DEFINEx’
  191 |  __SYSCALL_DEFINEx(x, sname, __VA_ARGS__)
      |  ^~~~~~~~~~~~~~~~~
./include/linux/syscalls.h:182:36: note: in expansion of macro ‘SYSCALL_DEFINEx’
  182 | #define SYSCALL_DEFINE1(name, ...) SYSCALL_DEFINEx(1, _##name, __VA_ARGS__)
      |                                    ^~~~~~~~~~~~~~~
kernel/sys.c:533:1: note: in expansion of macro ‘SYSCALL_DEFINE1’
  533 | SYSCALL_DEFINE1(setuid, uid_t, uid)
      | ^~~~~~~~~~~~~~~
./include/linux/syscalls.h:199:18: note: aliased declaration here
  199 |  asmlinkage long SyS##name(__MAP(x,__SC_LONG,__VA_ARGS__)) \
      |                  ^~~
./include/linux/syscalls.h:191:2: note: in expansion of macro ‘__SYSCALL_DEFINEx’
  191 |  __SYSCALL_DEFINEx(x, sname, __VA_ARGS__)
      |  ^~~~~~~~~~~~~~~~~
./include/linux/syscalls.h:182:36: note: in expansion of macro ‘SYSCALL_DEFINEx’
  182 | #define SYSCALL_DEFINE1(name, ...) SYSCALL_DEFINEx(1, _##name, __VA_ARGS__)
      |                                    ^~~~~~~~~~~~~~~
kernel/sys.c:533:1: note: in expansion of macro ‘SYSCALL_DEFINE1’
  533 | SYSCALL_DEFINE1(setuid, uid_t, uid)
      | ^~~~~~~~~~~~~~~
./include/linux/syscalls.h:195:18: warning: ‘sys_setreuid’ alias between functions of incompatible types ‘long int(uid_t,  uid_t)’ {aka ‘long int(unsigned int,  unsigned int)’} and ‘long int(long int,  long int)’ [-Wattribute-alias=]
  195 |  asmlinkage long sys##name(__MAP(x,__SC_DECL,__VA_ARGS__)) \
      |                  ^~~
./include/linux/syscalls.h:191:2: note: in expansion of macro ‘__SYSCALL_DEFINEx’
  191 |  __SYSCALL_DEFINEx(x, sname, __VA_ARGS__)
      |  ^~~~~~~~~~~~~~~~~
./include/linux/syscalls.h:183:36: note: in expansion of macro ‘SYSCALL_DEFINEx’
  183 | #define SYSCALL_DEFINE2(name, ...) SYSCALL_DEFINEx(2, _##name, __VA_ARGS__)
      |                                    ^~~~~~~~~~~~~~~
kernel/sys.c:462:1: note: in expansion of macro ‘SYSCALL_DEFINE2’
  462 | SYSCALL_DEFINE2(setreuid, uid_t, ruid, uid_t, euid)
      | ^~~~~~~~~~~~~~~
./include/linux/syscalls.h:199:18: note: aliased declaration here
  199 |  asmlinkage long SyS##name(__MAP(x,__SC_LONG,__VA_ARGS__)) \
      |                  ^~~
./include/linux/syscalls.h:191:2: note: in expansion of macro ‘__SYSCALL_DEFINEx’
  191 |  __SYSCALL_DEFINEx(x, sname, __VA_ARGS__)
      |  ^~~~~~~~~~~~~~~~~
./include/linux/syscalls.h:183:36: note: in expansion of macro ‘SYSCALL_DEFINEx’
  183 | #define SYSCALL_DEFINE2(name, ...) SYSCALL_DEFINEx(2, _##name, __VA_ARGS__)
      |                                    ^~~~~~~~~~~~~~~
kernel/sys.c:462:1: note: in expansion of macro ‘SYSCALL_DEFINE2’
  462 | SYSCALL_DEFINE2(setreuid, uid_t, ruid, uid_t, euid)
      | ^~~~~~~~~~~~~~~
./include/linux/syscalls.h:195:18: warning: ‘sys_setgid’ alias between functions of incompatible types ‘long int(gid_t)’ {aka ‘long int(unsigned int)’} and ‘long int(long int)’ [-Wattribute-alias=]
  195 |  asmlinkage long sys##name(__MAP(x,__SC_DECL,__VA_ARGS__)) \
      |                  ^~~
./include/linux/syscalls.h:191:2: note: in expansion of macro ‘__SYSCALL_DEFINEx’
  191 |  __SYSCALL_DEFINEx(x, sname, __VA_ARGS__)
      |  ^~~~~~~~~~~~~~~~~
./include/linux/syscalls.h:182:36: note: in expansion of macro ‘SYSCALL_DEFINEx’
  182 | #define SYSCALL_DEFINE1(name, ...) SYSCALL_DEFINEx(1, _##name, __VA_ARGS__)
      |                                    ^~~~~~~~~~~~~~~
kernel/sys.c:386:1: note: in expansion of macro ‘SYSCALL_DEFINE1’
  386 | SYSCALL_DEFINE1(setgid, gid_t, gid)
      | ^~~~~~~~~~~~~~~
./include/linux/syscalls.h:199:18: note: aliased declaration here
  199 |  asmlinkage long SyS##name(__MAP(x,__SC_LONG,__VA_ARGS__)) \
      |                  ^~~
./include/linux/syscalls.h:191:2: note: in expansion of macro ‘__SYSCALL_DEFINEx’
  191 |  __SYSCALL_DEFINEx(x, sname, __VA_ARGS__)
      |  ^~~~~~~~~~~~~~~~~
./include/linux/syscalls.h:182:36: note: in expansion of macro ‘SYSCALL_DEFINEx’
  182 | #define SYSCALL_DEFINE1(name, ...) SYSCALL_DEFINEx(1, _##name, __VA_ARGS__)
      |                                    ^~~~~~~~~~~~~~~
kernel/sys.c:386:1: note: in expansion of macro ‘SYSCALL_DEFINE1’
  386 | SYSCALL_DEFINE1(setgid, gid_t, gid)
      | ^~~~~~~~~~~~~~~
./include/linux/syscalls.h:195:18: warning: ‘sys_setregid’ alias between functions of incompatible types ‘long int(gid_t,  gid_t)’ {aka ‘long int(unsigned int,  unsigned int)’} and ‘long int(long int,  long int)’ [-Wattribute-alias=]
  195 |  asmlinkage long sys##name(__MAP(x,__SC_DECL,__VA_ARGS__)) \
      |                  ^~~
./include/linux/syscalls.h:191:2: note: in expansion of macro ‘__SYSCALL_DEFINEx’
  191 |  __SYSCALL_DEFINEx(x, sname, __VA_ARGS__)
      |  ^~~~~~~~~~~~~~~~~
./include/linux/syscalls.h:183:36: note: in expansion of macro ‘SYSCALL_DEFINEx’
  183 | #define SYSCALL_DEFINE2(name, ...) SYSCALL_DEFINEx(2, _##name, __VA_ARGS__)
      |                                    ^~~~~~~~~~~~~~~
kernel/sys.c:329:1: note: in expansion of macro ‘SYSCALL_DEFINE2’
  329 | SYSCALL_DEFINE2(setregid, gid_t, rgid, gid_t, egid)
      | ^~~~~~~~~~~~~~~
./include/linux/syscalls.h:199:18: note: aliased declaration here
  199 |  asmlinkage long SyS##name(__MAP(x,__SC_LONG,__VA_ARGS__)) \
      |                  ^~~
./include/linux/syscalls.h:191:2: note: in expansion of macro ‘__SYSCALL_DEFINEx’
  191 |  __SYSCALL_DEFINEx(x, sname, __VA_ARGS__)
      |  ^~~~~~~~~~~~~~~~~
./include/linux/syscalls.h:183:36: note: in expansion of macro ‘SYSCALL_DEFINEx’
  183 | #define SYSCALL_DEFINE2(name, ...) SYSCALL_DEFINEx(2, _##name, __VA_ARGS__)
      |                                    ^~~~~~~~~~~~~~~
kernel/sys.c:329:1: note: in expansion of macro ‘SYSCALL_DEFINE2’
  329 | SYSCALL_DEFINE2(setregid, gid_t, rgid, gid_t, egid)
      | ^~~~~~~~~~~~~~~
  CC      kernel/kmod.o
  CC      kernel/workqueue.o
  CC      kernel/pid.o
  CC      kernel/task_work.o
  CC      kernel/extable.o
  CC      kernel/params.o
  CC      kernel/kthread.o
  CC      kernel/sys_ni.o
  CC      kernel/nsproxy.o
  CC      kernel/notifier.o
  CC      kernel/ksysfs.o
  CC      kernel/cred.o
  CC      kernel/reboot.o
In file included from kernel/reboot.c:16:
./include/linux/syscalls.h:195:18: warning: ‘sys_reboot’ alias between functions of incompatible types ‘long int(int,  int,  unsigned int,  void *)’ and ‘long int(long int,  long int,  long int,  long int)’ [-Wattribute-alias=]
  195 |  asmlinkage long sys##name(__MAP(x,__SC_DECL,__VA_ARGS__)) \
      |                  ^~~
./include/linux/syscalls.h:191:2: note: in expansion of macro ‘__SYSCALL_DEFINEx’
  191 |  __SYSCALL_DEFINEx(x, sname, __VA_ARGS__)
      |  ^~~~~~~~~~~~~~~~~
./include/linux/syscalls.h:185:36: note: in expansion of macro ‘SYSCALL_DEFINEx’
  185 | #define SYSCALL_DEFINE4(name, ...) SYSCALL_DEFINEx(4, _##name, __VA_ARGS__)
      |                                    ^~~~~~~~~~~~~~~
kernel/reboot.c:280:1: note: in expansion of macro ‘SYSCALL_DEFINE4’
  280 | SYSCALL_DEFINE4(reboot, int, magic1, int, magic2, unsigned int, cmd,
      | ^~~~~~~~~~~~~~~
./include/linux/syscalls.h:199:18: note: aliased declaration here
  199 |  asmlinkage long SyS##name(__MAP(x,__SC_LONG,__VA_ARGS__)) \
      |                  ^~~
./include/linux/syscalls.h:191:2: note: in expansion of macro ‘__SYSCALL_DEFINEx’
  191 |  __SYSCALL_DEFINEx(x, sname, __VA_ARGS__)
      |  ^~~~~~~~~~~~~~~~~
./include/linux/syscalls.h:185:36: note: in expansion of macro ‘SYSCALL_DEFINEx’
  185 | #define SYSCALL_DEFINE4(name, ...) SYSCALL_DEFINEx(4, _##name, __VA_ARGS__)
      |                                    ^~~~~~~~~~~~~~~
kernel/reboot.c:280:1: note: in expansion of macro ‘SYSCALL_DEFINE4’
  280 | SYSCALL_DEFINE4(reboot, int, magic1, int, magic2, unsigned int, cmd,
      | ^~~~~~~~~~~~~~~
  CC      kernel/async.o
  CC      kernel/range.o
  CC      kernel/smpboot.o
  CC      kernel/ucount.o
  CC      kernel/groups.o
In file included from kernel/groups.c:8:
./include/linux/syscalls.h:195:18: warning: ‘sys_getgroups’ alias between functions of incompatible types ‘long int(int,  gid_t *)’ {aka ‘long int(int,  unsigned int *)’} and ‘long int(long int,  long int)’ [-Wattribute-alias=]
  195 |  asmlinkage long sys##name(__MAP(x,__SC_DECL,__VA_ARGS__)) \
      |                  ^~~
./include/linux/syscalls.h:191:2: note: in expansion of macro ‘__SYSCALL_DEFINEx’
  191 |  __SYSCALL_DEFINEx(x, sname, __VA_ARGS__)
      |  ^~~~~~~~~~~~~~~~~
./include/linux/syscalls.h:183:36: note: in expansion of macro ‘SYSCALL_DEFINEx’
  183 | #define SYSCALL_DEFINE2(name, ...) SYSCALL_DEFINEx(2, _##name, __VA_ARGS__)
      |                                    ^~~~~~~~~~~~~~~
kernel/groups.c:165:1: note: in expansion of macro ‘SYSCALL_DEFINE2’
  165 | SYSCALL_DEFINE2(getgroups, int, gidsetsize, gid_t __user *, grouplist)
      | ^~~~~~~~~~~~~~~
./include/linux/syscalls.h:199:18: note: aliased declaration here
  199 |  asmlinkage long SyS##name(__MAP(x,__SC_LONG,__VA_ARGS__)) \
      |                  ^~~
./include/linux/syscalls.h:191:2: note: in expansion of macro ‘__SYSCALL_DEFINEx’
  191 |  __SYSCALL_DEFINEx(x, sname, __VA_ARGS__)
      |  ^~~~~~~~~~~~~~~~~
./include/linux/syscalls.h:183:36: note: in expansion of macro ‘SYSCALL_DEFINEx’
  183 | #define SYSCALL_DEFINE2(name, ...) SYSCALL_DEFINEx(2, _##name, __VA_ARGS__)
      |                                    ^~~~~~~~~~~~~~~
kernel/groups.c:165:1: note: in expansion of macro ‘SYSCALL_DEFINE2’
  165 | SYSCALL_DEFINE2(getgroups, int, gidsetsize, gid_t __user *, grouplist)
      | ^~~~~~~~~~~~~~~
./include/linux/syscalls.h:195:18: warning: ‘sys_setgroups’ alias between functions of incompatible types ‘long int(int,  gid_t *)’ {aka ‘long int(int,  unsigned int *)’} and ‘long int(long int,  long int)’ [-Wattribute-alias=]
  195 |  asmlinkage long sys##name(__MAP(x,__SC_DECL,__VA_ARGS__)) \
      |                  ^~~
./include/linux/syscalls.h:191:2: note: in expansion of macro ‘__SYSCALL_DEFINEx’
  191 |  __SYSCALL_DEFINEx(x, sname, __VA_ARGS__)
      |  ^~~~~~~~~~~~~~~~~
./include/linux/syscalls.h:183:36: note: in expansion of macro ‘SYSCALL_DEFINEx’
  183 | #define SYSCALL_DEFINE2(name, ...) SYSCALL_DEFINEx(2, _##name, __VA_ARGS__)
      |                                    ^~~~~~~~~~~~~~~
kernel/groups.c:202:1: note: in expansion of macro ‘SYSCALL_DEFINE2’
  202 | SYSCALL_DEFINE2(setgroups, int, gidsetsize, gid_t __user *, grouplist)
      | ^~~~~~~~~~~~~~~
./include/linux/syscalls.h:199:18: note: aliased declaration here
  199 |  asmlinkage long SyS##name(__MAP(x,__SC_LONG,__VA_ARGS__)) \
      |                  ^~~
./include/linux/syscalls.h:191:2: note: in expansion of macro ‘__SYSCALL_DEFINEx’
  191 |  __SYSCALL_DEFINEx(x, sname, __VA_ARGS__)
      |  ^~~~~~~~~~~~~~~~~
./include/linux/syscalls.h:183:36: note: in expansion of macro ‘SYSCALL_DEFINEx’
  183 | #define SYSCALL_DEFINE2(name, ...) SYSCALL_DEFINEx(2, _##name, __VA_ARGS__)
      |                                    ^~~~~~~~~~~~~~~
kernel/groups.c:202:1: note: in expansion of macro ‘SYSCALL_DEFINE2’
  202 | SYSCALL_DEFINE2(setgroups, int, gidsetsize, gid_t __user *, grouplist)
      | ^~~~~~~~~~~~~~~
  CC      kernel/bpf/core.o
  LD      kernel/bpf/built-in.o
  CC      kernel/debug/debug_core.o
  CC      kernel/debug/gdbstub.o
  CC      kernel/debug/kdb/kdb_io.o
kernel/debug/kdb/kdb_io.c: In function ‘kdb_getstr’:
kernel/debug/kdb/kdb_io.c:445:3: warning: ‘strncpy’ specified bound 256 equals destination size [-Wstringop-truncation]
  445 |   strncpy(kdb_prompt_str, prompt, CMD_BUFLEN);
      |   ^~~~~~~~~~~~~~~~~~~~~~~~~~~~~~~~~~~~~~~~~~~
  CC      kernel/debug/kdb/kdb_main.o
In function ‘handle_ctrl_cmd’,
    inlined from ‘kdb_local’ at kernel/debug/kdb/kdb_main.c:1311:10,
    inlined from ‘kdb_main_loop’ at kernel/debug/kdb/kdb_main.c:1409:12:
kernel/debug/kdb/kdb_main.c:1109:3: warning: ‘strncpy’ specified bound 200 equals destination size [-Wstringop-truncation]
 1109 |   strncpy(cmd_cur, cmd_hist[cmdptr], CMD_BUFLEN);
      |   ^~~~~~~~~~~~~~~~~~~~~~~~~~~~~~~~~~~~~~~~~~~~~~
kernel/debug/kdb/kdb_main.c:1104:3: warning: ‘strncpy’ specified bound 200 equals destination size [-Wstringop-truncation]
 1104 |   strncpy(cmd_cur, cmd_hist[cmdptr], CMD_BUFLEN);
      |   ^~~~~~~~~~~~~~~~~~~~~~~~~~~~~~~~~~~~~~~~~~~~~~
  CC      kernel/debug/kdb/kdb_support.o
kernel/debug/kdb/kdb_support.c: In function ‘kallsyms_symbol_next’:
kernel/debug/kdb/kdb_support.c:239:4: warning: ‘strncpy’ specified bound depends on the length of the source argument [-Wstringop-overflow=]
  239 |    strncpy(prefix_name, name, strlen(name)+1);
      |    ^~~~~~~~~~~~~~~~~~~~~~~~~~~~~~~~~~~~~~~~~~
kernel/debug/kdb/kdb_support.c:239:31: note: length computed here
  239 |    strncpy(prefix_name, name, strlen(name)+1);
      |                               ^~~~~~~~~~~~
kernel/debug/kdb/kdb_support.c: In function ‘kdbnearsym’:
kernel/debug/kdb/kdb_support.c:132:4: warning: ‘memcpy’ accessing 396 bytes at offsets 0 and 4 overlaps 392 bytes at offset 4 [-Wrestrict]
  132 |    memcpy(kdb_name_table, kdb_name_table+1,
      |    ^~~~~~~~~~~~~~~~~~~~~~~~~~~~~~~~~~~~~~~~
  133 |           sizeof(kdb_name_table[0]) *
      |           ~~~~~~~~~~~~~~~~~~~~~~~~~~~
  134 |           (ARRAY_SIZE(kdb_name_table)-1));
      |           ~~~~~~~~~~~~~~~~~~~~~~~~~~~~~~~
  CC      kernel/debug/kdb/kdb_bt.o
  GENKDB  kernel/debug/kdb/gen-kdb_cmds.c
  CC      kernel/debug/kdb/gen-kdb_cmds.o
  CC      kernel/debug/kdb/kdb_bp.o
  CC      kernel/debug/kdb/kdb_debugger.o
  CC      kernel/debug/kdb/kdb_keyboard.o
  LD      kernel/debug/kdb/built-in.o
  LD      kernel/debug/built-in.o
  CC      kernel/events/core.o
In file included from kernel/events/core.c:34:
./include/linux/syscalls.h:195:18: warning: ‘sys_perf_event_open’ alias between functions of incompatible types ‘long int(struct perf_event_attr *, pid_t,  int,  int,  long unsigned int)’ {aka ‘long int(struct perf_event_attr *, int,  int,  int,  long unsigned int)’} and ‘long int(long int,  long int,  long int,  long int,  long int)’ [-Wattribute-alias=]
  195 |  asmlinkage long sys##name(__MAP(x,__SC_DECL,__VA_ARGS__)) \
      |                  ^~~
./include/linux/syscalls.h:191:2: note: in expansion of macro ‘__SYSCALL_DEFINEx’
  191 |  __SYSCALL_DEFINEx(x, sname, __VA_ARGS__)
      |  ^~~~~~~~~~~~~~~~~
./include/linux/syscalls.h:186:36: note: in expansion of macro ‘SYSCALL_DEFINEx’
  186 | #define SYSCALL_DEFINE5(name, ...) SYSCALL_DEFINEx(5, _##name, __VA_ARGS__)
      |                                    ^~~~~~~~~~~~~~~
kernel/events/core.c:9615:1: note: in expansion of macro ‘SYSCALL_DEFINE5’
 9615 | SYSCALL_DEFINE5(perf_event_open,
      | ^~~~~~~~~~~~~~~
./include/linux/syscalls.h:199:18: note: aliased declaration here
  199 |  asmlinkage long SyS##name(__MAP(x,__SC_LONG,__VA_ARGS__)) \
      |                  ^~~
./include/linux/syscalls.h:191:2: note: in expansion of macro ‘__SYSCALL_DEFINEx’
  191 |  __SYSCALL_DEFINEx(x, sname, __VA_ARGS__)
      |  ^~~~~~~~~~~~~~~~~
./include/linux/syscalls.h:186:36: note: in expansion of macro ‘SYSCALL_DEFINEx’
  186 | #define SYSCALL_DEFINE5(name, ...) SYSCALL_DEFINEx(5, _##name, __VA_ARGS__)
      |                                    ^~~~~~~~~~~~~~~
kernel/events/core.c:9615:1: note: in expansion of macro ‘SYSCALL_DEFINE5’
 9615 | SYSCALL_DEFINE5(perf_event_open,
      | ^~~~~~~~~~~~~~~
  CC      kernel/events/ring_buffer.o
  CC      kernel/events/callchain.o
  CC      kernel/events/hw_breakpoint.o
  LD      kernel/events/built-in.o
  CC      kernel/irq/irqdesc.o
  CC      kernel/irq/handle.o
  CC      kernel/irq/manage.o
  CC      kernel/irq/spurious.o
  CC      kernel/irq/resend.o
  CC      kernel/irq/chip.o
  CC      kernel/irq/dummychip.o
  CC      kernel/irq/devres.o
  CC      kernel/irq/autoprobe.o
  CC      kernel/irq/irqdomain.o
  CC      kernel/irq/proc.o
  CC      kernel/irq/affinity.o
  LD      kernel/irq/built-in.o
  LD      kernel/livepatch/built-in.o
  CC      kernel/locking/mutex.o
  CC      kernel/locking/semaphore.o
  CC      kernel/locking/rwsem.o
  CC      kernel/locking/percpu-rwsem.o
  CC      kernel/locking/spinlock.o
  CC      kernel/locking/osq_lock.o
  CC      kernel/locking/rtmutex.o
  CC      kernel/locking/rwsem-xadd.o
  LD      kernel/locking/built-in.o
  CC      kernel/power/qos.o
  CC      kernel/power/main.o
  CC      kernel/power/process.o
  CC      kernel/power/poweroff.o
  LD      kernel/power/built-in.o
  CC      kernel/printk/printk.o
In file included from kernel/printk/printk.c:34:
./include/linux/syscalls.h:195:18: warning: ‘sys_syslog’ alias between functions of incompatible types ‘long int(int,  char *, int)’ and ‘long int(long int,  long int,  long int)’ [-Wattribute-alias=]
  195 |  asmlinkage long sys##name(__MAP(x,__SC_DECL,__VA_ARGS__)) \
      |                  ^~~
./include/linux/syscalls.h:191:2: note: in expansion of macro ‘__SYSCALL_DEFINEx’
  191 |  __SYSCALL_DEFINEx(x, sname, __VA_ARGS__)
      |  ^~~~~~~~~~~~~~~~~
./include/linux/syscalls.h:184:36: note: in expansion of macro ‘SYSCALL_DEFINEx’
  184 | #define SYSCALL_DEFINE3(name, ...) SYSCALL_DEFINEx(3, _##name, __VA_ARGS__)
      |                                    ^~~~~~~~~~~~~~~
kernel/printk/printk.c:1551:1: note: in expansion of macro ‘SYSCALL_DEFINE3’
 1551 | SYSCALL_DEFINE3(syslog, int, type, char __user *, buf, int, len)
      | ^~~~~~~~~~~~~~~
./include/linux/syscalls.h:199:18: note: aliased declaration here
  199 |  asmlinkage long SyS##name(__MAP(x,__SC_LONG,__VA_ARGS__)) \
      |                  ^~~
./include/linux/syscalls.h:191:2: note: in expansion of macro ‘__SYSCALL_DEFINEx’
  191 |  __SYSCALL_DEFINEx(x, sname, __VA_ARGS__)
      |  ^~~~~~~~~~~~~~~~~
./include/linux/syscalls.h:184:36: note: in expansion of macro ‘SYSCALL_DEFINEx’
  184 | #define SYSCALL_DEFINE3(name, ...) SYSCALL_DEFINEx(3, _##name, __VA_ARGS__)
      |                                    ^~~~~~~~~~~~~~~
kernel/printk/printk.c:1551:1: note: in expansion of macro ‘SYSCALL_DEFINE3’
 1551 | SYSCALL_DEFINE3(syslog, int, type, char __user *, buf, int, len)
      | ^~~~~~~~~~~~~~~
kernel/printk/printk.c: In function ‘control_devkmsg’:
kernel/printk/printk.c:133:3: warning: ‘strncpy’ output truncated before terminating nul copying 2 bytes from a string of the same length [-Wstringop-truncation]
  133 |   strncpy(devkmsg_log_str, "on", 2);
      |   ^~~~~~~~~~~~~~~~~~~~~~~~~~~~~~~~~
kernel/printk/printk.c:136:3: warning: ‘strncpy’ output truncated before terminating nul copying 3 bytes from a string of the same length [-Wstringop-truncation]
  136 |   strncpy(devkmsg_log_str, "off", 3);
      |   ^~~~~~~~~~~~~~~~~~~~~~~~~~~~~~~~~~
  CC      kernel/printk/nmi.o
  LD      kernel/printk/built-in.o
  CC      kernel/rcu/update.o
  CC      kernel/rcu/sync.o
  CC      kernel/rcu/srcu.o
  CC      kernel/rcu/tree.o
  LD      kernel/rcu/built-in.o
  CC      kernel/sched/core.o
In file included from kernel/sched/core.c:61:
./include/linux/syscalls.h:195:18: warning: ‘sys_sched_rr_get_interval’ alias between functions of incompatible types ‘long int(pid_t,  struct timespec *)’ {aka ‘long int(int,  struct timespec *)’} and ‘long int(long int,  long int)’ [-Wattribute-alias=]
  195 |  asmlinkage long sys##name(__MAP(x,__SC_DECL,__VA_ARGS__)) \
      |                  ^~~
./include/linux/syscalls.h:191:2: note: in expansion of macro ‘__SYSCALL_DEFINEx’
  191 |  __SYSCALL_DEFINEx(x, sname, __VA_ARGS__)
      |  ^~~~~~~~~~~~~~~~~
./include/linux/syscalls.h:183:36: note: in expansion of macro ‘SYSCALL_DEFINEx’
  183 | #define SYSCALL_DEFINE2(name, ...) SYSCALL_DEFINEx(2, _##name, __VA_ARGS__)
      |                                    ^~~~~~~~~~~~~~~
kernel/sched/core.c:5158:1: note: in expansion of macro ‘SYSCALL_DEFINE2’
 5158 | SYSCALL_DEFINE2(sched_rr_get_interval, pid_t, pid,
      | ^~~~~~~~~~~~~~~
./include/linux/syscalls.h:199:18: note: aliased declaration here
  199 |  asmlinkage long SyS##name(__MAP(x,__SC_LONG,__VA_ARGS__)) \
      |                  ^~~
./include/linux/syscalls.h:191:2: note: in expansion of macro ‘__SYSCALL_DEFINEx’
  191 |  __SYSCALL_DEFINEx(x, sname, __VA_ARGS__)
      |  ^~~~~~~~~~~~~~~~~
./include/linux/syscalls.h:183:36: note: in expansion of macro ‘SYSCALL_DEFINEx’
  183 | #define SYSCALL_DEFINE2(name, ...) SYSCALL_DEFINEx(2, _##name, __VA_ARGS__)
      |                                    ^~~~~~~~~~~~~~~
kernel/sched/core.c:5158:1: note: in expansion of macro ‘SYSCALL_DEFINE2’
 5158 | SYSCALL_DEFINE2(sched_rr_get_interval, pid_t, pid,
      | ^~~~~~~~~~~~~~~
./include/linux/syscalls.h:195:18: warning: ‘sys_sched_getaffinity’ alias between functions of incompatible types ‘long int(pid_t,  unsigned int,  long unsigned int *)’ {aka ‘long int(int,  unsigned int,  long unsigned int *)’} and ‘long int(long int,  long int,  long int)’ [-Wattribute-alias=]
  195 |  asmlinkage long sys##name(__MAP(x,__SC_DECL,__VA_ARGS__)) \
      |                  ^~~
./include/linux/syscalls.h:191:2: note: in expansion of macro ‘__SYSCALL_DEFINEx’
  191 |  __SYSCALL_DEFINEx(x, sname, __VA_ARGS__)
      |  ^~~~~~~~~~~~~~~~~
./include/linux/syscalls.h:184:36: note: in expansion of macro ‘SYSCALL_DEFINEx’
  184 | #define SYSCALL_DEFINE3(name, ...) SYSCALL_DEFINEx(3, _##name, __VA_ARGS__)
      |                                    ^~~~~~~~~~~~~~~
kernel/sched/core.c:4855:1: note: in expansion of macro ‘SYSCALL_DEFINE3’
 4855 | SYSCALL_DEFINE3(sched_getaffinity, pid_t, pid, unsigned int, len,
      | ^~~~~~~~~~~~~~~
./include/linux/syscalls.h:199:18: note: aliased declaration here
  199 |  asmlinkage long SyS##name(__MAP(x,__SC_LONG,__VA_ARGS__)) \
      |                  ^~~
./include/linux/syscalls.h:191:2: note: in expansion of macro ‘__SYSCALL_DEFINEx’
  191 |  __SYSCALL_DEFINEx(x, sname, __VA_ARGS__)
      |  ^~~~~~~~~~~~~~~~~
./include/linux/syscalls.h:184:36: note: in expansion of macro ‘SYSCALL_DEFINEx’
  184 | #define SYSCALL_DEFINE3(name, ...) SYSCALL_DEFINEx(3, _##name, __VA_ARGS__)
      |                                    ^~~~~~~~~~~~~~~
kernel/sched/core.c:4855:1: note: in expansion of macro ‘SYSCALL_DEFINE3’
 4855 | SYSCALL_DEFINE3(sched_getaffinity, pid_t, pid, unsigned int, len,
      | ^~~~~~~~~~~~~~~
./include/linux/syscalls.h:195:18: warning: ‘sys_sched_setaffinity’ alias between functions of incompatible types ‘long int(pid_t,  unsigned int,  long unsigned int *)’ {aka ‘long int(int,  unsigned int,  long unsigned int *)’} and ‘long int(long int,  long int,  long int)’ [-Wattribute-alias=]
  195 |  asmlinkage long sys##name(__MAP(x,__SC_DECL,__VA_ARGS__)) \
      |                  ^~~
./include/linux/syscalls.h:191:2: note: in expansion of macro ‘__SYSCALL_DEFINEx’
  191 |  __SYSCALL_DEFINEx(x, sname, __VA_ARGS__)
      |  ^~~~~~~~~~~~~~~~~
./include/linux/syscalls.h:184:36: note: in expansion of macro ‘SYSCALL_DEFINEx’
  184 | #define SYSCALL_DEFINE3(name, ...) SYSCALL_DEFINEx(3, _##name, __VA_ARGS__)
      |                                    ^~~~~~~~~~~~~~~
kernel/sched/core.c:4803:1: note: in expansion of macro ‘SYSCALL_DEFINE3’
 4803 | SYSCALL_DEFINE3(sched_setaffinity, pid_t, pid, unsigned int, len,
      | ^~~~~~~~~~~~~~~
./include/linux/syscalls.h:199:18: note: aliased declaration here
  199 |  asmlinkage long SyS##name(__MAP(x,__SC_LONG,__VA_ARGS__)) \
      |                  ^~~
./include/linux/syscalls.h:191:2: note: in expansion of macro ‘__SYSCALL_DEFINEx’
  191 |  __SYSCALL_DEFINEx(x, sname, __VA_ARGS__)
      |  ^~~~~~~~~~~~~~~~~
./include/linux/syscalls.h:184:36: note: in expansion of macro ‘SYSCALL_DEFINEx’
  184 | #define SYSCALL_DEFINE3(name, ...) SYSCALL_DEFINEx(3, _##name, __VA_ARGS__)
      |                                    ^~~~~~~~~~~~~~~
kernel/sched/core.c:4803:1: note: in expansion of macro ‘SYSCALL_DEFINE3’
 4803 | SYSCALL_DEFINE3(sched_setaffinity, pid_t, pid, unsigned int, len,
      | ^~~~~~~~~~~~~~~
./include/linux/syscalls.h:195:18: warning: ‘sys_sched_getattr’ alias between functions of incompatible types ‘long int(pid_t,  struct sched_attr *, unsigned int,  unsigned int)’ {aka ‘long int(int,  struct sched_attr *, unsigned int,  unsigned int)’} and ‘long int(long int,  long int,  long int,  long int)’ [-Wattribute-alias=]
  195 |  asmlinkage long sys##name(__MAP(x,__SC_DECL,__VA_ARGS__)) \
      |                  ^~~
./include/linux/syscalls.h:191:2: note: in expansion of macro ‘__SYSCALL_DEFINEx’
  191 |  __SYSCALL_DEFINEx(x, sname, __VA_ARGS__)
      |  ^~~~~~~~~~~~~~~~~
./include/linux/syscalls.h:185:36: note: in expansion of macro ‘SYSCALL_DEFINEx’
  185 | #define SYSCALL_DEFINE4(name, ...) SYSCALL_DEFINEx(4, _##name, __VA_ARGS__)
      |                                    ^~~~~~~~~~~~~~~
kernel/sched/core.c:4652:1: note: in expansion of macro ‘SYSCALL_DEFINE4’
 4652 | SYSCALL_DEFINE4(sched_getattr, pid_t, pid, struct sched_attr __user *, uattr,
      | ^~~~~~~~~~~~~~~
./include/linux/syscalls.h:199:18: note: aliased declaration here
  199 |  asmlinkage long SyS##name(__MAP(x,__SC_LONG,__VA_ARGS__)) \
      |                  ^~~
./include/linux/syscalls.h:191:2: note: in expansion of macro ‘__SYSCALL_DEFINEx’
  191 |  __SYSCALL_DEFINEx(x, sname, __VA_ARGS__)
      |  ^~~~~~~~~~~~~~~~~
./include/linux/syscalls.h:185:36: note: in expansion of macro ‘SYSCALL_DEFINEx’
  185 | #define SYSCALL_DEFINE4(name, ...) SYSCALL_DEFINEx(4, _##name, __VA_ARGS__)
      |                                    ^~~~~~~~~~~~~~~
kernel/sched/core.c:4652:1: note: in expansion of macro ‘SYSCALL_DEFINE4’
 4652 | SYSCALL_DEFINE4(sched_getattr, pid_t, pid, struct sched_attr __user *, uattr,
      | ^~~~~~~~~~~~~~~
./include/linux/syscalls.h:195:18: warning: ‘sys_sched_getparam’ alias between functions of incompatible types ‘long int(pid_t,  struct sched_param *)’ {aka ‘long int(int,  struct sched_param *)’} and ‘long int(long int,  long int)’ [-Wattribute-alias=]
  195 |  asmlinkage long sys##name(__MAP(x,__SC_DECL,__VA_ARGS__)) \
      |                  ^~~
./include/linux/syscalls.h:191:2: note: in expansion of macro ‘__SYSCALL_DEFINEx’
  191 |  __SYSCALL_DEFINEx(x, sname, __VA_ARGS__)
      |  ^~~~~~~~~~~~~~~~~
./include/linux/syscalls.h:183:36: note: in expansion of macro ‘SYSCALL_DEFINEx’
  183 | #define SYSCALL_DEFINE2(name, ...) SYSCALL_DEFINEx(2, _##name, __VA_ARGS__)
      |                                    ^~~~~~~~~~~~~~~
kernel/sched/core.c:4574:1: note: in expansion of macro ‘SYSCALL_DEFINE2’
 4574 | SYSCALL_DEFINE2(sched_getparam, pid_t, pid, struct sched_param __user *, param)
      | ^~~~~~~~~~~~~~~
./include/linux/syscalls.h:199:18: note: aliased declaration here
  199 |  asmlinkage long SyS##name(__MAP(x,__SC_LONG,__VA_ARGS__)) \
      |                  ^~~
./include/linux/syscalls.h:191:2: note: in expansion of macro ‘__SYSCALL_DEFINEx’
  191 |  __SYSCALL_DEFINEx(x, sname, __VA_ARGS__)
      |  ^~~~~~~~~~~~~~~~~
./include/linux/syscalls.h:183:36: note: in expansion of macro ‘SYSCALL_DEFINEx’
  183 | #define SYSCALL_DEFINE2(name, ...) SYSCALL_DEFINEx(2, _##name, __VA_ARGS__)
      |                                    ^~~~~~~~~~~~~~~
kernel/sched/core.c:4574:1: note: in expansion of macro ‘SYSCALL_DEFINE2’
 4574 | SYSCALL_DEFINE2(sched_getparam, pid_t, pid, struct sched_param __user *, param)
      | ^~~~~~~~~~~~~~~
./include/linux/syscalls.h:195:18: warning: ‘sys_sched_setattr’ alias between functions of incompatible types ‘long int(pid_t,  struct sched_attr *, unsigned int)’ {aka ‘long int(int,  struct sched_attr *, unsigned int)’} and ‘long int(long int,  long int,  long int)’ [-Wattribute-alias=]
  195 |  asmlinkage long sys##name(__MAP(x,__SC_DECL,__VA_ARGS__)) \
      |                  ^~~
./include/linux/syscalls.h:191:2: note: in expansion of macro ‘__SYSCALL_DEFINEx’
  191 |  __SYSCALL_DEFINEx(x, sname, __VA_ARGS__)
      |  ^~~~~~~~~~~~~~~~~
./include/linux/syscalls.h:184:36: note: in expansion of macro ‘SYSCALL_DEFINEx’
  184 | #define SYSCALL_DEFINE3(name, ...) SYSCALL_DEFINEx(3, _##name, __VA_ARGS__)
      |                                    ^~~~~~~~~~~~~~~
kernel/sched/core.c:4511:1: note: in expansion of macro ‘SYSCALL_DEFINE3’
 4511 | SYSCALL_DEFINE3(sched_setattr, pid_t, pid, struct sched_attr __user *, uattr,
      | ^~~~~~~~~~~~~~~
./include/linux/syscalls.h:199:18: note: aliased declaration here
  199 |  asmlinkage long SyS##name(__MAP(x,__SC_LONG,__VA_ARGS__)) \
      |                  ^~~
./include/linux/syscalls.h:191:2: note: in expansion of macro ‘__SYSCALL_DEFINEx’
  191 |  __SYSCALL_DEFINEx(x, sname, __VA_ARGS__)
      |  ^~~~~~~~~~~~~~~~~
./include/linux/syscalls.h:184:36: note: in expansion of macro ‘SYSCALL_DEFINEx’
  184 | #define SYSCALL_DEFINE3(name, ...) SYSCALL_DEFINEx(3, _##name, __VA_ARGS__)
      |                                    ^~~~~~~~~~~~~~~
kernel/sched/core.c:4511:1: note: in expansion of macro ‘SYSCALL_DEFINE3’
 4511 | SYSCALL_DEFINE3(sched_setattr, pid_t, pid, struct sched_attr __user *, uattr,
      | ^~~~~~~~~~~~~~~
./include/linux/syscalls.h:195:18: warning: ‘sys_sched_setparam’ alias between functions of incompatible types ‘long int(pid_t,  struct sched_param *)’ {aka ‘long int(int,  struct sched_param *)’} and ‘long int(long int,  long int)’ [-Wattribute-alias=]
  195 |  asmlinkage long sys##name(__MAP(x,__SC_DECL,__VA_ARGS__)) \
      |                  ^~~
./include/linux/syscalls.h:191:2: note: in expansion of macro ‘__SYSCALL_DEFINEx’
  191 |  __SYSCALL_DEFINEx(x, sname, __VA_ARGS__)
      |  ^~~~~~~~~~~~~~~~~
./include/linux/syscalls.h:183:36: note: in expansion of macro ‘SYSCALL_DEFINEx’
  183 | #define SYSCALL_DEFINE2(name, ...) SYSCALL_DEFINEx(2, _##name, __VA_ARGS__)
      |                                    ^~~~~~~~~~~~~~~
kernel/sched/core.c:4500:1: note: in expansion of macro ‘SYSCALL_DEFINE2’
 4500 | SYSCALL_DEFINE2(sched_setparam, pid_t, pid, struct sched_param __user *, param)
      | ^~~~~~~~~~~~~~~
./include/linux/syscalls.h:199:18: note: aliased declaration here
  199 |  asmlinkage long SyS##name(__MAP(x,__SC_LONG,__VA_ARGS__)) \
      |                  ^~~
./include/linux/syscalls.h:191:2: note: in expansion of macro ‘__SYSCALL_DEFINEx’
  191 |  __SYSCALL_DEFINEx(x, sname, __VA_ARGS__)
      |  ^~~~~~~~~~~~~~~~~
./include/linux/syscalls.h:183:36: note: in expansion of macro ‘SYSCALL_DEFINEx’
  183 | #define SYSCALL_DEFINE2(name, ...) SYSCALL_DEFINEx(2, _##name, __VA_ARGS__)
      |                                    ^~~~~~~~~~~~~~~
kernel/sched/core.c:4500:1: note: in expansion of macro ‘SYSCALL_DEFINE2’
 4500 | SYSCALL_DEFINE2(sched_setparam, pid_t, pid, struct sched_param __user *, param)
      | ^~~~~~~~~~~~~~~
./include/linux/syscalls.h:195:18: warning: ‘sys_sched_setscheduler’ alias between functions of incompatible types ‘long int(pid_t,  int,  struct sched_param *)’ {aka ‘long int(int,  int,  struct sched_param *)’} and ‘long int(long int,  long int,  long int)’ [-Wattribute-alias=]
  195 |  asmlinkage long sys##name(__MAP(x,__SC_DECL,__VA_ARGS__)) \
      |                  ^~~
./include/linux/syscalls.h:191:2: note: in expansion of macro ‘__SYSCALL_DEFINEx’
  191 |  __SYSCALL_DEFINEx(x, sname, __VA_ARGS__)
      |  ^~~~~~~~~~~~~~~~~
./include/linux/syscalls.h:184:36: note: in expansion of macro ‘SYSCALL_DEFINEx’
  184 | #define SYSCALL_DEFINE3(name, ...) SYSCALL_DEFINEx(3, _##name, __VA_ARGS__)
      |                                    ^~~~~~~~~~~~~~~
kernel/sched/core.c:4483:1: note: in expansion of macro ‘SYSCALL_DEFINE3’
 4483 | SYSCALL_DEFINE3(sched_setscheduler, pid_t, pid, int, policy,
      | ^~~~~~~~~~~~~~~
./include/linux/syscalls.h:199:18: note: aliased declaration here
  199 |  asmlinkage long SyS##name(__MAP(x,__SC_LONG,__VA_ARGS__)) \
      |                  ^~~
./include/linux/syscalls.h:191:2: note: in expansion of macro ‘__SYSCALL_DEFINEx’
  191 |  __SYSCALL_DEFINEx(x, sname, __VA_ARGS__)
      |  ^~~~~~~~~~~~~~~~~
./include/linux/syscalls.h:184:36: note: in expansion of macro ‘SYSCALL_DEFINEx’
  184 | #define SYSCALL_DEFINE3(name, ...) SYSCALL_DEFINEx(3, _##name, __VA_ARGS__)
      |                                    ^~~~~~~~~~~~~~~
kernel/sched/core.c:4483:1: note: in expansion of macro ‘SYSCALL_DEFINE3’
 4483 | SYSCALL_DEFINE3(sched_setscheduler, pid_t, pid, int, policy,
      | ^~~~~~~~~~~~~~~
  CC      kernel/sched/loadavg.o
  CC      kernel/sched/clock.o
  CC      kernel/sched/cputime.o
  CC      kernel/sched/idle_task.o
  CC      kernel/sched/fair.o
  CC      kernel/sched/rt.o
  CC      kernel/sched/deadline.o
  CC      kernel/sched/stop_task.o
  CC      kernel/sched/wait.o
  CC      kernel/sched/swait.o
  CC      kernel/sched/completion.o
  CC      kernel/sched/idle.o
  CC      kernel/sched/cpupri.o
  CC      kernel/sched/cpudeadline.o
  CC      kernel/sched/auto_group.o
  CC      kernel/sched/stats.o
  CC      kernel/sched/debug.o
  CC      kernel/sched/cpuacct.o
  CC      kernel/sched/cpufreq.o
  CC      kernel/sched/cpufreq_schedutil.o
  LD      kernel/sched/built-in.o
  CC      kernel/time/time.o
In file included from kernel/time/time.c:35:
./include/linux/syscalls.h:195:18: warning: ‘sys_gettimeofday’ alias between functions of incompatible types ‘long int(struct timeval *, struct timezone *)’ and ‘long int(long int,  long int)’ [-Wattribute-alias=]
  195 |  asmlinkage long sys##name(__MAP(x,__SC_DECL,__VA_ARGS__)) \
      |                  ^~~
./include/linux/syscalls.h:191:2: note: in expansion of macro ‘__SYSCALL_DEFINEx’
  191 |  __SYSCALL_DEFINEx(x, sname, __VA_ARGS__)
      |  ^~~~~~~~~~~~~~~~~
./include/linux/syscalls.h:183:36: note: in expansion of macro ‘SYSCALL_DEFINEx’
  183 | #define SYSCALL_DEFINE2(name, ...) SYSCALL_DEFINEx(2, _##name, __VA_ARGS__)
      |                                    ^~~~~~~~~~~~~~~
kernel/time/time.c:102:1: note: in expansion of macro ‘SYSCALL_DEFINE2’
  102 | SYSCALL_DEFINE2(gettimeofday, struct timeval __user *, tv,
      | ^~~~~~~~~~~~~~~
./include/linux/syscalls.h:199:18: note: aliased declaration here
  199 |  asmlinkage long SyS##name(__MAP(x,__SC_LONG,__VA_ARGS__)) \
      |                  ^~~
./include/linux/syscalls.h:191:2: note: in expansion of macro ‘__SYSCALL_DEFINEx’
  191 |  __SYSCALL_DEFINEx(x, sname, __VA_ARGS__)
      |  ^~~~~~~~~~~~~~~~~
./include/linux/syscalls.h:183:36: note: in expansion of macro ‘SYSCALL_DEFINEx’
  183 | #define SYSCALL_DEFINE2(name, ...) SYSCALL_DEFINEx(2, _##name, __VA_ARGS__)
      |                                    ^~~~~~~~~~~~~~~
kernel/time/time.c:102:1: note: in expansion of macro ‘SYSCALL_DEFINE2’
  102 | SYSCALL_DEFINE2(gettimeofday, struct timeval __user *, tv,
      | ^~~~~~~~~~~~~~~
./include/linux/syscalls.h:195:18: warning: ‘sys_adjtimex’ alias between functions of incompatible types ‘long int(struct timex *)’ and ‘long int(long int)’ [-Wattribute-alias=]
  195 |  asmlinkage long sys##name(__MAP(x,__SC_DECL,__VA_ARGS__)) \
      |                  ^~~
./include/linux/syscalls.h:191:2: note: in expansion of macro ‘__SYSCALL_DEFINEx’
  191 |  __SYSCALL_DEFINEx(x, sname, __VA_ARGS__)
      |  ^~~~~~~~~~~~~~~~~
./include/linux/syscalls.h:182:36: note: in expansion of macro ‘SYSCALL_DEFINEx’
  182 | #define SYSCALL_DEFINE1(name, ...) SYSCALL_DEFINEx(1, _##name, __VA_ARGS__)
      |                                    ^~~~~~~~~~~~~~~
kernel/time/time.c:218:1: note: in expansion of macro ‘SYSCALL_DEFINE1’
  218 | SYSCALL_DEFINE1(adjtimex, struct timex __user *, txc_p)
      | ^~~~~~~~~~~~~~~
./include/linux/syscalls.h:199:18: note: aliased declaration here
  199 |  asmlinkage long SyS##name(__MAP(x,__SC_LONG,__VA_ARGS__)) \
      |                  ^~~
./include/linux/syscalls.h:191:2: note: in expansion of macro ‘__SYSCALL_DEFINEx’
  191 |  __SYSCALL_DEFINEx(x, sname, __VA_ARGS__)
      |  ^~~~~~~~~~~~~~~~~
./include/linux/syscalls.h:182:36: note: in expansion of macro ‘SYSCALL_DEFINEx’
  182 | #define SYSCALL_DEFINE1(name, ...) SYSCALL_DEFINEx(1, _##name, __VA_ARGS__)
      |                                    ^~~~~~~~~~~~~~~
kernel/time/time.c:218:1: note: in expansion of macro ‘SYSCALL_DEFINE1’
  218 | SYSCALL_DEFINE1(adjtimex, struct timex __user *, txc_p)
      | ^~~~~~~~~~~~~~~
./include/linux/syscalls.h:195:18: warning: ‘sys_settimeofday’ alias between functions of incompatible types ‘long int(struct timeval *, struct timezone *)’ and ‘long int(long int,  long int)’ [-Wattribute-alias=]
  195 |  asmlinkage long sys##name(__MAP(x,__SC_DECL,__VA_ARGS__)) \
      |                  ^~~
./include/linux/syscalls.h:191:2: note: in expansion of macro ‘__SYSCALL_DEFINEx’
  191 |  __SYSCALL_DEFINEx(x, sname, __VA_ARGS__)
      |  ^~~~~~~~~~~~~~~~~
./include/linux/syscalls.h:183:36: note: in expansion of macro ‘SYSCALL_DEFINEx’
  183 | #define SYSCALL_DEFINE2(name, ...) SYSCALL_DEFINEx(2, _##name, __VA_ARGS__)
      |                                    ^~~~~~~~~~~~~~~
kernel/time/time.c:193:1: note: in expansion of macro ‘SYSCALL_DEFINE2’
  193 | SYSCALL_DEFINE2(settimeofday, struct timeval __user *, tv,
      | ^~~~~~~~~~~~~~~
./include/linux/syscalls.h:199:18: note: aliased declaration here
  199 |  asmlinkage long SyS##name(__MAP(x,__SC_LONG,__VA_ARGS__)) \
      |                  ^~~
./include/linux/syscalls.h:191:2: note: in expansion of macro ‘__SYSCALL_DEFINEx’
  191 |  __SYSCALL_DEFINEx(x, sname, __VA_ARGS__)
      |  ^~~~~~~~~~~~~~~~~
./include/linux/syscalls.h:183:36: note: in expansion of macro ‘SYSCALL_DEFINEx’
  183 | #define SYSCALL_DEFINE2(name, ...) SYSCALL_DEFINEx(2, _##name, __VA_ARGS__)
      |                                    ^~~~~~~~~~~~~~~
kernel/time/time.c:193:1: note: in expansion of macro ‘SYSCALL_DEFINE2’
  193 | SYSCALL_DEFINE2(settimeofday, struct timeval __user *, tv,
      | ^~~~~~~~~~~~~~~
  CC      kernel/time/timer.o
  CC      kernel/time/hrtimer.o
In file included from kernel/time/hrtimer.c:39:
./include/linux/syscalls.h:195:18: warning: ‘sys_nanosleep’ alias between functions of incompatible types ‘long int(struct timespec *, struct timespec *)’ and ‘long int(long int,  long int)’ [-Wattribute-alias=]
  195 |  asmlinkage long sys##name(__MAP(x,__SC_DECL,__VA_ARGS__)) \
      |                  ^~~
./include/linux/syscalls.h:191:2: note: in expansion of macro ‘__SYSCALL_DEFINEx’
  191 |  __SYSCALL_DEFINEx(x, sname, __VA_ARGS__)
      |  ^~~~~~~~~~~~~~~~~
./include/linux/syscalls.h:183:36: note: in expansion of macro ‘SYSCALL_DEFINEx’
  183 | #define SYSCALL_DEFINE2(name, ...) SYSCALL_DEFINEx(2, _##name, __VA_ARGS__)
      |                                    ^~~~~~~~~~~~~~~
kernel/time/hrtimer.c:1588:1: note: in expansion of macro ‘SYSCALL_DEFINE2’
 1588 | SYSCALL_DEFINE2(nanosleep, struct timespec __user *, rqtp,
      | ^~~~~~~~~~~~~~~
./include/linux/syscalls.h:199:18: note: aliased declaration here
  199 |  asmlinkage long SyS##name(__MAP(x,__SC_LONG,__VA_ARGS__)) \
      |                  ^~~
./include/linux/syscalls.h:191:2: note: in expansion of macro ‘__SYSCALL_DEFINEx’
  191 |  __SYSCALL_DEFINEx(x, sname, __VA_ARGS__)
      |  ^~~~~~~~~~~~~~~~~
./include/linux/syscalls.h:183:36: note: in expansion of macro ‘SYSCALL_DEFINEx’
  183 | #define SYSCALL_DEFINE2(name, ...) SYSCALL_DEFINEx(2, _##name, __VA_ARGS__)
      |                                    ^~~~~~~~~~~~~~~
kernel/time/hrtimer.c:1588:1: note: in expansion of macro ‘SYSCALL_DEFINE2’
 1588 | SYSCALL_DEFINE2(nanosleep, struct timespec __user *, rqtp,
      | ^~~~~~~~~~~~~~~
  CC      kernel/time/itimer.o
In file included from kernel/time/itimer.c:11:
./include/linux/syscalls.h:195:18: warning: ‘sys_getitimer’ alias between functions of incompatible types ‘long int(int,  struct itimerval *)’ and ‘long int(long int,  long int)’ [-Wattribute-alias=]
  195 |  asmlinkage long sys##name(__MAP(x,__SC_DECL,__VA_ARGS__)) \
      |                  ^~~
./include/linux/syscalls.h:191:2: note: in expansion of macro ‘__SYSCALL_DEFINEx’
  191 |  __SYSCALL_DEFINEx(x, sname, __VA_ARGS__)
      |  ^~~~~~~~~~~~~~~~~
./include/linux/syscalls.h:183:36: note: in expansion of macro ‘SYSCALL_DEFINEx’
  183 | #define SYSCALL_DEFINE2(name, ...) SYSCALL_DEFINEx(2, _##name, __VA_ARGS__)
      |                                    ^~~~~~~~~~~~~~~
kernel/time/itimer.c:103:1: note: in expansion of macro ‘SYSCALL_DEFINE2’
  103 | SYSCALL_DEFINE2(getitimer, int, which, struct itimerval __user *, value)
      | ^~~~~~~~~~~~~~~
./include/linux/syscalls.h:199:18: note: aliased declaration here
  199 |  asmlinkage long SyS##name(__MAP(x,__SC_LONG,__VA_ARGS__)) \
      |                  ^~~
./include/linux/syscalls.h:191:2: note: in expansion of macro ‘__SYSCALL_DEFINEx’
  191 |  __SYSCALL_DEFINEx(x, sname, __VA_ARGS__)
      |  ^~~~~~~~~~~~~~~~~
./include/linux/syscalls.h:183:36: note: in expansion of macro ‘SYSCALL_DEFINEx’
  183 | #define SYSCALL_DEFINE2(name, ...) SYSCALL_DEFINEx(2, _##name, __VA_ARGS__)
      |                                    ^~~~~~~~~~~~~~~
kernel/time/itimer.c:103:1: note: in expansion of macro ‘SYSCALL_DEFINE2’
  103 | SYSCALL_DEFINE2(getitimer, int, which, struct itimerval __user *, value)
      | ^~~~~~~~~~~~~~~
./include/linux/syscalls.h:195:18: warning: ‘sys_setitimer’ alias between functions of incompatible types ‘long int(int,  struct itimerval *, struct itimerval *)’ and ‘long int(long int,  long int,  long int)’ [-Wattribute-alias=]
  195 |  asmlinkage long sys##name(__MAP(x,__SC_DECL,__VA_ARGS__)) \
      |                  ^~~
./include/linux/syscalls.h:191:2: note: in expansion of macro ‘__SYSCALL_DEFINEx’
  191 |  __SYSCALL_DEFINEx(x, sname, __VA_ARGS__)
      |  ^~~~~~~~~~~~~~~~~
./include/linux/syscalls.h:184:36: note: in expansion of macro ‘SYSCALL_DEFINEx’
  184 | #define SYSCALL_DEFINE3(name, ...) SYSCALL_DEFINEx(3, _##name, __VA_ARGS__)
      |                                    ^~~~~~~~~~~~~~~
kernel/time/itimer.c:278:1: note: in expansion of macro ‘SYSCALL_DEFINE3’
  278 | SYSCALL_DEFINE3(setitimer, int, which, struct itimerval __user *, value,
      | ^~~~~~~~~~~~~~~
./include/linux/syscalls.h:199:18: note: aliased declaration here
  199 |  asmlinkage long SyS##name(__MAP(x,__SC_LONG,__VA_ARGS__)) \
      |                  ^~~
./include/linux/syscalls.h:191:2: note: in expansion of macro ‘__SYSCALL_DEFINEx’
  191 |  __SYSCALL_DEFINEx(x, sname, __VA_ARGS__)
      |  ^~~~~~~~~~~~~~~~~
./include/linux/syscalls.h:184:36: note: in expansion of macro ‘SYSCALL_DEFINEx’
  184 | #define SYSCALL_DEFINE3(name, ...) SYSCALL_DEFINEx(3, _##name, __VA_ARGS__)
      |                                    ^~~~~~~~~~~~~~~
kernel/time/itimer.c:278:1: note: in expansion of macro ‘SYSCALL_DEFINE3’
  278 | SYSCALL_DEFINE3(setitimer, int, which, struct itimerval __user *, value,
      | ^~~~~~~~~~~~~~~
  CC      kernel/time/posix-timers.o
In file included from kernel/time/posix-timers.c:46:
./include/linux/syscalls.h:195:18: warning: ‘sys_timer_create’ alias between functions of incompatible types ‘long int(const clockid_t,  struct sigevent *, timer_t *)’ {aka ‘long int(const int,  struct sigevent *, int *)’} and ‘long int(long int,  long int,  long int)’ [-Wattribute-alias=]
  195 |  asmlinkage long sys##name(__MAP(x,__SC_DECL,__VA_ARGS__)) \
      |                  ^~~
./include/linux/syscalls.h:191:2: note: in expansion of macro ‘__SYSCALL_DEFINEx’
  191 |  __SYSCALL_DEFINEx(x, sname, __VA_ARGS__)
      |  ^~~~~~~~~~~~~~~~~
./include/linux/syscalls.h:184:36: note: in expansion of macro ‘SYSCALL_DEFINEx’
  184 | #define SYSCALL_DEFINE3(name, ...) SYSCALL_DEFINEx(3, _##name, __VA_ARGS__)
      |                                    ^~~~~~~~~~~~~~~
kernel/time/posix-timers.c:602:1: note: in expansion of macro ‘SYSCALL_DEFINE3’
  602 | SYSCALL_DEFINE3(timer_create, const clockid_t, which_clock,
      | ^~~~~~~~~~~~~~~
./include/linux/syscalls.h:199:18: note: aliased declaration here
  199 |  asmlinkage long SyS##name(__MAP(x,__SC_LONG,__VA_ARGS__)) \
      |                  ^~~
./include/linux/syscalls.h:191:2: note: in expansion of macro ‘__SYSCALL_DEFINEx’
  191 |  __SYSCALL_DEFINEx(x, sname, __VA_ARGS__)
      |  ^~~~~~~~~~~~~~~~~
./include/linux/syscalls.h:184:36: note: in expansion of macro ‘SYSCALL_DEFINEx’
  184 | #define SYSCALL_DEFINE3(name, ...) SYSCALL_DEFINEx(3, _##name, __VA_ARGS__)
      |                                    ^~~~~~~~~~~~~~~
kernel/time/posix-timers.c:602:1: note: in expansion of macro ‘SYSCALL_DEFINE3’
  602 | SYSCALL_DEFINE3(timer_create, const clockid_t, which_clock,
      | ^~~~~~~~~~~~~~~
./include/linux/syscalls.h:195:18: warning: ‘sys_clock_nanosleep’ alias between functions of incompatible types ‘long int(const clockid_t,  int,  const struct timespec *, struct timespec *)’ {aka ‘long int(const int,  int,  const struct timespec *, struct timespec *)’} and ‘long int(long int,  long int,  long int,  long int)’ [-Wattribute-alias=]
  195 |  asmlinkage long sys##name(__MAP(x,__SC_DECL,__VA_ARGS__)) \
      |                  ^~~
./include/linux/syscalls.h:191:2: note: in expansion of macro ‘__SYSCALL_DEFINEx’
  191 |  __SYSCALL_DEFINEx(x, sname, __VA_ARGS__)
      |  ^~~~~~~~~~~~~~~~~
./include/linux/syscalls.h:185:36: note: in expansion of macro ‘SYSCALL_DEFINEx’
  185 | #define SYSCALL_DEFINE4(name, ...) SYSCALL_DEFINEx(4, _##name, __VA_ARGS__)
      |                                    ^~~~~~~~~~~~~~~
kernel/time/posix-timers.c:1097:1: note: in expansion of macro ‘SYSCALL_DEFINE4’
 1097 | SYSCALL_DEFINE4(clock_nanosleep, const clockid_t, which_clock, int, flags,
      | ^~~~~~~~~~~~~~~
./include/linux/syscalls.h:199:18: note: aliased declaration here
  199 |  asmlinkage long SyS##name(__MAP(x,__SC_LONG,__VA_ARGS__)) \
      |                  ^~~
./include/linux/syscalls.h:191:2: note: in expansion of macro ‘__SYSCALL_DEFINEx’
  191 |  __SYSCALL_DEFINEx(x, sname, __VA_ARGS__)
      |  ^~~~~~~~~~~~~~~~~
./include/linux/syscalls.h:185:36: note: in expansion of macro ‘SYSCALL_DEFINEx’
  185 | #define SYSCALL_DEFINE4(name, ...) SYSCALL_DEFINEx(4, _##name, __VA_ARGS__)
      |                                    ^~~~~~~~~~~~~~~
kernel/time/posix-timers.c:1097:1: note: in expansion of macro ‘SYSCALL_DEFINE4’
 1097 | SYSCALL_DEFINE4(clock_nanosleep, const clockid_t, which_clock, int, flags,
      | ^~~~~~~~~~~~~~~
./include/linux/syscalls.h:195:18: warning: ‘sys_clock_getres’ alias between functions of incompatible types ‘long int(const clockid_t,  struct timespec *)’ {aka ‘long int(const int,  struct timespec *)’} and ‘long int(long int,  long int)’ [-Wattribute-alias=]
  195 |  asmlinkage long sys##name(__MAP(x,__SC_DECL,__VA_ARGS__)) \
      |                  ^~~
./include/linux/syscalls.h:191:2: note: in expansion of macro ‘__SYSCALL_DEFINEx’
  191 |  __SYSCALL_DEFINEx(x, sname, __VA_ARGS__)
      |  ^~~~~~~~~~~~~~~~~
./include/linux/syscalls.h:183:36: note: in expansion of macro ‘SYSCALL_DEFINEx’
  183 | #define SYSCALL_DEFINE2(name, ...) SYSCALL_DEFINEx(2, _##name, __VA_ARGS__)
      |                                    ^~~~~~~~~~~~~~~
kernel/time/posix-timers.c:1068:1: note: in expansion of macro ‘SYSCALL_DEFINE2’
 1068 | SYSCALL_DEFINE2(clock_getres, const clockid_t, which_clock,
      | ^~~~~~~~~~~~~~~
./include/linux/syscalls.h:199:18: note: aliased declaration here
  199 |  asmlinkage long SyS##name(__MAP(x,__SC_LONG,__VA_ARGS__)) \
      |                  ^~~
./include/linux/syscalls.h:191:2: note: in expansion of macro ‘__SYSCALL_DEFINEx’
  191 |  __SYSCALL_DEFINEx(x, sname, __VA_ARGS__)
      |  ^~~~~~~~~~~~~~~~~
./include/linux/syscalls.h:183:36: note: in expansion of macro ‘SYSCALL_DEFINEx’
  183 | #define SYSCALL_DEFINE2(name, ...) SYSCALL_DEFINEx(2, _##name, __VA_ARGS__)
      |                                    ^~~~~~~~~~~~~~~
kernel/time/posix-timers.c:1068:1: note: in expansion of macro ‘SYSCALL_DEFINE2’
 1068 | SYSCALL_DEFINE2(clock_getres, const clockid_t, which_clock,
      | ^~~~~~~~~~~~~~~
./include/linux/syscalls.h:195:18: warning: ‘sys_clock_adjtime’ alias between functions of incompatible types ‘long int(const clockid_t,  struct timex *)’ {aka ‘long int(const int,  struct timex *)’} and ‘long int(long int,  long int)’ [-Wattribute-alias=]
  195 |  asmlinkage long sys##name(__MAP(x,__SC_DECL,__VA_ARGS__)) \
      |                  ^~~
./include/linux/syscalls.h:191:2: note: in expansion of macro ‘__SYSCALL_DEFINEx’
  191 |  __SYSCALL_DEFINEx(x, sname, __VA_ARGS__)
      |  ^~~~~~~~~~~~~~~~~
./include/linux/syscalls.h:183:36: note: in expansion of macro ‘SYSCALL_DEFINEx’
  183 | #define SYSCALL_DEFINE2(name, ...) SYSCALL_DEFINEx(2, _##name, __VA_ARGS__)
      |                                    ^~~~~~~~~~~~~~~
kernel/time/posix-timers.c:1045:1: note: in expansion of macro ‘SYSCALL_DEFINE2’
 1045 | SYSCALL_DEFINE2(clock_adjtime, const clockid_t, which_clock,
      | ^~~~~~~~~~~~~~~
./include/linux/syscalls.h:199:18: note: aliased declaration here
  199 |  asmlinkage long SyS##name(__MAP(x,__SC_LONG,__VA_ARGS__)) \
      |                  ^~~
./include/linux/syscalls.h:191:2: note: in expansion of macro ‘__SYSCALL_DEFINEx’
  191 |  __SYSCALL_DEFINEx(x, sname, __VA_ARGS__)
      |  ^~~~~~~~~~~~~~~~~
./include/linux/syscalls.h:183:36: note: in expansion of macro ‘SYSCALL_DEFINEx’
  183 | #define SYSCALL_DEFINE2(name, ...) SYSCALL_DEFINEx(2, _##name, __VA_ARGS__)
      |                                    ^~~~~~~~~~~~~~~
kernel/time/posix-timers.c:1045:1: note: in expansion of macro ‘SYSCALL_DEFINE2’
 1045 | SYSCALL_DEFINE2(clock_adjtime, const clockid_t, which_clock,
      | ^~~~~~~~~~~~~~~
./include/linux/syscalls.h:195:18: warning: ‘sys_clock_gettime’ alias between functions of incompatible types ‘long int(const clockid_t,  struct timespec *)’ {aka ‘long int(const int,  struct timespec *)’} and ‘long int(long int,  long int)’ [-Wattribute-alias=]
  195 |  asmlinkage long sys##name(__MAP(x,__SC_DECL,__VA_ARGS__)) \
      |                  ^~~
./include/linux/syscalls.h:191:2: note: in expansion of macro ‘__SYSCALL_DEFINEx’
  191 |  __SYSCALL_DEFINEx(x, sname, __VA_ARGS__)
      |  ^~~~~~~~~~~~~~~~~
./include/linux/syscalls.h:183:36: note: in expansion of macro ‘SYSCALL_DEFINEx’
  183 | #define SYSCALL_DEFINE2(name, ...) SYSCALL_DEFINEx(2, _##name, __VA_ARGS__)
      |                                    ^~~~~~~~~~~~~~~
kernel/time/posix-timers.c:1027:1: note: in expansion of macro ‘SYSCALL_DEFINE2’
 1027 | SYSCALL_DEFINE2(clock_gettime, const clockid_t, which_clock,
      | ^~~~~~~~~~~~~~~
./include/linux/syscalls.h:199:18: note: aliased declaration here
  199 |  asmlinkage long SyS##name(__MAP(x,__SC_LONG,__VA_ARGS__)) \
      |                  ^~~
./include/linux/syscalls.h:191:2: note: in expansion of macro ‘__SYSCALL_DEFINEx’
  191 |  __SYSCALL_DEFINEx(x, sname, __VA_ARGS__)
      |  ^~~~~~~~~~~~~~~~~
./include/linux/syscalls.h:183:36: note: in expansion of macro ‘SYSCALL_DEFINEx’
  183 | #define SYSCALL_DEFINE2(name, ...) SYSCALL_DEFINEx(2, _##name, __VA_ARGS__)
      |                                    ^~~~~~~~~~~~~~~
kernel/time/posix-timers.c:1027:1: note: in expansion of macro ‘SYSCALL_DEFINE2’
 1027 | SYSCALL_DEFINE2(clock_gettime, const clockid_t, which_clock,
      | ^~~~~~~~~~~~~~~
./include/linux/syscalls.h:195:18: warning: ‘sys_clock_settime’ alias between functions of incompatible types ‘long int(const clockid_t,  const struct timespec *)’ {aka ‘long int(const int,  const struct timespec *)’} and ‘long int(long int,  long int)’ [-Wattribute-alias=]
  195 |  asmlinkage long sys##name(__MAP(x,__SC_DECL,__VA_ARGS__)) \
      |                  ^~~
./include/linux/syscalls.h:191:2: note: in expansion of macro ‘__SYSCALL_DEFINEx’
  191 |  __SYSCALL_DEFINEx(x, sname, __VA_ARGS__)
      |  ^~~~~~~~~~~~~~~~~
./include/linux/syscalls.h:183:36: note: in expansion of macro ‘SYSCALL_DEFINEx’
  183 | #define SYSCALL_DEFINE2(name, ...) SYSCALL_DEFINEx(2, _##name, __VA_ARGS__)
      |                                    ^~~~~~~~~~~~~~~
kernel/time/posix-timers.c:1012:1: note: in expansion of macro ‘SYSCALL_DEFINE2’
 1012 | SYSCALL_DEFINE2(clock_settime, const clockid_t, which_clock,
      | ^~~~~~~~~~~~~~~
./include/linux/syscalls.h:199:18: note: aliased declaration here
  199 |  asmlinkage long SyS##name(__MAP(x,__SC_LONG,__VA_ARGS__)) \
      |                  ^~~
./include/linux/syscalls.h:191:2: note: in expansion of macro ‘__SYSCALL_DEFINEx’
  191 |  __SYSCALL_DEFINEx(x, sname, __VA_ARGS__)
      |  ^~~~~~~~~~~~~~~~~
./include/linux/syscalls.h:183:36: note: in expansion of macro ‘SYSCALL_DEFINEx’
  183 | #define SYSCALL_DEFINE2(name, ...) SYSCALL_DEFINEx(2, _##name, __VA_ARGS__)
      |                                    ^~~~~~~~~~~~~~~
kernel/time/posix-timers.c:1012:1: note: in expansion of macro ‘SYSCALL_DEFINE2’
 1012 | SYSCALL_DEFINE2(clock_settime, const clockid_t, which_clock,
      | ^~~~~~~~~~~~~~~
./include/linux/syscalls.h:195:18: warning: ‘sys_timer_settime’ alias between functions of incompatible types ‘long int(timer_t,  int,  const struct itimerspec *, struct itimerspec *)’ {aka ‘long int(int,  int,  const struct itimerspec *, struct itimerspec *)’} and ‘long int(long int,  long int,  long int,  long int)’ [-Wattribute-alias=]
  195 |  asmlinkage long sys##name(__MAP(x,__SC_DECL,__VA_ARGS__)) \
      |                  ^~~
./include/linux/syscalls.h:191:2: note: in expansion of macro ‘__SYSCALL_DEFINEx’
  191 |  __SYSCALL_DEFINEx(x, sname, __VA_ARGS__)
      |  ^~~~~~~~~~~~~~~~~
./include/linux/syscalls.h:185:36: note: in expansion of macro ‘SYSCALL_DEFINEx’
  185 | #define SYSCALL_DEFINE4(name, ...) SYSCALL_DEFINEx(4, _##name, __VA_ARGS__)
      |                                    ^~~~~~~~~~~~~~~
kernel/time/posix-timers.c:881:1: note: in expansion of macro ‘SYSCALL_DEFINE4’
  881 | SYSCALL_DEFINE4(timer_settime, timer_t, timer_id, int, flags,
      | ^~~~~~~~~~~~~~~
./include/linux/syscalls.h:199:18: note: aliased declaration here
  199 |  asmlinkage long SyS##name(__MAP(x,__SC_LONG,__VA_ARGS__)) \
      |                  ^~~
./include/linux/syscalls.h:191:2: note: in expansion of macro ‘__SYSCALL_DEFINEx’
  191 |  __SYSCALL_DEFINEx(x, sname, __VA_ARGS__)
      |  ^~~~~~~~~~~~~~~~~
./include/linux/syscalls.h:185:36: note: in expansion of macro ‘SYSCALL_DEFINEx’
  185 | #define SYSCALL_DEFINE4(name, ...) SYSCALL_DEFINEx(4, _##name, __VA_ARGS__)
      |                                    ^~~~~~~~~~~~~~~
kernel/time/posix-timers.c:881:1: note: in expansion of macro ‘SYSCALL_DEFINE4’
  881 | SYSCALL_DEFINE4(timer_settime, timer_t, timer_id, int, flags,
      | ^~~~~~~~~~~~~~~
./include/linux/syscalls.h:195:18: warning: ‘sys_timer_gettime’ alias between functions of incompatible types ‘long int(timer_t,  struct itimerspec *)’ {aka ‘long int(int,  struct itimerspec *)’} and ‘long int(long int,  long int)’ [-Wattribute-alias=]
  195 |  asmlinkage long sys##name(__MAP(x,__SC_DECL,__VA_ARGS__)) \
      |                  ^~~
./include/linux/syscalls.h:191:2: note: in expansion of macro ‘__SYSCALL_DEFINEx’
  191 |  __SYSCALL_DEFINEx(x, sname, __VA_ARGS__)
      |  ^~~~~~~~~~~~~~~~~
./include/linux/syscalls.h:183:36: note: in expansion of macro ‘SYSCALL_DEFINEx’
  183 | #define SYSCALL_DEFINE2(name, ...) SYSCALL_DEFINEx(2, _##name, __VA_ARGS__)
      |                                    ^~~~~~~~~~~~~~~
kernel/time/posix-timers.c:777:1: note: in expansion of macro ‘SYSCALL_DEFINE2’
  777 | SYSCALL_DEFINE2(timer_gettime, timer_t, timer_id,
      | ^~~~~~~~~~~~~~~
./include/linux/syscalls.h:199:18: note: aliased declaration here
  199 |  asmlinkage long SyS##name(__MAP(x,__SC_LONG,__VA_ARGS__)) \
      |                  ^~~
./include/linux/syscalls.h:191:2: note: in expansion of macro ‘__SYSCALL_DEFINEx’
  191 |  __SYSCALL_DEFINEx(x, sname, __VA_ARGS__)
      |  ^~~~~~~~~~~~~~~~~
./include/linux/syscalls.h:183:36: note: in expansion of macro ‘SYSCALL_DEFINEx’
  183 | #define SYSCALL_DEFINE2(name, ...) SYSCALL_DEFINEx(2, _##name, __VA_ARGS__)
      |                                    ^~~~~~~~~~~~~~~
kernel/time/posix-timers.c:777:1: note: in expansion of macro ‘SYSCALL_DEFINE2’
  777 | SYSCALL_DEFINE2(timer_gettime, timer_t, timer_id,
      | ^~~~~~~~~~~~~~~
  CC      kernel/time/posix-cpu-timers.o
  CC      kernel/time/timekeeping.o
  CC      kernel/time/ntp.o
  CC      kernel/time/clocksource.o
  CC      kernel/time/jiffies.o
  CC      kernel/time/timer_list.o
  CC      kernel/time/timeconv.o
  CC      kernel/time/timecounter.o
  CC      kernel/time/posix-clock.o
  CC      kernel/time/alarmtimer.o
  CC      kernel/time/clockevents.o
  CC      kernel/time/tick-common.o
  CC      kernel/time/tick-broadcast.o
  CC      kernel/time/tick-broadcast-hrtimer.o
  CC      kernel/time/sched_clock.o
  CC      kernel/time/tick-oneshot.o
  CC      kernel/time/tick-sched.o
  CC      kernel/time/timer_stats.o
  CC      kernel/time/timekeeping_debug.o
  LD      kernel/time/built-in.o
  CC      kernel/trace/trace_clock.o
  CC      kernel/trace/ftrace.o
  LD      kernel/trace/libftrace.o
  CC      kernel/trace/ring_buffer.o
  CC      kernel/trace/trace.o
  CC      kernel/trace/trace_output.o
  CC      kernel/trace/trace_seq.o
  CC      kernel/trace/trace_stat.o
  CC      kernel/trace/trace_printk.o
  CC      kernel/trace/trace_sched_switch.o
  CC      kernel/trace/trace_functions.o
  CC      kernel/trace/trace_irqsoff.o
  CC      kernel/trace/trace_sched_wakeup.o
  CC      kernel/trace/trace_nop.o
  CC      kernel/trace/trace_stack.o
  CC      kernel/trace/trace_functions_graph.o
  CC      kernel/trace/blktrace.o
  CC      kernel/trace/trace_events.o
  CC      kernel/trace/trace_export.o
  CC      kernel/trace/trace_event_perf.o
  CC      kernel/trace/trace_events_filter.o
  CC      kernel/trace/trace_events_trigger.o
  CC      kernel/trace/power-traces.o
  CC      kernel/trace/rpm-traces.o
  CC      kernel/trace/trace_kdb.o
  LD      kernel/trace/built-in.o
  CC      kernel/freezer.o
  CC      kernel/profile.o
  CC      kernel/stacktrace.o
  CC      kernel/futex.o
In file included from kernel/futex.c:56:
./include/linux/syscalls.h:195:18: warning: ‘sys_set_robust_list’ alias between functions of incompatible types ‘long int(struct robust_list_head *, size_t)’ {aka ‘long int(struct robust_list_head *, unsigned int)’} and ‘long int(long int,  long int)’ [-Wattribute-alias=]
  195 |  asmlinkage long sys##name(__MAP(x,__SC_DECL,__VA_ARGS__)) \
      |                  ^~~
./include/linux/syscalls.h:191:2: note: in expansion of macro ‘__SYSCALL_DEFINEx’
  191 |  __SYSCALL_DEFINEx(x, sname, __VA_ARGS__)
      |  ^~~~~~~~~~~~~~~~~
./include/linux/syscalls.h:183:36: note: in expansion of macro ‘SYSCALL_DEFINEx’
  183 | #define SYSCALL_DEFINE2(name, ...) SYSCALL_DEFINEx(2, _##name, __VA_ARGS__)
      |                                    ^~~~~~~~~~~~~~~
kernel/futex.c:2994:1: note: in expansion of macro ‘SYSCALL_DEFINE2’
 2994 | SYSCALL_DEFINE2(set_robust_list, struct robust_list_head __user *, head,
      | ^~~~~~~~~~~~~~~
./include/linux/syscalls.h:199:18: note: aliased declaration here
  199 |  asmlinkage long SyS##name(__MAP(x,__SC_LONG,__VA_ARGS__)) \
      |                  ^~~
./include/linux/syscalls.h:191:2: note: in expansion of macro ‘__SYSCALL_DEFINEx’
  191 |  __SYSCALL_DEFINEx(x, sname, __VA_ARGS__)
      |  ^~~~~~~~~~~~~~~~~
./include/linux/syscalls.h:183:36: note: in expansion of macro ‘SYSCALL_DEFINEx’
  183 | #define SYSCALL_DEFINE2(name, ...) SYSCALL_DEFINEx(2, _##name, __VA_ARGS__)
      |                                    ^~~~~~~~~~~~~~~
kernel/futex.c:2994:1: note: in expansion of macro ‘SYSCALL_DEFINE2’
 2994 | SYSCALL_DEFINE2(set_robust_list, struct robust_list_head __user *, head,
      | ^~~~~~~~~~~~~~~
./include/linux/syscalls.h:195:18: warning: ‘sys_futex’ alias between functions of incompatible types ‘long int(u32 *, int,  u32,  struct timespec *, u32 *, u32)’ {aka ‘long int(unsigned int *, int,  unsigned int,  struct timespec *, unsigned int *, unsigned int)’} and ‘long int(long int,  long int,  long int,  long int,  long int,  long int)’ [-Wattribute-alias=]
  195 |  asmlinkage long sys##name(__MAP(x,__SC_DECL,__VA_ARGS__)) \
      |                  ^~~
./include/linux/syscalls.h:191:2: note: in expansion of macro ‘__SYSCALL_DEFINEx’
  191 |  __SYSCALL_DEFINEx(x, sname, __VA_ARGS__)
      |  ^~~~~~~~~~~~~~~~~
./include/linux/syscalls.h:187:36: note: in expansion of macro ‘SYSCALL_DEFINEx’
  187 | #define SYSCALL_DEFINE6(name, ...) SYSCALL_DEFINEx(6, _##name, __VA_ARGS__)
      |                                    ^~~~~~~~~~~~~~~
kernel/futex.c:3251:1: note: in expansion of macro ‘SYSCALL_DEFINE6’
 3251 | SYSCALL_DEFINE6(futex, u32 __user *, uaddr, int, op, u32, val,
      | ^~~~~~~~~~~~~~~
./include/linux/syscalls.h:199:18: note: aliased declaration here
  199 |  asmlinkage long SyS##name(__MAP(x,__SC_LONG,__VA_ARGS__)) \
      |                  ^~~
./include/linux/syscalls.h:191:2: note: in expansion of macro ‘__SYSCALL_DEFINEx’
  191 |  __SYSCALL_DEFINEx(x, sname, __VA_ARGS__)
      |  ^~~~~~~~~~~~~~~~~
./include/linux/syscalls.h:187:36: note: in expansion of macro ‘SYSCALL_DEFINEx’
  187 | #define SYSCALL_DEFINE6(name, ...) SYSCALL_DEFINEx(6, _##name, __VA_ARGS__)
      |                                    ^~~~~~~~~~~~~~~
kernel/futex.c:3251:1: note: in expansion of macro ‘SYSCALL_DEFINE6’
 3251 | SYSCALL_DEFINE6(futex, u32 __user *, uaddr, int, op, u32, val,
      | ^~~~~~~~~~~~~~~
./include/linux/syscalls.h:195:18: warning: ‘sys_get_robust_list’ alias between functions of incompatible types ‘long int(int,  struct robust_list_head **, size_t *)’ {aka ‘long int(int,  struct robust_list_head **, unsigned int *)’} and ‘long int(long int,  long int,  long int)’ [-Wattribute-alias=]
  195 |  asmlinkage long sys##name(__MAP(x,__SC_DECL,__VA_ARGS__)) \
      |                  ^~~
./include/linux/syscalls.h:191:2: note: in expansion of macro ‘__SYSCALL_DEFINEx’
  191 |  __SYSCALL_DEFINEx(x, sname, __VA_ARGS__)
      |  ^~~~~~~~~~~~~~~~~
./include/linux/syscalls.h:184:36: note: in expansion of macro ‘SYSCALL_DEFINEx’
  184 | #define SYSCALL_DEFINE3(name, ...) SYSCALL_DEFINEx(3, _##name, __VA_ARGS__)
      |                                    ^~~~~~~~~~~~~~~
kernel/futex.c:3016:1: note: in expansion of macro ‘SYSCALL_DEFINE3’
 3016 | SYSCALL_DEFINE3(get_robust_list, int, pid,
      | ^~~~~~~~~~~~~~~
./include/linux/syscalls.h:199:18: note: aliased declaration here
  199 |  asmlinkage long SyS##name(__MAP(x,__SC_LONG,__VA_ARGS__)) \
      |                  ^~~
./include/linux/syscalls.h:191:2: note: in expansion of macro ‘__SYSCALL_DEFINEx’
  191 |  __SYSCALL_DEFINEx(x, sname, __VA_ARGS__)
      |  ^~~~~~~~~~~~~~~~~
./include/linux/syscalls.h:184:36: note: in expansion of macro ‘SYSCALL_DEFINEx’
  184 | #define SYSCALL_DEFINE3(name, ...) SYSCALL_DEFINEx(3, _##name, __VA_ARGS__)
      |                                    ^~~~~~~~~~~~~~~
kernel/futex.c:3016:1: note: in expansion of macro ‘SYSCALL_DEFINE3’
 3016 | SYSCALL_DEFINE3(get_robust_list, int, pid,
      | ^~~~~~~~~~~~~~~
  CC      kernel/smp.o
  CC      kernel/uid16.o
In file included from kernel/uid16.c:15:
./include/linux/syscalls.h:195:18: warning: ‘sys_chown16’ alias between functions of incompatible types ‘long int(const char *, old_uid_t,  old_gid_t)’ {aka ‘long int(const char *, short unsigned int,  short unsigned int)’} and ‘long int(long int,  long int,  long int)’ [-Wattribute-alias=]
  195 |  asmlinkage long sys##name(__MAP(x,__SC_DECL,__VA_ARGS__)) \
      |                  ^~~
./include/linux/syscalls.h:191:2: note: in expansion of macro ‘__SYSCALL_DEFINEx’
  191 |  __SYSCALL_DEFINEx(x, sname, __VA_ARGS__)
      |  ^~~~~~~~~~~~~~~~~
./include/linux/syscalls.h:184:36: note: in expansion of macro ‘SYSCALL_DEFINEx’
  184 | #define SYSCALL_DEFINE3(name, ...) SYSCALL_DEFINEx(3, _##name, __VA_ARGS__)
      |                                    ^~~~~~~~~~~~~~~
kernel/uid16.c:19:1: note: in expansion of macro ‘SYSCALL_DEFINE3’
   19 | SYSCALL_DEFINE3(chown16, const char __user *, filename, old_uid_t, user, old_gid_t, group)
      | ^~~~~~~~~~~~~~~
./include/linux/syscalls.h:199:18: note: aliased declaration here
  199 |  asmlinkage long SyS##name(__MAP(x,__SC_LONG,__VA_ARGS__)) \
      |                  ^~~
./include/linux/syscalls.h:191:2: note: in expansion of macro ‘__SYSCALL_DEFINEx’
  191 |  __SYSCALL_DEFINEx(x, sname, __VA_ARGS__)
      |  ^~~~~~~~~~~~~~~~~
./include/linux/syscalls.h:184:36: note: in expansion of macro ‘SYSCALL_DEFINEx’
  184 | #define SYSCALL_DEFINE3(name, ...) SYSCALL_DEFINEx(3, _##name, __VA_ARGS__)
      |                                    ^~~~~~~~~~~~~~~
kernel/uid16.c:19:1: note: in expansion of macro ‘SYSCALL_DEFINE3’
   19 | SYSCALL_DEFINE3(chown16, const char __user *, filename, old_uid_t, user, old_gid_t, group)
      | ^~~~~~~~~~~~~~~
./include/linux/syscalls.h:195:18: warning: ‘sys_setgroups16’ alias between functions of incompatible types ‘long int(int,  old_gid_t *)’ {aka ‘long int(int,  short unsigned int *)’} and ‘long int(long int,  long int)’ [-Wattribute-alias=]
  195 |  asmlinkage long sys##name(__MAP(x,__SC_DECL,__VA_ARGS__)) \
      |                  ^~~
./include/linux/syscalls.h:191:2: note: in expansion of macro ‘__SYSCALL_DEFINEx’
  191 |  __SYSCALL_DEFINEx(x, sname, __VA_ARGS__)
      |  ^~~~~~~~~~~~~~~~~
./include/linux/syscalls.h:183:36: note: in expansion of macro ‘SYSCALL_DEFINEx’
  183 | #define SYSCALL_DEFINE2(name, ...) SYSCALL_DEFINEx(2, _##name, __VA_ARGS__)
      |                                    ^~~~~~~~~~~~~~~
kernel/uid16.c:174:1: note: in expansion of macro ‘SYSCALL_DEFINE2’
  174 | SYSCALL_DEFINE2(setgroups16, int, gidsetsize, old_gid_t __user *, grouplist)
      | ^~~~~~~~~~~~~~~
./include/linux/syscalls.h:199:18: note: aliased declaration here
  199 |  asmlinkage long SyS##name(__MAP(x,__SC_LONG,__VA_ARGS__)) \
      |                  ^~~
./include/linux/syscalls.h:191:2: note: in expansion of macro ‘__SYSCALL_DEFINEx’
  191 |  __SYSCALL_DEFINEx(x, sname, __VA_ARGS__)
      |  ^~~~~~~~~~~~~~~~~
./include/linux/syscalls.h:183:36: note: in expansion of macro ‘SYSCALL_DEFINEx’
  183 | #define SYSCALL_DEFINE2(name, ...) SYSCALL_DEFINEx(2, _##name, __VA_ARGS__)
      |                                    ^~~~~~~~~~~~~~~
kernel/uid16.c:174:1: note: in expansion of macro ‘SYSCALL_DEFINE2’
  174 | SYSCALL_DEFINE2(setgroups16, int, gidsetsize, old_gid_t __user *, grouplist)
      | ^~~~~~~~~~~~~~~
./include/linux/syscalls.h:195:18: warning: ‘sys_getgroups16’ alias between functions of incompatible types ‘long int(int,  old_gid_t *)’ {aka ‘long int(int,  short unsigned int *)’} and ‘long int(long int,  long int)’ [-Wattribute-alias=]
  195 |  asmlinkage long sys##name(__MAP(x,__SC_DECL,__VA_ARGS__)) \
      |                  ^~~
./include/linux/syscalls.h:191:2: note: in expansion of macro ‘__SYSCALL_DEFINEx’
  191 |  __SYSCALL_DEFINEx(x, sname, __VA_ARGS__)
      |  ^~~~~~~~~~~~~~~~~
./include/linux/syscalls.h:183:36: note: in expansion of macro ‘SYSCALL_DEFINEx’
  183 | #define SYSCALL_DEFINE2(name, ...) SYSCALL_DEFINEx(2, _##name, __VA_ARGS__)
      |                                    ^~~~~~~~~~~~~~~
kernel/uid16.c:151:1: note: in expansion of macro ‘SYSCALL_DEFINE2’
  151 | SYSCALL_DEFINE2(getgroups16, int, gidsetsize, old_gid_t __user *, grouplist)
      | ^~~~~~~~~~~~~~~
./include/linux/syscalls.h:199:18: note: aliased declaration here
  199 |  asmlinkage long SyS##name(__MAP(x,__SC_LONG,__VA_ARGS__)) \
      |                  ^~~
./include/linux/syscalls.h:191:2: note: in expansion of macro ‘__SYSCALL_DEFINEx’
  191 |  __SYSCALL_DEFINEx(x, sname, __VA_ARGS__)
      |  ^~~~~~~~~~~~~~~~~
./include/linux/syscalls.h:183:36: note: in expansion of macro ‘SYSCALL_DEFINEx’
  183 | #define SYSCALL_DEFINE2(name, ...) SYSCALL_DEFINEx(2, _##name, __VA_ARGS__)
      |                                    ^~~~~~~~~~~~~~~
kernel/uid16.c:151:1: note: in expansion of macro ‘SYSCALL_DEFINE2’
  151 | SYSCALL_DEFINE2(getgroups16, int, gidsetsize, old_gid_t __user *, grouplist)
      | ^~~~~~~~~~~~~~~
./include/linux/syscalls.h:195:18: warning: ‘sys_setfsgid16’ alias between functions of incompatible types ‘long int(old_gid_t)’ {aka ‘long int(short unsigned int)’} and ‘long int(long int)’ [-Wattribute-alias=]
  195 |  asmlinkage long sys##name(__MAP(x,__SC_DECL,__VA_ARGS__)) \
      |                  ^~~
./include/linux/syscalls.h:191:2: note: in expansion of macro ‘__SYSCALL_DEFINEx’
  191 |  __SYSCALL_DEFINEx(x, sname, __VA_ARGS__)
      |  ^~~~~~~~~~~~~~~~~
./include/linux/syscalls.h:182:36: note: in expansion of macro ‘SYSCALL_DEFINEx’
  182 | #define SYSCALL_DEFINE1(name, ...) SYSCALL_DEFINEx(1, _##name, __VA_ARGS__)
      |                                    ^~~~~~~~~~~~~~~
kernel/uid16.c:106:1: note: in expansion of macro ‘SYSCALL_DEFINE1’
  106 | SYSCALL_DEFINE1(setfsgid16, old_gid_t, gid)
      | ^~~~~~~~~~~~~~~
./include/linux/syscalls.h:199:18: note: aliased declaration here
  199 |  asmlinkage long SyS##name(__MAP(x,__SC_LONG,__VA_ARGS__)) \
      |                  ^~~
./include/linux/syscalls.h:191:2: note: in expansion of macro ‘__SYSCALL_DEFINEx’
  191 |  __SYSCALL_DEFINEx(x, sname, __VA_ARGS__)
      |  ^~~~~~~~~~~~~~~~~
./include/linux/syscalls.h:182:36: note: in expansion of macro ‘SYSCALL_DEFINEx’
  182 | #define SYSCALL_DEFINE1(name, ...) SYSCALL_DEFINEx(1, _##name, __VA_ARGS__)
      |                                    ^~~~~~~~~~~~~~~
kernel/uid16.c:106:1: note: in expansion of macro ‘SYSCALL_DEFINE1’
  106 | SYSCALL_DEFINE1(setfsgid16, old_gid_t, gid)
      | ^~~~~~~~~~~~~~~
./include/linux/syscalls.h:195:18: warning: ‘sys_setfsuid16’ alias between functions of incompatible types ‘long int(old_uid_t)’ {aka ‘long int(short unsigned int)’} and ‘long int(long int)’ [-Wattribute-alias=]
  195 |  asmlinkage long sys##name(__MAP(x,__SC_DECL,__VA_ARGS__)) \
      |                  ^~~
./include/linux/syscalls.h:191:2: note: in expansion of macro ‘__SYSCALL_DEFINEx’
  191 |  __SYSCALL_DEFINEx(x, sname, __VA_ARGS__)
      |  ^~~~~~~~~~~~~~~~~
./include/linux/syscalls.h:182:36: note: in expansion of macro ‘SYSCALL_DEFINEx’
  182 | #define SYSCALL_DEFINE1(name, ...) SYSCALL_DEFINEx(1, _##name, __VA_ARGS__)
      |                                    ^~~~~~~~~~~~~~~
kernel/uid16.c:101:1: note: in expansion of macro ‘SYSCALL_DEFINE1’
  101 | SYSCALL_DEFINE1(setfsuid16, old_uid_t, uid)
      | ^~~~~~~~~~~~~~~
./include/linux/syscalls.h:199:18: note: aliased declaration here
  199 |  asmlinkage long SyS##name(__MAP(x,__SC_LONG,__VA_ARGS__)) \
      |                  ^~~
./include/linux/syscalls.h:191:2: note: in expansion of macro ‘__SYSCALL_DEFINEx’
  191 |  __SYSCALL_DEFINEx(x, sname, __VA_ARGS__)
      |  ^~~~~~~~~~~~~~~~~
./include/linux/syscalls.h:182:36: note: in expansion of macro ‘SYSCALL_DEFINEx’
  182 | #define SYSCALL_DEFINE1(name, ...) SYSCALL_DEFINEx(1, _##name, __VA_ARGS__)
      |                                    ^~~~~~~~~~~~~~~
kernel/uid16.c:101:1: note: in expansion of macro ‘SYSCALL_DEFINE1’
  101 | SYSCALL_DEFINE1(setfsuid16, old_uid_t, uid)
      | ^~~~~~~~~~~~~~~
./include/linux/syscalls.h:195:18: warning: ‘sys_getresgid16’ alias between functions of incompatible types ‘long int(old_gid_t *, old_gid_t *, old_gid_t *)’ {aka ‘long int(short unsigned int *, short unsigned int *, short unsigned int *)’} and ‘long int(long int,  long int,  long int)’ [-Wattribute-alias=]
  195 |  asmlinkage long sys##name(__MAP(x,__SC_DECL,__VA_ARGS__)) \
      |                  ^~~
./include/linux/syscalls.h:191:2: note: in expansion of macro ‘__SYSCALL_DEFINEx’
  191 |  __SYSCALL_DEFINEx(x, sname, __VA_ARGS__)
      |  ^~~~~~~~~~~~~~~~~
./include/linux/syscalls.h:184:36: note: in expansion of macro ‘SYSCALL_DEFINEx’
  184 | #define SYSCALL_DEFINE3(name, ...) SYSCALL_DEFINEx(3, _##name, __VA_ARGS__)
      |                                    ^~~~~~~~~~~~~~~
kernel/uid16.c:84:1: note: in expansion of macro ‘SYSCALL_DEFINE3’
   84 | SYSCALL_DEFINE3(getresgid16, old_gid_t __user *, rgidp, old_gid_t __user *, egidp, old_gid_t __user *, sgidp)
      | ^~~~~~~~~~~~~~~
./include/linux/syscalls.h:199:18: note: aliased declaration here
  199 |  asmlinkage long SyS##name(__MAP(x,__SC_LONG,__VA_ARGS__)) \
      |                  ^~~
./include/linux/syscalls.h:191:2: note: in expansion of macro ‘__SYSCALL_DEFINEx’
  191 |  __SYSCALL_DEFINEx(x, sname, __VA_ARGS__)
      |  ^~~~~~~~~~~~~~~~~
./include/linux/syscalls.h:184:36: note: in expansion of macro ‘SYSCALL_DEFINEx’
  184 | #define SYSCALL_DEFINE3(name, ...) SYSCALL_DEFINEx(3, _##name, __VA_ARGS__)
      |                                    ^~~~~~~~~~~~~~~
kernel/uid16.c:84:1: note: in expansion of macro ‘SYSCALL_DEFINE3’
   84 | SYSCALL_DEFINE3(getresgid16, old_gid_t __user *, rgidp, old_gid_t __user *, egidp, old_gid_t __user *, sgidp)
      | ^~~~~~~~~~~~~~~
./include/linux/syscalls.h:195:18: warning: ‘sys_setresgid16’ alias between functions of incompatible types ‘long int(old_gid_t,  old_gid_t,  old_gid_t)’ {aka ‘long int(short unsigned int,  short unsigned int,  short unsigned int)’} and ‘long int(long int,  long int,  long int)’ [-Wattribute-alias=]
  195 |  asmlinkage long sys##name(__MAP(x,__SC_DECL,__VA_ARGS__)) \
      |                  ^~~
./include/linux/syscalls.h:191:2: note: in expansion of macro ‘__SYSCALL_DEFINEx’
  191 |  __SYSCALL_DEFINEx(x, sname, __VA_ARGS__)
      |  ^~~~~~~~~~~~~~~~~
./include/linux/syscalls.h:184:36: note: in expansion of macro ‘SYSCALL_DEFINEx’
  184 | #define SYSCALL_DEFINE3(name, ...) SYSCALL_DEFINEx(3, _##name, __VA_ARGS__)
      |                                    ^~~~~~~~~~~~~~~
kernel/uid16.c:77:1: note: in expansion of macro ‘SYSCALL_DEFINE3’
   77 | SYSCALL_DEFINE3(setresgid16, old_gid_t, rgid, old_gid_t, egid, old_gid_t, sgid)
      | ^~~~~~~~~~~~~~~
./include/linux/syscalls.h:199:18: note: aliased declaration here
  199 |  asmlinkage long SyS##name(__MAP(x,__SC_LONG,__VA_ARGS__)) \
      |                  ^~~
./include/linux/syscalls.h:191:2: note: in expansion of macro ‘__SYSCALL_DEFINEx’
  191 |  __SYSCALL_DEFINEx(x, sname, __VA_ARGS__)
      |  ^~~~~~~~~~~~~~~~~
./include/linux/syscalls.h:184:36: note: in expansion of macro ‘SYSCALL_DEFINEx’
  184 | #define SYSCALL_DEFINE3(name, ...) SYSCALL_DEFINEx(3, _##name, __VA_ARGS__)
      |                                    ^~~~~~~~~~~~~~~
kernel/uid16.c:77:1: note: in expansion of macro ‘SYSCALL_DEFINE3’
   77 | SYSCALL_DEFINE3(setresgid16, old_gid_t, rgid, old_gid_t, egid, old_gid_t, sgid)
      | ^~~~~~~~~~~~~~~
./include/linux/syscalls.h:195:18: warning: ‘sys_getresuid16’ alias between functions of incompatible types ‘long int(old_uid_t *, old_uid_t *, old_uid_t *)’ {aka ‘long int(short unsigned int *, short unsigned int *, short unsigned int *)’} and ‘long int(long int,  long int,  long int)’ [-Wattribute-alias=]
  195 |  asmlinkage long sys##name(__MAP(x,__SC_DECL,__VA_ARGS__)) \
      |                  ^~~
./include/linux/syscalls.h:191:2: note: in expansion of macro ‘__SYSCALL_DEFINEx’
  191 |  __SYSCALL_DEFINEx(x, sname, __VA_ARGS__)
      |  ^~~~~~~~~~~~~~~~~
./include/linux/syscalls.h:184:36: note: in expansion of macro ‘SYSCALL_DEFINEx’
  184 | #define SYSCALL_DEFINE3(name, ...) SYSCALL_DEFINEx(3, _##name, __VA_ARGS__)
      |                                    ^~~~~~~~~~~~~~~
kernel/uid16.c:60:1: note: in expansion of macro ‘SYSCALL_DEFINE3’
   60 | SYSCALL_DEFINE3(getresuid16, old_uid_t __user *, ruidp, old_uid_t __user *, euidp, old_uid_t __user *, suidp)
      | ^~~~~~~~~~~~~~~
./include/linux/syscalls.h:199:18: note: aliased declaration here
  199 |  asmlinkage long SyS##name(__MAP(x,__SC_LONG,__VA_ARGS__)) \
      |                  ^~~
./include/linux/syscalls.h:191:2: note: in expansion of macro ‘__SYSCALL_DEFINEx’
  191 |  __SYSCALL_DEFINEx(x, sname, __VA_ARGS__)
      |  ^~~~~~~~~~~~~~~~~
./include/linux/syscalls.h:184:36: note: in expansion of macro ‘SYSCALL_DEFINEx’
  184 | #define SYSCALL_DEFINE3(name, ...) SYSCALL_DEFINEx(3, _##name, __VA_ARGS__)
      |                                    ^~~~~~~~~~~~~~~
kernel/uid16.c:60:1: note: in expansion of macro ‘SYSCALL_DEFINE3’
   60 | SYSCALL_DEFINE3(getresuid16, old_uid_t __user *, ruidp, old_uid_t __user *, euidp, old_uid_t __user *, suidp)
      | ^~~~~~~~~~~~~~~
./include/linux/syscalls.h:195:18: warning: ‘sys_setresuid16’ alias between functions of incompatible types ‘long int(old_uid_t,  old_uid_t,  old_uid_t)’ {aka ‘long int(short unsigned int,  short unsigned int,  short unsigned int)’} and ‘long int(long int,  long int,  long int)’ [-Wattribute-alias=]
  195 |  asmlinkage long sys##name(__MAP(x,__SC_DECL,__VA_ARGS__)) \
      |                  ^~~
./include/linux/syscalls.h:191:2: note: in expansion of macro ‘__SYSCALL_DEFINEx’
  191 |  __SYSCALL_DEFINEx(x, sname, __VA_ARGS__)
      |  ^~~~~~~~~~~~~~~~~
./include/linux/syscalls.h:184:36: note: in expansion of macro ‘SYSCALL_DEFINEx’
  184 | #define SYSCALL_DEFINE3(name, ...) SYSCALL_DEFINEx(3, _##name, __VA_ARGS__)
      |                                    ^~~~~~~~~~~~~~~
kernel/uid16.c:54:1: note: in expansion of macro ‘SYSCALL_DEFINE3’
   54 | SYSCALL_DEFINE3(setresuid16, old_uid_t, ruid, old_uid_t, euid, old_uid_t, suid)
      | ^~~~~~~~~~~~~~~
./include/linux/syscalls.h:199:18: note: aliased declaration here
  199 |  asmlinkage long SyS##name(__MAP(x,__SC_LONG,__VA_ARGS__)) \
      |                  ^~~
./include/linux/syscalls.h:191:2: note: in expansion of macro ‘__SYSCALL_DEFINEx’
  191 |  __SYSCALL_DEFINEx(x, sname, __VA_ARGS__)
      |  ^~~~~~~~~~~~~~~~~
./include/linux/syscalls.h:184:36: note: in expansion of macro ‘SYSCALL_DEFINEx’
  184 | #define SYSCALL_DEFINE3(name, ...) SYSCALL_DEFINEx(3, _##name, __VA_ARGS__)
      |                                    ^~~~~~~~~~~~~~~
kernel/uid16.c:54:1: note: in expansion of macro ‘SYSCALL_DEFINE3’
   54 | SYSCALL_DEFINE3(setresuid16, old_uid_t, ruid, old_uid_t, euid, old_uid_t, suid)
      | ^~~~~~~~~~~~~~~
./include/linux/syscalls.h:195:18: warning: ‘sys_setuid16’ alias between functions of incompatible types ‘long int(old_uid_t)’ {aka ‘long int(short unsigned int)’} and ‘long int(long int)’ [-Wattribute-alias=]
  195 |  asmlinkage long sys##name(__MAP(x,__SC_DECL,__VA_ARGS__)) \
      |                  ^~~
./include/linux/syscalls.h:191:2: note: in expansion of macro ‘__SYSCALL_DEFINEx’
  191 |  __SYSCALL_DEFINEx(x, sname, __VA_ARGS__)
      |  ^~~~~~~~~~~~~~~~~
./include/linux/syscalls.h:182:36: note: in expansion of macro ‘SYSCALL_DEFINEx’
  182 | #define SYSCALL_DEFINE1(name, ...) SYSCALL_DEFINEx(1, _##name, __VA_ARGS__)
      |                                    ^~~~~~~~~~~~~~~
kernel/uid16.c:49:1: note: in expansion of macro ‘SYSCALL_DEFINE1’
   49 | SYSCALL_DEFINE1(setuid16, old_uid_t, uid)
      | ^~~~~~~~~~~~~~~
./include/linux/syscalls.h:199:18: note: aliased declaration here
  199 |  asmlinkage long SyS##name(__MAP(x,__SC_LONG,__VA_ARGS__)) \
      |                  ^~~
./include/linux/syscalls.h:191:2: note: in expansion of macro ‘__SYSCALL_DEFINEx’
  191 |  __SYSCALL_DEFINEx(x, sname, __VA_ARGS__)
      |  ^~~~~~~~~~~~~~~~~
./include/linux/syscalls.h:182:36: note: in expansion of macro ‘SYSCALL_DEFINEx’
  182 | #define SYSCALL_DEFINE1(name, ...) SYSCALL_DEFINEx(1, _##name, __VA_ARGS__)
      |                                    ^~~~~~~~~~~~~~~
kernel/uid16.c:49:1: note: in expansion of macro ‘SYSCALL_DEFINE1’
   49 | SYSCALL_DEFINE1(setuid16, old_uid_t, uid)
      | ^~~~~~~~~~~~~~~
./include/linux/syscalls.h:195:18: warning: ‘sys_setreuid16’ alias between functions of incompatible types ‘long int(old_uid_t,  old_uid_t)’ {aka ‘long int(short unsigned int,  short unsigned int)’} and ‘long int(long int,  long int)’ [-Wattribute-alias=]
  195 |  asmlinkage long sys##name(__MAP(x,__SC_DECL,__VA_ARGS__)) \
      |                  ^~~
./include/linux/syscalls.h:191:2: note: in expansion of macro ‘__SYSCALL_DEFINEx’
  191 |  __SYSCALL_DEFINEx(x, sname, __VA_ARGS__)
      |  ^~~~~~~~~~~~~~~~~
./include/linux/syscalls.h:183:36: note: in expansion of macro ‘SYSCALL_DEFINEx’
  183 | #define SYSCALL_DEFINE2(name, ...) SYSCALL_DEFINEx(2, _##name, __VA_ARGS__)
      |                                    ^~~~~~~~~~~~~~~
kernel/uid16.c:44:1: note: in expansion of macro ‘SYSCALL_DEFINE2’
   44 | SYSCALL_DEFINE2(setreuid16, old_uid_t, ruid, old_uid_t, euid)
      | ^~~~~~~~~~~~~~~
./include/linux/syscalls.h:199:18: note: aliased declaration here
  199 |  asmlinkage long SyS##name(__MAP(x,__SC_LONG,__VA_ARGS__)) \
      |                  ^~~
./include/linux/syscalls.h:191:2: note: in expansion of macro ‘__SYSCALL_DEFINEx’
  191 |  __SYSCALL_DEFINEx(x, sname, __VA_ARGS__)
      |  ^~~~~~~~~~~~~~~~~
./include/linux/syscalls.h:183:36: note: in expansion of macro ‘SYSCALL_DEFINEx’
  183 | #define SYSCALL_DEFINE2(name, ...) SYSCALL_DEFINEx(2, _##name, __VA_ARGS__)
      |                                    ^~~~~~~~~~~~~~~
kernel/uid16.c:44:1: note: in expansion of macro ‘SYSCALL_DEFINE2’
   44 | SYSCALL_DEFINE2(setreuid16, old_uid_t, ruid, old_uid_t, euid)
      | ^~~~~~~~~~~~~~~
./include/linux/syscalls.h:195:18: warning: ‘sys_setgid16’ alias between functions of incompatible types ‘long int(old_gid_t)’ {aka ‘long int(short unsigned int)’} and ‘long int(long int)’ [-Wattribute-alias=]
  195 |  asmlinkage long sys##name(__MAP(x,__SC_DECL,__VA_ARGS__)) \
      |                  ^~~
./include/linux/syscalls.h:191:2: note: in expansion of macro ‘__SYSCALL_DEFINEx’
  191 |  __SYSCALL_DEFINEx(x, sname, __VA_ARGS__)
      |  ^~~~~~~~~~~~~~~~~
./include/linux/syscalls.h:182:36: note: in expansion of macro ‘SYSCALL_DEFINEx’
  182 | #define SYSCALL_DEFINE1(name, ...) SYSCALL_DEFINEx(1, _##name, __VA_ARGS__)
      |                                    ^~~~~~~~~~~~~~~
kernel/uid16.c:39:1: note: in expansion of macro ‘SYSCALL_DEFINE1’
   39 | SYSCALL_DEFINE1(setgid16, old_gid_t, gid)
      | ^~~~~~~~~~~~~~~
./include/linux/syscalls.h:199:18: note: aliased declaration here
  199 |  asmlinkage long SyS##name(__MAP(x,__SC_LONG,__VA_ARGS__)) \
      |                  ^~~
./include/linux/syscalls.h:191:2: note: in expansion of macro ‘__SYSCALL_DEFINEx’
  191 |  __SYSCALL_DEFINEx(x, sname, __VA_ARGS__)
      |  ^~~~~~~~~~~~~~~~~
./include/linux/syscalls.h:182:36: note: in expansion of macro ‘SYSCALL_DEFINEx’
  182 | #define SYSCALL_DEFINE1(name, ...) SYSCALL_DEFINEx(1, _##name, __VA_ARGS__)
      |                                    ^~~~~~~~~~~~~~~
kernel/uid16.c:39:1: note: in expansion of macro ‘SYSCALL_DEFINE1’
   39 | SYSCALL_DEFINE1(setgid16, old_gid_t, gid)
      | ^~~~~~~~~~~~~~~
./include/linux/syscalls.h:195:18: warning: ‘sys_setregid16’ alias between functions of incompatible types ‘long int(old_gid_t,  old_gid_t)’ {aka ‘long int(short unsigned int,  short unsigned int)’} and ‘long int(long int,  long int)’ [-Wattribute-alias=]
  195 |  asmlinkage long sys##name(__MAP(x,__SC_DECL,__VA_ARGS__)) \
      |                  ^~~
./include/linux/syscalls.h:191:2: note: in expansion of macro ‘__SYSCALL_DEFINEx’
  191 |  __SYSCALL_DEFINEx(x, sname, __VA_ARGS__)
      |  ^~~~~~~~~~~~~~~~~
./include/linux/syscalls.h:183:36: note: in expansion of macro ‘SYSCALL_DEFINEx’
  183 | #define SYSCALL_DEFINE2(name, ...) SYSCALL_DEFINEx(2, _##name, __VA_ARGS__)
      |                                    ^~~~~~~~~~~~~~~
kernel/uid16.c:34:1: note: in expansion of macro ‘SYSCALL_DEFINE2’
   34 | SYSCALL_DEFINE2(setregid16, old_gid_t, rgid, old_gid_t, egid)
      | ^~~~~~~~~~~~~~~
./include/linux/syscalls.h:199:18: note: aliased declaration here
  199 |  asmlinkage long SyS##name(__MAP(x,__SC_LONG,__VA_ARGS__)) \
      |                  ^~~
./include/linux/syscalls.h:191:2: note: in expansion of macro ‘__SYSCALL_DEFINEx’
  191 |  __SYSCALL_DEFINEx(x, sname, __VA_ARGS__)
      |  ^~~~~~~~~~~~~~~~~
./include/linux/syscalls.h:183:36: note: in expansion of macro ‘SYSCALL_DEFINEx’
  183 | #define SYSCALL_DEFINE2(name, ...) SYSCALL_DEFINEx(2, _##name, __VA_ARGS__)
      |                                    ^~~~~~~~~~~~~~~
kernel/uid16.c:34:1: note: in expansion of macro ‘SYSCALL_DEFINE2’
   34 | SYSCALL_DEFINE2(setregid16, old_gid_t, rgid, old_gid_t, egid)
      | ^~~~~~~~~~~~~~~
./include/linux/syscalls.h:195:18: warning: ‘sys_fchown16’ alias between functions of incompatible types ‘long int(unsigned int,  old_uid_t,  old_gid_t)’ {aka ‘long int(unsigned int,  short unsigned int,  short unsigned int)’} and ‘long int(long int,  long int,  long int)’ [-Wattribute-alias=]
  195 |  asmlinkage long sys##name(__MAP(x,__SC_DECL,__VA_ARGS__)) \
      |                  ^~~
./include/linux/syscalls.h:191:2: note: in expansion of macro ‘__SYSCALL_DEFINEx’
  191 |  __SYSCALL_DEFINEx(x, sname, __VA_ARGS__)
      |  ^~~~~~~~~~~~~~~~~
./include/linux/syscalls.h:184:36: note: in expansion of macro ‘SYSCALL_DEFINEx’
  184 | #define SYSCALL_DEFINE3(name, ...) SYSCALL_DEFINEx(3, _##name, __VA_ARGS__)
      |                                    ^~~~~~~~~~~~~~~
kernel/uid16.c:29:1: note: in expansion of macro ‘SYSCALL_DEFINE3’
   29 | SYSCALL_DEFINE3(fchown16, unsigned int, fd, old_uid_t, user, old_gid_t, group)
      | ^~~~~~~~~~~~~~~
./include/linux/syscalls.h:199:18: note: aliased declaration here
  199 |  asmlinkage long SyS##name(__MAP(x,__SC_LONG,__VA_ARGS__)) \
      |                  ^~~
./include/linux/syscalls.h:191:2: note: in expansion of macro ‘__SYSCALL_DEFINEx’
  191 |  __SYSCALL_DEFINEx(x, sname, __VA_ARGS__)
      |  ^~~~~~~~~~~~~~~~~
./include/linux/syscalls.h:184:36: note: in expansion of macro ‘SYSCALL_DEFINEx’
  184 | #define SYSCALL_DEFINE3(name, ...) SYSCALL_DEFINEx(3, _##name, __VA_ARGS__)
      |                                    ^~~~~~~~~~~~~~~
kernel/uid16.c:29:1: note: in expansion of macro ‘SYSCALL_DEFINE3’
   29 | SYSCALL_DEFINE3(fchown16, unsigned int, fd, old_uid_t, user, old_gid_t, group)
      | ^~~~~~~~~~~~~~~
./include/linux/syscalls.h:195:18: warning: ‘sys_lchown16’ alias between functions of incompatible types ‘long int(const char *, old_uid_t,  old_gid_t)’ {aka ‘long int(const char *, short unsigned int,  short unsigned int)’} and ‘long int(long int,  long int,  long int)’ [-Wattribute-alias=]
  195 |  asmlinkage long sys##name(__MAP(x,__SC_DECL,__VA_ARGS__)) \
      |                  ^~~
./include/linux/syscalls.h:191:2: note: in expansion of macro ‘__SYSCALL_DEFINEx’
  191 |  __SYSCALL_DEFINEx(x, sname, __VA_ARGS__)
      |  ^~~~~~~~~~~~~~~~~
./include/linux/syscalls.h:184:36: note: in expansion of macro ‘SYSCALL_DEFINEx’
  184 | #define SYSCALL_DEFINE3(name, ...) SYSCALL_DEFINEx(3, _##name, __VA_ARGS__)
      |                                    ^~~~~~~~~~~~~~~
kernel/uid16.c:24:1: note: in expansion of macro ‘SYSCALL_DEFINE3’
   24 | SYSCALL_DEFINE3(lchown16, const char __user *, filename, old_uid_t, user, old_gid_t, group)
      | ^~~~~~~~~~~~~~~
./include/linux/syscalls.h:199:18: note: aliased declaration here
  199 |  asmlinkage long SyS##name(__MAP(x,__SC_LONG,__VA_ARGS__)) \
      |                  ^~~
./include/linux/syscalls.h:191:2: note: in expansion of macro ‘__SYSCALL_DEFINEx’
  191 |  __SYSCALL_DEFINEx(x, sname, __VA_ARGS__)
      |  ^~~~~~~~~~~~~~~~~
./include/linux/syscalls.h:184:36: note: in expansion of macro ‘SYSCALL_DEFINEx’
  184 | #define SYSCALL_DEFINE3(name, ...) SYSCALL_DEFINEx(3, _##name, __VA_ARGS__)
      |                                    ^~~~~~~~~~~~~~~
kernel/uid16.c:24:1: note: in expansion of macro ‘SYSCALL_DEFINE3’
   24 | SYSCALL_DEFINE3(lchown16, const char __user *, filename, old_uid_t, user, old_gid_t, group)
      | ^~~~~~~~~~~~~~~
  CC      kernel/module.o
In file included from kernel/module.c:34:
./include/linux/syscalls.h:195:18: warning: ‘sys_delete_module’ alias between functions of incompatible types ‘long int(const char *, unsigned int)’ and ‘long int(long int,  long int)’ [-Wattribute-alias=]
  195 |  asmlinkage long sys##name(__MAP(x,__SC_DECL,__VA_ARGS__)) \
      |                  ^~~
./include/linux/syscalls.h:191:2: note: in expansion of macro ‘__SYSCALL_DEFINEx’
  191 |  __SYSCALL_DEFINEx(x, sname, __VA_ARGS__)
      |  ^~~~~~~~~~~~~~~~~
./include/linux/syscalls.h:183:36: note: in expansion of macro ‘SYSCALL_DEFINEx’
  183 | #define SYSCALL_DEFINE2(name, ...) SYSCALL_DEFINEx(2, _##name, __VA_ARGS__)
      |                                    ^~~~~~~~~~~~~~~
kernel/module.c:931:1: note: in expansion of macro ‘SYSCALL_DEFINE2’
  931 | SYSCALL_DEFINE2(delete_module, const char __user *, name_user,
      | ^~~~~~~~~~~~~~~
./include/linux/syscalls.h:199:18: note: aliased declaration here
  199 |  asmlinkage long SyS##name(__MAP(x,__SC_LONG,__VA_ARGS__)) \
      |                  ^~~
./include/linux/syscalls.h:191:2: note: in expansion of macro ‘__SYSCALL_DEFINEx’
  191 |  __SYSCALL_DEFINEx(x, sname, __VA_ARGS__)
      |  ^~~~~~~~~~~~~~~~~
./include/linux/syscalls.h:183:36: note: in expansion of macro ‘SYSCALL_DEFINEx’
  183 | #define SYSCALL_DEFINE2(name, ...) SYSCALL_DEFINEx(2, _##name, __VA_ARGS__)
      |                                    ^~~~~~~~~~~~~~~
kernel/module.c:931:1: note: in expansion of macro ‘SYSCALL_DEFINE2’
  931 | SYSCALL_DEFINE2(delete_module, const char __user *, name_user,
      | ^~~~~~~~~~~~~~~
./include/linux/syscalls.h:195:18: warning: ‘sys_finit_module’ alias between functions of incompatible types ‘long int(int,  const char *, int)’ and ‘long int(long int,  long int,  long int)’ [-Wattribute-alias=]
  195 |  asmlinkage long sys##name(__MAP(x,__SC_DECL,__VA_ARGS__)) \
      |                  ^~~
./include/linux/syscalls.h:191:2: note: in expansion of macro ‘__SYSCALL_DEFINEx’
  191 |  __SYSCALL_DEFINEx(x, sname, __VA_ARGS__)
      |  ^~~~~~~~~~~~~~~~~
./include/linux/syscalls.h:184:36: note: in expansion of macro ‘SYSCALL_DEFINEx’
  184 | #define SYSCALL_DEFINE3(name, ...) SYSCALL_DEFINEx(3, _##name, __VA_ARGS__)
      |                                    ^~~~~~~~~~~~~~~
kernel/module.c:3780:1: note: in expansion of macro ‘SYSCALL_DEFINE3’
 3780 | SYSCALL_DEFINE3(finit_module, int, fd, const char __user *, uargs, int, flags)
      | ^~~~~~~~~~~~~~~
./include/linux/syscalls.h:199:18: note: aliased declaration here
  199 |  asmlinkage long SyS##name(__MAP(x,__SC_LONG,__VA_ARGS__)) \
      |                  ^~~
./include/linux/syscalls.h:191:2: note: in expansion of macro ‘__SYSCALL_DEFINEx’
  191 |  __SYSCALL_DEFINEx(x, sname, __VA_ARGS__)
      |  ^~~~~~~~~~~~~~~~~
./include/linux/syscalls.h:184:36: note: in expansion of macro ‘SYSCALL_DEFINEx’
  184 | #define SYSCALL_DEFINE3(name, ...) SYSCALL_DEFINEx(3, _##name, __VA_ARGS__)
      |                                    ^~~~~~~~~~~~~~~
kernel/module.c:3780:1: note: in expansion of macro ‘SYSCALL_DEFINE3’
 3780 | SYSCALL_DEFINE3(finit_module, int, fd, const char __user *, uargs, int, flags)
      | ^~~~~~~~~~~~~~~
./include/linux/syscalls.h:195:18: warning: ‘sys_init_module’ alias between functions of incompatible types ‘long int(void *, long unsigned int,  const char *)’ and ‘long int(long int,  long int,  long int)’ [-Wattribute-alias=]
  195 |  asmlinkage long sys##name(__MAP(x,__SC_DECL,__VA_ARGS__)) \
      |                  ^~~
./include/linux/syscalls.h:191:2: note: in expansion of macro ‘__SYSCALL_DEFINEx’
  191 |  __SYSCALL_DEFINEx(x, sname, __VA_ARGS__)
      |  ^~~~~~~~~~~~~~~~~
./include/linux/syscalls.h:184:36: note: in expansion of macro ‘SYSCALL_DEFINEx’
  184 | #define SYSCALL_DEFINE3(name, ...) SYSCALL_DEFINEx(3, _##name, __VA_ARGS__)
      |                                    ^~~~~~~~~~~~~~~
kernel/module.c:3760:1: note: in expansion of macro ‘SYSCALL_DEFINE3’
 3760 | SYSCALL_DEFINE3(init_module, void __user *, umod,
      | ^~~~~~~~~~~~~~~
./include/linux/syscalls.h:199:18: note: aliased declaration here
  199 |  asmlinkage long SyS##name(__MAP(x,__SC_LONG,__VA_ARGS__)) \
      |                  ^~~
./include/linux/syscalls.h:191:2: note: in expansion of macro ‘__SYSCALL_DEFINEx’
  191 |  __SYSCALL_DEFINEx(x, sname, __VA_ARGS__)
      |  ^~~~~~~~~~~~~~~~~
./include/linux/syscalls.h:184:36: note: in expansion of macro ‘SYSCALL_DEFINEx’
  184 | #define SYSCALL_DEFINE3(name, ...) SYSCALL_DEFINEx(3, _##name, __VA_ARGS__)
      |                                    ^~~~~~~~~~~~~~~
kernel/module.c:3760:1: note: in expansion of macro ‘SYSCALL_DEFINE3’
 3760 | SYSCALL_DEFINE3(init_module, void __user *, umod,
      | ^~~~~~~~~~~~~~~
  CC      kernel/kallsyms.o
  CC      kernel/acct.o
In file included from kernel/acct.c:56:
./include/linux/syscalls.h:195:18: warning: ‘sys_acct’ alias between functions of incompatible types ‘long int(const char *)’ and ‘long int(long int)’ [-Wattribute-alias=]
  195 |  asmlinkage long sys##name(__MAP(x,__SC_DECL,__VA_ARGS__)) \
      |                  ^~~
./include/linux/syscalls.h:191:2: note: in expansion of macro ‘__SYSCALL_DEFINEx’
  191 |  __SYSCALL_DEFINEx(x, sname, __VA_ARGS__)
      |  ^~~~~~~~~~~~~~~~~
./include/linux/syscalls.h:182:36: note: in expansion of macro ‘SYSCALL_DEFINEx’
  182 | #define SYSCALL_DEFINE1(name, ...) SYSCALL_DEFINEx(1, _##name, __VA_ARGS__)
      |                                    ^~~~~~~~~~~~~~~
kernel/acct.c:270:1: note: in expansion of macro ‘SYSCALL_DEFINE1’
  270 | SYSCALL_DEFINE1(acct, const char __user *, name)
      | ^~~~~~~~~~~~~~~
./include/linux/syscalls.h:199:18: note: aliased declaration here
  199 |  asmlinkage long SyS##name(__MAP(x,__SC_LONG,__VA_ARGS__)) \
      |                  ^~~
./include/linux/syscalls.h:191:2: note: in expansion of macro ‘__SYSCALL_DEFINEx’
  191 |  __SYSCALL_DEFINEx(x, sname, __VA_ARGS__)
      |  ^~~~~~~~~~~~~~~~~
./include/linux/syscalls.h:182:36: note: in expansion of macro ‘SYSCALL_DEFINEx’
  182 | #define SYSCALL_DEFINE1(name, ...) SYSCALL_DEFINEx(1, _##name, __VA_ARGS__)
      |                                    ^~~~~~~~~~~~~~~
kernel/acct.c:270:1: note: in expansion of macro ‘SYSCALL_DEFINE1’
  270 | SYSCALL_DEFINE1(acct, const char __user *, name)
      | ^~~~~~~~~~~~~~~
  CC      kernel/cgroup.o
  CC      kernel/cgroup_freezer.o
  CC      kernel/cpuset.o
  CC      kernel/utsname.o
  CC      kernel/user_namespace.o
  CC      kernel/pid_namespace.o
  CC      kernel/stop_machine.o
  CC      kernel/kprobes.o
  CC      kernel/hung_task.o
  CC      kernel/seccomp.o
In file included from kernel/seccomp.c:22:
./include/linux/syscalls.h:195:18: warning: ‘sys_seccomp’ alias between functions of incompatible types ‘long int(unsigned int,  unsigned int,  const char *)’ and ‘long int(long int,  long int,  long int)’ [-Wattribute-alias=]
  195 |  asmlinkage long sys##name(__MAP(x,__SC_DECL,__VA_ARGS__)) \
      |                  ^~~
./include/linux/syscalls.h:191:2: note: in expansion of macro ‘__SYSCALL_DEFINEx’
  191 |  __SYSCALL_DEFINEx(x, sname, __VA_ARGS__)
      |  ^~~~~~~~~~~~~~~~~
./include/linux/syscalls.h:184:36: note: in expansion of macro ‘SYSCALL_DEFINEx’
  184 | #define SYSCALL_DEFINE3(name, ...) SYSCALL_DEFINEx(3, _##name, __VA_ARGS__)
      |                                    ^~~~~~~~~~~~~~~
kernel/seccomp.c:806:1: note: in expansion of macro ‘SYSCALL_DEFINE3’
  806 | SYSCALL_DEFINE3(seccomp, unsigned int, op, unsigned int, flags,
      | ^~~~~~~~~~~~~~~
./include/linux/syscalls.h:199:18: note: aliased declaration here
  199 |  asmlinkage long SyS##name(__MAP(x,__SC_LONG,__VA_ARGS__)) \
      |                  ^~~
./include/linux/syscalls.h:191:2: note: in expansion of macro ‘__SYSCALL_DEFINEx’
  191 |  __SYSCALL_DEFINEx(x, sname, __VA_ARGS__)
      |  ^~~~~~~~~~~~~~~~~
./include/linux/syscalls.h:184:36: note: in expansion of macro ‘SYSCALL_DEFINEx’
  184 | #define SYSCALL_DEFINE3(name, ...) SYSCALL_DEFINEx(3, _##name, __VA_ARGS__)
      |                                    ^~~~~~~~~~~~~~~
kernel/seccomp.c:806:1: note: in expansion of macro ‘SYSCALL_DEFINE3’
  806 | SYSCALL_DEFINE3(seccomp, unsigned int, op, unsigned int, flags,
      | ^~~~~~~~~~~~~~~
  CC      kernel/relay.o
  CC      kernel/utsname_sysctl.o
  CC      kernel/delayacct.o
  CC      kernel/taskstats.o
  CC      kernel/tsacct.o
  CC      kernel/tracepoint.o
  CC      kernel/latencytop.o
  CC      kernel/elfcore.o
  CC      kernel/irq_work.o
  CC      kernel/jump_label.o
  CC      kernel/membarrier.o
  CC      kernel/memremap.o
  LD      kernel/built-in.o
  GZIP    kernel/config_data.gz
  CHK     kernel/config_data.h
  UPD     kernel/config_data.h
  CC [M]  kernel/configs.o
In file included from kernel/configs.c:27:
./include/linux/module.h:132:6: warning: ‘init_module’ specifies less restrictive attribute than its target ‘ikconfig_init’: ‘cold’ [-Wmissing-attributes]
  132 |  int init_module(void) __attribute__((alias(#initfn)));
      |      ^~~~~~~~~~~
kernel/configs.c:92:1: note: in expansion of macro ‘module_init’
   92 | module_init(ikconfig_init);
      | ^~~~~~~~~~~
kernel/configs.c:72:19: note: ‘init_module’ target declared here
   72 | static int __init ikconfig_init(void)
      |                   ^~~~~~~~~~~~~
In file included from kernel/configs.c:27:
./include/linux/module.h:138:7: warning: ‘cleanup_module’ specifies less restrictive attribute than its target ‘ikconfig_cleanup’: ‘cold’ [-Wmissing-attributes]
  138 |  void cleanup_module(void) __attribute__((alias(#exitfn)));
      |       ^~~~~~~~~~~~~~
kernel/configs.c:93:1: note: in expansion of macro ‘module_exit’
   93 | module_exit(ikconfig_cleanup);
      | ^~~~~~~~~~~
kernel/configs.c:87:20: note: ‘cleanup_module’ target declared here
   87 | static void __exit ikconfig_cleanup(void)
      |                    ^~~~~~~~~~~~~~~~
  LD      certs/built-in.o
  CC      mm/filemap.o
  CC      mm/mempool.o
  CC      mm/oom_kill.o
  CC      mm/maccess.o
  CC      mm/page_alloc.o
  CC      mm/page-writeback.o
  CC      mm/readahead.o
In file included from mm/readahead.c:19:
./include/linux/syscalls.h:195:18: warning: ‘sys_readahead’ alias between functions of incompatible types ‘long int(int,  loff_t,  size_t)’ {aka ‘long int(int,  long long int,  unsigned int)’} and ‘long int(long int,  long long int,  long int)’ [-Wattribute-alias=]
  195 |  asmlinkage long sys##name(__MAP(x,__SC_DECL,__VA_ARGS__)) \
      |                  ^~~
./include/linux/syscalls.h:191:2: note: in expansion of macro ‘__SYSCALL_DEFINEx’
  191 |  __SYSCALL_DEFINEx(x, sname, __VA_ARGS__)
      |  ^~~~~~~~~~~~~~~~~
./include/linux/syscalls.h:184:36: note: in expansion of macro ‘SYSCALL_DEFINEx’
  184 | #define SYSCALL_DEFINE3(name, ...) SYSCALL_DEFINEx(3, _##name, __VA_ARGS__)
      |                                    ^~~~~~~~~~~~~~~
mm/readahead.c:559:1: note: in expansion of macro ‘SYSCALL_DEFINE3’
  559 | SYSCALL_DEFINE3(readahead, int, fd, loff_t, offset, size_t, count)
      | ^~~~~~~~~~~~~~~
./include/linux/syscalls.h:199:18: note: aliased declaration here
  199 |  asmlinkage long SyS##name(__MAP(x,__SC_LONG,__VA_ARGS__)) \
      |                  ^~~
./include/linux/syscalls.h:191:2: note: in expansion of macro ‘__SYSCALL_DEFINEx’
  191 |  __SYSCALL_DEFINEx(x, sname, __VA_ARGS__)
      |  ^~~~~~~~~~~~~~~~~
./include/linux/syscalls.h:184:36: note: in expansion of macro ‘SYSCALL_DEFINEx’
  184 | #define SYSCALL_DEFINE3(name, ...) SYSCALL_DEFINEx(3, _##name, __VA_ARGS__)
      |                                    ^~~~~~~~~~~~~~~
mm/readahead.c:559:1: note: in expansion of macro ‘SYSCALL_DEFINE3’
  559 | SYSCALL_DEFINE3(readahead, int, fd, loff_t, offset, size_t, count)
      | ^~~~~~~~~~~~~~~
  CC      mm/swap.o
  CC      mm/truncate.o
  CC      mm/vmscan.o
  CC      mm/shmem.o
In file included from mm/shmem.c:70:
./include/linux/syscalls.h:195:18: warning: ‘sys_memfd_create’ alias between functions of incompatible types ‘long int(const char *, unsigned int)’ and ‘long int(long int,  long int)’ [-Wattribute-alias=]
  195 |  asmlinkage long sys##name(__MAP(x,__SC_DECL,__VA_ARGS__)) \
      |                  ^~~
./include/linux/syscalls.h:191:2: note: in expansion of macro ‘__SYSCALL_DEFINEx’
  191 |  __SYSCALL_DEFINEx(x, sname, __VA_ARGS__)
      |  ^~~~~~~~~~~~~~~~~
./include/linux/syscalls.h:183:36: note: in expansion of macro ‘SYSCALL_DEFINEx’
  183 | #define SYSCALL_DEFINE2(name, ...) SYSCALL_DEFINEx(2, _##name, __VA_ARGS__)
      |                                    ^~~~~~~~~~~~~~~
mm/shmem.c:3484:1: note: in expansion of macro ‘SYSCALL_DEFINE2’
 3484 | SYSCALL_DEFINE2(memfd_create,
      | ^~~~~~~~~~~~~~~
./include/linux/syscalls.h:199:18: note: aliased declaration here
  199 |  asmlinkage long SyS##name(__MAP(x,__SC_LONG,__VA_ARGS__)) \
      |                  ^~~
./include/linux/syscalls.h:191:2: note: in expansion of macro ‘__SYSCALL_DEFINEx’
  191 |  __SYSCALL_DEFINEx(x, sname, __VA_ARGS__)
      |  ^~~~~~~~~~~~~~~~~
./include/linux/syscalls.h:183:36: note: in expansion of macro ‘SYSCALL_DEFINEx’
  183 | #define SYSCALL_DEFINE2(name, ...) SYSCALL_DEFINEx(2, _##name, __VA_ARGS__)
      |                                    ^~~~~~~~~~~~~~~
mm/shmem.c:3484:1: note: in expansion of macro ‘SYSCALL_DEFINE2’
 3484 | SYSCALL_DEFINE2(memfd_create,
      | ^~~~~~~~~~~~~~~
  CC      mm/util.o
  CC      mm/mmzone.o
  CC      mm/vmstat.o
  CC      mm/backing-dev.o
  CC      mm/mm_init.o
  CC      mm/mmu_context.o
  CC      mm/percpu.o
  CC      mm/slab_common.o
  CC      mm/compaction.o
  CC      mm/vmacache.o
  CC      mm/interval_tree.o
  CC      mm/list_lru.o
  CC      mm/workingset.o
  CC      mm/debug.o
  CC      mm/gup.o
  CC      mm/highmem.o
  CC      mm/memory.o
  CC      mm/mincore.o
In file included from mm/mincore.c:14:
./include/linux/syscalls.h:195:18: warning: ‘sys_mincore’ alias between functions of incompatible types ‘long int(long unsigned int,  size_t,  unsigned char *)’ {aka ‘long int(long unsigned int,  unsigned int,  unsigned char *)’} and ‘long int(long int,  long int,  long int)’ [-Wattribute-alias=]
  195 |  asmlinkage long sys##name(__MAP(x,__SC_DECL,__VA_ARGS__)) \
      |                  ^~~
./include/linux/syscalls.h:191:2: note: in expansion of macro ‘__SYSCALL_DEFINEx’
  191 |  __SYSCALL_DEFINEx(x, sname, __VA_ARGS__)
      |  ^~~~~~~~~~~~~~~~~
./include/linux/syscalls.h:184:36: note: in expansion of macro ‘SYSCALL_DEFINEx’
  184 | #define SYSCALL_DEFINE3(name, ...) SYSCALL_DEFINEx(3, _##name, __VA_ARGS__)
      |                                    ^~~~~~~~~~~~~~~
mm/mincore.c:222:1: note: in expansion of macro ‘SYSCALL_DEFINE3’
  222 | SYSCALL_DEFINE3(mincore, unsigned long, start, size_t, len,
      | ^~~~~~~~~~~~~~~
./include/linux/syscalls.h:199:18: note: aliased declaration here
  199 |  asmlinkage long SyS##name(__MAP(x,__SC_LONG,__VA_ARGS__)) \
      |                  ^~~
./include/linux/syscalls.h:191:2: note: in expansion of macro ‘__SYSCALL_DEFINEx’
  191 |  __SYSCALL_DEFINEx(x, sname, __VA_ARGS__)
      |  ^~~~~~~~~~~~~~~~~
./include/linux/syscalls.h:184:36: note: in expansion of macro ‘SYSCALL_DEFINEx’
  184 | #define SYSCALL_DEFINE3(name, ...) SYSCALL_DEFINEx(3, _##name, __VA_ARGS__)
      |                                    ^~~~~~~~~~~~~~~
mm/mincore.c:222:1: note: in expansion of macro ‘SYSCALL_DEFINE3’
  222 | SYSCALL_DEFINE3(mincore, unsigned long, start, size_t, len,
      | ^~~~~~~~~~~~~~~
  CC      mm/mlock.o
In file included from mm/mlock.c:16:
./include/linux/syscalls.h:195:18: warning: ‘sys_mlock’ alias between functions of incompatible types ‘long int(long unsigned int,  size_t)’ {aka ‘long int(long unsigned int,  unsigned int)’} and ‘long int(long int,  long int)’ [-Wattribute-alias=]
  195 |  asmlinkage long sys##name(__MAP(x,__SC_DECL,__VA_ARGS__)) \
      |                  ^~~
./include/linux/syscalls.h:191:2: note: in expansion of macro ‘__SYSCALL_DEFINEx’
  191 |  __SYSCALL_DEFINEx(x, sname, __VA_ARGS__)
      |  ^~~~~~~~~~~~~~~~~
./include/linux/syscalls.h:183:36: note: in expansion of macro ‘SYSCALL_DEFINEx’
  183 | #define SYSCALL_DEFINE2(name, ...) SYSCALL_DEFINEx(2, _##name, __VA_ARGS__)
      |                                    ^~~~~~~~~~~~~~~
mm/mlock.c:712:1: note: in expansion of macro ‘SYSCALL_DEFINE2’
  712 | SYSCALL_DEFINE2(mlock, unsigned long, start, size_t, len)
      | ^~~~~~~~~~~~~~~
./include/linux/syscalls.h:199:18: note: aliased declaration here
  199 |  asmlinkage long SyS##name(__MAP(x,__SC_LONG,__VA_ARGS__)) \
      |                  ^~~
./include/linux/syscalls.h:191:2: note: in expansion of macro ‘__SYSCALL_DEFINEx’
  191 |  __SYSCALL_DEFINEx(x, sname, __VA_ARGS__)
      |  ^~~~~~~~~~~~~~~~~
./include/linux/syscalls.h:183:36: note: in expansion of macro ‘SYSCALL_DEFINEx’
  183 | #define SYSCALL_DEFINE2(name, ...) SYSCALL_DEFINEx(2, _##name, __VA_ARGS__)
      |                                    ^~~~~~~~~~~~~~~
mm/mlock.c:712:1: note: in expansion of macro ‘SYSCALL_DEFINE2’
  712 | SYSCALL_DEFINE2(mlock, unsigned long, start, size_t, len)
      | ^~~~~~~~~~~~~~~
./include/linux/syscalls.h:195:18: warning: ‘sys_munlock’ alias between functions of incompatible types ‘long int(long unsigned int,  size_t)’ {aka ‘long int(long unsigned int,  unsigned int)’} and ‘long int(long int,  long int)’ [-Wattribute-alias=]
  195 |  asmlinkage long sys##name(__MAP(x,__SC_DECL,__VA_ARGS__)) \
      |                  ^~~
./include/linux/syscalls.h:191:2: note: in expansion of macro ‘__SYSCALL_DEFINEx’
  191 |  __SYSCALL_DEFINEx(x, sname, __VA_ARGS__)
      |  ^~~~~~~~~~~~~~~~~
./include/linux/syscalls.h:183:36: note: in expansion of macro ‘SYSCALL_DEFINEx’
  183 | #define SYSCALL_DEFINE2(name, ...) SYSCALL_DEFINEx(2, _##name, __VA_ARGS__)
      |                                    ^~~~~~~~~~~~~~~
mm/mlock.c:730:1: note: in expansion of macro ‘SYSCALL_DEFINE2’
  730 | SYSCALL_DEFINE2(munlock, unsigned long, start, size_t, len)
      | ^~~~~~~~~~~~~~~
./include/linux/syscalls.h:199:18: note: aliased declaration here
  199 |  asmlinkage long SyS##name(__MAP(x,__SC_LONG,__VA_ARGS__)) \
      |                  ^~~
./include/linux/syscalls.h:191:2: note: in expansion of macro ‘__SYSCALL_DEFINEx’
  191 |  __SYSCALL_DEFINEx(x, sname, __VA_ARGS__)
      |  ^~~~~~~~~~~~~~~~~
./include/linux/syscalls.h:183:36: note: in expansion of macro ‘SYSCALL_DEFINEx’
  183 | #define SYSCALL_DEFINE2(name, ...) SYSCALL_DEFINEx(2, _##name, __VA_ARGS__)
      |                                    ^~~~~~~~~~~~~~~
mm/mlock.c:730:1: note: in expansion of macro ‘SYSCALL_DEFINE2’
  730 | SYSCALL_DEFINE2(munlock, unsigned long, start, size_t, len)
      | ^~~~~~~~~~~~~~~
./include/linux/syscalls.h:195:18: warning: ‘sys_mlock2’ alias between functions of incompatible types ‘long int(long unsigned int,  size_t,  int)’ {aka ‘long int(long unsigned int,  unsigned int,  int)’} and ‘long int(long int,  long int,  long int)’ [-Wattribute-alias=]
  195 |  asmlinkage long sys##name(__MAP(x,__SC_DECL,__VA_ARGS__)) \
      |                  ^~~
./include/linux/syscalls.h:191:2: note: in expansion of macro ‘__SYSCALL_DEFINEx’
  191 |  __SYSCALL_DEFINEx(x, sname, __VA_ARGS__)
      |  ^~~~~~~~~~~~~~~~~
./include/linux/syscalls.h:184:36: note: in expansion of macro ‘SYSCALL_DEFINEx’
  184 | #define SYSCALL_DEFINE3(name, ...) SYSCALL_DEFINEx(3, _##name, __VA_ARGS__)
      |                                    ^~~~~~~~~~~~~~~
mm/mlock.c:717:1: note: in expansion of macro ‘SYSCALL_DEFINE3’
  717 | SYSCALL_DEFINE3(mlock2, unsigned long, start, size_t, len, int, flags)
      | ^~~~~~~~~~~~~~~
./include/linux/syscalls.h:199:18: note: aliased declaration here
  199 |  asmlinkage long SyS##name(__MAP(x,__SC_LONG,__VA_ARGS__)) \
      |                  ^~~
./include/linux/syscalls.h:191:2: note: in expansion of macro ‘__SYSCALL_DEFINEx’
  191 |  __SYSCALL_DEFINEx(x, sname, __VA_ARGS__)
      |  ^~~~~~~~~~~~~~~~~
./include/linux/syscalls.h:184:36: note: in expansion of macro ‘SYSCALL_DEFINEx’
  184 | #define SYSCALL_DEFINE3(name, ...) SYSCALL_DEFINEx(3, _##name, __VA_ARGS__)
      |                                    ^~~~~~~~~~~~~~~
mm/mlock.c:717:1: note: in expansion of macro ‘SYSCALL_DEFINE3’
  717 | SYSCALL_DEFINE3(mlock2, unsigned long, start, size_t, len, int, flags)
      | ^~~~~~~~~~~~~~~
  CC      mm/mmap.o
In file included from mm/mmap.c:20:
./include/linux/syscalls.h:195:18: warning: ‘sys_brk’ alias between functions of incompatible types ‘long int(long unsigned int)’ and ‘long int(long int)’ [-Wattribute-alias=]
  195 |  asmlinkage long sys##name(__MAP(x,__SC_DECL,__VA_ARGS__)) \
      |                  ^~~
./include/linux/syscalls.h:191:2: note: in expansion of macro ‘__SYSCALL_DEFINEx’
  191 |  __SYSCALL_DEFINEx(x, sname, __VA_ARGS__)
      |  ^~~~~~~~~~~~~~~~~
./include/linux/syscalls.h:182:36: note: in expansion of macro ‘SYSCALL_DEFINEx’
  182 | #define SYSCALL_DEFINE1(name, ...) SYSCALL_DEFINEx(1, _##name, __VA_ARGS__)
      |                                    ^~~~~~~~~~~~~~~
mm/mmap.c:181:1: note: in expansion of macro ‘SYSCALL_DEFINE1’
  181 | SYSCALL_DEFINE1(brk, unsigned long, brk)
      | ^~~~~~~~~~~~~~~
./include/linux/syscalls.h:199:18: note: aliased declaration here
  199 |  asmlinkage long SyS##name(__MAP(x,__SC_LONG,__VA_ARGS__)) \
      |                  ^~~
./include/linux/syscalls.h:191:2: note: in expansion of macro ‘__SYSCALL_DEFINEx’
  191 |  __SYSCALL_DEFINEx(x, sname, __VA_ARGS__)
      |  ^~~~~~~~~~~~~~~~~
./include/linux/syscalls.h:182:36: note: in expansion of macro ‘SYSCALL_DEFINEx’
  182 | #define SYSCALL_DEFINE1(name, ...) SYSCALL_DEFINEx(1, _##name, __VA_ARGS__)
      |                                    ^~~~~~~~~~~~~~~
mm/mmap.c:181:1: note: in expansion of macro ‘SYSCALL_DEFINE1’
  181 | SYSCALL_DEFINE1(brk, unsigned long, brk)
      | ^~~~~~~~~~~~~~~
./include/linux/syscalls.h:195:18: warning: ‘sys_remap_file_pages’ alias between functions of incompatible types ‘long int(long unsigned int,  long unsigned int,  long unsigned int,  long unsigned int,  long unsigned int)’ and ‘long int(long int,  long int,  long int,  long int,  long int)’ [-Wattribute-alias=]
  195 |  asmlinkage long sys##name(__MAP(x,__SC_DECL,__VA_ARGS__)) \
      |                  ^~~
./include/linux/syscalls.h:191:2: note: in expansion of macro ‘__SYSCALL_DEFINEx’
  191 |  __SYSCALL_DEFINEx(x, sname, __VA_ARGS__)
      |  ^~~~~~~~~~~~~~~~~
./include/linux/syscalls.h:186:36: note: in expansion of macro ‘SYSCALL_DEFINEx’
  186 | #define SYSCALL_DEFINE5(name, ...) SYSCALL_DEFINEx(5, _##name, __VA_ARGS__)
      |                                    ^~~~~~~~~~~~~~~
mm/mmap.c:2736:1: note: in expansion of macro ‘SYSCALL_DEFINE5’
 2736 | SYSCALL_DEFINE5(remap_file_pages, unsigned long, start, unsigned long, size,
      | ^~~~~~~~~~~~~~~
./include/linux/syscalls.h:199:18: note: aliased declaration here
  199 |  asmlinkage long SyS##name(__MAP(x,__SC_LONG,__VA_ARGS__)) \
      |                  ^~~
./include/linux/syscalls.h:191:2: note: in expansion of macro ‘__SYSCALL_DEFINEx’
  191 |  __SYSCALL_DEFINEx(x, sname, __VA_ARGS__)
      |  ^~~~~~~~~~~~~~~~~
./include/linux/syscalls.h:186:36: note: in expansion of macro ‘SYSCALL_DEFINEx’
  186 | #define SYSCALL_DEFINE5(name, ...) SYSCALL_DEFINEx(5, _##name, __VA_ARGS__)
      |                                    ^~~~~~~~~~~~~~~
mm/mmap.c:2736:1: note: in expansion of macro ‘SYSCALL_DEFINE5’
 2736 | SYSCALL_DEFINE5(remap_file_pages, unsigned long, start, unsigned long, size,
      | ^~~~~~~~~~~~~~~
./include/linux/syscalls.h:195:18: warning: ‘sys_munmap’ alias between functions of incompatible types ‘long int(long unsigned int,  size_t)’ {aka ‘long int(long unsigned int,  unsigned int)’} and ‘long int(long int,  long int)’ [-Wattribute-alias=]
  195 |  asmlinkage long sys##name(__MAP(x,__SC_DECL,__VA_ARGS__)) \
      |                  ^~~
./include/linux/syscalls.h:191:2: note: in expansion of macro ‘__SYSCALL_DEFINEx’
  191 |  __SYSCALL_DEFINEx(x, sname, __VA_ARGS__)
      |  ^~~~~~~~~~~~~~~~~
./include/linux/syscalls.h:183:36: note: in expansion of macro ‘SYSCALL_DEFINEx’
  183 | #define SYSCALL_DEFINE2(name, ...) SYSCALL_DEFINEx(2, _##name, __VA_ARGS__)
      |                                    ^~~~~~~~~~~~~~~
mm/mmap.c:2719:1: note: in expansion of macro ‘SYSCALL_DEFINE2’
 2719 | SYSCALL_DEFINE2(munmap, unsigned long, addr, size_t, len)
      | ^~~~~~~~~~~~~~~
./include/linux/syscalls.h:199:18: note: aliased declaration here
  199 |  asmlinkage long SyS##name(__MAP(x,__SC_LONG,__VA_ARGS__)) \
      |                  ^~~
./include/linux/syscalls.h:191:2: note: in expansion of macro ‘__SYSCALL_DEFINEx’
  191 |  __SYSCALL_DEFINEx(x, sname, __VA_ARGS__)
      |  ^~~~~~~~~~~~~~~~~
./include/linux/syscalls.h:183:36: note: in expansion of macro ‘SYSCALL_DEFINEx’
  183 | #define SYSCALL_DEFINE2(name, ...) SYSCALL_DEFINEx(2, _##name, __VA_ARGS__)
      |                                    ^~~~~~~~~~~~~~~
mm/mmap.c:2719:1: note: in expansion of macro ‘SYSCALL_DEFINE2’
 2719 | SYSCALL_DEFINE2(munmap, unsigned long, addr, size_t, len)
      | ^~~~~~~~~~~~~~~
./include/linux/syscalls.h:195:18: warning: ‘sys_old_mmap’ alias between functions of incompatible types ‘long int(struct mmap_arg_struct *)’ and ‘long int(long int)’ [-Wattribute-alias=]
  195 |  asmlinkage long sys##name(__MAP(x,__SC_DECL,__VA_ARGS__)) \
      |                  ^~~
./include/linux/syscalls.h:191:2: note: in expansion of macro ‘__SYSCALL_DEFINEx’
  191 |  __SYSCALL_DEFINEx(x, sname, __VA_ARGS__)
      |  ^~~~~~~~~~~~~~~~~
./include/linux/syscalls.h:182:36: note: in expansion of macro ‘SYSCALL_DEFINEx’
  182 | #define SYSCALL_DEFINE1(name, ...) SYSCALL_DEFINEx(1, _##name, __VA_ARGS__)
      |                                    ^~~~~~~~~~~~~~~
mm/mmap.c:1531:1: note: in expansion of macro ‘SYSCALL_DEFINE1’
 1531 | SYSCALL_DEFINE1(old_mmap, struct mmap_arg_struct __user *, arg)
      | ^~~~~~~~~~~~~~~
./include/linux/syscalls.h:199:18: note: aliased declaration here
  199 |  asmlinkage long SyS##name(__MAP(x,__SC_LONG,__VA_ARGS__)) \
      |                  ^~~
./include/linux/syscalls.h:191:2: note: in expansion of macro ‘__SYSCALL_DEFINEx’
  191 |  __SYSCALL_DEFINEx(x, sname, __VA_ARGS__)
      |  ^~~~~~~~~~~~~~~~~
./include/linux/syscalls.h:182:36: note: in expansion of macro ‘SYSCALL_DEFINEx’
  182 | #define SYSCALL_DEFINE1(name, ...) SYSCALL_DEFINEx(1, _##name, __VA_ARGS__)
      |                                    ^~~~~~~~~~~~~~~
mm/mmap.c:1531:1: note: in expansion of macro ‘SYSCALL_DEFINE1’
 1531 | SYSCALL_DEFINE1(old_mmap, struct mmap_arg_struct __user *, arg)
      | ^~~~~~~~~~~~~~~
./include/linux/syscalls.h:195:18: warning: ‘sys_mmap_pgoff’ alias between functions of incompatible types ‘long int(long unsigned int,  long unsigned int,  long unsigned int,  long unsigned int,  long unsigned int,  long unsigned int)’ and ‘long int(long int,  long int,  long int,  long int,  long int,  long int)’ [-Wattribute-alias=]
  195 |  asmlinkage long sys##name(__MAP(x,__SC_DECL,__VA_ARGS__)) \
      |                  ^~~
./include/linux/syscalls.h:191:2: note: in expansion of macro ‘__SYSCALL_DEFINEx’
  191 |  __SYSCALL_DEFINEx(x, sname, __VA_ARGS__)
      |  ^~~~~~~~~~~~~~~~~
./include/linux/syscalls.h:187:36: note: in expansion of macro ‘SYSCALL_DEFINEx’
  187 | #define SYSCALL_DEFINE6(name, ...) SYSCALL_DEFINEx(6, _##name, __VA_ARGS__)
      |                                    ^~~~~~~~~~~~~~~
mm/mmap.c:1472:1: note: in expansion of macro ‘SYSCALL_DEFINE6’
 1472 | SYSCALL_DEFINE6(mmap_pgoff, unsigned long, addr, unsigned long, len,
      | ^~~~~~~~~~~~~~~
./include/linux/syscalls.h:199:18: note: aliased declaration here
  199 |  asmlinkage long SyS##name(__MAP(x,__SC_LONG,__VA_ARGS__)) \
      |                  ^~~
./include/linux/syscalls.h:191:2: note: in expansion of macro ‘__SYSCALL_DEFINEx’
  191 |  __SYSCALL_DEFINEx(x, sname, __VA_ARGS__)
      |  ^~~~~~~~~~~~~~~~~
./include/linux/syscalls.h:187:36: note: in expansion of macro ‘SYSCALL_DEFINEx’
  187 | #define SYSCALL_DEFINE6(name, ...) SYSCALL_DEFINEx(6, _##name, __VA_ARGS__)
      |                                    ^~~~~~~~~~~~~~~
mm/mmap.c:1472:1: note: in expansion of macro ‘SYSCALL_DEFINE6’
 1472 | SYSCALL_DEFINE6(mmap_pgoff, unsigned long, addr, unsigned long, len,
      | ^~~~~~~~~~~~~~~
  CC      mm/mprotect.o
In file included from mm/mprotect.c:20:
./include/linux/syscalls.h:195:18: warning: ‘sys_mprotect’ alias between functions of incompatible types ‘long int(long unsigned int,  size_t,  long unsigned int)’ {aka ‘long int(long unsigned int,  unsigned int,  long unsigned int)’} and ‘long int(long int,  long int,  long int)’ [-Wattribute-alias=]
  195 |  asmlinkage long sys##name(__MAP(x,__SC_DECL,__VA_ARGS__)) \
      |                  ^~~
./include/linux/syscalls.h:191:2: note: in expansion of macro ‘__SYSCALL_DEFINEx’
  191 |  __SYSCALL_DEFINEx(x, sname, __VA_ARGS__)
      |  ^~~~~~~~~~~~~~~~~
./include/linux/syscalls.h:184:36: note: in expansion of macro ‘SYSCALL_DEFINEx’
  184 | #define SYSCALL_DEFINE3(name, ...) SYSCALL_DEFINEx(3, _##name, __VA_ARGS__)
      |                                    ^~~~~~~~~~~~~~~
mm/mprotect.c:482:1: note: in expansion of macro ‘SYSCALL_DEFINE3’
  482 | SYSCALL_DEFINE3(mprotect, unsigned long, start, size_t, len,
      | ^~~~~~~~~~~~~~~
./include/linux/syscalls.h:199:18: note: aliased declaration here
  199 |  asmlinkage long SyS##name(__MAP(x,__SC_LONG,__VA_ARGS__)) \
      |                  ^~~
./include/linux/syscalls.h:191:2: note: in expansion of macro ‘__SYSCALL_DEFINEx’
  191 |  __SYSCALL_DEFINEx(x, sname, __VA_ARGS__)
      |  ^~~~~~~~~~~~~~~~~
./include/linux/syscalls.h:184:36: note: in expansion of macro ‘SYSCALL_DEFINEx’
  184 | #define SYSCALL_DEFINE3(name, ...) SYSCALL_DEFINEx(3, _##name, __VA_ARGS__)
      |                                    ^~~~~~~~~~~~~~~
mm/mprotect.c:482:1: note: in expansion of macro ‘SYSCALL_DEFINE3’
  482 | SYSCALL_DEFINE3(mprotect, unsigned long, start, size_t, len,
      | ^~~~~~~~~~~~~~~
./include/linux/syscalls.h:195:18: warning: ‘sys_pkey_alloc’ alias between functions of incompatible types ‘long int(long unsigned int,  long unsigned int)’ and ‘long int(long int,  long int)’ [-Wattribute-alias=]
  195 |  asmlinkage long sys##name(__MAP(x,__SC_DECL,__VA_ARGS__)) \
      |                  ^~~
./include/linux/syscalls.h:191:2: note: in expansion of macro ‘__SYSCALL_DEFINEx’
  191 |  __SYSCALL_DEFINEx(x, sname, __VA_ARGS__)
      |  ^~~~~~~~~~~~~~~~~
./include/linux/syscalls.h:183:36: note: in expansion of macro ‘SYSCALL_DEFINEx’
  183 | #define SYSCALL_DEFINE2(name, ...) SYSCALL_DEFINEx(2, _##name, __VA_ARGS__)
      |                                    ^~~~~~~~~~~~~~~
mm/mprotect.c:494:1: note: in expansion of macro ‘SYSCALL_DEFINE2’
  494 | SYSCALL_DEFINE2(pkey_alloc, unsigned long, flags, unsigned long, init_val)
      | ^~~~~~~~~~~~~~~
./include/linux/syscalls.h:199:18: note: aliased declaration here
  199 |  asmlinkage long SyS##name(__MAP(x,__SC_LONG,__VA_ARGS__)) \
      |                  ^~~
./include/linux/syscalls.h:191:2: note: in expansion of macro ‘__SYSCALL_DEFINEx’
  191 |  __SYSCALL_DEFINEx(x, sname, __VA_ARGS__)
      |  ^~~~~~~~~~~~~~~~~
./include/linux/syscalls.h:183:36: note: in expansion of macro ‘SYSCALL_DEFINEx’
  183 | #define SYSCALL_DEFINE2(name, ...) SYSCALL_DEFINEx(2, _##name, __VA_ARGS__)
      |                                    ^~~~~~~~~~~~~~~
mm/mprotect.c:494:1: note: in expansion of macro ‘SYSCALL_DEFINE2’
  494 | SYSCALL_DEFINE2(pkey_alloc, unsigned long, flags, unsigned long, init_val)
      | ^~~~~~~~~~~~~~~
./include/linux/syscalls.h:195:18: warning: ‘sys_pkey_mprotect’ alias between functions of incompatible types ‘long int(long unsigned int,  size_t,  long unsigned int,  int)’ {aka ‘long int(long unsigned int,  unsigned int,  long unsigned int,  int)’} and ‘long int(long int,  long int,  long int,  long int)’ [-Wattribute-alias=]
  195 |  asmlinkage long sys##name(__MAP(x,__SC_DECL,__VA_ARGS__)) \
      |                  ^~~
./include/linux/syscalls.h:191:2: note: in expansion of macro ‘__SYSCALL_DEFINEx’
  191 |  __SYSCALL_DEFINEx(x, sname, __VA_ARGS__)
      |  ^~~~~~~~~~~~~~~~~
./include/linux/syscalls.h:185:36: note: in expansion of macro ‘SYSCALL_DEFINEx’
  185 | #define SYSCALL_DEFINE4(name, ...) SYSCALL_DEFINEx(4, _##name, __VA_ARGS__)
      |                                    ^~~~~~~~~~~~~~~
mm/mprotect.c:488:1: note: in expansion of macro ‘SYSCALL_DEFINE4’
  488 | SYSCALL_DEFINE4(pkey_mprotect, unsigned long, start, size_t, len,
      | ^~~~~~~~~~~~~~~
./include/linux/syscalls.h:199:18: note: aliased declaration here
  199 |  asmlinkage long SyS##name(__MAP(x,__SC_LONG,__VA_ARGS__)) \
      |                  ^~~
./include/linux/syscalls.h:191:2: note: in expansion of macro ‘__SYSCALL_DEFINEx’
  191 |  __SYSCALL_DEFINEx(x, sname, __VA_ARGS__)
      |  ^~~~~~~~~~~~~~~~~
./include/linux/syscalls.h:185:36: note: in expansion of macro ‘SYSCALL_DEFINEx’
  185 | #define SYSCALL_DEFINE4(name, ...) SYSCALL_DEFINEx(4, _##name, __VA_ARGS__)
      |                                    ^~~~~~~~~~~~~~~
mm/mprotect.c:488:1: note: in expansion of macro ‘SYSCALL_DEFINE4’
  488 | SYSCALL_DEFINE4(pkey_mprotect, unsigned long, start, size_t, len,
      | ^~~~~~~~~~~~~~~
  CC      mm/mremap.o
In file included from mm/mremap.c:21:
./include/linux/syscalls.h:195:18: warning: ‘sys_mremap’ alias between functions of incompatible types ‘long int(long unsigned int,  long unsigned int,  long unsigned int,  long unsigned int,  long unsigned int)’ and ‘long int(long int,  long int,  long int,  long int,  long int)’ [-Wattribute-alias=]
  195 |  asmlinkage long sys##name(__MAP(x,__SC_DECL,__VA_ARGS__)) \
      |                  ^~~
./include/linux/syscalls.h:191:2: note: in expansion of macro ‘__SYSCALL_DEFINEx’
  191 |  __SYSCALL_DEFINEx(x, sname, __VA_ARGS__)
      |  ^~~~~~~~~~~~~~~~~
./include/linux/syscalls.h:186:36: note: in expansion of macro ‘SYSCALL_DEFINEx’
  186 | #define SYSCALL_DEFINE5(name, ...) SYSCALL_DEFINEx(5, _##name, __VA_ARGS__)
      |                                    ^~~~~~~~~~~~~~~
mm/mremap.c:492:1: note: in expansion of macro ‘SYSCALL_DEFINE5’
  492 | SYSCALL_DEFINE5(mremap, unsigned long, addr, unsigned long, old_len,
      | ^~~~~~~~~~~~~~~
./include/linux/syscalls.h:199:18: note: aliased declaration here
  199 |  asmlinkage long SyS##name(__MAP(x,__SC_LONG,__VA_ARGS__)) \
      |                  ^~~
./include/linux/syscalls.h:191:2: note: in expansion of macro ‘__SYSCALL_DEFINEx’
  191 |  __SYSCALL_DEFINEx(x, sname, __VA_ARGS__)
      |  ^~~~~~~~~~~~~~~~~
./include/linux/syscalls.h:186:36: note: in expansion of macro ‘SYSCALL_DEFINEx’
  186 | #define SYSCALL_DEFINE5(name, ...) SYSCALL_DEFINEx(5, _##name, __VA_ARGS__)
      |                                    ^~~~~~~~~~~~~~~
mm/mremap.c:492:1: note: in expansion of macro ‘SYSCALL_DEFINE5’
  492 | SYSCALL_DEFINE5(mremap, unsigned long, addr, unsigned long, old_len,
      | ^~~~~~~~~~~~~~~
  CC      mm/msync.o
In file included from mm/msync.c:14:
./include/linux/syscalls.h:195:18: warning: ‘sys_msync’ alias between functions of incompatible types ‘long int(long unsigned int,  size_t,  int)’ {aka ‘long int(long unsigned int,  unsigned int,  int)’} and ‘long int(long int,  long int,  long int)’ [-Wattribute-alias=]
  195 |  asmlinkage long sys##name(__MAP(x,__SC_DECL,__VA_ARGS__)) \
      |                  ^~~
./include/linux/syscalls.h:191:2: note: in expansion of macro ‘__SYSCALL_DEFINEx’
  191 |  __SYSCALL_DEFINEx(x, sname, __VA_ARGS__)
      |  ^~~~~~~~~~~~~~~~~
./include/linux/syscalls.h:184:36: note: in expansion of macro ‘SYSCALL_DEFINEx’
  184 | #define SYSCALL_DEFINE3(name, ...) SYSCALL_DEFINEx(3, _##name, __VA_ARGS__)
      |                                    ^~~~~~~~~~~~~~~
mm/msync.c:31:1: note: in expansion of macro ‘SYSCALL_DEFINE3’
   31 | SYSCALL_DEFINE3(msync, unsigned long, start, size_t, len, int, flags)
      | ^~~~~~~~~~~~~~~
./include/linux/syscalls.h:199:18: note: aliased declaration here
  199 |  asmlinkage long SyS##name(__MAP(x,__SC_LONG,__VA_ARGS__)) \
      |                  ^~~
./include/linux/syscalls.h:191:2: note: in expansion of macro ‘__SYSCALL_DEFINEx’
  191 |  __SYSCALL_DEFINEx(x, sname, __VA_ARGS__)
      |  ^~~~~~~~~~~~~~~~~
./include/linux/syscalls.h:184:36: note: in expansion of macro ‘SYSCALL_DEFINEx’
  184 | #define SYSCALL_DEFINE3(name, ...) SYSCALL_DEFINEx(3, _##name, __VA_ARGS__)
      |                                    ^~~~~~~~~~~~~~~
mm/msync.c:31:1: note: in expansion of macro ‘SYSCALL_DEFINE3’
   31 | SYSCALL_DEFINE3(msync, unsigned long, start, size_t, len, int, flags)
      | ^~~~~~~~~~~~~~~
  CC      mm/rmap.o
  CC      mm/vmalloc.o
  CC      mm/pagewalk.o
  CC      mm/pgtable-generic.o
  CC      mm/process_vm_access.o
In file included from mm/process_vm_access.c:18:
./include/linux/syscalls.h:195:18: warning: ‘sys_process_vm_readv’ alias between functions of incompatible types ‘long int(pid_t,  const struct iovec *, long unsigned int,  const struct iovec *, long unsigned int,  long unsigned int)’ {aka ‘long int(int,  const struct iovec *, long unsigned int,  const struct iovec *, long unsigned int,  long unsigned int)’} and ‘long int(long int,  long int,  long int,  long int,  long int,  long int)’ [-Wattribute-alias=]
  195 |  asmlinkage long sys##name(__MAP(x,__SC_DECL,__VA_ARGS__)) \
      |                  ^~~
./include/linux/syscalls.h:191:2: note: in expansion of macro ‘__SYSCALL_DEFINEx’
  191 |  __SYSCALL_DEFINEx(x, sname, __VA_ARGS__)
      |  ^~~~~~~~~~~~~~~~~
./include/linux/syscalls.h:187:36: note: in expansion of macro ‘SYSCALL_DEFINEx’
  187 | #define SYSCALL_DEFINE6(name, ...) SYSCALL_DEFINEx(6, _##name, __VA_ARGS__)
      |                                    ^~~~~~~~~~~~~~~
mm/process_vm_access.c:295:1: note: in expansion of macro ‘SYSCALL_DEFINE6’
  295 | SYSCALL_DEFINE6(process_vm_readv, pid_t, pid, const struct iovec __user *, lvec,
      | ^~~~~~~~~~~~~~~
./include/linux/syscalls.h:199:18: note: aliased declaration here
  199 |  asmlinkage long SyS##name(__MAP(x,__SC_LONG,__VA_ARGS__)) \
      |                  ^~~
./include/linux/syscalls.h:191:2: note: in expansion of macro ‘__SYSCALL_DEFINEx’
  191 |  __SYSCALL_DEFINEx(x, sname, __VA_ARGS__)
      |  ^~~~~~~~~~~~~~~~~
./include/linux/syscalls.h:187:36: note: in expansion of macro ‘SYSCALL_DEFINEx’
  187 | #define SYSCALL_DEFINE6(name, ...) SYSCALL_DEFINEx(6, _##name, __VA_ARGS__)
      |                                    ^~~~~~~~~~~~~~~
mm/process_vm_access.c:295:1: note: in expansion of macro ‘SYSCALL_DEFINE6’
  295 | SYSCALL_DEFINE6(process_vm_readv, pid_t, pid, const struct iovec __user *, lvec,
      | ^~~~~~~~~~~~~~~
./include/linux/syscalls.h:195:18: warning: ‘sys_process_vm_writev’ alias between functions of incompatible types ‘long int(pid_t,  const struct iovec *, long unsigned int,  const struct iovec *, long unsigned int,  long unsigned int)’ {aka ‘long int(int,  const struct iovec *, long unsigned int,  const struct iovec *, long unsigned int,  long unsigned int)’} and ‘long int(long int,  long int,  long int,  long int,  long int,  long int)’ [-Wattribute-alias=]
  195 |  asmlinkage long sys##name(__MAP(x,__SC_DECL,__VA_ARGS__)) \
      |                  ^~~
./include/linux/syscalls.h:191:2: note: in expansion of macro ‘__SYSCALL_DEFINEx’
  191 |  __SYSCALL_DEFINEx(x, sname, __VA_ARGS__)
      |  ^~~~~~~~~~~~~~~~~
./include/linux/syscalls.h:187:36: note: in expansion of macro ‘SYSCALL_DEFINEx’
  187 | #define SYSCALL_DEFINE6(name, ...) SYSCALL_DEFINEx(6, _##name, __VA_ARGS__)
      |                                    ^~~~~~~~~~~~~~~
mm/process_vm_access.c:302:1: note: in expansion of macro ‘SYSCALL_DEFINE6’
  302 | SYSCALL_DEFINE6(process_vm_writev, pid_t, pid,
      | ^~~~~~~~~~~~~~~
./include/linux/syscalls.h:199:18: note: aliased declaration here
  199 |  asmlinkage long SyS##name(__MAP(x,__SC_LONG,__VA_ARGS__)) \
      |                  ^~~
./include/linux/syscalls.h:191:2: note: in expansion of macro ‘__SYSCALL_DEFINEx’
  191 |  __SYSCALL_DEFINEx(x, sname, __VA_ARGS__)
      |  ^~~~~~~~~~~~~~~~~
./include/linux/syscalls.h:187:36: note: in expansion of macro ‘SYSCALL_DEFINEx’
  187 | #define SYSCALL_DEFINE6(name, ...) SYSCALL_DEFINEx(6, _##name, __VA_ARGS__)
      |                                    ^~~~~~~~~~~~~~~
mm/process_vm_access.c:302:1: note: in expansion of macro ‘SYSCALL_DEFINE6’
  302 | SYSCALL_DEFINE6(process_vm_writev, pid_t, pid,
      | ^~~~~~~~~~~~~~~
  CC      mm/init-mm.o
  CC      mm/nobootmem.o
  CC      mm/fadvise.o
  CC      mm/madvise.o
In file included from mm/madvise.c:10:
./include/linux/syscalls.h:195:18: warning: ‘sys_madvise’ alias between functions of incompatible types ‘long int(long unsigned int,  size_t,  int)’ {aka ‘long int(long unsigned int,  unsigned int,  int)’} and ‘long int(long int,  long int,  long int)’ [-Wattribute-alias=]
  195 |  asmlinkage long sys##name(__MAP(x,__SC_DECL,__VA_ARGS__)) \
      |                  ^~~
./include/linux/syscalls.h:191:2: note: in expansion of macro ‘__SYSCALL_DEFINEx’
  191 |  __SYSCALL_DEFINEx(x, sname, __VA_ARGS__)
      |  ^~~~~~~~~~~~~~~~~
./include/linux/syscalls.h:184:36: note: in expansion of macro ‘SYSCALL_DEFINEx’
  184 | #define SYSCALL_DEFINE3(name, ...) SYSCALL_DEFINEx(3, _##name, __VA_ARGS__)
      |                                    ^~~~~~~~~~~~~~~
mm/madvise.c:683:1: note: in expansion of macro ‘SYSCALL_DEFINE3’
  683 | SYSCALL_DEFINE3(madvise, unsigned long, start, size_t, len_in, int, behavior)
      | ^~~~~~~~~~~~~~~
./include/linux/syscalls.h:199:18: note: aliased declaration here
  199 |  asmlinkage long SyS##name(__MAP(x,__SC_LONG,__VA_ARGS__)) \
      |                  ^~~
./include/linux/syscalls.h:191:2: note: in expansion of macro ‘__SYSCALL_DEFINEx’
  191 |  __SYSCALL_DEFINEx(x, sname, __VA_ARGS__)
      |  ^~~~~~~~~~~~~~~~~
./include/linux/syscalls.h:184:36: note: in expansion of macro ‘SYSCALL_DEFINEx’
  184 | #define SYSCALL_DEFINE3(name, ...) SYSCALL_DEFINEx(3, _##name, __VA_ARGS__)
      |                                    ^~~~~~~~~~~~~~~
mm/madvise.c:683:1: note: in expansion of macro ‘SYSCALL_DEFINE3’
  683 | SYSCALL_DEFINE3(madvise, unsigned long, start, size_t, len_in, int, behavior)
      | ^~~~~~~~~~~~~~~
  CC      mm/memblock.o
  CC      mm/page_io.o
  CC      mm/swap_state.o
  CC      mm/swapfile.o
In file included from mm/swapfile.c:30:
./include/linux/syscalls.h:195:18: warning: ‘sys_swapoff’ alias between functions of incompatible types ‘long int(const char *)’ and ‘long int(long int)’ [-Wattribute-alias=]
  195 |  asmlinkage long sys##name(__MAP(x,__SC_DECL,__VA_ARGS__)) \
      |                  ^~~
./include/linux/syscalls.h:191:2: note: in expansion of macro ‘__SYSCALL_DEFINEx’
  191 |  __SYSCALL_DEFINEx(x, sname, __VA_ARGS__)
      |  ^~~~~~~~~~~~~~~~~
./include/linux/syscalls.h:182:36: note: in expansion of macro ‘SYSCALL_DEFINEx’
  182 | #define SYSCALL_DEFINE1(name, ...) SYSCALL_DEFINEx(1, _##name, __VA_ARGS__)
      |                                    ^~~~~~~~~~~~~~~
mm/swapfile.c:1857:1: note: in expansion of macro ‘SYSCALL_DEFINE1’
 1857 | SYSCALL_DEFINE1(swapoff, const char __user *, specialfile)
      | ^~~~~~~~~~~~~~~
./include/linux/syscalls.h:199:18: note: aliased declaration here
  199 |  asmlinkage long SyS##name(__MAP(x,__SC_LONG,__VA_ARGS__)) \
      |                  ^~~
./include/linux/syscalls.h:191:2: note: in expansion of macro ‘__SYSCALL_DEFINEx’
  191 |  __SYSCALL_DEFINEx(x, sname, __VA_ARGS__)
      |  ^~~~~~~~~~~~~~~~~
./include/linux/syscalls.h:182:36: note: in expansion of macro ‘SYSCALL_DEFINEx’
  182 | #define SYSCALL_DEFINE1(name, ...) SYSCALL_DEFINEx(1, _##name, __VA_ARGS__)
      |                                    ^~~~~~~~~~~~~~~
mm/swapfile.c:1857:1: note: in expansion of macro ‘SYSCALL_DEFINE1’
 1857 | SYSCALL_DEFINE1(swapoff, const char __user *, specialfile)
      | ^~~~~~~~~~~~~~~
./include/linux/syscalls.h:195:18: warning: ‘sys_swapon’ alias between functions of incompatible types ‘long int(const char *, int)’ and ‘long int(long int,  long int)’ [-Wattribute-alias=]
  195 |  asmlinkage long sys##name(__MAP(x,__SC_DECL,__VA_ARGS__)) \
      |                  ^~~
./include/linux/syscalls.h:191:2: note: in expansion of macro ‘__SYSCALL_DEFINEx’
  191 |  __SYSCALL_DEFINEx(x, sname, __VA_ARGS__)
      |  ^~~~~~~~~~~~~~~~~
./include/linux/syscalls.h:183:36: note: in expansion of macro ‘SYSCALL_DEFINEx’
  183 | #define SYSCALL_DEFINE2(name, ...) SYSCALL_DEFINEx(2, _##name, __VA_ARGS__)
      |                                    ^~~~~~~~~~~~~~~
mm/swapfile.c:2388:1: note: in expansion of macro ‘SYSCALL_DEFINE2’
 2388 | SYSCALL_DEFINE2(swapon, const char __user *, specialfile, int, swap_flags)
      | ^~~~~~~~~~~~~~~
./include/linux/syscalls.h:199:18: note: aliased declaration here
  199 |  asmlinkage long SyS##name(__MAP(x,__SC_LONG,__VA_ARGS__)) \
      |                  ^~~
./include/linux/syscalls.h:191:2: note: in expansion of macro ‘__SYSCALL_DEFINEx’
  191 |  __SYSCALL_DEFINEx(x, sname, __VA_ARGS__)
      |  ^~~~~~~~~~~~~~~~~
./include/linux/syscalls.h:183:36: note: in expansion of macro ‘SYSCALL_DEFINEx’
  183 | #define SYSCALL_DEFINE2(name, ...) SYSCALL_DEFINEx(2, _##name, __VA_ARGS__)
      |                                    ^~~~~~~~~~~~~~~
mm/swapfile.c:2388:1: note: in expansion of macro ‘SYSCALL_DEFINE2’
 2388 | SYSCALL_DEFINE2(swapon, const char __user *, specialfile, int, swap_flags)
      | ^~~~~~~~~~~~~~~
  CC      mm/frontswap.o
  CC      mm/dmapool.o
  CC      mm/slub.o
  CC      mm/migrate.o
  CC      mm/page_counter.o
  CC      mm/memcontrol.o
  CC      mm/vmpressure.o
  CC      mm/cleancache.o
  CC      mm/page_isolation.o
  CC      mm/early_ioremap.o
  CC      mm/cma.o
  CC      mm/frame_vector.o
  LD      mm/built-in.o
  CC [M]  mm/zsmalloc.o
In file included from mm/zsmalloc.c:34:
./include/linux/module.h:132:6: warning: ‘init_module’ specifies less restrictive attribute than its target ‘zs_init’: ‘cold’ [-Wmissing-attributes]
  132 |  int init_module(void) __attribute__((alias(#initfn)));
      |      ^~~~~~~~~~~
mm/zsmalloc.c:2570:1: note: in expansion of macro ‘module_init’
 2570 | module_init(zs_init);
      | ^~~~~~~~~~~
mm/zsmalloc.c:2529:19: note: ‘init_module’ target declared here
 2529 | static int __init zs_init(void)
      |                   ^~~~~~~
In file included from mm/zsmalloc.c:34:
./include/linux/module.h:138:7: warning: ‘cleanup_module’ specifies less restrictive attribute than its target ‘zs_exit’: ‘cold’ [-Wmissing-attributes]
  138 |  void cleanup_module(void) __attribute__((alias(#exitfn)));
      |       ^~~~~~~~~~~~~~
mm/zsmalloc.c:2571:1: note: in expansion of macro ‘module_exit’
 2571 | module_exit(zs_exit);
      | ^~~~~~~~~~~
mm/zsmalloc.c:2559:20: note: ‘cleanup_module’ target declared here
 2559 | static void __exit zs_exit(void)
      |                    ^~~~~~~
  CC      fs/open.o
In file included from fs/open.c:26:
./include/linux/syscalls.h:195:18: warning: ‘sys_truncate’ alias between functions of incompatible types ‘long int(const char *, long int)’ and ‘long int(long int,  long int)’ [-Wattribute-alias=]
  195 |  asmlinkage long sys##name(__MAP(x,__SC_DECL,__VA_ARGS__)) \
      |                  ^~~
./include/linux/syscalls.h:191:2: note: in expansion of macro ‘__SYSCALL_DEFINEx’
  191 |  __SYSCALL_DEFINEx(x, sname, __VA_ARGS__)
      |  ^~~~~~~~~~~~~~~~~
./include/linux/syscalls.h:183:36: note: in expansion of macro ‘SYSCALL_DEFINEx’
  183 | #define SYSCALL_DEFINE2(name, ...) SYSCALL_DEFINEx(2, _##name, __VA_ARGS__)
      |                                    ^~~~~~~~~~~~~~~
fs/open.c:153:1: note: in expansion of macro ‘SYSCALL_DEFINE2’
  153 | SYSCALL_DEFINE2(truncate, const char __user *, path, long, length)
      | ^~~~~~~~~~~~~~~
./include/linux/syscalls.h:199:18: note: aliased declaration here
  199 |  asmlinkage long SyS##name(__MAP(x,__SC_LONG,__VA_ARGS__)) \
      |                  ^~~
./include/linux/syscalls.h:191:2: note: in expansion of macro ‘__SYSCALL_DEFINEx’
  191 |  __SYSCALL_DEFINEx(x, sname, __VA_ARGS__)
      |  ^~~~~~~~~~~~~~~~~
./include/linux/syscalls.h:183:36: note: in expansion of macro ‘SYSCALL_DEFINEx’
  183 | #define SYSCALL_DEFINE2(name, ...) SYSCALL_DEFINEx(2, _##name, __VA_ARGS__)
      |                                    ^~~~~~~~~~~~~~~
fs/open.c:153:1: note: in expansion of macro ‘SYSCALL_DEFINE2’
  153 | SYSCALL_DEFINE2(truncate, const char __user *, path, long, length)
      | ^~~~~~~~~~~~~~~
./include/linux/syscalls.h:195:18: warning: ‘sys_close’ alias between functions of incompatible types ‘long int(unsigned int)’ and ‘long int(long int)’ [-Wattribute-alias=]
  195 |  asmlinkage long sys##name(__MAP(x,__SC_DECL,__VA_ARGS__)) \
      |                  ^~~
./include/linux/syscalls.h:191:2: note: in expansion of macro ‘__SYSCALL_DEFINEx’
  191 |  __SYSCALL_DEFINEx(x, sname, __VA_ARGS__)
      |  ^~~~~~~~~~~~~~~~~
./include/linux/syscalls.h:182:36: note: in expansion of macro ‘SYSCALL_DEFINEx’
  182 | #define SYSCALL_DEFINE1(name, ...) SYSCALL_DEFINEx(1, _##name, __VA_ARGS__)
      |                                    ^~~~~~~~~~~~~~~
fs/open.c:1133:1: note: in expansion of macro ‘SYSCALL_DEFINE1’
 1133 | SYSCALL_DEFINE1(close, unsigned int, fd)
      | ^~~~~~~~~~~~~~~
./include/linux/syscalls.h:199:18: note: aliased declaration here
  199 |  asmlinkage long SyS##name(__MAP(x,__SC_LONG,__VA_ARGS__)) \
      |                  ^~~
./include/linux/syscalls.h:191:2: note: in expansion of macro ‘__SYSCALL_DEFINEx’
  191 |  __SYSCALL_DEFINEx(x, sname, __VA_ARGS__)
      |  ^~~~~~~~~~~~~~~~~
./include/linux/syscalls.h:182:36: note: in expansion of macro ‘SYSCALL_DEFINEx’
  182 | #define SYSCALL_DEFINE1(name, ...) SYSCALL_DEFINEx(1, _##name, __VA_ARGS__)
      |                                    ^~~~~~~~~~~~~~~
fs/open.c:1133:1: note: in expansion of macro ‘SYSCALL_DEFINE1’
 1133 | SYSCALL_DEFINE1(close, unsigned int, fd)
      | ^~~~~~~~~~~~~~~
./include/linux/syscalls.h:195:18: warning: ‘sys_close’ alias between functions of incompatible types ‘long int(unsigned int)’ and ‘long int(long int)’ [-Wattribute-alias=]
  195 |  asmlinkage long sys##name(__MAP(x,__SC_DECL,__VA_ARGS__)) \
      |                  ^~~
./include/linux/syscalls.h:191:2: note: in expansion of macro ‘__SYSCALL_DEFINEx’
  191 |  __SYSCALL_DEFINEx(x, sname, __VA_ARGS__)
      |  ^~~~~~~~~~~~~~~~~
./include/linux/syscalls.h:182:36: note: in expansion of macro ‘SYSCALL_DEFINEx’
  182 | #define SYSCALL_DEFINE1(name, ...) SYSCALL_DEFINEx(1, _##name, __VA_ARGS__)
      |                                    ^~~~~~~~~~~~~~~
fs/open.c:1133:1: note: in expansion of macro ‘SYSCALL_DEFINE1’
 1133 | SYSCALL_DEFINE1(close, unsigned int, fd)
      | ^~~~~~~~~~~~~~~
./include/linux/syscalls.h:199:18: note: aliased declaration here
  199 |  asmlinkage long SyS##name(__MAP(x,__SC_LONG,__VA_ARGS__)) \
      |                  ^~~
./include/linux/syscalls.h:191:2: note: in expansion of macro ‘__SYSCALL_DEFINEx’
  191 |  __SYSCALL_DEFINEx(x, sname, __VA_ARGS__)
      |  ^~~~~~~~~~~~~~~~~
./include/linux/syscalls.h:182:36: note: in expansion of macro ‘SYSCALL_DEFINEx’
  182 | #define SYSCALL_DEFINE1(name, ...) SYSCALL_DEFINEx(1, _##name, __VA_ARGS__)
      |                                    ^~~~~~~~~~~~~~~
fs/open.c:1133:1: note: in expansion of macro ‘SYSCALL_DEFINE1’
 1133 | SYSCALL_DEFINE1(close, unsigned int, fd)
      | ^~~~~~~~~~~~~~~
./include/linux/syscalls.h:195:18: warning: ‘sys_creat’ alias between functions of incompatible types ‘long int(const char *, umode_t)’ {aka ‘long int(const char *, short unsigned int)’} and ‘long int(long int,  long int)’ [-Wattribute-alias=]
  195 |  asmlinkage long sys##name(__MAP(x,__SC_DECL,__VA_ARGS__)) \
      |                  ^~~
./include/linux/syscalls.h:191:2: note: in expansion of macro ‘__SYSCALL_DEFINEx’
  191 |  __SYSCALL_DEFINEx(x, sname, __VA_ARGS__)
      |  ^~~~~~~~~~~~~~~~~
./include/linux/syscalls.h:183:36: note: in expansion of macro ‘SYSCALL_DEFINEx’
  183 | #define SYSCALL_DEFINE2(name, ...) SYSCALL_DEFINEx(2, _##name, __VA_ARGS__)
      |                                    ^~~~~~~~~~~~~~~
fs/open.c:1095:1: note: in expansion of macro ‘SYSCALL_DEFINE2’
 1095 | SYSCALL_DEFINE2(creat, const char __user *, pathname, umode_t, mode)
      | ^~~~~~~~~~~~~~~
./include/linux/syscalls.h:199:18: note: aliased declaration here
  199 |  asmlinkage long SyS##name(__MAP(x,__SC_LONG,__VA_ARGS__)) \
      |                  ^~~
./include/linux/syscalls.h:191:2: note: in expansion of macro ‘__SYSCALL_DEFINEx’
  191 |  __SYSCALL_DEFINEx(x, sname, __VA_ARGS__)
      |  ^~~~~~~~~~~~~~~~~
./include/linux/syscalls.h:183:36: note: in expansion of macro ‘SYSCALL_DEFINEx’
  183 | #define SYSCALL_DEFINE2(name, ...) SYSCALL_DEFINEx(2, _##name, __VA_ARGS__)
      |                                    ^~~~~~~~~~~~~~~
fs/open.c:1095:1: note: in expansion of macro ‘SYSCALL_DEFINE2’
 1095 | SYSCALL_DEFINE2(creat, const char __user *, pathname, umode_t, mode)
      | ^~~~~~~~~~~~~~~
./include/linux/syscalls.h:195:18: warning: ‘sys_openat’ alias between functions of incompatible types ‘long int(int,  const char *, int,  umode_t)’ {aka ‘long int(int,  const char *, int,  short unsigned int)’} and ‘long int(long int,  long int,  long int,  long int)’ [-Wattribute-alias=]
  195 |  asmlinkage long sys##name(__MAP(x,__SC_DECL,__VA_ARGS__)) \
      |                  ^~~
./include/linux/syscalls.h:191:2: note: in expansion of macro ‘__SYSCALL_DEFINEx’
  191 |  __SYSCALL_DEFINEx(x, sname, __VA_ARGS__)
      |  ^~~~~~~~~~~~~~~~~
./include/linux/syscalls.h:185:36: note: in expansion of macro ‘SYSCALL_DEFINEx’
  185 | #define SYSCALL_DEFINE4(name, ...) SYSCALL_DEFINEx(4, _##name, __VA_ARGS__)
      |                                    ^~~~~~~~~~~~~~~
fs/open.c:1080:1: note: in expansion of macro ‘SYSCALL_DEFINE4’
 1080 | SYSCALL_DEFINE4(openat, int, dfd, const char __user *, filename, int, flags,
      | ^~~~~~~~~~~~~~~
./include/linux/syscalls.h:199:18: note: aliased declaration here
  199 |  asmlinkage long SyS##name(__MAP(x,__SC_LONG,__VA_ARGS__)) \
      |                  ^~~
./include/linux/syscalls.h:191:2: note: in expansion of macro ‘__SYSCALL_DEFINEx’
  191 |  __SYSCALL_DEFINEx(x, sname, __VA_ARGS__)
      |  ^~~~~~~~~~~~~~~~~
./include/linux/syscalls.h:185:36: note: in expansion of macro ‘SYSCALL_DEFINEx’
  185 | #define SYSCALL_DEFINE4(name, ...) SYSCALL_DEFINEx(4, _##name, __VA_ARGS__)
      |                                    ^~~~~~~~~~~~~~~
fs/open.c:1080:1: note: in expansion of macro ‘SYSCALL_DEFINE4’
 1080 | SYSCALL_DEFINE4(openat, int, dfd, const char __user *, filename, int, flags,
      | ^~~~~~~~~~~~~~~
./include/linux/syscalls.h:195:18: warning: ‘sys_open’ alias between functions of incompatible types ‘long int(const char *, int,  umode_t)’ {aka ‘long int(const char *, int,  short unsigned int)’} and ‘long int(long int,  long int,  long int)’ [-Wattribute-alias=]
  195 |  asmlinkage long sys##name(__MAP(x,__SC_DECL,__VA_ARGS__)) \
      |                  ^~~
./include/linux/syscalls.h:191:2: note: in expansion of macro ‘__SYSCALL_DEFINEx’
  191 |  __SYSCALL_DEFINEx(x, sname, __VA_ARGS__)
      |  ^~~~~~~~~~~~~~~~~
./include/linux/syscalls.h:184:36: note: in expansion of macro ‘SYSCALL_DEFINEx’
  184 | #define SYSCALL_DEFINE3(name, ...) SYSCALL_DEFINEx(3, _##name, __VA_ARGS__)
      |                                    ^~~~~~~~~~~~~~~
fs/open.c:1072:1: note: in expansion of macro ‘SYSCALL_DEFINE3’
 1072 | SYSCALL_DEFINE3(open, const char __user *, filename, int, flags, umode_t, mode)
      | ^~~~~~~~~~~~~~~
./include/linux/syscalls.h:199:18: note: aliased declaration here
  199 |  asmlinkage long SyS##name(__MAP(x,__SC_LONG,__VA_ARGS__)) \
      |                  ^~~
./include/linux/syscalls.h:191:2: note: in expansion of macro ‘__SYSCALL_DEFINEx’
  191 |  __SYSCALL_DEFINEx(x, sname, __VA_ARGS__)
      |  ^~~~~~~~~~~~~~~~~
./include/linux/syscalls.h:184:36: note: in expansion of macro ‘SYSCALL_DEFINEx’
  184 | #define SYSCALL_DEFINE3(name, ...) SYSCALL_DEFINEx(3, _##name, __VA_ARGS__)
      |                                    ^~~~~~~~~~~~~~~
fs/open.c:1072:1: note: in expansion of macro ‘SYSCALL_DEFINE3’
 1072 | SYSCALL_DEFINE3(open, const char __user *, filename, int, flags, umode_t, mode)
      | ^~~~~~~~~~~~~~~
./include/linux/syscalls.h:195:18: warning: ‘sys_fchown’ alias between functions of incompatible types ‘long int(unsigned int,  uid_t,  gid_t)’ {aka ‘long int(unsigned int,  unsigned int,  unsigned int)’} and ‘long int(long int,  long int,  long int)’ [-Wattribute-alias=]
  195 |  asmlinkage long sys##name(__MAP(x,__SC_DECL,__VA_ARGS__)) \
      |                  ^~~
./include/linux/syscalls.h:191:2: note: in expansion of macro ‘__SYSCALL_DEFINEx’
  191 |  __SYSCALL_DEFINEx(x, sname, __VA_ARGS__)
      |  ^~~~~~~~~~~~~~~~~
./include/linux/syscalls.h:184:36: note: in expansion of macro ‘SYSCALL_DEFINEx’
  184 | #define SYSCALL_DEFINE3(name, ...) SYSCALL_DEFINEx(3, _##name, __VA_ARGS__)
      |                                    ^~~~~~~~~~~~~~~
fs/open.c:669:1: note: in expansion of macro ‘SYSCALL_DEFINE3’
  669 | SYSCALL_DEFINE3(fchown, unsigned int, fd, uid_t, user, gid_t, group)
      | ^~~~~~~~~~~~~~~
./include/linux/syscalls.h:199:18: note: aliased declaration here
  199 |  asmlinkage long SyS##name(__MAP(x,__SC_LONG,__VA_ARGS__)) \
      |                  ^~~
./include/linux/syscalls.h:191:2: note: in expansion of macro ‘__SYSCALL_DEFINEx’
  191 |  __SYSCALL_DEFINEx(x, sname, __VA_ARGS__)
      |  ^~~~~~~~~~~~~~~~~
./include/linux/syscalls.h:184:36: note: in expansion of macro ‘SYSCALL_DEFINEx’
  184 | #define SYSCALL_DEFINE3(name, ...) SYSCALL_DEFINEx(3, _##name, __VA_ARGS__)
      |                                    ^~~~~~~~~~~~~~~
fs/open.c:669:1: note: in expansion of macro ‘SYSCALL_DEFINE3’
  669 | SYSCALL_DEFINE3(fchown, unsigned int, fd, uid_t, user, gid_t, group)
      | ^~~~~~~~~~~~~~~
./include/linux/syscalls.h:195:18: warning: ‘sys_lchown’ alias between functions of incompatible types ‘long int(const char *, uid_t,  gid_t)’ {aka ‘long int(const char *, unsigned int,  unsigned int)’} and ‘long int(long int,  long int,  long int)’ [-Wattribute-alias=]
  195 |  asmlinkage long sys##name(__MAP(x,__SC_DECL,__VA_ARGS__)) \
      |                  ^~~
./include/linux/syscalls.h:191:2: note: in expansion of macro ‘__SYSCALL_DEFINEx’
  191 |  __SYSCALL_DEFINEx(x, sname, __VA_ARGS__)
      |  ^~~~~~~~~~~~~~~~~
./include/linux/syscalls.h:184:36: note: in expansion of macro ‘SYSCALL_DEFINEx’
  184 | #define SYSCALL_DEFINE3(name, ...) SYSCALL_DEFINEx(3, _##name, __VA_ARGS__)
      |                                    ^~~~~~~~~~~~~~~
fs/open.c:663:1: note: in expansion of macro ‘SYSCALL_DEFINE3’
  663 | SYSCALL_DEFINE3(lchown, const char __user *, filename, uid_t, user, gid_t, group)
      | ^~~~~~~~~~~~~~~
./include/linux/syscalls.h:199:18: note: aliased declaration here
  199 |  asmlinkage long SyS##name(__MAP(x,__SC_LONG,__VA_ARGS__)) \
      |                  ^~~
./include/linux/syscalls.h:191:2: note: in expansion of macro ‘__SYSCALL_DEFINEx’
  191 |  __SYSCALL_DEFINEx(x, sname, __VA_ARGS__)
      |  ^~~~~~~~~~~~~~~~~
./include/linux/syscalls.h:184:36: note: in expansion of macro ‘SYSCALL_DEFINEx’
  184 | #define SYSCALL_DEFINE3(name, ...) SYSCALL_DEFINEx(3, _##name, __VA_ARGS__)
      |                                    ^~~~~~~~~~~~~~~
fs/open.c:663:1: note: in expansion of macro ‘SYSCALL_DEFINE3’
  663 | SYSCALL_DEFINE3(lchown, const char __user *, filename, uid_t, user, gid_t, group)
      | ^~~~~~~~~~~~~~~
./include/linux/syscalls.h:195:18: warning: ‘sys_chown’ alias between functions of incompatible types ‘long int(const char *, uid_t,  gid_t)’ {aka ‘long int(const char *, unsigned int,  unsigned int)’} and ‘long int(long int,  long int,  long int)’ [-Wattribute-alias=]
  195 |  asmlinkage long sys##name(__MAP(x,__SC_DECL,__VA_ARGS__)) \
      |                  ^~~
./include/linux/syscalls.h:191:2: note: in expansion of macro ‘__SYSCALL_DEFINEx’
  191 |  __SYSCALL_DEFINEx(x, sname, __VA_ARGS__)
      |  ^~~~~~~~~~~~~~~~~
./include/linux/syscalls.h:184:36: note: in expansion of macro ‘SYSCALL_DEFINEx’
  184 | #define SYSCALL_DEFINE3(name, ...) SYSCALL_DEFINEx(3, _##name, __VA_ARGS__)
      |                                    ^~~~~~~~~~~~~~~
fs/open.c:658:1: note: in expansion of macro ‘SYSCALL_DEFINE3’
  658 | SYSCALL_DEFINE3(chown, const char __user *, filename, uid_t, user, gid_t, group)
      | ^~~~~~~~~~~~~~~
./include/linux/syscalls.h:199:18: note: aliased declaration here
  199 |  asmlinkage long SyS##name(__MAP(x,__SC_LONG,__VA_ARGS__)) \
      |                  ^~~
./include/linux/syscalls.h:191:2: note: in expansion of macro ‘__SYSCALL_DEFINEx’
  191 |  __SYSCALL_DEFINEx(x, sname, __VA_ARGS__)
      |  ^~~~~~~~~~~~~~~~~
./include/linux/syscalls.h:184:36: note: in expansion of macro ‘SYSCALL_DEFINEx’
  184 | #define SYSCALL_DEFINE3(name, ...) SYSCALL_DEFINEx(3, _##name, __VA_ARGS__)
      |                                    ^~~~~~~~~~~~~~~
fs/open.c:658:1: note: in expansion of macro ‘SYSCALL_DEFINE3’
  658 | SYSCALL_DEFINE3(chown, const char __user *, filename, uid_t, user, gid_t, group)
      | ^~~~~~~~~~~~~~~
./include/linux/syscalls.h:195:18: warning: ‘sys_fchownat’ alias between functions of incompatible types ‘long int(int,  const char *, uid_t,  gid_t,  int)’ {aka ‘long int(int,  const char *, unsigned int,  unsigned int,  int)’} and ‘long int(long int,  long int,  long int,  long int,  long int)’ [-Wattribute-alias=]
  195 |  asmlinkage long sys##name(__MAP(x,__SC_DECL,__VA_ARGS__)) \
      |                  ^~~
./include/linux/syscalls.h:191:2: note: in expansion of macro ‘__SYSCALL_DEFINEx’
  191 |  __SYSCALL_DEFINEx(x, sname, __VA_ARGS__)
      |  ^~~~~~~~~~~~~~~~~
./include/linux/syscalls.h:186:36: note: in expansion of macro ‘SYSCALL_DEFINEx’
  186 | #define SYSCALL_DEFINE5(name, ...) SYSCALL_DEFINEx(5, _##name, __VA_ARGS__)
      |                                    ^~~~~~~~~~~~~~~
fs/open.c:626:1: note: in expansion of macro ‘SYSCALL_DEFINE5’
  626 | SYSCALL_DEFINE5(fchownat, int, dfd, const char __user *, filename, uid_t, user,
      | ^~~~~~~~~~~~~~~
./include/linux/syscalls.h:199:18: note: aliased declaration here
  199 |  asmlinkage long SyS##name(__MAP(x,__SC_LONG,__VA_ARGS__)) \
      |                  ^~~
./include/linux/syscalls.h:191:2: note: in expansion of macro ‘__SYSCALL_DEFINEx’
  191 |  __SYSCALL_DEFINEx(x, sname, __VA_ARGS__)
      |  ^~~~~~~~~~~~~~~~~
./include/linux/syscalls.h:186:36: note: in expansion of macro ‘SYSCALL_DEFINEx’
  186 | #define SYSCALL_DEFINE5(name, ...) SYSCALL_DEFINEx(5, _##name, __VA_ARGS__)
      |                                    ^~~~~~~~~~~~~~~
fs/open.c:626:1: note: in expansion of macro ‘SYSCALL_DEFINE5’
  626 | SYSCALL_DEFINE5(fchownat, int, dfd, const char __user *, filename, uid_t, user,
      | ^~~~~~~~~~~~~~~
./include/linux/syscalls.h:195:18: warning: ‘sys_chmod’ alias between functions of incompatible types ‘long int(const char *, umode_t)’ {aka ‘long int(const char *, short unsigned int)’} and ‘long int(long int,  long int)’ [-Wattribute-alias=]
  195 |  asmlinkage long sys##name(__MAP(x,__SC_DECL,__VA_ARGS__)) \
      |                  ^~~
./include/linux/syscalls.h:191:2: note: in expansion of macro ‘__SYSCALL_DEFINEx’
  191 |  __SYSCALL_DEFINEx(x, sname, __VA_ARGS__)
      |  ^~~~~~~~~~~~~~~~~
./include/linux/syscalls.h:183:36: note: in expansion of macro ‘SYSCALL_DEFINEx’
  183 | #define SYSCALL_DEFINE2(name, ...) SYSCALL_DEFINEx(2, _##name, __VA_ARGS__)
      |                                    ^~~~~~~~~~~~~~~
fs/open.c:579:1: note: in expansion of macro ‘SYSCALL_DEFINE2’
  579 | SYSCALL_DEFINE2(chmod, const char __user *, filename, umode_t, mode)
      | ^~~~~~~~~~~~~~~
./include/linux/syscalls.h:199:18: note: aliased declaration here
  199 |  asmlinkage long SyS##name(__MAP(x,__SC_LONG,__VA_ARGS__)) \
      |                  ^~~
./include/linux/syscalls.h:191:2: note: in expansion of macro ‘__SYSCALL_DEFINEx’
  191 |  __SYSCALL_DEFINEx(x, sname, __VA_ARGS__)
      |  ^~~~~~~~~~~~~~~~~
./include/linux/syscalls.h:183:36: note: in expansion of macro ‘SYSCALL_DEFINEx’
  183 | #define SYSCALL_DEFINE2(name, ...) SYSCALL_DEFINEx(2, _##name, __VA_ARGS__)
      |                                    ^~~~~~~~~~~~~~~
fs/open.c:579:1: note: in expansion of macro ‘SYSCALL_DEFINE2’
  579 | SYSCALL_DEFINE2(chmod, const char __user *, filename, umode_t, mode)
      | ^~~~~~~~~~~~~~~
./include/linux/syscalls.h:195:18: warning: ‘sys_fchmodat’ alias between functions of incompatible types ‘long int(int,  const char *, umode_t)’ {aka ‘long int(int,  const char *, short unsigned int)’} and ‘long int(long int,  long int,  long int)’ [-Wattribute-alias=]
  195 |  asmlinkage long sys##name(__MAP(x,__SC_DECL,__VA_ARGS__)) \
      |                  ^~~
./include/linux/syscalls.h:191:2: note: in expansion of macro ‘__SYSCALL_DEFINEx’
  191 |  __SYSCALL_DEFINEx(x, sname, __VA_ARGS__)
      |  ^~~~~~~~~~~~~~~~~
./include/linux/syscalls.h:184:36: note: in expansion of macro ‘SYSCALL_DEFINEx’
  184 | #define SYSCALL_DEFINE3(name, ...) SYSCALL_DEFINEx(3, _##name, __VA_ARGS__)
      |                                    ^~~~~~~~~~~~~~~
fs/open.c:561:1: note: in expansion of macro ‘SYSCALL_DEFINE3’
  561 | SYSCALL_DEFINE3(fchmodat, int, dfd, const char __user *, filename, umode_t, mode)
      | ^~~~~~~~~~~~~~~
./include/linux/syscalls.h:199:18: note: aliased declaration here
  199 |  asmlinkage long SyS##name(__MAP(x,__SC_LONG,__VA_ARGS__)) \
      |                  ^~~
./include/linux/syscalls.h:191:2: note: in expansion of macro ‘__SYSCALL_DEFINEx’
  191 |  __SYSCALL_DEFINEx(x, sname, __VA_ARGS__)
      |  ^~~~~~~~~~~~~~~~~
./include/linux/syscalls.h:184:36: note: in expansion of macro ‘SYSCALL_DEFINEx’
  184 | #define SYSCALL_DEFINE3(name, ...) SYSCALL_DEFINEx(3, _##name, __VA_ARGS__)
      |                                    ^~~~~~~~~~~~~~~
fs/open.c:561:1: note: in expansion of macro ‘SYSCALL_DEFINE3’
  561 | SYSCALL_DEFINE3(fchmodat, int, dfd, const char __user *, filename, umode_t, mode)
      | ^~~~~~~~~~~~~~~
./include/linux/syscalls.h:195:18: warning: ‘sys_fchmod’ alias between functions of incompatible types ‘long int(unsigned int,  umode_t)’ {aka ‘long int(unsigned int,  short unsigned int)’} and ‘long int(long int,  long int)’ [-Wattribute-alias=]
  195 |  asmlinkage long sys##name(__MAP(x,__SC_DECL,__VA_ARGS__)) \
      |                  ^~~
./include/linux/syscalls.h:191:2: note: in expansion of macro ‘__SYSCALL_DEFINEx’
  191 |  __SYSCALL_DEFINEx(x, sname, __VA_ARGS__)
      |  ^~~~~~~~~~~~~~~~~
./include/linux/syscalls.h:183:36: note: in expansion of macro ‘SYSCALL_DEFINEx’
  183 | #define SYSCALL_DEFINE2(name, ...) SYSCALL_DEFINEx(2, _##name, __VA_ARGS__)
      |                                    ^~~~~~~~~~~~~~~
fs/open.c:548:1: note: in expansion of macro ‘SYSCALL_DEFINE2’
  548 | SYSCALL_DEFINE2(fchmod, unsigned int, fd, umode_t, mode)
      | ^~~~~~~~~~~~~~~
./include/linux/syscalls.h:199:18: note: aliased declaration here
  199 |  asmlinkage long SyS##name(__MAP(x,__SC_LONG,__VA_ARGS__)) \
      |                  ^~~
./include/linux/syscalls.h:191:2: note: in expansion of macro ‘__SYSCALL_DEFINEx’
  191 |  __SYSCALL_DEFINEx(x, sname, __VA_ARGS__)
      |  ^~~~~~~~~~~~~~~~~
./include/linux/syscalls.h:183:36: note: in expansion of macro ‘SYSCALL_DEFINEx’
  183 | #define SYSCALL_DEFINE2(name, ...) SYSCALL_DEFINEx(2, _##name, __VA_ARGS__)
      |                                    ^~~~~~~~~~~~~~~
fs/open.c:548:1: note: in expansion of macro ‘SYSCALL_DEFINE2’
  548 | SYSCALL_DEFINE2(fchmod, unsigned int, fd, umode_t, mode)
      | ^~~~~~~~~~~~~~~
./include/linux/syscalls.h:195:18: warning: ‘sys_chroot’ alias between functions of incompatible types ‘long int(const char *)’ and ‘long int(long int)’ [-Wattribute-alias=]
  195 |  asmlinkage long sys##name(__MAP(x,__SC_DECL,__VA_ARGS__)) \
      |                  ^~~
./include/linux/syscalls.h:191:2: note: in expansion of macro ‘__SYSCALL_DEFINEx’
  191 |  __SYSCALL_DEFINEx(x, sname, __VA_ARGS__)
      |  ^~~~~~~~~~~~~~~~~
./include/linux/syscalls.h:182:36: note: in expansion of macro ‘SYSCALL_DEFINEx’
  182 | #define SYSCALL_DEFINE1(name, ...) SYSCALL_DEFINEx(1, _##name, __VA_ARGS__)
      |                                    ^~~~~~~~~~~~~~~
fs/open.c:486:1: note: in expansion of macro ‘SYSCALL_DEFINE1’
  486 | SYSCALL_DEFINE1(chroot, const char __user *, filename)
      | ^~~~~~~~~~~~~~~
./include/linux/syscalls.h:199:18: note: aliased declaration here
  199 |  asmlinkage long SyS##name(__MAP(x,__SC_LONG,__VA_ARGS__)) \
      |                  ^~~
./include/linux/syscalls.h:191:2: note: in expansion of macro ‘__SYSCALL_DEFINEx’
  191 |  __SYSCALL_DEFINEx(x, sname, __VA_ARGS__)
      |  ^~~~~~~~~~~~~~~~~
./include/linux/syscalls.h:182:36: note: in expansion of macro ‘SYSCALL_DEFINEx’
  182 | #define SYSCALL_DEFINE1(name, ...) SYSCALL_DEFINEx(1, _##name, __VA_ARGS__)
      |                                    ^~~~~~~~~~~~~~~
fs/open.c:486:1: note: in expansion of macro ‘SYSCALL_DEFINE1’
  486 | SYSCALL_DEFINE1(chroot, const char __user *, filename)
      | ^~~~~~~~~~~~~~~
./include/linux/syscalls.h:195:18: warning: ‘sys_fchdir’ alias between functions of incompatible types ‘long int(unsigned int)’ and ‘long int(long int)’ [-Wattribute-alias=]
  195 |  asmlinkage long sys##name(__MAP(x,__SC_DECL,__VA_ARGS__)) \
      |                  ^~~
./include/linux/syscalls.h:191:2: note: in expansion of macro ‘__SYSCALL_DEFINEx’
  191 |  __SYSCALL_DEFINEx(x, sname, __VA_ARGS__)
      |  ^~~~~~~~~~~~~~~~~
./include/linux/syscalls.h:182:36: note: in expansion of macro ‘SYSCALL_DEFINEx’
  182 | #define SYSCALL_DEFINE1(name, ...) SYSCALL_DEFINEx(1, _##name, __VA_ARGS__)
      |                                    ^~~~~~~~~~~~~~~
fs/open.c:461:1: note: in expansion of macro ‘SYSCALL_DEFINE1’
  461 | SYSCALL_DEFINE1(fchdir, unsigned int, fd)
      | ^~~~~~~~~~~~~~~
./include/linux/syscalls.h:199:18: note: aliased declaration here
  199 |  asmlinkage long SyS##name(__MAP(x,__SC_LONG,__VA_ARGS__)) \
      |                  ^~~
./include/linux/syscalls.h:191:2: note: in expansion of macro ‘__SYSCALL_DEFINEx’
  191 |  __SYSCALL_DEFINEx(x, sname, __VA_ARGS__)
      |  ^~~~~~~~~~~~~~~~~
./include/linux/syscalls.h:182:36: note: in expansion of macro ‘SYSCALL_DEFINEx’
  182 | #define SYSCALL_DEFINE1(name, ...) SYSCALL_DEFINEx(1, _##name, __VA_ARGS__)
      |                                    ^~~~~~~~~~~~~~~
fs/open.c:461:1: note: in expansion of macro ‘SYSCALL_DEFINE1’
  461 | SYSCALL_DEFINE1(fchdir, unsigned int, fd)
      | ^~~~~~~~~~~~~~~
./include/linux/syscalls.h:195:18: warning: ‘sys_chdir’ alias between functions of incompatible types ‘long int(const char *)’ and ‘long int(long int)’ [-Wattribute-alias=]
  195 |  asmlinkage long sys##name(__MAP(x,__SC_DECL,__VA_ARGS__)) \
      |                  ^~~
./include/linux/syscalls.h:191:2: note: in expansion of macro ‘__SYSCALL_DEFINEx’
  191 |  __SYSCALL_DEFINEx(x, sname, __VA_ARGS__)
      |  ^~~~~~~~~~~~~~~~~
./include/linux/syscalls.h:182:36: note: in expansion of macro ‘SYSCALL_DEFINEx’
  182 | #define SYSCALL_DEFINE1(name, ...) SYSCALL_DEFINEx(1, _##name, __VA_ARGS__)
      |                                    ^~~~~~~~~~~~~~~
fs/open.c:435:1: note: in expansion of macro ‘SYSCALL_DEFINE1’
  435 | SYSCALL_DEFINE1(chdir, const char __user *, filename)
      | ^~~~~~~~~~~~~~~
./include/linux/syscalls.h:199:18: note: aliased declaration here
  199 |  asmlinkage long SyS##name(__MAP(x,__SC_LONG,__VA_ARGS__)) \
      |                  ^~~
./include/linux/syscalls.h:191:2: note: in expansion of macro ‘__SYSCALL_DEFINEx’
  191 |  __SYSCALL_DEFINEx(x, sname, __VA_ARGS__)
      |  ^~~~~~~~~~~~~~~~~
./include/linux/syscalls.h:182:36: note: in expansion of macro ‘SYSCALL_DEFINEx’
  182 | #define SYSCALL_DEFINE1(name, ...) SYSCALL_DEFINEx(1, _##name, __VA_ARGS__)
      |                                    ^~~~~~~~~~~~~~~
fs/open.c:435:1: note: in expansion of macro ‘SYSCALL_DEFINE1’
  435 | SYSCALL_DEFINE1(chdir, const char __user *, filename)
      | ^~~~~~~~~~~~~~~
./include/linux/syscalls.h:195:18: warning: ‘sys_access’ alias between functions of incompatible types ‘long int(const char *, int)’ and ‘long int(long int,  long int)’ [-Wattribute-alias=]
  195 |  asmlinkage long sys##name(__MAP(x,__SC_DECL,__VA_ARGS__)) \
      |                  ^~~
./include/linux/syscalls.h:191:2: note: in expansion of macro ‘__SYSCALL_DEFINEx’
  191 |  __SYSCALL_DEFINEx(x, sname, __VA_ARGS__)
      |  ^~~~~~~~~~~~~~~~~
./include/linux/syscalls.h:183:36: note: in expansion of macro ‘SYSCALL_DEFINEx’
  183 | #define SYSCALL_DEFINE2(name, ...) SYSCALL_DEFINEx(2, _##name, __VA_ARGS__)
      |                                    ^~~~~~~~~~~~~~~
fs/open.c:430:1: note: in expansion of macro ‘SYSCALL_DEFINE2’
  430 | SYSCALL_DEFINE2(access, const char __user *, filename, int, mode)
      | ^~~~~~~~~~~~~~~
./include/linux/syscalls.h:199:18: note: aliased declaration here
  199 |  asmlinkage long SyS##name(__MAP(x,__SC_LONG,__VA_ARGS__)) \
      |                  ^~~
./include/linux/syscalls.h:191:2: note: in expansion of macro ‘__SYSCALL_DEFINEx’
  191 |  __SYSCALL_DEFINEx(x, sname, __VA_ARGS__)
      |  ^~~~~~~~~~~~~~~~~
./include/linux/syscalls.h:183:36: note: in expansion of macro ‘SYSCALL_DEFINEx’
  183 | #define SYSCALL_DEFINE2(name, ...) SYSCALL_DEFINEx(2, _##name, __VA_ARGS__)
      |                                    ^~~~~~~~~~~~~~~
fs/open.c:430:1: note: in expansion of macro ‘SYSCALL_DEFINE2’
  430 | SYSCALL_DEFINE2(access, const char __user *, filename, int, mode)
      | ^~~~~~~~~~~~~~~
./include/linux/syscalls.h:195:18: warning: ‘sys_faccessat’ alias between functions of incompatible types ‘long int(int,  const char *, int)’ and ‘long int(long int,  long int,  long int)’ [-Wattribute-alias=]
  195 |  asmlinkage long sys##name(__MAP(x,__SC_DECL,__VA_ARGS__)) \
      |                  ^~~
./include/linux/syscalls.h:191:2: note: in expansion of macro ‘__SYSCALL_DEFINEx’
  191 |  __SYSCALL_DEFINEx(x, sname, __VA_ARGS__)
      |  ^~~~~~~~~~~~~~~~~
./include/linux/syscalls.h:184:36: note: in expansion of macro ‘SYSCALL_DEFINEx’
  184 | #define SYSCALL_DEFINE3(name, ...) SYSCALL_DEFINEx(3, _##name, __VA_ARGS__)
      |                                    ^~~~~~~~~~~~~~~
fs/open.c:354:1: note: in expansion of macro ‘SYSCALL_DEFINE3’
  354 | SYSCALL_DEFINE3(faccessat, int, dfd, const char __user *, filename, int, mode)
      | ^~~~~~~~~~~~~~~
./include/linux/syscalls.h:199:18: note: aliased declaration here
  199 |  asmlinkage long SyS##name(__MAP(x,__SC_LONG,__VA_ARGS__)) \
      |                  ^~~
./include/linux/syscalls.h:191:2: note: in expansion of macro ‘__SYSCALL_DEFINEx’
  191 |  __SYSCALL_DEFINEx(x, sname, __VA_ARGS__)
      |  ^~~~~~~~~~~~~~~~~
./include/linux/syscalls.h:184:36: note: in expansion of macro ‘SYSCALL_DEFINEx’
  184 | #define SYSCALL_DEFINE3(name, ...) SYSCALL_DEFINEx(3, _##name, __VA_ARGS__)
      |                                    ^~~~~~~~~~~~~~~
fs/open.c:354:1: note: in expansion of macro ‘SYSCALL_DEFINE3’
  354 | SYSCALL_DEFINE3(faccessat, int, dfd, const char __user *, filename, int, mode)
      | ^~~~~~~~~~~~~~~
./include/linux/syscalls.h:195:18: warning: ‘sys_ftruncate64’ alias between functions of incompatible types ‘long int(unsigned int,  loff_t)’ {aka ‘long int(unsigned int,  long long int)’} and ‘long int(long int,  long long int)’ [-Wattribute-alias=]
  195 |  asmlinkage long sys##name(__MAP(x,__SC_DECL,__VA_ARGS__)) \
      |                  ^~~
./include/linux/syscalls.h:191:2: note: in expansion of macro ‘__SYSCALL_DEFINEx’
  191 |  __SYSCALL_DEFINEx(x, sname, __VA_ARGS__)
      |  ^~~~~~~~~~~~~~~~~
./include/linux/syscalls.h:183:36: note: in expansion of macro ‘SYSCALL_DEFINEx’
  183 | #define SYSCALL_DEFINE2(name, ...) SYSCALL_DEFINEx(2, _##name, __VA_ARGS__)
      |                                    ^~~~~~~~~~~~~~~
fs/open.c:231:1: note: in expansion of macro ‘SYSCALL_DEFINE2’
  231 | SYSCALL_DEFINE2(ftruncate64, unsigned int, fd, loff_t, length)
      | ^~~~~~~~~~~~~~~
./include/linux/syscalls.h:199:18: note: aliased declaration here
  199 |  asmlinkage long SyS##name(__MAP(x,__SC_LONG,__VA_ARGS__)) \
      |                  ^~~
./include/linux/syscalls.h:191:2: note: in expansion of macro ‘__SYSCALL_DEFINEx’
  191 |  __SYSCALL_DEFINEx(x, sname, __VA_ARGS__)
      |  ^~~~~~~~~~~~~~~~~
./include/linux/syscalls.h:183:36: note: in expansion of macro ‘SYSCALL_DEFINEx’
  183 | #define SYSCALL_DEFINE2(name, ...) SYSCALL_DEFINEx(2, _##name, __VA_ARGS__)
      |                                    ^~~~~~~~~~~~~~~
fs/open.c:231:1: note: in expansion of macro ‘SYSCALL_DEFINE2’
  231 | SYSCALL_DEFINE2(ftruncate64, unsigned int, fd, loff_t, length)
      | ^~~~~~~~~~~~~~~
./include/linux/syscalls.h:195:18: warning: ‘sys_truncate64’ alias between functions of incompatible types ‘long int(const char *, loff_t)’ {aka ‘long int(const char *, long long int)’} and ‘long int(long int,  long long int)’ [-Wattribute-alias=]
  195 |  asmlinkage long sys##name(__MAP(x,__SC_DECL,__VA_ARGS__)) \
      |                  ^~~
./include/linux/syscalls.h:191:2: note: in expansion of macro ‘__SYSCALL_DEFINEx’
  191 |  __SYSCALL_DEFINEx(x, sname, __VA_ARGS__)
      |  ^~~~~~~~~~~~~~~~~
./include/linux/syscalls.h:183:36: note: in expansion of macro ‘SYSCALL_DEFINEx’
  183 | #define SYSCALL_DEFINE2(name, ...) SYSCALL_DEFINEx(2, _##name, __VA_ARGS__)
      |                                    ^~~~~~~~~~~~~~~
fs/open.c:226:1: note: in expansion of macro ‘SYSCALL_DEFINE2’
  226 | SYSCALL_DEFINE2(truncate64, const char __user *, path, loff_t, length)
      | ^~~~~~~~~~~~~~~
./include/linux/syscalls.h:199:18: note: aliased declaration here
  199 |  asmlinkage long SyS##name(__MAP(x,__SC_LONG,__VA_ARGS__)) \
      |                  ^~~
./include/linux/syscalls.h:191:2: note: in expansion of macro ‘__SYSCALL_DEFINEx’
  191 |  __SYSCALL_DEFINEx(x, sname, __VA_ARGS__)
      |  ^~~~~~~~~~~~~~~~~
./include/linux/syscalls.h:183:36: note: in expansion of macro ‘SYSCALL_DEFINEx’
  183 | #define SYSCALL_DEFINE2(name, ...) SYSCALL_DEFINEx(2, _##name, __VA_ARGS__)
      |                                    ^~~~~~~~~~~~~~~
fs/open.c:226:1: note: in expansion of macro ‘SYSCALL_DEFINE2’
  226 | SYSCALL_DEFINE2(truncate64, const char __user *, path, loff_t, length)
      | ^~~~~~~~~~~~~~~
./include/linux/syscalls.h:195:18: warning: ‘sys_ftruncate’ alias between functions of incompatible types ‘long int(unsigned int,  long unsigned int)’ and ‘long int(long int,  long int)’ [-Wattribute-alias=]
  195 |  asmlinkage long sys##name(__MAP(x,__SC_DECL,__VA_ARGS__)) \
      |                  ^~~
./include/linux/syscalls.h:191:2: note: in expansion of macro ‘__SYSCALL_DEFINEx’
  191 |  __SYSCALL_DEFINEx(x, sname, __VA_ARGS__)
      |  ^~~~~~~~~~~~~~~~~
./include/linux/syscalls.h:183:36: note: in expansion of macro ‘SYSCALL_DEFINEx’
  183 | #define SYSCALL_DEFINE2(name, ...) SYSCALL_DEFINEx(2, _##name, __VA_ARGS__)
      |                                    ^~~~~~~~~~~~~~~
fs/open.c:212:1: note: in expansion of macro ‘SYSCALL_DEFINE2’
  212 | SYSCALL_DEFINE2(ftruncate, unsigned int, fd, unsigned long, length)
      | ^~~~~~~~~~~~~~~
./include/linux/syscalls.h:199:18: note: aliased declaration here
  199 |  asmlinkage long SyS##name(__MAP(x,__SC_LONG,__VA_ARGS__)) \
      |                  ^~~
./include/linux/syscalls.h:191:2: note: in expansion of macro ‘__SYSCALL_DEFINEx’
  191 |  __SYSCALL_DEFINEx(x, sname, __VA_ARGS__)
      |  ^~~~~~~~~~~~~~~~~
./include/linux/syscalls.h:183:36: note: in expansion of macro ‘SYSCALL_DEFINEx’
  183 | #define SYSCALL_DEFINE2(name, ...) SYSCALL_DEFINEx(2, _##name, __VA_ARGS__)
      |                                    ^~~~~~~~~~~~~~~
fs/open.c:212:1: note: in expansion of macro ‘SYSCALL_DEFINE2’
  212 | SYSCALL_DEFINE2(ftruncate, unsigned int, fd, unsigned long, length)
      | ^~~~~~~~~~~~~~~
  CC      fs/read_write.o
In file included from fs/read_write.c:15:
./include/linux/syscalls.h:195:18: warning: ‘sys_lseek’ alias between functions of incompatible types ‘long int(unsigned int,  off_t,  unsigned int)’ {aka ‘long int(unsigned int,  long int,  unsigned int)’} and ‘long int(long int,  long int,  long int)’ [-Wattribute-alias=]
  195 |  asmlinkage long sys##name(__MAP(x,__SC_DECL,__VA_ARGS__)) \
      |                  ^~~
./include/linux/syscalls.h:191:2: note: in expansion of macro ‘__SYSCALL_DEFINEx’
  191 |  __SYSCALL_DEFINEx(x, sname, __VA_ARGS__)
      |  ^~~~~~~~~~~~~~~~~
./include/linux/syscalls.h:184:36: note: in expansion of macro ‘SYSCALL_DEFINEx’
  184 | #define SYSCALL_DEFINE3(name, ...) SYSCALL_DEFINEx(3, _##name, __VA_ARGS__)
      |                                    ^~~~~~~~~~~~~~~
fs/read_write.c:305:1: note: in expansion of macro ‘SYSCALL_DEFINE3’
  305 | SYSCALL_DEFINE3(lseek, unsigned int, fd, off_t, offset, unsigned int, whence)
      | ^~~~~~~~~~~~~~~
./include/linux/syscalls.h:199:18: note: aliased declaration here
  199 |  asmlinkage long SyS##name(__MAP(x,__SC_LONG,__VA_ARGS__)) \
      |                  ^~~
./include/linux/syscalls.h:191:2: note: in expansion of macro ‘__SYSCALL_DEFINEx’
  191 |  __SYSCALL_DEFINEx(x, sname, __VA_ARGS__)
      |  ^~~~~~~~~~~~~~~~~
./include/linux/syscalls.h:184:36: note: in expansion of macro ‘SYSCALL_DEFINEx’
  184 | #define SYSCALL_DEFINE3(name, ...) SYSCALL_DEFINEx(3, _##name, __VA_ARGS__)
      |                                    ^~~~~~~~~~~~~~~
fs/read_write.c:305:1: note: in expansion of macro ‘SYSCALL_DEFINE3’
  305 | SYSCALL_DEFINE3(lseek, unsigned int, fd, off_t, offset, unsigned int, whence)
      | ^~~~~~~~~~~~~~~
./include/linux/syscalls.h:195:18: warning: ‘sys_copy_file_range’ alias between functions of incompatible types ‘long int(int,  loff_t *, int,  loff_t *, size_t,  unsigned int)’ {aka ‘long int(int,  long long int *, int,  long long int *, unsigned int,  unsigned int)’} and ‘long int(long int,  long int,  long int,  long int,  long int,  long int)’ [-Wattribute-alias=]
  195 |  asmlinkage long sys##name(__MAP(x,__SC_DECL,__VA_ARGS__)) \
      |                  ^~~
./include/linux/syscalls.h:191:2: note: in expansion of macro ‘__SYSCALL_DEFINEx’
  191 |  __SYSCALL_DEFINEx(x, sname, __VA_ARGS__)
      |  ^~~~~~~~~~~~~~~~~
./include/linux/syscalls.h:187:36: note: in expansion of macro ‘SYSCALL_DEFINEx’
  187 | #define SYSCALL_DEFINE6(name, ...) SYSCALL_DEFINEx(6, _##name, __VA_ARGS__)
      |                                    ^~~~~~~~~~~~~~~
fs/read_write.c:1573:1: note: in expansion of macro ‘SYSCALL_DEFINE6’
 1573 | SYSCALL_DEFINE6(copy_file_range, int, fd_in, loff_t __user *, off_in,
      | ^~~~~~~~~~~~~~~
./include/linux/syscalls.h:199:18: note: aliased declaration here
  199 |  asmlinkage long SyS##name(__MAP(x,__SC_LONG,__VA_ARGS__)) \
      |                  ^~~
./include/linux/syscalls.h:191:2: note: in expansion of macro ‘__SYSCALL_DEFINEx’
  191 |  __SYSCALL_DEFINEx(x, sname, __VA_ARGS__)
      |  ^~~~~~~~~~~~~~~~~
./include/linux/syscalls.h:187:36: note: in expansion of macro ‘SYSCALL_DEFINEx’
  187 | #define SYSCALL_DEFINE6(name, ...) SYSCALL_DEFINEx(6, _##name, __VA_ARGS__)
      |                                    ^~~~~~~~~~~~~~~
fs/read_write.c:1573:1: note: in expansion of macro ‘SYSCALL_DEFINE6’
 1573 | SYSCALL_DEFINE6(copy_file_range, int, fd_in, loff_t __user *, off_in,
      | ^~~~~~~~~~~~~~~
./include/linux/syscalls.h:195:18: warning: ‘sys_sendfile64’ alias between functions of incompatible types ‘long int(int,  int,  loff_t *, size_t)’ {aka ‘long int(int,  int,  long long int *, unsigned int)’} and ‘long int(long int,  long int,  long int,  long int)’ [-Wattribute-alias=]
  195 |  asmlinkage long sys##name(__MAP(x,__SC_DECL,__VA_ARGS__)) \
      |                  ^~~
./include/linux/syscalls.h:191:2: note: in expansion of macro ‘__SYSCALL_DEFINEx’
  191 |  __SYSCALL_DEFINEx(x, sname, __VA_ARGS__)
      |  ^~~~~~~~~~~~~~~~~
./include/linux/syscalls.h:185:36: note: in expansion of macro ‘SYSCALL_DEFINEx’
  185 | #define SYSCALL_DEFINE4(name, ...) SYSCALL_DEFINEx(4, _##name, __VA_ARGS__)
      |                                    ^~~~~~~~~~~~~~~
fs/read_write.c:1448:1: note: in expansion of macro ‘SYSCALL_DEFINE4’
 1448 | SYSCALL_DEFINE4(sendfile64, int, out_fd, int, in_fd, loff_t __user *, offset, size_t, count)
      | ^~~~~~~~~~~~~~~
./include/linux/syscalls.h:199:18: note: aliased declaration here
  199 |  asmlinkage long SyS##name(__MAP(x,__SC_LONG,__VA_ARGS__)) \
      |                  ^~~
./include/linux/syscalls.h:191:2: note: in expansion of macro ‘__SYSCALL_DEFINEx’
  191 |  __SYSCALL_DEFINEx(x, sname, __VA_ARGS__)
      |  ^~~~~~~~~~~~~~~~~
./include/linux/syscalls.h:185:36: note: in expansion of macro ‘SYSCALL_DEFINEx’
  185 | #define SYSCALL_DEFINE4(name, ...) SYSCALL_DEFINEx(4, _##name, __VA_ARGS__)
      |                                    ^~~~~~~~~~~~~~~
fs/read_write.c:1448:1: note: in expansion of macro ‘SYSCALL_DEFINE4’
 1448 | SYSCALL_DEFINE4(sendfile64, int, out_fd, int, in_fd, loff_t __user *, offset, size_t, count)
      | ^~~~~~~~~~~~~~~
./include/linux/syscalls.h:195:18: warning: ‘sys_sendfile’ alias between functions of incompatible types ‘long int(int,  int,  off_t *, size_t)’ {aka ‘long int(int,  int,  long int *, unsigned int)’} and ‘long int(long int,  long int,  long int,  long int)’ [-Wattribute-alias=]
  195 |  asmlinkage long sys##name(__MAP(x,__SC_DECL,__VA_ARGS__)) \
      |                  ^~~
./include/linux/syscalls.h:191:2: note: in expansion of macro ‘__SYSCALL_DEFINEx’
  191 |  __SYSCALL_DEFINEx(x, sname, __VA_ARGS__)
      |  ^~~~~~~~~~~~~~~~~
./include/linux/syscalls.h:185:36: note: in expansion of macro ‘SYSCALL_DEFINEx’
  185 | #define SYSCALL_DEFINE4(name, ...) SYSCALL_DEFINEx(4, _##name, __VA_ARGS__)
      |                                    ^~~~~~~~~~~~~~~
fs/read_write.c:1429:1: note: in expansion of macro ‘SYSCALL_DEFINE4’
 1429 | SYSCALL_DEFINE4(sendfile, int, out_fd, int, in_fd, off_t __user *, offset, size_t, count)
      | ^~~~~~~~~~~~~~~
./include/linux/syscalls.h:199:18: note: aliased declaration here
  199 |  asmlinkage long SyS##name(__MAP(x,__SC_LONG,__VA_ARGS__)) \
      |                  ^~~
./include/linux/syscalls.h:191:2: note: in expansion of macro ‘__SYSCALL_DEFINEx’
  191 |  __SYSCALL_DEFINEx(x, sname, __VA_ARGS__)
      |  ^~~~~~~~~~~~~~~~~
./include/linux/syscalls.h:185:36: note: in expansion of macro ‘SYSCALL_DEFINEx’
  185 | #define SYSCALL_DEFINE4(name, ...) SYSCALL_DEFINEx(4, _##name, __VA_ARGS__)
      |                                    ^~~~~~~~~~~~~~~
fs/read_write.c:1429:1: note: in expansion of macro ‘SYSCALL_DEFINE4’
 1429 | SYSCALL_DEFINE4(sendfile, int, out_fd, int, in_fd, off_t __user *, offset, size_t, count)
      | ^~~~~~~~~~~~~~~
./include/linux/syscalls.h:195:18: warning: ‘sys_pwritev2’ alias between functions of incompatible types ‘long int(long unsigned int,  const struct iovec *, long unsigned int,  long unsigned int,  long unsigned int,  int)’ and ‘long int(long int,  long int,  long int,  long int,  long int,  long int)’ [-Wattribute-alias=]
  195 |  asmlinkage long sys##name(__MAP(x,__SC_DECL,__VA_ARGS__)) \
      |                  ^~~
./include/linux/syscalls.h:191:2: note: in expansion of macro ‘__SYSCALL_DEFINEx’
  191 |  __SYSCALL_DEFINEx(x, sname, __VA_ARGS__)
      |  ^~~~~~~~~~~~~~~~~
./include/linux/syscalls.h:187:36: note: in expansion of macro ‘SYSCALL_DEFINEx’
  187 | #define SYSCALL_DEFINE6(name, ...) SYSCALL_DEFINEx(6, _##name, __VA_ARGS__)
      |                                    ^~~~~~~~~~~~~~~
fs/read_write.c:1048:1: note: in expansion of macro ‘SYSCALL_DEFINE6’
 1048 | SYSCALL_DEFINE6(pwritev2, unsigned long, fd, const struct iovec __user *, vec,
      | ^~~~~~~~~~~~~~~
./include/linux/syscalls.h:199:18: note: aliased declaration here
  199 |  asmlinkage long SyS##name(__MAP(x,__SC_LONG,__VA_ARGS__)) \
      |                  ^~~
./include/linux/syscalls.h:191:2: note: in expansion of macro ‘__SYSCALL_DEFINEx’
  191 |  __SYSCALL_DEFINEx(x, sname, __VA_ARGS__)
      |  ^~~~~~~~~~~~~~~~~
./include/linux/syscalls.h:187:36: note: in expansion of macro ‘SYSCALL_DEFINEx’
  187 | #define SYSCALL_DEFINE6(name, ...) SYSCALL_DEFINEx(6, _##name, __VA_ARGS__)
      |                                    ^~~~~~~~~~~~~~~
fs/read_write.c:1048:1: note: in expansion of macro ‘SYSCALL_DEFINE6’
 1048 | SYSCALL_DEFINE6(pwritev2, unsigned long, fd, const struct iovec __user *, vec,
      | ^~~~~~~~~~~~~~~
./include/linux/syscalls.h:195:18: warning: ‘sys_pwritev’ alias between functions of incompatible types ‘long int(long unsigned int,  const struct iovec *, long unsigned int,  long unsigned int,  long unsigned int)’ and ‘long int(long int,  long int,  long int,  long int,  long int)’ [-Wattribute-alias=]
  195 |  asmlinkage long sys##name(__MAP(x,__SC_DECL,__VA_ARGS__)) \
      |                  ^~~
./include/linux/syscalls.h:191:2: note: in expansion of macro ‘__SYSCALL_DEFINEx’
  191 |  __SYSCALL_DEFINEx(x, sname, __VA_ARGS__)
      |  ^~~~~~~~~~~~~~~~~
./include/linux/syscalls.h:186:36: note: in expansion of macro ‘SYSCALL_DEFINEx’
  186 | #define SYSCALL_DEFINE5(name, ...) SYSCALL_DEFINEx(5, _##name, __VA_ARGS__)
      |                                    ^~~~~~~~~~~~~~~
fs/read_write.c:1040:1: note: in expansion of macro ‘SYSCALL_DEFINE5’
 1040 | SYSCALL_DEFINE5(pwritev, unsigned long, fd, const struct iovec __user *, vec,
      | ^~~~~~~~~~~~~~~
./include/linux/syscalls.h:199:18: note: aliased declaration here
  199 |  asmlinkage long SyS##name(__MAP(x,__SC_LONG,__VA_ARGS__)) \
      |                  ^~~
./include/linux/syscalls.h:191:2: note: in expansion of macro ‘__SYSCALL_DEFINEx’
  191 |  __SYSCALL_DEFINEx(x, sname, __VA_ARGS__)
      |  ^~~~~~~~~~~~~~~~~
./include/linux/syscalls.h:186:36: note: in expansion of macro ‘SYSCALL_DEFINEx’
  186 | #define SYSCALL_DEFINE5(name, ...) SYSCALL_DEFINEx(5, _##name, __VA_ARGS__)
      |                                    ^~~~~~~~~~~~~~~
fs/read_write.c:1040:1: note: in expansion of macro ‘SYSCALL_DEFINE5’
 1040 | SYSCALL_DEFINE5(pwritev, unsigned long, fd, const struct iovec __user *, vec,
      | ^~~~~~~~~~~~~~~
./include/linux/syscalls.h:195:18: warning: ‘sys_preadv2’ alias between functions of incompatible types ‘long int(long unsigned int,  const struct iovec *, long unsigned int,  long unsigned int,  long unsigned int,  int)’ and ‘long int(long int,  long int,  long int,  long int,  long int,  long int)’ [-Wattribute-alias=]
  195 |  asmlinkage long sys##name(__MAP(x,__SC_DECL,__VA_ARGS__)) \
      |                  ^~~
./include/linux/syscalls.h:191:2: note: in expansion of macro ‘__SYSCALL_DEFINEx’
  191 |  __SYSCALL_DEFINEx(x, sname, __VA_ARGS__)
      |  ^~~~~~~~~~~~~~~~~
./include/linux/syscalls.h:187:36: note: in expansion of macro ‘SYSCALL_DEFINEx’
  187 | #define SYSCALL_DEFINE6(name, ...) SYSCALL_DEFINEx(6, _##name, __VA_ARGS__)
      |                                    ^~~~~~~~~~~~~~~
fs/read_write.c:1028:1: note: in expansion of macro ‘SYSCALL_DEFINE6’
 1028 | SYSCALL_DEFINE6(preadv2, unsigned long, fd, const struct iovec __user *, vec,
      | ^~~~~~~~~~~~~~~
./include/linux/syscalls.h:199:18: note: aliased declaration here
  199 |  asmlinkage long SyS##name(__MAP(x,__SC_LONG,__VA_ARGS__)) \
      |                  ^~~
./include/linux/syscalls.h:191:2: note: in expansion of macro ‘__SYSCALL_DEFINEx’
  191 |  __SYSCALL_DEFINEx(x, sname, __VA_ARGS__)
      |  ^~~~~~~~~~~~~~~~~
./include/linux/syscalls.h:187:36: note: in expansion of macro ‘SYSCALL_DEFINEx’
  187 | #define SYSCALL_DEFINE6(name, ...) SYSCALL_DEFINEx(6, _##name, __VA_ARGS__)
      |                                    ^~~~~~~~~~~~~~~
fs/read_write.c:1028:1: note: in expansion of macro ‘SYSCALL_DEFINE6’
 1028 | SYSCALL_DEFINE6(preadv2, unsigned long, fd, const struct iovec __user *, vec,
      | ^~~~~~~~~~~~~~~
./include/linux/syscalls.h:195:18: warning: ‘sys_preadv’ alias between functions of incompatible types ‘long int(long unsigned int,  const struct iovec *, long unsigned int,  long unsigned int,  long unsigned int)’ and ‘long int(long int,  long int,  long int,  long int,  long int)’ [-Wattribute-alias=]
  195 |  asmlinkage long sys##name(__MAP(x,__SC_DECL,__VA_ARGS__)) \
      |                  ^~~
./include/linux/syscalls.h:191:2: note: in expansion of macro ‘__SYSCALL_DEFINEx’
  191 |  __SYSCALL_DEFINEx(x, sname, __VA_ARGS__)
      |  ^~~~~~~~~~~~~~~~~
./include/linux/syscalls.h:186:36: note: in expansion of macro ‘SYSCALL_DEFINEx’
  186 | #define SYSCALL_DEFINE5(name, ...) SYSCALL_DEFINEx(5, _##name, __VA_ARGS__)
      |                                    ^~~~~~~~~~~~~~~
fs/read_write.c:1020:1: note: in expansion of macro ‘SYSCALL_DEFINE5’
 1020 | SYSCALL_DEFINE5(preadv, unsigned long, fd, const struct iovec __user *, vec,
      | ^~~~~~~~~~~~~~~
./include/linux/syscalls.h:199:18: note: aliased declaration here
  199 |  asmlinkage long SyS##name(__MAP(x,__SC_LONG,__VA_ARGS__)) \
      |                  ^~~
./include/linux/syscalls.h:191:2: note: in expansion of macro ‘__SYSCALL_DEFINEx’
  191 |  __SYSCALL_DEFINEx(x, sname, __VA_ARGS__)
      |  ^~~~~~~~~~~~~~~~~
./include/linux/syscalls.h:186:36: note: in expansion of macro ‘SYSCALL_DEFINEx’
  186 | #define SYSCALL_DEFINE5(name, ...) SYSCALL_DEFINEx(5, _##name, __VA_ARGS__)
      |                                    ^~~~~~~~~~~~~~~
fs/read_write.c:1020:1: note: in expansion of macro ‘SYSCALL_DEFINE5’
 1020 | SYSCALL_DEFINE5(preadv, unsigned long, fd, const struct iovec __user *, vec,
      | ^~~~~~~~~~~~~~~
./include/linux/syscalls.h:195:18: warning: ‘sys_writev’ alias between functions of incompatible types ‘long int(long unsigned int,  const struct iovec *, long unsigned int)’ and ‘long int(long int,  long int,  long int)’ [-Wattribute-alias=]
  195 |  asmlinkage long sys##name(__MAP(x,__SC_DECL,__VA_ARGS__)) \
      |                  ^~~
./include/linux/syscalls.h:191:2: note: in expansion of macro ‘__SYSCALL_DEFINEx’
  191 |  __SYSCALL_DEFINEx(x, sname, __VA_ARGS__)
      |  ^~~~~~~~~~~~~~~~~
./include/linux/syscalls.h:184:36: note: in expansion of macro ‘SYSCALL_DEFINEx’
  184 | #define SYSCALL_DEFINE3(name, ...) SYSCALL_DEFINEx(3, _##name, __VA_ARGS__)
      |                                    ^~~~~~~~~~~~~~~
fs/read_write.c:1014:1: note: in expansion of macro ‘SYSCALL_DEFINE3’
 1014 | SYSCALL_DEFINE3(writev, unsigned long, fd, const struct iovec __user *, vec,
      | ^~~~~~~~~~~~~~~
./include/linux/syscalls.h:199:18: note: aliased declaration here
  199 |  asmlinkage long SyS##name(__MAP(x,__SC_LONG,__VA_ARGS__)) \
      |                  ^~~
./include/linux/syscalls.h:191:2: note: in expansion of macro ‘__SYSCALL_DEFINEx’
  191 |  __SYSCALL_DEFINEx(x, sname, __VA_ARGS__)
      |  ^~~~~~~~~~~~~~~~~
./include/linux/syscalls.h:184:36: note: in expansion of macro ‘SYSCALL_DEFINEx’
  184 | #define SYSCALL_DEFINE3(name, ...) SYSCALL_DEFINEx(3, _##name, __VA_ARGS__)
      |                                    ^~~~~~~~~~~~~~~
fs/read_write.c:1014:1: note: in expansion of macro ‘SYSCALL_DEFINE3’
 1014 | SYSCALL_DEFINE3(writev, unsigned long, fd, const struct iovec __user *, vec,
      | ^~~~~~~~~~~~~~~
./include/linux/syscalls.h:195:18: warning: ‘sys_readv’ alias between functions of incompatible types ‘long int(long unsigned int,  const struct iovec *, long unsigned int)’ and ‘long int(long int,  long int,  long int)’ [-Wattribute-alias=]
  195 |  asmlinkage long sys##name(__MAP(x,__SC_DECL,__VA_ARGS__)) \
      |                  ^~~
./include/linux/syscalls.h:191:2: note: in expansion of macro ‘__SYSCALL_DEFINEx’
  191 |  __SYSCALL_DEFINEx(x, sname, __VA_ARGS__)
      |  ^~~~~~~~~~~~~~~~~
./include/linux/syscalls.h:184:36: note: in expansion of macro ‘SYSCALL_DEFINEx’
  184 | #define SYSCALL_DEFINE3(name, ...) SYSCALL_DEFINEx(3, _##name, __VA_ARGS__)
      |                                    ^~~~~~~~~~~~~~~
fs/read_write.c:1008:1: note: in expansion of macro ‘SYSCALL_DEFINE3’
 1008 | SYSCALL_DEFINE3(readv, unsigned long, fd, const struct iovec __user *, vec,
      | ^~~~~~~~~~~~~~~
./include/linux/syscalls.h:199:18: note: aliased declaration here
  199 |  asmlinkage long SyS##name(__MAP(x,__SC_LONG,__VA_ARGS__)) \
      |                  ^~~
./include/linux/syscalls.h:191:2: note: in expansion of macro ‘__SYSCALL_DEFINEx’
  191 |  __SYSCALL_DEFINEx(x, sname, __VA_ARGS__)
      |  ^~~~~~~~~~~~~~~~~
./include/linux/syscalls.h:184:36: note: in expansion of macro ‘SYSCALL_DEFINEx’
  184 | #define SYSCALL_DEFINE3(name, ...) SYSCALL_DEFINEx(3, _##name, __VA_ARGS__)
      |                                    ^~~~~~~~~~~~~~~
fs/read_write.c:1008:1: note: in expansion of macro ‘SYSCALL_DEFINE3’
 1008 | SYSCALL_DEFINE3(readv, unsigned long, fd, const struct iovec __user *, vec,
      | ^~~~~~~~~~~~~~~
./include/linux/syscalls.h:195:18: warning: ‘sys_pwrite64’ alias between functions of incompatible types ‘long int(unsigned int,  const char *, size_t,  loff_t)’ {aka ‘long int(unsigned int,  const char *, unsigned int,  long long int)’} and ‘long int(long int,  long int,  long int,  long long int)’ [-Wattribute-alias=]
  195 |  asmlinkage long sys##name(__MAP(x,__SC_DECL,__VA_ARGS__)) \
      |                  ^~~
./include/linux/syscalls.h:191:2: note: in expansion of macro ‘__SYSCALL_DEFINEx’
  191 |  __SYSCALL_DEFINEx(x, sname, __VA_ARGS__)
      |  ^~~~~~~~~~~~~~~~~
./include/linux/syscalls.h:185:36: note: in expansion of macro ‘SYSCALL_DEFINEx’
  185 | #define SYSCALL_DEFINE4(name, ...) SYSCALL_DEFINEx(4, _##name, __VA_ARGS__)
      |                                    ^~~~~~~~~~~~~~~
fs/read_write.c:636:1: note: in expansion of macro ‘SYSCALL_DEFINE4’
  636 | SYSCALL_DEFINE4(pwrite64, unsigned int, fd, const char __user *, buf,
      | ^~~~~~~~~~~~~~~
./include/linux/syscalls.h:199:18: note: aliased declaration here
  199 |  asmlinkage long SyS##name(__MAP(x,__SC_LONG,__VA_ARGS__)) \
      |                  ^~~
./include/linux/syscalls.h:191:2: note: in expansion of macro ‘__SYSCALL_DEFINEx’
  191 |  __SYSCALL_DEFINEx(x, sname, __VA_ARGS__)
      |  ^~~~~~~~~~~~~~~~~
./include/linux/syscalls.h:185:36: note: in expansion of macro ‘SYSCALL_DEFINEx’
  185 | #define SYSCALL_DEFINE4(name, ...) SYSCALL_DEFINEx(4, _##name, __VA_ARGS__)
      |                                    ^~~~~~~~~~~~~~~
fs/read_write.c:636:1: note: in expansion of macro ‘SYSCALL_DEFINE4’
  636 | SYSCALL_DEFINE4(pwrite64, unsigned int, fd, const char __user *, buf,
      | ^~~~~~~~~~~~~~~
./include/linux/syscalls.h:195:18: warning: ‘sys_pread64’ alias between functions of incompatible types ‘long int(unsigned int,  char *, size_t,  loff_t)’ {aka ‘long int(unsigned int,  char *, unsigned int,  long long int)’} and ‘long int(long int,  long int,  long int,  long long int)’ [-Wattribute-alias=]
  195 |  asmlinkage long sys##name(__MAP(x,__SC_DECL,__VA_ARGS__)) \
      |                  ^~~
./include/linux/syscalls.h:191:2: note: in expansion of macro ‘__SYSCALL_DEFINEx’
  191 |  __SYSCALL_DEFINEx(x, sname, __VA_ARGS__)
      |  ^~~~~~~~~~~~~~~~~
./include/linux/syscalls.h:185:36: note: in expansion of macro ‘SYSCALL_DEFINEx’
  185 | #define SYSCALL_DEFINE4(name, ...) SYSCALL_DEFINEx(4, _##name, __VA_ARGS__)
      |                                    ^~~~~~~~~~~~~~~
fs/read_write.c:616:1: note: in expansion of macro ‘SYSCALL_DEFINE4’
  616 | SYSCALL_DEFINE4(pread64, unsigned int, fd, char __user *, buf,
      | ^~~~~~~~~~~~~~~
./include/linux/syscalls.h:199:18: note: aliased declaration here
  199 |  asmlinkage long SyS##name(__MAP(x,__SC_LONG,__VA_ARGS__)) \
      |                  ^~~
./include/linux/syscalls.h:191:2: note: in expansion of macro ‘__SYSCALL_DEFINEx’
  191 |  __SYSCALL_DEFINEx(x, sname, __VA_ARGS__)
      |  ^~~~~~~~~~~~~~~~~
./include/linux/syscalls.h:185:36: note: in expansion of macro ‘SYSCALL_DEFINEx’
  185 | #define SYSCALL_DEFINE4(name, ...) SYSCALL_DEFINEx(4, _##name, __VA_ARGS__)
      |                                    ^~~~~~~~~~~~~~~
fs/read_write.c:616:1: note: in expansion of macro ‘SYSCALL_DEFINE4’
  616 | SYSCALL_DEFINE4(pread64, unsigned int, fd, char __user *, buf,
      | ^~~~~~~~~~~~~~~
./include/linux/syscalls.h:195:18: warning: ‘sys_write’ alias between functions of incompatible types ‘long int(unsigned int,  const char *, size_t)’ {aka ‘long int(unsigned int,  const char *, unsigned int)’} and ‘long int(long int,  long int,  long int)’ [-Wattribute-alias=]
  195 |  asmlinkage long sys##name(__MAP(x,__SC_DECL,__VA_ARGS__)) \
      |                  ^~~
./include/linux/syscalls.h:191:2: note: in expansion of macro ‘__SYSCALL_DEFINEx’
  191 |  __SYSCALL_DEFINEx(x, sname, __VA_ARGS__)
      |  ^~~~~~~~~~~~~~~~~
./include/linux/syscalls.h:184:36: note: in expansion of macro ‘SYSCALL_DEFINEx’
  184 | #define SYSCALL_DEFINE3(name, ...) SYSCALL_DEFINEx(3, _##name, __VA_ARGS__)
      |                                    ^~~~~~~~~~~~~~~
fs/read_write.c:599:1: note: in expansion of macro ‘SYSCALL_DEFINE3’
  599 | SYSCALL_DEFINE3(write, unsigned int, fd, const char __user *, buf,
      | ^~~~~~~~~~~~~~~
./include/linux/syscalls.h:199:18: note: aliased declaration here
  199 |  asmlinkage long SyS##name(__MAP(x,__SC_LONG,__VA_ARGS__)) \
      |                  ^~~
./include/linux/syscalls.h:191:2: note: in expansion of macro ‘__SYSCALL_DEFINEx’
  191 |  __SYSCALL_DEFINEx(x, sname, __VA_ARGS__)
      |  ^~~~~~~~~~~~~~~~~
./include/linux/syscalls.h:184:36: note: in expansion of macro ‘SYSCALL_DEFINEx’
  184 | #define SYSCALL_DEFINE3(name, ...) SYSCALL_DEFINEx(3, _##name, __VA_ARGS__)
      |                                    ^~~~~~~~~~~~~~~
fs/read_write.c:599:1: note: in expansion of macro ‘SYSCALL_DEFINE3’
  599 | SYSCALL_DEFINE3(write, unsigned int, fd, const char __user *, buf,
      | ^~~~~~~~~~~~~~~
./include/linux/syscalls.h:195:18: warning: ‘sys_read’ alias between functions of incompatible types ‘long int(unsigned int,  char *, size_t)’ {aka ‘long int(unsigned int,  char *, unsigned int)’} and ‘long int(long int,  long int,  long int)’ [-Wattribute-alias=]
  195 |  asmlinkage long sys##name(__MAP(x,__SC_DECL,__VA_ARGS__)) \
      |                  ^~~
./include/linux/syscalls.h:191:2: note: in expansion of macro ‘__SYSCALL_DEFINEx’
  191 |  __SYSCALL_DEFINEx(x, sname, __VA_ARGS__)
      |  ^~~~~~~~~~~~~~~~~
./include/linux/syscalls.h:184:36: note: in expansion of macro ‘SYSCALL_DEFINEx’
  184 | #define SYSCALL_DEFINE3(name, ...) SYSCALL_DEFINEx(3, _##name, __VA_ARGS__)
      |                                    ^~~~~~~~~~~~~~~
fs/read_write.c:584:1: note: in expansion of macro ‘SYSCALL_DEFINE3’
  584 | SYSCALL_DEFINE3(read, unsigned int, fd, char __user *, buf, size_t, count)
      | ^~~~~~~~~~~~~~~
./include/linux/syscalls.h:199:18: note: aliased declaration here
  199 |  asmlinkage long SyS##name(__MAP(x,__SC_LONG,__VA_ARGS__)) \
      |                  ^~~
./include/linux/syscalls.h:191:2: note: in expansion of macro ‘__SYSCALL_DEFINEx’
  191 |  __SYSCALL_DEFINEx(x, sname, __VA_ARGS__)
      |  ^~~~~~~~~~~~~~~~~
./include/linux/syscalls.h:184:36: note: in expansion of macro ‘SYSCALL_DEFINEx’
  184 | #define SYSCALL_DEFINE3(name, ...) SYSCALL_DEFINEx(3, _##name, __VA_ARGS__)
      |                                    ^~~~~~~~~~~~~~~
fs/read_write.c:584:1: note: in expansion of macro ‘SYSCALL_DEFINE3’
  584 | SYSCALL_DEFINE3(read, unsigned int, fd, char __user *, buf, size_t, count)
      | ^~~~~~~~~~~~~~~
./include/linux/syscalls.h:195:18: warning: ‘sys_llseek’ alias between functions of incompatible types ‘long int(unsigned int,  long unsigned int,  long unsigned int,  loff_t *, unsigned int)’ {aka ‘long int(unsigned int,  long unsigned int,  long unsigned int,  long long int *, unsigned int)’} and ‘long int(long int,  long int,  long int,  long int,  long int)’ [-Wattribute-alias=]
  195 |  asmlinkage long sys##name(__MAP(x,__SC_DECL,__VA_ARGS__)) \
      |                  ^~~
./include/linux/syscalls.h:191:2: note: in expansion of macro ‘__SYSCALL_DEFINEx’
  191 |  __SYSCALL_DEFINEx(x, sname, __VA_ARGS__)
      |  ^~~~~~~~~~~~~~~~~
./include/linux/syscalls.h:186:36: note: in expansion of macro ‘SYSCALL_DEFINEx’
  186 | #define SYSCALL_DEFINE5(name, ...) SYSCALL_DEFINEx(5, _##name, __VA_ARGS__)
      |                                    ^~~~~~~~~~~~~~~
fs/read_write.c:331:1: note: in expansion of macro ‘SYSCALL_DEFINE5’
  331 | SYSCALL_DEFINE5(llseek, unsigned int, fd, unsigned long, offset_high,
      | ^~~~~~~~~~~~~~~
./include/linux/syscalls.h:199:18: note: aliased declaration here
  199 |  asmlinkage long SyS##name(__MAP(x,__SC_LONG,__VA_ARGS__)) \
      |                  ^~~
./include/linux/syscalls.h:191:2: note: in expansion of macro ‘__SYSCALL_DEFINEx’
  191 |  __SYSCALL_DEFINEx(x, sname, __VA_ARGS__)
      |  ^~~~~~~~~~~~~~~~~
./include/linux/syscalls.h:186:36: note: in expansion of macro ‘SYSCALL_DEFINEx’
  186 | #define SYSCALL_DEFINE5(name, ...) SYSCALL_DEFINEx(5, _##name, __VA_ARGS__)
      |                                    ^~~~~~~~~~~~~~~
fs/read_write.c:331:1: note: in expansion of macro ‘SYSCALL_DEFINE5’
  331 | SYSCALL_DEFINE5(llseek, unsigned int, fd, unsigned long, offset_high,
      | ^~~~~~~~~~~~~~~
  CC      fs/file_table.o
  CC      fs/super.o
  CC      fs/char_dev.o
  CC      fs/stat.o
In file included from fs/stat.c:15:
./include/linux/syscalls.h:195:18: warning: ‘sys_newstat’ alias between functions of incompatible types ‘long int(const char *, struct stat *)’ and ‘long int(long int,  long int)’ [-Wattribute-alias=]
  195 |  asmlinkage long sys##name(__MAP(x,__SC_DECL,__VA_ARGS__)) \
      |                  ^~~
./include/linux/syscalls.h:191:2: note: in expansion of macro ‘__SYSCALL_DEFINEx’
  191 |  __SYSCALL_DEFINEx(x, sname, __VA_ARGS__)
      |  ^~~~~~~~~~~~~~~~~
./include/linux/syscalls.h:183:36: note: in expansion of macro ‘SYSCALL_DEFINEx’
  183 | #define SYSCALL_DEFINE2(name, ...) SYSCALL_DEFINEx(2, _##name, __VA_ARGS__)
      |                                    ^~~~~~~~~~~~~~~
fs/stat.c:266:1: note: in expansion of macro ‘SYSCALL_DEFINE2’
  266 | SYSCALL_DEFINE2(newstat, const char __user *, filename,
      | ^~~~~~~~~~~~~~~
./include/linux/syscalls.h:199:18: note: aliased declaration here
  199 |  asmlinkage long SyS##name(__MAP(x,__SC_LONG,__VA_ARGS__)) \
      |                  ^~~
./include/linux/syscalls.h:191:2: note: in expansion of macro ‘__SYSCALL_DEFINEx’
  191 |  __SYSCALL_DEFINEx(x, sname, __VA_ARGS__)
      |  ^~~~~~~~~~~~~~~~~
./include/linux/syscalls.h:183:36: note: in expansion of macro ‘SYSCALL_DEFINEx’
  183 | #define SYSCALL_DEFINE2(name, ...) SYSCALL_DEFINEx(2, _##name, __VA_ARGS__)
      |                                    ^~~~~~~~~~~~~~~
fs/stat.c:266:1: note: in expansion of macro ‘SYSCALL_DEFINE2’
  266 | SYSCALL_DEFINE2(newstat, const char __user *, filename,
      | ^~~~~~~~~~~~~~~
./include/linux/syscalls.h:195:18: warning: ‘sys_fstatat64’ alias between functions of incompatible types ‘long int(int,  const char *, struct stat64 *, int)’ and ‘long int(long int,  long int,  long int,  long int)’ [-Wattribute-alias=]
  195 |  asmlinkage long sys##name(__MAP(x,__SC_DECL,__VA_ARGS__)) \
      |                  ^~~
./include/linux/syscalls.h:191:2: note: in expansion of macro ‘__SYSCALL_DEFINEx’
  191 |  __SYSCALL_DEFINEx(x, sname, __VA_ARGS__)
      |  ^~~~~~~~~~~~~~~~~
./include/linux/syscalls.h:185:36: note: in expansion of macro ‘SYSCALL_DEFINEx’
  185 | #define SYSCALL_DEFINE4(name, ...) SYSCALL_DEFINEx(4, _##name, __VA_ARGS__)
      |                                    ^~~~~~~~~~~~~~~
fs/stat.c:433:1: note: in expansion of macro ‘SYSCALL_DEFINE4’
  433 | SYSCALL_DEFINE4(fstatat64, int, dfd, const char __user *, filename,
      | ^~~~~~~~~~~~~~~
./include/linux/syscalls.h:199:18: note: aliased declaration here
  199 |  asmlinkage long SyS##name(__MAP(x,__SC_LONG,__VA_ARGS__)) \
      |                  ^~~
./include/linux/syscalls.h:191:2: note: in expansion of macro ‘__SYSCALL_DEFINEx’
  191 |  __SYSCALL_DEFINEx(x, sname, __VA_ARGS__)
      |  ^~~~~~~~~~~~~~~~~
./include/linux/syscalls.h:185:36: note: in expansion of macro ‘SYSCALL_DEFINEx’
  185 | #define SYSCALL_DEFINE4(name, ...) SYSCALL_DEFINEx(4, _##name, __VA_ARGS__)
      |                                    ^~~~~~~~~~~~~~~
fs/stat.c:433:1: note: in expansion of macro ‘SYSCALL_DEFINE4’
  433 | SYSCALL_DEFINE4(fstatat64, int, dfd, const char __user *, filename,
      | ^~~~~~~~~~~~~~~
./include/linux/syscalls.h:195:18: warning: ‘sys_fstat64’ alias between functions of incompatible types ‘long int(long unsigned int,  struct stat64 *)’ and ‘long int(long int,  long int)’ [-Wattribute-alias=]
  195 |  asmlinkage long sys##name(__MAP(x,__SC_DECL,__VA_ARGS__)) \
      |                  ^~~
./include/linux/syscalls.h:191:2: note: in expansion of macro ‘__SYSCALL_DEFINEx’
  191 |  __SYSCALL_DEFINEx(x, sname, __VA_ARGS__)
      |  ^~~~~~~~~~~~~~~~~
./include/linux/syscalls.h:183:36: note: in expansion of macro ‘SYSCALL_DEFINEx’
  183 | #define SYSCALL_DEFINE2(name, ...) SYSCALL_DEFINEx(2, _##name, __VA_ARGS__)
      |                                    ^~~~~~~~~~~~~~~
fs/stat.c:422:1: note: in expansion of macro ‘SYSCALL_DEFINE2’
  422 | SYSCALL_DEFINE2(fstat64, unsigned long, fd, struct stat64 __user *, statbuf)
      | ^~~~~~~~~~~~~~~
./include/linux/syscalls.h:199:18: note: aliased declaration here
  199 |  asmlinkage long SyS##name(__MAP(x,__SC_LONG,__VA_ARGS__)) \
      |                  ^~~
./include/linux/syscalls.h:191:2: note: in expansion of macro ‘__SYSCALL_DEFINEx’
  191 |  __SYSCALL_DEFINEx(x, sname, __VA_ARGS__)
      |  ^~~~~~~~~~~~~~~~~
./include/linux/syscalls.h:183:36: note: in expansion of macro ‘SYSCALL_DEFINEx’
  183 | #define SYSCALL_DEFINE2(name, ...) SYSCALL_DEFINEx(2, _##name, __VA_ARGS__)
      |                                    ^~~~~~~~~~~~~~~
fs/stat.c:422:1: note: in expansion of macro ‘SYSCALL_DEFINE2’
  422 | SYSCALL_DEFINE2(fstat64, unsigned long, fd, struct stat64 __user *, statbuf)
      | ^~~~~~~~~~~~~~~
./include/linux/syscalls.h:195:18: warning: ‘sys_lstat64’ alias between functions of incompatible types ‘long int(const char *, struct stat64 *)’ and ‘long int(long int,  long int)’ [-Wattribute-alias=]
  195 |  asmlinkage long sys##name(__MAP(x,__SC_DECL,__VA_ARGS__)) \
      |                  ^~~
./include/linux/syscalls.h:191:2: note: in expansion of macro ‘__SYSCALL_DEFINEx’
  191 |  __SYSCALL_DEFINEx(x, sname, __VA_ARGS__)
      |  ^~~~~~~~~~~~~~~~~
./include/linux/syscalls.h:183:36: note: in expansion of macro ‘SYSCALL_DEFINEx’
  183 | #define SYSCALL_DEFINE2(name, ...) SYSCALL_DEFINEx(2, _##name, __VA_ARGS__)
      |                                    ^~~~~~~~~~~~~~~
fs/stat.c:410:1: note: in expansion of macro ‘SYSCALL_DEFINE2’
  410 | SYSCALL_DEFINE2(lstat64, const char __user *, filename,
      | ^~~~~~~~~~~~~~~
./include/linux/syscalls.h:199:18: note: aliased declaration here
  199 |  asmlinkage long SyS##name(__MAP(x,__SC_LONG,__VA_ARGS__)) \
      |                  ^~~
./include/linux/syscalls.h:191:2: note: in expansion of macro ‘__SYSCALL_DEFINEx’
  191 |  __SYSCALL_DEFINEx(x, sname, __VA_ARGS__)
      |  ^~~~~~~~~~~~~~~~~
./include/linux/syscalls.h:183:36: note: in expansion of macro ‘SYSCALL_DEFINEx’
  183 | #define SYSCALL_DEFINE2(name, ...) SYSCALL_DEFINEx(2, _##name, __VA_ARGS__)
      |                                    ^~~~~~~~~~~~~~~
fs/stat.c:410:1: note: in expansion of macro ‘SYSCALL_DEFINE2’
  410 | SYSCALL_DEFINE2(lstat64, const char __user *, filename,
      | ^~~~~~~~~~~~~~~
./include/linux/syscalls.h:195:18: warning: ‘sys_stat64’ alias between functions of incompatible types ‘long int(const char *, struct stat64 *)’ and ‘long int(long int,  long int)’ [-Wattribute-alias=]
  195 |  asmlinkage long sys##name(__MAP(x,__SC_DECL,__VA_ARGS__)) \
      |                  ^~~
./include/linux/syscalls.h:191:2: note: in expansion of macro ‘__SYSCALL_DEFINEx’
  191 |  __SYSCALL_DEFINEx(x, sname, __VA_ARGS__)
      |  ^~~~~~~~~~~~~~~~~
./include/linux/syscalls.h:183:36: note: in expansion of macro ‘SYSCALL_DEFINEx’
  183 | #define SYSCALL_DEFINE2(name, ...) SYSCALL_DEFINEx(2, _##name, __VA_ARGS__)
      |                                    ^~~~~~~~~~~~~~~
fs/stat.c:398:1: note: in expansion of macro ‘SYSCALL_DEFINE2’
  398 | SYSCALL_DEFINE2(stat64, const char __user *, filename,
      | ^~~~~~~~~~~~~~~
./include/linux/syscalls.h:199:18: note: aliased declaration here
  199 |  asmlinkage long SyS##name(__MAP(x,__SC_LONG,__VA_ARGS__)) \
      |                  ^~~
./include/linux/syscalls.h:191:2: note: in expansion of macro ‘__SYSCALL_DEFINEx’
  191 |  __SYSCALL_DEFINEx(x, sname, __VA_ARGS__)
      |  ^~~~~~~~~~~~~~~~~
./include/linux/syscalls.h:183:36: note: in expansion of macro ‘SYSCALL_DEFINEx’
  183 | #define SYSCALL_DEFINE2(name, ...) SYSCALL_DEFINEx(2, _##name, __VA_ARGS__)
      |                                    ^~~~~~~~~~~~~~~
fs/stat.c:398:1: note: in expansion of macro ‘SYSCALL_DEFINE2’
  398 | SYSCALL_DEFINE2(stat64, const char __user *, filename,
      | ^~~~~~~~~~~~~~~
./include/linux/syscalls.h:195:18: warning: ‘sys_readlink’ alias between functions of incompatible types ‘long int(const char *, char *, int)’ and ‘long int(long int,  long int,  long int)’ [-Wattribute-alias=]
  195 |  asmlinkage long sys##name(__MAP(x,__SC_DECL,__VA_ARGS__)) \
      |                  ^~~
./include/linux/syscalls.h:191:2: note: in expansion of macro ‘__SYSCALL_DEFINEx’
  191 |  __SYSCALL_DEFINEx(x, sname, __VA_ARGS__)
      |  ^~~~~~~~~~~~~~~~~
./include/linux/syscalls.h:184:36: note: in expansion of macro ‘SYSCALL_DEFINEx’
  184 | #define SYSCALL_DEFINE3(name, ...) SYSCALL_DEFINEx(3, _##name, __VA_ARGS__)
      |                                    ^~~~~~~~~~~~~~~
fs/stat.c:349:1: note: in expansion of macro ‘SYSCALL_DEFINE3’
  349 | SYSCALL_DEFINE3(readlink, const char __user *, path, char __user *, buf,
      | ^~~~~~~~~~~~~~~
./include/linux/syscalls.h:199:18: note: aliased declaration here
  199 |  asmlinkage long SyS##name(__MAP(x,__SC_LONG,__VA_ARGS__)) \
      |                  ^~~
./include/linux/syscalls.h:191:2: note: in expansion of macro ‘__SYSCALL_DEFINEx’
  191 |  __SYSCALL_DEFINEx(x, sname, __VA_ARGS__)
      |  ^~~~~~~~~~~~~~~~~
./include/linux/syscalls.h:184:36: note: in expansion of macro ‘SYSCALL_DEFINEx’
  184 | #define SYSCALL_DEFINE3(name, ...) SYSCALL_DEFINEx(3, _##name, __VA_ARGS__)
      |                                    ^~~~~~~~~~~~~~~
fs/stat.c:349:1: note: in expansion of macro ‘SYSCALL_DEFINE3’
  349 | SYSCALL_DEFINE3(readlink, const char __user *, path, char __user *, buf,
      | ^~~~~~~~~~~~~~~
./include/linux/syscalls.h:195:18: warning: ‘sys_readlinkat’ alias between functions of incompatible types ‘long int(int,  const char *, char *, int)’ and ‘long int(long int,  long int,  long int,  long int)’ [-Wattribute-alias=]
  195 |  asmlinkage long sys##name(__MAP(x,__SC_DECL,__VA_ARGS__)) \
      |                  ^~~
./include/linux/syscalls.h:191:2: note: in expansion of macro ‘__SYSCALL_DEFINEx’
  191 |  __SYSCALL_DEFINEx(x, sname, __VA_ARGS__)
      |  ^~~~~~~~~~~~~~~~~
./include/linux/syscalls.h:185:36: note: in expansion of macro ‘SYSCALL_DEFINEx’
  185 | #define SYSCALL_DEFINE4(name, ...) SYSCALL_DEFINEx(4, _##name, __VA_ARGS__)
      |                                    ^~~~~~~~~~~~~~~
fs/stat.c:315:1: note: in expansion of macro ‘SYSCALL_DEFINE4’
  315 | SYSCALL_DEFINE4(readlinkat, int, dfd, const char __user *, pathname,
      | ^~~~~~~~~~~~~~~
./include/linux/syscalls.h:199:18: note: aliased declaration here
  199 |  asmlinkage long SyS##name(__MAP(x,__SC_LONG,__VA_ARGS__)) \
      |                  ^~~
./include/linux/syscalls.h:191:2: note: in expansion of macro ‘__SYSCALL_DEFINEx’
  191 |  __SYSCALL_DEFINEx(x, sname, __VA_ARGS__)
      |  ^~~~~~~~~~~~~~~~~
./include/linux/syscalls.h:185:36: note: in expansion of macro ‘SYSCALL_DEFINEx’
  185 | #define SYSCALL_DEFINE4(name, ...) SYSCALL_DEFINEx(4, _##name, __VA_ARGS__)
      |                                    ^~~~~~~~~~~~~~~
fs/stat.c:315:1: note: in expansion of macro ‘SYSCALL_DEFINE4’
  315 | SYSCALL_DEFINE4(readlinkat, int, dfd, const char __user *, pathname,
      | ^~~~~~~~~~~~~~~
./include/linux/syscalls.h:195:18: warning: ‘sys_newfstat’ alias between functions of incompatible types ‘long int(unsigned int,  struct stat *)’ and ‘long int(long int,  long int)’ [-Wattribute-alias=]
  195 |  asmlinkage long sys##name(__MAP(x,__SC_DECL,__VA_ARGS__)) \
      |                  ^~~
./include/linux/syscalls.h:191:2: note: in expansion of macro ‘__SYSCALL_DEFINEx’
  191 |  __SYSCALL_DEFINEx(x, sname, __VA_ARGS__)
      |  ^~~~~~~~~~~~~~~~~
./include/linux/syscalls.h:183:36: note: in expansion of macro ‘SYSCALL_DEFINEx’
  183 | #define SYSCALL_DEFINE2(name, ...) SYSCALL_DEFINEx(2, _##name, __VA_ARGS__)
      |                                    ^~~~~~~~~~~~~~~
fs/stat.c:304:1: note: in expansion of macro ‘SYSCALL_DEFINE2’
  304 | SYSCALL_DEFINE2(newfstat, unsigned int, fd, struct stat __user *, statbuf)
      | ^~~~~~~~~~~~~~~
./include/linux/syscalls.h:199:18: note: aliased declaration here
  199 |  asmlinkage long SyS##name(__MAP(x,__SC_LONG,__VA_ARGS__)) \
      |                  ^~~
./include/linux/syscalls.h:191:2: note: in expansion of macro ‘__SYSCALL_DEFINEx’
  191 |  __SYSCALL_DEFINEx(x, sname, __VA_ARGS__)
      |  ^~~~~~~~~~~~~~~~~
./include/linux/syscalls.h:183:36: note: in expansion of macro ‘SYSCALL_DEFINEx’
  183 | #define SYSCALL_DEFINE2(name, ...) SYSCALL_DEFINEx(2, _##name, __VA_ARGS__)
      |                                    ^~~~~~~~~~~~~~~
fs/stat.c:304:1: note: in expansion of macro ‘SYSCALL_DEFINE2’
  304 | SYSCALL_DEFINE2(newfstat, unsigned int, fd, struct stat __user *, statbuf)
      | ^~~~~~~~~~~~~~~
./include/linux/syscalls.h:195:18: warning: ‘sys_newlstat’ alias between functions of incompatible types ‘long int(const char *, struct stat *)’ and ‘long int(long int,  long int)’ [-Wattribute-alias=]
  195 |  asmlinkage long sys##name(__MAP(x,__SC_DECL,__VA_ARGS__)) \
      |                  ^~~
./include/linux/syscalls.h:191:2: note: in expansion of macro ‘__SYSCALL_DEFINEx’
  191 |  __SYSCALL_DEFINEx(x, sname, __VA_ARGS__)
      |  ^~~~~~~~~~~~~~~~~
./include/linux/syscalls.h:183:36: note: in expansion of macro ‘SYSCALL_DEFINEx’
  183 | #define SYSCALL_DEFINE2(name, ...) SYSCALL_DEFINEx(2, _##name, __VA_ARGS__)
      |                                    ^~~~~~~~~~~~~~~
fs/stat.c:277:1: note: in expansion of macro ‘SYSCALL_DEFINE2’
  277 | SYSCALL_DEFINE2(newlstat, const char __user *, filename,
      | ^~~~~~~~~~~~~~~
./include/linux/syscalls.h:199:18: note: aliased declaration here
  199 |  asmlinkage long SyS##name(__MAP(x,__SC_LONG,__VA_ARGS__)) \
      |                  ^~~
./include/linux/syscalls.h:191:2: note: in expansion of macro ‘__SYSCALL_DEFINEx’
  191 |  __SYSCALL_DEFINEx(x, sname, __VA_ARGS__)
      |  ^~~~~~~~~~~~~~~~~
./include/linux/syscalls.h:183:36: note: in expansion of macro ‘SYSCALL_DEFINEx’
  183 | #define SYSCALL_DEFINE2(name, ...) SYSCALL_DEFINEx(2, _##name, __VA_ARGS__)
      |                                    ^~~~~~~~~~~~~~~
fs/stat.c:277:1: note: in expansion of macro ‘SYSCALL_DEFINE2’
  277 | SYSCALL_DEFINE2(newlstat, const char __user *, filename,
      | ^~~~~~~~~~~~~~~
  CC      fs/exec.o
fs/exec.c: In function ‘get_task_comm’:
fs/exec.c:1235:32: warning: argument to ‘sizeof’ in ‘strncpy’ call is the same expression as the source; did you mean to use the size of the destination? [-Wsizeof-pointer-memaccess]
 1235 |  strncpy(buf, tsk->comm, sizeof(tsk->comm));
      |                                ^
In file included from fs/exec.c:48:
fs/exec.c: At top level:
./include/linux/syscalls.h:195:18: warning: ‘sys_execve’ alias between functions of incompatible types ‘long int(const char *, const char * const*, const char * const*)’ and ‘long int(long int,  long int,  long int)’ [-Wattribute-alias=]
  195 |  asmlinkage long sys##name(__MAP(x,__SC_DECL,__VA_ARGS__)) \
      |                  ^~~
./include/linux/syscalls.h:191:2: note: in expansion of macro ‘__SYSCALL_DEFINEx’
  191 |  __SYSCALL_DEFINEx(x, sname, __VA_ARGS__)
      |  ^~~~~~~~~~~~~~~~~
./include/linux/syscalls.h:184:36: note: in expansion of macro ‘SYSCALL_DEFINEx’
  184 | #define SYSCALL_DEFINE3(name, ...) SYSCALL_DEFINEx(3, _##name, __VA_ARGS__)
      |                                    ^~~~~~~~~~~~~~~
fs/exec.c:1906:1: note: in expansion of macro ‘SYSCALL_DEFINE3’
 1906 | SYSCALL_DEFINE3(execve,
      | ^~~~~~~~~~~~~~~
./include/linux/syscalls.h:199:18: note: aliased declaration here
  199 |  asmlinkage long SyS##name(__MAP(x,__SC_LONG,__VA_ARGS__)) \
      |                  ^~~
./include/linux/syscalls.h:191:2: note: in expansion of macro ‘__SYSCALL_DEFINEx’
  191 |  __SYSCALL_DEFINEx(x, sname, __VA_ARGS__)
      |  ^~~~~~~~~~~~~~~~~
./include/linux/syscalls.h:184:36: note: in expansion of macro ‘SYSCALL_DEFINEx’
  184 | #define SYSCALL_DEFINE3(name, ...) SYSCALL_DEFINEx(3, _##name, __VA_ARGS__)
      |                                    ^~~~~~~~~~~~~~~
fs/exec.c:1906:1: note: in expansion of macro ‘SYSCALL_DEFINE3’
 1906 | SYSCALL_DEFINE3(execve,
      | ^~~~~~~~~~~~~~~
./include/linux/syscalls.h:195:18: warning: ‘sys_execveat’ alias between functions of incompatible types ‘long int(int,  const char *, const char * const*, const char * const*, int)’ and ‘long int(long int,  long int,  long int,  long int,  long int)’ [-Wattribute-alias=]
  195 |  asmlinkage long sys##name(__MAP(x,__SC_DECL,__VA_ARGS__)) \
      |                  ^~~
./include/linux/syscalls.h:191:2: note: in expansion of macro ‘__SYSCALL_DEFINEx’
  191 |  __SYSCALL_DEFINEx(x, sname, __VA_ARGS__)
      |  ^~~~~~~~~~~~~~~~~
./include/linux/syscalls.h:186:36: note: in expansion of macro ‘SYSCALL_DEFINEx’
  186 | #define SYSCALL_DEFINE5(name, ...) SYSCALL_DEFINEx(5, _##name, __VA_ARGS__)
      |                                    ^~~~~~~~~~~~~~~
fs/exec.c:1914:1: note: in expansion of macro ‘SYSCALL_DEFINE5’
 1914 | SYSCALL_DEFINE5(execveat,
      | ^~~~~~~~~~~~~~~
./include/linux/syscalls.h:199:18: note: aliased declaration here
  199 |  asmlinkage long SyS##name(__MAP(x,__SC_LONG,__VA_ARGS__)) \
      |                  ^~~
./include/linux/syscalls.h:191:2: note: in expansion of macro ‘__SYSCALL_DEFINEx’
  191 |  __SYSCALL_DEFINEx(x, sname, __VA_ARGS__)
      |  ^~~~~~~~~~~~~~~~~
./include/linux/syscalls.h:186:36: note: in expansion of macro ‘SYSCALL_DEFINEx’
  186 | #define SYSCALL_DEFINE5(name, ...) SYSCALL_DEFINEx(5, _##name, __VA_ARGS__)
      |                                    ^~~~~~~~~~~~~~~
fs/exec.c:1914:1: note: in expansion of macro ‘SYSCALL_DEFINE5’
 1914 | SYSCALL_DEFINE5(execveat,
      | ^~~~~~~~~~~~~~~
  CC      fs/pipe.o
In file included from fs/pipe.c:22:
./include/linux/syscalls.h:195:18: warning: ‘sys_pipe2’ alias between functions of incompatible types ‘long int(int *, int)’ and ‘long int(long int,  long int)’ [-Wattribute-alias=]
  195 |  asmlinkage long sys##name(__MAP(x,__SC_DECL,__VA_ARGS__)) \
      |                  ^~~
./include/linux/syscalls.h:191:2: note: in expansion of macro ‘__SYSCALL_DEFINEx’
  191 |  __SYSCALL_DEFINEx(x, sname, __VA_ARGS__)
      |  ^~~~~~~~~~~~~~~~~
./include/linux/syscalls.h:183:36: note: in expansion of macro ‘SYSCALL_DEFINEx’
  183 | #define SYSCALL_DEFINE2(name, ...) SYSCALL_DEFINEx(2, _##name, __VA_ARGS__)
      |                                    ^~~~~~~~~~~~~~~
fs/pipe.c:839:1: note: in expansion of macro ‘SYSCALL_DEFINE2’
  839 | SYSCALL_DEFINE2(pipe2, int __user *, fildes, int, flags)
      | ^~~~~~~~~~~~~~~
./include/linux/syscalls.h:199:18: note: aliased declaration here
  199 |  asmlinkage long SyS##name(__MAP(x,__SC_LONG,__VA_ARGS__)) \
      |                  ^~~
./include/linux/syscalls.h:191:2: note: in expansion of macro ‘__SYSCALL_DEFINEx’
  191 |  __SYSCALL_DEFINEx(x, sname, __VA_ARGS__)
      |  ^~~~~~~~~~~~~~~~~
./include/linux/syscalls.h:183:36: note: in expansion of macro ‘SYSCALL_DEFINEx’
  183 | #define SYSCALL_DEFINE2(name, ...) SYSCALL_DEFINEx(2, _##name, __VA_ARGS__)
      |                                    ^~~~~~~~~~~~~~~
fs/pipe.c:839:1: note: in expansion of macro ‘SYSCALL_DEFINE2’
  839 | SYSCALL_DEFINE2(pipe2, int __user *, fildes, int, flags)
      | ^~~~~~~~~~~~~~~
./include/linux/syscalls.h:195:18: warning: ‘sys_pipe’ alias between functions of incompatible types ‘long int(int *)’ and ‘long int(long int)’ [-Wattribute-alias=]
  195 |  asmlinkage long sys##name(__MAP(x,__SC_DECL,__VA_ARGS__)) \
      |                  ^~~
./include/linux/syscalls.h:191:2: note: in expansion of macro ‘__SYSCALL_DEFINEx’
  191 |  __SYSCALL_DEFINEx(x, sname, __VA_ARGS__)
      |  ^~~~~~~~~~~~~~~~~
./include/linux/syscalls.h:182:36: note: in expansion of macro ‘SYSCALL_DEFINEx’
  182 | #define SYSCALL_DEFINE1(name, ...) SYSCALL_DEFINEx(1, _##name, __VA_ARGS__)
      |                                    ^~~~~~~~~~~~~~~
fs/pipe.c:861:1: note: in expansion of macro ‘SYSCALL_DEFINE1’
  861 | SYSCALL_DEFINE1(pipe, int __user *, fildes)
      | ^~~~~~~~~~~~~~~
./include/linux/syscalls.h:199:18: note: aliased declaration here
  199 |  asmlinkage long SyS##name(__MAP(x,__SC_LONG,__VA_ARGS__)) \
      |                  ^~~
./include/linux/syscalls.h:191:2: note: in expansion of macro ‘__SYSCALL_DEFINEx’
  191 |  __SYSCALL_DEFINEx(x, sname, __VA_ARGS__)
      |  ^~~~~~~~~~~~~~~~~
./include/linux/syscalls.h:182:36: note: in expansion of macro ‘SYSCALL_DEFINEx’
  182 | #define SYSCALL_DEFINE1(name, ...) SYSCALL_DEFINEx(1, _##name, __VA_ARGS__)
      |                                    ^~~~~~~~~~~~~~~
fs/pipe.c:861:1: note: in expansion of macro ‘SYSCALL_DEFINE1’
  861 | SYSCALL_DEFINE1(pipe, int __user *, fildes)
      | ^~~~~~~~~~~~~~~
  CC      fs/namei.o
In file included from fs/namei.c:28:
./include/linux/syscalls.h:195:18: warning: ‘sys_mknodat’ alias between functions of incompatible types ‘long int(int,  const char *, umode_t,  unsigned int)’ {aka ‘long int(int,  const char *, short unsigned int,  unsigned int)’} and ‘long int(long int,  long int,  long int,  long int)’ [-Wattribute-alias=]
  195 |  asmlinkage long sys##name(__MAP(x,__SC_DECL,__VA_ARGS__)) \
      |                  ^~~
./include/linux/syscalls.h:191:2: note: in expansion of macro ‘__SYSCALL_DEFINEx’
  191 |  __SYSCALL_DEFINEx(x, sname, __VA_ARGS__)
      |  ^~~~~~~~~~~~~~~~~
./include/linux/syscalls.h:185:36: note: in expansion of macro ‘SYSCALL_DEFINEx’
  185 | #define SYSCALL_DEFINE4(name, ...) SYSCALL_DEFINEx(4, _##name, __VA_ARGS__)
      |                                    ^~~~~~~~~~~~~~~
fs/namei.c:3713:1: note: in expansion of macro ‘SYSCALL_DEFINE4’
 3713 | SYSCALL_DEFINE4(mknodat, int, dfd, const char __user *, filename, umode_t, mode,
      | ^~~~~~~~~~~~~~~
./include/linux/syscalls.h:199:18: note: aliased declaration here
  199 |  asmlinkage long SyS##name(__MAP(x,__SC_LONG,__VA_ARGS__)) \
      |                  ^~~
./include/linux/syscalls.h:191:2: note: in expansion of macro ‘__SYSCALL_DEFINEx’
  191 |  __SYSCALL_DEFINEx(x, sname, __VA_ARGS__)
      |  ^~~~~~~~~~~~~~~~~
./include/linux/syscalls.h:185:36: note: in expansion of macro ‘SYSCALL_DEFINEx’
  185 | #define SYSCALL_DEFINE4(name, ...) SYSCALL_DEFINEx(4, _##name, __VA_ARGS__)
      |                                    ^~~~~~~~~~~~~~~
fs/namei.c:3713:1: note: in expansion of macro ‘SYSCALL_DEFINE4’
 3713 | SYSCALL_DEFINE4(mknodat, int, dfd, const char __user *, filename, umode_t, mode,
      | ^~~~~~~~~~~~~~~
./include/linux/syscalls.h:195:18: warning: ‘sys_rename’ alias between functions of incompatible types ‘long int(const char *, const char *)’ and ‘long int(long int,  long int)’ [-Wattribute-alias=]
  195 |  asmlinkage long sys##name(__MAP(x,__SC_DECL,__VA_ARGS__)) \
      |                  ^~~
./include/linux/syscalls.h:191:2: note: in expansion of macro ‘__SYSCALL_DEFINEx’
  191 |  __SYSCALL_DEFINEx(x, sname, __VA_ARGS__)
      |  ^~~~~~~~~~~~~~~~~
./include/linux/syscalls.h:183:36: note: in expansion of macro ‘SYSCALL_DEFINEx’
  183 | #define SYSCALL_DEFINE2(name, ...) SYSCALL_DEFINEx(2, _##name, __VA_ARGS__)
      |                                    ^~~~~~~~~~~~~~~
fs/namei.c:4617:1: note: in expansion of macro ‘SYSCALL_DEFINE2’
 4617 | SYSCALL_DEFINE2(rename, const char __user *, oldname, const char __user *, newname)
      | ^~~~~~~~~~~~~~~
./include/linux/syscalls.h:199:18: note: aliased declaration here
  199 |  asmlinkage long SyS##name(__MAP(x,__SC_LONG,__VA_ARGS__)) \
      |                  ^~~
./include/linux/syscalls.h:191:2: note: in expansion of macro ‘__SYSCALL_DEFINEx’
  191 |  __SYSCALL_DEFINEx(x, sname, __VA_ARGS__)
      |  ^~~~~~~~~~~~~~~~~
./include/linux/syscalls.h:183:36: note: in expansion of macro ‘SYSCALL_DEFINEx’
  183 | #define SYSCALL_DEFINE2(name, ...) SYSCALL_DEFINEx(2, _##name, __VA_ARGS__)
      |                                    ^~~~~~~~~~~~~~~
fs/namei.c:4617:1: note: in expansion of macro ‘SYSCALL_DEFINE2’
 4617 | SYSCALL_DEFINE2(rename, const char __user *, oldname, const char __user *, newname)
      | ^~~~~~~~~~~~~~~
./include/linux/syscalls.h:195:18: warning: ‘sys_renameat’ alias between functions of incompatible types ‘long int(int,  const char *, int,  const char *)’ and ‘long int(long int,  long int,  long int,  long int)’ [-Wattribute-alias=]
  195 |  asmlinkage long sys##name(__MAP(x,__SC_DECL,__VA_ARGS__)) \
      |                  ^~~
./include/linux/syscalls.h:191:2: note: in expansion of macro ‘__SYSCALL_DEFINEx’
  191 |  __SYSCALL_DEFINEx(x, sname, __VA_ARGS__)
      |  ^~~~~~~~~~~~~~~~~
./include/linux/syscalls.h:185:36: note: in expansion of macro ‘SYSCALL_DEFINEx’
  185 | #define SYSCALL_DEFINE4(name, ...) SYSCALL_DEFINEx(4, _##name, __VA_ARGS__)
      |                                    ^~~~~~~~~~~~~~~
fs/namei.c:4611:1: note: in expansion of macro ‘SYSCALL_DEFINE4’
 4611 | SYSCALL_DEFINE4(renameat, int, olddfd, const char __user *, oldname,
      | ^~~~~~~~~~~~~~~
./include/linux/syscalls.h:199:18: note: aliased declaration here
  199 |  asmlinkage long SyS##name(__MAP(x,__SC_LONG,__VA_ARGS__)) \
      |                  ^~~
./include/linux/syscalls.h:191:2: note: in expansion of macro ‘__SYSCALL_DEFINEx’
  191 |  __SYSCALL_DEFINEx(x, sname, __VA_ARGS__)
      |  ^~~~~~~~~~~~~~~~~
./include/linux/syscalls.h:185:36: note: in expansion of macro ‘SYSCALL_DEFINEx’
  185 | #define SYSCALL_DEFINE4(name, ...) SYSCALL_DEFINEx(4, _##name, __VA_ARGS__)
      |                                    ^~~~~~~~~~~~~~~
fs/namei.c:4611:1: note: in expansion of macro ‘SYSCALL_DEFINE4’
 4611 | SYSCALL_DEFINE4(renameat, int, olddfd, const char __user *, oldname,
      | ^~~~~~~~~~~~~~~
./include/linux/syscalls.h:195:18: warning: ‘sys_renameat2’ alias between functions of incompatible types ‘long int(int,  const char *, int,  const char *, unsigned int)’ and ‘long int(long int,  long int,  long int,  long int,  long int)’ [-Wattribute-alias=]
  195 |  asmlinkage long sys##name(__MAP(x,__SC_DECL,__VA_ARGS__)) \
      |                  ^~~
./include/linux/syscalls.h:191:2: note: in expansion of macro ‘__SYSCALL_DEFINEx’
  191 |  __SYSCALL_DEFINEx(x, sname, __VA_ARGS__)
      |  ^~~~~~~~~~~~~~~~~
./include/linux/syscalls.h:186:36: note: in expansion of macro ‘SYSCALL_DEFINEx’
  186 | #define SYSCALL_DEFINE5(name, ...) SYSCALL_DEFINEx(5, _##name, __VA_ARGS__)
      |                                    ^~~~~~~~~~~~~~~
fs/namei.c:4468:1: note: in expansion of macro ‘SYSCALL_DEFINE5’
 4468 | SYSCALL_DEFINE5(renameat2, int, olddfd, const char __user *, oldname,
      | ^~~~~~~~~~~~~~~
./include/linux/syscalls.h:199:18: note: aliased declaration here
  199 |  asmlinkage long SyS##name(__MAP(x,__SC_LONG,__VA_ARGS__)) \
      |                  ^~~
./include/linux/syscalls.h:191:2: note: in expansion of macro ‘__SYSCALL_DEFINEx’
  191 |  __SYSCALL_DEFINEx(x, sname, __VA_ARGS__)
      |  ^~~~~~~~~~~~~~~~~
./include/linux/syscalls.h:186:36: note: in expansion of macro ‘SYSCALL_DEFINEx’
  186 | #define SYSCALL_DEFINE5(name, ...) SYSCALL_DEFINEx(5, _##name, __VA_ARGS__)
      |                                    ^~~~~~~~~~~~~~~
fs/namei.c:4468:1: note: in expansion of macro ‘SYSCALL_DEFINE5’
 4468 | SYSCALL_DEFINE5(renameat2, int, olddfd, const char __user *, oldname,
      | ^~~~~~~~~~~~~~~
./include/linux/syscalls.h:195:18: warning: ‘sys_link’ alias between functions of incompatible types ‘long int(const char *, const char *)’ and ‘long int(long int,  long int)’ [-Wattribute-alias=]
  195 |  asmlinkage long sys##name(__MAP(x,__SC_DECL,__VA_ARGS__)) \
      |                  ^~~
./include/linux/syscalls.h:191:2: note: in expansion of macro ‘__SYSCALL_DEFINEx’
  191 |  __SYSCALL_DEFINEx(x, sname, __VA_ARGS__)
      |  ^~~~~~~~~~~~~~~~~
./include/linux/syscalls.h:183:36: note: in expansion of macro ‘SYSCALL_DEFINEx’
  183 | #define SYSCALL_DEFINE2(name, ...) SYSCALL_DEFINEx(2, _##name, __VA_ARGS__)
      |                                    ^~~~~~~~~~~~~~~
fs/namei.c:4285:1: note: in expansion of macro ‘SYSCALL_DEFINE2’
 4285 | SYSCALL_DEFINE2(link, const char __user *, oldname, const char __user *, newname)
      | ^~~~~~~~~~~~~~~
./include/linux/syscalls.h:199:18: note: aliased declaration here
  199 |  asmlinkage long SyS##name(__MAP(x,__SC_LONG,__VA_ARGS__)) \
      |                  ^~~
./include/linux/syscalls.h:191:2: note: in expansion of macro ‘__SYSCALL_DEFINEx’
  191 |  __SYSCALL_DEFINEx(x, sname, __VA_ARGS__)
      |  ^~~~~~~~~~~~~~~~~
./include/linux/syscalls.h:183:36: note: in expansion of macro ‘SYSCALL_DEFINEx’
  183 | #define SYSCALL_DEFINE2(name, ...) SYSCALL_DEFINEx(2, _##name, __VA_ARGS__)
      |                                    ^~~~~~~~~~~~~~~
fs/namei.c:4285:1: note: in expansion of macro ‘SYSCALL_DEFINE2’
 4285 | SYSCALL_DEFINE2(link, const char __user *, oldname, const char __user *, newname)
      | ^~~~~~~~~~~~~~~
./include/linux/syscalls.h:195:18: warning: ‘sys_linkat’ alias between functions of incompatible types ‘long int(int,  const char *, int,  const char *, int)’ and ‘long int(long int,  long int,  long int,  long int,  long int)’ [-Wattribute-alias=]
  195 |  asmlinkage long sys##name(__MAP(x,__SC_DECL,__VA_ARGS__)) \
      |                  ^~~
./include/linux/syscalls.h:191:2: note: in expansion of macro ‘__SYSCALL_DEFINEx’
  191 |  __SYSCALL_DEFINEx(x, sname, __VA_ARGS__)
      |  ^~~~~~~~~~~~~~~~~
./include/linux/syscalls.h:186:36: note: in expansion of macro ‘SYSCALL_DEFINEx’
  186 | #define SYSCALL_DEFINE5(name, ...) SYSCALL_DEFINEx(5, _##name, __VA_ARGS__)
      |                                    ^~~~~~~~~~~~~~~
fs/namei.c:4220:1: note: in expansion of macro ‘SYSCALL_DEFINE5’
 4220 | SYSCALL_DEFINE5(linkat, int, olddfd, const char __user *, oldname,
      | ^~~~~~~~~~~~~~~
./include/linux/syscalls.h:199:18: note: aliased declaration here
  199 |  asmlinkage long SyS##name(__MAP(x,__SC_LONG,__VA_ARGS__)) \
      |                  ^~~
./include/linux/syscalls.h:191:2: note: in expansion of macro ‘__SYSCALL_DEFINEx’
  191 |  __SYSCALL_DEFINEx(x, sname, __VA_ARGS__)
      |  ^~~~~~~~~~~~~~~~~
./include/linux/syscalls.h:186:36: note: in expansion of macro ‘SYSCALL_DEFINEx’
  186 | #define SYSCALL_DEFINE5(name, ...) SYSCALL_DEFINEx(5, _##name, __VA_ARGS__)
      |                                    ^~~~~~~~~~~~~~~
fs/namei.c:4220:1: note: in expansion of macro ‘SYSCALL_DEFINE5’
 4220 | SYSCALL_DEFINE5(linkat, int, olddfd, const char __user *, oldname,
      | ^~~~~~~~~~~~~~~
./include/linux/syscalls.h:195:18: warning: ‘sys_symlink’ alias between functions of incompatible types ‘long int(const char *, const char *)’ and ‘long int(long int,  long int)’ [-Wattribute-alias=]
  195 |  asmlinkage long sys##name(__MAP(x,__SC_DECL,__VA_ARGS__)) \
      |                  ^~~
./include/linux/syscalls.h:191:2: note: in expansion of macro ‘__SYSCALL_DEFINEx’
  191 |  __SYSCALL_DEFINEx(x, sname, __VA_ARGS__)
      |  ^~~~~~~~~~~~~~~~~
./include/linux/syscalls.h:183:36: note: in expansion of macro ‘SYSCALL_DEFINEx’
  183 | #define SYSCALL_DEFINE2(name, ...) SYSCALL_DEFINEx(2, _##name, __VA_ARGS__)
      |                                    ^~~~~~~~~~~~~~~
fs/namei.c:4126:1: note: in expansion of macro ‘SYSCALL_DEFINE2’
 4126 | SYSCALL_DEFINE2(symlink, const char __user *, oldname, const char __user *, newname)
      | ^~~~~~~~~~~~~~~
./include/linux/syscalls.h:199:18: note: aliased declaration here
  199 |  asmlinkage long SyS##name(__MAP(x,__SC_LONG,__VA_ARGS__)) \
      |                  ^~~
./include/linux/syscalls.h:191:2: note: in expansion of macro ‘__SYSCALL_DEFINEx’
  191 |  __SYSCALL_DEFINEx(x, sname, __VA_ARGS__)
      |  ^~~~~~~~~~~~~~~~~
./include/linux/syscalls.h:183:36: note: in expansion of macro ‘SYSCALL_DEFINEx’
  183 | #define SYSCALL_DEFINE2(name, ...) SYSCALL_DEFINEx(2, _##name, __VA_ARGS__)
      |                                    ^~~~~~~~~~~~~~~
fs/namei.c:4126:1: note: in expansion of macro ‘SYSCALL_DEFINE2’
 4126 | SYSCALL_DEFINE2(symlink, const char __user *, oldname, const char __user *, newname)
      | ^~~~~~~~~~~~~~~
./include/linux/syscalls.h:195:18: warning: ‘sys_symlinkat’ alias between functions of incompatible types ‘long int(const char *, int,  const char *)’ and ‘long int(long int,  long int,  long int)’ [-Wattribute-alias=]
  195 |  asmlinkage long sys##name(__MAP(x,__SC_DECL,__VA_ARGS__)) \
      |                  ^~~
./include/linux/syscalls.h:191:2: note: in expansion of macro ‘__SYSCALL_DEFINEx’
  191 |  __SYSCALL_DEFINEx(x, sname, __VA_ARGS__)
      |  ^~~~~~~~~~~~~~~~~
./include/linux/syscalls.h:184:36: note: in expansion of macro ‘SYSCALL_DEFINEx’
  184 | #define SYSCALL_DEFINE3(name, ...) SYSCALL_DEFINEx(3, _##name, __VA_ARGS__)
      |                                    ^~~~~~~~~~~~~~~
fs/namei.c:4095:1: note: in expansion of macro ‘SYSCALL_DEFINE3’
 4095 | SYSCALL_DEFINE3(symlinkat, const char __user *, oldname,
      | ^~~~~~~~~~~~~~~
./include/linux/syscalls.h:199:18: note: aliased declaration here
  199 |  asmlinkage long SyS##name(__MAP(x,__SC_LONG,__VA_ARGS__)) \
      |                  ^~~
./include/linux/syscalls.h:191:2: note: in expansion of macro ‘__SYSCALL_DEFINEx’
  191 |  __SYSCALL_DEFINEx(x, sname, __VA_ARGS__)
      |  ^~~~~~~~~~~~~~~~~
./include/linux/syscalls.h:184:36: note: in expansion of macro ‘SYSCALL_DEFINEx’
  184 | #define SYSCALL_DEFINE3(name, ...) SYSCALL_DEFINEx(3, _##name, __VA_ARGS__)
      |                                    ^~~~~~~~~~~~~~~
fs/namei.c:4095:1: note: in expansion of macro ‘SYSCALL_DEFINE3’
 4095 | SYSCALL_DEFINE3(symlinkat, const char __user *, oldname,
      | ^~~~~~~~~~~~~~~
./include/linux/syscalls.h:195:18: warning: ‘sys_unlink’ alias between functions of incompatible types ‘long int(const char *)’ and ‘long int(long int)’ [-Wattribute-alias=]
  195 |  asmlinkage long sys##name(__MAP(x,__SC_DECL,__VA_ARGS__)) \
      |                  ^~~
./include/linux/syscalls.h:191:2: note: in expansion of macro ‘__SYSCALL_DEFINEx’
  191 |  __SYSCALL_DEFINEx(x, sname, __VA_ARGS__)
      |  ^~~~~~~~~~~~~~~~~
./include/linux/syscalls.h:182:36: note: in expansion of macro ‘SYSCALL_DEFINEx’
  182 | #define SYSCALL_DEFINE1(name, ...) SYSCALL_DEFINEx(1, _##name, __VA_ARGS__)
      |                                    ^~~~~~~~~~~~~~~
fs/namei.c:4069:1: note: in expansion of macro ‘SYSCALL_DEFINE1’
 4069 | SYSCALL_DEFINE1(unlink, const char __user *, pathname)
      | ^~~~~~~~~~~~~~~
./include/linux/syscalls.h:199:18: note: aliased declaration here
  199 |  asmlinkage long SyS##name(__MAP(x,__SC_LONG,__VA_ARGS__)) \
      |                  ^~~
./include/linux/syscalls.h:191:2: note: in expansion of macro ‘__SYSCALL_DEFINEx’
  191 |  __SYSCALL_DEFINEx(x, sname, __VA_ARGS__)
      |  ^~~~~~~~~~~~~~~~~
./include/linux/syscalls.h:182:36: note: in expansion of macro ‘SYSCALL_DEFINEx’
  182 | #define SYSCALL_DEFINE1(name, ...) SYSCALL_DEFINEx(1, _##name, __VA_ARGS__)
      |                                    ^~~~~~~~~~~~~~~
fs/namei.c:4069:1: note: in expansion of macro ‘SYSCALL_DEFINE1’
 4069 | SYSCALL_DEFINE1(unlink, const char __user *, pathname)
      | ^~~~~~~~~~~~~~~
./include/linux/syscalls.h:195:18: warning: ‘sys_unlinkat’ alias between functions of incompatible types ‘long int(int,  const char *, int)’ and ‘long int(long int,  long int,  long int)’ [-Wattribute-alias=]
  195 |  asmlinkage long sys##name(__MAP(x,__SC_DECL,__VA_ARGS__)) \
      |                  ^~~
./include/linux/syscalls.h:191:2: note: in expansion of macro ‘__SYSCALL_DEFINEx’
  191 |  __SYSCALL_DEFINEx(x, sname, __VA_ARGS__)
      |  ^~~~~~~~~~~~~~~~~
./include/linux/syscalls.h:184:36: note: in expansion of macro ‘SYSCALL_DEFINEx’
  184 | #define SYSCALL_DEFINE3(name, ...) SYSCALL_DEFINEx(3, _##name, __VA_ARGS__)
      |                                    ^~~~~~~~~~~~~~~
fs/namei.c:4058:1: note: in expansion of macro ‘SYSCALL_DEFINE3’
 4058 | SYSCALL_DEFINE3(unlinkat, int, dfd, const char __user *, pathname, int, flag)
      | ^~~~~~~~~~~~~~~
./include/linux/syscalls.h:199:18: note: aliased declaration here
  199 |  asmlinkage long SyS##name(__MAP(x,__SC_LONG,__VA_ARGS__)) \
      |                  ^~~
./include/linux/syscalls.h:191:2: note: in expansion of macro ‘__SYSCALL_DEFINEx’
  191 |  __SYSCALL_DEFINEx(x, sname, __VA_ARGS__)
      |  ^~~~~~~~~~~~~~~~~
./include/linux/syscalls.h:184:36: note: in expansion of macro ‘SYSCALL_DEFINEx’
  184 | #define SYSCALL_DEFINE3(name, ...) SYSCALL_DEFINEx(3, _##name, __VA_ARGS__)
      |                                    ^~~~~~~~~~~~~~~
fs/namei.c:4058:1: note: in expansion of macro ‘SYSCALL_DEFINE3’
 4058 | SYSCALL_DEFINE3(unlinkat, int, dfd, const char __user *, pathname, int, flag)
      | ^~~~~~~~~~~~~~~
./include/linux/syscalls.h:195:18: warning: ‘sys_rmdir’ alias between functions of incompatible types ‘long int(const char *)’ and ‘long int(long int)’ [-Wattribute-alias=]
  195 |  asmlinkage long sys##name(__MAP(x,__SC_DECL,__VA_ARGS__)) \
      |                  ^~~
./include/linux/syscalls.h:191:2: note: in expansion of macro ‘__SYSCALL_DEFINEx’
  191 |  __SYSCALL_DEFINEx(x, sname, __VA_ARGS__)
      |  ^~~~~~~~~~~~~~~~~
./include/linux/syscalls.h:182:36: note: in expansion of macro ‘SYSCALL_DEFINEx’
  182 | #define SYSCALL_DEFINE1(name, ...) SYSCALL_DEFINEx(1, _##name, __VA_ARGS__)
      |                                    ^~~~~~~~~~~~~~~
fs/namei.c:3916:1: note: in expansion of macro ‘SYSCALL_DEFINE1’
 3916 | SYSCALL_DEFINE1(rmdir, const char __user *, pathname)
      | ^~~~~~~~~~~~~~~
./include/linux/syscalls.h:199:18: note: aliased declaration here
  199 |  asmlinkage long SyS##name(__MAP(x,__SC_LONG,__VA_ARGS__)) \
      |                  ^~~
./include/linux/syscalls.h:191:2: note: in expansion of macro ‘__SYSCALL_DEFINEx’
  191 |  __SYSCALL_DEFINEx(x, sname, __VA_ARGS__)
      |  ^~~~~~~~~~~~~~~~~
./include/linux/syscalls.h:182:36: note: in expansion of macro ‘SYSCALL_DEFINEx’
  182 | #define SYSCALL_DEFINE1(name, ...) SYSCALL_DEFINEx(1, _##name, __VA_ARGS__)
      |                                    ^~~~~~~~~~~~~~~
fs/namei.c:3916:1: note: in expansion of macro ‘SYSCALL_DEFINE1’
 3916 | SYSCALL_DEFINE1(rmdir, const char __user *, pathname)
      | ^~~~~~~~~~~~~~~
./include/linux/syscalls.h:195:18: warning: ‘sys_mkdir’ alias between functions of incompatible types ‘long int(const char *, umode_t)’ {aka ‘long int(const char *, short unsigned int)’} and ‘long int(long int,  long int)’ [-Wattribute-alias=]
  195 |  asmlinkage long sys##name(__MAP(x,__SC_DECL,__VA_ARGS__)) \
      |                  ^~~
./include/linux/syscalls.h:191:2: note: in expansion of macro ‘__SYSCALL_DEFINEx’
  191 |  __SYSCALL_DEFINEx(x, sname, __VA_ARGS__)
      |  ^~~~~~~~~~~~~~~~~
./include/linux/syscalls.h:183:36: note: in expansion of macro ‘SYSCALL_DEFINEx’
  183 | #define SYSCALL_DEFINE2(name, ...) SYSCALL_DEFINEx(2, _##name, __VA_ARGS__)
      |                                    ^~~~~~~~~~~~~~~
fs/namei.c:3813:1: note: in expansion of macro ‘SYSCALL_DEFINE2’
 3813 | SYSCALL_DEFINE2(mkdir, const char __user *, pathname, umode_t, mode)
      | ^~~~~~~~~~~~~~~
./include/linux/syscalls.h:199:18: note: aliased declaration here
  199 |  asmlinkage long SyS##name(__MAP(x,__SC_LONG,__VA_ARGS__)) \
      |                  ^~~
./include/linux/syscalls.h:191:2: note: in expansion of macro ‘__SYSCALL_DEFINEx’
  191 |  __SYSCALL_DEFINEx(x, sname, __VA_ARGS__)
      |  ^~~~~~~~~~~~~~~~~
./include/linux/syscalls.h:183:36: note: in expansion of macro ‘SYSCALL_DEFINEx’
  183 | #define SYSCALL_DEFINE2(name, ...) SYSCALL_DEFINEx(2, _##name, __VA_ARGS__)
      |                                    ^~~~~~~~~~~~~~~
fs/namei.c:3813:1: note: in expansion of macro ‘SYSCALL_DEFINE2’
 3813 | SYSCALL_DEFINE2(mkdir, const char __user *, pathname, umode_t, mode)
      | ^~~~~~~~~~~~~~~
./include/linux/syscalls.h:195:18: warning: ‘sys_mkdirat’ alias between functions of incompatible types ‘long int(int,  const char *, umode_t)’ {aka ‘long int(int,  const char *, short unsigned int)’} and ‘long int(long int,  long int,  long int)’ [-Wattribute-alias=]
  195 |  asmlinkage long sys##name(__MAP(x,__SC_DECL,__VA_ARGS__)) \
      |                  ^~~
./include/linux/syscalls.h:191:2: note: in expansion of macro ‘__SYSCALL_DEFINEx’
  191 |  __SYSCALL_DEFINEx(x, sname, __VA_ARGS__)
      |  ^~~~~~~~~~~~~~~~~
./include/linux/syscalls.h:184:36: note: in expansion of macro ‘SYSCALL_DEFINEx’
  184 | #define SYSCALL_DEFINE3(name, ...) SYSCALL_DEFINEx(3, _##name, __VA_ARGS__)
      |                                    ^~~~~~~~~~~~~~~
fs/namei.c:3788:1: note: in expansion of macro ‘SYSCALL_DEFINE3’
 3788 | SYSCALL_DEFINE3(mkdirat, int, dfd, const char __user *, pathname, umode_t, mode)
      | ^~~~~~~~~~~~~~~
./include/linux/syscalls.h:199:18: note: aliased declaration here
  199 |  asmlinkage long SyS##name(__MAP(x,__SC_LONG,__VA_ARGS__)) \
      |                  ^~~
./include/linux/syscalls.h:191:2: note: in expansion of macro ‘__SYSCALL_DEFINEx’
  191 |  __SYSCALL_DEFINEx(x, sname, __VA_ARGS__)
      |  ^~~~~~~~~~~~~~~~~
./include/linux/syscalls.h:184:36: note: in expansion of macro ‘SYSCALL_DEFINEx’
  184 | #define SYSCALL_DEFINE3(name, ...) SYSCALL_DEFINEx(3, _##name, __VA_ARGS__)
      |                                    ^~~~~~~~~~~~~~~
fs/namei.c:3788:1: note: in expansion of macro ‘SYSCALL_DEFINE3’
 3788 | SYSCALL_DEFINE3(mkdirat, int, dfd, const char __user *, pathname, umode_t, mode)
      | ^~~~~~~~~~~~~~~
./include/linux/syscalls.h:195:18: warning: ‘sys_mknod’ alias between functions of incompatible types ‘long int(const char *, umode_t,  unsigned int)’ {aka ‘long int(const char *, short unsigned int,  unsigned int)’} and ‘long int(long int,  long int,  long int)’ [-Wattribute-alias=]
  195 |  asmlinkage long sys##name(__MAP(x,__SC_DECL,__VA_ARGS__)) \
      |                  ^~~
./include/linux/syscalls.h:191:2: note: in expansion of macro ‘__SYSCALL_DEFINEx’
  191 |  __SYSCALL_DEFINEx(x, sname, __VA_ARGS__)
      |  ^~~~~~~~~~~~~~~~~
./include/linux/syscalls.h:184:36: note: in expansion of macro ‘SYSCALL_DEFINEx’
  184 | #define SYSCALL_DEFINE3(name, ...) SYSCALL_DEFINEx(3, _##name, __VA_ARGS__)
      |                                    ^~~~~~~~~~~~~~~
fs/namei.c:3757:1: note: in expansion of macro ‘SYSCALL_DEFINE3’
 3757 | SYSCALL_DEFINE3(mknod, const char __user *, filename, umode_t, mode, unsigned, dev)
      | ^~~~~~~~~~~~~~~
./include/linux/syscalls.h:199:18: note: aliased declaration here
  199 |  asmlinkage long SyS##name(__MAP(x,__SC_LONG,__VA_ARGS__)) \
      |                  ^~~
./include/linux/syscalls.h:191:2: note: in expansion of macro ‘__SYSCALL_DEFINEx’
  191 |  __SYSCALL_DEFINEx(x, sname, __VA_ARGS__)
      |  ^~~~~~~~~~~~~~~~~
./include/linux/syscalls.h:184:36: note: in expansion of macro ‘SYSCALL_DEFINEx’
  184 | #define SYSCALL_DEFINE3(name, ...) SYSCALL_DEFINEx(3, _##name, __VA_ARGS__)
      |                                    ^~~~~~~~~~~~~~~
fs/namei.c:3757:1: note: in expansion of macro ‘SYSCALL_DEFINE3’
 3757 | SYSCALL_DEFINE3(mknod, const char __user *, filename, umode_t, mode, unsigned, dev)
      | ^~~~~~~~~~~~~~~
  CC      fs/fcntl.o
In file included from fs/fcntl.c:7:
./include/linux/syscalls.h:195:18: warning: ‘sys_fcntl’ alias between functions of incompatible types ‘long int(unsigned int,  unsigned int,  long unsigned int)’ and ‘long int(long int,  long int,  long int)’ [-Wattribute-alias=]
  195 |  asmlinkage long sys##name(__MAP(x,__SC_DECL,__VA_ARGS__)) \
      |                  ^~~
./include/linux/syscalls.h:191:2: note: in expansion of macro ‘__SYSCALL_DEFINEx’
  191 |  __SYSCALL_DEFINEx(x, sname, __VA_ARGS__)
      |  ^~~~~~~~~~~~~~~~~
./include/linux/syscalls.h:184:36: note: in expansion of macro ‘SYSCALL_DEFINEx’
  184 | #define SYSCALL_DEFINE3(name, ...) SYSCALL_DEFINEx(3, _##name, __VA_ARGS__)
      |                                    ^~~~~~~~~~~~~~~
fs/fcntl.c:361:1: note: in expansion of macro ‘SYSCALL_DEFINE3’
  361 | SYSCALL_DEFINE3(fcntl, unsigned int, fd, unsigned int, cmd, unsigned long, arg)
      | ^~~~~~~~~~~~~~~
./include/linux/syscalls.h:199:18: note: aliased declaration here
  199 |  asmlinkage long SyS##name(__MAP(x,__SC_LONG,__VA_ARGS__)) \
      |                  ^~~
./include/linux/syscalls.h:191:2: note: in expansion of macro ‘__SYSCALL_DEFINEx’
  191 |  __SYSCALL_DEFINEx(x, sname, __VA_ARGS__)
      |  ^~~~~~~~~~~~~~~~~
./include/linux/syscalls.h:184:36: note: in expansion of macro ‘SYSCALL_DEFINEx’
  184 | #define SYSCALL_DEFINE3(name, ...) SYSCALL_DEFINEx(3, _##name, __VA_ARGS__)
      |                                    ^~~~~~~~~~~~~~~
fs/fcntl.c:361:1: note: in expansion of macro ‘SYSCALL_DEFINE3’
  361 | SYSCALL_DEFINE3(fcntl, unsigned int, fd, unsigned int, cmd, unsigned long, arg)
      | ^~~~~~~~~~~~~~~
./include/linux/syscalls.h:195:18: warning: ‘sys_fcntl64’ alias between functions of incompatible types ‘long int(unsigned int,  unsigned int,  long unsigned int)’ and ‘long int(long int,  long int,  long int)’ [-Wattribute-alias=]
  195 |  asmlinkage long sys##name(__MAP(x,__SC_DECL,__VA_ARGS__)) \
      |                  ^~~
./include/linux/syscalls.h:191:2: note: in expansion of macro ‘__SYSCALL_DEFINEx’
  191 |  __SYSCALL_DEFINEx(x, sname, __VA_ARGS__)
      |  ^~~~~~~~~~~~~~~~~
./include/linux/syscalls.h:184:36: note: in expansion of macro ‘SYSCALL_DEFINEx’
  184 | #define SYSCALL_DEFINE3(name, ...) SYSCALL_DEFINEx(3, _##name, __VA_ARGS__)
      |                                    ^~~~~~~~~~~~~~~
fs/fcntl.c:385:1: note: in expansion of macro ‘SYSCALL_DEFINE3’
  385 | SYSCALL_DEFINE3(fcntl64, unsigned int, fd, unsigned int, cmd,
      | ^~~~~~~~~~~~~~~
./include/linux/syscalls.h:199:18: note: aliased declaration here
  199 |  asmlinkage long SyS##name(__MAP(x,__SC_LONG,__VA_ARGS__)) \
      |                  ^~~
./include/linux/syscalls.h:191:2: note: in expansion of macro ‘__SYSCALL_DEFINEx’
  191 |  __SYSCALL_DEFINEx(x, sname, __VA_ARGS__)
      |  ^~~~~~~~~~~~~~~~~
./include/linux/syscalls.h:184:36: note: in expansion of macro ‘SYSCALL_DEFINEx’
  184 | #define SYSCALL_DEFINE3(name, ...) SYSCALL_DEFINEx(3, _##name, __VA_ARGS__)
      |                                    ^~~~~~~~~~~~~~~
fs/fcntl.c:385:1: note: in expansion of macro ‘SYSCALL_DEFINE3’
  385 | SYSCALL_DEFINE3(fcntl64, unsigned int, fd, unsigned int, cmd,
      | ^~~~~~~~~~~~~~~
  CC      fs/ioctl.o
In file included from fs/ioctl.c:7:
./include/linux/syscalls.h:195:18: warning: ‘sys_ioctl’ alias between functions of incompatible types ‘long int(unsigned int,  unsigned int,  long unsigned int)’ and ‘long int(long int,  long int,  long int)’ [-Wattribute-alias=]
  195 |  asmlinkage long sys##name(__MAP(x,__SC_DECL,__VA_ARGS__)) \
      |                  ^~~
./include/linux/syscalls.h:191:2: note: in expansion of macro ‘__SYSCALL_DEFINEx’
  191 |  __SYSCALL_DEFINEx(x, sname, __VA_ARGS__)
      |  ^~~~~~~~~~~~~~~~~
./include/linux/syscalls.h:184:36: note: in expansion of macro ‘SYSCALL_DEFINEx’
  184 | #define SYSCALL_DEFINE3(name, ...) SYSCALL_DEFINEx(3, _##name, __VA_ARGS__)
      |                                    ^~~~~~~~~~~~~~~
fs/ioctl.c:685:1: note: in expansion of macro ‘SYSCALL_DEFINE3’
  685 | SYSCALL_DEFINE3(ioctl, unsigned int, fd, unsigned int, cmd, unsigned long, arg)
      | ^~~~~~~~~~~~~~~
./include/linux/syscalls.h:199:18: note: aliased declaration here
  199 |  asmlinkage long SyS##name(__MAP(x,__SC_LONG,__VA_ARGS__)) \
      |                  ^~~
./include/linux/syscalls.h:191:2: note: in expansion of macro ‘__SYSCALL_DEFINEx’
  191 |  __SYSCALL_DEFINEx(x, sname, __VA_ARGS__)
      |  ^~~~~~~~~~~~~~~~~
./include/linux/syscalls.h:184:36: note: in expansion of macro ‘SYSCALL_DEFINEx’
  184 | #define SYSCALL_DEFINE3(name, ...) SYSCALL_DEFINEx(3, _##name, __VA_ARGS__)
      |                                    ^~~~~~~~~~~~~~~
fs/ioctl.c:685:1: note: in expansion of macro ‘SYSCALL_DEFINE3’
  685 | SYSCALL_DEFINE3(ioctl, unsigned int, fd, unsigned int, cmd, unsigned long, arg)
      | ^~~~~~~~~~~~~~~
  CC      fs/readdir.o
In file included from fs/readdir.c:19:
./include/linux/syscalls.h:195:18: warning: ‘sys_getdents’ alias between functions of incompatible types ‘long int(unsigned int,  struct linux_dirent *, unsigned int)’ and ‘long int(long int,  long int,  long int)’ [-Wattribute-alias=]
  195 |  asmlinkage long sys##name(__MAP(x,__SC_DECL,__VA_ARGS__)) \
      |                  ^~~
./include/linux/syscalls.h:191:2: note: in expansion of macro ‘__SYSCALL_DEFINEx’
  191 |  __SYSCALL_DEFINEx(x, sname, __VA_ARGS__)
      |  ^~~~~~~~~~~~~~~~~
./include/linux/syscalls.h:184:36: note: in expansion of macro ‘SYSCALL_DEFINEx’
  184 | #define SYSCALL_DEFINE3(name, ...) SYSCALL_DEFINEx(3, _##name, __VA_ARGS__)
      |                                    ^~~~~~~~~~~~~~~
fs/readdir.c:211:1: note: in expansion of macro ‘SYSCALL_DEFINE3’
  211 | SYSCALL_DEFINE3(getdents, unsigned int, fd,
      | ^~~~~~~~~~~~~~~
./include/linux/syscalls.h:199:18: note: aliased declaration here
  199 |  asmlinkage long SyS##name(__MAP(x,__SC_LONG,__VA_ARGS__)) \
      |                  ^~~
./include/linux/syscalls.h:191:2: note: in expansion of macro ‘__SYSCALL_DEFINEx’
  191 |  __SYSCALL_DEFINEx(x, sname, __VA_ARGS__)
      |  ^~~~~~~~~~~~~~~~~
./include/linux/syscalls.h:184:36: note: in expansion of macro ‘SYSCALL_DEFINEx’
  184 | #define SYSCALL_DEFINE3(name, ...) SYSCALL_DEFINEx(3, _##name, __VA_ARGS__)
      |                                    ^~~~~~~~~~~~~~~
fs/readdir.c:211:1: note: in expansion of macro ‘SYSCALL_DEFINE3’
  211 | SYSCALL_DEFINE3(getdents, unsigned int, fd,
      | ^~~~~~~~~~~~~~~
./include/linux/syscalls.h:195:18: warning: ‘sys_getdents64’ alias between functions of incompatible types ‘long int(unsigned int,  struct linux_dirent64 *, unsigned int)’ and ‘long int(long int,  long int,  long int)’ [-Wattribute-alias=]
  195 |  asmlinkage long sys##name(__MAP(x,__SC_DECL,__VA_ARGS__)) \
      |                  ^~~
./include/linux/syscalls.h:191:2: note: in expansion of macro ‘__SYSCALL_DEFINEx’
  191 |  __SYSCALL_DEFINEx(x, sname, __VA_ARGS__)
      |  ^~~~~~~~~~~~~~~~~
./include/linux/syscalls.h:184:36: note: in expansion of macro ‘SYSCALL_DEFINEx’
  184 | #define SYSCALL_DEFINE3(name, ...) SYSCALL_DEFINEx(3, _##name, __VA_ARGS__)
      |                                    ^~~~~~~~~~~~~~~
fs/readdir.c:294:1: note: in expansion of macro ‘SYSCALL_DEFINE3’
  294 | SYSCALL_DEFINE3(getdents64, unsigned int, fd,
      | ^~~~~~~~~~~~~~~
./include/linux/syscalls.h:199:18: note: aliased declaration here
  199 |  asmlinkage long SyS##name(__MAP(x,__SC_LONG,__VA_ARGS__)) \
      |                  ^~~
./include/linux/syscalls.h:191:2: note: in expansion of macro ‘__SYSCALL_DEFINEx’
  191 |  __SYSCALL_DEFINEx(x, sname, __VA_ARGS__)
      |  ^~~~~~~~~~~~~~~~~
./include/linux/syscalls.h:184:36: note: in expansion of macro ‘SYSCALL_DEFINEx’
  184 | #define SYSCALL_DEFINE3(name, ...) SYSCALL_DEFINEx(3, _##name, __VA_ARGS__)
      |                                    ^~~~~~~~~~~~~~~
fs/readdir.c:294:1: note: in expansion of macro ‘SYSCALL_DEFINE3’
  294 | SYSCALL_DEFINE3(getdents64, unsigned int, fd,
      | ^~~~~~~~~~~~~~~
  CC      fs/select.o
In file included from fs/select.c:19:
./include/linux/syscalls.h:195:18: warning: ‘sys_select’ alias between functions of incompatible types ‘long int(int,  fd_set *, fd_set *, fd_set *, struct timeval *)’ {aka ‘long int(int,  struct <anonymous> *, struct <anonymous> *, struct <anonymous> *, struct timeval *)’} and ‘long int(long int,  long int,  long int,  long int,  long int)’ [-Wattribute-alias=]
  195 |  asmlinkage long sys##name(__MAP(x,__SC_DECL,__VA_ARGS__)) \
      |                  ^~~
./include/linux/syscalls.h:191:2: note: in expansion of macro ‘__SYSCALL_DEFINEx’
  191 |  __SYSCALL_DEFINEx(x, sname, __VA_ARGS__)
      |  ^~~~~~~~~~~~~~~~~
./include/linux/syscalls.h:186:36: note: in expansion of macro ‘SYSCALL_DEFINEx’
  186 | #define SYSCALL_DEFINE5(name, ...) SYSCALL_DEFINEx(5, _##name, __VA_ARGS__)
      |                                    ^~~~~~~~~~~~~~~
fs/select.c:634:1: note: in expansion of macro ‘SYSCALL_DEFINE5’
  634 | SYSCALL_DEFINE5(select, int, n, fd_set __user *, inp, fd_set __user *, outp,
      | ^~~~~~~~~~~~~~~
./include/linux/syscalls.h:199:18: note: aliased declaration here
  199 |  asmlinkage long SyS##name(__MAP(x,__SC_LONG,__VA_ARGS__)) \
      |                  ^~~
./include/linux/syscalls.h:191:2: note: in expansion of macro ‘__SYSCALL_DEFINEx’
  191 |  __SYSCALL_DEFINEx(x, sname, __VA_ARGS__)
      |  ^~~~~~~~~~~~~~~~~
./include/linux/syscalls.h:186:36: note: in expansion of macro ‘SYSCALL_DEFINEx’
  186 | #define SYSCALL_DEFINE5(name, ...) SYSCALL_DEFINEx(5, _##name, __VA_ARGS__)
      |                                    ^~~~~~~~~~~~~~~
fs/select.c:634:1: note: in expansion of macro ‘SYSCALL_DEFINE5’
  634 | SYSCALL_DEFINE5(select, int, n, fd_set __user *, inp, fd_set __user *, outp,
      | ^~~~~~~~~~~~~~~
./include/linux/syscalls.h:195:18: warning: ‘sys_ppoll’ alias between functions of incompatible types ‘long int(struct pollfd *, unsigned int,  struct timespec *, const sigset_t *, size_t)’ {aka ‘long int(struct pollfd *, unsigned int,  struct timespec *, const struct <anonymous> *, unsigned int)’} and ‘long int(long int,  long int,  long int,  long int,  long int)’ [-Wattribute-alias=]
  195 |  asmlinkage long sys##name(__MAP(x,__SC_DECL,__VA_ARGS__)) \
      |                  ^~~
./include/linux/syscalls.h:191:2: note: in expansion of macro ‘__SYSCALL_DEFINEx’
  191 |  __SYSCALL_DEFINEx(x, sname, __VA_ARGS__)
      |  ^~~~~~~~~~~~~~~~~
./include/linux/syscalls.h:186:36: note: in expansion of macro ‘SYSCALL_DEFINEx’
  186 | #define SYSCALL_DEFINE5(name, ...) SYSCALL_DEFINEx(5, _##name, __VA_ARGS__)
      |                                    ^~~~~~~~~~~~~~~
fs/select.c:1005:1: note: in expansion of macro ‘SYSCALL_DEFINE5’
 1005 | SYSCALL_DEFINE5(ppoll, struct pollfd __user *, ufds, unsigned int, nfds,
      | ^~~~~~~~~~~~~~~
./include/linux/syscalls.h:199:18: note: aliased declaration here
  199 |  asmlinkage long SyS##name(__MAP(x,__SC_LONG,__VA_ARGS__)) \
      |                  ^~~
./include/linux/syscalls.h:191:2: note: in expansion of macro ‘__SYSCALL_DEFINEx’
  191 |  __SYSCALL_DEFINEx(x, sname, __VA_ARGS__)
      |  ^~~~~~~~~~~~~~~~~
./include/linux/syscalls.h:186:36: note: in expansion of macro ‘SYSCALL_DEFINEx’
  186 | #define SYSCALL_DEFINE5(name, ...) SYSCALL_DEFINEx(5, _##name, __VA_ARGS__)
      |                                    ^~~~~~~~~~~~~~~
fs/select.c:1005:1: note: in expansion of macro ‘SYSCALL_DEFINE5’
 1005 | SYSCALL_DEFINE5(ppoll, struct pollfd __user *, ufds, unsigned int, nfds,
      | ^~~~~~~~~~~~~~~
./include/linux/syscalls.h:195:18: warning: ‘sys_poll’ alias between functions of incompatible types ‘long int(struct pollfd *, unsigned int,  int)’ and ‘long int(long int,  long int,  long int)’ [-Wattribute-alias=]
  195 |  asmlinkage long sys##name(__MAP(x,__SC_DECL,__VA_ARGS__)) \
      |                  ^~~
./include/linux/syscalls.h:191:2: note: in expansion of macro ‘__SYSCALL_DEFINEx’
  191 |  __SYSCALL_DEFINEx(x, sname, __VA_ARGS__)
      |  ^~~~~~~~~~~~~~~~~
./include/linux/syscalls.h:184:36: note: in expansion of macro ‘SYSCALL_DEFINEx’
  184 | #define SYSCALL_DEFINE3(name, ...) SYSCALL_DEFINEx(3, _##name, __VA_ARGS__)
      |                                    ^~~~~~~~~~~~~~~
fs/select.c:971:1: note: in expansion of macro ‘SYSCALL_DEFINE3’
  971 | SYSCALL_DEFINE3(poll, struct pollfd __user *, ufds, unsigned int, nfds,
      | ^~~~~~~~~~~~~~~
./include/linux/syscalls.h:199:18: note: aliased declaration here
  199 |  asmlinkage long SyS##name(__MAP(x,__SC_LONG,__VA_ARGS__)) \
      |                  ^~~
./include/linux/syscalls.h:191:2: note: in expansion of macro ‘__SYSCALL_DEFINEx’
  191 |  __SYSCALL_DEFINEx(x, sname, __VA_ARGS__)
      |  ^~~~~~~~~~~~~~~~~
./include/linux/syscalls.h:184:36: note: in expansion of macro ‘SYSCALL_DEFINEx’
  184 | #define SYSCALL_DEFINE3(name, ...) SYSCALL_DEFINEx(3, _##name, __VA_ARGS__)
      |                                    ^~~~~~~~~~~~~~~
fs/select.c:971:1: note: in expansion of macro ‘SYSCALL_DEFINE3’
  971 | SYSCALL_DEFINE3(poll, struct pollfd __user *, ufds, unsigned int, nfds,
      | ^~~~~~~~~~~~~~~
./include/linux/syscalls.h:195:18: warning: ‘sys_old_select’ alias between functions of incompatible types ‘long int(struct sel_arg_struct *)’ and ‘long int(long int)’ [-Wattribute-alias=]
  195 |  asmlinkage long sys##name(__MAP(x,__SC_DECL,__VA_ARGS__)) \
      |                  ^~~
./include/linux/syscalls.h:191:2: note: in expansion of macro ‘__SYSCALL_DEFINEx’
  191 |  __SYSCALL_DEFINEx(x, sname, __VA_ARGS__)
      |  ^~~~~~~~~~~~~~~~~
./include/linux/syscalls.h:182:36: note: in expansion of macro ‘SYSCALL_DEFINEx’
  182 | #define SYSCALL_DEFINE1(name, ...) SYSCALL_DEFINEx(1, _##name, __VA_ARGS__)
      |                                    ^~~~~~~~~~~~~~~
fs/select.c:739:1: note: in expansion of macro ‘SYSCALL_DEFINE1’
  739 | SYSCALL_DEFINE1(old_select, struct sel_arg_struct __user *, arg)
      | ^~~~~~~~~~~~~~~
./include/linux/syscalls.h:199:18: note: aliased declaration here
  199 |  asmlinkage long SyS##name(__MAP(x,__SC_LONG,__VA_ARGS__)) \
      |                  ^~~
./include/linux/syscalls.h:191:2: note: in expansion of macro ‘__SYSCALL_DEFINEx’
  191 |  __SYSCALL_DEFINEx(x, sname, __VA_ARGS__)
      |  ^~~~~~~~~~~~~~~~~
./include/linux/syscalls.h:182:36: note: in expansion of macro ‘SYSCALL_DEFINEx’
  182 | #define SYSCALL_DEFINE1(name, ...) SYSCALL_DEFINEx(1, _##name, __VA_ARGS__)
      |                                    ^~~~~~~~~~~~~~~
fs/select.c:739:1: note: in expansion of macro ‘SYSCALL_DEFINE1’
  739 | SYSCALL_DEFINE1(old_select, struct sel_arg_struct __user *, arg)
      | ^~~~~~~~~~~~~~~
./include/linux/syscalls.h:195:18: warning: ‘sys_pselect6’ alias between functions of incompatible types ‘long int(int,  fd_set *, fd_set *, fd_set *, struct timespec *, void *)’ {aka ‘long int(int,  struct <anonymous> *, struct <anonymous> *, struct <anonymous> *, struct timespec *, void *)’} and ‘long int(long int,  long int,  long int,  long int,  long int,  long int)’ [-Wattribute-alias=]
  195 |  asmlinkage long sys##name(__MAP(x,__SC_DECL,__VA_ARGS__)) \
      |                  ^~~
./include/linux/syscalls.h:191:2: note: in expansion of macro ‘__SYSCALL_DEFINEx’
  191 |  __SYSCALL_DEFINEx(x, sname, __VA_ARGS__)
      |  ^~~~~~~~~~~~~~~~~
./include/linux/syscalls.h:187:36: note: in expansion of macro ‘SYSCALL_DEFINEx’
  187 | #define SYSCALL_DEFINE6(name, ...) SYSCALL_DEFINEx(6, _##name, __VA_ARGS__)
      |                                    ^~~~~~~~~~~~~~~
fs/select.c:714:1: note: in expansion of macro ‘SYSCALL_DEFINE6’
  714 | SYSCALL_DEFINE6(pselect6, int, n, fd_set __user *, inp, fd_set __user *, outp,
      | ^~~~~~~~~~~~~~~
./include/linux/syscalls.h:199:18: note: aliased declaration here
  199 |  asmlinkage long SyS##name(__MAP(x,__SC_LONG,__VA_ARGS__)) \
      |                  ^~~
./include/linux/syscalls.h:191:2: note: in expansion of macro ‘__SYSCALL_DEFINEx’
  191 |  __SYSCALL_DEFINEx(x, sname, __VA_ARGS__)
      |  ^~~~~~~~~~~~~~~~~
./include/linux/syscalls.h:187:36: note: in expansion of macro ‘SYSCALL_DEFINEx’
  187 | #define SYSCALL_DEFINE6(name, ...) SYSCALL_DEFINEx(6, _##name, __VA_ARGS__)
      |                                    ^~~~~~~~~~~~~~~
fs/select.c:714:1: note: in expansion of macro ‘SYSCALL_DEFINE6’
  714 | SYSCALL_DEFINE6(pselect6, int, n, fd_set __user *, inp, fd_set __user *, outp,
      | ^~~~~~~~~~~~~~~
  CC      fs/dcache.o
In file included from fs/dcache.c:17:
./include/linux/syscalls.h:195:18: warning: ‘sys_getcwd’ alias between functions of incompatible types ‘long int(char *, long unsigned int)’ and ‘long int(long int,  long int)’ [-Wattribute-alias=]
  195 |  asmlinkage long sys##name(__MAP(x,__SC_DECL,__VA_ARGS__)) \
      |                  ^~~
./include/linux/syscalls.h:191:2: note: in expansion of macro ‘__SYSCALL_DEFINEx’
  191 |  __SYSCALL_DEFINEx(x, sname, __VA_ARGS__)
      |  ^~~~~~~~~~~~~~~~~
./include/linux/syscalls.h:183:36: note: in expansion of macro ‘SYSCALL_DEFINEx’
  183 | #define SYSCALL_DEFINE2(name, ...) SYSCALL_DEFINEx(2, _##name, __VA_ARGS__)
      |                                    ^~~~~~~~~~~~~~~
fs/dcache.c:3435:1: note: in expansion of macro ‘SYSCALL_DEFINE2’
 3435 | SYSCALL_DEFINE2(getcwd, char __user *, buf, unsigned long, size)
      | ^~~~~~~~~~~~~~~
./include/linux/syscalls.h:199:18: note: aliased declaration here
  199 |  asmlinkage long SyS##name(__MAP(x,__SC_LONG,__VA_ARGS__)) \
      |                  ^~~
./include/linux/syscalls.h:191:2: note: in expansion of macro ‘__SYSCALL_DEFINEx’
  191 |  __SYSCALL_DEFINEx(x, sname, __VA_ARGS__)
      |  ^~~~~~~~~~~~~~~~~
./include/linux/syscalls.h:183:36: note: in expansion of macro ‘SYSCALL_DEFINEx’
  183 | #define SYSCALL_DEFINE2(name, ...) SYSCALL_DEFINEx(2, _##name, __VA_ARGS__)
      |                                    ^~~~~~~~~~~~~~~
fs/dcache.c:3435:1: note: in expansion of macro ‘SYSCALL_DEFINE2’
 3435 | SYSCALL_DEFINE2(getcwd, char __user *, buf, unsigned long, size)
      | ^~~~~~~~~~~~~~~
  CC      fs/inode.o
  CC      fs/attr.o
  CC      fs/bad_inode.o
  CC      fs/file.o
In file included from fs/file.c:9:
./include/linux/syscalls.h:195:18: warning: ‘sys_dup3’ alias between functions of incompatible types ‘long int(unsigned int,  unsigned int,  int)’ and ‘long int(long int,  long int,  long int)’ [-Wattribute-alias=]
  195 |  asmlinkage long sys##name(__MAP(x,__SC_DECL,__VA_ARGS__)) \
      |                  ^~~
./include/linux/syscalls.h:191:2: note: in expansion of macro ‘__SYSCALL_DEFINEx’
  191 |  __SYSCALL_DEFINEx(x, sname, __VA_ARGS__)
      |  ^~~~~~~~~~~~~~~~~
./include/linux/syscalls.h:184:36: note: in expansion of macro ‘SYSCALL_DEFINEx’
  184 | #define SYSCALL_DEFINE3(name, ...) SYSCALL_DEFINEx(3, _##name, __VA_ARGS__)
      |                                    ^~~~~~~~~~~~~~~
fs/file.c:889:1: note: in expansion of macro ‘SYSCALL_DEFINE3’
  889 | SYSCALL_DEFINE3(dup3, unsigned int, oldfd, unsigned int, newfd, int, flags)
      | ^~~~~~~~~~~~~~~
./include/linux/syscalls.h:199:18: note: aliased declaration here
  199 |  asmlinkage long SyS##name(__MAP(x,__SC_LONG,__VA_ARGS__)) \
      |                  ^~~
./include/linux/syscalls.h:191:2: note: in expansion of macro ‘__SYSCALL_DEFINEx’
  191 |  __SYSCALL_DEFINEx(x, sname, __VA_ARGS__)
      |  ^~~~~~~~~~~~~~~~~
./include/linux/syscalls.h:184:36: note: in expansion of macro ‘SYSCALL_DEFINEx’
  184 | #define SYSCALL_DEFINE3(name, ...) SYSCALL_DEFINEx(3, _##name, __VA_ARGS__)
      |                                    ^~~~~~~~~~~~~~~
fs/file.c:889:1: note: in expansion of macro ‘SYSCALL_DEFINE3’
  889 | SYSCALL_DEFINE3(dup3, unsigned int, oldfd, unsigned int, newfd, int, flags)
      | ^~~~~~~~~~~~~~~
./include/linux/syscalls.h:195:18: warning: ‘sys_dup’ alias between functions of incompatible types ‘long int(unsigned int)’ and ‘long int(long int)’ [-Wattribute-alias=]
  195 |  asmlinkage long sys##name(__MAP(x,__SC_DECL,__VA_ARGS__)) \
      |                  ^~~
./include/linux/syscalls.h:191:2: note: in expansion of macro ‘__SYSCALL_DEFINEx’
  191 |  __SYSCALL_DEFINEx(x, sname, __VA_ARGS__)
      |  ^~~~~~~~~~~~~~~~~
./include/linux/syscalls.h:182:36: note: in expansion of macro ‘SYSCALL_DEFINEx’
  182 | #define SYSCALL_DEFINE1(name, ...) SYSCALL_DEFINEx(1, _##name, __VA_ARGS__)
      |                                    ^~~~~~~~~~~~~~~
fs/file.c:938:1: note: in expansion of macro ‘SYSCALL_DEFINE1’
  938 | SYSCALL_DEFINE1(dup, unsigned int, fildes)
      | ^~~~~~~~~~~~~~~
./include/linux/syscalls.h:199:18: note: aliased declaration here
  199 |  asmlinkage long SyS##name(__MAP(x,__SC_LONG,__VA_ARGS__)) \
      |                  ^~~
./include/linux/syscalls.h:191:2: note: in expansion of macro ‘__SYSCALL_DEFINEx’
  191 |  __SYSCALL_DEFINEx(x, sname, __VA_ARGS__)
      |  ^~~~~~~~~~~~~~~~~
./include/linux/syscalls.h:182:36: note: in expansion of macro ‘SYSCALL_DEFINEx’
  182 | #define SYSCALL_DEFINE1(name, ...) SYSCALL_DEFINEx(1, _##name, __VA_ARGS__)
      |                                    ^~~~~~~~~~~~~~~
fs/file.c:938:1: note: in expansion of macro ‘SYSCALL_DEFINE1’
  938 | SYSCALL_DEFINE1(dup, unsigned int, fildes)
      | ^~~~~~~~~~~~~~~
./include/linux/syscalls.h:195:18: warning: ‘sys_dup2’ alias between functions of incompatible types ‘long int(unsigned int,  unsigned int)’ and ‘long int(long int,  long int)’ [-Wattribute-alias=]
  195 |  asmlinkage long sys##name(__MAP(x,__SC_DECL,__VA_ARGS__)) \
      |                  ^~~
./include/linux/syscalls.h:191:2: note: in expansion of macro ‘__SYSCALL_DEFINEx’
  191 |  __SYSCALL_DEFINEx(x, sname, __VA_ARGS__)
      |  ^~~~~~~~~~~~~~~~~
./include/linux/syscalls.h:183:36: note: in expansion of macro ‘SYSCALL_DEFINEx’
  183 | #define SYSCALL_DEFINE2(name, ...) SYSCALL_DEFINEx(2, _##name, __VA_ARGS__)
      |                                    ^~~~~~~~~~~~~~~
fs/file.c:923:1: note: in expansion of macro ‘SYSCALL_DEFINE2’
  923 | SYSCALL_DEFINE2(dup2, unsigned int, oldfd, unsigned int, newfd)
      | ^~~~~~~~~~~~~~~
./include/linux/syscalls.h:199:18: note: aliased declaration here
  199 |  asmlinkage long SyS##name(__MAP(x,__SC_LONG,__VA_ARGS__)) \
      |                  ^~~
./include/linux/syscalls.h:191:2: note: in expansion of macro ‘__SYSCALL_DEFINEx’
  191 |  __SYSCALL_DEFINEx(x, sname, __VA_ARGS__)
      |  ^~~~~~~~~~~~~~~~~
./include/linux/syscalls.h:183:36: note: in expansion of macro ‘SYSCALL_DEFINEx’
  183 | #define SYSCALL_DEFINE2(name, ...) SYSCALL_DEFINEx(2, _##name, __VA_ARGS__)
      |                                    ^~~~~~~~~~~~~~~
fs/file.c:923:1: note: in expansion of macro ‘SYSCALL_DEFINE2’
  923 | SYSCALL_DEFINE2(dup2, unsigned int, oldfd, unsigned int, newfd)
      | ^~~~~~~~~~~~~~~
  CC      fs/filesystems.o
In file included from fs/filesystems.c:9:
./include/linux/syscalls.h:195:18: warning: ‘sys_sysfs’ alias between functions of incompatible types ‘long int(int,  long unsigned int,  long unsigned int)’ and ‘long int(long int,  long int,  long int)’ [-Wattribute-alias=]
  195 |  asmlinkage long sys##name(__MAP(x,__SC_DECL,__VA_ARGS__)) \
      |                  ^~~
./include/linux/syscalls.h:191:2: note: in expansion of macro ‘__SYSCALL_DEFINEx’
  191 |  __SYSCALL_DEFINEx(x, sname, __VA_ARGS__)
      |  ^~~~~~~~~~~~~~~~~
./include/linux/syscalls.h:184:36: note: in expansion of macro ‘SYSCALL_DEFINEx’
  184 | #define SYSCALL_DEFINE3(name, ...) SYSCALL_DEFINEx(3, _##name, __VA_ARGS__)
      |                                    ^~~~~~~~~~~~~~~
fs/filesystems.c:184:1: note: in expansion of macro ‘SYSCALL_DEFINE3’
  184 | SYSCALL_DEFINE3(sysfs, int, option, unsigned long, arg1, unsigned long, arg2)
      | ^~~~~~~~~~~~~~~
./include/linux/syscalls.h:199:18: note: aliased declaration here
  199 |  asmlinkage long SyS##name(__MAP(x,__SC_LONG,__VA_ARGS__)) \
      |                  ^~~
./include/linux/syscalls.h:191:2: note: in expansion of macro ‘__SYSCALL_DEFINEx’
  191 |  __SYSCALL_DEFINEx(x, sname, __VA_ARGS__)
      |  ^~~~~~~~~~~~~~~~~
./include/linux/syscalls.h:184:36: note: in expansion of macro ‘SYSCALL_DEFINEx’
  184 | #define SYSCALL_DEFINE3(name, ...) SYSCALL_DEFINEx(3, _##name, __VA_ARGS__)
      |                                    ^~~~~~~~~~~~~~~
fs/filesystems.c:184:1: note: in expansion of macro ‘SYSCALL_DEFINE3’
  184 | SYSCALL_DEFINE3(sysfs, int, option, unsigned long, arg1, unsigned long, arg2)
      | ^~~~~~~~~~~~~~~
  CC      fs/namespace.o
In file included from fs/namespace.c:11:
./include/linux/syscalls.h:195:18: warning: ‘sys_umount’ alias between functions of incompatible types ‘long int(char *, int)’ and ‘long int(long int,  long int)’ [-Wattribute-alias=]
  195 |  asmlinkage long sys##name(__MAP(x,__SC_DECL,__VA_ARGS__)) \
      |                  ^~~
./include/linux/syscalls.h:191:2: note: in expansion of macro ‘__SYSCALL_DEFINEx’
  191 |  __SYSCALL_DEFINEx(x, sname, __VA_ARGS__)
      |  ^~~~~~~~~~~~~~~~~
./include/linux/syscalls.h:183:36: note: in expansion of macro ‘SYSCALL_DEFINEx’
  183 | #define SYSCALL_DEFINE2(name, ...) SYSCALL_DEFINEx(2, _##name, __VA_ARGS__)
      |                                    ^~~~~~~~~~~~~~~
fs/namespace.c:1657:1: note: in expansion of macro ‘SYSCALL_DEFINE2’
 1657 | SYSCALL_DEFINE2(umount, char __user *, name, int, flags)
      | ^~~~~~~~~~~~~~~
./include/linux/syscalls.h:199:18: note: aliased declaration here
  199 |  asmlinkage long SyS##name(__MAP(x,__SC_LONG,__VA_ARGS__)) \
      |                  ^~~
./include/linux/syscalls.h:191:2: note: in expansion of macro ‘__SYSCALL_DEFINEx’
  191 |  __SYSCALL_DEFINEx(x, sname, __VA_ARGS__)
      |  ^~~~~~~~~~~~~~~~~
./include/linux/syscalls.h:183:36: note: in expansion of macro ‘SYSCALL_DEFINEx’
  183 | #define SYSCALL_DEFINE2(name, ...) SYSCALL_DEFINEx(2, _##name, __VA_ARGS__)
      |                                    ^~~~~~~~~~~~~~~
fs/namespace.c:1657:1: note: in expansion of macro ‘SYSCALL_DEFINE2’
 1657 | SYSCALL_DEFINE2(umount, char __user *, name, int, flags)
      | ^~~~~~~~~~~~~~~
./include/linux/syscalls.h:195:18: warning: ‘sys_pivot_root’ alias between functions of incompatible types ‘long int(const char *, const char *)’ and ‘long int(long int,  long int)’ [-Wattribute-alias=]
  195 |  asmlinkage long sys##name(__MAP(x,__SC_DECL,__VA_ARGS__)) \
      |                  ^~~
./include/linux/syscalls.h:191:2: note: in expansion of macro ‘__SYSCALL_DEFINEx’
  191 |  __SYSCALL_DEFINEx(x, sname, __VA_ARGS__)
      |  ^~~~~~~~~~~~~~~~~
./include/linux/syscalls.h:183:36: note: in expansion of macro ‘SYSCALL_DEFINEx’
  183 | #define SYSCALL_DEFINE2(name, ...) SYSCALL_DEFINEx(2, _##name, __VA_ARGS__)
      |                                    ^~~~~~~~~~~~~~~
fs/namespace.c:3087:1: note: in expansion of macro ‘SYSCALL_DEFINE2’
 3087 | SYSCALL_DEFINE2(pivot_root, const char __user *, new_root,
      | ^~~~~~~~~~~~~~~
./include/linux/syscalls.h:199:18: note: aliased declaration here
  199 |  asmlinkage long SyS##name(__MAP(x,__SC_LONG,__VA_ARGS__)) \
      |                  ^~~
./include/linux/syscalls.h:191:2: note: in expansion of macro ‘__SYSCALL_DEFINEx’
  191 |  __SYSCALL_DEFINEx(x, sname, __VA_ARGS__)
      |  ^~~~~~~~~~~~~~~~~
./include/linux/syscalls.h:183:36: note: in expansion of macro ‘SYSCALL_DEFINEx’
  183 | #define SYSCALL_DEFINE2(name, ...) SYSCALL_DEFINEx(2, _##name, __VA_ARGS__)
      |                                    ^~~~~~~~~~~~~~~
fs/namespace.c:3087:1: note: in expansion of macro ‘SYSCALL_DEFINE2’
 3087 | SYSCALL_DEFINE2(pivot_root, const char __user *, new_root,
      | ^~~~~~~~~~~~~~~
./include/linux/syscalls.h:195:18: warning: ‘sys_mount’ alias between functions of incompatible types ‘long int(char *, char *, char *, long unsigned int,  void *)’ and ‘long int(long int,  long int,  long int,  long int,  long int)’ [-Wattribute-alias=]
  195 |  asmlinkage long sys##name(__MAP(x,__SC_DECL,__VA_ARGS__)) \
      |                  ^~~
./include/linux/syscalls.h:191:2: note: in expansion of macro ‘__SYSCALL_DEFINEx’
  191 |  __SYSCALL_DEFINEx(x, sname, __VA_ARGS__)
      |  ^~~~~~~~~~~~~~~~~
./include/linux/syscalls.h:186:36: note: in expansion of macro ‘SYSCALL_DEFINEx’
  186 | #define SYSCALL_DEFINE5(name, ...) SYSCALL_DEFINEx(5, _##name, __VA_ARGS__)
      |                                    ^~~~~~~~~~~~~~~
fs/namespace.c:3003:1: note: in expansion of macro ‘SYSCALL_DEFINE5’
 3003 | SYSCALL_DEFINE5(mount, char __user *, dev_name, char __user *, dir_name,
      | ^~~~~~~~~~~~~~~
./include/linux/syscalls.h:199:18: note: aliased declaration here
  199 |  asmlinkage long SyS##name(__MAP(x,__SC_LONG,__VA_ARGS__)) \
      |                  ^~~
./include/linux/syscalls.h:191:2: note: in expansion of macro ‘__SYSCALL_DEFINEx’
  191 |  __SYSCALL_DEFINEx(x, sname, __VA_ARGS__)
      |  ^~~~~~~~~~~~~~~~~
./include/linux/syscalls.h:186:36: note: in expansion of macro ‘SYSCALL_DEFINEx’
  186 | #define SYSCALL_DEFINE5(name, ...) SYSCALL_DEFINEx(5, _##name, __VA_ARGS__)
      |                                    ^~~~~~~~~~~~~~~
fs/namespace.c:3003:1: note: in expansion of macro ‘SYSCALL_DEFINE5’
 3003 | SYSCALL_DEFINE5(mount, char __user *, dev_name, char __user *, dir_name,
      | ^~~~~~~~~~~~~~~
  CC      fs/seq_file.o
  CC      fs/xattr.o
In file included from fs/xattr.c:18:
./include/linux/syscalls.h:195:18: warning: ‘sys_setxattr’ alias between functions of incompatible types ‘long int(const char *, const char *, const void *, size_t,  int)’ {aka ‘long int(const char *, const char *, const void *, unsigned int,  int)’} and ‘long int(long int,  long int,  long int,  long int,  long int)’ [-Wattribute-alias=]
  195 |  asmlinkage long sys##name(__MAP(x,__SC_DECL,__VA_ARGS__)) \
      |                  ^~~
./include/linux/syscalls.h:191:2: note: in expansion of macro ‘__SYSCALL_DEFINEx’
  191 |  __SYSCALL_DEFINEx(x, sname, __VA_ARGS__)
      |  ^~~~~~~~~~~~~~~~~
./include/linux/syscalls.h:186:36: note: in expansion of macro ‘SYSCALL_DEFINEx’
  186 | #define SYSCALL_DEFINE5(name, ...) SYSCALL_DEFINEx(5, _##name, __VA_ARGS__)
      |                                    ^~~~~~~~~~~~~~~
fs/xattr.c:479:1: note: in expansion of macro ‘SYSCALL_DEFINE5’
  479 | SYSCALL_DEFINE5(setxattr, const char __user *, pathname,
      | ^~~~~~~~~~~~~~~
./include/linux/syscalls.h:199:18: note: aliased declaration here
  199 |  asmlinkage long SyS##name(__MAP(x,__SC_LONG,__VA_ARGS__)) \
      |                  ^~~
./include/linux/syscalls.h:191:2: note: in expansion of macro ‘__SYSCALL_DEFINEx’
  191 |  __SYSCALL_DEFINEx(x, sname, __VA_ARGS__)
      |  ^~~~~~~~~~~~~~~~~
./include/linux/syscalls.h:186:36: note: in expansion of macro ‘SYSCALL_DEFINEx’
  186 | #define SYSCALL_DEFINE5(name, ...) SYSCALL_DEFINEx(5, _##name, __VA_ARGS__)
      |                                    ^~~~~~~~~~~~~~~
fs/xattr.c:479:1: note: in expansion of macro ‘SYSCALL_DEFINE5’
  479 | SYSCALL_DEFINE5(setxattr, const char __user *, pathname,
      | ^~~~~~~~~~~~~~~
./include/linux/syscalls.h:195:18: warning: ‘sys_fremovexattr’ alias between functions of incompatible types ‘long int(int,  const char *)’ and ‘long int(long int,  long int)’ [-Wattribute-alias=]
  195 |  asmlinkage long sys##name(__MAP(x,__SC_DECL,__VA_ARGS__)) \
      |                  ^~~
./include/linux/syscalls.h:191:2: note: in expansion of macro ‘__SYSCALL_DEFINEx’
  191 |  __SYSCALL_DEFINEx(x, sname, __VA_ARGS__)
      |  ^~~~~~~~~~~~~~~~~
./include/linux/syscalls.h:183:36: note: in expansion of macro ‘SYSCALL_DEFINEx’
  183 | #define SYSCALL_DEFINE2(name, ...) SYSCALL_DEFINEx(2, _##name, __VA_ARGS__)
      |                                    ^~~~~~~~~~~~~~~
fs/xattr.c:732:1: note: in expansion of macro ‘SYSCALL_DEFINE2’
  732 | SYSCALL_DEFINE2(fremovexattr, int, fd, const char __user *, name)
      | ^~~~~~~~~~~~~~~
./include/linux/syscalls.h:199:18: note: aliased declaration here
  199 |  asmlinkage long SyS##name(__MAP(x,__SC_LONG,__VA_ARGS__)) \
      |                  ^~~
./include/linux/syscalls.h:191:2: note: in expansion of macro ‘__SYSCALL_DEFINEx’
  191 |  __SYSCALL_DEFINEx(x, sname, __VA_ARGS__)
      |  ^~~~~~~~~~~~~~~~~
./include/linux/syscalls.h:183:36: note: in expansion of macro ‘SYSCALL_DEFINEx’
  183 | #define SYSCALL_DEFINE2(name, ...) SYSCALL_DEFINEx(2, _##name, __VA_ARGS__)
      |                                    ^~~~~~~~~~~~~~~
fs/xattr.c:732:1: note: in expansion of macro ‘SYSCALL_DEFINE2’
  732 | SYSCALL_DEFINE2(fremovexattr, int, fd, const char __user *, name)
      | ^~~~~~~~~~~~~~~
./include/linux/syscalls.h:195:18: warning: ‘sys_lremovexattr’ alias between functions of incompatible types ‘long int(const char *, const char *)’ and ‘long int(long int,  long int)’ [-Wattribute-alias=]
  195 |  asmlinkage long sys##name(__MAP(x,__SC_DECL,__VA_ARGS__)) \
      |                  ^~~
./include/linux/syscalls.h:191:2: note: in expansion of macro ‘__SYSCALL_DEFINEx’
  191 |  __SYSCALL_DEFINEx(x, sname, __VA_ARGS__)
      |  ^~~~~~~~~~~~~~~~~
./include/linux/syscalls.h:183:36: note: in expansion of macro ‘SYSCALL_DEFINEx’
  183 | #define SYSCALL_DEFINE2(name, ...) SYSCALL_DEFINEx(2, _##name, __VA_ARGS__)
      |                                    ^~~~~~~~~~~~~~~
fs/xattr.c:726:1: note: in expansion of macro ‘SYSCALL_DEFINE2’
  726 | SYSCALL_DEFINE2(lremovexattr, const char __user *, pathname,
      | ^~~~~~~~~~~~~~~
./include/linux/syscalls.h:199:18: note: aliased declaration here
  199 |  asmlinkage long SyS##name(__MAP(x,__SC_LONG,__VA_ARGS__)) \
      |                  ^~~
./include/linux/syscalls.h:191:2: note: in expansion of macro ‘__SYSCALL_DEFINEx’
  191 |  __SYSCALL_DEFINEx(x, sname, __VA_ARGS__)
      |  ^~~~~~~~~~~~~~~~~
./include/linux/syscalls.h:183:36: note: in expansion of macro ‘SYSCALL_DEFINEx’
  183 | #define SYSCALL_DEFINE2(name, ...) SYSCALL_DEFINEx(2, _##name, __VA_ARGS__)
      |                                    ^~~~~~~~~~~~~~~
fs/xattr.c:726:1: note: in expansion of macro ‘SYSCALL_DEFINE2’
  726 | SYSCALL_DEFINE2(lremovexattr, const char __user *, pathname,
      | ^~~~~~~~~~~~~~~
./include/linux/syscalls.h:195:18: warning: ‘sys_removexattr’ alias between functions of incompatible types ‘long int(const char *, const char *)’ and ‘long int(long int,  long int)’ [-Wattribute-alias=]
  195 |  asmlinkage long sys##name(__MAP(x,__SC_DECL,__VA_ARGS__)) \
      |                  ^~~
./include/linux/syscalls.h:191:2: note: in expansion of macro ‘__SYSCALL_DEFINEx’
  191 |  __SYSCALL_DEFINEx(x, sname, __VA_ARGS__)
      |  ^~~~~~~~~~~~~~~~~
./include/linux/syscalls.h:183:36: note: in expansion of macro ‘SYSCALL_DEFINEx’
  183 | #define SYSCALL_DEFINE2(name, ...) SYSCALL_DEFINEx(2, _##name, __VA_ARGS__)
      |                                    ^~~~~~~~~~~~~~~
fs/xattr.c:720:1: note: in expansion of macro ‘SYSCALL_DEFINE2’
  720 | SYSCALL_DEFINE2(removexattr, const char __user *, pathname,
      | ^~~~~~~~~~~~~~~
./include/linux/syscalls.h:199:18: note: aliased declaration here
  199 |  asmlinkage long SyS##name(__MAP(x,__SC_LONG,__VA_ARGS__)) \
      |                  ^~~
./include/linux/syscalls.h:191:2: note: in expansion of macro ‘__SYSCALL_DEFINEx’
  191 |  __SYSCALL_DEFINEx(x, sname, __VA_ARGS__)
      |  ^~~~~~~~~~~~~~~~~
./include/linux/syscalls.h:183:36: note: in expansion of macro ‘SYSCALL_DEFINEx’
  183 | #define SYSCALL_DEFINE2(name, ...) SYSCALL_DEFINEx(2, _##name, __VA_ARGS__)
      |                                    ^~~~~~~~~~~~~~~
fs/xattr.c:720:1: note: in expansion of macro ‘SYSCALL_DEFINE2’
  720 | SYSCALL_DEFINE2(removexattr, const char __user *, pathname,
      | ^~~~~~~~~~~~~~~
./include/linux/syscalls.h:195:18: warning: ‘sys_flistxattr’ alias between functions of incompatible types ‘long int(int,  char *, size_t)’ {aka ‘long int(int,  char *, unsigned int)’} and ‘long int(long int,  long int,  long int)’ [-Wattribute-alias=]
  195 |  asmlinkage long sys##name(__MAP(x,__SC_DECL,__VA_ARGS__)) \
      |                  ^~~
./include/linux/syscalls.h:191:2: note: in expansion of macro ‘__SYSCALL_DEFINEx’
  191 |  __SYSCALL_DEFINEx(x, sname, __VA_ARGS__)
      |  ^~~~~~~~~~~~~~~~~
./include/linux/syscalls.h:184:36: note: in expansion of macro ‘SYSCALL_DEFINEx’
  184 | #define SYSCALL_DEFINE3(name, ...) SYSCALL_DEFINEx(3, _##name, __VA_ARGS__)
      |                                    ^~~~~~~~~~~~~~~
fs/xattr.c:667:1: note: in expansion of macro ‘SYSCALL_DEFINE3’
  667 | SYSCALL_DEFINE3(flistxattr, int, fd, char __user *, list, size_t, size)
      | ^~~~~~~~~~~~~~~
./include/linux/syscalls.h:199:18: note: aliased declaration here
  199 |  asmlinkage long SyS##name(__MAP(x,__SC_LONG,__VA_ARGS__)) \
      |                  ^~~
./include/linux/syscalls.h:191:2: note: in expansion of macro ‘__SYSCALL_DEFINEx’
  191 |  __SYSCALL_DEFINEx(x, sname, __VA_ARGS__)
      |  ^~~~~~~~~~~~~~~~~
./include/linux/syscalls.h:184:36: note: in expansion of macro ‘SYSCALL_DEFINEx’
  184 | #define SYSCALL_DEFINE3(name, ...) SYSCALL_DEFINEx(3, _##name, __VA_ARGS__)
      |                                    ^~~~~~~~~~~~~~~
fs/xattr.c:667:1: note: in expansion of macro ‘SYSCALL_DEFINE3’
  667 | SYSCALL_DEFINE3(flistxattr, int, fd, char __user *, list, size_t, size)
      | ^~~~~~~~~~~~~~~
./include/linux/syscalls.h:195:18: warning: ‘sys_llistxattr’ alias between functions of incompatible types ‘long int(const char *, char *, size_t)’ {aka ‘long int(const char *, char *, unsigned int)’} and ‘long int(long int,  long int,  long int)’ [-Wattribute-alias=]
  195 |  asmlinkage long sys##name(__MAP(x,__SC_DECL,__VA_ARGS__)) \
      |                  ^~~
./include/linux/syscalls.h:191:2: note: in expansion of macro ‘__SYSCALL_DEFINEx’
  191 |  __SYSCALL_DEFINEx(x, sname, __VA_ARGS__)
      |  ^~~~~~~~~~~~~~~~~
./include/linux/syscalls.h:184:36: note: in expansion of macro ‘SYSCALL_DEFINEx’
  184 | #define SYSCALL_DEFINE3(name, ...) SYSCALL_DEFINEx(3, _##name, __VA_ARGS__)
      |                                    ^~~~~~~~~~~~~~~
fs/xattr.c:661:1: note: in expansion of macro ‘SYSCALL_DEFINE3’
  661 | SYSCALL_DEFINE3(llistxattr, const char __user *, pathname, char __user *, list,
      | ^~~~~~~~~~~~~~~
./include/linux/syscalls.h:199:18: note: aliased declaration here
  199 |  asmlinkage long SyS##name(__MAP(x,__SC_LONG,__VA_ARGS__)) \
      |                  ^~~
./include/linux/syscalls.h:191:2: note: in expansion of macro ‘__SYSCALL_DEFINEx’
  191 |  __SYSCALL_DEFINEx(x, sname, __VA_ARGS__)
      |  ^~~~~~~~~~~~~~~~~
./include/linux/syscalls.h:184:36: note: in expansion of macro ‘SYSCALL_DEFINEx’
  184 | #define SYSCALL_DEFINE3(name, ...) SYSCALL_DEFINEx(3, _##name, __VA_ARGS__)
      |                                    ^~~~~~~~~~~~~~~
fs/xattr.c:661:1: note: in expansion of macro ‘SYSCALL_DEFINE3’
  661 | SYSCALL_DEFINE3(llistxattr, const char __user *, pathname, char __user *, list,
      | ^~~~~~~~~~~~~~~
./include/linux/syscalls.h:195:18: warning: ‘sys_listxattr’ alias between functions of incompatible types ‘long int(const char *, char *, size_t)’ {aka ‘long int(const char *, char *, unsigned int)’} and ‘long int(long int,  long int,  long int)’ [-Wattribute-alias=]
  195 |  asmlinkage long sys##name(__MAP(x,__SC_DECL,__VA_ARGS__)) \
      |                  ^~~
./include/linux/syscalls.h:191:2: note: in expansion of macro ‘__SYSCALL_DEFINEx’
  191 |  __SYSCALL_DEFINEx(x, sname, __VA_ARGS__)
      |  ^~~~~~~~~~~~~~~~~
./include/linux/syscalls.h:184:36: note: in expansion of macro ‘SYSCALL_DEFINEx’
  184 | #define SYSCALL_DEFINE3(name, ...) SYSCALL_DEFINEx(3, _##name, __VA_ARGS__)
      |                                    ^~~~~~~~~~~~~~~
fs/xattr.c:655:1: note: in expansion of macro ‘SYSCALL_DEFINE3’
  655 | SYSCALL_DEFINE3(listxattr, const char __user *, pathname, char __user *, list,
      | ^~~~~~~~~~~~~~~
./include/linux/syscalls.h:199:18: note: aliased declaration here
  199 |  asmlinkage long SyS##name(__MAP(x,__SC_LONG,__VA_ARGS__)) \
      |                  ^~~
./include/linux/syscalls.h:191:2: note: in expansion of macro ‘__SYSCALL_DEFINEx’
  191 |  __SYSCALL_DEFINEx(x, sname, __VA_ARGS__)
      |  ^~~~~~~~~~~~~~~~~
./include/linux/syscalls.h:184:36: note: in expansion of macro ‘SYSCALL_DEFINEx’
  184 | #define SYSCALL_DEFINE3(name, ...) SYSCALL_DEFINEx(3, _##name, __VA_ARGS__)
      |                                    ^~~~~~~~~~~~~~~
fs/xattr.c:655:1: note: in expansion of macro ‘SYSCALL_DEFINE3’
  655 | SYSCALL_DEFINE3(listxattr, const char __user *, pathname, char __user *, list,
      | ^~~~~~~~~~~~~~~
./include/linux/syscalls.h:195:18: warning: ‘sys_fgetxattr’ alias between functions of incompatible types ‘long int(int,  const char *, void *, size_t)’ {aka ‘long int(int,  const char *, void *, unsigned int)’} and ‘long int(long int,  long int,  long int,  long int)’ [-Wattribute-alias=]
  195 |  asmlinkage long sys##name(__MAP(x,__SC_DECL,__VA_ARGS__)) \
      |                  ^~~
./include/linux/syscalls.h:191:2: note: in expansion of macro ‘__SYSCALL_DEFINEx’
  191 |  __SYSCALL_DEFINEx(x, sname, __VA_ARGS__)
      |  ^~~~~~~~~~~~~~~~~
./include/linux/syscalls.h:185:36: note: in expansion of macro ‘SYSCALL_DEFINEx’
  185 | #define SYSCALL_DEFINE4(name, ...) SYSCALL_DEFINEx(4, _##name, __VA_ARGS__)
      |                                    ^~~~~~~~~~~~~~~
fs/xattr.c:588:1: note: in expansion of macro ‘SYSCALL_DEFINE4’
  588 | SYSCALL_DEFINE4(fgetxattr, int, fd, const char __user *, name,
      | ^~~~~~~~~~~~~~~
./include/linux/syscalls.h:199:18: note: aliased declaration here
  199 |  asmlinkage long SyS##name(__MAP(x,__SC_LONG,__VA_ARGS__)) \
      |                  ^~~
./include/linux/syscalls.h:191:2: note: in expansion of macro ‘__SYSCALL_DEFINEx’
  191 |  __SYSCALL_DEFINEx(x, sname, __VA_ARGS__)
      |  ^~~~~~~~~~~~~~~~~
./include/linux/syscalls.h:185:36: note: in expansion of macro ‘SYSCALL_DEFINEx’
  185 | #define SYSCALL_DEFINE4(name, ...) SYSCALL_DEFINEx(4, _##name, __VA_ARGS__)
      |                                    ^~~~~~~~~~~~~~~
fs/xattr.c:588:1: note: in expansion of macro ‘SYSCALL_DEFINE4’
  588 | SYSCALL_DEFINE4(fgetxattr, int, fd, const char __user *, name,
      | ^~~~~~~~~~~~~~~
./include/linux/syscalls.h:195:18: warning: ‘sys_lgetxattr’ alias between functions of incompatible types ‘long int(const char *, const char *, void *, size_t)’ {aka ‘long int(const char *, const char *, void *, unsigned int)’} and ‘long int(long int,  long int,  long int,  long int)’ [-Wattribute-alias=]
  195 |  asmlinkage long sys##name(__MAP(x,__SC_DECL,__VA_ARGS__)) \
      |                  ^~~
./include/linux/syscalls.h:191:2: note: in expansion of macro ‘__SYSCALL_DEFINEx’
  191 |  __SYSCALL_DEFINEx(x, sname, __VA_ARGS__)
      |  ^~~~~~~~~~~~~~~~~
./include/linux/syscalls.h:185:36: note: in expansion of macro ‘SYSCALL_DEFINEx’
  185 | #define SYSCALL_DEFINE4(name, ...) SYSCALL_DEFINEx(4, _##name, __VA_ARGS__)
      |                                    ^~~~~~~~~~~~~~~
fs/xattr.c:582:1: note: in expansion of macro ‘SYSCALL_DEFINE4’
  582 | SYSCALL_DEFINE4(lgetxattr, const char __user *, pathname,
      | ^~~~~~~~~~~~~~~
./include/linux/syscalls.h:199:18: note: aliased declaration here
  199 |  asmlinkage long SyS##name(__MAP(x,__SC_LONG,__VA_ARGS__)) \
      |                  ^~~
./include/linux/syscalls.h:191:2: note: in expansion of macro ‘__SYSCALL_DEFINEx’
  191 |  __SYSCALL_DEFINEx(x, sname, __VA_ARGS__)
      |  ^~~~~~~~~~~~~~~~~
./include/linux/syscalls.h:185:36: note: in expansion of macro ‘SYSCALL_DEFINEx’
  185 | #define SYSCALL_DEFINE4(name, ...) SYSCALL_DEFINEx(4, _##name, __VA_ARGS__)
      |                                    ^~~~~~~~~~~~~~~
fs/xattr.c:582:1: note: in expansion of macro ‘SYSCALL_DEFINE4’
  582 | SYSCALL_DEFINE4(lgetxattr, const char __user *, pathname,
      | ^~~~~~~~~~~~~~~
./include/linux/syscalls.h:195:18: warning: ‘sys_getxattr’ alias between functions of incompatible types ‘long int(const char *, const char *, void *, size_t)’ {aka ‘long int(const char *, const char *, void *, unsigned int)’} and ‘long int(long int,  long int,  long int,  long int)’ [-Wattribute-alias=]
  195 |  asmlinkage long sys##name(__MAP(x,__SC_DECL,__VA_ARGS__)) \
      |                  ^~~
./include/linux/syscalls.h:191:2: note: in expansion of macro ‘__SYSCALL_DEFINEx’
  191 |  __SYSCALL_DEFINEx(x, sname, __VA_ARGS__)
      |  ^~~~~~~~~~~~~~~~~
./include/linux/syscalls.h:185:36: note: in expansion of macro ‘SYSCALL_DEFINEx’
  185 | #define SYSCALL_DEFINE4(name, ...) SYSCALL_DEFINEx(4, _##name, __VA_ARGS__)
      |                                    ^~~~~~~~~~~~~~~
fs/xattr.c:576:1: note: in expansion of macro ‘SYSCALL_DEFINE4’
  576 | SYSCALL_DEFINE4(getxattr, const char __user *, pathname,
      | ^~~~~~~~~~~~~~~
./include/linux/syscalls.h:199:18: note: aliased declaration here
  199 |  asmlinkage long SyS##name(__MAP(x,__SC_LONG,__VA_ARGS__)) \
      |                  ^~~
./include/linux/syscalls.h:191:2: note: in expansion of macro ‘__SYSCALL_DEFINEx’
  191 |  __SYSCALL_DEFINEx(x, sname, __VA_ARGS__)
      |  ^~~~~~~~~~~~~~~~~
./include/linux/syscalls.h:185:36: note: in expansion of macro ‘SYSCALL_DEFINEx’
  185 | #define SYSCALL_DEFINE4(name, ...) SYSCALL_DEFINEx(4, _##name, __VA_ARGS__)
      |                                    ^~~~~~~~~~~~~~~
fs/xattr.c:576:1: note: in expansion of macro ‘SYSCALL_DEFINE4’
  576 | SYSCALL_DEFINE4(getxattr, const char __user *, pathname,
      | ^~~~~~~~~~~~~~~
./include/linux/syscalls.h:195:18: warning: ‘sys_fsetxattr’ alias between functions of incompatible types ‘long int(int,  const char *, const void *, size_t,  int)’ {aka ‘long int(int,  const char *, const void *, unsigned int,  int)’} and ‘long int(long int,  long int,  long int,  long int,  long int)’ [-Wattribute-alias=]
  195 |  asmlinkage long sys##name(__MAP(x,__SC_DECL,__VA_ARGS__)) \
      |                  ^~~
./include/linux/syscalls.h:191:2: note: in expansion of macro ‘__SYSCALL_DEFINEx’
  191 |  __SYSCALL_DEFINEx(x, sname, __VA_ARGS__)
      |  ^~~~~~~~~~~~~~~~~
./include/linux/syscalls.h:186:36: note: in expansion of macro ‘SYSCALL_DEFINEx’
  186 | #define SYSCALL_DEFINE5(name, ...) SYSCALL_DEFINEx(5, _##name, __VA_ARGS__)
      |                                    ^~~~~~~~~~~~~~~
fs/xattr.c:493:1: note: in expansion of macro ‘SYSCALL_DEFINE5’
  493 | SYSCALL_DEFINE5(fsetxattr, int, fd, const char __user *, name,
      | ^~~~~~~~~~~~~~~
./include/linux/syscalls.h:199:18: note: aliased declaration here
  199 |  asmlinkage long SyS##name(__MAP(x,__SC_LONG,__VA_ARGS__)) \
      |                  ^~~
./include/linux/syscalls.h:191:2: note: in expansion of macro ‘__SYSCALL_DEFINEx’
  191 |  __SYSCALL_DEFINEx(x, sname, __VA_ARGS__)
      |  ^~~~~~~~~~~~~~~~~
./include/linux/syscalls.h:186:36: note: in expansion of macro ‘SYSCALL_DEFINEx’
  186 | #define SYSCALL_DEFINE5(name, ...) SYSCALL_DEFINEx(5, _##name, __VA_ARGS__)
      |                                    ^~~~~~~~~~~~~~~
fs/xattr.c:493:1: note: in expansion of macro ‘SYSCALL_DEFINE5’
  493 | SYSCALL_DEFINE5(fsetxattr, int, fd, const char __user *, name,
      | ^~~~~~~~~~~~~~~
./include/linux/syscalls.h:195:18: warning: ‘sys_lsetxattr’ alias between functions of incompatible types ‘long int(const char *, const char *, const void *, size_t,  int)’ {aka ‘long int(const char *, const char *, const void *, unsigned int,  int)’} and ‘long int(long int,  long int,  long int,  long int,  long int)’ [-Wattribute-alias=]
  195 |  asmlinkage long sys##name(__MAP(x,__SC_DECL,__VA_ARGS__)) \
      |                  ^~~
./include/linux/syscalls.h:191:2: note: in expansion of macro ‘__SYSCALL_DEFINEx’
  191 |  __SYSCALL_DEFINEx(x, sname, __VA_ARGS__)
      |  ^~~~~~~~~~~~~~~~~
./include/linux/syscalls.h:186:36: note: in expansion of macro ‘SYSCALL_DEFINEx’
  186 | #define SYSCALL_DEFINE5(name, ...) SYSCALL_DEFINEx(5, _##name, __VA_ARGS__)
      |                                    ^~~~~~~~~~~~~~~
fs/xattr.c:486:1: note: in expansion of macro ‘SYSCALL_DEFINE5’
  486 | SYSCALL_DEFINE5(lsetxattr, const char __user *, pathname,
      | ^~~~~~~~~~~~~~~
./include/linux/syscalls.h:199:18: note: aliased declaration here
  199 |  asmlinkage long SyS##name(__MAP(x,__SC_LONG,__VA_ARGS__)) \
      |                  ^~~
./include/linux/syscalls.h:191:2: note: in expansion of macro ‘__SYSCALL_DEFINEx’
  191 |  __SYSCALL_DEFINEx(x, sname, __VA_ARGS__)
      |  ^~~~~~~~~~~~~~~~~
./include/linux/syscalls.h:186:36: note: in expansion of macro ‘SYSCALL_DEFINEx’
  186 | #define SYSCALL_DEFINE5(name, ...) SYSCALL_DEFINEx(5, _##name, __VA_ARGS__)
      |                                    ^~~~~~~~~~~~~~~
fs/xattr.c:486:1: note: in expansion of macro ‘SYSCALL_DEFINE5’
  486 | SYSCALL_DEFINE5(lsetxattr, const char __user *, pathname,
      | ^~~~~~~~~~~~~~~
  CC      fs/libfs.o
  CC      fs/fs-writeback.o
In file included from ./include/trace/define_trace.h:96,
                 from ./include/trace/events/writeback.h:762,
                 from fs/fs-writeback.c:98:
./include/trace/events/writeback.h: In function ‘perf_trace_writeback_class’:
./include/trace/events/writeback.h:276:3: warning: ‘strncpy’ specified bound 32 equals destination size [-Wstringop-truncation]
  276 |   strncpy(__entry->name, dev_name(wb->bdi->dev), 32);
      |   ^~~~~~~~~~~~~~~~~~~~~~~~~~~~~~~~~~~~~~~~~~~~~~~~~~
./include/trace/perf.h:65:4: note: in definition of macro ‘DECLARE_EVENT_CLASS’
   65 |  { assign; }       \
      |    ^~~~~~
./include/trace/events/writeback.h:275:2: note: in expansion of macro ‘TP_fast_assign’
  275 |  TP_fast_assign(
      |  ^~~~~~~~~~~~~~
./include/trace/events/writeback.h: In function ‘perf_trace_writeback_bdi_register’:
./include/trace/events/writeback.h:299:3: warning: ‘strncpy’ specified bound 32 equals destination size [-Wstringop-truncation]
  299 |   strncpy(__entry->name, dev_name(bdi->dev), 32);
      |   ^~~~~~~~~~~~~~~~~~~~~~~~~~~~~~~~~~~~~~~~~~~~~~
./include/trace/perf.h:65:4: note: in definition of macro ‘DECLARE_EVENT_CLASS’
   65 |  { assign; }       \
      |    ^~~~~~
./include/trace/trace_events.h:64:9: note: in expansion of macro ‘PARAMS’
   64 |         PARAMS(assign),         \
      |         ^~~~~~
./include/trace/events/writeback.h:292:1: note: in expansion of macro ‘TRACE_EVENT’
  292 | TRACE_EVENT(writeback_bdi_register,
      | ^~~~~~~~~~~
./include/trace/events/writeback.h:298:2: note: in expansion of macro ‘TP_fast_assign’
  298 |  TP_fast_assign(
      |  ^~~~~~~~~~~~~~
./include/trace/events/writeback.h: In function ‘perf_trace_wbc_class’:
./include/trace/events/writeback.h:324:3: warning: ‘strncpy’ specified bound 32 equals destination size [-Wstringop-truncation]
  324 |   strncpy(__entry->name, dev_name(bdi->dev), 32);
      |   ^~~~~~~~~~~~~~~~~~~~~~~~~~~~~~~~~~~~~~~~~~~~~~
./include/trace/perf.h:65:4: note: in definition of macro ‘DECLARE_EVENT_CLASS’
   65 |  { assign; }       \
      |    ^~~~~~
./include/trace/events/writeback.h:323:2: note: in expansion of macro ‘TP_fast_assign’
  323 |  TP_fast_assign(
      |  ^~~~~~~~~~~~~~
./include/trace/events/writeback.h: In function ‘perf_trace_writeback_queue_io’:
./include/trace/events/writeback.h:375:3: warning: ‘strncpy’ specified bound 32 equals destination size [-Wstringop-truncation]
  375 |   strncpy(__entry->name, dev_name(wb->bdi->dev), 32);
      |   ^~~~~~~~~~~~~~~~~~~~~~~~~~~~~~~~~~~~~~~~~~~~~~~~~~
./include/trace/perf.h:65:4: note: in definition of macro ‘DECLARE_EVENT_CLASS’
   65 |  { assign; }       \
      |    ^~~~~~
./include/trace/trace_events.h:64:9: note: in expansion of macro ‘PARAMS’
   64 |         PARAMS(assign),         \
      |         ^~~~~~
./include/trace/events/writeback.h:360:1: note: in expansion of macro ‘TRACE_EVENT’
  360 | TRACE_EVENT(writeback_queue_io,
      | ^~~~~~~~~~~
./include/trace/events/writeback.h:373:2: note: in expansion of macro ‘TP_fast_assign’
  373 |  TP_fast_assign(
      |  ^~~~~~~~~~~~~~
./include/trace/events/writeback.h: In function ‘perf_trace_writeback_dirty_page’:
./include/trace/events/writeback.h:68:3: warning: ‘strncpy’ specified bound 32 equals destination size [-Wstringop-truncation]
   68 |   strncpy(__entry->name,
      |   ^~~~~~~~~~~~~~~~~~~~~~
   69 |    mapping ? dev_name(inode_to_bdi(mapping->host)->dev) : "(unknown)", 32);
      |    ~~~~~~~~~~~~~~~~~~~~~~~~~~~~~~~~~~~~~~~~~~~~~~~~~~~~~~~~~~~~~~~~~~~~~~~
./include/trace/perf.h:65:4: note: in definition of macro ‘DECLARE_EVENT_CLASS’
   65 |  { assign; }       \
      |    ^~~~~~
./include/trace/trace_events.h:64:9: note: in expansion of macro ‘PARAMS’
   64 |         PARAMS(assign),         \
      |         ^~~~~~
./include/trace/events/writeback.h:55:1: note: in expansion of macro ‘TRACE_EVENT’
   55 | TRACE_EVENT(writeback_dirty_page,
      | ^~~~~~~~~~~
./include/trace/events/writeback.h:67:2: note: in expansion of macro ‘TP_fast_assign’
   67 |  TP_fast_assign(
      |  ^~~~~~~~~~~~~~
./include/trace/events/writeback.h: In function ‘perf_trace_writeback_write_inode_template’:
./include/trace/events/writeback.h:178:3: warning: ‘strncpy’ specified bound 32 equals destination size [-Wstringop-truncation]
  178 |   strncpy(__entry->name,
      |   ^~~~~~~~~~~~~~~~~~~~~~
  179 |    dev_name(inode_to_bdi(inode)->dev), 32);
      |    ~~~~~~~~~~~~~~~~~~~~~~~~~~~~~~~~~~~~~~~
./include/trace/perf.h:65:4: note: in definition of macro ‘DECLARE_EVENT_CLASS’
   65 |  { assign; }       \
      |    ^~~~~~
./include/trace/events/writeback.h:177:2: note: in expansion of macro ‘TP_fast_assign’
  177 |  TP_fast_assign(
      |  ^~~~~~~~~~~~~~
./include/trace/events/writeback.h: In function ‘perf_trace_writeback_sb_inodes_requeue’:
./include/trace/events/writeback.h:586:3: warning: ‘strncpy’ specified bound 32 equals destination size [-Wstringop-truncation]
  586 |   strncpy(__entry->name,
      |   ^~~~~~~~~~~~~~~~~~~~~~
  587 |           dev_name(inode_to_bdi(inode)->dev), 32);
      |           ~~~~~~~~~~~~~~~~~~~~~~~~~~~~~~~~~~~~~~~
./include/trace/perf.h:65:4: note: in definition of macro ‘DECLARE_EVENT_CLASS’
   65 |  { assign; }       \
      |    ^~~~~~
./include/trace/trace_events.h:64:9: note: in expansion of macro ‘PARAMS’
   64 |         PARAMS(assign),         \
      |         ^~~~~~
./include/trace/events/writeback.h:572:1: note: in expansion of macro ‘TRACE_EVENT’
  572 | TRACE_EVENT(writeback_sb_inodes_requeue,
      | ^~~~~~~~~~~
./include/trace/events/writeback.h:585:2: note: in expansion of macro ‘TP_fast_assign’
  585 |  TP_fast_assign(
      |  ^~~~~~~~~~~~~~
./include/trace/events/writeback.h: In function ‘perf_trace_writeback_single_inode_template’:
./include/trace/events/writeback.h:660:3: warning: ‘strncpy’ specified bound 32 equals destination size [-Wstringop-truncation]
  660 |   strncpy(__entry->name,
      |   ^~~~~~~~~~~~~~~~~~~~~~
  661 |    dev_name(inode_to_bdi(inode)->dev), 32);
      |    ~~~~~~~~~~~~~~~~~~~~~~~~~~~~~~~~~~~~~~~
./include/trace/perf.h:65:4: note: in definition of macro ‘DECLARE_EVENT_CLASS’
   65 |  { assign; }       \
      |    ^~~~~~
./include/trace/events/writeback.h:659:2: note: in expansion of macro ‘TP_fast_assign’
  659 |  TP_fast_assign(
      |  ^~~~~~~~~~~~~~
In file included from ./include/trace/define_trace.h:95,
                 from ./include/trace/events/writeback.h:762,
                 from fs/fs-writeback.c:98:
./include/trace/events/writeback.h: In function ‘trace_event_raw_event_writeback_dirty_page’:
./include/trace/events/writeback.h:68:3: warning: ‘strncpy’ specified bound 32 equals destination size [-Wstringop-truncation]
   68 |   strncpy(__entry->name,
      |   ^~~~~~~~~~~~~~~~~~~~~~
   69 |    mapping ? dev_name(inode_to_bdi(mapping->host)->dev) : "(unknown)", 32);
      |    ~~~~~~~~~~~~~~~~~~~~~~~~~~~~~~~~~~~~~~~~~~~~~~~~~~~~~~~~~~~~~~~~~~~~~~~
./include/trace/trace_events.h:686:4: note: in definition of macro ‘DECLARE_EVENT_CLASS’
  686 |  { assign; }       \
      |    ^~~~~~
./include/trace/trace_events.h:64:9: note: in expansion of macro ‘PARAMS’
   64 |         PARAMS(assign),         \
      |         ^~~~~~
./include/trace/events/writeback.h:55:1: note: in expansion of macro ‘TRACE_EVENT’
   55 | TRACE_EVENT(writeback_dirty_page,
      | ^~~~~~~~~~~
./include/trace/events/writeback.h:67:2: note: in expansion of macro ‘TP_fast_assign’
   67 |  TP_fast_assign(
      |  ^~~~~~~~~~~~~~
./include/trace/events/writeback.h: In function ‘trace_event_raw_event_writeback_write_inode_template’:
./include/trace/events/writeback.h:178:3: warning: ‘strncpy’ specified bound 32 equals destination size [-Wstringop-truncation]
  178 |   strncpy(__entry->name,
      |   ^~~~~~~~~~~~~~~~~~~~~~
  179 |    dev_name(inode_to_bdi(inode)->dev), 32);
      |    ~~~~~~~~~~~~~~~~~~~~~~~~~~~~~~~~~~~~~~~
./include/trace/trace_events.h:686:4: note: in definition of macro ‘DECLARE_EVENT_CLASS’
  686 |  { assign; }       \
      |    ^~~~~~
./include/trace/events/writeback.h:177:2: note: in expansion of macro ‘TP_fast_assign’
  177 |  TP_fast_assign(
      |  ^~~~~~~~~~~~~~
./include/trace/events/writeback.h: In function ‘trace_event_raw_event_writeback_class’:
./include/trace/events/writeback.h:276:3: warning: ‘strncpy’ specified bound 32 equals destination size [-Wstringop-truncation]
  276 |   strncpy(__entry->name, dev_name(wb->bdi->dev), 32);
      |   ^~~~~~~~~~~~~~~~~~~~~~~~~~~~~~~~~~~~~~~~~~~~~~~~~~
./include/trace/trace_events.h:686:4: note: in definition of macro ‘DECLARE_EVENT_CLASS’
  686 |  { assign; }       \
      |    ^~~~~~
./include/trace/events/writeback.h:275:2: note: in expansion of macro ‘TP_fast_assign’
  275 |  TP_fast_assign(
      |  ^~~~~~~~~~~~~~
./include/trace/events/writeback.h: In function ‘trace_event_raw_event_writeback_bdi_register’:
./include/trace/events/writeback.h:299:3: warning: ‘strncpy’ specified bound 32 equals destination size [-Wstringop-truncation]
  299 |   strncpy(__entry->name, dev_name(bdi->dev), 32);
      |   ^~~~~~~~~~~~~~~~~~~~~~~~~~~~~~~~~~~~~~~~~~~~~~
./include/trace/trace_events.h:686:4: note: in definition of macro ‘DECLARE_EVENT_CLASS’
  686 |  { assign; }       \
      |    ^~~~~~
./include/trace/trace_events.h:64:9: note: in expansion of macro ‘PARAMS’
   64 |         PARAMS(assign),         \
      |         ^~~~~~
./include/trace/events/writeback.h:292:1: note: in expansion of macro ‘TRACE_EVENT’
  292 | TRACE_EVENT(writeback_bdi_register,
      | ^~~~~~~~~~~
./include/trace/events/writeback.h:298:2: note: in expansion of macro ‘TP_fast_assign’
  298 |  TP_fast_assign(
      |  ^~~~~~~~~~~~~~
./include/trace/events/writeback.h: In function ‘trace_event_raw_event_wbc_class’:
./include/trace/events/writeback.h:324:3: warning: ‘strncpy’ specified bound 32 equals destination size [-Wstringop-truncation]
  324 |   strncpy(__entry->name, dev_name(bdi->dev), 32);
      |   ^~~~~~~~~~~~~~~~~~~~~~~~~~~~~~~~~~~~~~~~~~~~~~
./include/trace/trace_events.h:686:4: note: in definition of macro ‘DECLARE_EVENT_CLASS’
  686 |  { assign; }       \
      |    ^~~~~~
./include/trace/events/writeback.h:323:2: note: in expansion of macro ‘TP_fast_assign’
  323 |  TP_fast_assign(
      |  ^~~~~~~~~~~~~~
./include/trace/events/writeback.h: In function ‘trace_event_raw_event_writeback_queue_io’:
./include/trace/events/writeback.h:375:3: warning: ‘strncpy’ specified bound 32 equals destination size [-Wstringop-truncation]
  375 |   strncpy(__entry->name, dev_name(wb->bdi->dev), 32);
      |   ^~~~~~~~~~~~~~~~~~~~~~~~~~~~~~~~~~~~~~~~~~~~~~~~~~
./include/trace/trace_events.h:686:4: note: in definition of macro ‘DECLARE_EVENT_CLASS’
  686 |  { assign; }       \
      |    ^~~~~~
./include/trace/trace_events.h:64:9: note: in expansion of macro ‘PARAMS’
   64 |         PARAMS(assign),         \
      |         ^~~~~~
./include/trace/events/writeback.h:360:1: note: in expansion of macro ‘TRACE_EVENT’
  360 | TRACE_EVENT(writeback_queue_io,
      | ^~~~~~~~~~~
./include/trace/events/writeback.h:373:2: note: in expansion of macro ‘TP_fast_assign’
  373 |  TP_fast_assign(
      |  ^~~~~~~~~~~~~~
./include/trace/events/writeback.h: In function ‘trace_event_raw_event_writeback_sb_inodes_requeue’:
./include/trace/events/writeback.h:586:3: warning: ‘strncpy’ specified bound 32 equals destination size [-Wstringop-truncation]
  586 |   strncpy(__entry->name,
      |   ^~~~~~~~~~~~~~~~~~~~~~
  587 |           dev_name(inode_to_bdi(inode)->dev), 32);
      |           ~~~~~~~~~~~~~~~~~~~~~~~~~~~~~~~~~~~~~~~
./include/trace/trace_events.h:686:4: note: in definition of macro ‘DECLARE_EVENT_CLASS’
  686 |  { assign; }       \
      |    ^~~~~~
./include/trace/trace_events.h:64:9: note: in expansion of macro ‘PARAMS’
   64 |         PARAMS(assign),         \
      |         ^~~~~~
./include/trace/events/writeback.h:572:1: note: in expansion of macro ‘TRACE_EVENT’
  572 | TRACE_EVENT(writeback_sb_inodes_requeue,
      | ^~~~~~~~~~~
./include/trace/events/writeback.h:585:2: note: in expansion of macro ‘TP_fast_assign’
  585 |  TP_fast_assign(
      |  ^~~~~~~~~~~~~~
./include/trace/events/writeback.h: In function ‘trace_event_raw_event_writeback_single_inode_template’:
./include/trace/events/writeback.h:660:3: warning: ‘strncpy’ specified bound 32 equals destination size [-Wstringop-truncation]
  660 |   strncpy(__entry->name,
      |   ^~~~~~~~~~~~~~~~~~~~~~
  661 |    dev_name(inode_to_bdi(inode)->dev), 32);
      |    ~~~~~~~~~~~~~~~~~~~~~~~~~~~~~~~~~~~~~~~
./include/trace/trace_events.h:686:4: note: in definition of macro ‘DECLARE_EVENT_CLASS’
  686 |  { assign; }       \
      |    ^~~~~~
./include/trace/events/writeback.h:659:2: note: in expansion of macro ‘TP_fast_assign’
  659 |  TP_fast_assign(
      |  ^~~~~~~~~~~~~~
  CC      fs/pnode.o
  CC      fs/splice.o
In file included from fs/splice.c:29:
./include/linux/syscalls.h:195:18: warning: ‘sys_vmsplice’ alias between functions of incompatible types ‘long int(int,  const struct iovec *, long unsigned int,  unsigned int)’ and ‘long int(long int,  long int,  long int,  long int)’ [-Wattribute-alias=]
  195 |  asmlinkage long sys##name(__MAP(x,__SC_DECL,__VA_ARGS__)) \
      |                  ^~~
./include/linux/syscalls.h:191:2: note: in expansion of macro ‘__SYSCALL_DEFINEx’
  191 |  __SYSCALL_DEFINEx(x, sname, __VA_ARGS__)
      |  ^~~~~~~~~~~~~~~~~
./include/linux/syscalls.h:185:36: note: in expansion of macro ‘SYSCALL_DEFINEx’
  185 | #define SYSCALL_DEFINE4(name, ...) SYSCALL_DEFINEx(4, _##name, __VA_ARGS__)
      |                                    ^~~~~~~~~~~~~~~
fs/splice.c:1353:1: note: in expansion of macro ‘SYSCALL_DEFINE4’
 1353 | SYSCALL_DEFINE4(vmsplice, int, fd, const struct iovec __user *, iov,
      | ^~~~~~~~~~~~~~~
./include/linux/syscalls.h:199:18: note: aliased declaration here
  199 |  asmlinkage long SyS##name(__MAP(x,__SC_LONG,__VA_ARGS__)) \
      |                  ^~~
./include/linux/syscalls.h:191:2: note: in expansion of macro ‘__SYSCALL_DEFINEx’
  191 |  __SYSCALL_DEFINEx(x, sname, __VA_ARGS__)
      |  ^~~~~~~~~~~~~~~~~
./include/linux/syscalls.h:185:36: note: in expansion of macro ‘SYSCALL_DEFINEx’
  185 | #define SYSCALL_DEFINE4(name, ...) SYSCALL_DEFINEx(4, _##name, __VA_ARGS__)
      |                                    ^~~~~~~~~~~~~~~
fs/splice.c:1353:1: note: in expansion of macro ‘SYSCALL_DEFINE4’
 1353 | SYSCALL_DEFINE4(vmsplice, int, fd, const struct iovec __user *, iov,
      | ^~~~~~~~~~~~~~~
./include/linux/syscalls.h:195:18: warning: ‘sys_tee’ alias between functions of incompatible types ‘long int(int,  int,  size_t,  unsigned int)’ {aka ‘long int(int,  int,  unsigned int,  unsigned int)’} and ‘long int(long int,  long int,  long int,  long int)’ [-Wattribute-alias=]
  195 |  asmlinkage long sys##name(__MAP(x,__SC_DECL,__VA_ARGS__)) \
      |                  ^~~
./include/linux/syscalls.h:191:2: note: in expansion of macro ‘__SYSCALL_DEFINEx’
  191 |  __SYSCALL_DEFINEx(x, sname, __VA_ARGS__)
      |  ^~~~~~~~~~~~~~~~~
./include/linux/syscalls.h:185:36: note: in expansion of macro ‘SYSCALL_DEFINEx’
  185 | #define SYSCALL_DEFINE4(name, ...) SYSCALL_DEFINEx(4, _##name, __VA_ARGS__)
      |                                    ^~~~~~~~~~~~~~~
fs/splice.c:1732:1: note: in expansion of macro ‘SYSCALL_DEFINE4’
 1732 | SYSCALL_DEFINE4(tee, int, fdin, int, fdout, size_t, len, unsigned int, flags)
      | ^~~~~~~~~~~~~~~
./include/linux/syscalls.h:199:18: note: aliased declaration here
  199 |  asmlinkage long SyS##name(__MAP(x,__SC_LONG,__VA_ARGS__)) \
      |                  ^~~
./include/linux/syscalls.h:191:2: note: in expansion of macro ‘__SYSCALL_DEFINEx’
  191 |  __SYSCALL_DEFINEx(x, sname, __VA_ARGS__)
      |  ^~~~~~~~~~~~~~~~~
./include/linux/syscalls.h:185:36: note: in expansion of macro ‘SYSCALL_DEFINEx’
  185 | #define SYSCALL_DEFINE4(name, ...) SYSCALL_DEFINEx(4, _##name, __VA_ARGS__)
      |                                    ^~~~~~~~~~~~~~~
fs/splice.c:1732:1: note: in expansion of macro ‘SYSCALL_DEFINE4’
 1732 | SYSCALL_DEFINE4(tee, int, fdin, int, fdout, size_t, len, unsigned int, flags)
      | ^~~~~~~~~~~~~~~
./include/linux/syscalls.h:195:18: warning: ‘sys_splice’ alias between functions of incompatible types ‘long int(int,  loff_t *, int,  loff_t *, size_t,  unsigned int)’ {aka ‘long int(int,  long long int *, int,  long long int *, unsigned int,  unsigned int)’} and ‘long int(long int,  long int,  long int,  long int,  long int,  long int)’ [-Wattribute-alias=]
  195 |  asmlinkage long sys##name(__MAP(x,__SC_DECL,__VA_ARGS__)) \
      |                  ^~~
./include/linux/syscalls.h:191:2: note: in expansion of macro ‘__SYSCALL_DEFINEx’
  191 |  __SYSCALL_DEFINEx(x, sname, __VA_ARGS__)
      |  ^~~~~~~~~~~~~~~~~
./include/linux/syscalls.h:187:36: note: in expansion of macro ‘SYSCALL_DEFINEx’
  187 | #define SYSCALL_DEFINE6(name, ...) SYSCALL_DEFINEx(6, _##name, __VA_ARGS__)
      |                                    ^~~~~~~~~~~~~~~
fs/splice.c:1399:1: note: in expansion of macro ‘SYSCALL_DEFINE6’
 1399 | SYSCALL_DEFINE6(splice, int, fd_in, loff_t __user *, off_in,
      | ^~~~~~~~~~~~~~~
./include/linux/syscalls.h:199:18: note: aliased declaration here
  199 |  asmlinkage long SyS##name(__MAP(x,__SC_LONG,__VA_ARGS__)) \
      |                  ^~~
./include/linux/syscalls.h:191:2: note: in expansion of macro ‘__SYSCALL_DEFINEx’
  191 |  __SYSCALL_DEFINEx(x, sname, __VA_ARGS__)
      |  ^~~~~~~~~~~~~~~~~
./include/linux/syscalls.h:187:36: note: in expansion of macro ‘SYSCALL_DEFINEx’
  187 | #define SYSCALL_DEFINE6(name, ...) SYSCALL_DEFINEx(6, _##name, __VA_ARGS__)
      |                                    ^~~~~~~~~~~~~~~
fs/splice.c:1399:1: note: in expansion of macro ‘SYSCALL_DEFINE6’
 1399 | SYSCALL_DEFINE6(splice, int, fd_in, loff_t __user *, off_in,
      | ^~~~~~~~~~~~~~~
  CC      fs/sync.o
In file included from fs/sync.c:13:
./include/linux/syscalls.h:195:18: warning: ‘sys_sync_file_range2’ alias between functions of incompatible types ‘long int(int,  unsigned int,  loff_t,  loff_t)’ {aka ‘long int(int,  unsigned int,  long long int,  long long int)’} and ‘long int(long int,  long int,  long long int,  long long int)’ [-Wattribute-alias=]
  195 |  asmlinkage long sys##name(__MAP(x,__SC_DECL,__VA_ARGS__)) \
      |                  ^~~
./include/linux/syscalls.h:191:2: note: in expansion of macro ‘__SYSCALL_DEFINEx’
  191 |  __SYSCALL_DEFINEx(x, sname, __VA_ARGS__)
      |  ^~~~~~~~~~~~~~~~~
./include/linux/syscalls.h:185:36: note: in expansion of macro ‘SYSCALL_DEFINEx’
  185 | #define SYSCALL_DEFINE4(name, ...) SYSCALL_DEFINEx(4, _##name, __VA_ARGS__)
      |                                    ^~~~~~~~~~~~~~~
fs/sync.c:368:1: note: in expansion of macro ‘SYSCALL_DEFINE4’
  368 | SYSCALL_DEFINE4(sync_file_range2, int, fd, unsigned int, flags,
      | ^~~~~~~~~~~~~~~
./include/linux/syscalls.h:199:18: note: aliased declaration here
  199 |  asmlinkage long SyS##name(__MAP(x,__SC_LONG,__VA_ARGS__)) \
      |                  ^~~
./include/linux/syscalls.h:191:2: note: in expansion of macro ‘__SYSCALL_DEFINEx’
  191 |  __SYSCALL_DEFINEx(x, sname, __VA_ARGS__)
      |  ^~~~~~~~~~~~~~~~~
./include/linux/syscalls.h:185:36: note: in expansion of macro ‘SYSCALL_DEFINEx’
  185 | #define SYSCALL_DEFINE4(name, ...) SYSCALL_DEFINEx(4, _##name, __VA_ARGS__)
      |                                    ^~~~~~~~~~~~~~~
fs/sync.c:368:1: note: in expansion of macro ‘SYSCALL_DEFINE4’
  368 | SYSCALL_DEFINE4(sync_file_range2, int, fd, unsigned int, flags,
      | ^~~~~~~~~~~~~~~
./include/linux/syscalls.h:195:18: warning: ‘sys_sync_file_range’ alias between functions of incompatible types ‘long int(int,  loff_t,  loff_t,  unsigned int)’ {aka ‘long int(int,  long long int,  long long int,  unsigned int)’} and ‘long int(long int,  long long int,  long long int,  long int)’ [-Wattribute-alias=]
  195 |  asmlinkage long sys##name(__MAP(x,__SC_DECL,__VA_ARGS__)) \
      |                  ^~~
./include/linux/syscalls.h:191:2: note: in expansion of macro ‘__SYSCALL_DEFINEx’
  191 |  __SYSCALL_DEFINEx(x, sname, __VA_ARGS__)
      |  ^~~~~~~~~~~~~~~~~
./include/linux/syscalls.h:185:36: note: in expansion of macro ‘SYSCALL_DEFINEx’
  185 | #define SYSCALL_DEFINE4(name, ...) SYSCALL_DEFINEx(4, _##name, __VA_ARGS__)
      |                                    ^~~~~~~~~~~~~~~
fs/sync.c:282:1: note: in expansion of macro ‘SYSCALL_DEFINE4’
  282 | SYSCALL_DEFINE4(sync_file_range, int, fd, loff_t, offset, loff_t, nbytes,
      | ^~~~~~~~~~~~~~~
./include/linux/syscalls.h:199:18: note: aliased declaration here
  199 |  asmlinkage long SyS##name(__MAP(x,__SC_LONG,__VA_ARGS__)) \
      |                  ^~~
./include/linux/syscalls.h:191:2: note: in expansion of macro ‘__SYSCALL_DEFINEx’
  191 |  __SYSCALL_DEFINEx(x, sname, __VA_ARGS__)
      |  ^~~~~~~~~~~~~~~~~
./include/linux/syscalls.h:185:36: note: in expansion of macro ‘SYSCALL_DEFINEx’
  185 | #define SYSCALL_DEFINE4(name, ...) SYSCALL_DEFINEx(4, _##name, __VA_ARGS__)
      |                                    ^~~~~~~~~~~~~~~
fs/sync.c:282:1: note: in expansion of macro ‘SYSCALL_DEFINE4’
  282 | SYSCALL_DEFINE4(sync_file_range, int, fd, loff_t, offset, loff_t, nbytes,
      | ^~~~~~~~~~~~~~~
./include/linux/syscalls.h:195:18: warning: ‘sys_fdatasync’ alias between functions of incompatible types ‘long int(unsigned int)’ and ‘long int(long int)’ [-Wattribute-alias=]
  195 |  asmlinkage long sys##name(__MAP(x,__SC_DECL,__VA_ARGS__)) \
      |                  ^~~
./include/linux/syscalls.h:191:2: note: in expansion of macro ‘__SYSCALL_DEFINEx’
  191 |  __SYSCALL_DEFINEx(x, sname, __VA_ARGS__)
      |  ^~~~~~~~~~~~~~~~~
./include/linux/syscalls.h:182:36: note: in expansion of macro ‘SYSCALL_DEFINEx’
  182 | #define SYSCALL_DEFINE1(name, ...) SYSCALL_DEFINEx(1, _##name, __VA_ARGS__)
      |                                    ^~~~~~~~~~~~~~~
fs/sync.c:230:1: note: in expansion of macro ‘SYSCALL_DEFINE1’
  230 | SYSCALL_DEFINE1(fdatasync, unsigned int, fd)
      | ^~~~~~~~~~~~~~~
./include/linux/syscalls.h:199:18: note: aliased declaration here
  199 |  asmlinkage long SyS##name(__MAP(x,__SC_LONG,__VA_ARGS__)) \
      |                  ^~~
./include/linux/syscalls.h:191:2: note: in expansion of macro ‘__SYSCALL_DEFINEx’
  191 |  __SYSCALL_DEFINEx(x, sname, __VA_ARGS__)
      |  ^~~~~~~~~~~~~~~~~
./include/linux/syscalls.h:182:36: note: in expansion of macro ‘SYSCALL_DEFINEx’
  182 | #define SYSCALL_DEFINE1(name, ...) SYSCALL_DEFINEx(1, _##name, __VA_ARGS__)
      |                                    ^~~~~~~~~~~~~~~
fs/sync.c:230:1: note: in expansion of macro ‘SYSCALL_DEFINE1’
  230 | SYSCALL_DEFINE1(fdatasync, unsigned int, fd)
      | ^~~~~~~~~~~~~~~
./include/linux/syscalls.h:195:18: warning: ‘sys_fsync’ alias between functions of incompatible types ‘long int(unsigned int)’ and ‘long int(long int)’ [-Wattribute-alias=]
  195 |  asmlinkage long sys##name(__MAP(x,__SC_DECL,__VA_ARGS__)) \
      |                  ^~~
./include/linux/syscalls.h:191:2: note: in expansion of macro ‘__SYSCALL_DEFINEx’
  191 |  __SYSCALL_DEFINEx(x, sname, __VA_ARGS__)
      |  ^~~~~~~~~~~~~~~~~
./include/linux/syscalls.h:182:36: note: in expansion of macro ‘SYSCALL_DEFINEx’
  182 | #define SYSCALL_DEFINE1(name, ...) SYSCALL_DEFINEx(1, _##name, __VA_ARGS__)
      |                                    ^~~~~~~~~~~~~~~
fs/sync.c:225:1: note: in expansion of macro ‘SYSCALL_DEFINE1’
  225 | SYSCALL_DEFINE1(fsync, unsigned int, fd)
      | ^~~~~~~~~~~~~~~
./include/linux/syscalls.h:199:18: note: aliased declaration here
  199 |  asmlinkage long SyS##name(__MAP(x,__SC_LONG,__VA_ARGS__)) \
      |                  ^~~
./include/linux/syscalls.h:191:2: note: in expansion of macro ‘__SYSCALL_DEFINEx’
  191 |  __SYSCALL_DEFINEx(x, sname, __VA_ARGS__)
      |  ^~~~~~~~~~~~~~~~~
./include/linux/syscalls.h:182:36: note: in expansion of macro ‘SYSCALL_DEFINEx’
  182 | #define SYSCALL_DEFINE1(name, ...) SYSCALL_DEFINEx(1, _##name, __VA_ARGS__)
      |                                    ^~~~~~~~~~~~~~~
fs/sync.c:225:1: note: in expansion of macro ‘SYSCALL_DEFINE1’
  225 | SYSCALL_DEFINE1(fsync, unsigned int, fd)
      | ^~~~~~~~~~~~~~~
  CC      fs/utimes.o
In file included from fs/utimes.c:10:
./include/linux/syscalls.h:195:18: warning: ‘sys_utimensat’ alias between functions of incompatible types ‘long int(int,  const char *, struct timespec *, int)’ and ‘long int(long int,  long int,  long int,  long int)’ [-Wattribute-alias=]
  195 |  asmlinkage long sys##name(__MAP(x,__SC_DECL,__VA_ARGS__)) \
      |                  ^~~
./include/linux/syscalls.h:191:2: note: in expansion of macro ‘__SYSCALL_DEFINEx’
  191 |  __SYSCALL_DEFINEx(x, sname, __VA_ARGS__)
      |  ^~~~~~~~~~~~~~~~~
./include/linux/syscalls.h:185:36: note: in expansion of macro ‘SYSCALL_DEFINEx’
  185 | #define SYSCALL_DEFINE4(name, ...) SYSCALL_DEFINEx(4, _##name, __VA_ARGS__)
      |                                    ^~~~~~~~~~~~~~~
fs/utimes.c:171:1: note: in expansion of macro ‘SYSCALL_DEFINE4’
  171 | SYSCALL_DEFINE4(utimensat, int, dfd, const char __user *, filename,
      | ^~~~~~~~~~~~~~~
./include/linux/syscalls.h:199:18: note: aliased declaration here
  199 |  asmlinkage long SyS##name(__MAP(x,__SC_LONG,__VA_ARGS__)) \
      |                  ^~~
./include/linux/syscalls.h:191:2: note: in expansion of macro ‘__SYSCALL_DEFINEx’
  191 |  __SYSCALL_DEFINEx(x, sname, __VA_ARGS__)
      |  ^~~~~~~~~~~~~~~~~
./include/linux/syscalls.h:185:36: note: in expansion of macro ‘SYSCALL_DEFINEx’
  185 | #define SYSCALL_DEFINE4(name, ...) SYSCALL_DEFINEx(4, _##name, __VA_ARGS__)
      |                                    ^~~~~~~~~~~~~~~
fs/utimes.c:171:1: note: in expansion of macro ‘SYSCALL_DEFINE4’
  171 | SYSCALL_DEFINE4(utimensat, int, dfd, const char __user *, filename,
      | ^~~~~~~~~~~~~~~
./include/linux/syscalls.h:195:18: warning: ‘sys_utimes’ alias between functions of incompatible types ‘long int(char *, struct timeval *)’ and ‘long int(long int,  long int)’ [-Wattribute-alias=]
  195 |  asmlinkage long sys##name(__MAP(x,__SC_DECL,__VA_ARGS__)) \
      |                  ^~~
./include/linux/syscalls.h:191:2: note: in expansion of macro ‘__SYSCALL_DEFINEx’
  191 |  __SYSCALL_DEFINEx(x, sname, __VA_ARGS__)
      |  ^~~~~~~~~~~~~~~~~
./include/linux/syscalls.h:183:36: note: in expansion of macro ‘SYSCALL_DEFINEx’
  183 | #define SYSCALL_DEFINE2(name, ...) SYSCALL_DEFINEx(2, _##name, __VA_ARGS__)
      |                                    ^~~~~~~~~~~~~~~
fs/utimes.c:217:1: note: in expansion of macro ‘SYSCALL_DEFINE2’
  217 | SYSCALL_DEFINE2(utimes, char __user *, filename,
      | ^~~~~~~~~~~~~~~
./include/linux/syscalls.h:199:18: note: aliased declaration here
  199 |  asmlinkage long SyS##name(__MAP(x,__SC_LONG,__VA_ARGS__)) \
      |                  ^~~
./include/linux/syscalls.h:191:2: note: in expansion of macro ‘__SYSCALL_DEFINEx’
  191 |  __SYSCALL_DEFINEx(x, sname, __VA_ARGS__)
      |  ^~~~~~~~~~~~~~~~~
./include/linux/syscalls.h:183:36: note: in expansion of macro ‘SYSCALL_DEFINEx’
  183 | #define SYSCALL_DEFINE2(name, ...) SYSCALL_DEFINEx(2, _##name, __VA_ARGS__)
      |                                    ^~~~~~~~~~~~~~~
fs/utimes.c:217:1: note: in expansion of macro ‘SYSCALL_DEFINE2’
  217 | SYSCALL_DEFINE2(utimes, char __user *, filename,
      | ^~~~~~~~~~~~~~~
./include/linux/syscalls.h:195:18: warning: ‘sys_futimesat’ alias between functions of incompatible types ‘long int(int,  const char *, struct timeval *)’ and ‘long int(long int,  long int,  long int)’ [-Wattribute-alias=]
  195 |  asmlinkage long sys##name(__MAP(x,__SC_DECL,__VA_ARGS__)) \
      |                  ^~~
./include/linux/syscalls.h:191:2: note: in expansion of macro ‘__SYSCALL_DEFINEx’
  191 |  __SYSCALL_DEFINEx(x, sname, __VA_ARGS__)
      |  ^~~~~~~~~~~~~~~~~
./include/linux/syscalls.h:184:36: note: in expansion of macro ‘SYSCALL_DEFINEx’
  184 | #define SYSCALL_DEFINE3(name, ...) SYSCALL_DEFINEx(3, _##name, __VA_ARGS__)
      |                                    ^~~~~~~~~~~~~~~
fs/utimes.c:189:1: note: in expansion of macro ‘SYSCALL_DEFINE3’
  189 | SYSCALL_DEFINE3(futimesat, int, dfd, const char __user *, filename,
      | ^~~~~~~~~~~~~~~
./include/linux/syscalls.h:199:18: note: aliased declaration here
  199 |  asmlinkage long SyS##name(__MAP(x,__SC_LONG,__VA_ARGS__)) \
      |                  ^~~
./include/linux/syscalls.h:191:2: note: in expansion of macro ‘__SYSCALL_DEFINEx’
  191 |  __SYSCALL_DEFINEx(x, sname, __VA_ARGS__)
      |  ^~~~~~~~~~~~~~~~~
./include/linux/syscalls.h:184:36: note: in expansion of macro ‘SYSCALL_DEFINEx’
  184 | #define SYSCALL_DEFINE3(name, ...) SYSCALL_DEFINEx(3, _##name, __VA_ARGS__)
      |                                    ^~~~~~~~~~~~~~~
fs/utimes.c:189:1: note: in expansion of macro ‘SYSCALL_DEFINE3’
  189 | SYSCALL_DEFINE3(futimesat, int, dfd, const char __user *, filename,
      | ^~~~~~~~~~~~~~~
  CC      fs/stack.o
  CC      fs/fs_struct.o
  CC      fs/statfs.o
In file included from fs/statfs.c:1:
./include/linux/syscalls.h:195:18: warning: ‘sys_statfs’ alias between functions of incompatible types ‘long int(const char *, struct statfs *)’ and ‘long int(long int,  long int)’ [-Wattribute-alias=]
  195 |  asmlinkage long sys##name(__MAP(x,__SC_DECL,__VA_ARGS__)) \
      |                  ^~~
./include/linux/syscalls.h:191:2: note: in expansion of macro ‘__SYSCALL_DEFINEx’
  191 |  __SYSCALL_DEFINEx(x, sname, __VA_ARGS__)
      |  ^~~~~~~~~~~~~~~~~
./include/linux/syscalls.h:183:36: note: in expansion of macro ‘SYSCALL_DEFINEx’
  183 | #define SYSCALL_DEFINE2(name, ...) SYSCALL_DEFINEx(2, _##name, __VA_ARGS__)
      |                                    ^~~~~~~~~~~~~~~
fs/statfs.c:172:1: note: in expansion of macro ‘SYSCALL_DEFINE2’
  172 | SYSCALL_DEFINE2(statfs, const char __user *, pathname, struct statfs __user *, buf)
      | ^~~~~~~~~~~~~~~
./include/linux/syscalls.h:199:18: note: aliased declaration here
  199 |  asmlinkage long SyS##name(__MAP(x,__SC_LONG,__VA_ARGS__)) \
      |                  ^~~
./include/linux/syscalls.h:191:2: note: in expansion of macro ‘__SYSCALL_DEFINEx’
  191 |  __SYSCALL_DEFINEx(x, sname, __VA_ARGS__)
      |  ^~~~~~~~~~~~~~~~~
./include/linux/syscalls.h:183:36: note: in expansion of macro ‘SYSCALL_DEFINEx’
  183 | #define SYSCALL_DEFINE2(name, ...) SYSCALL_DEFINEx(2, _##name, __VA_ARGS__)
      |                                    ^~~~~~~~~~~~~~~
fs/statfs.c:172:1: note: in expansion of macro ‘SYSCALL_DEFINE2’
  172 | SYSCALL_DEFINE2(statfs, const char __user *, pathname, struct statfs __user *, buf)
      | ^~~~~~~~~~~~~~~
./include/linux/syscalls.h:195:18: warning: ‘sys_ustat’ alias between functions of incompatible types ‘long int(unsigned int,  struct ustat *)’ and ‘long int(long int,  long int)’ [-Wattribute-alias=]
  195 |  asmlinkage long sys##name(__MAP(x,__SC_DECL,__VA_ARGS__)) \
      |                  ^~~
./include/linux/syscalls.h:191:2: note: in expansion of macro ‘__SYSCALL_DEFINEx’
  191 |  __SYSCALL_DEFINEx(x, sname, __VA_ARGS__)
      |  ^~~~~~~~~~~~~~~~~
./include/linux/syscalls.h:183:36: note: in expansion of macro ‘SYSCALL_DEFINEx’
  183 | #define SYSCALL_DEFINE2(name, ...) SYSCALL_DEFINEx(2, _##name, __VA_ARGS__)
      |                                    ^~~~~~~~~~~~~~~
fs/statfs.c:228:1: note: in expansion of macro ‘SYSCALL_DEFINE2’
  228 | SYSCALL_DEFINE2(ustat, unsigned, dev, struct ustat __user *, ubuf)
      | ^~~~~~~~~~~~~~~
./include/linux/syscalls.h:199:18: note: aliased declaration here
  199 |  asmlinkage long SyS##name(__MAP(x,__SC_LONG,__VA_ARGS__)) \
      |                  ^~~
./include/linux/syscalls.h:191:2: note: in expansion of macro ‘__SYSCALL_DEFINEx’
  191 |  __SYSCALL_DEFINEx(x, sname, __VA_ARGS__)
      |  ^~~~~~~~~~~~~~~~~
./include/linux/syscalls.h:183:36: note: in expansion of macro ‘SYSCALL_DEFINEx’
  183 | #define SYSCALL_DEFINE2(name, ...) SYSCALL_DEFINEx(2, _##name, __VA_ARGS__)
      |                                    ^~~~~~~~~~~~~~~
fs/statfs.c:228:1: note: in expansion of macro ‘SYSCALL_DEFINE2’
  228 | SYSCALL_DEFINE2(ustat, unsigned, dev, struct ustat __user *, ubuf)
      | ^~~~~~~~~~~~~~~
./include/linux/syscalls.h:195:18: warning: ‘sys_fstatfs64’ alias between functions of incompatible types ‘long int(unsigned int,  size_t,  struct statfs64 *)’ {aka ‘long int(unsigned int,  unsigned int,  struct statfs64 *)’} and ‘long int(long int,  long int,  long int)’ [-Wattribute-alias=]
  195 |  asmlinkage long sys##name(__MAP(x,__SC_DECL,__VA_ARGS__)) \
      |                  ^~~
./include/linux/syscalls.h:191:2: note: in expansion of macro ‘__SYSCALL_DEFINEx’
  191 |  __SYSCALL_DEFINEx(x, sname, __VA_ARGS__)
      |  ^~~~~~~~~~~~~~~~~
./include/linux/syscalls.h:184:36: note: in expansion of macro ‘SYSCALL_DEFINEx’
  184 | #define SYSCALL_DEFINE3(name, ...) SYSCALL_DEFINEx(3, _##name, __VA_ARGS__)
      |                                    ^~~~~~~~~~~~~~~
fs/statfs.c:202:1: note: in expansion of macro ‘SYSCALL_DEFINE3’
  202 | SYSCALL_DEFINE3(fstatfs64, unsigned int, fd, size_t, sz, struct statfs64 __user *, buf)
      | ^~~~~~~~~~~~~~~
./include/linux/syscalls.h:199:18: note: aliased declaration here
  199 |  asmlinkage long SyS##name(__MAP(x,__SC_LONG,__VA_ARGS__)) \
      |                  ^~~
./include/linux/syscalls.h:191:2: note: in expansion of macro ‘__SYSCALL_DEFINEx’
  191 |  __SYSCALL_DEFINEx(x, sname, __VA_ARGS__)
      |  ^~~~~~~~~~~~~~~~~
./include/linux/syscalls.h:184:36: note: in expansion of macro ‘SYSCALL_DEFINEx’
  184 | #define SYSCALL_DEFINE3(name, ...) SYSCALL_DEFINEx(3, _##name, __VA_ARGS__)
      |                                    ^~~~~~~~~~~~~~~
fs/statfs.c:202:1: note: in expansion of macro ‘SYSCALL_DEFINE3’
  202 | SYSCALL_DEFINE3(fstatfs64, unsigned int, fd, size_t, sz, struct statfs64 __user *, buf)
      | ^~~~~~~~~~~~~~~
./include/linux/syscalls.h:195:18: warning: ‘sys_fstatfs’ alias between functions of incompatible types ‘long int(unsigned int,  struct statfs *)’ and ‘long int(long int,  long int)’ [-Wattribute-alias=]
  195 |  asmlinkage long sys##name(__MAP(x,__SC_DECL,__VA_ARGS__)) \
      |                  ^~~
./include/linux/syscalls.h:191:2: note: in expansion of macro ‘__SYSCALL_DEFINEx’
  191 |  __SYSCALL_DEFINEx(x, sname, __VA_ARGS__)
      |  ^~~~~~~~~~~~~~~~~
./include/linux/syscalls.h:183:36: note: in expansion of macro ‘SYSCALL_DEFINEx’
  183 | #define SYSCALL_DEFINE2(name, ...) SYSCALL_DEFINEx(2, _##name, __VA_ARGS__)
      |                                    ^~~~~~~~~~~~~~~
fs/statfs.c:193:1: note: in expansion of macro ‘SYSCALL_DEFINE2’
  193 | SYSCALL_DEFINE2(fstatfs, unsigned int, fd, struct statfs __user *, buf)
      | ^~~~~~~~~~~~~~~
./include/linux/syscalls.h:199:18: note: aliased declaration here
  199 |  asmlinkage long SyS##name(__MAP(x,__SC_LONG,__VA_ARGS__)) \
      |                  ^~~
./include/linux/syscalls.h:191:2: note: in expansion of macro ‘__SYSCALL_DEFINEx’
  191 |  __SYSCALL_DEFINEx(x, sname, __VA_ARGS__)
      |  ^~~~~~~~~~~~~~~~~
./include/linux/syscalls.h:183:36: note: in expansion of macro ‘SYSCALL_DEFINEx’
  183 | #define SYSCALL_DEFINE2(name, ...) SYSCALL_DEFINEx(2, _##name, __VA_ARGS__)
      |                                    ^~~~~~~~~~~~~~~
fs/statfs.c:193:1: note: in expansion of macro ‘SYSCALL_DEFINE2’
  193 | SYSCALL_DEFINE2(fstatfs, unsigned int, fd, struct statfs __user *, buf)
      | ^~~~~~~~~~~~~~~
./include/linux/syscalls.h:195:18: warning: ‘sys_statfs64’ alias between functions of incompatible types ‘long int(const char *, size_t,  struct statfs64 *)’ {aka ‘long int(const char *, unsigned int,  struct statfs64 *)’} and ‘long int(long int,  long int,  long int)’ [-Wattribute-alias=]
  195 |  asmlinkage long sys##name(__MAP(x,__SC_DECL,__VA_ARGS__)) \
      |                  ^~~
./include/linux/syscalls.h:191:2: note: in expansion of macro ‘__SYSCALL_DEFINEx’
  191 |  __SYSCALL_DEFINEx(x, sname, __VA_ARGS__)
      |  ^~~~~~~~~~~~~~~~~
./include/linux/syscalls.h:184:36: note: in expansion of macro ‘SYSCALL_DEFINEx’
  184 | #define SYSCALL_DEFINE3(name, ...) SYSCALL_DEFINEx(3, _##name, __VA_ARGS__)
      |                                    ^~~~~~~~~~~~~~~
fs/statfs.c:181:1: note: in expansion of macro ‘SYSCALL_DEFINE3’
  181 | SYSCALL_DEFINE3(statfs64, const char __user *, pathname, size_t, sz, struct statfs64 __user *, buf)
      | ^~~~~~~~~~~~~~~
./include/linux/syscalls.h:199:18: note: aliased declaration here
  199 |  asmlinkage long SyS##name(__MAP(x,__SC_LONG,__VA_ARGS__)) \
      |                  ^~~
./include/linux/syscalls.h:191:2: note: in expansion of macro ‘__SYSCALL_DEFINEx’
  191 |  __SYSCALL_DEFINEx(x, sname, __VA_ARGS__)
      |  ^~~~~~~~~~~~~~~~~
./include/linux/syscalls.h:184:36: note: in expansion of macro ‘SYSCALL_DEFINEx’
  184 | #define SYSCALL_DEFINE3(name, ...) SYSCALL_DEFINEx(3, _##name, __VA_ARGS__)
      |                                    ^~~~~~~~~~~~~~~
fs/statfs.c:181:1: note: in expansion of macro ‘SYSCALL_DEFINE3’
  181 | SYSCALL_DEFINE3(statfs64, const char __user *, pathname, size_t, sz, struct statfs64 __user *, buf)
      | ^~~~~~~~~~~~~~~
  CC      fs/fs_pin.o
  CC      fs/nsfs.o
  CC      fs/buffer.o
  CC      fs/block_dev.o
  CC      fs/direct-io.o
  CC      fs/mpage.o
  CC      fs/proc_namespace.o
  LD      fs/9p/built-in.o
  CC [M]  fs/9p/vfs_super.o
  CC [M]  fs/9p/vfs_inode.o
  CC [M]  fs/9p/vfs_inode_dotl.o
  CC [M]  fs/9p/vfs_addr.o
  CC [M]  fs/9p/vfs_file.o
  CC [M]  fs/9p/vfs_dir.o
  CC [M]  fs/9p/vfs_dentry.o
  CC [M]  fs/9p/v9fs.o
In file included from fs/9p/v9fs.c:28:
./include/linux/module.h:132:6: warning: ‘init_module’ specifies less restrictive attribute than its target ‘init_v9fs’: ‘cold’ [-Wmissing-attributes]
  132 |  int init_module(void) __attribute__((alias(#initfn)));
      |      ^~~~~~~~~~~
fs/9p/v9fs.c:673:1: note: in expansion of macro ‘module_init’
  673 | module_init(init_v9fs)
      | ^~~~~~~~~~~
fs/9p/v9fs.c:627:19: note: ‘init_module’ target declared here
  627 | static int __init init_v9fs(void)
      |                   ^~~~~~~~~
In file included from fs/9p/v9fs.c:28:
./include/linux/module.h:138:7: warning: ‘cleanup_module’ specifies less restrictive attribute than its target ‘exit_v9fs’: ‘cold’ [-Wmissing-attributes]
  138 |  void cleanup_module(void) __attribute__((alias(#exitfn)));
      |       ^~~~~~~~~~~~~~
fs/9p/v9fs.c:674:1: note: in expansion of macro ‘module_exit’
  674 | module_exit(exit_v9fs)
      | ^~~~~~~~~~~
fs/9p/v9fs.c:666:20: note: ‘cleanup_module’ target declared here
  666 | static void __exit exit_v9fs(void)
      |                    ^~~~~~~~~
  CC [M]  fs/9p/fid.o
  CC [M]  fs/9p/xattr.o
  CC [M]  fs/9p/acl.o
  LD [M]  fs/9p/9p.o
  CC      fs/autofs4/init.o
  CC      fs/autofs4/inode.o
  CC      fs/autofs4/root.o
  CC      fs/autofs4/symlink.o
  CC      fs/autofs4/waitq.o
  CC      fs/autofs4/expire.o
  CC      fs/autofs4/dev-ioctl.o
  LD      fs/autofs4/autofs4.o
  LD      fs/autofs4/built-in.o
  LD      fs/btrfs/built-in.o
  CC [M]  fs/btrfs/super.o
In file included from fs/btrfs/super.c:20:
./include/linux/module.h:132:6: warning: ‘init_module’ specifies less restrictive attribute than its target ‘init_btrfs_fs’: ‘cold’ [-Wmissing-attributes]
  132 |  int init_module(void) __attribute__((alias(#initfn)));
      |      ^~~~~~~~~~~
./include/linux/module.h:122:28: note: in expansion of macro ‘module_init’
  122 | #define late_initcall(fn)  module_init(fn)
      |                            ^~~~~~~~~~~
fs/btrfs/super.c:2492:1: note: in expansion of macro ‘late_initcall’
 2492 | late_initcall(init_btrfs_fs);
      | ^~~~~~~~~~~~~
fs/btrfs/super.c:2375:19: note: ‘init_module’ target declared here
 2375 | static int __init init_btrfs_fs(void)
      |                   ^~~~~~~~~~~~~
In file included from fs/btrfs/super.c:20:
./include/linux/module.h:138:7: warning: ‘cleanup_module’ specifies less restrictive attribute than its target ‘exit_btrfs_fs’: ‘cold’ [-Wmissing-attributes]
  138 |  void cleanup_module(void) __attribute__((alias(#exitfn)));
      |       ^~~~~~~~~~~~~~
fs/btrfs/super.c:2493:1: note: in expansion of macro ‘module_exit’
 2493 | module_exit(exit_btrfs_fs)
      | ^~~~~~~~~~~
fs/btrfs/super.c:2473:20: note: ‘cleanup_module’ target declared here
 2473 | static void __exit exit_btrfs_fs(void)
      |                    ^~~~~~~~~~~~~
  CC [M]  fs/btrfs/ctree.o
  CC [M]  fs/btrfs/extent-tree.o
  CC [M]  fs/btrfs/print-tree.o
  CC [M]  fs/btrfs/root-tree.o
  CC [M]  fs/btrfs/dir-item.o
  CC [M]  fs/btrfs/file-item.o
  CC [M]  fs/btrfs/inode-item.o
  CC [M]  fs/btrfs/inode-map.o
  CC [M]  fs/btrfs/disk-io.o
  CC [M]  fs/btrfs/transaction.o
  CC [M]  fs/btrfs/inode.o
  CC [M]  fs/btrfs/file.o
  CC [M]  fs/btrfs/tree-defrag.o
  CC [M]  fs/btrfs/extent_map.o
  CC [M]  fs/btrfs/sysfs.o
  CC [M]  fs/btrfs/struct-funcs.o
  CC [M]  fs/btrfs/xattr.o
  CC [M]  fs/btrfs/ordered-data.o
  CC [M]  fs/btrfs/extent_io.o
  CC [M]  fs/btrfs/volumes.o
  CC [M]  fs/btrfs/async-thread.o
  CC [M]  fs/btrfs/ioctl.o
  CC [M]  fs/btrfs/locking.o
  CC [M]  fs/btrfs/orphan.o
  CC [M]  fs/btrfs/export.o
  CC [M]  fs/btrfs/tree-log.o
  CC [M]  fs/btrfs/free-space-cache.o
  CC [M]  fs/btrfs/zlib.o
  CC [M]  fs/btrfs/lzo.o
  CC [M]  fs/btrfs/compression.o
  CC [M]  fs/btrfs/delayed-ref.o
  CC [M]  fs/btrfs/relocation.o
  CC [M]  fs/btrfs/delayed-inode.o
  CC [M]  fs/btrfs/scrub.o
  CC [M]  fs/btrfs/reada.o
  CC [M]  fs/btrfs/backref.o
  CC [M]  fs/btrfs/ulist.o
  CC [M]  fs/btrfs/qgroup.o
  CC [M]  fs/btrfs/send.o
  CC [M]  fs/btrfs/dev-replace.o
  CC [M]  fs/btrfs/raid56.o
  CC [M]  fs/btrfs/uuid-tree.o
  CC [M]  fs/btrfs/props.o
  CC [M]  fs/btrfs/hash.o
  CC [M]  fs/btrfs/free-space-tree.o
  CC [M]  fs/btrfs/acl.o
  LD [M]  fs/btrfs/btrfs.o
  CC      fs/cachefiles/bind.o
  CC      fs/cachefiles/daemon.o
  CC      fs/cachefiles/interface.o
  CC      fs/cachefiles/key.o
  CC      fs/cachefiles/main.o
  CC      fs/cachefiles/namei.o
  CC      fs/cachefiles/rdwr.o
  CC      fs/cachefiles/security.o
  CC      fs/cachefiles/xattr.o
  LD      fs/cachefiles/cachefiles.o
  LD      fs/cachefiles/built-in.o
  LD      fs/cifs/built-in.o
  CC [M]  fs/cifs/cifsfs.o
In file included from fs/cifs/cifsfs.c:26:
./include/linux/module.h:132:6: warning: ‘init_module’ specifies less restrictive attribute than its target ‘init_cifs’: ‘cold’ [-Wmissing-attributes]
  132 |  int init_module(void) __attribute__((alias(#initfn)));
      |      ^~~~~~~~~~~
fs/cifs/cifsfs.c:1380:1: note: in expansion of macro ‘module_init’
 1380 | module_init(init_cifs)
      | ^~~~~~~~~~~
fs/cifs/cifsfs.c:1238:1: note: ‘init_module’ target declared here
 1238 | init_cifs(void)
      | ^~~~~~~~~
In file included from fs/cifs/cifsfs.c:26:
./include/linux/module.h:138:7: warning: ‘cleanup_module’ specifies less restrictive attribute than its target ‘exit_cifs’: ‘cold’ [-Wmissing-attributes]
  138 |  void cleanup_module(void) __attribute__((alias(#exitfn)));
      |       ^~~~~~~~~~~~~~
fs/cifs/cifsfs.c:1381:1: note: in expansion of macro ‘module_exit’
 1381 | module_exit(exit_cifs)
      | ^~~~~~~~~~~
fs/cifs/cifsfs.c:1354:1: note: ‘cleanup_module’ target declared here
 1354 | exit_cifs(void)
      | ^~~~~~~~~
  CC [M]  fs/cifs/cifssmb.o
fs/cifs/cifssmb.c: In function ‘CIFSSMBSetEA’:
fs/cifs/cifssmb.c:6432:3: warning: ‘strncpy’ offset [8, 65543] is out of the bounds [0, 4] [-Warray-bounds]
 6432 |   strncpy(parm_data->list[0].name, ea_name, name_len);
      |   ^~~~~~~~~~~~~~~~~~~~~~~~~~~~~~~~~~~~~~~~~~~~~~~~~~~
  CC [M]  fs/cifs/cifs_debug.o
  CC [M]  fs/cifs/connect.o
  CC [M]  fs/cifs/dir.o
  CC [M]  fs/cifs/file.o
  CC [M]  fs/cifs/inode.o
  CC [M]  fs/cifs/link.o
  CC [M]  fs/cifs/misc.o
  CC [M]  fs/cifs/netmisc.o
  CC [M]  fs/cifs/smbencrypt.o
  CC [M]  fs/cifs/transport.o
  CC [M]  fs/cifs/asn1.o
  CC [M]  fs/cifs/cifs_unicode.o
  CC [M]  fs/cifs/nterr.o
  CC [M]  fs/cifs/cifsencrypt.o
fs/cifs/cifsencrypt.c: In function ‘calc_lanman_hash’:
fs/cifs/cifsencrypt.c:325:3: warning: ‘strncpy’ specified bound 16 equals destination size [-Wstringop-truncation]
  325 |   strncpy(password_with_pad, password, CIFS_ENCPWD_SIZE);
      |   ^~~~~~~~~~~~~~~~~~~~~~~~~~~~~~~~~~~~~~~~~~~~~~~~~~~~~~
  CC [M]  fs/cifs/readdir.o
  CC [M]  fs/cifs/ioctl.o
  CC [M]  fs/cifs/sess.o
  CC [M]  fs/cifs/export.o
  CC [M]  fs/cifs/smb1ops.o
  CC [M]  fs/cifs/winucase.o
  CC [M]  fs/cifs/xattr.o
  CC [M]  fs/cifs/cifsacl.o
  CC [M]  fs/cifs/cifs_spnego.o
  CC [M]  fs/cifs/dns_resolve.o
  CC [M]  fs/cifs/cifs_dfs_ref.o
  CC [M]  fs/cifs/fscache.o
  CC [M]  fs/cifs/cache.o
  CC [M]  fs/cifs/smb2ops.o
  CC [M]  fs/cifs/smb2maperror.o
  CC [M]  fs/cifs/smb2transport.o
  CC [M]  fs/cifs/smb2misc.o
  CC [M]  fs/cifs/smb2pdu.o
fs/cifs/smb2pdu.c: In function ‘add_lease_context’:
fs/cifs/smb2pdu.c:1328:15: warning: taking address of packed member of ‘struct smb2_create_req’ may result in an unaligned pointer value [-Waddress-of-packed-member]
 1328 |  le32_add_cpu(&req->CreateContextsLength,
      |               ^~~~~~~~~~~~~~~~~~~~~~~~~~
fs/cifs/smb2pdu.c: In function ‘add_durable_v2_context’:
fs/cifs/smb2pdu.c:1412:15: warning: taking address of packed member of ‘struct smb2_create_req’ may result in an unaligned pointer value [-Waddress-of-packed-member]
 1412 |  le32_add_cpu(&req->CreateContextsLength, sizeof(struct create_durable_v2));
      |               ^~~~~~~~~~~~~~~~~~~~~~~~~~
fs/cifs/smb2pdu.c: In function ‘add_durable_reconnect_v2_context’:
fs/cifs/smb2pdu.c:1436:15: warning: taking address of packed member of ‘struct smb2_create_req’ may result in an unaligned pointer value [-Waddress-of-packed-member]
 1436 |  le32_add_cpu(&req->CreateContextsLength,
      |               ^~~~~~~~~~~~~~~~~~~~~~~~~~
fs/cifs/smb2pdu.c: In function ‘add_durable_context’:
fs/cifs/smb2pdu.c:1472:15: warning: taking address of packed member of ‘struct smb2_create_req’ may result in an unaligned pointer value [-Waddress-of-packed-member]
 1472 |  le32_add_cpu(&req->CreateContextsLength, sizeof(struct create_durable));
      |               ^~~~~~~~~~~~~~~~~~~~~~~~~~
fs/cifs/smb2pdu.c: In function ‘send_set_info’:
fs/cifs/smb2pdu.c:2778:16: warning: taking address of packed member of ‘struct smb2_set_info_req’ may result in an unaligned pointer value [-Waddress-of-packed-member]
 2778 |   le32_add_cpu(&req->BufferLength, size[i]);
      |                ^~~~~~~~~~~~~~~~~~
  CC [M]  fs/cifs/smb2inode.o
  CC [M]  fs/cifs/smb2file.o
fs/cifs/smb2file.c: In function ‘smb2_open_file’:
fs/cifs/smb2file.c:93:11: warning: taking address of packed member of ‘struct smb2_file_all_info’ may result in an unaligned pointer value [-Waddress-of-packed-member]
   93 |           &smb2_data->IndexNumber);
      |           ^~~~~~~~~~~~~~~~~~~~~~~
  LD [M]  fs/cifs/cifs.o
  CC      fs/configfs/inode.o
  CC      fs/configfs/file.o
  CC      fs/configfs/dir.o
  CC      fs/configfs/symlink.o
In function ‘fill_item_path’,
    inlined from ‘configfs_get_target_path’ at fs/configfs/symlink.c:250:2,
    inlined from ‘configfs_getlink’ at fs/configfs/symlink.c:272:10,
    inlined from ‘configfs_get_link’ at fs/configfs/symlink.c:295:10,
    inlined from ‘configfs_get_link’ at fs/configfs/symlink.c:281:20:
fs/configfs/symlink.c:67:3: warning: ‘strncpy’ output truncated before terminating nul copying as many bytes from a string as its length [-Wstringop-truncation]
   67 |   strncpy(buffer + length,config_item_name(p),cur);
      |   ^~~~~~~~~~~~~~~~~~~~~~~~~~~~~~~~~~~~~~~~~~~~~~~~
fs/configfs/symlink.c: In function ‘configfs_get_link’:
fs/configfs/symlink.c:63:13: note: length computed here
   63 |   int cur = strlen(config_item_name(p));
      |             ^~~~~~~~~~~~~~~~~~~~~~~~~~~
  CC      fs/configfs/mount.o
  CC      fs/configfs/item.o
  LD      fs/configfs/configfs.o
  LD      fs/configfs/built-in.o
  CC      fs/debugfs/inode.o
  CC      fs/debugfs/file.o
  LD      fs/debugfs/debugfs.o
  LD      fs/debugfs/built-in.o
  CC      fs/devpts/inode.o
  LD      fs/devpts/devpts.o
  LD      fs/devpts/built-in.o
  LD      fs/dlm/built-in.o
  CC [M]  fs/dlm/ast.o
  CC [M]  fs/dlm/config.o
  CC [M]  fs/dlm/dir.o
  CC [M]  fs/dlm/lock.o
  CC [M]  fs/dlm/lockspace.o
  CC [M]  fs/dlm/main.o
In file included from fs/dlm/dlm_internal.h:21,
                 from fs/dlm/main.c:14:
./include/linux/module.h:132:6: warning: ‘init_module’ specifies less restrictive attribute than its target ‘init_dlm’: ‘cold’ [-Wmissing-attributes]
  132 |  int init_module(void) __attribute__((alias(#initfn)));
      |      ^~~~~~~~~~~
fs/dlm/main.c:86:1: note: in expansion of macro ‘module_init’
   86 | module_init(init_dlm);
      | ^~~~~~~~~~~
fs/dlm/main.c:22:19: note: ‘init_module’ target declared here
   22 | static int __init init_dlm(void)
      |                   ^~~~~~~~
In file included from fs/dlm/dlm_internal.h:21,
                 from fs/dlm/main.c:14:
./include/linux/module.h:138:7: warning: ‘cleanup_module’ specifies less restrictive attribute than its target ‘exit_dlm’: ‘cold’ [-Wmissing-attributes]
  138 |  void cleanup_module(void) __attribute__((alias(#exitfn)));
      |       ^~~~~~~~~~~~~~
fs/dlm/main.c:87:1: note: in expansion of macro ‘module_exit’
   87 | module_exit(exit_dlm);
      | ^~~~~~~~~~~
fs/dlm/main.c:74:20: note: ‘cleanup_module’ target declared here
   74 | static void __exit exit_dlm(void)
      |                    ^~~~~~~~
  CC [M]  fs/dlm/member.o
  CC [M]  fs/dlm/memory.o
  CC [M]  fs/dlm/midcomms.o
  CC [M]  fs/dlm/netlink.o
  CC [M]  fs/dlm/lowcomms.o
  CC [M]  fs/dlm/plock.o
  CC [M]  fs/dlm/rcom.o
  CC [M]  fs/dlm/recover.o
  CC [M]  fs/dlm/recoverd.o
  CC [M]  fs/dlm/requestqueue.o
  CC [M]  fs/dlm/user.o
  CC [M]  fs/dlm/util.o
  LD [M]  fs/dlm/dlm.o
  LD      fs/ecryptfs/built-in.o
  CC [M]  fs/ecryptfs/dentry.o
  CC [M]  fs/ecryptfs/file.o
  CC [M]  fs/ecryptfs/inode.o
  CC [M]  fs/ecryptfs/main.o
In file included from fs/ecryptfs/main.c:29:
./include/linux/module.h:132:6: warning: ‘init_module’ specifies less restrictive attribute than its target ‘ecryptfs_init’: ‘cold’ [-Wmissing-attributes]
  132 |  int init_module(void) __attribute__((alias(#initfn)));
      |      ^~~~~~~~~~~
fs/ecryptfs/main.c:906:1: note: in expansion of macro ‘module_init’
  906 | module_init(ecryptfs_init)
      | ^~~~~~~~~~~
fs/ecryptfs/main.c:817:19: note: ‘init_module’ target declared here
  817 | static int __init ecryptfs_init(void)
      |                   ^~~~~~~~~~~~~
In file included from fs/ecryptfs/main.c:29:
./include/linux/module.h:138:7: warning: ‘cleanup_module’ specifies less restrictive attribute than its target ‘ecryptfs_exit’: ‘cold’ [-Wmissing-attributes]
  138 |  void cleanup_module(void) __attribute__((alias(#exitfn)));
      |       ^~~~~~~~~~~~~~
fs/ecryptfs/main.c:907:1: note: in expansion of macro ‘module_exit’
  907 | module_exit(ecryptfs_exit)
      | ^~~~~~~~~~~
fs/ecryptfs/main.c:886:20: note: ‘cleanup_module’ target declared here
  886 | static void __exit ecryptfs_exit(void)
      |                    ^~~~~~~~~~~~~
  CC [M]  fs/ecryptfs/super.o
  CC [M]  fs/ecryptfs/mmap.o
  CC [M]  fs/ecryptfs/read_write.o
  CC [M]  fs/ecryptfs/crypto.o
  CC [M]  fs/ecryptfs/keystore.o
fs/ecryptfs/keystore.c: In function ‘decrypt_pki_encrypted_session_key’:
fs/ecryptfs/keystore.c:1173:41: warning: taking address of packed member of ‘struct ecryptfs_auth_tok’ may result in an unaligned pointer value [-Waddress-of-packed-member]
 1173 |  rc = write_tag_64_packet(auth_tok_sig, &(auth_tok->session_key),
      |                                         ^~~~~~~~~~~~~~~~~~~~~~~~
fs/ecryptfs/keystore.c:1192:27: warning: taking address of packed member of ‘struct ecryptfs_auth_tok’ may result in an unaligned pointer value [-Waddress-of-packed-member]
 1192 |  rc = parse_tag_65_packet(&(auth_tok->session_key),
      |                           ^~~~~~~~~~~~~~~~~~~~~~~~
  CC [M]  fs/ecryptfs/kthread.o
  CC [M]  fs/ecryptfs/debug.o
  LD [M]  fs/ecryptfs/ecryptfs.o
  LD      fs/exofs/built-in.o
  CC      fs/exportfs/expfs.o
  LD      fs/exportfs/exportfs.o
  LD      fs/exportfs/built-in.o
  CC      fs/ext4/balloc.o
  CC      fs/ext4/bitmap.o
  CC      fs/ext4/dir.o
  CC      fs/ext4/file.o
  CC      fs/ext4/fsync.o
  CC      fs/ext4/ialloc.o
  CC      fs/ext4/inode.o
  CC      fs/ext4/page-io.o
  CC      fs/ext4/ioctl.o
  CC      fs/ext4/namei.o
  CC      fs/ext4/super.o
fs/ext4/super.c: In function ‘__save_error_info’:
fs/ext4/super.c:324:2: warning: ‘strncpy’ specified bound 32 equals destination size [-Wstringop-truncation]
  324 |  strncpy(es->s_last_error_func, func, sizeof(es->s_last_error_func));
      |  ^~~~~~~~~~~~~~~~~~~~~~~~~~~~~~~~~~~~~~~~~~~~~~~~~~~~~~~~~~~~~~~~~~~
fs/ext4/super.c:328:3: warning: ‘strncpy’ specified bound 32 equals destination size [-Wstringop-truncation]
  328 |   strncpy(es->s_first_error_func, func,
      |   ^~~~~~~~~~~~~~~~~~~~~~~~~~~~~~~~~~~~~
  329 |    sizeof(es->s_first_error_func));
      |    ~~~~~~~~~~~~~~~~~~~~~~~~~~~~~~~
  CC      fs/ext4/symlink.o
  CC      fs/ext4/hash.o
  CC      fs/ext4/resize.o
  CC      fs/ext4/extents.o
  CC      fs/ext4/ext4_jbd2.o
  CC      fs/ext4/migrate.o
  CC      fs/ext4/mballoc.o
  CC      fs/ext4/block_validity.o
  CC      fs/ext4/move_extent.o
  CC      fs/ext4/mmp.o
  CC      fs/ext4/indirect.o
  CC      fs/ext4/extents_status.o
  CC      fs/ext4/xattr.o
  CC      fs/ext4/xattr_user.o
  CC      fs/ext4/xattr_trusted.o
  CC      fs/ext4/inline.o
  CC      fs/ext4/readpage.o
  CC      fs/ext4/sysfs.o
  CC      fs/ext4/acl.o
  CC      fs/ext4/xattr_security.o
  LD      fs/ext4/ext4.o
  LD      fs/ext4/built-in.o
  CC      fs/f2fs/dir.o
In file included from fs/f2fs/dir.c:13:
fs/f2fs/f2fs.h: In function ‘blkaddr_in_node’:
fs/f2fs/f2fs.h:1526:30: warning: taking address of packed member of ‘struct f2fs_inode’ may result in an unaligned pointer value [-Waddress-of-packed-member]
 1526 |  return RAW_IS_INODE(node) ? node->i.i_addr : node->dn.addr;
      |                              ^~~~
fs/f2fs/f2fs.h:1526:47: warning: taking address of packed member of ‘struct direct_node’ may result in an unaligned pointer value [-Waddress-of-packed-member]
 1526 |  return RAW_IS_INODE(node) ? node->i.i_addr : node->dn.addr;
      |                                               ^~~~
  CC      fs/f2fs/file.o
In file included from fs/f2fs/file.c:26:
fs/f2fs/f2fs.h: In function ‘blkaddr_in_node’:
fs/f2fs/f2fs.h:1526:30: warning: taking address of packed member of ‘struct f2fs_inode’ may result in an unaligned pointer value [-Waddress-of-packed-member]
 1526 |  return RAW_IS_INODE(node) ? node->i.i_addr : node->dn.addr;
      |                              ^~~~
fs/f2fs/f2fs.h:1526:47: warning: taking address of packed member of ‘struct direct_node’ may result in an unaligned pointer value [-Waddress-of-packed-member]
 1526 |  return RAW_IS_INODE(node) ? node->i.i_addr : node->dn.addr;
      |                                               ^~~~
  CC      fs/f2fs/inode.o
In file included from fs/f2fs/inode.c:17:
fs/f2fs/f2fs.h: In function ‘blkaddr_in_node’:
fs/f2fs/f2fs.h:1526:30: warning: taking address of packed member of ‘struct f2fs_inode’ may result in an unaligned pointer value [-Waddress-of-packed-member]
 1526 |  return RAW_IS_INODE(node) ? node->i.i_addr : node->dn.addr;
      |                              ^~~~
fs/f2fs/f2fs.h:1526:47: warning: taking address of packed member of ‘struct direct_node’ may result in an unaligned pointer value [-Waddress-of-packed-member]
 1526 |  return RAW_IS_INODE(node) ? node->i.i_addr : node->dn.addr;
      |                                               ^~~~
  CC      fs/f2fs/namei.o
In file included from fs/f2fs/namei.c:19:
fs/f2fs/f2fs.h: In function ‘blkaddr_in_node’:
fs/f2fs/f2fs.h:1526:30: warning: taking address of packed member of ‘struct f2fs_inode’ may result in an unaligned pointer value [-Waddress-of-packed-member]
 1526 |  return RAW_IS_INODE(node) ? node->i.i_addr : node->dn.addr;
      |                              ^~~~
fs/f2fs/f2fs.h:1526:47: warning: taking address of packed member of ‘struct direct_node’ may result in an unaligned pointer value [-Waddress-of-packed-member]
 1526 |  return RAW_IS_INODE(node) ? node->i.i_addr : node->dn.addr;
      |                                               ^~~~
  CC      fs/f2fs/hash.o
In file included from fs/f2fs/hash.c:21:
fs/f2fs/f2fs.h: In function ‘blkaddr_in_node’:
fs/f2fs/f2fs.h:1526:30: warning: taking address of packed member of ‘struct f2fs_inode’ may result in an unaligned pointer value [-Waddress-of-packed-member]
 1526 |  return RAW_IS_INODE(node) ? node->i.i_addr : node->dn.addr;
      |                              ^~~~
fs/f2fs/f2fs.h:1526:47: warning: taking address of packed member of ‘struct direct_node’ may result in an unaligned pointer value [-Waddress-of-packed-member]
 1526 |  return RAW_IS_INODE(node) ? node->i.i_addr : node->dn.addr;
      |                                               ^~~~
  CC      fs/f2fs/super.o
In file included from fs/f2fs/super.c:28:
fs/f2fs/f2fs.h: In function ‘blkaddr_in_node’:
fs/f2fs/f2fs.h:1526:30: warning: taking address of packed member of ‘struct f2fs_inode’ may result in an unaligned pointer value [-Waddress-of-packed-member]
 1526 |  return RAW_IS_INODE(node) ? node->i.i_addr : node->dn.addr;
      |                              ^~~~
fs/f2fs/f2fs.h:1526:47: warning: taking address of packed member of ‘struct direct_node’ may result in an unaligned pointer value [-Waddress-of-packed-member]
 1526 |  return RAW_IS_INODE(node) ? node->i.i_addr : node->dn.addr;
      |                                               ^~~~
  CC      fs/f2fs/inline.o
In file included from fs/f2fs/inline.c:14:
fs/f2fs/f2fs.h: In function ‘blkaddr_in_node’:
fs/f2fs/f2fs.h:1526:30: warning: taking address of packed member of ‘struct f2fs_inode’ may result in an unaligned pointer value [-Waddress-of-packed-member]
 1526 |  return RAW_IS_INODE(node) ? node->i.i_addr : node->dn.addr;
      |                              ^~~~
fs/f2fs/f2fs.h:1526:47: warning: taking address of packed member of ‘struct direct_node’ may result in an unaligned pointer value [-Waddress-of-packed-member]
 1526 |  return RAW_IS_INODE(node) ? node->i.i_addr : node->dn.addr;
      |                                               ^~~~
  CC      fs/f2fs/checkpoint.o
In file included from fs/f2fs/checkpoint.c:20:
fs/f2fs/f2fs.h: In function ‘blkaddr_in_node’:
fs/f2fs/f2fs.h:1526:30: warning: taking address of packed member of ‘struct f2fs_inode’ may result in an unaligned pointer value [-Waddress-of-packed-member]
 1526 |  return RAW_IS_INODE(node) ? node->i.i_addr : node->dn.addr;
      |                              ^~~~
fs/f2fs/f2fs.h:1526:47: warning: taking address of packed member of ‘struct direct_node’ may result in an unaligned pointer value [-Waddress-of-packed-member]
 1526 |  return RAW_IS_INODE(node) ? node->i.i_addr : node->dn.addr;
      |                                               ^~~~
  CC      fs/f2fs/gc.o
In file included from fs/f2fs/gc.c:20:
fs/f2fs/f2fs.h: In function ‘blkaddr_in_node’:
fs/f2fs/f2fs.h:1526:30: warning: taking address of packed member of ‘struct f2fs_inode’ may result in an unaligned pointer value [-Waddress-of-packed-member]
 1526 |  return RAW_IS_INODE(node) ? node->i.i_addr : node->dn.addr;
      |                              ^~~~
fs/f2fs/f2fs.h:1526:47: warning: taking address of packed member of ‘struct direct_node’ may result in an unaligned pointer value [-Waddress-of-packed-member]
 1526 |  return RAW_IS_INODE(node) ? node->i.i_addr : node->dn.addr;
      |                                               ^~~~
  CC      fs/f2fs/data.o
In file included from fs/f2fs/data.c:26:
fs/f2fs/f2fs.h: In function ‘blkaddr_in_node’:
fs/f2fs/f2fs.h:1526:30: warning: taking address of packed member of ‘struct f2fs_inode’ may result in an unaligned pointer value [-Waddress-of-packed-member]
 1526 |  return RAW_IS_INODE(node) ? node->i.i_addr : node->dn.addr;
      |                              ^~~~
fs/f2fs/f2fs.h:1526:47: warning: taking address of packed member of ‘struct direct_node’ may result in an unaligned pointer value [-Waddress-of-packed-member]
 1526 |  return RAW_IS_INODE(node) ? node->i.i_addr : node->dn.addr;
      |                                               ^~~~
  CC      fs/f2fs/node.o
In file included from fs/f2fs/node.c:19:
fs/f2fs/f2fs.h: In function ‘blkaddr_in_node’:
fs/f2fs/f2fs.h:1526:30: warning: taking address of packed member of ‘struct f2fs_inode’ may result in an unaligned pointer value [-Waddress-of-packed-member]
 1526 |  return RAW_IS_INODE(node) ? node->i.i_addr : node->dn.addr;
      |                              ^~~~
fs/f2fs/f2fs.h:1526:47: warning: taking address of packed member of ‘struct direct_node’ may result in an unaligned pointer value [-Waddress-of-packed-member]
 1526 |  return RAW_IS_INODE(node) ? node->i.i_addr : node->dn.addr;
      |                                               ^~~~
  CC      fs/f2fs/segment.o
In file included from fs/f2fs/segment.c:20:
fs/f2fs/f2fs.h: In function ‘blkaddr_in_node’:
fs/f2fs/f2fs.h:1526:30: warning: taking address of packed member of ‘struct f2fs_inode’ may result in an unaligned pointer value [-Waddress-of-packed-member]
 1526 |  return RAW_IS_INODE(node) ? node->i.i_addr : node->dn.addr;
      |                              ^~~~
fs/f2fs/f2fs.h:1526:47: warning: taking address of packed member of ‘struct direct_node’ may result in an unaligned pointer value [-Waddress-of-packed-member]
 1526 |  return RAW_IS_INODE(node) ? node->i.i_addr : node->dn.addr;
      |                                               ^~~~
  CC      fs/f2fs/recovery.o
In file included from fs/f2fs/recovery.c:13:
fs/f2fs/f2fs.h: In function ‘blkaddr_in_node’:
fs/f2fs/f2fs.h:1526:30: warning: taking address of packed member of ‘struct f2fs_inode’ may result in an unaligned pointer value [-Waddress-of-packed-member]
 1526 |  return RAW_IS_INODE(node) ? node->i.i_addr : node->dn.addr;
      |                              ^~~~
fs/f2fs/f2fs.h:1526:47: warning: taking address of packed member of ‘struct direct_node’ may result in an unaligned pointer value [-Waddress-of-packed-member]
 1526 |  return RAW_IS_INODE(node) ? node->i.i_addr : node->dn.addr;
      |                                               ^~~~
  CC      fs/f2fs/shrinker.o
In file included from fs/f2fs/shrinker.c:15:
fs/f2fs/f2fs.h: In function ‘blkaddr_in_node’:
fs/f2fs/f2fs.h:1526:30: warning: taking address of packed member of ‘struct f2fs_inode’ may result in an unaligned pointer value [-Waddress-of-packed-member]
 1526 |  return RAW_IS_INODE(node) ? node->i.i_addr : node->dn.addr;
      |                              ^~~~
fs/f2fs/f2fs.h:1526:47: warning: taking address of packed member of ‘struct direct_node’ may result in an unaligned pointer value [-Waddress-of-packed-member]
 1526 |  return RAW_IS_INODE(node) ? node->i.i_addr : node->dn.addr;
      |                                               ^~~~
  CC      fs/f2fs/extent_cache.o
In file included from fs/f2fs/extent_cache.c:17:
fs/f2fs/f2fs.h: In function ‘blkaddr_in_node’:
fs/f2fs/f2fs.h:1526:30: warning: taking address of packed member of ‘struct f2fs_inode’ may result in an unaligned pointer value [-Waddress-of-packed-member]
 1526 |  return RAW_IS_INODE(node) ? node->i.i_addr : node->dn.addr;
      |                              ^~~~
fs/f2fs/f2fs.h:1526:47: warning: taking address of packed member of ‘struct direct_node’ may result in an unaligned pointer value [-Waddress-of-packed-member]
 1526 |  return RAW_IS_INODE(node) ? node->i.i_addr : node->dn.addr;
      |                                               ^~~~
  CC      fs/f2fs/debug.o
In file included from fs/f2fs/debug.c:21:
fs/f2fs/f2fs.h: In function ‘blkaddr_in_node’:
fs/f2fs/f2fs.h:1526:30: warning: taking address of packed member of ‘struct f2fs_inode’ may result in an unaligned pointer value [-Waddress-of-packed-member]
 1526 |  return RAW_IS_INODE(node) ? node->i.i_addr : node->dn.addr;
      |                              ^~~~
fs/f2fs/f2fs.h:1526:47: warning: taking address of packed member of ‘struct direct_node’ may result in an unaligned pointer value [-Waddress-of-packed-member]
 1526 |  return RAW_IS_INODE(node) ? node->i.i_addr : node->dn.addr;
      |                                               ^~~~
  CC      fs/f2fs/xattr.o
In file included from fs/f2fs/xattr.c:25:
fs/f2fs/f2fs.h: In function ‘blkaddr_in_node’:
fs/f2fs/f2fs.h:1526:30: warning: taking address of packed member of ‘struct f2fs_inode’ may result in an unaligned pointer value [-Waddress-of-packed-member]
 1526 |  return RAW_IS_INODE(node) ? node->i.i_addr : node->dn.addr;
      |                              ^~~~
fs/f2fs/f2fs.h:1526:47: warning: taking address of packed member of ‘struct direct_node’ may result in an unaligned pointer value [-Waddress-of-packed-member]
 1526 |  return RAW_IS_INODE(node) ? node->i.i_addr : node->dn.addr;
      |                                               ^~~~
  CC      fs/f2fs/acl.o
In file included from fs/f2fs/acl.c:16:
fs/f2fs/f2fs.h: In function ‘blkaddr_in_node’:
fs/f2fs/f2fs.h:1526:30: warning: taking address of packed member of ‘struct f2fs_inode’ may result in an unaligned pointer value [-Waddress-of-packed-member]
 1526 |  return RAW_IS_INODE(node) ? node->i.i_addr : node->dn.addr;
      |                              ^~~~
fs/f2fs/f2fs.h:1526:47: warning: taking address of packed member of ‘struct direct_node’ may result in an unaligned pointer value [-Waddress-of-packed-member]
 1526 |  return RAW_IS_INODE(node) ? node->i.i_addr : node->dn.addr;
      |                                               ^~~~
  LD      fs/f2fs/f2fs.o
  LD      fs/f2fs/built-in.o
  CC      fs/fat/cache.o
  CC      fs/fat/dir.o
  CC      fs/fat/fatent.o
  CC      fs/fat/file.o
  CC      fs/fat/inode.o
  CC      fs/fat/misc.o
  CC      fs/fat/nfs.o
  LD      fs/fat/fat.o
  CC      fs/fat/namei_vfat.o
  LD      fs/fat/vfat.o
  CC      fs/fat/namei_msdos.o
  LD      fs/fat/msdos.o
  LD      fs/fat/built-in.o
  CC      fs/fscache/cache.o
  CC      fs/fscache/cookie.o
  CC      fs/fscache/fsdef.o
  CC      fs/fscache/main.o
  CC      fs/fscache/netfs.o
  CC      fs/fscache/object.o
  CC      fs/fscache/operation.o
  CC      fs/fscache/page.o
  CC      fs/fscache/proc.o
  CC      fs/fscache/stats.o
  CC      fs/fscache/histogram.o
  LD      fs/fscache/fscache.o
  LD      fs/fscache/built-in.o
  LD      fs/fuse/built-in.o
  CC [M]  fs/fuse/dev.o
  CC [M]  fs/fuse/dir.o
  CC [M]  fs/fuse/file.o
  CC [M]  fs/fuse/inode.o
In file included from fs/fuse/inode.c:16:
./include/linux/module.h:132:6: warning: ‘init_module’ specifies less restrictive attribute than its target ‘fuse_init’: ‘cold’ [-Wmissing-attributes]
  132 |  int init_module(void) __attribute__((alias(#initfn)));
      |      ^~~~~~~~~~~
fs/fuse/inode.c:1401:1: note: in expansion of macro ‘module_init’
 1401 | module_init(fuse_init);
      | ^~~~~~~~~~~
fs/fuse/inode.c:1352:19: note: ‘init_module’ target declared here
 1352 | static int __init fuse_init(void)
      |                   ^~~~~~~~~
In file included from fs/fuse/inode.c:16:
./include/linux/module.h:138:7: warning: ‘cleanup_module’ specifies less restrictive attribute than its target ‘fuse_exit’: ‘cold’ [-Wmissing-attributes]
  138 |  void cleanup_module(void) __attribute__((alias(#exitfn)));
      |       ^~~~~~~~~~~~~~
fs/fuse/inode.c:1402:1: note: in expansion of macro ‘module_exit’
 1402 | module_exit(fuse_exit);
      | ^~~~~~~~~~~
fs/fuse/inode.c:1391:20: note: ‘cleanup_module’ target declared here
 1391 | static void __exit fuse_exit(void)
      |                    ^~~~~~~~~
  CC [M]  fs/fuse/control.o
  CC [M]  fs/fuse/xattr.o
  CC [M]  fs/fuse/acl.o
  LD [M]  fs/fuse/fuse.o
  CC [M]  fs/fuse/cuse.o
In file included from fs/fuse/cuse.c:49:
./include/linux/module.h:132:6: warning: ‘init_module’ specifies less restrictive attribute than its target ‘cuse_init’: ‘cold’ [-Wmissing-attributes]
  132 |  int init_module(void) __attribute__((alias(#initfn)));
      |      ^~~~~~~~~~~
fs/fuse/cuse.c:640:1: note: in expansion of macro ‘module_init’
  640 | module_init(cuse_init);
      | ^~~~~~~~~~~
fs/fuse/cuse.c:605:19: note: ‘init_module’ target declared here
  605 | static int __init cuse_init(void)
      |                   ^~~~~~~~~
In file included from fs/fuse/cuse.c:49:
./include/linux/module.h:138:7: warning: ‘cleanup_module’ specifies less restrictive attribute than its target ‘cuse_exit’: ‘cold’ [-Wmissing-attributes]
  138 |  void cleanup_module(void) __attribute__((alias(#exitfn)));
      |       ^~~~~~~~~~~~~~
fs/fuse/cuse.c:641:1: note: in expansion of macro ‘module_exit’
  641 | module_exit(cuse_exit);
      | ^~~~~~~~~~~
fs/fuse/cuse.c:634:20: note: ‘cleanup_module’ target declared here
  634 | static void __exit cuse_exit(void)
      |                    ^~~~~~~~~
  LD      fs/gfs2/built-in.o
  CC [M]  fs/gfs2/acl.o
  CC [M]  fs/gfs2/bmap.o
  CC [M]  fs/gfs2/dir.o
  CC [M]  fs/gfs2/xattr.o
  CC [M]  fs/gfs2/glock.o
  CC [M]  fs/gfs2/glops.o
  CC [M]  fs/gfs2/log.o
  CC [M]  fs/gfs2/lops.o
  CC [M]  fs/gfs2/main.o
In file included from fs/gfs2/main.c:16:
./include/linux/module.h:132:6: warning: ‘init_module’ specifies less restrictive attribute than its target ‘init_gfs2_fs’: ‘cold’ [-Wmissing-attributes]
  132 |  int init_module(void) __attribute__((alias(#initfn)));
      |      ^~~~~~~~~~~
fs/gfs2/main.c:262:1: note: in expansion of macro ‘module_init’
  262 | module_init(init_gfs2_fs);
      | ^~~~~~~~~~~
fs/gfs2/main.c:79:19: note: ‘init_module’ target declared here
   79 | static int __init init_gfs2_fs(void)
      |                   ^~~~~~~~~~~~
In file included from fs/gfs2/main.c:16:
./include/linux/module.h:138:7: warning: ‘cleanup_module’ specifies less restrictive attribute than its target ‘exit_gfs2_fs’: ‘cold’ [-Wmissing-attributes]
  138 |  void cleanup_module(void) __attribute__((alias(#exitfn)));
      |       ^~~~~~~~~~~~~~
fs/gfs2/main.c:263:1: note: in expansion of macro ‘module_exit’
  263 | module_exit(exit_gfs2_fs);
      | ^~~~~~~~~~~
fs/gfs2/main.c:232:20: note: ‘cleanup_module’ target declared here
  232 | static void __exit exit_gfs2_fs(void)
      |                    ^~~~~~~~~~~~
  CC [M]  fs/gfs2/meta_io.o
  CC [M]  fs/gfs2/aops.o
  CC [M]  fs/gfs2/dentry.o
  CC [M]  fs/gfs2/export.o
  CC [M]  fs/gfs2/file.o
  CC [M]  fs/gfs2/ops_fstype.o
  CC [M]  fs/gfs2/inode.o
  CC [M]  fs/gfs2/quota.o
  CC [M]  fs/gfs2/recovery.o
  CC [M]  fs/gfs2/rgrp.o
  CC [M]  fs/gfs2/super.o
  CC [M]  fs/gfs2/sys.o
  CC [M]  fs/gfs2/trans.o
  CC [M]  fs/gfs2/util.o
  LD [M]  fs/gfs2/gfs2.o
  LD      fs/hfs/built-in.o
  CC [M]  fs/hfs/bitmap.o
  CC [M]  fs/hfs/bfind.o
  CC [M]  fs/hfs/bnode.o
  CC [M]  fs/hfs/brec.o
  CC [M]  fs/hfs/btree.o
fs/hfs/btree.c: In function ‘hfs_btree_open’:
fs/hfs/btree.c:47:39: warning: taking address of packed member of ‘struct hfs_mdb’ may result in an unaligned pointer value [-Waddress-of-packed-member]
   47 |   hfs_inode_read_fork(tree->inode, mdb->drXTExtRec, mdb->drXTFlSize,
      |                                    ~~~^~~~~~~~~~~~
fs/hfs/btree.c:59:39: warning: taking address of packed member of ‘struct hfs_mdb’ may result in an unaligned pointer value [-Waddress-of-packed-member]
   59 |   hfs_inode_read_fork(tree->inode, mdb->drCTExtRec, mdb->drCTFlSize,
      |                                    ~~~^~~~~~~~~~~~
  CC [M]  fs/hfs/catalog.o
  CC [M]  fs/hfs/dir.o
fs/hfs/dir.c: In function ‘hfs_readdir’:
fs/hfs/dir.c:172:2: warning: ‘memcpy’ forming offset [37, 38] is out of the bounds [0, 36] of object ‘fd’ with type ‘struct hfs_find_data’ [-Warray-bounds]
  172 |  memcpy(&rd->key, &fd.key, sizeof(struct hfs_cat_key));
      |  ^~~~~~~~~~~~~~~~~~~~~~~~~~~~~~~~~~~~~~~~~~~~~~~~~~~~~
fs/hfs/dir.c:61:23: note: ‘fd’ declared here
   61 |  struct hfs_find_data fd;
      |                       ^~
  CC [M]  fs/hfs/extent.o
fs/hfs/extent.c: In function ‘hfs_free_fork’:
fs/hfs/extent.c:293:12: warning: taking address of packed member of ‘struct hfs_cat_file’ may result in an unaligned pointer value [-Waddress-of-packed-member]
  293 |   extent = file->ExtRec;
      |            ^~~~
fs/hfs/extent.c:296:12: warning: taking address of packed member of ‘struct hfs_cat_file’ may result in an unaligned pointer value [-Waddress-of-packed-member]
  296 |   extent = file->RExtRec;
      |            ^~~~
  CC [M]  fs/hfs/inode.o
fs/hfs/inode.c: In function ‘hfs_read_inode’:
fs/hfs/inode.c:339:40: warning: taking address of packed member of ‘struct hfs_cat_file’ may result in an unaligned pointer value [-Waddress-of-packed-member]
  339 |    hfs_inode_read_fork(inode, rec->file.ExtRec, rec->file.LgLen,
      |                               ~~~~~~~~~^~~~~~~
fs/hfs/inode.c:342:40: warning: taking address of packed member of ‘struct hfs_cat_file’ may result in an unaligned pointer value [-Waddress-of-packed-member]
  342 |    hfs_inode_read_fork(inode, rec->file.RExtRec, rec->file.RLgLen,
      |                               ~~~~~~~~~^~~~~~~~
fs/hfs/inode.c: In function ‘hfs_write_inode’:
fs/hfs/inode.c:477:39: warning: taking address of packed member of ‘struct hfs_cat_file’ may result in an unaligned pointer value [-Waddress-of-packed-member]
  477 |   hfs_inode_write_fork(inode, rec.file.RExtRec,
      |                               ~~~~~~~~^~~~~~~~
fs/hfs/inode.c:478:10: warning: taking address of packed member of ‘struct hfs_cat_file’ may result in an unaligned pointer value [-Waddress-of-packed-member]
  478 |          &rec.file.RLgLen, &rec.file.RPyLen);
      |          ^~~~~~~~~~~~~~~~
fs/hfs/inode.c:478:28: warning: taking address of packed member of ‘struct hfs_cat_file’ may result in an unaligned pointer value [-Waddress-of-packed-member]
  478 |          &rec.file.RLgLen, &rec.file.RPyLen);
      |                            ^~~~~~~~~~~~~~~~
fs/hfs/inode.c:494:39: warning: taking address of packed member of ‘struct hfs_cat_file’ may result in an unaligned pointer value [-Waddress-of-packed-member]
  494 |   hfs_inode_write_fork(inode, rec.file.ExtRec, &rec.file.LgLen, &rec.file.PyLen);
      |                               ~~~~~~~~^~~~~~~
fs/hfs/inode.c:494:48: warning: taking address of packed member of ‘struct hfs_cat_file’ may result in an unaligned pointer value [-Waddress-of-packed-member]
  494 |   hfs_inode_write_fork(inode, rec.file.ExtRec, &rec.file.LgLen, &rec.file.PyLen);
      |                                                ^~~~~~~~~~~~~~~
fs/hfs/inode.c:494:65: warning: taking address of packed member of ‘struct hfs_cat_file’ may result in an unaligned pointer value [-Waddress-of-packed-member]
  494 |   hfs_inode_write_fork(inode, rec.file.ExtRec, &rec.file.LgLen, &rec.file.PyLen);
      |                                                                 ^~~~~~~~~~~~~~~
  CC [M]  fs/hfs/attr.o
  CC [M]  fs/hfs/mdb.o
fs/hfs/mdb.c: In function ‘hfs_mdb_get’:
fs/hfs/mdb.c:218:16: warning: taking address of packed member of ‘struct hfs_mdb’ may result in an unaligned pointer value [-Waddress-of-packed-member]
  218 |   be32_add_cpu(&mdb->drWrCnt, 1);
      |                ^~~~~~~~~~~~~
fs/hfs/mdb.c: In function ‘hfs_mdb_commit’:
fs/hfs/mdb.c:285:56: warning: taking address of packed member of ‘struct hfs_mdb’ may result in an unaligned pointer value [-Waddress-of-packed-member]
  285 |   hfs_inode_write_fork(HFS_SB(sb)->ext_tree->inode, mdb->drXTExtRec,
      |                                                     ~~~^~~~~~~~~~~~
fs/hfs/mdb.c:286:10: warning: taking address of packed member of ‘struct hfs_mdb’ may result in an unaligned pointer value [-Waddress-of-packed-member]
  286 |          &mdb->drXTFlSize, NULL);
      |          ^~~~~~~~~~~~~~~~
fs/hfs/mdb.c:287:56: warning: taking address of packed member of ‘struct hfs_mdb’ may result in an unaligned pointer value [-Waddress-of-packed-member]
  287 |   hfs_inode_write_fork(HFS_SB(sb)->cat_tree->inode, mdb->drCTExtRec,
      |                                                     ~~~^~~~~~~~~~~~
fs/hfs/mdb.c:288:10: warning: taking address of packed member of ‘struct hfs_mdb’ may result in an unaligned pointer value [-Waddress-of-packed-member]
  288 |          &mdb->drCTFlSize, NULL);
      |          ^~~~~~~~~~~~~~~~
  CC [M]  fs/hfs/part_tbl.o
fs/hfs/part_tbl.c: In function ‘hfs_part_find’:
fs/hfs/part_tbl.c:77:7: warning: taking address of packed member of ‘struct old_pmap’ may result in an unaligned pointer value [-Waddress-of-packed-member]
   77 |   p = pm->pdEntry;
      |       ^~
  CC [M]  fs/hfs/string.o
  CC [M]  fs/hfs/super.o
In file included from fs/hfs/super.c:15:
./include/linux/module.h:132:6: warning: ‘init_module’ specifies less restrictive attribute than its target ‘init_hfs_fs’: ‘cold’ [-Wmissing-attributes]
  132 |  int init_module(void) __attribute__((alias(#initfn)));
      |      ^~~~~~~~~~~
fs/hfs/super.c:509:1: note: in expansion of macro ‘module_init’
  509 | module_init(init_hfs_fs)
      | ^~~~~~~~~~~
fs/hfs/super.c:482:19: note: ‘init_module’ target declared here
  482 | static int __init init_hfs_fs(void)
      |                   ^~~~~~~~~~~
In file included from fs/hfs/super.c:15:
./include/linux/module.h:138:7: warning: ‘cleanup_module’ specifies less restrictive attribute than its target ‘exit_hfs_fs’: ‘cold’ [-Wmissing-attributes]
  138 |  void cleanup_module(void) __attribute__((alias(#exitfn)));
      |       ^~~~~~~~~~~~~~
fs/hfs/super.c:510:1: note: in expansion of macro ‘module_exit’
  510 | module_exit(exit_hfs_fs)
      | ^~~~~~~~~~~
fs/hfs/super.c:497:20: note: ‘cleanup_module’ target declared here
  497 | static void __exit exit_hfs_fs(void)
      |                    ^~~~~~~~~~~
  CC [M]  fs/hfs/sysdep.o
  CC [M]  fs/hfs/trans.o
  LD [M]  fs/hfs/hfs.o
  LD      fs/hfsplus/built-in.o
  CC [M]  fs/hfsplus/super.o
fs/hfsplus/super.c: In function ‘hfsplus_fill_super’:
fs/hfsplus/super.c:545:16: warning: taking address of packed member of ‘struct hfsplus_vh’ may result in an unaligned pointer value [-Waddress-of-packed-member]
  545 |   be32_add_cpu(&vhdr->write_count, 1);
      |                ^~~~~~~~~~~~~~~~~~
In file included from fs/hfsplus/super.c:10:
fs/hfsplus/super.c: At top level:
./include/linux/module.h:132:6: warning: ‘init_module’ specifies less restrictive attribute than its target ‘init_hfsplus_fs’: ‘cold’ [-Wmissing-attributes]
  132 |  int init_module(void) __attribute__((alias(#initfn)));
      |      ^~~~~~~~~~~
fs/hfsplus/super.c:703:1: note: in expansion of macro ‘module_init’
  703 | module_init(init_hfsplus_fs)
      | ^~~~~~~~~~~
fs/hfsplus/super.c:664:19: note: ‘init_module’ target declared here
  664 | static int __init init_hfsplus_fs(void)
      |                   ^~~~~~~~~~~~~~~
In file included from fs/hfsplus/super.c:10:
./include/linux/module.h:138:7: warning: ‘cleanup_module’ specifies less restrictive attribute than its target ‘exit_hfsplus_fs’: ‘cold’ [-Wmissing-attributes]
  138 |  void cleanup_module(void) __attribute__((alias(#exitfn)));
      |       ^~~~~~~~~~~~~~
fs/hfsplus/super.c:704:1: note: in expansion of macro ‘module_exit’
  704 | module_exit(exit_hfsplus_fs)
      | ^~~~~~~~~~~
fs/hfsplus/super.c:690:20: note: ‘cleanup_module’ target declared here
  690 | static void __exit exit_hfsplus_fs(void)
      |                    ^~~~~~~~~~~~~~~
  CC [M]  fs/hfsplus/options.o
  CC [M]  fs/hfsplus/inode.o
  CC [M]  fs/hfsplus/ioctl.o
  CC [M]  fs/hfsplus/extents.o
  CC [M]  fs/hfsplus/catalog.o
  CC [M]  fs/hfsplus/dir.o
  CC [M]  fs/hfsplus/btree.o
  CC [M]  fs/hfsplus/bnode.o
  CC [M]  fs/hfsplus/brec.o
  CC [M]  fs/hfsplus/bfind.o
  CC [M]  fs/hfsplus/tables.o
  CC [M]  fs/hfsplus/unicode.o
fs/hfsplus/unicode.c: In function ‘hfsplus_strcasecmp’:
fs/hfsplus/unicode.c:39:7: warning: taking address of packed member of ‘struct hfsplus_unistr’ may result in an unaligned pointer value [-Waddress-of-packed-member]
   39 |  p1 = s1->unicode;
      |       ^~
fs/hfsplus/unicode.c:40:7: warning: taking address of packed member of ‘struct hfsplus_unistr’ may result in an unaligned pointer value [-Waddress-of-packed-member]
   40 |  p2 = s2->unicode;
      |       ^~
fs/hfsplus/unicode.c: In function ‘hfsplus_strcmp’:
fs/hfsplus/unicode.c:73:7: warning: taking address of packed member of ‘struct hfsplus_unistr’ may result in an unaligned pointer value [-Waddress-of-packed-member]
   73 |  p1 = s1->unicode;
      |       ^~
fs/hfsplus/unicode.c:74:7: warning: taking address of packed member of ‘struct hfsplus_unistr’ may result in an unaligned pointer value [-Waddress-of-packed-member]
   74 |  p2 = s2->unicode;
      |       ^~
fs/hfsplus/unicode.c: In function ‘hfsplus_uni2asc’:
fs/hfsplus/unicode.c:133:7: warning: taking address of packed member of ‘struct hfsplus_unistr’ may result in an unaligned pointer value [-Waddress-of-packed-member]
  133 |  ip = ustr->unicode;
      |       ^~~~
  CC [M]  fs/hfsplus/wrapper.o
  CC [M]  fs/hfsplus/bitmap.o
  CC [M]  fs/hfsplus/part_tbl.o
fs/hfsplus/part_tbl.c: In function ‘hfs_parse_old_pmap’:
fs/hfsplus/part_tbl.c:77:30: warning: taking address of packed member of ‘struct old_pmap’ may result in an unaligned pointer value [-Waddress-of-packed-member]
   77 |   struct old_pmap_entry *p = &pm->pdEntry[i];
      |                              ^~~~~~~~~~~~~~~
  CC [M]  fs/hfsplus/attributes.o
  CC [M]  fs/hfsplus/xattr.o
fs/hfsplus/xattr.c: In function ‘hfsplus_init_header_node’:
fs/hfsplus/xattr.c:109:16: warning: taking address of packed member of ‘struct hfs_btree_header_rec’ may result in an unaligned pointer value [-Waddress-of-packed-member]
  109 |   be32_add_cpu(&head->free_nodes, 0 - map_nodes);
      |                ^~~~~~~~~~~~~~~~~
fs/hfsplus/xattr.c: In function ‘copy_name’:
fs/hfsplus/xattr.c:415:3: warning: ‘strncpy’ output truncated before terminating nul copying 4 bytes from a string of the same length [-Wstringop-truncation]
  415 |   strncpy(buffer, XATTR_MAC_OSX_PREFIX, XATTR_MAC_OSX_PREFIX_LEN);
      |   ^~~~~~~~~~~~~~~~~~~~~~~~~~~~~~~~~~~~~~~~~~~~~~~~~~~~~~~~~~~~~~~
  CC [M]  fs/hfsplus/xattr_user.o
  CC [M]  fs/hfsplus/xattr_security.o
  CC [M]  fs/hfsplus/xattr_trusted.o
  LD [M]  fs/hfsplus/hfsplus.o
  LD      fs/isofs/built-in.o
  CC [M]  fs/isofs/namei.o
  CC [M]  fs/isofs/inode.o
In file included from fs/isofs/inode.c:15:
./include/linux/module.h:132:6: warning: ‘init_module’ specifies less restrictive attribute than its target ‘init_iso9660_fs’: ‘cold’ [-Wmissing-attributes]
  132 |  int init_module(void) __attribute__((alias(#initfn)));
      |      ^~~~~~~~~~~
fs/isofs/inode.c:1555:1: note: in expansion of macro ‘module_init’
 1555 | module_init(init_iso9660_fs)
      | ^~~~~~~~~~~
fs/isofs/inode.c:1522:19: note: ‘init_module’ target declared here
 1522 | static int __init init_iso9660_fs(void)
      |                   ^~~~~~~~~~~~~~~
In file included from fs/isofs/inode.c:15:
./include/linux/module.h:138:7: warning: ‘cleanup_module’ specifies less restrictive attribute than its target ‘exit_iso9660_fs’: ‘cold’ [-Wmissing-attributes]
  138 |  void cleanup_module(void) __attribute__((alias(#exitfn)));
      |       ^~~~~~~~~~~~~~
fs/isofs/inode.c:1556:1: note: in expansion of macro ‘module_exit’
 1556 | module_exit(exit_iso9660_fs)
      | ^~~~~~~~~~~
fs/isofs/inode.c:1546:20: note: ‘cleanup_module’ target declared here
 1546 | static void __exit exit_iso9660_fs(void)
      |                    ^~~~~~~~~~~~~~~
  CC [M]  fs/isofs/dir.o
  CC [M]  fs/isofs/util.o
  CC [M]  fs/isofs/rock.o
  CC [M]  fs/isofs/export.o
  CC [M]  fs/isofs/joliet.o
  CC [M]  fs/isofs/compress.o
  LD [M]  fs/isofs/isofs.o
  CC      fs/jbd2/transaction.o
  CC      fs/jbd2/commit.o
  CC      fs/jbd2/recovery.o
  CC      fs/jbd2/checkpoint.o
  CC      fs/jbd2/revoke.o
  CC      fs/jbd2/journal.o
  LD      fs/jbd2/jbd2.o
  LD      fs/jbd2/built-in.o
  LD      fs/jffs2/built-in.o
  CC [M]  fs/jffs2/compr.o
  CC [M]  fs/jffs2/dir.o
  CC [M]  fs/jffs2/file.o
  CC [M]  fs/jffs2/ioctl.o
  CC [M]  fs/jffs2/nodelist.o
  CC [M]  fs/jffs2/malloc.o
  CC [M]  fs/jffs2/read.o
  CC [M]  fs/jffs2/nodemgmt.o
  CC [M]  fs/jffs2/readinode.o
  CC [M]  fs/jffs2/write.o
  CC [M]  fs/jffs2/scan.o
  CC [M]  fs/jffs2/gc.o
  CC [M]  fs/jffs2/symlink.o
  CC [M]  fs/jffs2/build.o
  CC [M]  fs/jffs2/erase.o
  CC [M]  fs/jffs2/background.o
  CC [M]  fs/jffs2/fs.o
  CC [M]  fs/jffs2/writev.o
  CC [M]  fs/jffs2/super.o
In file included from fs/jffs2/super.c:15:
./include/linux/module.h:132:6: warning: ‘init_module’ specifies less restrictive attribute than its target ‘init_jffs2_fs’: ‘cold’ [-Wmissing-attributes]
  132 |  int init_module(void) __attribute__((alias(#initfn)));
      |      ^~~~~~~~~~~
fs/jffs2/super.c:433:1: note: in expansion of macro ‘module_init’
  433 | module_init(init_jffs2_fs);
      | ^~~~~~~~~~~
fs/jffs2/super.c:359:19: note: ‘init_module’ target declared here
  359 | static int __init init_jffs2_fs(void)
      |                   ^~~~~~~~~~~~~
In file included from fs/jffs2/super.c:15:
./include/linux/module.h:138:7: warning: ‘cleanup_module’ specifies less restrictive attribute than its target ‘exit_jffs2_fs’: ‘cold’ [-Wmissing-attributes]
  138 |  void cleanup_module(void) __attribute__((alias(#exitfn)));
      |       ^~~~~~~~~~~~~~
fs/jffs2/super.c:434:1: note: in expansion of macro ‘module_exit’
  434 | module_exit(exit_jffs2_fs);
      | ^~~~~~~~~~~
fs/jffs2/super.c:419:20: note: ‘cleanup_module’ target declared here
  419 | static void __exit exit_jffs2_fs(void)
      |                    ^~~~~~~~~~~~~
  CC [M]  fs/jffs2/debug.o
  CC [M]  fs/jffs2/wbuf.o
  CC [M]  fs/jffs2/compr_rtime.o
  CC [M]  fs/jffs2/compr_zlib.o
  CC [M]  fs/jffs2/summary.o
fs/jffs2/summary.c: In function ‘jffs2_sum_add_inode_mem’:
fs/jffs2/summary.c:130:37: warning: converting a packed ‘struct jffs2_sum_inode_mem’ pointer (alignment 1) to a ‘union jffs2_sum_mem’ pointer (alignment 4) may result in an unaligned pointer value [-Waddress-of-packed-member]
  130 |  return jffs2_sum_add_mem(s, (union jffs2_sum_mem *)temp);
      |                                     ^~~~~~~~~~~~~
In file included from fs/jffs2/nodelist.h:22,
                 from fs/jffs2/summary.c:23:
fs/jffs2/summary.h:99:8: note: defined here
   99 | struct jffs2_sum_inode_mem
      |        ^~~~~~~~~~~~~~~~~~~
fs/jffs2/summary.h:140:7: note: defined here
  140 | union jffs2_sum_mem
      |       ^~~~~~~~~~~~~
fs/jffs2/summary.c: In function ‘jffs2_sum_add_dirent_mem’:
fs/jffs2/summary.c:154:37: warning: converting a packed ‘struct jffs2_sum_dirent_mem’ pointer (alignment 1) to a ‘union jffs2_sum_mem’ pointer (alignment 4) may result in an unaligned pointer value [-Waddress-of-packed-member]
  154 |  return jffs2_sum_add_mem(s, (union jffs2_sum_mem *)temp);
      |                                     ^~~~~~~~~~~~~
In file included from fs/jffs2/nodelist.h:22,
                 from fs/jffs2/summary.c:23:
fs/jffs2/summary.h:109:8: note: defined here
  109 | struct jffs2_sum_dirent_mem
      |        ^~~~~~~~~~~~~~~~~~~~
fs/jffs2/summary.h:140:7: note: defined here
  140 | union jffs2_sum_mem
      |       ^~~~~~~~~~~~~
fs/jffs2/summary.c: In function ‘jffs2_sum_add_kvec’:
fs/jffs2/summary.c:278:48: warning: converting a packed ‘struct jffs2_sum_inode_mem’ pointer (alignment 1) to a ‘union jffs2_sum_mem’ pointer (alignment 4) may result in an unaligned pointer value [-Waddress-of-packed-member]
  278 |    return jffs2_sum_add_mem(c->summary, (union jffs2_sum_mem *)temp);
      |                                                ^~~~~~~~~~~~~
In file included from fs/jffs2/nodelist.h:22,
                 from fs/jffs2/summary.c:23:
fs/jffs2/summary.h:99:8: note: defined here
   99 | struct jffs2_sum_inode_mem
      |        ^~~~~~~~~~~~~~~~~~~
fs/jffs2/summary.h:140:7: note: defined here
  140 | union jffs2_sum_mem
      |       ^~~~~~~~~~~~~
fs/jffs2/summary.c:312:48: warning: converting a packed ‘struct jffs2_sum_dirent_mem’ pointer (alignment 1) to a ‘union jffs2_sum_mem’ pointer (alignment 4) may result in an unaligned pointer value [-Waddress-of-packed-member]
  312 |    return jffs2_sum_add_mem(c->summary, (union jffs2_sum_mem *)temp);
      |                                                ^~~~~~~~~~~~~
In file included from fs/jffs2/nodelist.h:22,
                 from fs/jffs2/summary.c:23:
fs/jffs2/summary.h:109:8: note: defined here
  109 | struct jffs2_sum_dirent_mem
      |        ^~~~~~~~~~~~~~~~~~~~
fs/jffs2/summary.h:140:7: note: defined here
  140 | union jffs2_sum_mem
      |       ^~~~~~~~~~~~~
  LD [M]  fs/jffs2/jffs2.o
  LD      fs/jfs/built-in.o
  CC [M]  fs/jfs/super.o
In file included from fs/jfs/super.c:21:
./include/linux/module.h:132:6: warning: ‘init_module’ specifies less restrictive attribute than its target ‘init_jfs_fs’: ‘cold’ [-Wmissing-attributes]
  132 |  int init_module(void) __attribute__((alias(#initfn)));
      |      ^~~~~~~~~~~
fs/jfs/super.c:1008:1: note: in expansion of macro ‘module_init’
 1008 | module_init(init_jfs_fs)
      | ^~~~~~~~~~~
fs/jfs/super.c:894:19: note: ‘init_module’ target declared here
  894 | static int __init init_jfs_fs(void)
      |                   ^~~~~~~~~~~
In file included from fs/jfs/super.c:21:
./include/linux/module.h:138:7: warning: ‘cleanup_module’ specifies less restrictive attribute than its target ‘exit_jfs_fs’: ‘cold’ [-Wmissing-attributes]
  138 |  void cleanup_module(void) __attribute__((alias(#exitfn)));
      |       ^~~~~~~~~~~~~~
fs/jfs/super.c:1009:1: note: in expansion of macro ‘module_exit’
 1009 | module_exit(exit_jfs_fs)
      | ^~~~~~~~~~~
fs/jfs/super.c:982:20: note: ‘cleanup_module’ target declared here
  982 | static void __exit exit_jfs_fs(void)
      |                    ^~~~~~~~~~~
  CC [M]  fs/jfs/file.o
  CC [M]  fs/jfs/inode.o
  CC [M]  fs/jfs/namei.o
  CC [M]  fs/jfs/jfs_mount.o
  CC [M]  fs/jfs/jfs_umount.o
  CC [M]  fs/jfs/jfs_xtree.o
  CC [M]  fs/jfs/jfs_imap.o
  CC [M]  fs/jfs/jfs_debug.o
  CC [M]  fs/jfs/jfs_dmap.o
  CC [M]  fs/jfs/jfs_unicode.o
  CC [M]  fs/jfs/jfs_dtree.o
  CC [M]  fs/jfs/jfs_inode.o
  CC [M]  fs/jfs/jfs_discard.o
  CC [M]  fs/jfs/jfs_extent.o
  CC [M]  fs/jfs/symlink.o
  CC [M]  fs/jfs/jfs_metapage.o
  CC [M]  fs/jfs/jfs_logmgr.o
  CC [M]  fs/jfs/jfs_txnmgr.o
  CC [M]  fs/jfs/jfs_uniupr.o
  CC [M]  fs/jfs/resize.o
  CC [M]  fs/jfs/xattr.o
  CC [M]  fs/jfs/ioctl.o
  CC [M]  fs/jfs/acl.o
  LD [M]  fs/jfs/jfs.o
  CC      fs/kernfs/mount.o
  CC      fs/kernfs/inode.o
  CC      fs/kernfs/dir.o
  CC      fs/kernfs/file.o
  CC      fs/kernfs/symlink.o
In function ‘kernfs_get_target_path’,
    inlined from ‘kernfs_getlink’ at fs/kernfs/symlink.c:109:10,
    inlined from ‘kernfs_iop_get_link’ at fs/kernfs/symlink.c:127:10,
    inlined from ‘kernfs_iop_get_link’ at fs/kernfs/symlink.c:115:20:
fs/kernfs/symlink.c:91:3: warning: ‘strncpy’ output truncated before terminating nul copying as many bytes from a string as its length [-Wstringop-truncation]
   91 |   strncpy(s + len, kn->name, slen);
      |   ^~~~~~~~~~~~~~~~~~~~~~~~~~~~~~~~
fs/kernfs/symlink.c: In function ‘kernfs_iop_get_link’:
fs/kernfs/symlink.c:88:14: note: length computed here
   88 |   int slen = strlen(kn->name);
      |              ^~~~~~~~~~~~~~~~
  LD      fs/kernfs/built-in.o
  CC      fs/lockd/clntlock.o
  CC      fs/lockd/clntproc.o
  CC      fs/lockd/clntxdr.o
  CC      fs/lockd/host.o
  CC      fs/lockd/svc.o
  CC      fs/lockd/svclock.o
  CC      fs/lockd/svcshare.o
  CC      fs/lockd/svcproc.o
  CC      fs/lockd/svcsubs.o
  CC      fs/lockd/mon.o
  CC      fs/lockd/xdr.o
  CC      fs/lockd/clnt4xdr.o
  CC      fs/lockd/xdr4.o
  CC      fs/lockd/svc4proc.o
  CC      fs/lockd/procfs.o
  LD      fs/lockd/lockd.o
  LD      fs/lockd/built-in.o
  CC      fs/nfs/client.o
  CC      fs/nfs/dir.o
  CC      fs/nfs/file.o
  CC      fs/nfs/getroot.o
  CC      fs/nfs/inode.o
  CC      fs/nfs/super.o
  CC      fs/nfs/io.o
  CC      fs/nfs/direct.o
  CC      fs/nfs/pagelist.o
  CC      fs/nfs/read.o
  CC      fs/nfs/symlink.o
  CC      fs/nfs/unlink.o
  CC      fs/nfs/write.o
  CC      fs/nfs/namespace.o
  CC      fs/nfs/mount_clnt.o
  CC      fs/nfs/nfstrace.o
  CC      fs/nfs/nfsroot.o
  CC      fs/nfs/sysctl.o
  CC      fs/nfs/fscache.o
  CC      fs/nfs/fscache-index.o
  LD      fs/nfs/nfs.o
  CC      fs/nfs/nfs2super.o
  CC      fs/nfs/proc.o
  CC      fs/nfs/nfs2xdr.o
  LD      fs/nfs/nfsv2.o
  CC      fs/nfs/nfs3super.o
  CC      fs/nfs/nfs3client.o
  CC      fs/nfs/nfs3proc.o
  CC      fs/nfs/nfs3xdr.o
  CC      fs/nfs/nfs3acl.o
  LD      fs/nfs/nfsv3.o
  CC      fs/nfs/nfs4proc.o
  CC      fs/nfs/nfs4xdr.o
  CC      fs/nfs/nfs4state.o
  CC      fs/nfs/nfs4renewd.o
  CC      fs/nfs/nfs4super.o
  CC      fs/nfs/nfs4file.o
  CC      fs/nfs/delegation.o
  CC      fs/nfs/nfs4idmap.o
  CC      fs/nfs/callback.o
  CC      fs/nfs/callback_xdr.o
  CC      fs/nfs/callback_proc.o
  CC      fs/nfs/nfs4namespace.o
  CC      fs/nfs/nfs4getroot.o
  CC      fs/nfs/nfs4client.o
  CC      fs/nfs/nfs4session.o
  CC      fs/nfs/dns_resolve.o
  CC      fs/nfs/nfs4trace.o
  CC      fs/nfs/nfs4sysctl.o
  LD      fs/nfs/nfsv4.o
  LD      fs/nfs/built-in.o
  CC      fs/nfs_common/nfsacl.o
  LD      fs/nfs_common/nfs_acl.o
  CC      fs/nfs_common/grace.o
  LD      fs/nfs_common/built-in.o
  LD      fs/nfsd/built-in.o
  CC [M]  fs/nfsd/trace.o
  CC [M]  fs/nfsd/nfssvc.o
  CC [M]  fs/nfsd/nfsctl.o
In file included from ./include/linux/phy.h:24,
                 from ./include/net/dsa.h:19,
                 from ./include/linux/netdevice.h:44,
                 from ./include/linux/icmpv6.h:12,
                 from ./include/linux/ipv6.h:76,
                 from ./include/net/ipv6.h:16,
                 from ./include/linux/lockd/lockd.h:16,
                 from fs/nfsd/nfsctl.c:12:
./include/linux/module.h:132:6: warning: ‘init_module’ specifies less restrictive attribute than its target ‘init_nfsd’: ‘cold’ [-Wmissing-attributes]
  132 |  int init_module(void) __attribute__((alias(#initfn)));
      |      ^~~~~~~~~~~
fs/nfsd/nfsctl.c:1311:1: note: in expansion of macro ‘module_init’
 1311 | module_init(init_nfsd)
      | ^~~~~~~~~~~
fs/nfsd/nfsctl.c:1242:19: note: ‘init_module’ target declared here
 1242 | static int __init init_nfsd(void)
      |                   ^~~~~~~~~
In file included from ./include/linux/phy.h:24,
                 from ./include/net/dsa.h:19,
                 from ./include/linux/netdevice.h:44,
                 from ./include/linux/icmpv6.h:12,
                 from ./include/linux/ipv6.h:76,
                 from ./include/net/ipv6.h:16,
                 from ./include/linux/lockd/lockd.h:16,
                 from fs/nfsd/nfsctl.c:12:
./include/linux/module.h:138:7: warning: ‘cleanup_module’ specifies less restrictive attribute than its target ‘exit_nfsd’: ‘cold’ [-Wmissing-attributes]
  138 |  void cleanup_module(void) __attribute__((alias(#exitfn)));
      |       ^~~~~~~~~~~~~~
fs/nfsd/nfsctl.c:1312:1: note: in expansion of macro ‘module_exit’
 1312 | module_exit(exit_nfsd)
      | ^~~~~~~~~~~
fs/nfsd/nfsctl.c:1294:20: note: ‘cleanup_module’ target declared here
 1294 | static void __exit exit_nfsd(void)
      |                    ^~~~~~~~~
  CC [M]  fs/nfsd/nfsproc.o
  CC [M]  fs/nfsd/nfsfh.o
  CC [M]  fs/nfsd/vfs.o
  CC [M]  fs/nfsd/export.o
  CC [M]  fs/nfsd/auth.o
  CC [M]  fs/nfsd/lockd.o
  CC [M]  fs/nfsd/nfscache.o
  CC [M]  fs/nfsd/nfsxdr.o
  CC [M]  fs/nfsd/stats.o
  CC [M]  fs/nfsd/nfs2acl.o
  CC [M]  fs/nfsd/nfs3proc.o
  CC [M]  fs/nfsd/nfs3xdr.o
  CC [M]  fs/nfsd/nfs3acl.o
  CC [M]  fs/nfsd/nfs4proc.o
  CC [M]  fs/nfsd/nfs4xdr.o
  CC [M]  fs/nfsd/nfs4state.o
  CC [M]  fs/nfsd/nfs4idmap.o
  CC [M]  fs/nfsd/nfs4acl.o
  CC [M]  fs/nfsd/nfs4callback.o
  CC [M]  fs/nfsd/nfs4recover.o
  LD [M]  fs/nfsd/nfsd.o
  LD      fs/nilfs2/built-in.o
  CC [M]  fs/nilfs2/inode.o
  CC [M]  fs/nilfs2/file.o
  CC [M]  fs/nilfs2/dir.o
  CC [M]  fs/nilfs2/super.o
In file included from fs/nilfs2/super.c:36:
./include/linux/module.h:132:6: warning: ‘init_module’ specifies less restrictive attribute than its target ‘init_nilfs_fs’: ‘cold’ [-Wmissing-attributes]
  132 |  int init_module(void) __attribute__((alias(#initfn)));
      |      ^~~~~~~~~~~
fs/nilfs2/super.c:1488:1: note: in expansion of macro ‘module_init’
 1488 | module_init(init_nilfs_fs)
      | ^~~~~~~~~~~
fs/nilfs2/super.c:1454:19: note: ‘init_module’ target declared here
 1454 | static int __init init_nilfs_fs(void)
      |                   ^~~~~~~~~~~~~
In file included from fs/nilfs2/super.c:36:
./include/linux/module.h:138:7: warning: ‘cleanup_module’ specifies less restrictive attribute than its target ‘exit_nilfs_fs’: ‘cold’ [-Wmissing-attributes]
  138 |  void cleanup_module(void) __attribute__((alias(#exitfn)));
      |       ^~~~~~~~~~~~~~
fs/nilfs2/super.c:1489:1: note: in expansion of macro ‘module_exit’
 1489 | module_exit(exit_nilfs_fs)
      | ^~~~~~~~~~~
fs/nilfs2/super.c:1481:20: note: ‘cleanup_module’ target declared here
 1481 | static void __exit exit_nilfs_fs(void)
      |                    ^~~~~~~~~~~~~
  CC [M]  fs/nilfs2/namei.o
  CC [M]  fs/nilfs2/page.o
  CC [M]  fs/nilfs2/mdt.o
  CC [M]  fs/nilfs2/btnode.o
  CC [M]  fs/nilfs2/bmap.o
  CC [M]  fs/nilfs2/btree.o
  CC [M]  fs/nilfs2/direct.o
  CC [M]  fs/nilfs2/dat.o
  CC [M]  fs/nilfs2/recovery.o
  CC [M]  fs/nilfs2/the_nilfs.o
  CC [M]  fs/nilfs2/segbuf.o
  CC [M]  fs/nilfs2/segment.o
  CC [M]  fs/nilfs2/cpfile.o
  CC [M]  fs/nilfs2/sufile.o
  CC [M]  fs/nilfs2/ifile.o
  CC [M]  fs/nilfs2/alloc.o
  CC [M]  fs/nilfs2/gcinode.o
  CC [M]  fs/nilfs2/ioctl.o
  CC [M]  fs/nilfs2/sysfs.o
  LD [M]  fs/nilfs2/nilfs2.o
  CC      fs/nls/nls_base.o
  CC      fs/nls/nls_cp437.o
  CC      fs/nls/nls_ascii.o
  LD      fs/nls/built-in.o
  CC [M]  fs/nls/nls_cp737.o
In file included from fs/nls/nls_cp737.c:10:
./include/linux/module.h:132:6: warning: ‘init_module’ specifies less restrictive attribute than its target ‘init_nls_cp737’: ‘cold’ [-Wmissing-attributes]
  132 |  int init_module(void) __attribute__((alias(#initfn)));
      |      ^~~~~~~~~~~
fs/nls/nls_cp737.c:347:1: note: in expansion of macro ‘module_init’
  347 | module_init(init_nls_cp737)
      | ^~~~~~~~~~~
fs/nls/nls_cp737.c:337:19: note: ‘init_module’ target declared here
  337 | static int __init init_nls_cp737(void)
      |                   ^~~~~~~~~~~~~~
In file included from fs/nls/nls_cp737.c:10:
./include/linux/module.h:138:7: warning: ‘cleanup_module’ specifies less restrictive attribute than its target ‘exit_nls_cp737’: ‘cold’ [-Wmissing-attributes]
  138 |  void cleanup_module(void) __attribute__((alias(#exitfn)));
      |       ^~~~~~~~~~~~~~
fs/nls/nls_cp737.c:348:1: note: in expansion of macro ‘module_exit’
  348 | module_exit(exit_nls_cp737)
      | ^~~~~~~~~~~
fs/nls/nls_cp737.c:342:20: note: ‘cleanup_module’ target declared here
  342 | static void __exit exit_nls_cp737(void)
      |                    ^~~~~~~~~~~~~~
  CC [M]  fs/nls/nls_cp775.o
In file included from fs/nls/nls_cp775.c:10:
./include/linux/module.h:132:6: warning: ‘init_module’ specifies less restrictive attribute than its target ‘init_nls_cp775’: ‘cold’ [-Wmissing-attributes]
  132 |  int init_module(void) __attribute__((alias(#initfn)));
      |      ^~~~~~~~~~~
fs/nls/nls_cp775.c:316:1: note: in expansion of macro ‘module_init’
  316 | module_init(init_nls_cp775)
      | ^~~~~~~~~~~
fs/nls/nls_cp775.c:306:19: note: ‘init_module’ target declared here
  306 | static int __init init_nls_cp775(void)
      |                   ^~~~~~~~~~~~~~
In file included from fs/nls/nls_cp775.c:10:
./include/linux/module.h:138:7: warning: ‘cleanup_module’ specifies less restrictive attribute than its target ‘exit_nls_cp775’: ‘cold’ [-Wmissing-attributes]
  138 |  void cleanup_module(void) __attribute__((alias(#exitfn)));
      |       ^~~~~~~~~~~~~~
fs/nls/nls_cp775.c:317:1: note: in expansion of macro ‘module_exit’
  317 | module_exit(exit_nls_cp775)
      | ^~~~~~~~~~~
fs/nls/nls_cp775.c:311:20: note: ‘cleanup_module’ target declared here
  311 | static void __exit exit_nls_cp775(void)
      |                    ^~~~~~~~~~~~~~
  CC [M]  fs/nls/nls_cp850.o
In file included from fs/nls/nls_cp850.c:10:
./include/linux/module.h:132:6: warning: ‘init_module’ specifies less restrictive attribute than its target ‘init_nls_cp850’: ‘cold’ [-Wmissing-attributes]
  132 |  int init_module(void) __attribute__((alias(#initfn)));
      |      ^~~~~~~~~~~
fs/nls/nls_cp850.c:312:1: note: in expansion of macro ‘module_init’
  312 | module_init(init_nls_cp850)
      | ^~~~~~~~~~~
fs/nls/nls_cp850.c:302:19: note: ‘init_module’ target declared here
  302 | static int __init init_nls_cp850(void)
      |                   ^~~~~~~~~~~~~~
In file included from fs/nls/nls_cp850.c:10:
./include/linux/module.h:138:7: warning: ‘cleanup_module’ specifies less restrictive attribute than its target ‘exit_nls_cp850’: ‘cold’ [-Wmissing-attributes]
  138 |  void cleanup_module(void) __attribute__((alias(#exitfn)));
      |       ^~~~~~~~~~~~~~
fs/nls/nls_cp850.c:313:1: note: in expansion of macro ‘module_exit’
  313 | module_exit(exit_nls_cp850)
      | ^~~~~~~~~~~
fs/nls/nls_cp850.c:307:20: note: ‘cleanup_module’ target declared here
  307 | static void __exit exit_nls_cp850(void)
      |                    ^~~~~~~~~~~~~~
  CC [M]  fs/nls/nls_cp852.o
In file included from fs/nls/nls_cp852.c:10:
./include/linux/module.h:132:6: warning: ‘init_module’ specifies less restrictive attribute than its target ‘init_nls_cp852’: ‘cold’ [-Wmissing-attributes]
  132 |  int init_module(void) __attribute__((alias(#initfn)));
      |      ^~~~~~~~~~~
fs/nls/nls_cp852.c:334:1: note: in expansion of macro ‘module_init’
  334 | module_init(init_nls_cp852)
      | ^~~~~~~~~~~
fs/nls/nls_cp852.c:324:19: note: ‘init_module’ target declared here
  324 | static int __init init_nls_cp852(void)
      |                   ^~~~~~~~~~~~~~
In file included from fs/nls/nls_cp852.c:10:
./include/linux/module.h:138:7: warning: ‘cleanup_module’ specifies less restrictive attribute than its target ‘exit_nls_cp852’: ‘cold’ [-Wmissing-attributes]
  138 |  void cleanup_module(void) __attribute__((alias(#exitfn)));
      |       ^~~~~~~~~~~~~~
fs/nls/nls_cp852.c:335:1: note: in expansion of macro ‘module_exit’
  335 | module_exit(exit_nls_cp852)
      | ^~~~~~~~~~~
fs/nls/nls_cp852.c:329:20: note: ‘cleanup_module’ target declared here
  329 | static void __exit exit_nls_cp852(void)
      |                    ^~~~~~~~~~~~~~
  CC [M]  fs/nls/nls_cp855.o
In file included from fs/nls/nls_cp855.c:10:
./include/linux/module.h:132:6: warning: ‘init_module’ specifies less restrictive attribute than its target ‘init_nls_cp855’: ‘cold’ [-Wmissing-attributes]
  132 |  int init_module(void) __attribute__((alias(#initfn)));
      |      ^~~~~~~~~~~
fs/nls/nls_cp855.c:296:1: note: in expansion of macro ‘module_init’
  296 | module_init(init_nls_cp855)
      | ^~~~~~~~~~~
fs/nls/nls_cp855.c:286:19: note: ‘init_module’ target declared here
  286 | static int __init init_nls_cp855(void)
      |                   ^~~~~~~~~~~~~~
In file included from fs/nls/nls_cp855.c:10:
./include/linux/module.h:138:7: warning: ‘cleanup_module’ specifies less restrictive attribute than its target ‘exit_nls_cp855’: ‘cold’ [-Wmissing-attributes]
  138 |  void cleanup_module(void) __attribute__((alias(#exitfn)));
      |       ^~~~~~~~~~~~~~
fs/nls/nls_cp855.c:297:1: note: in expansion of macro ‘module_exit’
  297 | module_exit(exit_nls_cp855)
      | ^~~~~~~~~~~
fs/nls/nls_cp855.c:291:20: note: ‘cleanup_module’ target declared here
  291 | static void __exit exit_nls_cp855(void)
      |                    ^~~~~~~~~~~~~~
  CC [M]  fs/nls/nls_cp857.o
In file included from fs/nls/nls_cp857.c:10:
./include/linux/module.h:132:6: warning: ‘init_module’ specifies less restrictive attribute than its target ‘init_nls_cp857’: ‘cold’ [-Wmissing-attributes]
  132 |  int init_module(void) __attribute__((alias(#initfn)));
      |      ^~~~~~~~~~~
fs/nls/nls_cp857.c:298:1: note: in expansion of macro ‘module_init’
  298 | module_init(init_nls_cp857)
      | ^~~~~~~~~~~
fs/nls/nls_cp857.c:288:19: note: ‘init_module’ target declared here
  288 | static int __init init_nls_cp857(void)
      |                   ^~~~~~~~~~~~~~
In file included from fs/nls/nls_cp857.c:10:
./include/linux/module.h:138:7: warning: ‘cleanup_module’ specifies less restrictive attribute than its target ‘exit_nls_cp857’: ‘cold’ [-Wmissing-attributes]
  138 |  void cleanup_module(void) __attribute__((alias(#exitfn)));
      |       ^~~~~~~~~~~~~~
fs/nls/nls_cp857.c:299:1: note: in expansion of macro ‘module_exit’
  299 | module_exit(exit_nls_cp857)
      | ^~~~~~~~~~~
fs/nls/nls_cp857.c:293:20: note: ‘cleanup_module’ target declared here
  293 | static void __exit exit_nls_cp857(void)
      |                    ^~~~~~~~~~~~~~
  CC [M]  fs/nls/nls_cp860.o
In file included from fs/nls/nls_cp860.c:10:
./include/linux/module.h:132:6: warning: ‘init_module’ specifies less restrictive attribute than its target ‘init_nls_cp860’: ‘cold’ [-Wmissing-attributes]
  132 |  int init_module(void) __attribute__((alias(#initfn)));
      |      ^~~~~~~~~~~
fs/nls/nls_cp860.c:361:1: note: in expansion of macro ‘module_init’
  361 | module_init(init_nls_cp860)
      | ^~~~~~~~~~~
fs/nls/nls_cp860.c:351:19: note: ‘init_module’ target declared here
  351 | static int __init init_nls_cp860(void)
      |                   ^~~~~~~~~~~~~~
In file included from fs/nls/nls_cp860.c:10:
./include/linux/module.h:138:7: warning: ‘cleanup_module’ specifies less restrictive attribute than its target ‘exit_nls_cp860’: ‘cold’ [-Wmissing-attributes]
  138 |  void cleanup_module(void) __attribute__((alias(#exitfn)));
      |       ^~~~~~~~~~~~~~
fs/nls/nls_cp860.c:362:1: note: in expansion of macro ‘module_exit’
  362 | module_exit(exit_nls_cp860)
      | ^~~~~~~~~~~
fs/nls/nls_cp860.c:356:20: note: ‘cleanup_module’ target declared here
  356 | static void __exit exit_nls_cp860(void)
      |                    ^~~~~~~~~~~~~~
  CC [M]  fs/nls/nls_cp861.o
In file included from fs/nls/nls_cp861.c:10:
./include/linux/module.h:132:6: warning: ‘init_module’ specifies less restrictive attribute than its target ‘init_nls_cp861’: ‘cold’ [-Wmissing-attributes]
  132 |  int init_module(void) __attribute__((alias(#initfn)));
      |      ^~~~~~~~~~~
fs/nls/nls_cp861.c:384:1: note: in expansion of macro ‘module_init’
  384 | module_init(init_nls_cp861)
      | ^~~~~~~~~~~
fs/nls/nls_cp861.c:374:19: note: ‘init_module’ target declared here
  374 | static int __init init_nls_cp861(void)
      |                   ^~~~~~~~~~~~~~
In file included from fs/nls/nls_cp861.c:10:
./include/linux/module.h:138:7: warning: ‘cleanup_module’ specifies less restrictive attribute than its target ‘exit_nls_cp861’: ‘cold’ [-Wmissing-attributes]
  138 |  void cleanup_module(void) __attribute__((alias(#exitfn)));
      |       ^~~~~~~~~~~~~~
fs/nls/nls_cp861.c:385:1: note: in expansion of macro ‘module_exit’
  385 | module_exit(exit_nls_cp861)
      | ^~~~~~~~~~~
fs/nls/nls_cp861.c:379:20: note: ‘cleanup_module’ target declared here
  379 | static void __exit exit_nls_cp861(void)
      |                    ^~~~~~~~~~~~~~
  CC [M]  fs/nls/nls_cp862.o
In file included from fs/nls/nls_cp862.c:10:
./include/linux/module.h:132:6: warning: ‘init_module’ specifies less restrictive attribute than its target ‘init_nls_cp862’: ‘cold’ [-Wmissing-attributes]
  132 |  int init_module(void) __attribute__((alias(#initfn)));
      |      ^~~~~~~~~~~
fs/nls/nls_cp862.c:418:1: note: in expansion of macro ‘module_init’
  418 | module_init(init_nls_cp862)
      | ^~~~~~~~~~~
fs/nls/nls_cp862.c:408:19: note: ‘init_module’ target declared here
  408 | static int __init init_nls_cp862(void)
      |                   ^~~~~~~~~~~~~~
In file included from fs/nls/nls_cp862.c:10:
./include/linux/module.h:138:7: warning: ‘cleanup_module’ specifies less restrictive attribute than its target ‘exit_nls_cp862’: ‘cold’ [-Wmissing-attributes]
  138 |  void cleanup_module(void) __attribute__((alias(#exitfn)));
      |       ^~~~~~~~~~~~~~
fs/nls/nls_cp862.c:419:1: note: in expansion of macro ‘module_exit’
  419 | module_exit(exit_nls_cp862)
      | ^~~~~~~~~~~
fs/nls/nls_cp862.c:413:20: note: ‘cleanup_module’ target declared here
  413 | static void __exit exit_nls_cp862(void)
      |                    ^~~~~~~~~~~~~~
  CC [M]  fs/nls/nls_cp863.o
In file included from fs/nls/nls_cp863.c:10:
./include/linux/module.h:132:6: warning: ‘init_module’ specifies less restrictive attribute than its target ‘init_nls_cp863’: ‘cold’ [-Wmissing-attributes]
  132 |  int init_module(void) __attribute__((alias(#initfn)));
      |      ^~~~~~~~~~~
fs/nls/nls_cp863.c:378:1: note: in expansion of macro ‘module_init’
  378 | module_init(init_nls_cp863)
      | ^~~~~~~~~~~
fs/nls/nls_cp863.c:368:19: note: ‘init_module’ target declared here
  368 | static int __init init_nls_cp863(void)
      |                   ^~~~~~~~~~~~~~
In file included from fs/nls/nls_cp863.c:10:
./include/linux/module.h:138:7: warning: ‘cleanup_module’ specifies less restrictive attribute than its target ‘exit_nls_cp863’: ‘cold’ [-Wmissing-attributes]
  138 |  void cleanup_module(void) __attribute__((alias(#exitfn)));
      |       ^~~~~~~~~~~~~~
fs/nls/nls_cp863.c:379:1: note: in expansion of macro ‘module_exit’
  379 | module_exit(exit_nls_cp863)
      | ^~~~~~~~~~~
fs/nls/nls_cp863.c:373:20: note: ‘cleanup_module’ target declared here
  373 | static void __exit exit_nls_cp863(void)
      |                    ^~~~~~~~~~~~~~
  CC [M]  fs/nls/nls_cp864.o
In file included from fs/nls/nls_cp864.c:10:
./include/linux/module.h:132:6: warning: ‘init_module’ specifies less restrictive attribute than its target ‘init_nls_cp864’: ‘cold’ [-Wmissing-attributes]
  132 |  int init_module(void) __attribute__((alias(#initfn)));
      |      ^~~~~~~~~~~
fs/nls/nls_cp864.c:404:1: note: in expansion of macro ‘module_init’
  404 | module_init(init_nls_cp864)
      | ^~~~~~~~~~~
fs/nls/nls_cp864.c:394:19: note: ‘init_module’ target declared here
  394 | static int __init init_nls_cp864(void)
      |                   ^~~~~~~~~~~~~~
In file included from fs/nls/nls_cp864.c:10:
./include/linux/module.h:138:7: warning: ‘cleanup_module’ specifies less restrictive attribute than its target ‘exit_nls_cp864’: ‘cold’ [-Wmissing-attributes]
  138 |  void cleanup_module(void) __attribute__((alias(#exitfn)));
      |       ^~~~~~~~~~~~~~
fs/nls/nls_cp864.c:405:1: note: in expansion of macro ‘module_exit’
  405 | module_exit(exit_nls_cp864)
      | ^~~~~~~~~~~
fs/nls/nls_cp864.c:399:20: note: ‘cleanup_module’ target declared here
  399 | static void __exit exit_nls_cp864(void)
      |                    ^~~~~~~~~~~~~~
  CC [M]  fs/nls/nls_cp865.o
In file included from fs/nls/nls_cp865.c:10:
./include/linux/module.h:132:6: warning: ‘init_module’ specifies less restrictive attribute than its target ‘init_nls_cp865’: ‘cold’ [-Wmissing-attributes]
  132 |  int init_module(void) __attribute__((alias(#initfn)));
      |      ^~~~~~~~~~~
fs/nls/nls_cp865.c:384:1: note: in expansion of macro ‘module_init’
  384 | module_init(init_nls_cp865)
      | ^~~~~~~~~~~
fs/nls/nls_cp865.c:374:19: note: ‘init_module’ target declared here
  374 | static int __init init_nls_cp865(void)
      |                   ^~~~~~~~~~~~~~
In file included from fs/nls/nls_cp865.c:10:
./include/linux/module.h:138:7: warning: ‘cleanup_module’ specifies less restrictive attribute than its target ‘exit_nls_cp865’: ‘cold’ [-Wmissing-attributes]
  138 |  void cleanup_module(void) __attribute__((alias(#exitfn)));
      |       ^~~~~~~~~~~~~~
fs/nls/nls_cp865.c:385:1: note: in expansion of macro ‘module_exit’
  385 | module_exit(exit_nls_cp865)
      | ^~~~~~~~~~~
fs/nls/nls_cp865.c:379:20: note: ‘cleanup_module’ target declared here
  379 | static void __exit exit_nls_cp865(void)
      |                    ^~~~~~~~~~~~~~
  CC [M]  fs/nls/nls_cp866.o
In file included from fs/nls/nls_cp866.c:10:
./include/linux/module.h:132:6: warning: ‘init_module’ specifies less restrictive attribute than its target ‘init_nls_cp866’: ‘cold’ [-Wmissing-attributes]
  132 |  int init_module(void) __attribute__((alias(#initfn)));
      |      ^~~~~~~~~~~
fs/nls/nls_cp866.c:302:1: note: in expansion of macro ‘module_init’
  302 | module_init(init_nls_cp866)
      | ^~~~~~~~~~~
fs/nls/nls_cp866.c:292:19: note: ‘init_module’ target declared here
  292 | static int __init init_nls_cp866(void)
      |                   ^~~~~~~~~~~~~~
In file included from fs/nls/nls_cp866.c:10:
./include/linux/module.h:138:7: warning: ‘cleanup_module’ specifies less restrictive attribute than its target ‘exit_nls_cp866’: ‘cold’ [-Wmissing-attributes]
  138 |  void cleanup_module(void) __attribute__((alias(#exitfn)));
      |       ^~~~~~~~~~~~~~
fs/nls/nls_cp866.c:303:1: note: in expansion of macro ‘module_exit’
  303 | module_exit(exit_nls_cp866)
      | ^~~~~~~~~~~
fs/nls/nls_cp866.c:297:20: note: ‘cleanup_module’ target declared here
  297 | static void __exit exit_nls_cp866(void)
      |                    ^~~~~~~~~~~~~~
  CC [M]  fs/nls/nls_cp869.o
In file included from fs/nls/nls_cp869.c:10:
./include/linux/module.h:132:6: warning: ‘init_module’ specifies less restrictive attribute than its target ‘init_nls_cp869’: ‘cold’ [-Wmissing-attributes]
  132 |  int init_module(void) __attribute__((alias(#initfn)));
      |      ^~~~~~~~~~~
fs/nls/nls_cp869.c:312:1: note: in expansion of macro ‘module_init’
  312 | module_init(init_nls_cp869)
      | ^~~~~~~~~~~
fs/nls/nls_cp869.c:302:19: note: ‘init_module’ target declared here
  302 | static int __init init_nls_cp869(void)
      |                   ^~~~~~~~~~~~~~
In file included from fs/nls/nls_cp869.c:10:
./include/linux/module.h:138:7: warning: ‘cleanup_module’ specifies less restrictive attribute than its target ‘exit_nls_cp869’: ‘cold’ [-Wmissing-attributes]
  138 |  void cleanup_module(void) __attribute__((alias(#exitfn)));
      |       ^~~~~~~~~~~~~~
fs/nls/nls_cp869.c:313:1: note: in expansion of macro ‘module_exit’
  313 | module_exit(exit_nls_cp869)
      | ^~~~~~~~~~~
fs/nls/nls_cp869.c:307:20: note: ‘cleanup_module’ target declared here
  307 | static void __exit exit_nls_cp869(void)
      |                    ^~~~~~~~~~~~~~
  CC [M]  fs/nls/nls_cp874.o
In file included from fs/nls/nls_cp874.c:10:
./include/linux/module.h:132:6: warning: ‘init_module’ specifies less restrictive attribute than its target ‘init_nls_cp874’: ‘cold’ [-Wmissing-attributes]
  132 |  int init_module(void) __attribute__((alias(#initfn)));
      |      ^~~~~~~~~~~
fs/nls/nls_cp874.c:271:1: note: in expansion of macro ‘module_init’
  271 | module_init(init_nls_cp874)
      | ^~~~~~~~~~~
fs/nls/nls_cp874.c:261:19: note: ‘init_module’ target declared here
  261 | static int __init init_nls_cp874(void)
      |                   ^~~~~~~~~~~~~~
In file included from fs/nls/nls_cp874.c:10:
./include/linux/module.h:138:7: warning: ‘cleanup_module’ specifies less restrictive attribute than its target ‘exit_nls_cp874’: ‘cold’ [-Wmissing-attributes]
  138 |  void cleanup_module(void) __attribute__((alias(#exitfn)));
      |       ^~~~~~~~~~~~~~
fs/nls/nls_cp874.c:272:1: note: in expansion of macro ‘module_exit’
  272 | module_exit(exit_nls_cp874)
      | ^~~~~~~~~~~
fs/nls/nls_cp874.c:266:20: note: ‘cleanup_module’ target declared here
  266 | static void __exit exit_nls_cp874(void)
      |                    ^~~~~~~~~~~~~~
  CC [M]  fs/nls/nls_cp932.o
In file included from fs/nls/nls_cp932.c:10:
./include/linux/module.h:132:6: warning: ‘init_module’ specifies less restrictive attribute than its target ‘init_nls_cp932’: ‘cold’ [-Wmissing-attributes]
  132 |  int init_module(void) __attribute__((alias(#initfn)));
      |      ^~~~~~~~~~~
fs/nls/nls_cp932.c:7929:1: note: in expansion of macro ‘module_init’
 7929 | module_init(init_nls_cp932)
      | ^~~~~~~~~~~
fs/nls/nls_cp932.c:7919:19: note: ‘init_module’ target declared here
 7919 | static int __init init_nls_cp932(void)
      |                   ^~~~~~~~~~~~~~
In file included from fs/nls/nls_cp932.c:10:
./include/linux/module.h:138:7: warning: ‘cleanup_module’ specifies less restrictive attribute than its target ‘exit_nls_cp932’: ‘cold’ [-Wmissing-attributes]
  138 |  void cleanup_module(void) __attribute__((alias(#exitfn)));
      |       ^~~~~~~~~~~~~~
fs/nls/nls_cp932.c:7930:1: note: in expansion of macro ‘module_exit’
 7930 | module_exit(exit_nls_cp932)
      | ^~~~~~~~~~~
fs/nls/nls_cp932.c:7924:20: note: ‘cleanup_module’ target declared here
 7924 | static void __exit exit_nls_cp932(void)
      |                    ^~~~~~~~~~~~~~
  CC [M]  fs/nls/nls_euc-jp.o
In file included from fs/nls/nls_euc-jp.c:9:
./include/linux/module.h:132:6: warning: ‘init_module’ specifies less restrictive attribute than its target ‘init_nls_euc_jp’: ‘cold’ [-Wmissing-attributes]
  132 |  int init_module(void) __attribute__((alias(#initfn)));
      |      ^~~~~~~~~~~
fs/nls/nls_euc-jp.c:577:1: note: in expansion of macro ‘module_init’
  577 | module_init(init_nls_euc_jp)
      | ^~~~~~~~~~~
fs/nls/nls_euc-jp.c:558:19: note: ‘init_module’ target declared here
  558 | static int __init init_nls_euc_jp(void)
      |                   ^~~~~~~~~~~~~~~
In file included from fs/nls/nls_euc-jp.c:9:
./include/linux/module.h:138:7: warning: ‘cleanup_module’ specifies less restrictive attribute than its target ‘exit_nls_euc_jp’: ‘cold’ [-Wmissing-attributes]
  138 |  void cleanup_module(void) __attribute__((alias(#exitfn)));
      |       ^~~~~~~~~~~~~~
fs/nls/nls_euc-jp.c:578:1: note: in expansion of macro ‘module_exit’
  578 | module_exit(exit_nls_euc_jp)
      | ^~~~~~~~~~~
fs/nls/nls_euc-jp.c:571:20: note: ‘cleanup_module’ target declared here
  571 | static void __exit exit_nls_euc_jp(void)
      |                    ^~~~~~~~~~~~~~~
  CC [M]  fs/nls/nls_cp936.o
In file included from fs/nls/nls_cp936.c:10:
./include/linux/module.h:132:6: warning: ‘init_module’ specifies less restrictive attribute than its target ‘init_nls_cp936’: ‘cold’ [-Wmissing-attributes]
  132 |  int init_module(void) __attribute__((alias(#initfn)));
      |      ^~~~~~~~~~~
fs/nls/nls_cp936.c:11107:1: note: in expansion of macro ‘module_init’
11107 | module_init(init_nls_cp936)
      | ^~~~~~~~~~~
fs/nls/nls_cp936.c:11097:19: note: ‘init_module’ target declared here
11097 | static int __init init_nls_cp936(void)
      |                   ^~~~~~~~~~~~~~
In file included from fs/nls/nls_cp936.c:10:
./include/linux/module.h:138:7: warning: ‘cleanup_module’ specifies less restrictive attribute than its target ‘exit_nls_cp936’: ‘cold’ [-Wmissing-attributes]
  138 |  void cleanup_module(void) __attribute__((alias(#exitfn)));
      |       ^~~~~~~~~~~~~~
fs/nls/nls_cp936.c:11108:1: note: in expansion of macro ‘module_exit’
11108 | module_exit(exit_nls_cp936)
      | ^~~~~~~~~~~
fs/nls/nls_cp936.c:11102:20: note: ‘cleanup_module’ target declared here
11102 | static void __exit exit_nls_cp936(void)
      |                    ^~~~~~~~~~~~~~
  CC [M]  fs/nls/nls_cp949.o
In file included from fs/nls/nls_cp949.c:10:
./include/linux/module.h:132:6: warning: ‘init_module’ specifies less restrictive attribute than its target ‘init_nls_cp949’: ‘cold’ [-Wmissing-attributes]
  132 |  int init_module(void) __attribute__((alias(#initfn)));
      |      ^~~~~~~~~~~
fs/nls/nls_cp949.c:13942:1: note: in expansion of macro ‘module_init’
13942 | module_init(init_nls_cp949)
      | ^~~~~~~~~~~
fs/nls/nls_cp949.c:13932:19: note: ‘init_module’ target declared here
13932 | static int __init init_nls_cp949(void)
      |                   ^~~~~~~~~~~~~~
In file included from fs/nls/nls_cp949.c:10:
./include/linux/module.h:138:7: warning: ‘cleanup_module’ specifies less restrictive attribute than its target ‘exit_nls_cp949’: ‘cold’ [-Wmissing-attributes]
  138 |  void cleanup_module(void) __attribute__((alias(#exitfn)));
      |       ^~~~~~~~~~~~~~
fs/nls/nls_cp949.c:13943:1: note: in expansion of macro ‘module_exit’
13943 | module_exit(exit_nls_cp949)
      | ^~~~~~~~~~~
fs/nls/nls_cp949.c:13937:20: note: ‘cleanup_module’ target declared here
13937 | static void __exit exit_nls_cp949(void)
      |                    ^~~~~~~~~~~~~~
  CC [M]  fs/nls/nls_cp950.o
In file included from fs/nls/nls_cp950.c:10:
./include/linux/module.h:132:6: warning: ‘init_module’ specifies less restrictive attribute than its target ‘init_nls_cp950’: ‘cold’ [-Wmissing-attributes]
  132 |  int init_module(void) __attribute__((alias(#initfn)));
      |      ^~~~~~~~~~~
fs/nls/nls_cp950.c:9478:1: note: in expansion of macro ‘module_init’
 9478 | module_init(init_nls_cp950)
      | ^~~~~~~~~~~
fs/nls/nls_cp950.c:9468:19: note: ‘init_module’ target declared here
 9468 | static int __init init_nls_cp950(void)
      |                   ^~~~~~~~~~~~~~
In file included from fs/nls/nls_cp950.c:10:
./include/linux/module.h:138:7: warning: ‘cleanup_module’ specifies less restrictive attribute than its target ‘exit_nls_cp950’: ‘cold’ [-Wmissing-attributes]
  138 |  void cleanup_module(void) __attribute__((alias(#exitfn)));
      |       ^~~~~~~~~~~~~~
fs/nls/nls_cp950.c:9479:1: note: in expansion of macro ‘module_exit’
 9479 | module_exit(exit_nls_cp950)
      | ^~~~~~~~~~~
fs/nls/nls_cp950.c:9473:20: note: ‘cleanup_module’ target declared here
 9473 | static void __exit exit_nls_cp950(void)
      |                    ^~~~~~~~~~~~~~
  CC [M]  fs/nls/nls_cp1250.o
In file included from fs/nls/nls_cp1250.c:10:
./include/linux/module.h:132:6: warning: ‘init_module’ specifies less restrictive attribute than its target ‘init_nls_cp1250’: ‘cold’ [-Wmissing-attributes]
  132 |  int init_module(void) __attribute__((alias(#initfn)));
      |      ^~~~~~~~~~~
fs/nls/nls_cp1250.c:343:1: note: in expansion of macro ‘module_init’
  343 | module_init(init_nls_cp1250)
      | ^~~~~~~~~~~
fs/nls/nls_cp1250.c:334:19: note: ‘init_module’ target declared here
  334 | static int __init init_nls_cp1250(void)
      |                   ^~~~~~~~~~~~~~~
In file included from fs/nls/nls_cp1250.c:10:
./include/linux/module.h:138:7: warning: ‘cleanup_module’ specifies less restrictive attribute than its target ‘exit_nls_cp1250’: ‘cold’ [-Wmissing-attributes]
  138 |  void cleanup_module(void) __attribute__((alias(#exitfn)));
      |       ^~~~~~~~~~~~~~
fs/nls/nls_cp1250.c:344:1: note: in expansion of macro ‘module_exit’
  344 | module_exit(exit_nls_cp1250)
      | ^~~~~~~~~~~
fs/nls/nls_cp1250.c:338:20: note: ‘cleanup_module’ target declared here
  338 | static void __exit exit_nls_cp1250(void)
      |                    ^~~~~~~~~~~~~~~
  CC [M]  fs/nls/nls_cp1251.o
In file included from fs/nls/nls_cp1251.c:10:
./include/linux/module.h:132:6: warning: ‘init_module’ specifies less restrictive attribute than its target ‘init_nls_cp1251’: ‘cold’ [-Wmissing-attributes]
  132 |  int init_module(void) __attribute__((alias(#initfn)));
      |      ^~~~~~~~~~~
fs/nls/nls_cp1251.c:298:1: note: in expansion of macro ‘module_init’
  298 | module_init(init_nls_cp1251)
      | ^~~~~~~~~~~
fs/nls/nls_cp1251.c:288:19: note: ‘init_module’ target declared here
  288 | static int __init init_nls_cp1251(void)
      |                   ^~~~~~~~~~~~~~~
In file included from fs/nls/nls_cp1251.c:10:
./include/linux/module.h:138:7: warning: ‘cleanup_module’ specifies less restrictive attribute than its target ‘exit_nls_cp1251’: ‘cold’ [-Wmissing-attributes]
  138 |  void cleanup_module(void) __attribute__((alias(#exitfn)));
      |       ^~~~~~~~~~~~~~
fs/nls/nls_cp1251.c:299:1: note: in expansion of macro ‘module_exit’
  299 | module_exit(exit_nls_cp1251)
      | ^~~~~~~~~~~
fs/nls/nls_cp1251.c:293:20: note: ‘cleanup_module’ target declared here
  293 | static void __exit exit_nls_cp1251(void)
      |                    ^~~~~~~~~~~~~~~
  CC [M]  fs/nls/nls_iso8859-1.o
In file included from fs/nls/nls_iso8859-1.c:10:
./include/linux/module.h:132:6: warning: ‘init_module’ specifies less restrictive attribute than its target ‘init_nls_iso8859_1’: ‘cold’ [-Wmissing-attributes]
  132 |  int init_module(void) __attribute__((alias(#initfn)));
      |      ^~~~~~~~~~~
fs/nls/nls_iso8859-1.c:254:1: note: in expansion of macro ‘module_init’
  254 | module_init(init_nls_iso8859_1)
      | ^~~~~~~~~~~
fs/nls/nls_iso8859-1.c:244:19: note: ‘init_module’ target declared here
  244 | static int __init init_nls_iso8859_1(void)
      |                   ^~~~~~~~~~~~~~~~~~
In file included from fs/nls/nls_iso8859-1.c:10:
./include/linux/module.h:138:7: warning: ‘cleanup_module’ specifies less restrictive attribute than its target ‘exit_nls_iso8859_1’: ‘cold’ [-Wmissing-attributes]
  138 |  void cleanup_module(void) __attribute__((alias(#exitfn)));
      |       ^~~~~~~~~~~~~~
fs/nls/nls_iso8859-1.c:255:1: note: in expansion of macro ‘module_exit’
  255 | module_exit(exit_nls_iso8859_1)
      | ^~~~~~~~~~~
fs/nls/nls_iso8859-1.c:249:20: note: ‘cleanup_module’ target declared here
  249 | static void __exit exit_nls_iso8859_1(void)
      |                    ^~~~~~~~~~~~~~~~~~
  CC [M]  fs/nls/nls_iso8859-2.o
In file included from fs/nls/nls_iso8859-2.c:10:
./include/linux/module.h:132:6: warning: ‘init_module’ specifies less restrictive attribute than its target ‘init_nls_iso8859_2’: ‘cold’ [-Wmissing-attributes]
  132 |  int init_module(void) __attribute__((alias(#initfn)));
      |      ^~~~~~~~~~~
fs/nls/nls_iso8859-2.c:305:1: note: in expansion of macro ‘module_init’
  305 | module_init(init_nls_iso8859_2)
      | ^~~~~~~~~~~
fs/nls/nls_iso8859-2.c:295:19: note: ‘init_module’ target declared here
  295 | static int __init init_nls_iso8859_2(void)
      |                   ^~~~~~~~~~~~~~~~~~
In file included from fs/nls/nls_iso8859-2.c:10:
./include/linux/module.h:138:7: warning: ‘cleanup_module’ specifies less restrictive attribute than its target ‘exit_nls_iso8859_2’: ‘cold’ [-Wmissing-attributes]
  138 |  void cleanup_module(void) __attribute__((alias(#exitfn)));
      |       ^~~~~~~~~~~~~~
fs/nls/nls_iso8859-2.c:306:1: note: in expansion of macro ‘module_exit’
  306 | module_exit(exit_nls_iso8859_2)
      | ^~~~~~~~~~~
fs/nls/nls_iso8859-2.c:300:20: note: ‘cleanup_module’ target declared here
  300 | static void __exit exit_nls_iso8859_2(void)
      |                    ^~~~~~~~~~~~~~~~~~
  CC [M]  fs/nls/nls_iso8859-3.o
In file included from fs/nls/nls_iso8859-3.c:10:
./include/linux/module.h:132:6: warning: ‘init_module’ specifies less restrictive attribute than its target ‘init_nls_iso8859_3’: ‘cold’ [-Wmissing-attributes]
  132 |  int init_module(void) __attribute__((alias(#initfn)));
      |      ^~~~~~~~~~~
fs/nls/nls_iso8859-3.c:305:1: note: in expansion of macro ‘module_init’
  305 | module_init(init_nls_iso8859_3)
      | ^~~~~~~~~~~
fs/nls/nls_iso8859-3.c:295:19: note: ‘init_module’ target declared here
  295 | static int __init init_nls_iso8859_3(void)
      |                   ^~~~~~~~~~~~~~~~~~
In file included from fs/nls/nls_iso8859-3.c:10:
./include/linux/module.h:138:7: warning: ‘cleanup_module’ specifies less restrictive attribute than its target ‘exit_nls_iso8859_3’: ‘cold’ [-Wmissing-attributes]
  138 |  void cleanup_module(void) __attribute__((alias(#exitfn)));
      |       ^~~~~~~~~~~~~~
fs/nls/nls_iso8859-3.c:306:1: note: in expansion of macro ‘module_exit’
  306 | module_exit(exit_nls_iso8859_3)
      | ^~~~~~~~~~~
fs/nls/nls_iso8859-3.c:300:20: note: ‘cleanup_module’ target declared here
  300 | static void __exit exit_nls_iso8859_3(void)
      |                    ^~~~~~~~~~~~~~~~~~
  CC [M]  fs/nls/nls_iso8859-4.o
In file included from fs/nls/nls_iso8859-4.c:10:
./include/linux/module.h:132:6: warning: ‘init_module’ specifies less restrictive attribute than its target ‘init_nls_iso8859_4’: ‘cold’ [-Wmissing-attributes]
  132 |  int init_module(void) __attribute__((alias(#initfn)));
      |      ^~~~~~~~~~~
fs/nls/nls_iso8859-4.c:305:1: note: in expansion of macro ‘module_init’
  305 | module_init(init_nls_iso8859_4)
      | ^~~~~~~~~~~
fs/nls/nls_iso8859-4.c:295:19: note: ‘init_module’ target declared here
  295 | static int __init init_nls_iso8859_4(void)
      |                   ^~~~~~~~~~~~~~~~~~
In file included from fs/nls/nls_iso8859-4.c:10:
./include/linux/module.h:138:7: warning: ‘cleanup_module’ specifies less restrictive attribute than its target ‘exit_nls_iso8859_4’: ‘cold’ [-Wmissing-attributes]
  138 |  void cleanup_module(void) __attribute__((alias(#exitfn)));
      |       ^~~~~~~~~~~~~~
fs/nls/nls_iso8859-4.c:306:1: note: in expansion of macro ‘module_exit’
  306 | module_exit(exit_nls_iso8859_4)
      | ^~~~~~~~~~~
fs/nls/nls_iso8859-4.c:300:20: note: ‘cleanup_module’ target declared here
  300 | static void __exit exit_nls_iso8859_4(void)
      |                    ^~~~~~~~~~~~~~~~~~
  CC [M]  fs/nls/nls_iso8859-5.o
In file included from fs/nls/nls_iso8859-5.c:10:
./include/linux/module.h:132:6: warning: ‘init_module’ specifies less restrictive attribute than its target ‘init_nls_iso8859_5’: ‘cold’ [-Wmissing-attributes]
  132 |  int init_module(void) __attribute__((alias(#initfn)));
      |      ^~~~~~~~~~~
fs/nls/nls_iso8859-5.c:269:1: note: in expansion of macro ‘module_init’
  269 | module_init(init_nls_iso8859_5)
      | ^~~~~~~~~~~
fs/nls/nls_iso8859-5.c:259:19: note: ‘init_module’ target declared here
  259 | static int __init init_nls_iso8859_5(void)
      |                   ^~~~~~~~~~~~~~~~~~
In file included from fs/nls/nls_iso8859-5.c:10:
./include/linux/module.h:138:7: warning: ‘cleanup_module’ specifies less restrictive attribute than its target ‘exit_nls_iso8859_5’: ‘cold’ [-Wmissing-attributes]
  138 |  void cleanup_module(void) __attribute__((alias(#exitfn)));
      |       ^~~~~~~~~~~~~~
fs/nls/nls_iso8859-5.c:270:1: note: in expansion of macro ‘module_exit’
  270 | module_exit(exit_nls_iso8859_5)
      | ^~~~~~~~~~~
fs/nls/nls_iso8859-5.c:264:20: note: ‘cleanup_module’ target declared here
  264 | static void __exit exit_nls_iso8859_5(void)
      |                    ^~~~~~~~~~~~~~~~~~
  CC [M]  fs/nls/nls_iso8859-6.o
In file included from fs/nls/nls_iso8859-6.c:10:
./include/linux/module.h:132:6: warning: ‘init_module’ specifies less restrictive attribute than its target ‘init_nls_iso8859_6’: ‘cold’ [-Wmissing-attributes]
  132 |  int init_module(void) __attribute__((alias(#initfn)));
      |      ^~~~~~~~~~~
fs/nls/nls_iso8859-6.c:260:1: note: in expansion of macro ‘module_init’
  260 | module_init(init_nls_iso8859_6)
      | ^~~~~~~~~~~
fs/nls/nls_iso8859-6.c:250:19: note: ‘init_module’ target declared here
  250 | static int __init init_nls_iso8859_6(void)
      |                   ^~~~~~~~~~~~~~~~~~
In file included from fs/nls/nls_iso8859-6.c:10:
./include/linux/module.h:138:7: warning: ‘cleanup_module’ specifies less restrictive attribute than its target ‘exit_nls_iso8859_6’: ‘cold’ [-Wmissing-attributes]
  138 |  void cleanup_module(void) __attribute__((alias(#exitfn)));
      |       ^~~~~~~~~~~~~~
fs/nls/nls_iso8859-6.c:261:1: note: in expansion of macro ‘module_exit’
  261 | module_exit(exit_nls_iso8859_6)
      | ^~~~~~~~~~~
fs/nls/nls_iso8859-6.c:255:20: note: ‘cleanup_module’ target declared here
  255 | static void __exit exit_nls_iso8859_6(void)
      |                    ^~~~~~~~~~~~~~~~~~
  CC [M]  fs/nls/nls_iso8859-7.o
In file included from fs/nls/nls_iso8859-7.c:10:
./include/linux/module.h:132:6: warning: ‘init_module’ specifies less restrictive attribute than its target ‘init_nls_iso8859_7’: ‘cold’ [-Wmissing-attributes]
  132 |  int init_module(void) __attribute__((alias(#initfn)));
      |      ^~~~~~~~~~~
fs/nls/nls_iso8859-7.c:314:1: note: in expansion of macro ‘module_init’
  314 | module_init(init_nls_iso8859_7)
      | ^~~~~~~~~~~
fs/nls/nls_iso8859-7.c:304:19: note: ‘init_module’ target declared here
  304 | static int __init init_nls_iso8859_7(void)
      |                   ^~~~~~~~~~~~~~~~~~
In file included from fs/nls/nls_iso8859-7.c:10:
./include/linux/module.h:138:7: warning: ‘cleanup_module’ specifies less restrictive attribute than its target ‘exit_nls_iso8859_7’: ‘cold’ [-Wmissing-attributes]
  138 |  void cleanup_module(void) __attribute__((alias(#exitfn)));
      |       ^~~~~~~~~~~~~~
fs/nls/nls_iso8859-7.c:315:1: note: in expansion of macro ‘module_exit’
  315 | module_exit(exit_nls_iso8859_7)
      | ^~~~~~~~~~~
fs/nls/nls_iso8859-7.c:309:20: note: ‘cleanup_module’ target declared here
  309 | static void __exit exit_nls_iso8859_7(void)
      |                    ^~~~~~~~~~~~~~~~~~
  CC [M]  fs/nls/nls_cp1255.o
In file included from fs/nls/nls_cp1255.c:8:
./include/linux/module.h:132:6: warning: ‘init_module’ specifies less restrictive attribute than its target ‘init_nls_cp1255’: ‘cold’ [-Wmissing-attributes]
  132 |  int init_module(void) __attribute__((alias(#initfn)));
      |      ^~~~~~~~~~~
fs/nls/nls_cp1255.c:380:1: note: in expansion of macro ‘module_init’
  380 | module_init(init_nls_cp1255)
      | ^~~~~~~~~~~
fs/nls/nls_cp1255.c:370:19: note: ‘init_module’ target declared here
  370 | static int __init init_nls_cp1255(void)
      |                   ^~~~~~~~~~~~~~~
In file included from fs/nls/nls_cp1255.c:8:
./include/linux/module.h:138:7: warning: ‘cleanup_module’ specifies less restrictive attribute than its target ‘exit_nls_cp1255’: ‘cold’ [-Wmissing-attributes]
  138 |  void cleanup_module(void) __attribute__((alias(#exitfn)));
      |       ^~~~~~~~~~~~~~
fs/nls/nls_cp1255.c:381:1: note: in expansion of macro ‘module_exit’
  381 | module_exit(exit_nls_cp1255)
      | ^~~~~~~~~~~
fs/nls/nls_cp1255.c:375:20: note: ‘cleanup_module’ target declared here
  375 | static void __exit exit_nls_cp1255(void)
      |                    ^~~~~~~~~~~~~~~
  CC [M]  fs/nls/nls_iso8859-9.o
In file included from fs/nls/nls_iso8859-9.c:10:
./include/linux/module.h:132:6: warning: ‘init_module’ specifies less restrictive attribute than its target ‘init_nls_iso8859_9’: ‘cold’ [-Wmissing-attributes]
  132 |  int init_module(void) __attribute__((alias(#initfn)));
      |      ^~~~~~~~~~~
fs/nls/nls_iso8859-9.c:269:1: note: in expansion of macro ‘module_init’
  269 | module_init(init_nls_iso8859_9)
      | ^~~~~~~~~~~
fs/nls/nls_iso8859-9.c:259:19: note: ‘init_module’ target declared here
  259 | static int __init init_nls_iso8859_9(void)
      |                   ^~~~~~~~~~~~~~~~~~
In file included from fs/nls/nls_iso8859-9.c:10:
./include/linux/module.h:138:7: warning: ‘cleanup_module’ specifies less restrictive attribute than its target ‘exit_nls_iso8859_9’: ‘cold’ [-Wmissing-attributes]
  138 |  void cleanup_module(void) __attribute__((alias(#exitfn)));
      |       ^~~~~~~~~~~~~~
fs/nls/nls_iso8859-9.c:270:1: note: in expansion of macro ‘module_exit’
  270 | module_exit(exit_nls_iso8859_9)
      | ^~~~~~~~~~~
fs/nls/nls_iso8859-9.c:264:20: note: ‘cleanup_module’ target declared here
  264 | static void __exit exit_nls_iso8859_9(void)
      |                    ^~~~~~~~~~~~~~~~~~
  CC [M]  fs/nls/nls_iso8859-13.o
In file included from fs/nls/nls_iso8859-13.c:8:
./include/linux/module.h:132:6: warning: ‘init_module’ specifies less restrictive attribute than its target ‘init_nls_iso8859_13’: ‘cold’ [-Wmissing-attributes]
  132 |  int init_module(void) __attribute__((alias(#initfn)));
      |      ^~~~~~~~~~~
fs/nls/nls_iso8859-13.c:282:1: note: in expansion of macro ‘module_init’
  282 | module_init(init_nls_iso8859_13)
      | ^~~~~~~~~~~
fs/nls/nls_iso8859-13.c:272:19: note: ‘init_module’ target declared here
  272 | static int __init init_nls_iso8859_13(void)
      |                   ^~~~~~~~~~~~~~~~~~~
In file included from fs/nls/nls_iso8859-13.c:8:
./include/linux/module.h:138:7: warning: ‘cleanup_module’ specifies less restrictive attribute than its target ‘exit_nls_iso8859_13’: ‘cold’ [-Wmissing-attributes]
  138 |  void cleanup_module(void) __attribute__((alias(#exitfn)));
      |       ^~~~~~~~~~~~~~
fs/nls/nls_iso8859-13.c:283:1: note: in expansion of macro ‘module_exit’
  283 | module_exit(exit_nls_iso8859_13)
      | ^~~~~~~~~~~
fs/nls/nls_iso8859-13.c:277:20: note: ‘cleanup_module’ target declared here
  277 | static void __exit exit_nls_iso8859_13(void)
      |                    ^~~~~~~~~~~~~~~~~~~
  CC [M]  fs/nls/nls_iso8859-14.o
In file included from fs/nls/nls_iso8859-14.c:15:
./include/linux/module.h:132:6: warning: ‘init_module’ specifies less restrictive attribute than its target ‘init_nls_iso8859_14’: ‘cold’ [-Wmissing-attributes]
  132 |  int init_module(void) __attribute__((alias(#initfn)));
      |      ^~~~~~~~~~~
fs/nls/nls_iso8859-14.c:338:1: note: in expansion of macro ‘module_init’
  338 | module_init(init_nls_iso8859_14)
      | ^~~~~~~~~~~
fs/nls/nls_iso8859-14.c:328:19: note: ‘init_module’ target declared here
  328 | static int __init init_nls_iso8859_14(void)
      |                   ^~~~~~~~~~~~~~~~~~~
In file included from fs/nls/nls_iso8859-14.c:15:
./include/linux/module.h:138:7: warning: ‘cleanup_module’ specifies less restrictive attribute than its target ‘exit_nls_iso8859_14’: ‘cold’ [-Wmissing-attributes]
  138 |  void cleanup_module(void) __attribute__((alias(#exitfn)));
      |       ^~~~~~~~~~~~~~
fs/nls/nls_iso8859-14.c:339:1: note: in expansion of macro ‘module_exit’
  339 | module_exit(exit_nls_iso8859_14)
      | ^~~~~~~~~~~
fs/nls/nls_iso8859-14.c:333:20: note: ‘cleanup_module’ target declared here
  333 | static void __exit exit_nls_iso8859_14(void)
      |                    ^~~~~~~~~~~~~~~~~~~
  CC [M]  fs/nls/nls_iso8859-15.o
In file included from fs/nls/nls_iso8859-15.c:8:
./include/linux/module.h:132:6: warning: ‘init_module’ specifies less restrictive attribute than its target ‘init_nls_iso8859_15’: ‘cold’ [-Wmissing-attributes]
  132 |  int init_module(void) __attribute__((alias(#initfn)));
      |      ^~~~~~~~~~~
fs/nls/nls_iso8859-15.c:304:1: note: in expansion of macro ‘module_init’
  304 | module_init(init_nls_iso8859_15)
      | ^~~~~~~~~~~
fs/nls/nls_iso8859-15.c:294:19: note: ‘init_module’ target declared here
  294 | static int __init init_nls_iso8859_15(void)
      |                   ^~~~~~~~~~~~~~~~~~~
In file included from fs/nls/nls_iso8859-15.c:8:
./include/linux/module.h:138:7: warning: ‘cleanup_module’ specifies less restrictive attribute than its target ‘exit_nls_iso8859_15’: ‘cold’ [-Wmissing-attributes]
  138 |  void cleanup_module(void) __attribute__((alias(#exitfn)));
      |       ^~~~~~~~~~~~~~
fs/nls/nls_iso8859-15.c:305:1: note: in expansion of macro ‘module_exit’
  305 | module_exit(exit_nls_iso8859_15)
      | ^~~~~~~~~~~
fs/nls/nls_iso8859-15.c:299:20: note: ‘cleanup_module’ target declared here
  299 | static void __exit exit_nls_iso8859_15(void)
      |                    ^~~~~~~~~~~~~~~~~~~
  CC [M]  fs/nls/nls_koi8-r.o
In file included from fs/nls/nls_koi8-r.c:10:
./include/linux/module.h:132:6: warning: ‘init_module’ specifies less restrictive attribute than its target ‘init_nls_koi8_r’: ‘cold’ [-Wmissing-attributes]
  132 |  int init_module(void) __attribute__((alias(#initfn)));
      |      ^~~~~~~~~~~
fs/nls/nls_koi8-r.c:320:1: note: in expansion of macro ‘module_init’
  320 | module_init(init_nls_koi8_r)
      | ^~~~~~~~~~~
fs/nls/nls_koi8-r.c:310:19: note: ‘init_module’ target declared here
  310 | static int __init init_nls_koi8_r(void)
      |                   ^~~~~~~~~~~~~~~
In file included from fs/nls/nls_koi8-r.c:10:
./include/linux/module.h:138:7: warning: ‘cleanup_module’ specifies less restrictive attribute than its target ‘exit_nls_koi8_r’: ‘cold’ [-Wmissing-attributes]
  138 |  void cleanup_module(void) __attribute__((alias(#exitfn)));
      |       ^~~~~~~~~~~~~~
fs/nls/nls_koi8-r.c:321:1: note: in expansion of macro ‘module_exit’
  321 | module_exit(exit_nls_koi8_r)
      | ^~~~~~~~~~~
fs/nls/nls_koi8-r.c:315:20: note: ‘cleanup_module’ target declared here
  315 | static void __exit exit_nls_koi8_r(void)
      |                    ^~~~~~~~~~~~~~~
  CC [M]  fs/nls/nls_koi8-u.o
In file included from fs/nls/nls_koi8-u.c:8:
./include/linux/module.h:132:6: warning: ‘init_module’ specifies less restrictive attribute than its target ‘init_nls_koi8_u’: ‘cold’ [-Wmissing-attributes]
  132 |  int init_module(void) __attribute__((alias(#initfn)));
      |      ^~~~~~~~~~~
fs/nls/nls_koi8-u.c:327:1: note: in expansion of macro ‘module_init’
  327 | module_init(init_nls_koi8_u)
      | ^~~~~~~~~~~
fs/nls/nls_koi8-u.c:317:19: note: ‘init_module’ target declared here
  317 | static int __init init_nls_koi8_u(void)
      |                   ^~~~~~~~~~~~~~~
In file included from fs/nls/nls_koi8-u.c:8:
./include/linux/module.h:138:7: warning: ‘cleanup_module’ specifies less restrictive attribute than its target ‘exit_nls_koi8_u’: ‘cold’ [-Wmissing-attributes]
  138 |  void cleanup_module(void) __attribute__((alias(#exitfn)));
      |       ^~~~~~~~~~~~~~
fs/nls/nls_koi8-u.c:328:1: note: in expansion of macro ‘module_exit’
  328 | module_exit(exit_nls_koi8_u)
      | ^~~~~~~~~~~
fs/nls/nls_koi8-u.c:322:20: note: ‘cleanup_module’ target declared here
  322 | static void __exit exit_nls_koi8_u(void)
      |                    ^~~~~~~~~~~~~~~
  CC [M]  fs/nls/nls_koi8-ru.o
In file included from fs/nls/nls_koi8-ru.c:8:
./include/linux/module.h:132:6: warning: ‘init_module’ specifies less restrictive attribute than its target ‘init_nls_koi8_ru’: ‘cold’ [-Wmissing-attributes]
  132 |  int init_module(void) __attribute__((alias(#initfn)));
      |      ^~~~~~~~~~~
fs/nls/nls_koi8-ru.c:79:1: note: in expansion of macro ‘module_init’
   79 | module_init(init_nls_koi8_ru)
      | ^~~~~~~~~~~
fs/nls/nls_koi8-ru.c:60:19: note: ‘init_module’ target declared here
   60 | static int __init init_nls_koi8_ru(void)
      |                   ^~~~~~~~~~~~~~~~
In file included from fs/nls/nls_koi8-ru.c:8:
./include/linux/module.h:138:7: warning: ‘cleanup_module’ specifies less restrictive attribute than its target ‘exit_nls_koi8_ru’: ‘cold’ [-Wmissing-attributes]
  138 |  void cleanup_module(void) __attribute__((alias(#exitfn)));
      |       ^~~~~~~~~~~~~~
fs/nls/nls_koi8-ru.c:80:1: note: in expansion of macro ‘module_exit’
   80 | module_exit(exit_nls_koi8_ru)
      | ^~~~~~~~~~~
fs/nls/nls_koi8-ru.c:73:20: note: ‘cleanup_module’ target declared here
   73 | static void __exit exit_nls_koi8_ru(void)
      |                    ^~~~~~~~~~~~~~~~
  CC [M]  fs/nls/nls_utf8.o
In file included from fs/nls/nls_utf8.c:6:
./include/linux/module.h:132:6: warning: ‘init_module’ specifies less restrictive attribute than its target ‘init_nls_utf8’: ‘cold’ [-Wmissing-attributes]
  132 |  int init_module(void) __attribute__((alias(#initfn)));
      |      ^~~~~~~~~~~
fs/nls/nls_utf8.c:65:1: note: in expansion of macro ‘module_init’
   65 | module_init(init_nls_utf8)
      | ^~~~~~~~~~~
fs/nls/nls_utf8.c:51:19: note: ‘init_module’ target declared here
   51 | static int __init init_nls_utf8(void)
      |                   ^~~~~~~~~~~~~
In file included from fs/nls/nls_utf8.c:6:
./include/linux/module.h:138:7: warning: ‘cleanup_module’ specifies less restrictive attribute than its target ‘exit_nls_utf8’: ‘cold’ [-Wmissing-attributes]
  138 |  void cleanup_module(void) __attribute__((alias(#exitfn)));
      |       ^~~~~~~~~~~~~~
fs/nls/nls_utf8.c:66:1: note: in expansion of macro ‘module_exit’
   66 | module_exit(exit_nls_utf8)
      | ^~~~~~~~~~~
fs/nls/nls_utf8.c:60:20: note: ‘cleanup_module’ target declared here
   60 | static void __exit exit_nls_utf8(void)
      |                    ^~~~~~~~~~~~~
  CC      fs/notify/fsnotify.o
  CC      fs/notify/notification.o
  CC      fs/notify/group.o
  CC      fs/notify/inode_mark.o
  CC      fs/notify/mark.o
  CC      fs/notify/vfsmount_mark.o
  CC      fs/notify/fdinfo.o
  CC      fs/notify/dnotify/dnotify.o
  LD      fs/notify/dnotify/built-in.o
  CC      fs/notify/fanotify/fanotify.o
  CC      fs/notify/fanotify/fanotify_user.o
In file included from fs/notify/fanotify/fanotify_user.c:12:
./include/linux/syscalls.h:195:18: warning: ‘sys_fanotify_init’ alias between functions of incompatible types ‘long int(unsigned int,  unsigned int)’ and ‘long int(long int,  long int)’ [-Wattribute-alias=]
  195 |  asmlinkage long sys##name(__MAP(x,__SC_DECL,__VA_ARGS__)) \
      |                  ^~~
./include/linux/syscalls.h:191:2: note: in expansion of macro ‘__SYSCALL_DEFINEx’
  191 |  __SYSCALL_DEFINEx(x, sname, __VA_ARGS__)
      |  ^~~~~~~~~~~~~~~~~
./include/linux/syscalls.h:183:36: note: in expansion of macro ‘SYSCALL_DEFINEx’
  183 | #define SYSCALL_DEFINE2(name, ...) SYSCALL_DEFINEx(2, _##name, __VA_ARGS__)
      |                                    ^~~~~~~~~~~~~~~
fs/notify/fanotify/fanotify_user.c:717:1: note: in expansion of macro ‘SYSCALL_DEFINE2’
  717 | SYSCALL_DEFINE2(fanotify_init, unsigned int, flags, unsigned int, event_f_flags)
      | ^~~~~~~~~~~~~~~
./include/linux/syscalls.h:199:18: note: aliased declaration here
  199 |  asmlinkage long SyS##name(__MAP(x,__SC_LONG,__VA_ARGS__)) \
      |                  ^~~
./include/linux/syscalls.h:191:2: note: in expansion of macro ‘__SYSCALL_DEFINEx’
  191 |  __SYSCALL_DEFINEx(x, sname, __VA_ARGS__)
      |  ^~~~~~~~~~~~~~~~~
./include/linux/syscalls.h:183:36: note: in expansion of macro ‘SYSCALL_DEFINEx’
  183 | #define SYSCALL_DEFINE2(name, ...) SYSCALL_DEFINEx(2, _##name, __VA_ARGS__)
      |                                    ^~~~~~~~~~~~~~~
fs/notify/fanotify/fanotify_user.c:717:1: note: in expansion of macro ‘SYSCALL_DEFINE2’
  717 | SYSCALL_DEFINE2(fanotify_init, unsigned int, flags, unsigned int, event_f_flags)
      | ^~~~~~~~~~~~~~~
./include/linux/syscalls.h:195:18: warning: ‘sys_fanotify_mark’ alias between functions of incompatible types ‘long int(int,  unsigned int,  __u64,  int,  const char *)’ {aka ‘long int(int,  unsigned int,  long long unsigned int,  int,  const char *)’} and ‘long int(long int,  long int,  long long int,  long int,  long int)’ [-Wattribute-alias=]
  195 |  asmlinkage long sys##name(__MAP(x,__SC_DECL,__VA_ARGS__)) \
      |                  ^~~
./include/linux/syscalls.h:191:2: note: in expansion of macro ‘__SYSCALL_DEFINEx’
  191 |  __SYSCALL_DEFINEx(x, sname, __VA_ARGS__)
      |  ^~~~~~~~~~~~~~~~~
./include/linux/syscalls.h:186:36: note: in expansion of macro ‘SYSCALL_DEFINEx’
  186 | #define SYSCALL_DEFINE5(name, ...) SYSCALL_DEFINEx(5, _##name, __VA_ARGS__)
      |                                    ^~~~~~~~~~~~~~~
fs/notify/fanotify/fanotify_user.c:825:1: note: in expansion of macro ‘SYSCALL_DEFINE5’
  825 | SYSCALL_DEFINE5(fanotify_mark, int, fanotify_fd, unsigned int, flags,
      | ^~~~~~~~~~~~~~~
./include/linux/syscalls.h:199:18: note: aliased declaration here
  199 |  asmlinkage long SyS##name(__MAP(x,__SC_LONG,__VA_ARGS__)) \
      |                  ^~~
./include/linux/syscalls.h:191:2: note: in expansion of macro ‘__SYSCALL_DEFINEx’
  191 |  __SYSCALL_DEFINEx(x, sname, __VA_ARGS__)
      |  ^~~~~~~~~~~~~~~~~
./include/linux/syscalls.h:186:36: note: in expansion of macro ‘SYSCALL_DEFINEx’
  186 | #define SYSCALL_DEFINE5(name, ...) SYSCALL_DEFINEx(5, _##name, __VA_ARGS__)
      |                                    ^~~~~~~~~~~~~~~
fs/notify/fanotify/fanotify_user.c:825:1: note: in expansion of macro ‘SYSCALL_DEFINE5’
  825 | SYSCALL_DEFINE5(fanotify_mark, int, fanotify_fd, unsigned int, flags,
      | ^~~~~~~~~~~~~~~
  LD      fs/notify/fanotify/built-in.o
  CC      fs/notify/inotify/inotify_fsnotify.o
  CC      fs/notify/inotify/inotify_user.o
In file included from fs/notify/inotify/inotify_user.c:35:
./include/linux/syscalls.h:195:18: warning: ‘sys_inotify_add_watch’ alias between functions of incompatible types ‘long int(int,  const char *, u32)’ {aka ‘long int(int,  const char *, unsigned int)’} and ‘long int(long int,  long int,  long int)’ [-Wattribute-alias=]
  195 |  asmlinkage long sys##name(__MAP(x,__SC_DECL,__VA_ARGS__)) \
      |                  ^~~
./include/linux/syscalls.h:191:2: note: in expansion of macro ‘__SYSCALL_DEFINEx’
  191 |  __SYSCALL_DEFINEx(x, sname, __VA_ARGS__)
      |  ^~~~~~~~~~~~~~~~~
./include/linux/syscalls.h:184:36: note: in expansion of macro ‘SYSCALL_DEFINEx’
  184 | #define SYSCALL_DEFINE3(name, ...) SYSCALL_DEFINEx(3, _##name, __VA_ARGS__)
      |                                    ^~~~~~~~~~~~~~~
fs/notify/inotify/inotify_user.c:699:1: note: in expansion of macro ‘SYSCALL_DEFINE3’
  699 | SYSCALL_DEFINE3(inotify_add_watch, int, fd, const char __user *, pathname,
      | ^~~~~~~~~~~~~~~
./include/linux/syscalls.h:199:18: note: aliased declaration here
  199 |  asmlinkage long SyS##name(__MAP(x,__SC_LONG,__VA_ARGS__)) \
      |                  ^~~
./include/linux/syscalls.h:191:2: note: in expansion of macro ‘__SYSCALL_DEFINEx’
  191 |  __SYSCALL_DEFINEx(x, sname, __VA_ARGS__)
      |  ^~~~~~~~~~~~~~~~~
./include/linux/syscalls.h:184:36: note: in expansion of macro ‘SYSCALL_DEFINEx’
  184 | #define SYSCALL_DEFINE3(name, ...) SYSCALL_DEFINEx(3, _##name, __VA_ARGS__)
      |                                    ^~~~~~~~~~~~~~~
fs/notify/inotify/inotify_user.c:699:1: note: in expansion of macro ‘SYSCALL_DEFINE3’
  699 | SYSCALL_DEFINE3(inotify_add_watch, int, fd, const char __user *, pathname,
      | ^~~~~~~~~~~~~~~
  LD      fs/notify/inotify/built-in.o
  LD      fs/notify/built-in.o
  LD      fs/ntfs/built-in.o
  CC [M]  fs/ntfs/aops.o
  CC [M]  fs/ntfs/attrib.o
  CC [M]  fs/ntfs/collate.o
  CC [M]  fs/ntfs/compress.o
  CC [M]  fs/ntfs/debug.o
  CC [M]  fs/ntfs/dir.o
fs/ntfs/dir.c: In function ‘ntfs_lookup_inode_by_name’:
fs/ntfs/dir.c:157:16: warning: taking address of packed member of ‘struct <anonymous>’ may result in an unaligned pointer value [-Waddress-of-packed-member]
  157 |     (ntfschar*)&ie->key.file_name.file_name,
      |                ^~~~~~~~~~~~~~~~~~~~~~~~~~~~
fs/ntfs/dir.c:207:16: warning: taking address of packed member of ‘struct <anonymous>’ may result in an unaligned pointer value [-Waddress-of-packed-member]
  207 |     (ntfschar*)&ie->key.file_name.file_name,
      |                ^~~~~~~~~~~~~~~~~~~~~~~~~~~~
fs/ntfs/dir.c:248:16: warning: taking address of packed member of ‘struct <anonymous>’ may result in an unaligned pointer value [-Waddress-of-packed-member]
  248 |     (ntfschar*)&ie->key.file_name.file_name,
      |                ^~~~~~~~~~~~~~~~~~~~~~~~~~~~
fs/ntfs/dir.c:267:16: warning: taking address of packed member of ‘struct <anonymous>’ may result in an unaligned pointer value [-Waddress-of-packed-member]
  267 |     (ntfschar*)&ie->key.file_name.file_name,
      |                ^~~~~~~~~~~~~~~~~~~~~~~~~~~~
fs/ntfs/dir.c:417:16: warning: taking address of packed member of ‘struct <anonymous>’ may result in an unaligned pointer value [-Waddress-of-packed-member]
  417 |     (ntfschar*)&ie->key.file_name.file_name,
      |                ^~~~~~~~~~~~~~~~~~~~~~~~~~~~
fs/ntfs/dir.c:467:16: warning: taking address of packed member of ‘struct <anonymous>’ may result in an unaligned pointer value [-Waddress-of-packed-member]
  467 |     (ntfschar*)&ie->key.file_name.file_name,
      |                ^~~~~~~~~~~~~~~~~~~~~~~~~~~~
fs/ntfs/dir.c:510:16: warning: taking address of packed member of ‘struct <anonymous>’ may result in an unaligned pointer value [-Waddress-of-packed-member]
  510 |     (ntfschar*)&ie->key.file_name.file_name,
      |                ^~~~~~~~~~~~~~~~~~~~~~~~~~~~
fs/ntfs/dir.c:529:16: warning: taking address of packed member of ‘struct <anonymous>’ may result in an unaligned pointer value [-Waddress-of-packed-member]
  529 |     (ntfschar*)&ie->key.file_name.file_name,
      |                ^~~~~~~~~~~~~~~~~~~~~~~~~~~~
fs/ntfs/dir.c: In function ‘ntfs_filldir’:
fs/ntfs/dir.c:1048:43: warning: taking address of packed member of ‘struct <anonymous>’ may result in an unaligned pointer value [-Waddress-of-packed-member]
 1048 |  name_len = ntfs_ucstonls(vol, (ntfschar*)&ie->key.file_name.file_name,
      |                                           ^~~~~~~~~~~~~~~~~~~~~~~~~~~~
  CC [M]  fs/ntfs/file.o
  CC [M]  fs/ntfs/index.o
  CC [M]  fs/ntfs/inode.o
  CC [M]  fs/ntfs/mft.o
  CC [M]  fs/ntfs/mst.o
  CC [M]  fs/ntfs/namei.o
fs/ntfs/namei.c: In function ‘ntfs_lookup’:
fs/ntfs/namei.c:188:16: warning: taking address of packed member of ‘struct <anonymous>’ may result in an unaligned pointer value [-Waddress-of-packed-member]
  188 |     (ntfschar*)&name->name, name->len,
      |                ^~~~~~~~~~~
fs/ntfs/namei.c:242:16: warning: taking address of packed member of ‘struct <anonymous>’ may result in an unaligned pointer value [-Waddress-of-packed-member]
  242 |     (ntfschar*)&fn->file_name, fn->file_name_length,
      |                ^~~~~~~~~~~~~~
fs/ntfs/namei.c: In function ‘ntfs_get_parent’:
fs/ntfs/namei.c:315:18: warning: converting a packed ‘MFT_RECORD’ {aka ‘struct <anonymous>’} pointer (alignment 1) to a ‘struct dentry’ pointer (alignment 8) may result in an unaligned pointer value [-Waddress-of-packed-member]
  315 |   return (struct dentry *)mrec;
      |                  ^~~~~~
In file included from fs/ntfs/attrib.h:29,
                 from fs/ntfs/namei.c:28:
fs/ntfs/layout.h:326:9: note: defined here
  326 | typedef struct {
      |         ^~~~~~
In file included from fs/ntfs/namei.c:23:
./include/linux/dcache.h:83:8: note: defined here
   83 | struct dentry {
      |        ^~~~~~
  CC [M]  fs/ntfs/runlist.o
  CC [M]  fs/ntfs/super.o
fs/ntfs/super.c: In function ‘is_boot_sector_ntfs’:
fs/ntfs/super.c:597:3: warning: converting a packed ‘NTFS_BOOT_SECTOR’ {aka ‘const struct <anonymous>’} pointer (alignment 1) to a ‘le32’ {aka ‘unsigned int’} pointer (alignment 4) may result in an unaligned pointer value [-Waddress-of-packed-member]
  597 |   for (i = 0, u = (le32*)b; u < (le32*)(&b->checksum); ++u)
      |   ^~~
In file included from fs/ntfs/ntfs.h:28,
                 from fs/ntfs/super.c:47:
fs/ntfs/super.c: At top level:
./include/linux/module.h:132:6: warning: ‘init_module’ specifies less restrictive attribute than its target ‘init_ntfs_fs’: ‘cold’ [-Wmissing-attributes]
  132 |  int init_module(void) __attribute__((alias(#initfn)));
      |      ^~~~~~~~~~~
fs/ntfs/super.c:3212:1: note: in expansion of macro ‘module_init’
 3212 | module_init(init_ntfs_fs)
      | ^~~~~~~~~~~
fs/ntfs/super.c:3087:19: note: ‘init_module’ target declared here
 3087 | static int __init init_ntfs_fs(void)
      |                   ^~~~~~~~~~~~
In file included from fs/ntfs/ntfs.h:28,
                 from fs/ntfs/super.c:47:
./include/linux/module.h:138:7: warning: ‘cleanup_module’ specifies less restrictive attribute than its target ‘exit_ntfs_fs’: ‘cold’ [-Wmissing-attributes]
  138 |  void cleanup_module(void) __attribute__((alias(#exitfn)));
      |       ^~~~~~~~~~~~~~
fs/ntfs/super.c:3213:1: note: in expansion of macro ‘module_exit’
 3213 | module_exit(exit_ntfs_fs)
      | ^~~~~~~~~~~
fs/ntfs/super.c:3183:20: note: ‘cleanup_module’ target declared here
 3183 | static void __exit exit_ntfs_fs(void)
      |                    ^~~~~~~~~~~~
  CC [M]  fs/ntfs/sysctl.o
  CC [M]  fs/ntfs/unistr.o
fs/ntfs/unistr.c: In function ‘ntfs_file_upcase_value’:
fs/ntfs/unistr.c:220:30: warning: taking address of packed member of ‘struct <anonymous>’ may result in an unaligned pointer value [-Waddress-of-packed-member]
  220 |  ntfs_upcase_name((ntfschar*)&file_name_attr->file_name,
      |                              ^~~~~~~~~~~~~~~~~~~~~~~~~~
fs/ntfs/unistr.c: In function ‘ntfs_file_compare_values’:
fs/ntfs/unistr.c:229:39: warning: taking address of packed member of ‘struct <anonymous>’ may result in an unaligned pointer value [-Waddress-of-packed-member]
  229 |  return ntfs_collate_names((ntfschar*)&file_name_attr1->file_name,
      |                                       ^~~~~~~~~~~~~~~~~~~~~~~~~~~
fs/ntfs/unistr.c:231:15: warning: taking address of packed member of ‘struct <anonymous>’ may result in an unaligned pointer value [-Waddress-of-packed-member]
  231 |    (ntfschar*)&file_name_attr2->file_name,
      |               ^~~~~~~~~~~~~~~~~~~~~~~~~~~
  CC [M]  fs/ntfs/upcase.o
  CC [M]  fs/ntfs/bitmap.o
  CC [M]  fs/ntfs/lcnalloc.o
  CC [M]  fs/ntfs/logfile.o
  CC [M]  fs/ntfs/quota.o
  CC [M]  fs/ntfs/usnjrnl.o
  LD [M]  fs/ntfs/ntfs.o
  LD      fs/ocfs2/built-in.o
  CC [M]  fs/ocfs2/alloc.o
  CC [M]  fs/ocfs2/aops.o
  CC [M]  fs/ocfs2/blockcheck.o
  CC [M]  fs/ocfs2/buffer_head_io.o
  CC [M]  fs/ocfs2/dcache.o
  CC [M]  fs/ocfs2/dir.o
fs/ocfs2/dir.c: In function ‘__ocfs2_delete_entry’:
fs/ocfs2/dir.c:1174:18: warning: taking address of packed member of ‘struct ocfs2_dir_entry’ may result in an unaligned pointer value [-Waddress-of-packed-member]
 1174 |     le16_add_cpu(&pde->rec_len,
      |                  ^~~~~~~~~~~~~
fs/ocfs2/dir.c: In function ‘ocfs2_expand_last_dirent’:
fs/ocfs2/dir.c:2771:15: warning: taking address of packed member of ‘struct ocfs2_dir_entry’ may result in an unaligned pointer value [-Waddress-of-packed-member]
 2771 |  le16_add_cpu(&prev_de->rec_len, bytes);
      |               ^~~~~~~~~~~~~~~~~
  CC [M]  fs/ocfs2/dlmglue.o
  CC [M]  fs/ocfs2/export.o
  CC [M]  fs/ocfs2/extent_map.o
  CC [M]  fs/ocfs2/file.o
  CC [M]  fs/ocfs2/heartbeat.o
  CC [M]  fs/ocfs2/inode.o
  CC [M]  fs/ocfs2/ioctl.o
fs/ocfs2/ioctl.c: In function ‘ocfs2_info_handle_label’:
fs/ocfs2/ioctl.c:212:28: warning: taking address of packed member of ‘struct ocfs2_info_label’ may result in an unaligned pointer value [-Waddress-of-packed-member]
  212 |  o2info_set_request_filled(&oil.il_req);
      |                            ^~~~~~~~~~~
fs/ocfs2/ioctl.c: In function ‘ocfs2_info_handle_uuid’:
fs/ocfs2/ioctl.c:231:28: warning: taking address of packed member of ‘struct ocfs2_info_uuid’ may result in an unaligned pointer value [-Waddress-of-packed-member]
  231 |  o2info_set_request_filled(&oiu.iu_req);
      |                            ^~~~~~~~~~~
  CC [M]  fs/ocfs2/journal.o
  CC [M]  fs/ocfs2/localalloc.o
  CC [M]  fs/ocfs2/locks.o
  CC [M]  fs/ocfs2/mmap.o
  CC [M]  fs/ocfs2/namei.o
  CC [M]  fs/ocfs2/refcounttree.o
  CC [M]  fs/ocfs2/reservations.o
  CC [M]  fs/ocfs2/move_extents.o
  CC [M]  fs/ocfs2/resize.o
  CC [M]  fs/ocfs2/slot_map.o
  CC [M]  fs/ocfs2/suballoc.o
  CC [M]  fs/ocfs2/super.o
In file included from fs/ocfs2/super.c:26:
./include/linux/module.h:132:6: warning: ‘init_module’ specifies less restrictive attribute than its target ‘ocfs2_init’: ‘cold’ [-Wmissing-attributes]
  132 |  int init_module(void) __attribute__((alias(#initfn)));
      |      ^~~~~~~~~~~
fs/ocfs2/super.c:2659:1: note: in expansion of macro ‘module_init’
 2659 | module_init(ocfs2_init);
      | ^~~~~~~~~~~
fs/ocfs2/super.c:1598:19: note: ‘init_module’ target declared here
 1598 | static int __init ocfs2_init(void)
      |                   ^~~~~~~~~~
In file included from fs/ocfs2/super.c:26:
./include/linux/module.h:138:7: warning: ‘cleanup_module’ specifies less restrictive attribute than its target ‘ocfs2_exit’: ‘cold’ [-Wmissing-attributes]
  138 |  void cleanup_module(void) __attribute__((alias(#exitfn)));
      |       ^~~~~~~~~~~~~~
fs/ocfs2/super.c:2660:1: note: in expansion of macro ‘module_exit’
 2660 | module_exit(ocfs2_exit);
      | ^~~~~~~~~~~
fs/ocfs2/super.c:1637:20: note: ‘cleanup_module’ target declared here
 1637 | static void __exit ocfs2_exit(void)
      |                    ^~~~~~~~~~
  CC [M]  fs/ocfs2/symlink.o
  CC [M]  fs/ocfs2/sysfile.o
  CC [M]  fs/ocfs2/uptodate.o
  CC [M]  fs/ocfs2/quota_local.o
  CC [M]  fs/ocfs2/quota_global.o
  CC [M]  fs/ocfs2/xattr.o
  CC [M]  fs/ocfs2/acl.o
  CC [M]  fs/ocfs2/filecheck.o
  LD [M]  fs/ocfs2/ocfs2.o
  CC [M]  fs/ocfs2/stackglue.o
In file included from fs/ocfs2/stackglue.c:23:
./include/linux/module.h:132:6: warning: ‘init_module’ specifies less restrictive attribute than its target ‘ocfs2_stack_glue_init’: ‘cold’ [-Wmissing-attributes]
  132 |  int init_module(void) __attribute__((alias(#initfn)));
      |      ^~~~~~~~~~~
fs/ocfs2/stackglue.c:752:1: note: in expansion of macro ‘module_init’
  752 | module_init(ocfs2_stack_glue_init);
      | ^~~~~~~~~~~
fs/ocfs2/stackglue.c:726:19: note: ‘init_module’ target declared here
  726 | static int __init ocfs2_stack_glue_init(void)
      |                   ^~~~~~~~~~~~~~~~~~~~~
In file included from fs/ocfs2/stackglue.c:23:
./include/linux/module.h:138:7: warning: ‘cleanup_module’ specifies less restrictive attribute than its target ‘ocfs2_stack_glue_exit’: ‘cold’ [-Wmissing-attributes]
  138 |  void cleanup_module(void) __attribute__((alias(#exitfn)));
      |       ^~~~~~~~~~~~~~
fs/ocfs2/stackglue.c:753:1: note: in expansion of macro ‘module_exit’
  753 | module_exit(ocfs2_stack_glue_exit);
      | ^~~~~~~~~~~
fs/ocfs2/stackglue.c:740:20: note: ‘cleanup_module’ target declared here
  740 | static void __exit ocfs2_stack_glue_exit(void)
      |                    ^~~~~~~~~~~~~~~~~~~~~
  LD [M]  fs/ocfs2/ocfs2_stackglue.o
  CC [M]  fs/ocfs2/stack_o2cb.o
In file included from fs/ocfs2/stack_o2cb.c:23:
./include/linux/module.h:132:6: warning: ‘init_module’ specifies less restrictive attribute than its target ‘o2cb_stack_init’: ‘cold’ [-Wmissing-attributes]
  132 |  int init_module(void) __attribute__((alias(#initfn)));
      |      ^~~~~~~~~~~
fs/ocfs2/stack_o2cb.c:448:1: note: in expansion of macro ‘module_init’
  448 | module_init(o2cb_stack_init);
      | ^~~~~~~~~~~
fs/ocfs2/stack_o2cb.c:435:19: note: ‘init_module’ target declared here
  435 | static int __init o2cb_stack_init(void)
      |                   ^~~~~~~~~~~~~~~
In file included from fs/ocfs2/stack_o2cb.c:23:
./include/linux/module.h:138:7: warning: ‘cleanup_module’ specifies less restrictive attribute than its target ‘o2cb_stack_exit’: ‘cold’ [-Wmissing-attributes]
  138 |  void cleanup_module(void) __attribute__((alias(#exitfn)));
      |       ^~~~~~~~~~~~~~
fs/ocfs2/stack_o2cb.c:449:1: note: in expansion of macro ‘module_exit’
  449 | module_exit(o2cb_stack_exit);
      | ^~~~~~~~~~~
fs/ocfs2/stack_o2cb.c:440:20: note: ‘cleanup_module’ target declared here
  440 | static void __exit o2cb_stack_exit(void)
      |                    ^~~~~~~~~~~~~~~
  LD [M]  fs/ocfs2/ocfs2_stack_o2cb.o
  CC [M]  fs/ocfs2/stack_user.o
In file included from fs/ocfs2/stack_user.c:20:
./include/linux/module.h:132:6: warning: ‘init_module’ specifies less restrictive attribute than its target ‘ocfs2_user_plugin_init’: ‘cold’ [-Wmissing-attributes]
  132 |  int init_module(void) __attribute__((alias(#initfn)));
      |      ^~~~~~~~~~~
fs/ocfs2/stack_user.c:1133:1: note: in expansion of macro ‘module_init’
 1133 | module_init(ocfs2_user_plugin_init);
      | ^~~~~~~~~~~
fs/ocfs2/stack_user.c:1110:19: note: ‘init_module’ target declared here
 1110 | static int __init ocfs2_user_plugin_init(void)
      |                   ^~~~~~~~~~~~~~~~~~~~~~
In file included from fs/ocfs2/stack_user.c:20:
./include/linux/module.h:138:7: warning: ‘cleanup_module’ specifies less restrictive attribute than its target ‘ocfs2_user_plugin_exit’: ‘cold’ [-Wmissing-attributes]
  138 |  void cleanup_module(void) __attribute__((alias(#exitfn)));
      |       ^~~~~~~~~~~~~~
fs/ocfs2/stack_user.c:1134:1: note: in expansion of macro ‘module_exit’
 1134 | module_exit(ocfs2_user_plugin_exit);
      | ^~~~~~~~~~~
fs/ocfs2/stack_user.c:1124:20: note: ‘cleanup_module’ target declared here
 1124 | static void __exit ocfs2_user_plugin_exit(void)
      |                    ^~~~~~~~~~~~~~~~~~~~~~
  LD [M]  fs/ocfs2/ocfs2_stack_user.o
  LD      fs/ocfs2/cluster/built-in.o
  CC [M]  fs/ocfs2/cluster/heartbeat.o
  CC [M]  fs/ocfs2/cluster/masklog.o
  CC [M]  fs/ocfs2/cluster/sys.o
  CC [M]  fs/ocfs2/cluster/nodemanager.o
In file included from fs/ocfs2/cluster/nodemanager.c:24:
./include/linux/module.h:132:6: warning: ‘init_module’ specifies less restrictive attribute than its target ‘init_o2nm’: ‘cold’ [-Wmissing-attributes]
  132 |  int init_module(void) __attribute__((alias(#initfn)));
      |      ^~~~~~~~~~~
fs/ocfs2/cluster/nodemanager.c:835:1: note: in expansion of macro ‘module_init’
  835 | module_init(init_o2nm)
      | ^~~~~~~~~~~
fs/ocfs2/cluster/nodemanager.c:792:19: note: ‘init_module’ target declared here
  792 | static int __init init_o2nm(void)
      |                   ^~~~~~~~~
In file included from fs/ocfs2/cluster/nodemanager.c:24:
./include/linux/module.h:138:7: warning: ‘cleanup_module’ specifies less restrictive attribute than its target ‘exit_o2nm’: ‘cold’ [-Wmissing-attributes]
  138 |  void cleanup_module(void) __attribute__((alias(#exitfn)));
      |       ^~~~~~~~~~~~~~
fs/ocfs2/cluster/nodemanager.c:836:1: note: in expansion of macro ‘module_exit’
  836 | module_exit(exit_o2nm)
      | ^~~~~~~~~~~
fs/ocfs2/cluster/nodemanager.c:781:20: note: ‘cleanup_module’ target declared here
  781 | static void __exit exit_o2nm(void)
      |                    ^~~~~~~~~
  CC [M]  fs/ocfs2/cluster/quorum.o
  CC [M]  fs/ocfs2/cluster/tcp.o
  CC [M]  fs/ocfs2/cluster/netdebug.o
  LD [M]  fs/ocfs2/cluster/ocfs2_nodemanager.o
  LD      fs/ocfs2/dlm/built-in.o
  CC [M]  fs/ocfs2/dlm/dlmdomain.o
In file included from fs/ocfs2/dlm/dlmdomain.c:27:
./include/linux/module.h:132:6: warning: ‘init_module’ specifies less restrictive attribute than its target ‘dlm_init’: ‘cold’ [-Wmissing-attributes]
  132 |  int init_module(void) __attribute__((alias(#initfn)));
      |      ^~~~~~~~~~~
fs/ocfs2/dlm/dlmdomain.c:2389:1: note: in expansion of macro ‘module_init’
 2389 | module_init(dlm_init);
      | ^~~~~~~~~~~
fs/ocfs2/dlm/dlmdomain.c:2334:19: note: ‘init_module’ target declared here
 2334 | static int __init dlm_init(void)
      |                   ^~~~~~~~
In file included from fs/ocfs2/dlm/dlmdomain.c:27:
./include/linux/module.h:138:7: warning: ‘cleanup_module’ specifies less restrictive attribute than its target ‘dlm_exit’: ‘cold’ [-Wmissing-attributes]
  138 |  void cleanup_module(void) __attribute__((alias(#exitfn)));
      |       ^~~~~~~~~~~~~~
fs/ocfs2/dlm/dlmdomain.c:2390:1: note: in expansion of macro ‘module_exit’
 2390 | module_exit(dlm_exit);
      | ^~~~~~~~~~~
fs/ocfs2/dlm/dlmdomain.c:2376:20: note: ‘cleanup_module’ target declared here
 2376 | static void __exit dlm_exit (void)
      |                    ^~~~~~~~
  CC [M]  fs/ocfs2/dlm/dlmdebug.o
  CC [M]  fs/ocfs2/dlm/dlmthread.o
  CC [M]  fs/ocfs2/dlm/dlmrecovery.o
  CC [M]  fs/ocfs2/dlm/dlmmaster.o
  CC [M]  fs/ocfs2/dlm/dlmast.o
  CC [M]  fs/ocfs2/dlm/dlmconvert.o
  CC [M]  fs/ocfs2/dlm/dlmlock.o
  CC [M]  fs/ocfs2/dlm/dlmunlock.o
  LD [M]  fs/ocfs2/dlm/ocfs2_dlm.o
  LD      fs/ocfs2/dlmfs/built-in.o
  CC [M]  fs/ocfs2/dlmfs/userdlm.o
  CC [M]  fs/ocfs2/dlmfs/dlmfs.o
In file included from fs/ocfs2/dlmfs/dlmfs.c:37:
./include/linux/module.h:132:6: warning: ‘init_module’ specifies less restrictive attribute than its target ‘init_dlmfs_fs’: ‘cold’ [-Wmissing-attributes]
  132 |  int init_module(void) __attribute__((alias(#initfn)));
      |      ^~~~~~~~~~~
fs/ocfs2/dlmfs/dlmfs.c:689:1: note: in expansion of macro ‘module_init’
  689 | module_init(init_dlmfs_fs)
      | ^~~~~~~~~~~
fs/ocfs2/dlmfs/dlmfs.c:633:19: note: ‘init_module’ target declared here
  633 | static int __init init_dlmfs_fs(void)
      |                   ^~~~~~~~~~~~~
In file included from fs/ocfs2/dlmfs/dlmfs.c:37:
./include/linux/module.h:138:7: warning: ‘cleanup_module’ specifies less restrictive attribute than its target ‘exit_dlmfs_fs’: ‘cold’ [-Wmissing-attributes]
  138 |  void cleanup_module(void) __attribute__((alias(#exitfn)));
      |       ^~~~~~~~~~~~~~
fs/ocfs2/dlmfs/dlmfs.c:690:1: note: in expansion of macro ‘module_exit’
  690 | module_exit(exit_dlmfs_fs)
      | ^~~~~~~~~~~
fs/ocfs2/dlmfs/dlmfs.c:669:20: note: ‘cleanup_module’ target declared here
  669 | static void __exit exit_dlmfs_fs(void)
      |                    ^~~~~~~~~~~~~
  LD [M]  fs/ocfs2/dlmfs/ocfs2_dlmfs.o
  LD      fs/overlayfs/built-in.o
  CC [M]  fs/overlayfs/super.o
In file included from fs/overlayfs/super.c:18:
./include/linux/module.h:132:6: warning: ‘init_module’ specifies less restrictive attribute than its target ‘ovl_init’: ‘cold’ [-Wmissing-attributes]
  132 |  int init_module(void) __attribute__((alias(#initfn)));
      |      ^~~~~~~~~~~
fs/overlayfs/super.c:1413:1: note: in expansion of macro ‘module_init’
 1413 | module_init(ovl_init);
      | ^~~~~~~~~~~
fs/overlayfs/super.c:1403:19: note: ‘init_module’ target declared here
 1403 | static int __init ovl_init(void)
      |                   ^~~~~~~~
In file included from fs/overlayfs/super.c:18:
./include/linux/module.h:138:7: warning: ‘cleanup_module’ specifies less restrictive attribute than its target ‘ovl_exit’: ‘cold’ [-Wmissing-attributes]
  138 |  void cleanup_module(void) __attribute__((alias(#exitfn)));
      |       ^~~~~~~~~~~~~~
fs/overlayfs/super.c:1414:1: note: in expansion of macro ‘module_exit’
 1414 | module_exit(ovl_exit);
      | ^~~~~~~~~~~
fs/overlayfs/super.c:1408:20: note: ‘cleanup_module’ target declared here
 1408 | static void __exit ovl_exit(void)
      |                    ^~~~~~~~
  CC [M]  fs/overlayfs/inode.o
  CC [M]  fs/overlayfs/dir.o
  CC [M]  fs/overlayfs/readdir.o
  CC [M]  fs/overlayfs/copy_up.o
  LD [M]  fs/overlayfs/overlay.o
  CC      fs/proc/task_mmu.o
  CC      fs/proc/inode.o
  CC      fs/proc/root.o
  CC      fs/proc/base.o
  CC      fs/proc/generic.o
  CC      fs/proc/array.o
  CC      fs/proc/fd.o
  CC      fs/proc/proc_tty.o
  CC      fs/proc/cmdline.o
  CC      fs/proc/consoles.o
  CC      fs/proc/cpuinfo.o
  CC      fs/proc/devices.o
  CC      fs/proc/interrupts.o
  CC      fs/proc/loadavg.o
  CC      fs/proc/meminfo.o
  CC      fs/proc/stat.o
  CC      fs/proc/uptime.o
  CC      fs/proc/version.o
  CC      fs/proc/softirqs.o
  CC      fs/proc/namespaces.o
  CC      fs/proc/self.o
  CC      fs/proc/thread_self.o
  CC      fs/proc/proc_sysctl.o
  CC      fs/proc/proc_net.o
  CC      fs/proc/kmsg.o
  CC      fs/proc/page.o
  LD      fs/proc/proc.o
  LD      fs/proc/built-in.o
  CC      fs/quota/dquot.o
  CC      fs/quota/quota.o
In file included from fs/quota/quota.c:15:
./include/linux/syscalls.h:195:18: warning: ‘sys_quotactl’ alias between functions of incompatible types ‘long int(unsigned int,  const char *, qid_t,  void *)’ {aka ‘long int(unsigned int,  const char *, unsigned int,  void *)’} and ‘long int(long int,  long int,  long int,  long int)’ [-Wattribute-alias=]
  195 |  asmlinkage long sys##name(__MAP(x,__SC_DECL,__VA_ARGS__)) \
      |                  ^~~
./include/linux/syscalls.h:191:2: note: in expansion of macro ‘__SYSCALL_DEFINEx’
  191 |  __SYSCALL_DEFINEx(x, sname, __VA_ARGS__)
      |  ^~~~~~~~~~~~~~~~~
./include/linux/syscalls.h:185:36: note: in expansion of macro ‘SYSCALL_DEFINEx’
  185 | #define SYSCALL_DEFINE4(name, ...) SYSCALL_DEFINEx(4, _##name, __VA_ARGS__)
      |                                    ^~~~~~~~~~~~~~~
fs/quota/quota.c:832:1: note: in expansion of macro ‘SYSCALL_DEFINE4’
  832 | SYSCALL_DEFINE4(quotactl, unsigned int, cmd, const char __user *, special,
      | ^~~~~~~~~~~~~~~
./include/linux/syscalls.h:199:18: note: aliased declaration here
  199 |  asmlinkage long SyS##name(__MAP(x,__SC_LONG,__VA_ARGS__)) \
      |                  ^~~
./include/linux/syscalls.h:191:2: note: in expansion of macro ‘__SYSCALL_DEFINEx’
  191 |  __SYSCALL_DEFINEx(x, sname, __VA_ARGS__)
      |  ^~~~~~~~~~~~~~~~~
./include/linux/syscalls.h:185:36: note: in expansion of macro ‘SYSCALL_DEFINEx’
  185 | #define SYSCALL_DEFINE4(name, ...) SYSCALL_DEFINEx(4, _##name, __VA_ARGS__)
      |                                    ^~~~~~~~~~~~~~~
fs/quota/quota.c:832:1: note: in expansion of macro ‘SYSCALL_DEFINE4’
  832 | SYSCALL_DEFINE4(quotactl, unsigned int, cmd, const char __user *, special,
      | ^~~~~~~~~~~~~~~
  CC      fs/quota/kqid.o
  LD      fs/quota/built-in.o
  CC [M]  fs/quota/quota_v1.o
In file included from fs/quota/quota_v1.c:8:
./include/linux/module.h:132:6: warning: ‘init_module’ specifies less restrictive attribute than its target ‘init_v1_quota_format’: ‘cold’ [-Wmissing-attributes]
  132 |  int init_module(void) __attribute__((alias(#initfn)));
      |      ^~~~~~~~~~~
fs/quota/quota_v1.c:233:1: note: in expansion of macro ‘module_init’
  233 | module_init(init_v1_quota_format);
      | ^~~~~~~~~~~
fs/quota/quota_v1.c:223:19: note: ‘init_module’ target declared here
  223 | static int __init init_v1_quota_format(void)
      |                   ^~~~~~~~~~~~~~~~~~~~
In file included from fs/quota/quota_v1.c:8:
./include/linux/module.h:138:7: warning: ‘cleanup_module’ specifies less restrictive attribute than its target ‘exit_v1_quota_format’: ‘cold’ [-Wmissing-attributes]
  138 |  void cleanup_module(void) __attribute__((alias(#exitfn)));
      |       ^~~~~~~~~~~~~~
fs/quota/quota_v1.c:234:1: note: in expansion of macro ‘module_exit’
  234 | module_exit(exit_v1_quota_format);
      | ^~~~~~~~~~~
fs/quota/quota_v1.c:228:20: note: ‘cleanup_module’ target declared here
  228 | static void __exit exit_v1_quota_format(void)
      |                    ^~~~~~~~~~~~~~~~~~~~
  CC [M]  fs/quota/quota_v2.o
In file included from fs/quota/quota_v2.c:11:
./include/linux/module.h:132:6: warning: ‘init_module’ specifies less restrictive attribute than its target ‘init_v2_quota_format’: ‘cold’ [-Wmissing-attributes]
  132 |  int init_module(void) __attribute__((alias(#initfn)));
      |      ^~~~~~~~~~~
fs/quota/quota_v2.c:351:1: note: in expansion of macro ‘module_init’
  351 | module_init(init_v2_quota_format);
      | ^~~~~~~~~~~
fs/quota/quota_v2.c:335:19: note: ‘init_module’ target declared here
  335 | static int __init init_v2_quota_format(void)
      |                   ^~~~~~~~~~~~~~~~~~~~
In file included from fs/quota/quota_v2.c:11:
./include/linux/module.h:138:7: warning: ‘cleanup_module’ specifies less restrictive attribute than its target ‘exit_v2_quota_format’: ‘cold’ [-Wmissing-attributes]
  138 |  void cleanup_module(void) __attribute__((alias(#exitfn)));
      |       ^~~~~~~~~~~~~~
fs/quota/quota_v2.c:352:1: note: in expansion of macro ‘module_exit’
  352 | module_exit(exit_v2_quota_format);
      | ^~~~~~~~~~~
fs/quota/quota_v2.c:345:20: note: ‘cleanup_module’ target declared here
  345 | static void __exit exit_v2_quota_format(void)
      |                    ^~~~~~~~~~~~~~~~~~~~
  CC [M]  fs/quota/quota_tree.o
  CC      fs/ramfs/inode.o
  CC      fs/ramfs/file-mmu.o
  LD      fs/ramfs/ramfs.o
  LD      fs/ramfs/built-in.o
  LD      fs/reiserfs/built-in.o
  CC [M]  fs/reiserfs/bitmap.o
  CC [M]  fs/reiserfs/do_balan.o
  CC [M]  fs/reiserfs/namei.o
  CC [M]  fs/reiserfs/inode.o
  CC [M]  fs/reiserfs/file.o
  CC [M]  fs/reiserfs/dir.o
  CC [M]  fs/reiserfs/fix_node.o
  CC [M]  fs/reiserfs/super.o
In file included from fs/reiserfs/super.c:14:
./include/linux/module.h:132:6: warning: ‘init_module’ specifies less restrictive attribute than its target ‘init_reiserfs_fs’: ‘cold’ [-Wmissing-attributes]
  132 |  int init_module(void) __attribute__((alias(#initfn)));
      |      ^~~~~~~~~~~
fs/reiserfs/super.c:2580:1: note: in expansion of macro ‘module_init’
 2580 | module_init(init_reiserfs_fs);
      | ^~~~~~~~~~~
fs/reiserfs/super.c:2538:19: note: ‘init_module’ target declared here
 2538 | static int __init init_reiserfs_fs(void)
      |                   ^~~~~~~~~~~~~~~~
In file included from fs/reiserfs/super.c:14:
./include/linux/module.h:138:7: warning: ‘cleanup_module’ specifies less restrictive attribute than its target ‘exit_reiserfs_fs’: ‘cold’ [-Wmissing-attributes]
  138 |  void cleanup_module(void) __attribute__((alias(#exitfn)));
      |       ^~~~~~~~~~~~~~
fs/reiserfs/super.c:2581:1: note: in expansion of macro ‘module_exit’
 2581 | module_exit(exit_reiserfs_fs);
      | ^~~~~~~~~~~
fs/reiserfs/super.c:2560:20: note: ‘cleanup_module’ target declared here
 2560 | static void __exit exit_reiserfs_fs(void)
      |                    ^~~~~~~~~~~~~~~~
  CC [M]  fs/reiserfs/prints.o
  CC [M]  fs/reiserfs/objectid.o
  CC [M]  fs/reiserfs/lbalance.o
  CC [M]  fs/reiserfs/ibalance.o
  CC [M]  fs/reiserfs/stree.o
fs/reiserfs/stree.c: In function ‘comp_short_le_keys’:
fs/reiserfs/stree.c:103:2: warning: converting a packed ‘const struct reiserfs_key’ pointer (alignment 1) to a ‘__u32’ {aka ‘unsigned int’} pointer (alignment 4) may result in an unaligned pointer value [-Waddress-of-packed-member]
  103 |  k1_u32 = (__u32 *) key1;
      |  ^~~~~~
fs/reiserfs/stree.c:104:2: warning: converting a packed ‘const struct reiserfs_key’ pointer (alignment 1) to a ‘__u32’ {aka ‘unsigned int’} pointer (alignment 4) may result in an unaligned pointer value [-Waddress-of-packed-member]
  104 |  k2_u32 = (__u32 *) key2;
      |  ^~~~~~
fs/reiserfs/stree.c: In function ‘reiserfs_delete_object’:
fs/reiserfs/stree.c:1494:7: warning: taking address of packed member of ‘struct reiserfs_super_block’ may result in an unaligned pointer value [-Waddress-of-packed-member]
 1494 |       &REISERFS_SB(th->t_super)->s_rs->s_inode_generation;
      |       ^~~~~~~~~~~~~~~~~~~~~~~~~~~~~~~~~~~~~~~~~~~~~~~~~~~
  CC [M]  fs/reiserfs/hashes.o
  CC [M]  fs/reiserfs/tail_conversion.o
  CC [M]  fs/reiserfs/journal.o
  CC [M]  fs/reiserfs/resize.o
  CC [M]  fs/reiserfs/item_ops.o
  CC [M]  fs/reiserfs/ioctl.o
  CC [M]  fs/reiserfs/xattr.o
  CC [M]  fs/reiserfs/lock.o
  CC [M]  fs/reiserfs/xattr_user.o
  CC [M]  fs/reiserfs/xattr_trusted.o
  CC [M]  fs/reiserfs/xattr_security.o
  CC [M]  fs/reiserfs/xattr_acl.o
  LD [M]  fs/reiserfs/reiserfs.o
  LD      fs/squashfs/built-in.o
  CC [M]  fs/squashfs/block.o
  CC [M]  fs/squashfs/cache.o
  CC [M]  fs/squashfs/dir.o
  CC [M]  fs/squashfs/export.o
  CC [M]  fs/squashfs/file.o
  CC [M]  fs/squashfs/fragment.o
  CC [M]  fs/squashfs/id.o
  CC [M]  fs/squashfs/inode.o
  CC [M]  fs/squashfs/namei.o
  CC [M]  fs/squashfs/super.o
In file included from fs/squashfs/super.c:38:
./include/linux/module.h:132:6: warning: ‘init_module’ specifies less restrictive attribute than its target ‘init_squashfs_fs’: ‘cold’ [-Wmissing-attributes]
  132 |  int init_module(void) __attribute__((alias(#initfn)));
      |      ^~~~~~~~~~~
fs/squashfs/super.c:504:1: note: in expansion of macro ‘module_init’
  504 | module_init(init_squashfs_fs);
      | ^~~~~~~~~~~
fs/squashfs/super.c:440:19: note: ‘init_module’ target declared here
  440 | static int __init init_squashfs_fs(void)
      |                   ^~~~~~~~~~~~~~~~
In file included from fs/squashfs/super.c:38:
./include/linux/module.h:138:7: warning: ‘cleanup_module’ specifies less restrictive attribute than its target ‘exit_squashfs_fs’: ‘cold’ [-Wmissing-attributes]
  138 |  void cleanup_module(void) __attribute__((alias(#exitfn)));
      |       ^~~~~~~~~~~~~~
fs/squashfs/super.c:505:1: note: in expansion of macro ‘module_exit’
  505 | module_exit(exit_squashfs_fs);
      | ^~~~~~~~~~~
fs/squashfs/super.c:459:20: note: ‘cleanup_module’ target declared here
  459 | static void __exit exit_squashfs_fs(void)
      |                    ^~~~~~~~~~~~~~~~
  CC [M]  fs/squashfs/symlink.o
  CC [M]  fs/squashfs/decompressor.o
  CC [M]  fs/squashfs/file_cache.o
  CC [M]  fs/squashfs/decompressor_single.o
  CC [M]  fs/squashfs/xattr.o
  CC [M]  fs/squashfs/xattr_id.o
  CC [M]  fs/squashfs/lzo_wrapper.o
  CC [M]  fs/squashfs/xz_wrapper.o
  CC [M]  fs/squashfs/zlib_wrapper.o
  LD [M]  fs/squashfs/squashfs.o
  CC      fs/sysfs/file.o
  CC      fs/sysfs/dir.o
  CC      fs/sysfs/symlink.o
  CC      fs/sysfs/mount.o
  CC      fs/sysfs/group.o
  LD      fs/sysfs/built-in.o
  CC      fs/tracefs/inode.o
  LD      fs/tracefs/tracefs.o
  LD      fs/tracefs/built-in.o
  LD      fs/ubifs/built-in.o
  CC [M]  fs/ubifs/shrinker.o
  CC [M]  fs/ubifs/journal.o
  CC [M]  fs/ubifs/file.o
  CC [M]  fs/ubifs/dir.o
  CC [M]  fs/ubifs/super.o
In file included from fs/ubifs/super.c:31:
./include/linux/module.h:132:6: warning: ‘init_module’ specifies less restrictive attribute than its target ‘ubifs_init’: ‘cold’ [-Wmissing-attributes]
  132 |  int init_module(void) __attribute__((alias(#initfn)));
      |      ^~~~~~~~~~~
./include/linux/module.h:122:28: note: in expansion of macro ‘module_init’
  122 | #define late_initcall(fn)  module_init(fn)
      |                            ^~~~~~~~~~~
fs/ubifs/super.c:2289:1: note: in expansion of macro ‘late_initcall’
 2289 | late_initcall(ubifs_init);
      | ^~~~~~~~~~~~~
fs/ubifs/super.c:2190:19: note: ‘init_module’ target declared here
 2190 | static int __init ubifs_init(void)
      |                   ^~~~~~~~~~
In file included from fs/ubifs/super.c:31:
./include/linux/module.h:138:7: warning: ‘cleanup_module’ specifies less restrictive attribute than its target ‘ubifs_exit’: ‘cold’ [-Wmissing-attributes]
  138 |  void cleanup_module(void) __attribute__((alias(#exitfn)));
      |       ^~~~~~~~~~~~~~
fs/ubifs/super.c:2308:1: note: in expansion of macro ‘module_exit’
 2308 | module_exit(ubifs_exit);
      | ^~~~~~~~~~~
fs/ubifs/super.c:2291:20: note: ‘cleanup_module’ target declared here
 2291 | static void __exit ubifs_exit(void)
      |                    ^~~~~~~~~~
  CC [M]  fs/ubifs/sb.o
  CC [M]  fs/ubifs/io.o
  CC [M]  fs/ubifs/tnc.o
  CC [M]  fs/ubifs/master.o
  CC [M]  fs/ubifs/scan.o
  CC [M]  fs/ubifs/replay.o
  CC [M]  fs/ubifs/log.o
  CC [M]  fs/ubifs/commit.o
  CC [M]  fs/ubifs/gc.o
  CC [M]  fs/ubifs/orphan.o
  CC [M]  fs/ubifs/budget.o
  CC [M]  fs/ubifs/find.o
  CC [M]  fs/ubifs/tnc_commit.o
  CC [M]  fs/ubifs/compress.o
  CC [M]  fs/ubifs/lpt.o
  CC [M]  fs/ubifs/lprops.o
  CC [M]  fs/ubifs/recovery.o
  CC [M]  fs/ubifs/ioctl.o
  CC [M]  fs/ubifs/lpt_commit.o
  CC [M]  fs/ubifs/tnc_misc.o
  CC [M]  fs/ubifs/xattr.o
  CC [M]  fs/ubifs/debug.o
  CC [M]  fs/ubifs/misc.o
  LD [M]  fs/ubifs/ubifs.o
  LD      fs/udf/built-in.o
  CC [M]  fs/udf/balloc.o
fs/udf/balloc.c: In function ‘udf_add_free_space’:
fs/udf/balloc.c:101:15: warning: taking address of packed member of ‘struct logicalVolIntegrityDesc’ may result in an unaligned pointer value [-Waddress-of-packed-member]
  101 |  le32_add_cpu(&lvid->freeSpaceTable[partition], cnt);
      |               ^~~~~~~~~~~~~~~~~~~~~~~~~~~~~~~~
  CC [M]  fs/udf/dir.o
  CC [M]  fs/udf/file.o
  CC [M]  fs/udf/ialloc.o
fs/udf/ialloc.c: In function ‘udf_free_inode’:
fs/udf/ialloc.c:38:17: warning: taking address of packed member of ‘struct logicalVolIntegrityDescImpUse’ may result in an unaligned pointer value [-Waddress-of-packed-member]
   38 |    le32_add_cpu(&lvidiu->numDirs, -1);
      |                 ^~~~~~~~~~~~~~~~
fs/udf/ialloc.c:40:17: warning: taking address of packed member of ‘struct logicalVolIntegrityDescImpUse’ may result in an unaligned pointer value [-Waddress-of-packed-member]
   40 |    le32_add_cpu(&lvidiu->numFiles, -1);
      |                 ^~~~~~~~~~~~~~~~~
fs/udf/ialloc.c: In function ‘udf_new_inode’:
fs/udf/ialloc.c:99:17: warning: taking address of packed member of ‘struct logicalVolIntegrityDescImpUse’ may result in an unaligned pointer value [-Waddress-of-packed-member]
   99 |    le32_add_cpu(&lvidiu->numDirs, 1);
      |                 ^~~~~~~~~~~~~~~~
fs/udf/ialloc.c:101:17: warning: taking address of packed member of ‘struct logicalVolIntegrityDescImpUse’ may result in an unaligned pointer value [-Waddress-of-packed-member]
  101 |    le32_add_cpu(&lvidiu->numFiles, 1);
      |                 ^~~~~~~~~~~~~~~~~
  CC [M]  fs/udf/inode.o
fs/udf/inode.c: In function ‘__udf_add_aext’:
fs/udf/inode.c:1987:16: warning: taking address of packed member of ‘struct allocExtDesc’ may result in an unaligned pointer value [-Waddress-of-packed-member]
 1987 |   le32_add_cpu(&aed->lengthAllocDescs, adsize);
      |                ^~~~~~~~~~~~~~~~~~~~~~
fs/udf/inode.c: In function ‘udf_delete_aext’:
fs/udf/inode.c:2248:17: warning: taking address of packed member of ‘struct allocExtDesc’ may result in an unaligned pointer value [-Waddress-of-packed-member]
 2248 |    le32_add_cpu(&aed->lengthAllocDescs, -(2 * adsize));
      |                 ^~~~~~~~~~~~~~~~~~~~~~
fs/udf/inode.c:2265:17: warning: taking address of packed member of ‘struct allocExtDesc’ may result in an unaligned pointer value [-Waddress-of-packed-member]
 2265 |    le32_add_cpu(&aed->lengthAllocDescs, -adsize);
      |                 ^~~~~~~~~~~~~~~~~~~~~~
  CC [M]  fs/udf/lowlevel.o
  CC [M]  fs/udf/namei.o
  CC [M]  fs/udf/partition.o
  CC [M]  fs/udf/super.o
In file included from fs/udf/super.c:46:
./include/linux/module.h:132:6: warning: ‘init_module’ specifies less restrictive attribute than its target ‘init_udf_fs’: ‘cold’ [-Wmissing-attributes]
  132 |  int init_module(void) __attribute__((alias(#initfn)));
      |      ^~~~~~~~~~~
fs/udf/super.c:267:1: note: in expansion of macro ‘module_init’
  267 | module_init(init_udf_fs)
      | ^~~~~~~~~~~
fs/udf/super.c:241:19: note: ‘init_module’ target declared here
  241 | static int __init init_udf_fs(void)
      |                   ^~~~~~~~~~~
In file included from fs/udf/super.c:46:
./include/linux/module.h:138:7: warning: ‘cleanup_module’ specifies less restrictive attribute than its target ‘exit_udf_fs’: ‘cold’ [-Wmissing-attributes]
  138 |  void cleanup_module(void) __attribute__((alias(#exitfn)));
      |       ^~~~~~~~~~~~~~
fs/udf/super.c:268:1: note: in expansion of macro ‘module_exit’
  268 | module_exit(exit_udf_fs)
      | ^~~~~~~~~~~
fs/udf/super.c:261:20: note: ‘cleanup_module’ target declared here
  261 | static void __exit exit_udf_fs(void)
      |                    ^~~~~~~~~~~
  CC [M]  fs/udf/truncate.o
  CC [M]  fs/udf/symlink.o
  CC [M]  fs/udf/directory.o
  CC [M]  fs/udf/misc.o
  CC [M]  fs/udf/udftime.o
  CC [M]  fs/udf/unicode.o
  LD [M]  fs/udf/udf.o
  LD      fs/xfs/built-in.o
  CC [M]  fs/xfs/xfs_trace.o
  CC [M]  fs/xfs/libxfs/xfs_alloc.o
In file included from fs/xfs/libxfs/xfs_alloc.c:20:
fs/xfs/libxfs/xfs_alloc.c: In function ‘xfs_alloc_get_freelist’:
fs/xfs/libxfs/xfs_format.h:798:3: warning: taking address of packed member of ‘struct xfs_agfl’ may result in an unaligned pointer value [-Waddress-of-packed-member]
  798 |   &(XFS_BUF_TO_AGFL(bp)->agfl_bno[0]) : \
      |   ^~~~~~~~~~~~~~~~~~~~~~~~~~~~~~~~~~~
fs/xfs/libxfs/xfs_alloc.c:2246:13: note: in expansion of macro ‘XFS_BUF_TO_AGFL_BNO’
 2246 |  agfl_bno = XFS_BUF_TO_AGFL_BNO(mp, agflbp);
      |             ^~~~~~~~~~~~~~~~~~~
fs/xfs/libxfs/xfs_alloc.c: In function ‘xfs_alloc_put_freelist’:
fs/xfs/libxfs/xfs_format.h:798:3: warning: taking address of packed member of ‘struct xfs_agfl’ may result in an unaligned pointer value [-Waddress-of-packed-member]
  798 |   &(XFS_BUF_TO_AGFL(bp)->agfl_bno[0]) : \
      |   ^~~~~~~~~~~~~~~~~~~~~~~~~~~~~~~~~~~
fs/xfs/libxfs/xfs_alloc.c:2381:13: note: in expansion of macro ‘XFS_BUF_TO_AGFL_BNO’
 2381 |  agfl_bno = XFS_BUF_TO_AGFL_BNO(mp, agflbp);
      |             ^~~~~~~~~~~~~~~~~~~
  CC [M]  fs/xfs/libxfs/xfs_alloc_btree.o
  CC [M]  fs/xfs/libxfs/xfs_attr.o
  CC [M]  fs/xfs/libxfs/xfs_attr_leaf.o
  CC [M]  fs/xfs/libxfs/xfs_attr_remote.o
  CC [M]  fs/xfs/libxfs/xfs_bit.o
  CC [M]  fs/xfs/libxfs/xfs_bmap.o
  CC [M]  fs/xfs/libxfs/xfs_bmap_btree.o
  CC [M]  fs/xfs/libxfs/xfs_btree.o
  CC [M]  fs/xfs/libxfs/xfs_da_btree.o
  CC [M]  fs/xfs/libxfs/xfs_da_format.o
  CC [M]  fs/xfs/libxfs/xfs_defer.o
  CC [M]  fs/xfs/libxfs/xfs_dir2.o
  CC [M]  fs/xfs/libxfs/xfs_dir2_block.o
  CC [M]  fs/xfs/libxfs/xfs_dir2_data.o
  CC [M]  fs/xfs/libxfs/xfs_dir2_leaf.o
  CC [M]  fs/xfs/libxfs/xfs_dir2_node.o
  CC [M]  fs/xfs/libxfs/xfs_dir2_sf.o
  CC [M]  fs/xfs/libxfs/xfs_dquot_buf.o
  CC [M]  fs/xfs/libxfs/xfs_ialloc.o
  CC [M]  fs/xfs/libxfs/xfs_ialloc_btree.o
  CC [M]  fs/xfs/libxfs/xfs_inode_fork.o
  CC [M]  fs/xfs/libxfs/xfs_inode_buf.o
  CC [M]  fs/xfs/libxfs/xfs_log_rlimit.o
  CC [M]  fs/xfs/libxfs/xfs_ag_resv.o
  CC [M]  fs/xfs/libxfs/xfs_rmap.o
  CC [M]  fs/xfs/libxfs/xfs_rmap_btree.o
fs/xfs/libxfs/xfs_rmap_btree.c: In function ‘xfs_rmapbt_init_high_key_from_rec’:
fs/xfs/libxfs/xfs_rmap_btree.c:208:15: warning: taking address of packed member of ‘struct xfs_rmap_key’ may result in an unaligned pointer value [-Waddress-of-packed-member]
  208 |  be32_add_cpu(&key->rmap.rm_startblock, adj);
      |               ^~~~~~~~~~~~~~~~~~~~~~~~
  CC [M]  fs/xfs/libxfs/xfs_refcount.o
  CC [M]  fs/xfs/libxfs/xfs_refcount_btree.o
  CC [M]  fs/xfs/libxfs/xfs_sb.o
  CC [M]  fs/xfs/libxfs/xfs_symlink_remote.o
  CC [M]  fs/xfs/libxfs/xfs_trans_resv.o
  CC [M]  fs/xfs/libxfs/xfs_rtbitmap.o
  CC [M]  fs/xfs/xfs_aops.o
  CC [M]  fs/xfs/xfs_attr_inactive.o
  CC [M]  fs/xfs/xfs_attr_list.o
  CC [M]  fs/xfs/xfs_bmap_util.o
  CC [M]  fs/xfs/xfs_buf.o
  CC [M]  fs/xfs/xfs_dir2_readdir.o
  CC [M]  fs/xfs/xfs_discard.o
  CC [M]  fs/xfs/xfs_error.o
  CC [M]  fs/xfs/xfs_export.o
  CC [M]  fs/xfs/xfs_extent_busy.o
  CC [M]  fs/xfs/xfs_file.o
  CC [M]  fs/xfs/xfs_filestream.o
  CC [M]  fs/xfs/xfs_fsops.o
In file included from fs/xfs/xfs_fsops.c:21:
fs/xfs/xfs_fsops.c: In function ‘xfs_growfs_data_private’:
fs/xfs/libxfs/xfs_format.h:798:3: warning: taking address of packed member of ‘struct xfs_agfl’ may result in an unaligned pointer value [-Waddress-of-packed-member]
  798 |   &(XFS_BUF_TO_AGFL(bp)->agfl_bno[0]) : \
      |   ^~~~~~~~~~~~~~~~~~~~~~~~~~~~~~~~~~~
fs/xfs/xfs_fsops.c:296:14: note: in expansion of macro ‘XFS_BUF_TO_AGFL_BNO’
  296 |   agfl_bno = XFS_BUF_TO_AGFL_BNO(mp, bp);
      |              ^~~~~~~~~~~~~~~~~~~
  CC [M]  fs/xfs/xfs_globals.o
  CC [M]  fs/xfs/xfs_icache.o
  CC [M]  fs/xfs/xfs_ioctl.o
fs/xfs/xfs_ioctl.c: In function ‘xfs_handle_to_dentry’:
fs/xfs/xfs_ioctl.c:182:4: warning: converting a packed ‘struct xfs_fid64’ pointer (alignment 1) to a ‘struct fid’ pointer (alignment 4) may result in an unaligned pointer value [-Waddress-of-packed-member]
  182 |    xfs_handle_acceptable, NULL);
      |    ^~~~~~~~~~~~~~~~~~~~~
In file included from fs/xfs/xfs_ioctl.c:37:
fs/xfs/xfs_export.h:62:8: note: defined here
   62 | struct xfs_fid64 {
      |        ^~~~~~~~~
In file included from fs/xfs/xfs_super.h:21,
                 from fs/xfs/xfs_linux.h:94,
                 from fs/xfs/xfs.h:32,
                 from fs/xfs/xfs_ioctl.c:18:
./include/linux/exportfs.h:112:8: note: defined here
  112 | struct fid {
      |        ^~~
  CC [M]  fs/xfs/xfs_iomap.o
  CC [M]  fs/xfs/xfs_iops.o
  CC [M]  fs/xfs/xfs_inode.o
  CC [M]  fs/xfs/xfs_itable.o
  CC [M]  fs/xfs/xfs_message.o
  CC [M]  fs/xfs/xfs_mount.o
  CC [M]  fs/xfs/xfs_mru_cache.o
  CC [M]  fs/xfs/xfs_reflink.o
  CC [M]  fs/xfs/xfs_stats.o
  CC [M]  fs/xfs/xfs_super.o
In file included from fs/xfs/xfs_linux.h:53,
                 from fs/xfs/xfs.h:32,
                 from fs/xfs/xfs_super.c:19:
./include/linux/module.h:132:6: warning: ‘init_module’ specifies less restrictive attribute than its target ‘init_xfs_fs’: ‘cold’ [-Wmissing-attributes]
  132 |  int init_module(void) __attribute__((alias(#initfn)));
      |      ^~~~~~~~~~~
fs/xfs/xfs_super.c:2093:1: note: in expansion of macro ‘module_init’
 2093 | module_init(init_xfs_fs);
      | ^~~~~~~~~~~
fs/xfs/xfs_super.c:1970:1: note: ‘init_module’ target declared here
 1970 | init_xfs_fs(void)
      | ^~~~~~~~~~~
In file included from fs/xfs/xfs_linux.h:53,
                 from fs/xfs/xfs.h:32,
                 from fs/xfs/xfs_super.c:19:
./include/linux/module.h:138:7: warning: ‘cleanup_module’ specifies less restrictive attribute than its target ‘exit_xfs_fs’: ‘cold’ [-Wmissing-attributes]
  138 |  void cleanup_module(void) __attribute__((alias(#exitfn)));
      |       ^~~~~~~~~~~~~~
fs/xfs/xfs_super.c:2094:1: note: in expansion of macro ‘module_exit’
 2094 | module_exit(exit_xfs_fs);
      | ^~~~~~~~~~~
fs/xfs/xfs_super.c:2074:1: note: ‘cleanup_module’ target declared here
 2074 | exit_xfs_fs(void)
      | ^~~~~~~~~~~
  CC [M]  fs/xfs/xfs_symlink.o
  CC [M]  fs/xfs/xfs_sysfs.o
  CC [M]  fs/xfs/xfs_trans.o
  CC [M]  fs/xfs/xfs_xattr.o
  CC [M]  fs/xfs/kmem.o
  CC [M]  fs/xfs/uuid.o
  CC [M]  fs/xfs/xfs_log.o
  CC [M]  fs/xfs/xfs_log_cil.o
  CC [M]  fs/xfs/xfs_bmap_item.o
  CC [M]  fs/xfs/xfs_buf_item.o
  CC [M]  fs/xfs/xfs_extfree_item.o
  CC [M]  fs/xfs/xfs_icreate_item.o
  CC [M]  fs/xfs/xfs_inode_item.o
  CC [M]  fs/xfs/xfs_refcount_item.o
  CC [M]  fs/xfs/xfs_rmap_item.o
  CC [M]  fs/xfs/xfs_log_recover.o
  CC [M]  fs/xfs/xfs_trans_ail.o
  CC [M]  fs/xfs/xfs_trans_bmap.o
  CC [M]  fs/xfs/xfs_trans_buf.o
  CC [M]  fs/xfs/xfs_trans_extfree.o
  CC [M]  fs/xfs/xfs_trans_inode.o
  CC [M]  fs/xfs/xfs_trans_refcount.o
  CC [M]  fs/xfs/xfs_trans_rmap.o
  CC [M]  fs/xfs/xfs_dquot.o
  CC [M]  fs/xfs/xfs_dquot_item.o
  CC [M]  fs/xfs/xfs_trans_dquot.o
  CC [M]  fs/xfs/xfs_qm_syscalls.o
  CC [M]  fs/xfs/xfs_qm_bhv.o
  CC [M]  fs/xfs/xfs_qm.o
  CC [M]  fs/xfs/xfs_quotaops.o
  CC [M]  fs/xfs/xfs_rtalloc.o
  CC [M]  fs/xfs/xfs_acl.o
  CC [M]  fs/xfs/xfs_sysctl.o
  LD [M]  fs/xfs/xfs.o
  CC      fs/eventpoll.o
In file included from fs/eventpoll.c:28:
./include/linux/syscalls.h:195:18: warning: ‘sys_epoll_pwait’ alias between functions of incompatible types ‘long int(int,  struct epoll_event *, int,  int,  const sigset_t *, size_t)’ {aka ‘long int(int,  struct epoll_event *, int,  int,  const struct <anonymous> *, unsigned int)’} and ‘long int(long int,  long int,  long int,  long int,  long int,  long int)’ [-Wattribute-alias=]
  195 |  asmlinkage long sys##name(__MAP(x,__SC_DECL,__VA_ARGS__)) \
      |                  ^~~
./include/linux/syscalls.h:191:2: note: in expansion of macro ‘__SYSCALL_DEFINEx’
  191 |  __SYSCALL_DEFINEx(x, sname, __VA_ARGS__)
      |  ^~~~~~~~~~~~~~~~~
./include/linux/syscalls.h:187:36: note: in expansion of macro ‘SYSCALL_DEFINEx’
  187 | #define SYSCALL_DEFINE6(name, ...) SYSCALL_DEFINEx(6, _##name, __VA_ARGS__)
      |                                    ^~~~~~~~~~~~~~~
fs/eventpoll.c:2061:1: note: in expansion of macro ‘SYSCALL_DEFINE6’
 2061 | SYSCALL_DEFINE6(epoll_pwait, int, epfd, struct epoll_event __user *, events,
      | ^~~~~~~~~~~~~~~
./include/linux/syscalls.h:199:18: note: aliased declaration here
  199 |  asmlinkage long SyS##name(__MAP(x,__SC_LONG,__VA_ARGS__)) \
      |                  ^~~
./include/linux/syscalls.h:191:2: note: in expansion of macro ‘__SYSCALL_DEFINEx’
  191 |  __SYSCALL_DEFINEx(x, sname, __VA_ARGS__)
      |  ^~~~~~~~~~~~~~~~~
./include/linux/syscalls.h:187:36: note: in expansion of macro ‘SYSCALL_DEFINEx’
  187 | #define SYSCALL_DEFINE6(name, ...) SYSCALL_DEFINEx(6, _##name, __VA_ARGS__)
      |                                    ^~~~~~~~~~~~~~~
fs/eventpoll.c:2061:1: note: in expansion of macro ‘SYSCALL_DEFINE6’
 2061 | SYSCALL_DEFINE6(epoll_pwait, int, epfd, struct epoll_event __user *, events,
      | ^~~~~~~~~~~~~~~
./include/linux/syscalls.h:195:18: warning: ‘sys_epoll_wait’ alias between functions of incompatible types ‘long int(int,  struct epoll_event *, int,  int)’ and ‘long int(long int,  long int,  long int,  long int)’ [-Wattribute-alias=]
  195 |  asmlinkage long sys##name(__MAP(x,__SC_DECL,__VA_ARGS__)) \
      |                  ^~~
./include/linux/syscalls.h:191:2: note: in expansion of macro ‘__SYSCALL_DEFINEx’
  191 |  __SYSCALL_DEFINEx(x, sname, __VA_ARGS__)
      |  ^~~~~~~~~~~~~~~~~
./include/linux/syscalls.h:185:36: note: in expansion of macro ‘SYSCALL_DEFINEx’
  185 | #define SYSCALL_DEFINE4(name, ...) SYSCALL_DEFINEx(4, _##name, __VA_ARGS__)
      |                                    ^~~~~~~~~~~~~~~
fs/eventpoll.c:2015:1: note: in expansion of macro ‘SYSCALL_DEFINE4’
 2015 | SYSCALL_DEFINE4(epoll_wait, int, epfd, struct epoll_event __user *, events,
      | ^~~~~~~~~~~~~~~
./include/linux/syscalls.h:199:18: note: aliased declaration here
  199 |  asmlinkage long SyS##name(__MAP(x,__SC_LONG,__VA_ARGS__)) \
      |                  ^~~
./include/linux/syscalls.h:191:2: note: in expansion of macro ‘__SYSCALL_DEFINEx’
  191 |  __SYSCALL_DEFINEx(x, sname, __VA_ARGS__)
      |  ^~~~~~~~~~~~~~~~~
./include/linux/syscalls.h:185:36: note: in expansion of macro ‘SYSCALL_DEFINEx’
  185 | #define SYSCALL_DEFINE4(name, ...) SYSCALL_DEFINEx(4, _##name, __VA_ARGS__)
      |                                    ^~~~~~~~~~~~~~~
fs/eventpoll.c:2015:1: note: in expansion of macro ‘SYSCALL_DEFINE4’
 2015 | SYSCALL_DEFINE4(epoll_wait, int, epfd, struct epoll_event __user *, events,
      | ^~~~~~~~~~~~~~~
./include/linux/syscalls.h:195:18: warning: ‘sys_epoll_ctl’ alias between functions of incompatible types ‘long int(int,  int,  int,  struct epoll_event *)’ and ‘long int(long int,  long int,  long int,  long int)’ [-Wattribute-alias=]
  195 |  asmlinkage long sys##name(__MAP(x,__SC_DECL,__VA_ARGS__)) \
      |                  ^~~
./include/linux/syscalls.h:191:2: note: in expansion of macro ‘__SYSCALL_DEFINEx’
  191 |  __SYSCALL_DEFINEx(x, sname, __VA_ARGS__)
      |  ^~~~~~~~~~~~~~~~~
./include/linux/syscalls.h:185:36: note: in expansion of macro ‘SYSCALL_DEFINEx’
  185 | #define SYSCALL_DEFINE4(name, ...) SYSCALL_DEFINEx(4, _##name, __VA_ARGS__)
      |                                    ^~~~~~~~~~~~~~~
fs/eventpoll.c:1859:1: note: in expansion of macro ‘SYSCALL_DEFINE4’
 1859 | SYSCALL_DEFINE4(epoll_ctl, int, epfd, int, op, int, fd,
      | ^~~~~~~~~~~~~~~
./include/linux/syscalls.h:199:18: note: aliased declaration here
  199 |  asmlinkage long SyS##name(__MAP(x,__SC_LONG,__VA_ARGS__)) \
      |                  ^~~
./include/linux/syscalls.h:191:2: note: in expansion of macro ‘__SYSCALL_DEFINEx’
  191 |  __SYSCALL_DEFINEx(x, sname, __VA_ARGS__)
      |  ^~~~~~~~~~~~~~~~~
./include/linux/syscalls.h:185:36: note: in expansion of macro ‘SYSCALL_DEFINEx’
  185 | #define SYSCALL_DEFINE4(name, ...) SYSCALL_DEFINEx(4, _##name, __VA_ARGS__)
      |                                    ^~~~~~~~~~~~~~~
fs/eventpoll.c:1859:1: note: in expansion of macro ‘SYSCALL_DEFINE4’
 1859 | SYSCALL_DEFINE4(epoll_ctl, int, epfd, int, op, int, fd,
      | ^~~~~~~~~~~~~~~
  CC      fs/anon_inodes.o
  CC      fs/signalfd.o
In file included from fs/signalfd.c:31:
./include/linux/syscalls.h:195:18: warning: ‘sys_signalfd4’ alias between functions of incompatible types ‘long int(int,  sigset_t *, size_t,  int)’ {aka ‘long int(int,  struct <anonymous> *, unsigned int,  int)’} and ‘long int(long int,  long int,  long int,  long int)’ [-Wattribute-alias=]
  195 |  asmlinkage long sys##name(__MAP(x,__SC_DECL,__VA_ARGS__)) \
      |                  ^~~
./include/linux/syscalls.h:191:2: note: in expansion of macro ‘__SYSCALL_DEFINEx’
  191 |  __SYSCALL_DEFINEx(x, sname, __VA_ARGS__)
      |  ^~~~~~~~~~~~~~~~~
./include/linux/syscalls.h:185:36: note: in expansion of macro ‘SYSCALL_DEFINEx’
  185 | #define SYSCALL_DEFINE4(name, ...) SYSCALL_DEFINEx(4, _##name, __VA_ARGS__)
      |                                    ^~~~~~~~~~~~~~~
fs/signalfd.c:255:1: note: in expansion of macro ‘SYSCALL_DEFINE4’
  255 | SYSCALL_DEFINE4(signalfd4, int, ufd, sigset_t __user *, user_mask,
      | ^~~~~~~~~~~~~~~
./include/linux/syscalls.h:199:18: note: aliased declaration here
  199 |  asmlinkage long SyS##name(__MAP(x,__SC_LONG,__VA_ARGS__)) \
      |                  ^~~
./include/linux/syscalls.h:191:2: note: in expansion of macro ‘__SYSCALL_DEFINEx’
  191 |  __SYSCALL_DEFINEx(x, sname, __VA_ARGS__)
      |  ^~~~~~~~~~~~~~~~~
./include/linux/syscalls.h:185:36: note: in expansion of macro ‘SYSCALL_DEFINEx’
  185 | #define SYSCALL_DEFINE4(name, ...) SYSCALL_DEFINEx(4, _##name, __VA_ARGS__)
      |                                    ^~~~~~~~~~~~~~~
fs/signalfd.c:255:1: note: in expansion of macro ‘SYSCALL_DEFINE4’
  255 | SYSCALL_DEFINE4(signalfd4, int, ufd, sigset_t __user *, user_mask,
      | ^~~~~~~~~~~~~~~
./include/linux/syscalls.h:195:18: warning: ‘sys_signalfd’ alias between functions of incompatible types ‘long int(int,  sigset_t *, size_t)’ {aka ‘long int(int,  struct <anonymous> *, unsigned int)’} and ‘long int(long int,  long int,  long int)’ [-Wattribute-alias=]
  195 |  asmlinkage long sys##name(__MAP(x,__SC_DECL,__VA_ARGS__)) \
      |                  ^~~
./include/linux/syscalls.h:191:2: note: in expansion of macro ‘__SYSCALL_DEFINEx’
  191 |  __SYSCALL_DEFINEx(x, sname, __VA_ARGS__)
      |  ^~~~~~~~~~~~~~~~~
./include/linux/syscalls.h:184:36: note: in expansion of macro ‘SYSCALL_DEFINEx’
  184 | #define SYSCALL_DEFINE3(name, ...) SYSCALL_DEFINEx(3, _##name, __VA_ARGS__)
      |                                    ^~~~~~~~~~~~~~~
fs/signalfd.c:309:1: note: in expansion of macro ‘SYSCALL_DEFINE3’
  309 | SYSCALL_DEFINE3(signalfd, int, ufd, sigset_t __user *, user_mask,
      | ^~~~~~~~~~~~~~~
./include/linux/syscalls.h:199:18: note: aliased declaration here
  199 |  asmlinkage long SyS##name(__MAP(x,__SC_LONG,__VA_ARGS__)) \
      |                  ^~~
./include/linux/syscalls.h:191:2: note: in expansion of macro ‘__SYSCALL_DEFINEx’
  191 |  __SYSCALL_DEFINEx(x, sname, __VA_ARGS__)
      |  ^~~~~~~~~~~~~~~~~
./include/linux/syscalls.h:184:36: note: in expansion of macro ‘SYSCALL_DEFINEx’
  184 | #define SYSCALL_DEFINE3(name, ...) SYSCALL_DEFINEx(3, _##name, __VA_ARGS__)
      |                                    ^~~~~~~~~~~~~~~
fs/signalfd.c:309:1: note: in expansion of macro ‘SYSCALL_DEFINE3’
  309 | SYSCALL_DEFINE3(signalfd, int, ufd, sigset_t __user *, user_mask,
      | ^~~~~~~~~~~~~~~
  CC      fs/timerfd.o
In file included from fs/timerfd.c:25:
./include/linux/syscalls.h:195:18: warning: ‘sys_timerfd_gettime’ alias between functions of incompatible types ‘long int(int,  struct itimerspec *)’ and ‘long int(long int,  long int)’ [-Wattribute-alias=]
  195 |  asmlinkage long sys##name(__MAP(x,__SC_DECL,__VA_ARGS__)) \
      |                  ^~~
./include/linux/syscalls.h:191:2: note: in expansion of macro ‘__SYSCALL_DEFINEx’
  191 |  __SYSCALL_DEFINEx(x, sname, __VA_ARGS__)
      |  ^~~~~~~~~~~~~~~~~
./include/linux/syscalls.h:183:36: note: in expansion of macro ‘SYSCALL_DEFINEx’
  183 | #define SYSCALL_DEFINE2(name, ...) SYSCALL_DEFINEx(2, _##name, __VA_ARGS__)
      |                                    ^~~~~~~~~~~~~~~
fs/timerfd.c:553:1: note: in expansion of macro ‘SYSCALL_DEFINE2’
  553 | SYSCALL_DEFINE2(timerfd_gettime, int, ufd, struct itimerspec __user *, otmr)
      | ^~~~~~~~~~~~~~~
./include/linux/syscalls.h:199:18: note: aliased declaration here
  199 |  asmlinkage long SyS##name(__MAP(x,__SC_LONG,__VA_ARGS__)) \
      |                  ^~~
./include/linux/syscalls.h:191:2: note: in expansion of macro ‘__SYSCALL_DEFINEx’
  191 |  __SYSCALL_DEFINEx(x, sname, __VA_ARGS__)
      |  ^~~~~~~~~~~~~~~~~
./include/linux/syscalls.h:183:36: note: in expansion of macro ‘SYSCALL_DEFINEx’
  183 | #define SYSCALL_DEFINE2(name, ...) SYSCALL_DEFINEx(2, _##name, __VA_ARGS__)
      |                                    ^~~~~~~~~~~~~~~
fs/timerfd.c:553:1: note: in expansion of macro ‘SYSCALL_DEFINE2’
  553 | SYSCALL_DEFINE2(timerfd_gettime, int, ufd, struct itimerspec __user *, otmr)
      | ^~~~~~~~~~~~~~~
./include/linux/syscalls.h:195:18: warning: ‘sys_timerfd_settime’ alias between functions of incompatible types ‘long int(int,  int,  const struct itimerspec *, struct itimerspec *)’ and ‘long int(long int,  long int,  long int,  long int)’ [-Wattribute-alias=]
  195 |  asmlinkage long sys##name(__MAP(x,__SC_DECL,__VA_ARGS__)) \
      |                  ^~~
./include/linux/syscalls.h:191:2: note: in expansion of macro ‘__SYSCALL_DEFINEx’
  191 |  __SYSCALL_DEFINEx(x, sname, __VA_ARGS__)
      |  ^~~~~~~~~~~~~~~~~
./include/linux/syscalls.h:185:36: note: in expansion of macro ‘SYSCALL_DEFINEx’
  185 | #define SYSCALL_DEFINE4(name, ...) SYSCALL_DEFINEx(4, _##name, __VA_ARGS__)
      |                                    ^~~~~~~~~~~~~~~
fs/timerfd.c:535:1: note: in expansion of macro ‘SYSCALL_DEFINE4’
  535 | SYSCALL_DEFINE4(timerfd_settime, int, ufd, int, flags,
      | ^~~~~~~~~~~~~~~
./include/linux/syscalls.h:199:18: note: aliased declaration here
  199 |  asmlinkage long SyS##name(__MAP(x,__SC_LONG,__VA_ARGS__)) \
      |                  ^~~
./include/linux/syscalls.h:191:2: note: in expansion of macro ‘__SYSCALL_DEFINEx’
  191 |  __SYSCALL_DEFINEx(x, sname, __VA_ARGS__)
      |  ^~~~~~~~~~~~~~~~~
./include/linux/syscalls.h:185:36: note: in expansion of macro ‘SYSCALL_DEFINEx’
  185 | #define SYSCALL_DEFINE4(name, ...) SYSCALL_DEFINEx(4, _##name, __VA_ARGS__)
      |                                    ^~~~~~~~~~~~~~~
fs/timerfd.c:535:1: note: in expansion of macro ‘SYSCALL_DEFINE4’
  535 | SYSCALL_DEFINE4(timerfd_settime, int, ufd, int, flags,
      | ^~~~~~~~~~~~~~~
  CC      fs/eventfd.o
In file included from fs/eventfd.c:18:
./include/linux/syscalls.h:195:18: warning: ‘sys_eventfd2’ alias between functions of incompatible types ‘long int(unsigned int,  int)’ and ‘long int(long int,  long int)’ [-Wattribute-alias=]
  195 |  asmlinkage long sys##name(__MAP(x,__SC_DECL,__VA_ARGS__)) \
      |                  ^~~
./include/linux/syscalls.h:191:2: note: in expansion of macro ‘__SYSCALL_DEFINEx’
  191 |  __SYSCALL_DEFINEx(x, sname, __VA_ARGS__)
      |  ^~~~~~~~~~~~~~~~~
./include/linux/syscalls.h:183:36: note: in expansion of macro ‘SYSCALL_DEFINEx’
  183 | #define SYSCALL_DEFINE2(name, ...) SYSCALL_DEFINEx(2, _##name, __VA_ARGS__)
      |                                    ^~~~~~~~~~~~~~~
fs/eventfd.c:458:1: note: in expansion of macro ‘SYSCALL_DEFINE2’
  458 | SYSCALL_DEFINE2(eventfd2, unsigned int, count, int, flags)
      | ^~~~~~~~~~~~~~~
./include/linux/syscalls.h:199:18: note: aliased declaration here
  199 |  asmlinkage long SyS##name(__MAP(x,__SC_LONG,__VA_ARGS__)) \
      |                  ^~~
./include/linux/syscalls.h:191:2: note: in expansion of macro ‘__SYSCALL_DEFINEx’
  191 |  __SYSCALL_DEFINEx(x, sname, __VA_ARGS__)
      |  ^~~~~~~~~~~~~~~~~
./include/linux/syscalls.h:183:36: note: in expansion of macro ‘SYSCALL_DEFINEx’
  183 | #define SYSCALL_DEFINE2(name, ...) SYSCALL_DEFINEx(2, _##name, __VA_ARGS__)
      |                                    ^~~~~~~~~~~~~~~
fs/eventfd.c:458:1: note: in expansion of macro ‘SYSCALL_DEFINE2’
  458 | SYSCALL_DEFINE2(eventfd2, unsigned int, count, int, flags)
      | ^~~~~~~~~~~~~~~
./include/linux/syscalls.h:195:18: warning: ‘sys_eventfd’ alias between functions of incompatible types ‘long int(unsigned int)’ and ‘long int(long int)’ [-Wattribute-alias=]
  195 |  asmlinkage long sys##name(__MAP(x,__SC_DECL,__VA_ARGS__)) \
      |                  ^~~
./include/linux/syscalls.h:191:2: note: in expansion of macro ‘__SYSCALL_DEFINEx’
  191 |  __SYSCALL_DEFINEx(x, sname, __VA_ARGS__)
      |  ^~~~~~~~~~~~~~~~~
./include/linux/syscalls.h:182:36: note: in expansion of macro ‘SYSCALL_DEFINEx’
  182 | #define SYSCALL_DEFINE1(name, ...) SYSCALL_DEFINEx(1, _##name, __VA_ARGS__)
      |                                    ^~~~~~~~~~~~~~~
fs/eventfd.c:483:1: note: in expansion of macro ‘SYSCALL_DEFINE1’
  483 | SYSCALL_DEFINE1(eventfd, unsigned int, count)
      | ^~~~~~~~~~~~~~~
./include/linux/syscalls.h:199:18: note: aliased declaration here
  199 |  asmlinkage long SyS##name(__MAP(x,__SC_LONG,__VA_ARGS__)) \
      |                  ^~~
./include/linux/syscalls.h:191:2: note: in expansion of macro ‘__SYSCALL_DEFINEx’
  191 |  __SYSCALL_DEFINEx(x, sname, __VA_ARGS__)
      |  ^~~~~~~~~~~~~~~~~
./include/linux/syscalls.h:182:36: note: in expansion of macro ‘SYSCALL_DEFINEx’
  182 | #define SYSCALL_DEFINE1(name, ...) SYSCALL_DEFINEx(1, _##name, __VA_ARGS__)
      |                                    ^~~~~~~~~~~~~~~
fs/eventfd.c:483:1: note: in expansion of macro ‘SYSCALL_DEFINE1’
  483 | SYSCALL_DEFINE1(eventfd, unsigned int, count)
      | ^~~~~~~~~~~~~~~
  CC      fs/aio.o
In file included from fs/aio.c:19:
./include/linux/syscalls.h:195:18: warning: ‘sys_io_setup’ alias between functions of incompatible types ‘long int(unsigned int,  aio_context_t *)’ {aka ‘long int(unsigned int,  long unsigned int *)’} and ‘long int(long int,  long int)’ [-Wattribute-alias=]
  195 |  asmlinkage long sys##name(__MAP(x,__SC_DECL,__VA_ARGS__)) \
      |                  ^~~
./include/linux/syscalls.h:191:2: note: in expansion of macro ‘__SYSCALL_DEFINEx’
  191 |  __SYSCALL_DEFINEx(x, sname, __VA_ARGS__)
      |  ^~~~~~~~~~~~~~~~~
./include/linux/syscalls.h:183:36: note: in expansion of macro ‘SYSCALL_DEFINEx’
  183 | #define SYSCALL_DEFINE2(name, ...) SYSCALL_DEFINEx(2, _##name, __VA_ARGS__)
      |                                    ^~~~~~~~~~~~~~~
fs/aio.c:1341:1: note: in expansion of macro ‘SYSCALL_DEFINE2’
 1341 | SYSCALL_DEFINE2(io_setup, unsigned, nr_events, aio_context_t __user *, ctxp)
      | ^~~~~~~~~~~~~~~
./include/linux/syscalls.h:199:18: note: aliased declaration here
  199 |  asmlinkage long SyS##name(__MAP(x,__SC_LONG,__VA_ARGS__)) \
      |                  ^~~
./include/linux/syscalls.h:191:2: note: in expansion of macro ‘__SYSCALL_DEFINEx’
  191 |  __SYSCALL_DEFINEx(x, sname, __VA_ARGS__)
      |  ^~~~~~~~~~~~~~~~~
./include/linux/syscalls.h:183:36: note: in expansion of macro ‘SYSCALL_DEFINEx’
  183 | #define SYSCALL_DEFINE2(name, ...) SYSCALL_DEFINEx(2, _##name, __VA_ARGS__)
      |                                    ^~~~~~~~~~~~~~~
fs/aio.c:1341:1: note: in expansion of macro ‘SYSCALL_DEFINE2’
 1341 | SYSCALL_DEFINE2(io_setup, unsigned, nr_events, aio_context_t __user *, ctxp)
      | ^~~~~~~~~~~~~~~
./include/linux/syscalls.h:195:18: warning: ‘sys_io_getevents’ alias between functions of incompatible types ‘long int(aio_context_t,  long int,  long int,  struct io_event *, struct timespec *)’ {aka ‘long int(long unsigned int,  long int,  long int,  struct io_event *, struct timespec *)’} and ‘long int(long int,  long int,  long int,  long int,  long int)’ [-Wattribute-alias=]
  195 |  asmlinkage long sys##name(__MAP(x,__SC_DECL,__VA_ARGS__)) \
      |                  ^~~
./include/linux/syscalls.h:191:2: note: in expansion of macro ‘__SYSCALL_DEFINEx’
  191 |  __SYSCALL_DEFINEx(x, sname, __VA_ARGS__)
      |  ^~~~~~~~~~~~~~~~~
./include/linux/syscalls.h:186:36: note: in expansion of macro ‘SYSCALL_DEFINEx’
  186 | #define SYSCALL_DEFINE5(name, ...) SYSCALL_DEFINEx(5, _##name, __VA_ARGS__)
      |                                    ^~~~~~~~~~~~~~~
fs/aio.c:1750:1: note: in expansion of macro ‘SYSCALL_DEFINE5’
 1750 | SYSCALL_DEFINE5(io_getevents, aio_context_t, ctx_id,
      | ^~~~~~~~~~~~~~~
./include/linux/syscalls.h:199:18: note: aliased declaration here
  199 |  asmlinkage long SyS##name(__MAP(x,__SC_LONG,__VA_ARGS__)) \
      |                  ^~~
./include/linux/syscalls.h:191:2: note: in expansion of macro ‘__SYSCALL_DEFINEx’
  191 |  __SYSCALL_DEFINEx(x, sname, __VA_ARGS__)
      |  ^~~~~~~~~~~~~~~~~
./include/linux/syscalls.h:186:36: note: in expansion of macro ‘SYSCALL_DEFINEx’
  186 | #define SYSCALL_DEFINE5(name, ...) SYSCALL_DEFINEx(5, _##name, __VA_ARGS__)
      |                                    ^~~~~~~~~~~~~~~
fs/aio.c:1750:1: note: in expansion of macro ‘SYSCALL_DEFINE5’
 1750 | SYSCALL_DEFINE5(io_getevents, aio_context_t, ctx_id,
      | ^~~~~~~~~~~~~~~
./include/linux/syscalls.h:195:18: warning: ‘sys_io_cancel’ alias between functions of incompatible types ‘long int(aio_context_t,  struct iocb *, struct io_event *)’ {aka ‘long int(long unsigned int,  struct iocb *, struct io_event *)’} and ‘long int(long int,  long int,  long int)’ [-Wattribute-alias=]
  195 |  asmlinkage long sys##name(__MAP(x,__SC_DECL,__VA_ARGS__)) \
      |                  ^~~
./include/linux/syscalls.h:191:2: note: in expansion of macro ‘__SYSCALL_DEFINEx’
  191 |  __SYSCALL_DEFINEx(x, sname, __VA_ARGS__)
      |  ^~~~~~~~~~~~~~~~~
./include/linux/syscalls.h:184:36: note: in expansion of macro ‘SYSCALL_DEFINEx’
  184 | #define SYSCALL_DEFINE3(name, ...) SYSCALL_DEFINEx(3, _##name, __VA_ARGS__)
      |                                    ^~~~~~~~~~~~~~~
fs/aio.c:1698:1: note: in expansion of macro ‘SYSCALL_DEFINE3’
 1698 | SYSCALL_DEFINE3(io_cancel, aio_context_t, ctx_id, struct iocb __user *, iocb,
      | ^~~~~~~~~~~~~~~
./include/linux/syscalls.h:199:18: note: aliased declaration here
  199 |  asmlinkage long SyS##name(__MAP(x,__SC_LONG,__VA_ARGS__)) \
      |                  ^~~
./include/linux/syscalls.h:191:2: note: in expansion of macro ‘__SYSCALL_DEFINEx’
  191 |  __SYSCALL_DEFINEx(x, sname, __VA_ARGS__)
      |  ^~~~~~~~~~~~~~~~~
./include/linux/syscalls.h:184:36: note: in expansion of macro ‘SYSCALL_DEFINEx’
  184 | #define SYSCALL_DEFINE3(name, ...) SYSCALL_DEFINEx(3, _##name, __VA_ARGS__)
      |                                    ^~~~~~~~~~~~~~~
fs/aio.c:1698:1: note: in expansion of macro ‘SYSCALL_DEFINE3’
 1698 | SYSCALL_DEFINE3(io_cancel, aio_context_t, ctx_id, struct iocb __user *, iocb,
      | ^~~~~~~~~~~~~~~
./include/linux/syscalls.h:195:18: warning: ‘sys_io_submit’ alias between functions of incompatible types ‘long int(aio_context_t,  long int,  struct iocb **)’ {aka ‘long int(long unsigned int,  long int,  struct iocb **)’} and ‘long int(long int,  long int,  long int)’ [-Wattribute-alias=]
  195 |  asmlinkage long sys##name(__MAP(x,__SC_DECL,__VA_ARGS__)) \
      |                  ^~~
./include/linux/syscalls.h:191:2: note: in expansion of macro ‘__SYSCALL_DEFINEx’
  191 |  __SYSCALL_DEFINEx(x, sname, __VA_ARGS__)
      |  ^~~~~~~~~~~~~~~~~
./include/linux/syscalls.h:184:36: note: in expansion of macro ‘SYSCALL_DEFINEx’
  184 | #define SYSCALL_DEFINE3(name, ...) SYSCALL_DEFINEx(3, _##name, __VA_ARGS__)
      |                                    ^~~~~~~~~~~~~~~
fs/aio.c:1661:1: note: in expansion of macro ‘SYSCALL_DEFINE3’
 1661 | SYSCALL_DEFINE3(io_submit, aio_context_t, ctx_id, long, nr,
      | ^~~~~~~~~~~~~~~
./include/linux/syscalls.h:199:18: note: aliased declaration here
  199 |  asmlinkage long SyS##name(__MAP(x,__SC_LONG,__VA_ARGS__)) \
      |                  ^~~
./include/linux/syscalls.h:191:2: note: in expansion of macro ‘__SYSCALL_DEFINEx’
  191 |  __SYSCALL_DEFINEx(x, sname, __VA_ARGS__)
      |  ^~~~~~~~~~~~~~~~~
./include/linux/syscalls.h:184:36: note: in expansion of macro ‘SYSCALL_DEFINEx’
  184 | #define SYSCALL_DEFINE3(name, ...) SYSCALL_DEFINEx(3, _##name, __VA_ARGS__)
      |                                    ^~~~~~~~~~~~~~~
fs/aio.c:1661:1: note: in expansion of macro ‘SYSCALL_DEFINE3’
 1661 | SYSCALL_DEFINE3(io_submit, aio_context_t, ctx_id, long, nr,
      | ^~~~~~~~~~~~~~~
./include/linux/syscalls.h:195:18: warning: ‘sys_io_destroy’ alias between functions of incompatible types ‘long int(aio_context_t)’ {aka ‘long int(long unsigned int)’} and ‘long int(long int)’ [-Wattribute-alias=]
  195 |  asmlinkage long sys##name(__MAP(x,__SC_DECL,__VA_ARGS__)) \
      |                  ^~~
./include/linux/syscalls.h:191:2: note: in expansion of macro ‘__SYSCALL_DEFINEx’
  191 |  __SYSCALL_DEFINEx(x, sname, __VA_ARGS__)
      |  ^~~~~~~~~~~~~~~~~
./include/linux/syscalls.h:182:36: note: in expansion of macro ‘SYSCALL_DEFINEx’
  182 | #define SYSCALL_DEFINE1(name, ...) SYSCALL_DEFINEx(1, _##name, __VA_ARGS__)
      |                                    ^~~~~~~~~~~~~~~
fs/aio.c:1377:1: note: in expansion of macro ‘SYSCALL_DEFINE1’
 1377 | SYSCALL_DEFINE1(io_destroy, aio_context_t, ctx)
      | ^~~~~~~~~~~~~~~
./include/linux/syscalls.h:199:18: note: aliased declaration here
  199 |  asmlinkage long SyS##name(__MAP(x,__SC_LONG,__VA_ARGS__)) \
      |                  ^~~
./include/linux/syscalls.h:191:2: note: in expansion of macro ‘__SYSCALL_DEFINEx’
  191 |  __SYSCALL_DEFINEx(x, sname, __VA_ARGS__)
      |  ^~~~~~~~~~~~~~~~~
./include/linux/syscalls.h:182:36: note: in expansion of macro ‘SYSCALL_DEFINEx’
  182 | #define SYSCALL_DEFINE1(name, ...) SYSCALL_DEFINEx(1, _##name, __VA_ARGS__)
      |                                    ^~~~~~~~~~~~~~~
fs/aio.c:1377:1: note: in expansion of macro ‘SYSCALL_DEFINE1’
 1377 | SYSCALL_DEFINE1(io_destroy, aio_context_t, ctx)
      | ^~~~~~~~~~~~~~~
  CC      fs/locks.o
In file included from fs/locks.c:124:
./include/linux/syscalls.h:195:18: warning: ‘sys_flock’ alias between functions of incompatible types ‘long int(unsigned int,  unsigned int)’ and ‘long int(long int,  long int)’ [-Wattribute-alias=]
  195 |  asmlinkage long sys##name(__MAP(x,__SC_DECL,__VA_ARGS__)) \
      |                  ^~~
./include/linux/syscalls.h:191:2: note: in expansion of macro ‘__SYSCALL_DEFINEx’
  191 |  __SYSCALL_DEFINEx(x, sname, __VA_ARGS__)
      |  ^~~~~~~~~~~~~~~~~
./include/linux/syscalls.h:183:36: note: in expansion of macro ‘SYSCALL_DEFINEx’
  183 | #define SYSCALL_DEFINE2(name, ...) SYSCALL_DEFINEx(2, _##name, __VA_ARGS__)
      |                                    ^~~~~~~~~~~~~~~
fs/locks.c:1988:1: note: in expansion of macro ‘SYSCALL_DEFINE2’
 1988 | SYSCALL_DEFINE2(flock, unsigned int, fd, unsigned int, cmd)
      | ^~~~~~~~~~~~~~~
./include/linux/syscalls.h:199:18: note: aliased declaration here
  199 |  asmlinkage long SyS##name(__MAP(x,__SC_LONG,__VA_ARGS__)) \
      |                  ^~~
./include/linux/syscalls.h:191:2: note: in expansion of macro ‘__SYSCALL_DEFINEx’
  191 |  __SYSCALL_DEFINEx(x, sname, __VA_ARGS__)
      |  ^~~~~~~~~~~~~~~~~
./include/linux/syscalls.h:183:36: note: in expansion of macro ‘SYSCALL_DEFINEx’
  183 | #define SYSCALL_DEFINE2(name, ...) SYSCALL_DEFINEx(2, _##name, __VA_ARGS__)
      |                                    ^~~~~~~~~~~~~~~
fs/locks.c:1988:1: note: in expansion of macro ‘SYSCALL_DEFINE2’
 1988 | SYSCALL_DEFINE2(flock, unsigned int, fd, unsigned int, cmd)
      | ^~~~~~~~~~~~~~~
  CC      fs/binfmt_script.o
  CC      fs/binfmt_elf.o
  CC      fs/mbcache.o
  CC      fs/posix_acl.o
  CC      fs/coredump.o
  CC      fs/drop_caches.o
  CC      fs/fhandle.o
In file included from fs/fhandle.c:1:
./include/linux/syscalls.h:195:18: warning: ‘sys_name_to_handle_at’ alias between functions of incompatible types ‘long int(int,  const char *, struct file_handle *, int *, int)’ and ‘long int(long int,  long int,  long int,  long int,  long int)’ [-Wattribute-alias=]
  195 |  asmlinkage long sys##name(__MAP(x,__SC_DECL,__VA_ARGS__)) \
      |                  ^~~
./include/linux/syscalls.h:191:2: note: in expansion of macro ‘__SYSCALL_DEFINEx’
  191 |  __SYSCALL_DEFINEx(x, sname, __VA_ARGS__)
      |  ^~~~~~~~~~~~~~~~~
./include/linux/syscalls.h:186:36: note: in expansion of macro ‘SYSCALL_DEFINEx’
  186 | #define SYSCALL_DEFINE5(name, ...) SYSCALL_DEFINEx(5, _##name, __VA_ARGS__)
      |                                    ^~~~~~~~~~~~~~~
fs/fhandle.c:92:1: note: in expansion of macro ‘SYSCALL_DEFINE5’
   92 | SYSCALL_DEFINE5(name_to_handle_at, int, dfd, const char __user *, name,
      | ^~~~~~~~~~~~~~~
./include/linux/syscalls.h:199:18: note: aliased declaration here
  199 |  asmlinkage long SyS##name(__MAP(x,__SC_LONG,__VA_ARGS__)) \
      |                  ^~~
./include/linux/syscalls.h:191:2: note: in expansion of macro ‘__SYSCALL_DEFINEx’
  191 |  __SYSCALL_DEFINEx(x, sname, __VA_ARGS__)
      |  ^~~~~~~~~~~~~~~~~
./include/linux/syscalls.h:186:36: note: in expansion of macro ‘SYSCALL_DEFINEx’
  186 | #define SYSCALL_DEFINE5(name, ...) SYSCALL_DEFINEx(5, _##name, __VA_ARGS__)
      |                                    ^~~~~~~~~~~~~~~
fs/fhandle.c:92:1: note: in expansion of macro ‘SYSCALL_DEFINE5’
   92 | SYSCALL_DEFINE5(name_to_handle_at, int, dfd, const char __user *, name,
      | ^~~~~~~~~~~~~~~
./include/linux/syscalls.h:195:18: warning: ‘sys_open_by_handle_at’ alias between functions of incompatible types ‘long int(int,  struct file_handle *, int)’ and ‘long int(long int,  long int,  long int)’ [-Wattribute-alias=]
  195 |  asmlinkage long sys##name(__MAP(x,__SC_DECL,__VA_ARGS__)) \
      |                  ^~~
./include/linux/syscalls.h:191:2: note: in expansion of macro ‘__SYSCALL_DEFINEx’
  191 |  __SYSCALL_DEFINEx(x, sname, __VA_ARGS__)
      |  ^~~~~~~~~~~~~~~~~
./include/linux/syscalls.h:184:36: note: in expansion of macro ‘SYSCALL_DEFINEx’
  184 | #define SYSCALL_DEFINE3(name, ...) SYSCALL_DEFINEx(3, _##name, __VA_ARGS__)
      |                                    ^~~~~~~~~~~~~~~
fs/fhandle.c:255:1: note: in expansion of macro ‘SYSCALL_DEFINE3’
  255 | SYSCALL_DEFINE3(open_by_handle_at, int, mountdirfd,
      | ^~~~~~~~~~~~~~~
./include/linux/syscalls.h:199:18: note: aliased declaration here
  199 |  asmlinkage long SyS##name(__MAP(x,__SC_LONG,__VA_ARGS__)) \
      |                  ^~~
./include/linux/syscalls.h:191:2: note: in expansion of macro ‘__SYSCALL_DEFINEx’
  191 |  __SYSCALL_DEFINEx(x, sname, __VA_ARGS__)
      |  ^~~~~~~~~~~~~~~~~
./include/linux/syscalls.h:184:36: note: in expansion of macro ‘SYSCALL_DEFINEx’
  184 | #define SYSCALL_DEFINE3(name, ...) SYSCALL_DEFINEx(3, _##name, __VA_ARGS__)
      |                                    ^~~~~~~~~~~~~~~
fs/fhandle.c:255:1: note: in expansion of macro ‘SYSCALL_DEFINE3’
  255 | SYSCALL_DEFINE3(open_by_handle_at, int, mountdirfd,
      | ^~~~~~~~~~~~~~~
  CC      fs/iomap.o
  CC      fs/dcookies.o
In file included from fs/dcookies.c:15:
./include/linux/syscalls.h:195:18: warning: ‘sys_lookup_dcookie’ alias between functions of incompatible types ‘long int(u64,  char *, size_t)’ {aka ‘long int(long long unsigned int,  char *, unsigned int)’} and ‘long int(long long int,  long int,  long int)’ [-Wattribute-alias=]
  195 |  asmlinkage long sys##name(__MAP(x,__SC_DECL,__VA_ARGS__)) \
      |                  ^~~
./include/linux/syscalls.h:191:2: note: in expansion of macro ‘__SYSCALL_DEFINEx’
  191 |  __SYSCALL_DEFINEx(x, sname, __VA_ARGS__)
      |  ^~~~~~~~~~~~~~~~~
./include/linux/syscalls.h:184:36: note: in expansion of macro ‘SYSCALL_DEFINEx’
  184 | #define SYSCALL_DEFINE3(name, ...) SYSCALL_DEFINEx(3, _##name, __VA_ARGS__)
      |                                    ^~~~~~~~~~~~~~~
fs/dcookies.c:149:1: note: in expansion of macro ‘SYSCALL_DEFINE3’
  149 | SYSCALL_DEFINE3(lookup_dcookie, u64, cookie64, char __user *, buf, size_t, len)
      | ^~~~~~~~~~~~~~~
./include/linux/syscalls.h:199:18: note: aliased declaration here
  199 |  asmlinkage long SyS##name(__MAP(x,__SC_LONG,__VA_ARGS__)) \
      |                  ^~~
./include/linux/syscalls.h:191:2: note: in expansion of macro ‘__SYSCALL_DEFINEx’
  191 |  __SYSCALL_DEFINEx(x, sname, __VA_ARGS__)
      |  ^~~~~~~~~~~~~~~~~
./include/linux/syscalls.h:184:36: note: in expansion of macro ‘SYSCALL_DEFINEx’
  184 | #define SYSCALL_DEFINE3(name, ...) SYSCALL_DEFINEx(3, _##name, __VA_ARGS__)
      |                                    ^~~~~~~~~~~~~~~
fs/dcookies.c:149:1: note: in expansion of macro ‘SYSCALL_DEFINE3’
  149 | SYSCALL_DEFINE3(lookup_dcookie, u64, cookie64, char __user *, buf, size_t, len)
      | ^~~~~~~~~~~~~~~
  LD      fs/built-in.o
  CC [M]  fs/binfmt_misc.o
In file included from fs/binfmt_misc.c:13:
./include/linux/module.h:132:6: warning: ‘init_module’ specifies less restrictive attribute than its target ‘init_misc_binfmt’: ‘cold’ [-Wmissing-attributes]
  132 |  int init_module(void) __attribute__((alias(#initfn)));
      |      ^~~~~~~~~~~
./include/linux/module.h:110:28: note: in expansion of macro ‘module_init’
  110 | #define core_initcall(fn)  module_init(fn)
      |                            ^~~~~~~~~~~
fs/binfmt_misc.c:866:1: note: in expansion of macro ‘core_initcall’
  866 | core_initcall(init_misc_binfmt);
      | ^~~~~~~~~~~~~
fs/binfmt_misc.c:852:19: note: ‘init_module’ target declared here
  852 | static int __init init_misc_binfmt(void)
      |                   ^~~~~~~~~~~~~~~~
In file included from fs/binfmt_misc.c:13:
./include/linux/module.h:138:7: warning: ‘cleanup_module’ specifies less restrictive attribute than its target ‘exit_misc_binfmt’: ‘cold’ [-Wmissing-attributes]
  138 |  void cleanup_module(void) __attribute__((alias(#exitfn)));
      |       ^~~~~~~~~~~~~~
fs/binfmt_misc.c:867:1: note: in expansion of macro ‘module_exit’
  867 | module_exit(exit_misc_binfmt);
      | ^~~~~~~~~~~
fs/binfmt_misc.c:860:20: note: ‘cleanup_module’ target declared here
  860 | static void __exit exit_misc_binfmt(void)
      |                    ^~~~~~~~~~~~~~~~
  CC      ipc/util.o
  CC      ipc/msgutil.o
  CC      ipc/msg.o
In file included from ipc/msg.c:34:
./include/linux/syscalls.h:195:18: warning: ‘sys_msgrcv’ alias between functions of incompatible types ‘long int(int,  struct msgbuf *, size_t,  long int,  int)’ {aka ‘long int(int,  struct msgbuf *, unsigned int,  long int,  int)’} and ‘long int(long int,  long int,  long int,  long int,  long int)’ [-Wattribute-alias=]
  195 |  asmlinkage long sys##name(__MAP(x,__SC_DECL,__VA_ARGS__)) \
      |                  ^~~
./include/linux/syscalls.h:191:2: note: in expansion of macro ‘__SYSCALL_DEFINEx’
  191 |  __SYSCALL_DEFINEx(x, sname, __VA_ARGS__)
      |  ^~~~~~~~~~~~~~~~~
./include/linux/syscalls.h:186:36: note: in expansion of macro ‘SYSCALL_DEFINEx’
  186 | #define SYSCALL_DEFINE5(name, ...) SYSCALL_DEFINEx(5, _##name, __VA_ARGS__)
      |                                    ^~~~~~~~~~~~~~~
ipc/msg.c:1007:1: note: in expansion of macro ‘SYSCALL_DEFINE5’
 1007 | SYSCALL_DEFINE5(msgrcv, int, msqid, struct msgbuf __user *, msgp, size_t, msgsz,
      | ^~~~~~~~~~~~~~~
./include/linux/syscalls.h:199:18: note: aliased declaration here
  199 |  asmlinkage long SyS##name(__MAP(x,__SC_LONG,__VA_ARGS__)) \
      |                  ^~~
./include/linux/syscalls.h:191:2: note: in expansion of macro ‘__SYSCALL_DEFINEx’
  191 |  __SYSCALL_DEFINEx(x, sname, __VA_ARGS__)
      |  ^~~~~~~~~~~~~~~~~
./include/linux/syscalls.h:186:36: note: in expansion of macro ‘SYSCALL_DEFINEx’
  186 | #define SYSCALL_DEFINE5(name, ...) SYSCALL_DEFINEx(5, _##name, __VA_ARGS__)
      |                                    ^~~~~~~~~~~~~~~
ipc/msg.c:1007:1: note: in expansion of macro ‘SYSCALL_DEFINE5’
 1007 | SYSCALL_DEFINE5(msgrcv, int, msqid, struct msgbuf __user *, msgp, size_t, msgsz,
      | ^~~~~~~~~~~~~~~
./include/linux/syscalls.h:195:18: warning: ‘sys_msgsnd’ alias between functions of incompatible types ‘long int(int,  struct msgbuf *, size_t,  int)’ {aka ‘long int(int,  struct msgbuf *, unsigned int,  int)’} and ‘long int(long int,  long int,  long int,  long int)’ [-Wattribute-alias=]
  195 |  asmlinkage long sys##name(__MAP(x,__SC_DECL,__VA_ARGS__)) \
      |                  ^~~
./include/linux/syscalls.h:191:2: note: in expansion of macro ‘__SYSCALL_DEFINEx’
  191 |  __SYSCALL_DEFINEx(x, sname, __VA_ARGS__)
      |  ^~~~~~~~~~~~~~~~~
./include/linux/syscalls.h:185:36: note: in expansion of macro ‘SYSCALL_DEFINEx’
  185 | #define SYSCALL_DEFINE4(name, ...) SYSCALL_DEFINEx(4, _##name, __VA_ARGS__)
      |                                    ^~~~~~~~~~~~~~~
ipc/msg.c:743:1: note: in expansion of macro ‘SYSCALL_DEFINE4’
  743 | SYSCALL_DEFINE4(msgsnd, int, msqid, struct msgbuf __user *, msgp, size_t, msgsz,
      | ^~~~~~~~~~~~~~~
./include/linux/syscalls.h:199:18: note: aliased declaration here
  199 |  asmlinkage long SyS##name(__MAP(x,__SC_LONG,__VA_ARGS__)) \
      |                  ^~~
./include/linux/syscalls.h:191:2: note: in expansion of macro ‘__SYSCALL_DEFINEx’
  191 |  __SYSCALL_DEFINEx(x, sname, __VA_ARGS__)
      |  ^~~~~~~~~~~~~~~~~
./include/linux/syscalls.h:185:36: note: in expansion of macro ‘SYSCALL_DEFINEx’
  185 | #define SYSCALL_DEFINE4(name, ...) SYSCALL_DEFINEx(4, _##name, __VA_ARGS__)
      |                                    ^~~~~~~~~~~~~~~
ipc/msg.c:743:1: note: in expansion of macro ‘SYSCALL_DEFINE4’
  743 | SYSCALL_DEFINE4(msgsnd, int, msqid, struct msgbuf __user *, msgp, size_t, msgsz,
      | ^~~~~~~~~~~~~~~
./include/linux/syscalls.h:195:18: warning: ‘sys_msgctl’ alias between functions of incompatible types ‘long int(int,  int,  struct msqid_ds *)’ and ‘long int(long int,  long int,  long int)’ [-Wattribute-alias=]
  195 |  asmlinkage long sys##name(__MAP(x,__SC_DECL,__VA_ARGS__)) \
      |                  ^~~
./include/linux/syscalls.h:191:2: note: in expansion of macro ‘__SYSCALL_DEFINEx’
  191 |  __SYSCALL_DEFINEx(x, sname, __VA_ARGS__)
      |  ^~~~~~~~~~~~~~~~~
./include/linux/syscalls.h:184:36: note: in expansion of macro ‘SYSCALL_DEFINEx’
  184 | #define SYSCALL_DEFINE3(name, ...) SYSCALL_DEFINEx(3, _##name, __VA_ARGS__)
      |                                    ^~~~~~~~~~~~~~~
ipc/msg.c:555:1: note: in expansion of macro ‘SYSCALL_DEFINE3’
  555 | SYSCALL_DEFINE3(msgctl, int, msqid, int, cmd, struct msqid_ds __user *, buf)
      | ^~~~~~~~~~~~~~~
./include/linux/syscalls.h:199:18: note: aliased declaration here
  199 |  asmlinkage long SyS##name(__MAP(x,__SC_LONG,__VA_ARGS__)) \
      |                  ^~~
./include/linux/syscalls.h:191:2: note: in expansion of macro ‘__SYSCALL_DEFINEx’
  191 |  __SYSCALL_DEFINEx(x, sname, __VA_ARGS__)
      |  ^~~~~~~~~~~~~~~~~
./include/linux/syscalls.h:184:36: note: in expansion of macro ‘SYSCALL_DEFINEx’
  184 | #define SYSCALL_DEFINE3(name, ...) SYSCALL_DEFINEx(3, _##name, __VA_ARGS__)
      |                                    ^~~~~~~~~~~~~~~
ipc/msg.c:555:1: note: in expansion of macro ‘SYSCALL_DEFINE3’
  555 | SYSCALL_DEFINE3(msgctl, int, msqid, int, cmd, struct msqid_ds __user *, buf)
      | ^~~~~~~~~~~~~~~
  CC      ipc/sem.o
In file included from ipc/sem.c:81:
./include/linux/syscalls.h:195:18: warning: ‘sys_semop’ alias between functions of incompatible types ‘long int(int,  struct sembuf *, unsigned int)’ and ‘long int(long int,  long int,  long int)’ [-Wattribute-alias=]
  195 |  asmlinkage long sys##name(__MAP(x,__SC_DECL,__VA_ARGS__)) \
      |                  ^~~
./include/linux/syscalls.h:191:2: note: in expansion of macro ‘__SYSCALL_DEFINEx’
  191 |  __SYSCALL_DEFINEx(x, sname, __VA_ARGS__)
      |  ^~~~~~~~~~~~~~~~~
./include/linux/syscalls.h:184:36: note: in expansion of macro ‘SYSCALL_DEFINEx’
  184 | #define SYSCALL_DEFINE3(name, ...) SYSCALL_DEFINEx(3, _##name, __VA_ARGS__)
      |                                    ^~~~~~~~~~~~~~~
ipc/sem.c:2051:1: note: in expansion of macro ‘SYSCALL_DEFINE3’
 2051 | SYSCALL_DEFINE3(semop, int, semid, struct sembuf __user *, tsops,
      | ^~~~~~~~~~~~~~~
./include/linux/syscalls.h:199:18: note: aliased declaration here
  199 |  asmlinkage long SyS##name(__MAP(x,__SC_LONG,__VA_ARGS__)) \
      |                  ^~~
./include/linux/syscalls.h:191:2: note: in expansion of macro ‘__SYSCALL_DEFINEx’
  191 |  __SYSCALL_DEFINEx(x, sname, __VA_ARGS__)
      |  ^~~~~~~~~~~~~~~~~
./include/linux/syscalls.h:184:36: note: in expansion of macro ‘SYSCALL_DEFINEx’
  184 | #define SYSCALL_DEFINE3(name, ...) SYSCALL_DEFINEx(3, _##name, __VA_ARGS__)
      |                                    ^~~~~~~~~~~~~~~
ipc/sem.c:2051:1: note: in expansion of macro ‘SYSCALL_DEFINE3’
 2051 | SYSCALL_DEFINE3(semop, int, semid, struct sembuf __user *, tsops,
      | ^~~~~~~~~~~~~~~
./include/linux/syscalls.h:195:18: warning: ‘sys_semtimedop’ alias between functions of incompatible types ‘long int(int,  struct sembuf *, unsigned int,  const struct timespec *)’ and ‘long int(long int,  long int,  long int,  long int)’ [-Wattribute-alias=]
  195 |  asmlinkage long sys##name(__MAP(x,__SC_DECL,__VA_ARGS__)) \
      |                  ^~~
./include/linux/syscalls.h:191:2: note: in expansion of macro ‘__SYSCALL_DEFINEx’
  191 |  __SYSCALL_DEFINEx(x, sname, __VA_ARGS__)
      |  ^~~~~~~~~~~~~~~~~
./include/linux/syscalls.h:185:36: note: in expansion of macro ‘SYSCALL_DEFINEx’
  185 | #define SYSCALL_DEFINE4(name, ...) SYSCALL_DEFINEx(4, _##name, __VA_ARGS__)
      |                                    ^~~~~~~~~~~~~~~
ipc/sem.c:1816:1: note: in expansion of macro ‘SYSCALL_DEFINE4’
 1816 | SYSCALL_DEFINE4(semtimedop, int, semid, struct sembuf __user *, tsops,
      | ^~~~~~~~~~~~~~~
./include/linux/syscalls.h:199:18: note: aliased declaration here
  199 |  asmlinkage long SyS##name(__MAP(x,__SC_LONG,__VA_ARGS__)) \
      |                  ^~~
./include/linux/syscalls.h:191:2: note: in expansion of macro ‘__SYSCALL_DEFINEx’
  191 |  __SYSCALL_DEFINEx(x, sname, __VA_ARGS__)
      |  ^~~~~~~~~~~~~~~~~
./include/linux/syscalls.h:185:36: note: in expansion of macro ‘SYSCALL_DEFINEx’
  185 | #define SYSCALL_DEFINE4(name, ...) SYSCALL_DEFINEx(4, _##name, __VA_ARGS__)
      |                                    ^~~~~~~~~~~~~~~
ipc/sem.c:1816:1: note: in expansion of macro ‘SYSCALL_DEFINE4’
 1816 | SYSCALL_DEFINE4(semtimedop, int, semid, struct sembuf __user *, tsops,
      | ^~~~~~~~~~~~~~~
./include/linux/syscalls.h:195:18: warning: ‘sys_semctl’ alias between functions of incompatible types ‘long int(int,  int,  int,  long unsigned int)’ and ‘long int(long int,  long int,  long int,  long int)’ [-Wattribute-alias=]
  195 |  asmlinkage long sys##name(__MAP(x,__SC_DECL,__VA_ARGS__)) \
      |                  ^~~
./include/linux/syscalls.h:191:2: note: in expansion of macro ‘__SYSCALL_DEFINEx’
  191 |  __SYSCALL_DEFINEx(x, sname, __VA_ARGS__)
      |  ^~~~~~~~~~~~~~~~~
./include/linux/syscalls.h:185:36: note: in expansion of macro ‘SYSCALL_DEFINEx’
  185 | #define SYSCALL_DEFINE4(name, ...) SYSCALL_DEFINEx(4, _##name, __VA_ARGS__)
      |                                    ^~~~~~~~~~~~~~~
ipc/sem.c:1611:1: note: in expansion of macro ‘SYSCALL_DEFINE4’
 1611 | SYSCALL_DEFINE4(semctl, int, semid, int, semnum, int, cmd, unsigned long, arg)
      | ^~~~~~~~~~~~~~~
./include/linux/syscalls.h:199:18: note: aliased declaration here
  199 |  asmlinkage long SyS##name(__MAP(x,__SC_LONG,__VA_ARGS__)) \
      |                  ^~~
./include/linux/syscalls.h:191:2: note: in expansion of macro ‘__SYSCALL_DEFINEx’
  191 |  __SYSCALL_DEFINEx(x, sname, __VA_ARGS__)
      |  ^~~~~~~~~~~~~~~~~
./include/linux/syscalls.h:185:36: note: in expansion of macro ‘SYSCALL_DEFINEx’
  185 | #define SYSCALL_DEFINE4(name, ...) SYSCALL_DEFINEx(4, _##name, __VA_ARGS__)
      |                                    ^~~~~~~~~~~~~~~
ipc/sem.c:1611:1: note: in expansion of macro ‘SYSCALL_DEFINE4’
 1611 | SYSCALL_DEFINE4(semctl, int, semid, int, semnum, int, cmd, unsigned long, arg)
      | ^~~~~~~~~~~~~~~
  CC      ipc/shm.o
In file included from ipc/shm.c:36:
./include/linux/syscalls.h:195:18: warning: ‘sys_shmget’ alias between functions of incompatible types ‘long int(key_t,  size_t,  int)’ {aka ‘long int(int,  unsigned int,  int)’} and ‘long int(long int,  long int,  long int)’ [-Wattribute-alias=]
  195 |  asmlinkage long sys##name(__MAP(x,__SC_DECL,__VA_ARGS__)) \
      |                  ^~~
./include/linux/syscalls.h:191:2: note: in expansion of macro ‘__SYSCALL_DEFINEx’
  191 |  __SYSCALL_DEFINEx(x, sname, __VA_ARGS__)
      |  ^~~~~~~~~~~~~~~~~
./include/linux/syscalls.h:184:36: note: in expansion of macro ‘SYSCALL_DEFINEx’
  184 | #define SYSCALL_DEFINE3(name, ...) SYSCALL_DEFINEx(3, _##name, __VA_ARGS__)
      |                                    ^~~~~~~~~~~~~~~
ipc/shm.c:654:1: note: in expansion of macro ‘SYSCALL_DEFINE3’
  654 | SYSCALL_DEFINE3(shmget, key_t, key, size_t, size, int, shmflg)
      | ^~~~~~~~~~~~~~~
./include/linux/syscalls.h:199:18: note: aliased declaration here
  199 |  asmlinkage long SyS##name(__MAP(x,__SC_LONG,__VA_ARGS__)) \
      |                  ^~~
./include/linux/syscalls.h:191:2: note: in expansion of macro ‘__SYSCALL_DEFINEx’
  191 |  __SYSCALL_DEFINEx(x, sname, __VA_ARGS__)
      |  ^~~~~~~~~~~~~~~~~
./include/linux/syscalls.h:184:36: note: in expansion of macro ‘SYSCALL_DEFINEx’
  184 | #define SYSCALL_DEFINE3(name, ...) SYSCALL_DEFINEx(3, _##name, __VA_ARGS__)
      |                                    ^~~~~~~~~~~~~~~
ipc/shm.c:654:1: note: in expansion of macro ‘SYSCALL_DEFINE3’
  654 | SYSCALL_DEFINE3(shmget, key_t, key, size_t, size, int, shmflg)
      | ^~~~~~~~~~~~~~~
./include/linux/syscalls.h:195:18: warning: ‘sys_shmdt’ alias between functions of incompatible types ‘long int(char *)’ and ‘long int(long int)’ [-Wattribute-alias=]
  195 |  asmlinkage long sys##name(__MAP(x,__SC_DECL,__VA_ARGS__)) \
      |                  ^~~
./include/linux/syscalls.h:191:2: note: in expansion of macro ‘__SYSCALL_DEFINEx’
  191 |  __SYSCALL_DEFINEx(x, sname, __VA_ARGS__)
      |  ^~~~~~~~~~~~~~~~~
./include/linux/syscalls.h:182:36: note: in expansion of macro ‘SYSCALL_DEFINEx’
  182 | #define SYSCALL_DEFINE1(name, ...) SYSCALL_DEFINEx(1, _##name, __VA_ARGS__)
      |                                    ^~~~~~~~~~~~~~~
ipc/shm.c:1270:1: note: in expansion of macro ‘SYSCALL_DEFINE1’
 1270 | SYSCALL_DEFINE1(shmdt, char __user *, shmaddr)
      | ^~~~~~~~~~~~~~~
./include/linux/syscalls.h:199:18: note: aliased declaration here
  199 |  asmlinkage long SyS##name(__MAP(x,__SC_LONG,__VA_ARGS__)) \
      |                  ^~~
./include/linux/syscalls.h:191:2: note: in expansion of macro ‘__SYSCALL_DEFINEx’
  191 |  __SYSCALL_DEFINEx(x, sname, __VA_ARGS__)
      |  ^~~~~~~~~~~~~~~~~
./include/linux/syscalls.h:182:36: note: in expansion of macro ‘SYSCALL_DEFINEx’
  182 | #define SYSCALL_DEFINE1(name, ...) SYSCALL_DEFINEx(1, _##name, __VA_ARGS__)
      |                                    ^~~~~~~~~~~~~~~
ipc/shm.c:1270:1: note: in expansion of macro ‘SYSCALL_DEFINE1’
 1270 | SYSCALL_DEFINE1(shmdt, char __user *, shmaddr)
      | ^~~~~~~~~~~~~~~
./include/linux/syscalls.h:195:18: warning: ‘sys_shmat’ alias between functions of incompatible types ‘long int(int,  char *, int)’ and ‘long int(long int,  long int,  long int)’ [-Wattribute-alias=]
  195 |  asmlinkage long sys##name(__MAP(x,__SC_DECL,__VA_ARGS__)) \
      |                  ^~~
./include/linux/syscalls.h:191:2: note: in expansion of macro ‘__SYSCALL_DEFINEx’
  191 |  __SYSCALL_DEFINEx(x, sname, __VA_ARGS__)
      |  ^~~~~~~~~~~~~~~~~
./include/linux/syscalls.h:184:36: note: in expansion of macro ‘SYSCALL_DEFINEx’
  184 | #define SYSCALL_DEFINE3(name, ...) SYSCALL_DEFINEx(3, _##name, __VA_ARGS__)
      |                                    ^~~~~~~~~~~~~~~
ipc/shm.c:1254:1: note: in expansion of macro ‘SYSCALL_DEFINE3’
 1254 | SYSCALL_DEFINE3(shmat, int, shmid, char __user *, shmaddr, int, shmflg)
      | ^~~~~~~~~~~~~~~
./include/linux/syscalls.h:199:18: note: aliased declaration here
  199 |  asmlinkage long SyS##name(__MAP(x,__SC_LONG,__VA_ARGS__)) \
      |                  ^~~
./include/linux/syscalls.h:191:2: note: in expansion of macro ‘__SYSCALL_DEFINEx’
  191 |  __SYSCALL_DEFINEx(x, sname, __VA_ARGS__)
      |  ^~~~~~~~~~~~~~~~~
./include/linux/syscalls.h:184:36: note: in expansion of macro ‘SYSCALL_DEFINEx’
  184 | #define SYSCALL_DEFINE3(name, ...) SYSCALL_DEFINEx(3, _##name, __VA_ARGS__)
      |                                    ^~~~~~~~~~~~~~~
ipc/shm.c:1254:1: note: in expansion of macro ‘SYSCALL_DEFINE3’
 1254 | SYSCALL_DEFINE3(shmat, int, shmid, char __user *, shmaddr, int, shmflg)
      | ^~~~~~~~~~~~~~~
./include/linux/syscalls.h:195:18: warning: ‘sys_shmctl’ alias between functions of incompatible types ‘long int(int,  int,  struct shmid_ds *)’ and ‘long int(long int,  long int,  long int)’ [-Wattribute-alias=]
  195 |  asmlinkage long sys##name(__MAP(x,__SC_DECL,__VA_ARGS__)) \
      |                  ^~~
./include/linux/syscalls.h:191:2: note: in expansion of macro ‘__SYSCALL_DEFINEx’
  191 |  __SYSCALL_DEFINEx(x, sname, __VA_ARGS__)
      |  ^~~~~~~~~~~~~~~~~
./include/linux/syscalls.h:184:36: note: in expansion of macro ‘SYSCALL_DEFINEx’
  184 | #define SYSCALL_DEFINE3(name, ...) SYSCALL_DEFINEx(3, _##name, __VA_ARGS__)
      |                                    ^~~~~~~~~~~~~~~
ipc/shm.c:983:1: note: in expansion of macro ‘SYSCALL_DEFINE3’
  983 | SYSCALL_DEFINE3(shmctl, int, shmid, int, cmd, struct shmid_ds __user *, buf)
      | ^~~~~~~~~~~~~~~
./include/linux/syscalls.h:199:18: note: aliased declaration here
  199 |  asmlinkage long SyS##name(__MAP(x,__SC_LONG,__VA_ARGS__)) \
      |                  ^~~
./include/linux/syscalls.h:191:2: note: in expansion of macro ‘__SYSCALL_DEFINEx’
  191 |  __SYSCALL_DEFINEx(x, sname, __VA_ARGS__)
      |  ^~~~~~~~~~~~~~~~~
./include/linux/syscalls.h:184:36: note: in expansion of macro ‘SYSCALL_DEFINEx’
  184 | #define SYSCALL_DEFINE3(name, ...) SYSCALL_DEFINEx(3, _##name, __VA_ARGS__)
      |                                    ^~~~~~~~~~~~~~~
ipc/shm.c:983:1: note: in expansion of macro ‘SYSCALL_DEFINE3’
  983 | SYSCALL_DEFINE3(shmctl, int, shmid, int, cmd, struct shmid_ds __user *, buf)
      | ^~~~~~~~~~~~~~~
  CC      ipc/syscall.o
  CC      ipc/ipc_sysctl.o
  CC      ipc/mqueue.o
In file included from ipc/mqueue.c:29:
./include/linux/syscalls.h:195:18: warning: ‘sys_mq_open’ alias between functions of incompatible types ‘long int(const char *, int,  umode_t,  struct mq_attr *)’ {aka ‘long int(const char *, int,  short unsigned int,  struct mq_attr *)’} and ‘long int(long int,  long int,  long int,  long int)’ [-Wattribute-alias=]
  195 |  asmlinkage long sys##name(__MAP(x,__SC_DECL,__VA_ARGS__)) \
      |                  ^~~
./include/linux/syscalls.h:191:2: note: in expansion of macro ‘__SYSCALL_DEFINEx’
  191 |  __SYSCALL_DEFINEx(x, sname, __VA_ARGS__)
      |  ^~~~~~~~~~~~~~~~~
./include/linux/syscalls.h:185:36: note: in expansion of macro ‘SYSCALL_DEFINEx’
  185 | #define SYSCALL_DEFINE4(name, ...) SYSCALL_DEFINEx(4, _##name, __VA_ARGS__)
      |                                    ^~~~~~~~~~~~~~~
ipc/mqueue.c:769:1: note: in expansion of macro ‘SYSCALL_DEFINE4’
  769 | SYSCALL_DEFINE4(mq_open, const char __user *, u_name, int, oflag, umode_t, mode,
      | ^~~~~~~~~~~~~~~
./include/linux/syscalls.h:199:18: note: aliased declaration here
  199 |  asmlinkage long SyS##name(__MAP(x,__SC_LONG,__VA_ARGS__)) \
      |                  ^~~
./include/linux/syscalls.h:191:2: note: in expansion of macro ‘__SYSCALL_DEFINEx’
  191 |  __SYSCALL_DEFINEx(x, sname, __VA_ARGS__)
      |  ^~~~~~~~~~~~~~~~~
./include/linux/syscalls.h:185:36: note: in expansion of macro ‘SYSCALL_DEFINEx’
  185 | #define SYSCALL_DEFINE4(name, ...) SYSCALL_DEFINEx(4, _##name, __VA_ARGS__)
      |                                    ^~~~~~~~~~~~~~~
ipc/mqueue.c:769:1: note: in expansion of macro ‘SYSCALL_DEFINE4’
  769 | SYSCALL_DEFINE4(mq_open, const char __user *, u_name, int, oflag, umode_t, mode,
      | ^~~~~~~~~~~~~~~
./include/linux/syscalls.h:195:18: warning: ‘sys_mq_getsetattr’ alias between functions of incompatible types ‘long int(mqd_t,  const struct mq_attr *, struct mq_attr *)’ {aka ‘long int(int,  const struct mq_attr *, struct mq_attr *)’} and ‘long int(long int,  long int,  long int)’ [-Wattribute-alias=]
  195 |  asmlinkage long sys##name(__MAP(x,__SC_DECL,__VA_ARGS__)) \
      |                  ^~~
./include/linux/syscalls.h:191:2: note: in expansion of macro ‘__SYSCALL_DEFINEx’
  191 |  __SYSCALL_DEFINEx(x, sname, __VA_ARGS__)
      |  ^~~~~~~~~~~~~~~~~
./include/linux/syscalls.h:184:36: note: in expansion of macro ‘SYSCALL_DEFINEx’
  184 | #define SYSCALL_DEFINE3(name, ...) SYSCALL_DEFINEx(3, _##name, __VA_ARGS__)
      |                                    ^~~~~~~~~~~~~~~
ipc/mqueue.c:1321:1: note: in expansion of macro ‘SYSCALL_DEFINE3’
 1321 | SYSCALL_DEFINE3(mq_getsetattr, mqd_t, mqdes,
      | ^~~~~~~~~~~~~~~
./include/linux/syscalls.h:199:18: note: aliased declaration here
  199 |  asmlinkage long SyS##name(__MAP(x,__SC_LONG,__VA_ARGS__)) \
      |                  ^~~
./include/linux/syscalls.h:191:2: note: in expansion of macro ‘__SYSCALL_DEFINEx’
  191 |  __SYSCALL_DEFINEx(x, sname, __VA_ARGS__)
      |  ^~~~~~~~~~~~~~~~~
./include/linux/syscalls.h:184:36: note: in expansion of macro ‘SYSCALL_DEFINEx’
  184 | #define SYSCALL_DEFINE3(name, ...) SYSCALL_DEFINEx(3, _##name, __VA_ARGS__)
      |                                    ^~~~~~~~~~~~~~~
ipc/mqueue.c:1321:1: note: in expansion of macro ‘SYSCALL_DEFINE3’
 1321 | SYSCALL_DEFINE3(mq_getsetattr, mqd_t, mqdes,
      | ^~~~~~~~~~~~~~~
./include/linux/syscalls.h:195:18: warning: ‘sys_mq_notify’ alias between functions of incompatible types ‘long int(mqd_t,  const struct sigevent *)’ {aka ‘long int(int,  const struct sigevent *)’} and ‘long int(long int,  long int)’ [-Wattribute-alias=]
  195 |  asmlinkage long sys##name(__MAP(x,__SC_DECL,__VA_ARGS__)) \
      |                  ^~~
./include/linux/syscalls.h:191:2: note: in expansion of macro ‘__SYSCALL_DEFINEx’
  191 |  __SYSCALL_DEFINEx(x, sname, __VA_ARGS__)
      |  ^~~~~~~~~~~~~~~~~
./include/linux/syscalls.h:183:36: note: in expansion of macro ‘SYSCALL_DEFINEx’
  183 | #define SYSCALL_DEFINE2(name, ...) SYSCALL_DEFINEx(2, _##name, __VA_ARGS__)
      |                                    ^~~~~~~~~~~~~~~
ipc/mqueue.c:1187:1: note: in expansion of macro ‘SYSCALL_DEFINE2’
 1187 | SYSCALL_DEFINE2(mq_notify, mqd_t, mqdes,
      | ^~~~~~~~~~~~~~~
./include/linux/syscalls.h:199:18: note: aliased declaration here
  199 |  asmlinkage long SyS##name(__MAP(x,__SC_LONG,__VA_ARGS__)) \
      |                  ^~~
./include/linux/syscalls.h:191:2: note: in expansion of macro ‘__SYSCALL_DEFINEx’
  191 |  __SYSCALL_DEFINEx(x, sname, __VA_ARGS__)
      |  ^~~~~~~~~~~~~~~~~
./include/linux/syscalls.h:183:36: note: in expansion of macro ‘SYSCALL_DEFINEx’
  183 | #define SYSCALL_DEFINE2(name, ...) SYSCALL_DEFINEx(2, _##name, __VA_ARGS__)
      |                                    ^~~~~~~~~~~~~~~
ipc/mqueue.c:1187:1: note: in expansion of macro ‘SYSCALL_DEFINE2’
 1187 | SYSCALL_DEFINE2(mq_notify, mqd_t, mqdes,
      | ^~~~~~~~~~~~~~~
./include/linux/syscalls.h:195:18: warning: ‘sys_mq_timedreceive’ alias between functions of incompatible types ‘long int(mqd_t,  char *, size_t,  unsigned int *, const struct timespec *)’ {aka ‘long int(int,  char *, unsigned int,  unsigned int *, const struct timespec *)’} and ‘long int(long int,  long int,  long int,  long int,  long int)’ [-Wattribute-alias=]
  195 |  asmlinkage long sys##name(__MAP(x,__SC_DECL,__VA_ARGS__)) \
      |                  ^~~
./include/linux/syscalls.h:191:2: note: in expansion of macro ‘__SYSCALL_DEFINEx’
  191 |  __SYSCALL_DEFINEx(x, sname, __VA_ARGS__)
      |  ^~~~~~~~~~~~~~~~~
./include/linux/syscalls.h:186:36: note: in expansion of macro ‘SYSCALL_DEFINEx’
  186 | #define SYSCALL_DEFINE5(name, ...) SYSCALL_DEFINEx(5, _##name, __VA_ARGS__)
      |                                    ^~~~~~~~~~~~~~~
ipc/mqueue.c:1077:1: note: in expansion of macro ‘SYSCALL_DEFINE5’
 1077 | SYSCALL_DEFINE5(mq_timedreceive, mqd_t, mqdes, char __user *, u_msg_ptr,
      | ^~~~~~~~~~~~~~~
./include/linux/syscalls.h:199:18: note: aliased declaration here
  199 |  asmlinkage long SyS##name(__MAP(x,__SC_LONG,__VA_ARGS__)) \
      |                  ^~~
./include/linux/syscalls.h:191:2: note: in expansion of macro ‘__SYSCALL_DEFINEx’
  191 |  __SYSCALL_DEFINEx(x, sname, __VA_ARGS__)
      |  ^~~~~~~~~~~~~~~~~
./include/linux/syscalls.h:186:36: note: in expansion of macro ‘SYSCALL_DEFINEx’
  186 | #define SYSCALL_DEFINE5(name, ...) SYSCALL_DEFINEx(5, _##name, __VA_ARGS__)
      |                                    ^~~~~~~~~~~~~~~
ipc/mqueue.c:1077:1: note: in expansion of macro ‘SYSCALL_DEFINE5’
 1077 | SYSCALL_DEFINE5(mq_timedreceive, mqd_t, mqdes, char __user *, u_msg_ptr,
      | ^~~~~~~~~~~~~~~
./include/linux/syscalls.h:195:18: warning: ‘sys_mq_timedsend’ alias between functions of incompatible types ‘long int(mqd_t,  const char *, size_t,  unsigned int,  const struct timespec *)’ {aka ‘long int(int,  const char *, unsigned int,  unsigned int,  const struct timespec *)’} and ‘long int(long int,  long int,  long int,  long int,  long int)’ [-Wattribute-alias=]
  195 |  asmlinkage long sys##name(__MAP(x,__SC_DECL,__VA_ARGS__)) \
      |                  ^~~
./include/linux/syscalls.h:191:2: note: in expansion of macro ‘__SYSCALL_DEFINEx’
  191 |  __SYSCALL_DEFINEx(x, sname, __VA_ARGS__)
      |  ^~~~~~~~~~~~~~~~~
./include/linux/syscalls.h:186:36: note: in expansion of macro ‘SYSCALL_DEFINEx’
  186 | #define SYSCALL_DEFINE5(name, ...) SYSCALL_DEFINEx(5, _##name, __VA_ARGS__)
      |                                    ^~~~~~~~~~~~~~~
ipc/mqueue.c:956:1: note: in expansion of macro ‘SYSCALL_DEFINE5’
  956 | SYSCALL_DEFINE5(mq_timedsend, mqd_t, mqdes, const char __user *, u_msg_ptr,
      | ^~~~~~~~~~~~~~~
./include/linux/syscalls.h:199:18: note: aliased declaration here
  199 |  asmlinkage long SyS##name(__MAP(x,__SC_LONG,__VA_ARGS__)) \
      |                  ^~~
./include/linux/syscalls.h:191:2: note: in expansion of macro ‘__SYSCALL_DEFINEx’
  191 |  __SYSCALL_DEFINEx(x, sname, __VA_ARGS__)
      |  ^~~~~~~~~~~~~~~~~
./include/linux/syscalls.h:186:36: note: in expansion of macro ‘SYSCALL_DEFINEx’
  186 | #define SYSCALL_DEFINE5(name, ...) SYSCALL_DEFINEx(5, _##name, __VA_ARGS__)
      |                                    ^~~~~~~~~~~~~~~
ipc/mqueue.c:956:1: note: in expansion of macro ‘SYSCALL_DEFINE5’
  956 | SYSCALL_DEFINE5(mq_timedsend, mqd_t, mqdes, const char __user *, u_msg_ptr,
      | ^~~~~~~~~~~~~~~
./include/linux/syscalls.h:195:18: warning: ‘sys_mq_unlink’ alias between functions of incompatible types ‘long int(const char *)’ and ‘long int(long int)’ [-Wattribute-alias=]
  195 |  asmlinkage long sys##name(__MAP(x,__SC_DECL,__VA_ARGS__)) \
      |                  ^~~
./include/linux/syscalls.h:191:2: note: in expansion of macro ‘__SYSCALL_DEFINEx’
  191 |  __SYSCALL_DEFINEx(x, sname, __VA_ARGS__)
      |  ^~~~~~~~~~~~~~~~~
./include/linux/syscalls.h:182:36: note: in expansion of macro ‘SYSCALL_DEFINEx’
  182 | #define SYSCALL_DEFINE1(name, ...) SYSCALL_DEFINEx(1, _##name, __VA_ARGS__)
      |                                    ^~~~~~~~~~~~~~~
ipc/mqueue.c:850:1: note: in expansion of macro ‘SYSCALL_DEFINE1’
  850 | SYSCALL_DEFINE1(mq_unlink, const char __user *, u_name)
      | ^~~~~~~~~~~~~~~
./include/linux/syscalls.h:199:18: note: aliased declaration here
  199 |  asmlinkage long SyS##name(__MAP(x,__SC_LONG,__VA_ARGS__)) \
      |                  ^~~
./include/linux/syscalls.h:191:2: note: in expansion of macro ‘__SYSCALL_DEFINEx’
  191 |  __SYSCALL_DEFINEx(x, sname, __VA_ARGS__)
      |  ^~~~~~~~~~~~~~~~~
./include/linux/syscalls.h:182:36: note: in expansion of macro ‘SYSCALL_DEFINEx’
  182 | #define SYSCALL_DEFINE1(name, ...) SYSCALL_DEFINEx(1, _##name, __VA_ARGS__)
      |                                    ^~~~~~~~~~~~~~~
ipc/mqueue.c:850:1: note: in expansion of macro ‘SYSCALL_DEFINE1’
  850 | SYSCALL_DEFINE1(mq_unlink, const char __user *, u_name)
      | ^~~~~~~~~~~~~~~
  CC      ipc/namespace.o
  CC      ipc/mq_sysctl.o
  LD      ipc/built-in.o
  CC      security/keys/gc.o
  CC      security/keys/key.o
  CC      security/keys/keyring.o
  CC      security/keys/keyctl.o
In file included from security/keys/keyctl.c:16:
./include/linux/syscalls.h:195:18: warning: ‘sys_add_key’ alias between functions of incompatible types ‘long int(const char *, const char *, const void *, size_t,  key_serial_t)’ {aka ‘long int(const char *, const char *, const void *, unsigned int,  int)’} and ‘long int(long int,  long int,  long int,  long int,  long int)’ [-Wattribute-alias=]
  195 |  asmlinkage long sys##name(__MAP(x,__SC_DECL,__VA_ARGS__)) \
      |                  ^~~
./include/linux/syscalls.h:191:2: note: in expansion of macro ‘__SYSCALL_DEFINEx’
  191 |  __SYSCALL_DEFINEx(x, sname, __VA_ARGS__)
      |  ^~~~~~~~~~~~~~~~~
./include/linux/syscalls.h:186:36: note: in expansion of macro ‘SYSCALL_DEFINEx’
  186 | #define SYSCALL_DEFINE5(name, ...) SYSCALL_DEFINEx(5, _##name, __VA_ARGS__)
      |                                    ^~~~~~~~~~~~~~~
security/keys/keyctl.c:60:1: note: in expansion of macro ‘SYSCALL_DEFINE5’
   60 | SYSCALL_DEFINE5(add_key, const char __user *, _type,
      | ^~~~~~~~~~~~~~~
./include/linux/syscalls.h:199:18: note: aliased declaration here
  199 |  asmlinkage long SyS##name(__MAP(x,__SC_LONG,__VA_ARGS__)) \
      |                  ^~~
./include/linux/syscalls.h:191:2: note: in expansion of macro ‘__SYSCALL_DEFINEx’
  191 |  __SYSCALL_DEFINEx(x, sname, __VA_ARGS__)
      |  ^~~~~~~~~~~~~~~~~
./include/linux/syscalls.h:186:36: note: in expansion of macro ‘SYSCALL_DEFINEx’
  186 | #define SYSCALL_DEFINE5(name, ...) SYSCALL_DEFINEx(5, _##name, __VA_ARGS__)
      |                                    ^~~~~~~~~~~~~~~
security/keys/keyctl.c:60:1: note: in expansion of macro ‘SYSCALL_DEFINE5’
   60 | SYSCALL_DEFINE5(add_key, const char __user *, _type,
      | ^~~~~~~~~~~~~~~
./include/linux/syscalls.h:195:18: warning: ‘sys_keyctl’ alias between functions of incompatible types ‘long int(int,  long unsigned int,  long unsigned int,  long unsigned int,  long unsigned int)’ and ‘long int(long int,  long int,  long int,  long int,  long int)’ [-Wattribute-alias=]
  195 |  asmlinkage long sys##name(__MAP(x,__SC_DECL,__VA_ARGS__)) \
      |                  ^~~
./include/linux/syscalls.h:191:2: note: in expansion of macro ‘__SYSCALL_DEFINEx’
  191 |  __SYSCALL_DEFINEx(x, sname, __VA_ARGS__)
      |  ^~~~~~~~~~~~~~~~~
./include/linux/syscalls.h:186:36: note: in expansion of macro ‘SYSCALL_DEFINEx’
  186 | #define SYSCALL_DEFINE5(name, ...) SYSCALL_DEFINEx(5, _##name, __VA_ARGS__)
      |                                    ^~~~~~~~~~~~~~~
security/keys/keyctl.c:1592:1: note: in expansion of macro ‘SYSCALL_DEFINE5’
 1592 | SYSCALL_DEFINE5(keyctl, int, option, unsigned long, arg2, unsigned long, arg3,
      | ^~~~~~~~~~~~~~~
./include/linux/syscalls.h:199:18: note: aliased declaration here
  199 |  asmlinkage long SyS##name(__MAP(x,__SC_LONG,__VA_ARGS__)) \
      |                  ^~~
./include/linux/syscalls.h:191:2: note: in expansion of macro ‘__SYSCALL_DEFINEx’
  191 |  __SYSCALL_DEFINEx(x, sname, __VA_ARGS__)
      |  ^~~~~~~~~~~~~~~~~
./include/linux/syscalls.h:186:36: note: in expansion of macro ‘SYSCALL_DEFINEx’
  186 | #define SYSCALL_DEFINE5(name, ...) SYSCALL_DEFINEx(5, _##name, __VA_ARGS__)
      |                                    ^~~~~~~~~~~~~~~
security/keys/keyctl.c:1592:1: note: in expansion of macro ‘SYSCALL_DEFINE5’
 1592 | SYSCALL_DEFINE5(keyctl, int, option, unsigned long, arg2, unsigned long, arg3,
      | ^~~~~~~~~~~~~~~
./include/linux/syscalls.h:195:18: warning: ‘sys_request_key’ alias between functions of incompatible types ‘long int(const char *, const char *, const char *, key_serial_t)’ {aka ‘long int(const char *, const char *, const char *, int)’} and ‘long int(long int,  long int,  long int,  long int)’ [-Wattribute-alias=]
  195 |  asmlinkage long sys##name(__MAP(x,__SC_DECL,__VA_ARGS__)) \
      |                  ^~~
./include/linux/syscalls.h:191:2: note: in expansion of macro ‘__SYSCALL_DEFINEx’
  191 |  __SYSCALL_DEFINEx(x, sname, __VA_ARGS__)
      |  ^~~~~~~~~~~~~~~~~
./include/linux/syscalls.h:185:36: note: in expansion of macro ‘SYSCALL_DEFINEx’
  185 | #define SYSCALL_DEFINE4(name, ...) SYSCALL_DEFINEx(4, _##name, __VA_ARGS__)
      |                                    ^~~~~~~~~~~~~~~
security/keys/keyctl.c:158:1: note: in expansion of macro ‘SYSCALL_DEFINE4’
  158 | SYSCALL_DEFINE4(request_key, const char __user *, _type,
      | ^~~~~~~~~~~~~~~
./include/linux/syscalls.h:199:18: note: aliased declaration here
  199 |  asmlinkage long SyS##name(__MAP(x,__SC_LONG,__VA_ARGS__)) \
      |                  ^~~
./include/linux/syscalls.h:191:2: note: in expansion of macro ‘__SYSCALL_DEFINEx’
  191 |  __SYSCALL_DEFINEx(x, sname, __VA_ARGS__)
      |  ^~~~~~~~~~~~~~~~~
./include/linux/syscalls.h:185:36: note: in expansion of macro ‘SYSCALL_DEFINEx’
  185 | #define SYSCALL_DEFINE4(name, ...) SYSCALL_DEFINEx(4, _##name, __VA_ARGS__)
      |                                    ^~~~~~~~~~~~~~~
security/keys/keyctl.c:158:1: note: in expansion of macro ‘SYSCALL_DEFINE4’
  158 | SYSCALL_DEFINE4(request_key, const char __user *, _type,
      | ^~~~~~~~~~~~~~~
  CC      security/keys/permission.o
  CC      security/keys/process_keys.o
  CC      security/keys/request_key.o
  CC      security/keys/request_key_auth.o
  CC      security/keys/user_defined.o
  CC      security/keys/proc.o
  CC      security/keys/sysctl.o
  LD      security/keys/built-in.o
  CC      security/commoncap.o
  CC      security/min_addr.o
  CC      security/device_cgroup.o
  LD      security/built-in.o
  CC      crypto/api.o
  CC      crypto/cipher.o
  CC      crypto/compress.o
  CC      crypto/memneq.o
  LD      crypto/crypto.o
  CC      crypto/crypto_wq.o
  CC      crypto/algapi.o
  CC      crypto/scatterwalk.o
  CC      crypto/proc.o
  LD      crypto/crypto_algapi.o
  CC      crypto/aead.o
  CC      crypto/ablkcipher.o
  CC      crypto/blkcipher.o
  CC      crypto/skcipher.o
  LD      crypto/crypto_blkcipher.o
  CC      crypto/ahash.o
  CC      crypto/shash.o
  LD      crypto/crypto_hash.o
  CC      crypto/akcipher.o
  CC      crypto/kpp.o
  CC      crypto/algboss.o
  CC      crypto/testmgr.o
  LD      crypto/cryptomgr.o
  CC      crypto/crypto_null.o
  CC      crypto/cbc.o
  CC      crypto/des_generic.o
  CC      crypto/aes_generic.o
  CC      crypto/crc32c_generic.o
  CC      crypto/crc32_generic.o
  CC      crypto/rng.o
  LD      crypto/built-in.o
  CC [M]  crypto/seqiv.o
In file included from crypto/seqiv.c:22:
./include/linux/module.h:132:6: warning: ‘init_module’ specifies less restrictive attribute than its target ‘seqiv_module_init’: ‘cold’ [-Wmissing-attributes]
  132 |  int init_module(void) __attribute__((alias(#initfn)));
      |      ^~~~~~~~~~~
crypto/seqiv.c:222:1: note: in expansion of macro ‘module_init’
  222 | module_init(seqiv_module_init);
      | ^~~~~~~~~~~
crypto/seqiv.c:212:19: note: ‘init_module’ target declared here
  212 | static int __init seqiv_module_init(void)
      |                   ^~~~~~~~~~~~~~~~~
In file included from crypto/seqiv.c:22:
./include/linux/module.h:138:7: warning: ‘cleanup_module’ specifies less restrictive attribute than its target ‘seqiv_module_exit’: ‘cold’ [-Wmissing-attributes]
  138 |  void cleanup_module(void) __attribute__((alias(#exitfn)));
      |       ^~~~~~~~~~~~~~
crypto/seqiv.c:223:1: note: in expansion of macro ‘module_exit’
  223 | module_exit(seqiv_module_exit);
      | ^~~~~~~~~~~
crypto/seqiv.c:217:20: note: ‘cleanup_module’ target declared here
  217 | static void __exit seqiv_module_exit(void)
      |                    ^~~~~~~~~~~~~~~~~
  CC [M]  crypto/echainiv.o
In file included from crypto/echainiv.c:27:
./include/linux/module.h:132:6: warning: ‘init_module’ specifies less restrictive attribute than its target ‘echainiv_module_init’: ‘cold’ [-Wmissing-attributes]
  132 |  int init_module(void) __attribute__((alias(#initfn)));
      |      ^~~~~~~~~~~
crypto/echainiv.c:182:1: note: in expansion of macro ‘module_init’
  182 | module_init(echainiv_module_init);
      | ^~~~~~~~~~~
crypto/echainiv.c:172:19: note: ‘init_module’ target declared here
  172 | static int __init echainiv_module_init(void)
      |                   ^~~~~~~~~~~~~~~~~~~~
In file included from crypto/echainiv.c:27:
./include/linux/module.h:138:7: warning: ‘cleanup_module’ specifies less restrictive attribute than its target ‘echainiv_module_exit’: ‘cold’ [-Wmissing-attributes]
  138 |  void cleanup_module(void) __attribute__((alias(#exitfn)));
      |       ^~~~~~~~~~~~~~
crypto/echainiv.c:183:1: note: in expansion of macro ‘module_exit’
  183 | module_exit(echainiv_module_exit);
      | ^~~~~~~~~~~
crypto/echainiv.c:177:20: note: ‘cleanup_module’ target declared here
  177 | static void __exit echainiv_module_exit(void)
      |                    ^~~~~~~~~~~~~~~~~~~~
  CC [M]  crypto/crypto_user.o
In file included from crypto/crypto_user.c:21:
./include/linux/module.h:132:6: warning: ‘init_module’ specifies less restrictive attribute than its target ‘crypto_user_init’: ‘cold’ [-Wmissing-attributes]
  132 |  int init_module(void) __attribute__((alias(#initfn)));
      |      ^~~~~~~~~~~
crypto/crypto_user.c:541:1: note: in expansion of macro ‘module_init’
  541 | module_init(crypto_user_init);
      | ^~~~~~~~~~~
crypto/crypto_user.c:523:19: note: ‘init_module’ target declared here
  523 | static int __init crypto_user_init(void)
      |                   ^~~~~~~~~~~~~~~~
In file included from crypto/crypto_user.c:21:
./include/linux/module.h:138:7: warning: ‘cleanup_module’ specifies less restrictive attribute than its target ‘crypto_user_exit’: ‘cold’ [-Wmissing-attributes]
  138 |  void cleanup_module(void) __attribute__((alias(#exitfn)));
      |       ^~~~~~~~~~~~~~
crypto/crypto_user.c:542:1: note: in expansion of macro ‘module_exit’
  542 | module_exit(crypto_user_exit);
      | ^~~~~~~~~~~
crypto/crypto_user.c:536:20: note: ‘cleanup_module’ target declared here
  536 | static void __exit crypto_user_exit(void)
      |                    ^~~~~~~~~~~~~~~~
  CC [M]  crypto/cmac.o
In file included from crypto/cmac.c:22:
./include/linux/module.h:132:6: warning: ‘init_module’ specifies less restrictive attribute than its target ‘crypto_cmac_module_init’: ‘cold’ [-Wmissing-attributes]
  132 |  int init_module(void) __attribute__((alias(#initfn)));
      |      ^~~~~~~~~~~
crypto/cmac.c:311:1: note: in expansion of macro ‘module_init’
  311 | module_init(crypto_cmac_module_init);
      | ^~~~~~~~~~~
crypto/cmac.c:301:19: note: ‘init_module’ target declared here
  301 | static int __init crypto_cmac_module_init(void)
      |                   ^~~~~~~~~~~~~~~~~~~~~~~
In file included from crypto/cmac.c:22:
./include/linux/module.h:138:7: warning: ‘cleanup_module’ specifies less restrictive attribute than its target ‘crypto_cmac_module_exit’: ‘cold’ [-Wmissing-attributes]
  138 |  void cleanup_module(void) __attribute__((alias(#exitfn)));
      |       ^~~~~~~~~~~~~~
crypto/cmac.c:312:1: note: in expansion of macro ‘module_exit’
  312 | module_exit(crypto_cmac_module_exit);
      | ^~~~~~~~~~~
crypto/cmac.c:306:20: note: ‘cleanup_module’ target declared here
  306 | static void __exit crypto_cmac_module_exit(void)
      |                    ^~~~~~~~~~~~~~~~~~~~~~~
  CC [M]  crypto/hmac.o
In file included from crypto/hmac.c:24:
./include/linux/module.h:132:6: warning: ‘init_module’ specifies less restrictive attribute than its target ‘hmac_module_init’: ‘cold’ [-Wmissing-attributes]
  132 |  int init_module(void) __attribute__((alias(#initfn)));
      |      ^~~~~~~~~~~
crypto/hmac.c:270:1: note: in expansion of macro ‘module_init’
  270 | module_init(hmac_module_init);
      | ^~~~~~~~~~~
crypto/hmac.c:260:19: note: ‘init_module’ target declared here
  260 | static int __init hmac_module_init(void)
      |                   ^~~~~~~~~~~~~~~~
In file included from crypto/hmac.c:24:
./include/linux/module.h:138:7: warning: ‘cleanup_module’ specifies less restrictive attribute than its target ‘hmac_module_exit’: ‘cold’ [-Wmissing-attributes]
  138 |  void cleanup_module(void) __attribute__((alias(#exitfn)));
      |       ^~~~~~~~~~~~~~
crypto/hmac.c:271:1: note: in expansion of macro ‘module_exit’
  271 | module_exit(hmac_module_exit);
      | ^~~~~~~~~~~
crypto/hmac.c:265:20: note: ‘cleanup_module’ target declared here
  265 | static void __exit hmac_module_exit(void)
      |                    ^~~~~~~~~~~~~~~~
  CC [M]  crypto/xcbc.o
In file included from crypto/xcbc.c:25:
./include/linux/module.h:132:6: warning: ‘init_module’ specifies less restrictive attribute than its target ‘crypto_xcbc_module_init’: ‘cold’ [-Wmissing-attributes]
  132 |  int init_module(void) __attribute__((alias(#initfn)));
      |      ^~~~~~~~~~~
crypto/xcbc.c:284:1: note: in expansion of macro ‘module_init’
  284 | module_init(crypto_xcbc_module_init);
      | ^~~~~~~~~~~
crypto/xcbc.c:274:19: note: ‘init_module’ target declared here
  274 | static int __init crypto_xcbc_module_init(void)
      |                   ^~~~~~~~~~~~~~~~~~~~~~~
In file included from crypto/xcbc.c:25:
./include/linux/module.h:138:7: warning: ‘cleanup_module’ specifies less restrictive attribute than its target ‘crypto_xcbc_module_exit’: ‘cold’ [-Wmissing-attributes]
  138 |  void cleanup_module(void) __attribute__((alias(#exitfn)));
      |       ^~~~~~~~~~~~~~
crypto/xcbc.c:285:1: note: in expansion of macro ‘module_exit’
  285 | module_exit(crypto_xcbc_module_exit);
      | ^~~~~~~~~~~
crypto/xcbc.c:279:20: note: ‘cleanup_module’ target declared here
  279 | static void __exit crypto_xcbc_module_exit(void)
      |                    ^~~~~~~~~~~~~~~~~~~~~~~
  CC [M]  crypto/md4.o
In file included from crypto/md4.c:26:
./include/linux/module.h:132:6: warning: ‘init_module’ specifies less restrictive attribute than its target ‘md4_mod_init’: ‘cold’ [-Wmissing-attributes]
  132 |  int init_module(void) __attribute__((alias(#initfn)));
      |      ^~~~~~~~~~~
crypto/md4.c:253:1: note: in expansion of macro ‘module_init’
  253 | module_init(md4_mod_init);
      | ^~~~~~~~~~~
crypto/md4.c:243:19: note: ‘init_module’ target declared here
  243 | static int __init md4_mod_init(void)
      |                   ^~~~~~~~~~~~
In file included from crypto/md4.c:26:
./include/linux/module.h:138:7: warning: ‘cleanup_module’ specifies less restrictive attribute than its target ‘md4_mod_fini’: ‘cold’ [-Wmissing-attributes]
  138 |  void cleanup_module(void) __attribute__((alias(#exitfn)));
      |       ^~~~~~~~~~~~~~
crypto/md4.c:254:1: note: in expansion of macro ‘module_exit’
  254 | module_exit(md4_mod_fini);
      | ^~~~~~~~~~~
crypto/md4.c:248:20: note: ‘cleanup_module’ target declared here
  248 | static void __exit md4_mod_fini(void)
      |                    ^~~~~~~~~~~~
  CC [M]  crypto/md5.o
In file included from crypto/md5.c:21:
./include/linux/module.h:132:6: warning: ‘init_module’ specifies less restrictive attribute than its target ‘md5_mod_init’: ‘cold’ [-Wmissing-attributes]
  132 |  int init_module(void) __attribute__((alias(#initfn)));
      |      ^~~~~~~~~~~
crypto/md5.c:172:1: note: in expansion of macro ‘module_init’
  172 | module_init(md5_mod_init);
      | ^~~~~~~~~~~
crypto/md5.c:162:19: note: ‘init_module’ target declared here
  162 | static int __init md5_mod_init(void)
      |                   ^~~~~~~~~~~~
In file included from crypto/md5.c:21:
./include/linux/module.h:138:7: warning: ‘cleanup_module’ specifies less restrictive attribute than its target ‘md5_mod_fini’: ‘cold’ [-Wmissing-attributes]
  138 |  void cleanup_module(void) __attribute__((alias(#exitfn)));
      |       ^~~~~~~~~~~~~~
crypto/md5.c:173:1: note: in expansion of macro ‘module_exit’
  173 | module_exit(md5_mod_fini);
      | ^~~~~~~~~~~
crypto/md5.c:167:20: note: ‘cleanup_module’ target declared here
  167 | static void __exit md5_mod_fini(void)
      |                    ^~~~~~~~~~~~
  CC [M]  crypto/sha1_generic.o
In file included from crypto/sha1_generic.c:21:
./include/linux/module.h:132:6: warning: ‘init_module’ specifies less restrictive attribute than its target ‘sha1_generic_mod_init’: ‘cold’ [-Wmissing-attributes]
  132 |  int init_module(void) __attribute__((alias(#initfn)));
      |      ^~~~~~~~~~~
crypto/sha1_generic.c:95:1: note: in expansion of macro ‘module_init’
   95 | module_init(sha1_generic_mod_init);
      | ^~~~~~~~~~~
crypto/sha1_generic.c:85:19: note: ‘init_module’ target declared here
   85 | static int __init sha1_generic_mod_init(void)
      |                   ^~~~~~~~~~~~~~~~~~~~~
In file included from crypto/sha1_generic.c:21:
./include/linux/module.h:138:7: warning: ‘cleanup_module’ specifies less restrictive attribute than its target ‘sha1_generic_mod_fini’: ‘cold’ [-Wmissing-attributes]
  138 |  void cleanup_module(void) __attribute__((alias(#exitfn)));
      |       ^~~~~~~~~~~~~~
crypto/sha1_generic.c:96:1: note: in expansion of macro ‘module_exit’
   96 | module_exit(sha1_generic_mod_fini);
      | ^~~~~~~~~~~
crypto/sha1_generic.c:90:20: note: ‘cleanup_module’ target declared here
   90 | static void __exit sha1_generic_mod_fini(void)
      |                    ^~~~~~~~~~~~~~~~~~~~~
  CC [M]  crypto/sha256_generic.o
In file included from crypto/sha256_generic.c:22:
./include/linux/module.h:132:6: warning: ‘init_module’ specifies less restrictive attribute than its target ‘sha256_generic_mod_init’: ‘cold’ [-Wmissing-attributes]
  132 |  int init_module(void) __attribute__((alias(#initfn)));
      |      ^~~~~~~~~~~
crypto/sha256_generic.c:304:1: note: in expansion of macro ‘module_init’
  304 | module_init(sha256_generic_mod_init);
      | ^~~~~~~~~~~
crypto/sha256_generic.c:294:19: note: ‘init_module’ target declared here
  294 | static int __init sha256_generic_mod_init(void)
      |                   ^~~~~~~~~~~~~~~~~~~~~~~
In file included from crypto/sha256_generic.c:22:
./include/linux/module.h:138:7: warning: ‘cleanup_module’ specifies less restrictive attribute than its target ‘sha256_generic_mod_fini’: ‘cold’ [-Wmissing-attributes]
  138 |  void cleanup_module(void) __attribute__((alias(#exitfn)));
      |       ^~~~~~~~~~~~~~
crypto/sha256_generic.c:305:1: note: in expansion of macro ‘module_exit’
  305 | module_exit(sha256_generic_mod_fini);
      | ^~~~~~~~~~~
crypto/sha256_generic.c:299:20: note: ‘cleanup_module’ target declared here
  299 | static void __exit sha256_generic_mod_fini(void)
      |                    ^~~~~~~~~~~~~~~~~~~~~~~
  CC [M]  crypto/wp512.o
In file included from crypto/wp512.c:24:
./include/linux/module.h:132:6: warning: ‘init_module’ specifies less restrictive attribute than its target ‘wp512_mod_init’: ‘cold’ [-Wmissing-attributes]
  132 |  int init_module(void) __attribute__((alias(#initfn)));
      |      ^~~~~~~~~~~
crypto/wp512.c:1174:1: note: in expansion of macro ‘module_init’
 1174 | module_init(wp512_mod_init);
      | ^~~~~~~~~~~
crypto/wp512.c:1160:19: note: ‘init_module’ target declared here
 1160 | static int __init wp512_mod_init(void)
      |                   ^~~~~~~~~~~~~~
In file included from crypto/wp512.c:24:
./include/linux/module.h:138:7: warning: ‘cleanup_module’ specifies less restrictive attribute than its target ‘wp512_mod_fini’: ‘cold’ [-Wmissing-attributes]
  138 |  void cleanup_module(void) __attribute__((alias(#exitfn)));
      |       ^~~~~~~~~~~~~~
crypto/wp512.c:1175:1: note: in expansion of macro ‘module_exit’
 1175 | module_exit(wp512_mod_fini);
      | ^~~~~~~~~~~
crypto/wp512.c:1165:20: note: ‘cleanup_module’ target declared here
 1165 | static void __exit wp512_mod_fini(void)
      |                    ^~~~~~~~~~~~~~
  CC [M]  crypto/tgr192.o
In file included from crypto/tgr192.c:26:
./include/linux/module.h:132:6: warning: ‘init_module’ specifies less restrictive attribute than its target ‘tgr192_mod_init’: ‘cold’ [-Wmissing-attributes]
  132 |  int init_module(void) __attribute__((alias(#initfn)));
      |      ^~~~~~~~~~~
crypto/tgr192.c:683:1: note: in expansion of macro ‘module_init’
  683 | module_init(tgr192_mod_init);
      | ^~~~~~~~~~~
crypto/tgr192.c:669:19: note: ‘init_module’ target declared here
  669 | static int __init tgr192_mod_init(void)
      |                   ^~~~~~~~~~~~~~~
In file included from crypto/tgr192.c:26:
./include/linux/module.h:138:7: warning: ‘cleanup_module’ specifies less restrictive attribute than its target ‘tgr192_mod_fini’: ‘cold’ [-Wmissing-attributes]
  138 |  void cleanup_module(void) __attribute__((alias(#exitfn)));
      |       ^~~~~~~~~~~~~~
crypto/tgr192.c:684:1: note: in expansion of macro ‘module_exit’
  684 | module_exit(tgr192_mod_fini);
      | ^~~~~~~~~~~
crypto/tgr192.c:674:20: note: ‘cleanup_module’ target declared here
  674 | static void __exit tgr192_mod_fini(void)
      |                    ^~~~~~~~~~~~~~~
  CC [M]  crypto/gf128mul.o
  CC [M]  crypto/ecb.o
In file included from crypto/ecb.c:17:
./include/linux/module.h:132:6: warning: ‘init_module’ specifies less restrictive attribute than its target ‘crypto_ecb_module_init’: ‘cold’ [-Wmissing-attributes]
  132 |  int init_module(void) __attribute__((alias(#initfn)));
      |      ^~~~~~~~~~~
crypto/ecb.c:183:1: note: in expansion of macro ‘module_init’
  183 | module_init(crypto_ecb_module_init);
      | ^~~~~~~~~~~
crypto/ecb.c:173:19: note: ‘init_module’ target declared here
  173 | static int __init crypto_ecb_module_init(void)
      |                   ^~~~~~~~~~~~~~~~~~~~~~
In file included from crypto/ecb.c:17:
./include/linux/module.h:138:7: warning: ‘cleanup_module’ specifies less restrictive attribute than its target ‘crypto_ecb_module_exit’: ‘cold’ [-Wmissing-attributes]
  138 |  void cleanup_module(void) __attribute__((alias(#exitfn)));
      |       ^~~~~~~~~~~~~~
crypto/ecb.c:184:1: note: in expansion of macro ‘module_exit’
  184 | module_exit(crypto_ecb_module_exit);
      | ^~~~~~~~~~~
crypto/ecb.c:178:20: note: ‘cleanup_module’ target declared here
  178 | static void __exit crypto_ecb_module_exit(void)
      |                    ^~~~~~~~~~~~~~~~~~~~~~
  CC [M]  crypto/cts.o
In file included from crypto/cts.c:48:
./include/linux/module.h:132:6: warning: ‘init_module’ specifies less restrictive attribute than its target ‘crypto_cts_module_init’: ‘cold’ [-Wmissing-attributes]
  132 |  int init_module(void) __attribute__((alias(#initfn)));
      |      ^~~~~~~~~~~
crypto/cts.c:425:1: note: in expansion of macro ‘module_init’
  425 | module_init(crypto_cts_module_init);
      | ^~~~~~~~~~~
crypto/cts.c:415:19: note: ‘init_module’ target declared here
  415 | static int __init crypto_cts_module_init(void)
      |                   ^~~~~~~~~~~~~~~~~~~~~~
In file included from crypto/cts.c:48:
./include/linux/module.h:138:7: warning: ‘cleanup_module’ specifies less restrictive attribute than its target ‘crypto_cts_module_exit’: ‘cold’ [-Wmissing-attributes]
  138 |  void cleanup_module(void) __attribute__((alias(#exitfn)));
      |       ^~~~~~~~~~~~~~
crypto/cts.c:426:1: note: in expansion of macro ‘module_exit’
  426 | module_exit(crypto_cts_module_exit);
      | ^~~~~~~~~~~
crypto/cts.c:420:20: note: ‘cleanup_module’ target declared here
  420 | static void __exit crypto_cts_module_exit(void)
      |                    ^~~~~~~~~~~~~~~~~~~~~~
  CC [M]  crypto/xts.o
In file included from crypto/xts.c:20:
./include/linux/module.h:132:6: warning: ‘init_module’ specifies less restrictive attribute than its target ‘crypto_module_init’: ‘cold’ [-Wmissing-attributes]
  132 |  int init_module(void) __attribute__((alias(#initfn)));
      |      ^~~~~~~~~~~
crypto/xts.c:355:1: note: in expansion of macro ‘module_init’
  355 | module_init(crypto_module_init);
      | ^~~~~~~~~~~
crypto/xts.c:345:19: note: ‘init_module’ target declared here
  345 | static int __init crypto_module_init(void)
      |                   ^~~~~~~~~~~~~~~~~~
In file included from crypto/xts.c:20:
./include/linux/module.h:138:7: warning: ‘cleanup_module’ specifies less restrictive attribute than its target ‘crypto_module_exit’: ‘cold’ [-Wmissing-attributes]
  138 |  void cleanup_module(void) __attribute__((alias(#exitfn)));
      |       ^~~~~~~~~~~~~~
crypto/xts.c:356:1: note: in expansion of macro ‘module_exit’
  356 | module_exit(crypto_module_exit);
      | ^~~~~~~~~~~
crypto/xts.c:350:20: note: ‘cleanup_module’ target declared here
  350 | static void __exit crypto_module_exit(void)
      |                    ^~~~~~~~~~~~~~~~~~
  CC [M]  crypto/ctr.o
In file included from crypto/ctr.c:19:
./include/linux/module.h:132:6: warning: ‘init_module’ specifies less restrictive attribute than its target ‘crypto_ctr_module_init’: ‘cold’ [-Wmissing-attributes]
  132 |  int init_module(void) __attribute__((alias(#initfn)));
      |      ^~~~~~~~~~~
crypto/ctr.c:469:1: note: in expansion of macro ‘module_init’
  469 | module_init(crypto_ctr_module_init);
      | ^~~~~~~~~~~
crypto/ctr.c:443:19: note: ‘init_module’ target declared here
  443 | static int __init crypto_ctr_module_init(void)
      |                   ^~~~~~~~~~~~~~~~~~~~~~
In file included from crypto/ctr.c:19:
./include/linux/module.h:138:7: warning: ‘cleanup_module’ specifies less restrictive attribute than its target ‘crypto_ctr_module_exit’: ‘cold’ [-Wmissing-attributes]
  138 |  void cleanup_module(void) __attribute__((alias(#exitfn)));
      |       ^~~~~~~~~~~~~~
crypto/ctr.c:470:1: note: in expansion of macro ‘module_exit’
  470 | module_exit(crypto_ctr_module_exit);
      | ^~~~~~~~~~~
crypto/ctr.c:463:20: note: ‘cleanup_module’ target declared here
  463 | static void __exit crypto_ctr_module_exit(void)
      |                    ^~~~~~~~~~~~~~~~~~~~~~
  CC [M]  crypto/gcm.o
In file included from crypto/internal.h:23,
                 from crypto/gcm.c:18:
./include/linux/module.h:132:6: warning: ‘init_module’ specifies less restrictive attribute than its target ‘crypto_gcm_module_init’: ‘cold’ [-Wmissing-attributes]
  132 |  int init_module(void) __attribute__((alias(#initfn)));
      |      ^~~~~~~~~~~
crypto/gcm.c:1307:1: note: in expansion of macro ‘module_init’
 1307 | module_init(crypto_gcm_module_init);
      | ^~~~~~~~~~~
crypto/gcm.c:1259:19: note: ‘init_module’ target declared here
 1259 | static int __init crypto_gcm_module_init(void)
      |                   ^~~~~~~~~~~~~~~~~~~~~~
In file included from crypto/internal.h:23,
                 from crypto/gcm.c:18:
./include/linux/module.h:138:7: warning: ‘cleanup_module’ specifies less restrictive attribute than its target ‘crypto_gcm_module_exit’: ‘cold’ [-Wmissing-attributes]
  138 |  void cleanup_module(void) __attribute__((alias(#exitfn)));
      |       ^~~~~~~~~~~~~~
crypto/gcm.c:1308:1: note: in expansion of macro ‘module_exit’
 1308 | module_exit(crypto_gcm_module_exit);
      | ^~~~~~~~~~~
crypto/gcm.c:1298:20: note: ‘cleanup_module’ target declared here
 1298 | static void __exit crypto_gcm_module_exit(void)
      |                    ^~~~~~~~~~~~~~~~~~~~~~
  CC [M]  crypto/ccm.o
In file included from crypto/ccm.c:19:
./include/linux/module.h:132:6: warning: ‘init_module’ specifies less restrictive attribute than its target ‘crypto_ccm_module_init’: ‘cold’ [-Wmissing-attributes]
  132 |  int init_module(void) __attribute__((alias(#initfn)));
      |      ^~~~~~~~~~~
crypto/ccm.c:937:1: note: in expansion of macro ‘module_init’
  937 | module_init(crypto_ccm_module_init);
      | ^~~~~~~~~~~
crypto/ccm.c:904:19: note: ‘init_module’ target declared here
  904 | static int __init crypto_ccm_module_init(void)
      |                   ^~~~~~~~~~~~~~~~~~~~~~
In file included from crypto/ccm.c:19:
./include/linux/module.h:138:7: warning: ‘cleanup_module’ specifies less restrictive attribute than its target ‘crypto_ccm_module_exit’: ‘cold’ [-Wmissing-attributes]
  138 |  void cleanup_module(void) __attribute__((alias(#exitfn)));
      |       ^~~~~~~~~~~~~~
crypto/ccm.c:938:1: note: in expansion of macro ‘module_exit’
  938 | module_exit(crypto_ccm_module_exit);
      | ^~~~~~~~~~~
crypto/ccm.c:930:20: note: ‘cleanup_module’ target declared here
  930 | static void __exit crypto_ccm_module_exit(void)
      |                    ^~~~~~~~~~~~~~~~~~~~~~
  CC [M]  crypto/cryptd.o
In file included from crypto/cryptd.c:30:
./include/linux/module.h:132:6: warning: ‘init_module’ specifies less restrictive attribute than its target ‘cryptd_init’: ‘cold’ [-Wmissing-attributes]
  132 |  int init_module(void) __attribute__((alias(#initfn)));
      |      ^~~~~~~~~~~
./include/linux/module.h:115:30: note: in expansion of macro ‘module_init’
  115 | #define subsys_initcall(fn)  module_init(fn)
      |                              ^~~~~~~~~~~
crypto/cryptd.c:1116:1: note: in expansion of macro ‘subsys_initcall’
 1116 | subsys_initcall(cryptd_init);
      | ^~~~~~~~~~~~~~~
crypto/cryptd.c:1095:19: note: ‘init_module’ target declared here
 1095 | static int __init cryptd_init(void)
      |                   ^~~~~~~~~~~
In file included from crypto/cryptd.c:30:
./include/linux/module.h:138:7: warning: ‘cleanup_module’ specifies less restrictive attribute than its target ‘cryptd_exit’: ‘cold’ [-Wmissing-attributes]
  138 |  void cleanup_module(void) __attribute__((alias(#exitfn)));
      |       ^~~~~~~~~~~~~~
crypto/cryptd.c:1117:1: note: in expansion of macro ‘module_exit’
 1117 | module_exit(cryptd_exit);
      | ^~~~~~~~~~~
crypto/cryptd.c:1110:20: note: ‘cleanup_module’ target declared here
 1110 | static void __exit cryptd_exit(void)
      |                    ^~~~~~~~~~~
  CC [M]  crypto/cast_common.o
  CC [M]  crypto/cast5_generic.o
In file included from crypto/cast5_generic.c:27:
./include/linux/module.h:132:6: warning: ‘init_module’ specifies less restrictive attribute than its target ‘cast5_mod_init’: ‘cold’ [-Wmissing-attributes]
  132 |  int init_module(void) __attribute__((alias(#initfn)));
      |      ^~~~~~~~~~~
crypto/cast5_generic.c:547:1: note: in expansion of macro ‘module_init’
  547 | module_init(cast5_mod_init);
      | ^~~~~~~~~~~
crypto/cast5_generic.c:537:19: note: ‘init_module’ target declared here
  537 | static int __init cast5_mod_init(void)
      |                   ^~~~~~~~~~~~~~
In file included from crypto/cast5_generic.c:27:
./include/linux/module.h:138:7: warning: ‘cleanup_module’ specifies less restrictive attribute than its target ‘cast5_mod_fini’: ‘cold’ [-Wmissing-attributes]
  138 |  void cleanup_module(void) __attribute__((alias(#exitfn)));
      |       ^~~~~~~~~~~~~~
crypto/cast5_generic.c:548:1: note: in expansion of macro ‘module_exit’
  548 | module_exit(cast5_mod_fini);
      | ^~~~~~~~~~~
crypto/cast5_generic.c:542:20: note: ‘cleanup_module’ target declared here
  542 | static void __exit cast5_mod_fini(void)
      |                    ^~~~~~~~~~~~~~
  CC [M]  crypto/arc4.o
In file included from crypto/arc4.c:15:
./include/linux/module.h:132:6: warning: ‘init_module’ specifies less restrictive attribute than its target ‘arc4_init’: ‘cold’ [-Wmissing-attributes]
  132 |  int init_module(void) __attribute__((alias(#initfn)));
      |      ^~~~~~~~~~~
crypto/arc4.c:163:1: note: in expansion of macro ‘module_init’
  163 | module_init(arc4_init);
      | ^~~~~~~~~~~
crypto/arc4.c:153:19: note: ‘init_module’ target declared here
  153 | static int __init arc4_init(void)
      |                   ^~~~~~~~~
In file included from crypto/arc4.c:15:
./include/linux/module.h:138:7: warning: ‘cleanup_module’ specifies less restrictive attribute than its target ‘arc4_exit’: ‘cold’ [-Wmissing-attributes]
  138 |  void cleanup_module(void) __attribute__((alias(#exitfn)));
      |       ^~~~~~~~~~~~~~
crypto/arc4.c:164:1: note: in expansion of macro ‘module_exit’
  164 | module_exit(arc4_exit);
      | ^~~~~~~~~~~
crypto/arc4.c:158:20: note: ‘cleanup_module’ target declared here
  158 | static void __exit arc4_exit(void)
      |                    ^~~~~~~~~
  CC [M]  crypto/deflate.o
In file included from crypto/deflate.c:28:
./include/linux/module.h:132:6: warning: ‘init_module’ specifies less restrictive attribute than its target ‘deflate_mod_init’: ‘cold’ [-Wmissing-attributes]
  132 |  int init_module(void) __attribute__((alias(#initfn)));
      |      ^~~~~~~~~~~
crypto/deflate.c:219:1: note: in expansion of macro ‘module_init’
  219 | module_init(deflate_mod_init);
      | ^~~~~~~~~~~
crypto/deflate.c:209:19: note: ‘init_module’ target declared here
  209 | static int __init deflate_mod_init(void)
      |                   ^~~~~~~~~~~~~~~~
In file included from crypto/deflate.c:28:
./include/linux/module.h:138:7: warning: ‘cleanup_module’ specifies less restrictive attribute than its target ‘deflate_mod_fini’: ‘cold’ [-Wmissing-attributes]
  138 |  void cleanup_module(void) __attribute__((alias(#exitfn)));
      |       ^~~~~~~~~~~~~~
crypto/deflate.c:220:1: note: in expansion of macro ‘module_exit’
  220 | module_exit(deflate_mod_fini);
      | ^~~~~~~~~~~
crypto/deflate.c:214:20: note: ‘cleanup_module’ target declared here
  214 | static void __exit deflate_mod_fini(void)
      |                    ^~~~~~~~~~~~~~~~
  CC [M]  crypto/michael_mic.o
In file included from crypto/michael_mic.c:15:
./include/linux/module.h:132:6: warning: ‘init_module’ specifies less restrictive attribute than its target ‘michael_mic_init’: ‘cold’ [-Wmissing-attributes]
  132 |  int init_module(void) __attribute__((alias(#initfn)));
      |      ^~~~~~~~~~~
crypto/michael_mic.c:181:1: note: in expansion of macro ‘module_init’
  181 | module_init(michael_mic_init);
      | ^~~~~~~~~~~
crypto/michael_mic.c:169:19: note: ‘init_module’ target declared here
  169 | static int __init michael_mic_init(void)
      |                   ^~~~~~~~~~~~~~~~
In file included from crypto/michael_mic.c:15:
./include/linux/module.h:138:7: warning: ‘cleanup_module’ specifies less restrictive attribute than its target ‘michael_mic_exit’: ‘cold’ [-Wmissing-attributes]
  138 |  void cleanup_module(void) __attribute__((alias(#exitfn)));
      |       ^~~~~~~~~~~~~~
crypto/michael_mic.c:182:1: note: in expansion of macro ‘module_exit’
  182 | module_exit(michael_mic_exit);
      | ^~~~~~~~~~~
crypto/michael_mic.c:175:20: note: ‘cleanup_module’ target declared here
  175 | static void __exit michael_mic_exit(void)
      |                    ^~~~~~~~~~~~~~~~
  CC [M]  crypto/authenc.o
In file included from crypto/authenc.c:22:
./include/linux/module.h:132:6: warning: ‘init_module’ specifies less restrictive attribute than its target ‘crypto_authenc_module_init’: ‘cold’ [-Wmissing-attributes]
  132 |  int init_module(void) __attribute__((alias(#initfn)));
      |      ^~~~~~~~~~~
crypto/authenc.c:502:1: note: in expansion of macro ‘module_init’
  502 | module_init(crypto_authenc_module_init);
      | ^~~~~~~~~~~
crypto/authenc.c:492:19: note: ‘init_module’ target declared here
  492 | static int __init crypto_authenc_module_init(void)
      |                   ^~~~~~~~~~~~~~~~~~~~~~~~~~
In file included from crypto/authenc.c:22:
./include/linux/module.h:138:7: warning: ‘cleanup_module’ specifies less restrictive attribute than its target ‘crypto_authenc_module_exit’: ‘cold’ [-Wmissing-attributes]
  138 |  void cleanup_module(void) __attribute__((alias(#exitfn)));
      |       ^~~~~~~~~~~~~~
crypto/authenc.c:503:1: note: in expansion of macro ‘module_exit’
  503 | module_exit(crypto_authenc_module_exit);
      | ^~~~~~~~~~~
crypto/authenc.c:497:20: note: ‘cleanup_module’ target declared here
  497 | static void __exit crypto_authenc_module_exit(void)
      |                    ^~~~~~~~~~~~~~~~~~~~~~~~~~
  CC [M]  crypto/authencesn.o
In file included from crypto/authencesn.c:25:
./include/linux/module.h:132:6: warning: ‘init_module’ specifies less restrictive attribute than its target ‘crypto_authenc_esn_module_init’: ‘cold’ [-Wmissing-attributes]
  132 |  int init_module(void) __attribute__((alias(#initfn)));
      |      ^~~~~~~~~~~
crypto/authencesn.c:525:1: note: in expansion of macro ‘module_init’
  525 | module_init(crypto_authenc_esn_module_init);
      | ^~~~~~~~~~~
crypto/authencesn.c:515:19: note: ‘init_module’ target declared here
  515 | static int __init crypto_authenc_esn_module_init(void)
      |                   ^~~~~~~~~~~~~~~~~~~~~~~~~~~~~~
In file included from crypto/authencesn.c:25:
./include/linux/module.h:138:7: warning: ‘cleanup_module’ specifies less restrictive attribute than its target ‘crypto_authenc_esn_module_exit’: ‘cold’ [-Wmissing-attributes]
  138 |  void cleanup_module(void) __attribute__((alias(#exitfn)));
      |       ^~~~~~~~~~~~~~
crypto/authencesn.c:526:1: note: in expansion of macro ‘module_exit’
  526 | module_exit(crypto_authenc_esn_module_exit);
      | ^~~~~~~~~~~
crypto/authencesn.c:520:20: note: ‘cleanup_module’ target declared here
  520 | static void __exit crypto_authenc_esn_module_exit(void)
      |                    ^~~~~~~~~~~~~~~~~~~~~~~~~~~~~~
  CC [M]  crypto/lzo.o
In file included from crypto/lzo.c:20:
./include/linux/module.h:132:6: warning: ‘init_module’ specifies less restrictive attribute than its target ‘lzo_mod_init’: ‘cold’ [-Wmissing-attributes]
  132 |  int init_module(void) __attribute__((alias(#initfn)));
      |      ^~~~~~~~~~~
crypto/lzo.c:105:1: note: in expansion of macro ‘module_init’
  105 | module_init(lzo_mod_init);
      | ^~~~~~~~~~~
crypto/lzo.c:95:19: note: ‘init_module’ target declared here
   95 | static int __init lzo_mod_init(void)
      |                   ^~~~~~~~~~~~
In file included from crypto/lzo.c:20:
./include/linux/module.h:138:7: warning: ‘cleanup_module’ specifies less restrictive attribute than its target ‘lzo_mod_fini’: ‘cold’ [-Wmissing-attributes]
  138 |  void cleanup_module(void) __attribute__((alias(#exitfn)));
      |       ^~~~~~~~~~~~~~
crypto/lzo.c:106:1: note: in expansion of macro ‘module_exit’
  106 | module_exit(lzo_mod_fini);
      | ^~~~~~~~~~~
crypto/lzo.c:100:20: note: ‘cleanup_module’ target declared here
  100 | static void __exit lzo_mod_fini(void)
      |                    ^~~~~~~~~~~~
  CC [M]  crypto/lz4.o
In file included from crypto/lz4.c:22:
./include/linux/module.h:132:6: warning: ‘init_module’ specifies less restrictive attribute than its target ‘lz4_mod_init’: ‘cold’ [-Wmissing-attributes]
  132 |  int init_module(void) __attribute__((alias(#initfn)));
      |      ^~~~~~~~~~~
crypto/lz4.c:102:1: note: in expansion of macro ‘module_init’
  102 | module_init(lz4_mod_init);
      | ^~~~~~~~~~~
crypto/lz4.c:92:19: note: ‘init_module’ target declared here
   92 | static int __init lz4_mod_init(void)
      |                   ^~~~~~~~~~~~
In file included from crypto/lz4.c:22:
./include/linux/module.h:138:7: warning: ‘cleanup_module’ specifies less restrictive attribute than its target ‘lz4_mod_fini’: ‘cold’ [-Wmissing-attributes]
  138 |  void cleanup_module(void) __attribute__((alias(#exitfn)));
      |       ^~~~~~~~~~~~~~
crypto/lz4.c:103:1: note: in expansion of macro ‘module_exit’
  103 | module_exit(lz4_mod_fini);
      | ^~~~~~~~~~~
crypto/lz4.c:97:20: note: ‘cleanup_module’ target declared here
   97 | static void __exit lz4_mod_fini(void)
      |                    ^~~~~~~~~~~~
  CC [M]  crypto/drbg.o
In file included from ./include/crypto/drbg.h:47,
                 from crypto/drbg.c:100:
./include/linux/module.h:132:6: warning: ‘init_module’ specifies less restrictive attribute than its target ‘drbg_init’: ‘cold’ [-Wmissing-attributes]
  132 |  int init_module(void) __attribute__((alias(#initfn)));
      |      ^~~~~~~~~~~
crypto/drbg.c:2061:1: note: in expansion of macro ‘module_init’
 2061 | module_init(drbg_init);
      | ^~~~~~~~~~~
crypto/drbg.c:2023:19: note: ‘init_module’ target declared here
 2023 | static int __init drbg_init(void)
      |                   ^~~~~~~~~
In file included from ./include/crypto/drbg.h:47,
                 from crypto/drbg.c:100:
./include/linux/module.h:138:7: warning: ‘cleanup_module’ specifies less restrictive attribute than its target ‘drbg_exit’: ‘cold’ [-Wmissing-attributes]
  138 |  void cleanup_module(void) __attribute__((alias(#exitfn)));
      |       ^~~~~~~~~~~~~~
crypto/drbg.c:2062:1: note: in expansion of macro ‘module_exit’
 2062 | module_exit(drbg_exit);
      | ^~~~~~~~~~~
crypto/drbg.c:2056:20: note: ‘cleanup_module’ target declared here
 2056 | static void __exit drbg_exit(void)
      |                    ^~~~~~~~~
  CC [M]  crypto/jitterentropy.o
  CC [M]  crypto/jitterentropy-kcapi.o
In file included from crypto/jitterentropy-kcapi.c:40:
./include/linux/module.h:132:6: warning: ‘init_module’ specifies less restrictive attribute than its target ‘jent_mod_init’: ‘cold’ [-Wmissing-attributes]
  132 |  int init_module(void) __attribute__((alias(#initfn)));
      |      ^~~~~~~~~~~
crypto/jitterentropy-kcapi.c:202:1: note: in expansion of macro ‘module_init’
  202 | module_init(jent_mod_init);
      | ^~~~~~~~~~~
crypto/jitterentropy-kcapi.c:185:19: note: ‘init_module’ target declared here
  185 | static int __init jent_mod_init(void)
      |                   ^~~~~~~~~~~~~
In file included from crypto/jitterentropy-kcapi.c:40:
./include/linux/module.h:138:7: warning: ‘cleanup_module’ specifies less restrictive attribute than its target ‘jent_mod_exit’: ‘cold’ [-Wmissing-attributes]
  138 |  void cleanup_module(void) __attribute__((alias(#exitfn)));
      |       ^~~~~~~~~~~~~~
crypto/jitterentropy-kcapi.c:203:1: note: in expansion of macro ‘module_exit’
  203 | module_exit(jent_mod_exit);
      | ^~~~~~~~~~~
crypto/jitterentropy-kcapi.c:197:20: note: ‘cleanup_module’ target declared here
  197 | static void __exit jent_mod_exit(void)
      |                    ^~~~~~~~~~~~~
  LD [M]  crypto/jitterentropy_rng.o
  CC [M]  crypto/ghash-generic.o
In file included from crypto/ghash-generic.c:22:
./include/linux/module.h:132:6: warning: ‘init_module’ specifies less restrictive attribute than its target ‘ghash_mod_init’: ‘cold’ [-Wmissing-attributes]
  132 |  int init_module(void) __attribute__((alias(#initfn)));
      |      ^~~~~~~~~~~
crypto/ghash-generic.c:159:1: note: in expansion of macro ‘module_init’
  159 | module_init(ghash_mod_init);
      | ^~~~~~~~~~~
crypto/ghash-generic.c:149:19: note: ‘init_module’ target declared here
  149 | static int __init ghash_mod_init(void)
      |                   ^~~~~~~~~~~~~~
In file included from crypto/ghash-generic.c:22:
./include/linux/module.h:138:7: warning: ‘cleanup_module’ specifies less restrictive attribute than its target ‘ghash_mod_exit’: ‘cold’ [-Wmissing-attributes]
  138 |  void cleanup_module(void) __attribute__((alias(#exitfn)));
      |       ^~~~~~~~~~~~~~
crypto/ghash-generic.c:160:1: note: in expansion of macro ‘module_exit’
  160 | module_exit(ghash_mod_exit);
      | ^~~~~~~~~~~
crypto/ghash-generic.c:154:20: note: ‘cleanup_module’ target declared here
  154 | static void __exit ghash_mod_exit(void)
      |                    ^~~~~~~~~~~~~~
  CC [M]  crypto/af_alg.o
In file included from ./include/linux/phy.h:24,
                 from ./include/net/dsa.h:19,
                 from ./include/linux/netdevice.h:44,
                 from ./include/net/sock.h:51,
                 from ./include/crypto/if_alg.h:21,
                 from crypto/af_alg.c:16:
./include/linux/module.h:132:6: warning: ‘init_module’ specifies less restrictive attribute than its target ‘af_alg_init’: ‘cold’ [-Wmissing-attributes]
  132 |  int init_module(void) __attribute__((alias(#initfn)));
      |      ^~~~~~~~~~~
crypto/af_alg.c:536:1: note: in expansion of macro ‘module_init’
  536 | module_init(af_alg_init);
      | ^~~~~~~~~~~
crypto/af_alg.c:511:19: note: ‘init_module’ target declared here
  511 | static int __init af_alg_init(void)
      |                   ^~~~~~~~~~~
In file included from ./include/linux/phy.h:24,
                 from ./include/net/dsa.h:19,
                 from ./include/linux/netdevice.h:44,
                 from ./include/net/sock.h:51,
                 from ./include/crypto/if_alg.h:21,
                 from crypto/af_alg.c:16:
./include/linux/module.h:138:7: warning: ‘cleanup_module’ specifies less restrictive attribute than its target ‘af_alg_exit’: ‘cold’ [-Wmissing-attributes]
  138 |  void cleanup_module(void) __attribute__((alias(#exitfn)));
      |       ^~~~~~~~~~~~~~
crypto/af_alg.c:537:1: note: in expansion of macro ‘module_exit’
  537 | module_exit(af_alg_exit);
      | ^~~~~~~~~~~
crypto/af_alg.c:530:20: note: ‘cleanup_module’ target declared here
  530 | static void __exit af_alg_exit(void)
      |                    ^~~~~~~~~~~
  CC [M]  crypto/algif_skcipher.o
In file included from ./include/linux/phy.h:24,
                 from ./include/net/dsa.h:19,
                 from ./include/linux/netdevice.h:44,
                 from ./include/net/sock.h:51,
                 from ./include/crypto/if_alg.h:21,
                 from crypto/algif_skcipher.c:17:
./include/linux/module.h:132:6: warning: ‘init_module’ specifies less restrictive attribute than its target ‘algif_skcipher_init’: ‘cold’ [-Wmissing-attributes]
  132 |  int init_module(void) __attribute__((alias(#initfn)));
      |      ^~~~~~~~~~~
crypto/algif_skcipher.c:1002:1: note: in expansion of macro ‘module_init’
 1002 | module_init(algif_skcipher_init);
      | ^~~~~~~~~~~
crypto/algif_skcipher.c:991:19: note: ‘init_module’ target declared here
  991 | static int __init algif_skcipher_init(void)
      |                   ^~~~~~~~~~~~~~~~~~~
In file included from ./include/linux/phy.h:24,
                 from ./include/net/dsa.h:19,
                 from ./include/linux/netdevice.h:44,
                 from ./include/net/sock.h:51,
                 from ./include/crypto/if_alg.h:21,
                 from crypto/algif_skcipher.c:17:
./include/linux/module.h:138:7: warning: ‘cleanup_module’ specifies less restrictive attribute than its target ‘algif_skcipher_exit’: ‘cold’ [-Wmissing-attributes]
  138 |  void cleanup_module(void) __attribute__((alias(#exitfn)));
      |       ^~~~~~~~~~~~~~
crypto/algif_skcipher.c:1003:1: note: in expansion of macro ‘module_exit’
 1003 | module_exit(algif_skcipher_exit);
      | ^~~~~~~~~~~
crypto/algif_skcipher.c:996:20: note: ‘cleanup_module’ target declared here
  996 | static void __exit algif_skcipher_exit(void)
      |                    ^~~~~~~~~~~~~~~~~~~
  CC [M]  crypto/xor.o
In file included from crypto/xor.c:20:
./include/linux/module.h:132:6: warning: ‘init_module’ specifies less restrictive attribute than its target ‘calibrate_xor_blocks’: ‘cold’ [-Wmissing-attributes]
  132 |  int init_module(void) __attribute__((alias(#initfn)));
      |      ^~~~~~~~~~~
./include/linux/module.h:110:28: note: in expansion of macro ‘module_init’
  110 | #define core_initcall(fn)  module_init(fn)
      |                            ^~~~~~~~~~~
crypto/xor.c:167:1: note: in expansion of macro ‘core_initcall’
  167 | core_initcall(calibrate_xor_blocks);
      | ^~~~~~~~~~~~~
crypto/xor.c:111:1: note: ‘init_module’ target declared here
  111 | calibrate_xor_blocks(void)
      | ^~~~~~~~~~~~~~~~~~~~
In file included from crypto/xor.c:20:
./include/linux/module.h:138:7: warning: ‘cleanup_module’ specifies less restrictive attribute than its target ‘xor_exit’: ‘cold’ [-Wmissing-attributes]
  138 |  void cleanup_module(void) __attribute__((alias(#exitfn)));
      |       ^~~~~~~~~~~~~~
crypto/xor.c:168:1: note: in expansion of macro ‘module_exit’
  168 | module_exit(xor_exit);
      | ^~~~~~~~~~~
crypto/xor.c:162:20: note: ‘cleanup_module’ target declared here
  162 | static __exit void xor_exit(void) { }
      |                    ^~~~~~~~
  CC [M]  crypto/ablk_helper.o
  LD      crypto/async_tx/built-in.o
  CC [M]  crypto/async_tx/async_tx.o
In file included from crypto/async_tx/async_tx.c:27:
./include/linux/module.h:132:6: warning: ‘init_module’ specifies less restrictive attribute than its target ‘async_tx_init’: ‘cold’ [-Wmissing-attributes]
  132 |  int init_module(void) __attribute__((alias(#initfn)));
      |      ^~~~~~~~~~~
crypto/async_tx/async_tx.c:46:1: note: in expansion of macro ‘module_init’
   46 | module_init(async_tx_init);
      | ^~~~~~~~~~~
crypto/async_tx/async_tx.c:32:19: note: ‘init_module’ target declared here
   32 | static int __init async_tx_init(void)
      |                   ^~~~~~~~~~~~~
In file included from crypto/async_tx/async_tx.c:27:
./include/linux/module.h:138:7: warning: ‘cleanup_module’ specifies less restrictive attribute than its target ‘async_tx_exit’: ‘cold’ [-Wmissing-attributes]
  138 |  void cleanup_module(void) __attribute__((alias(#exitfn)));
      |       ^~~~~~~~~~~~~~
crypto/async_tx/async_tx.c:47:1: note: in expansion of macro ‘module_exit’
   47 | module_exit(async_tx_exit);
      | ^~~~~~~~~~~
crypto/async_tx/async_tx.c:41:20: note: ‘cleanup_module’ target declared here
   41 | static void __exit async_tx_exit(void)
      |                    ^~~~~~~~~~~~~
  CC [M]  crypto/async_tx/async_memcpy.o
  CC [M]  crypto/async_tx/async_xor.o
  CC [M]  crypto/async_tx/async_pq.o
In file included from crypto/async_tx/async_pq.c:24:
./include/linux/module.h:132:6: warning: ‘init_module’ specifies less restrictive attribute than its target ‘async_pq_init’: ‘cold’ [-Wmissing-attributes]
  132 |  int init_module(void) __attribute__((alias(#initfn)));
      |      ^~~~~~~~~~~
crypto/async_tx/async_pq.c:450:1: note: in expansion of macro ‘module_init’
  450 | module_init(async_pq_init);
      | ^~~~~~~~~~~
crypto/async_tx/async_pq.c:433:19: note: ‘init_module’ target declared here
  433 | static int __init async_pq_init(void)
      |                   ^~~~~~~~~~~~~
In file included from crypto/async_tx/async_pq.c:24:
./include/linux/module.h:138:7: warning: ‘cleanup_module’ specifies less restrictive attribute than its target ‘async_pq_exit’: ‘cold’ [-Wmissing-attributes]
  138 |  void cleanup_module(void) __attribute__((alias(#exitfn)));
      |       ^~~~~~~~~~~~~~
crypto/async_tx/async_pq.c:451:1: note: in expansion of macro ‘module_exit’
  451 | module_exit(async_pq_exit);
      | ^~~~~~~~~~~
crypto/async_tx/async_pq.c:445:20: note: ‘cleanup_module’ target declared here
  445 | static void __exit async_pq_exit(void)
      |                    ^~~~~~~~~~~~~
  CC [M]  crypto/async_tx/async_raid6_recov.o
  CC      block/bio.o
  CC      block/elevator.o
  CC      block/blk-core.o
  CC      block/blk-tag.o
  CC      block/blk-sysfs.o
  CC      block/blk-flush.o
  CC      block/blk-settings.o
  CC      block/blk-ioc.o
  CC      block/blk-map.o
  CC      block/blk-exec.o
  CC      block/blk-merge.o
  CC      block/blk-softirq.o
  CC      block/blk-timeout.o
  CC      block/blk-lib.o
  CC      block/blk-mq.o
  CC      block/blk-mq-tag.o
  CC      block/blk-mq-sysfs.o
  CC      block/blk-mq-cpumap.o
  CC      block/ioctl.o
  CC      block/genhd.o
  CC      block/scsi_ioctl.o
  CC      block/partition-generic.o
  CC      block/ioprio.o
  CC      block/badblocks.o
  CC      block/partitions/check.o
  CC      block/partitions/mac.o
  CC      block/partitions/msdos.o
  CC      block/partitions/efi.o
  LD      block/partitions/built-in.o
  CC      block/bsg.o
  CC      block/bsg-lib.o
  CC      block/blk-cgroup.o
  CC      block/blk-throttle.o
  CC      block/noop-iosched.o
  CC      block/deadline-iosched.o
  CC      block/cfq-iosched.o
  LD      block/built-in.o
  CC      proj3/kernel/rsv_syscalls.o
In file included from proj3/kernel/rsv_syscalls.c:3:
./include/linux/syscalls.h:195:18: warning: ‘sys_set_rsv’ alias between functions of incompatible types ‘long int(pid_t,  struct timespec *, struct timespec *)’ {aka ‘long int(int,  struct timespec *, struct timespec *)’} and ‘long int(long int,  long int,  long int)’ [-Wattribute-alias=]
  195 |  asmlinkage long sys##name(__MAP(x,__SC_DECL,__VA_ARGS__)) \
      |                  ^~~
./include/linux/syscalls.h:191:2: note: in expansion of macro ‘__SYSCALL_DEFINEx’
  191 |  __SYSCALL_DEFINEx(x, sname, __VA_ARGS__)
      |  ^~~~~~~~~~~~~~~~~
./include/linux/syscalls.h:184:36: note: in expansion of macro ‘SYSCALL_DEFINEx’
  184 | #define SYSCALL_DEFINE3(name, ...) SYSCALL_DEFINEx(3, _##name, __VA_ARGS__)
      |                                    ^~~~~~~~~~~~~~~
proj3/kernel/rsv_syscalls.c:76:1: note: in expansion of macro ‘SYSCALL_DEFINE3’
   76 | SYSCALL_DEFINE3(set_rsv, pid_t, pid,
      | ^~~~~~~~~~~~~~~
./include/linux/syscalls.h:199:18: note: aliased declaration here
  199 |  asmlinkage long SyS##name(__MAP(x,__SC_LONG,__VA_ARGS__)) \
      |                  ^~~
./include/linux/syscalls.h:191:2: note: in expansion of macro ‘__SYSCALL_DEFINEx’
  191 |  __SYSCALL_DEFINEx(x, sname, __VA_ARGS__)
      |  ^~~~~~~~~~~~~~~~~
./include/linux/syscalls.h:184:36: note: in expansion of macro ‘SYSCALL_DEFINEx’
  184 | #define SYSCALL_DEFINE3(name, ...) SYSCALL_DEFINEx(3, _##name, __VA_ARGS__)
      |                                    ^~~~~~~~~~~~~~~
proj3/kernel/rsv_syscalls.c:76:1: note: in expansion of macro ‘SYSCALL_DEFINE3’
   76 | SYSCALL_DEFINE3(set_rsv, pid_t, pid,
      | ^~~~~~~~~~~~~~~
  CC      proj3/kernel/rsv_sched.o
In file included from ./include/linux/printk.h:6,
                 from ./include/linux/kernel.h:13,
                 from proj3/kernel/rsv_sched.c:1:
proj3/kernel/rsv_sched.c: In function ‘rsv_reassign_rt_prios’:
./include/linux/kern_levels.h:4:18: warning: too many arguments for format [-Wformat-extra-args]
    4 | #define KERN_SOH "\001"  /* ASCII Start Of Header */
      |                  ^~~~~~
./include/linux/kern_levels.h:13:19: note: in expansion of macro ‘KERN_SOH’
   13 | #define KERN_INFO KERN_SOH "6" /* informational */
      |                   ^~~~~~~~
proj3/kernel/rsv_sched.c:88:20: note: in expansion of macro ‘KERN_INFO’
   88 |             printk(KERN_INFO,
      |                    ^~~~~~~~~
./include/linux/kern_levels.h:4:18: warning: too many arguments for format [-Wformat-extra-args]
    4 | #define KERN_SOH "\001"  /* ASCII Start Of Header */
      |                  ^~~~~~
./include/linux/kern_levels.h:13:19: note: in expansion of macro ‘KERN_SOH’
   13 | #define KERN_INFO KERN_SOH "6" /* informational */
      |                   ^~~~~~~~
proj3/kernel/rsv_sched.c:99:20: note: in expansion of macro ‘KERN_INFO’
   99 |             printk(KERN_INFO,
      |                    ^~~~~~~~~
proj3/kernel/rsv_sched.c:110:1: warning: the frame size of 1040 bytes is larger than 1024 bytes [-Wframe-larger-than=]
  110 | }
      | ^
  CC      proj3/kernel/rsv_core.o
  LD      proj3/kernel/built-in.o
  CC      drivers/amba/bus.o
  LD      drivers/amba/built-in.o
  LD      drivers/atm/built-in.o
  LD      drivers/auxdisplay/built-in.o
  CC      drivers/base/component.o
  CC      drivers/base/core.o
  CC      drivers/base/bus.o
  CC      drivers/base/dd.o
  CC      drivers/base/syscore.o
  CC      drivers/base/driver.o
  CC      drivers/base/class.o
  CC      drivers/base/platform.o
  CC      drivers/base/cpu.o
  CC      drivers/base/firmware.o
  CC      drivers/base/init.o
  CC      drivers/base/map.o
  CC      drivers/base/devres.o
  CC      drivers/base/attribute_container.o
  CC      drivers/base/transport_class.o
  CC      drivers/base/topology.o
  CC      drivers/base/container.o
  CC      drivers/base/property.o
  CC      drivers/base/cacheinfo.o
  CC      drivers/base/devtmpfs.o
  CC      drivers/base/dma-contiguous.o
  CC      drivers/base/power/sysfs.o
  CC      drivers/base/power/generic_ops.o
  CC      drivers/base/power/common.o
  CC      drivers/base/power/qos.o
  CC      drivers/base/power/runtime.o
  CC      drivers/base/power/wakeirq.o
  CC      drivers/base/power/domain.o
  CC      drivers/base/power/domain_governor.o
  CC      drivers/base/power/clock_ops.o
  LD      drivers/base/power/built-in.o
  CC      drivers/base/regmap/regmap.o
  CC      drivers/base/regmap/regcache.o
  CC      drivers/base/regmap/regcache-rbtree.o
drivers/base/regmap/regcache-rbtree.c:36:1: warning: alignment 1 of ‘struct regcache_rbtree_node’ is less than 4 [-Wpacked-not-aligned]
   36 | } __attribute__ ((packed));
      | ^
drivers/base/regmap/regcache-rbtree.c: In function ‘regcache_rbtree_insert’:
drivers/base/regmap/regcache-rbtree.c:130:15: warning: taking address of packed member of ‘struct regcache_rbtree_node’ may result in an unaligned pointer value [-Waddress-of-packed-member]
  130 |  rb_link_node(&rbnode->node, parent, new);
      |               ^~~~~~~~~~~~~
drivers/base/regmap/regcache-rbtree.c:131:18: warning: taking address of packed member of ‘struct regcache_rbtree_node’ may result in an unaligned pointer value [-Waddress-of-packed-member]
  131 |  rb_insert_color(&rbnode->node, root);
      |                  ^~~~~~~~~~~~~
drivers/base/regmap/regcache-rbtree.c: In function ‘regcache_rbtree_exit’:
drivers/base/regmap/regcache-rbtree.c:243:18: warning: taking address of packed member of ‘struct regcache_rbtree_node’ may result in an unaligned pointer value [-Waddress-of-packed-member]
  243 |   next = rb_next(&rbtree_node->node);
      |                  ^~~~~~~~~~~~~~~~~~
drivers/base/regmap/regcache-rbtree.c:244:12: warning: taking address of packed member of ‘struct regcache_rbtree_node’ may result in an unaligned pointer value [-Waddress-of-packed-member]
  244 |   rb_erase(&rbtree_node->node, &rbtree_ctx->root);
      |            ^~~~~~~~~~~~~~~~~~
  CC      drivers/base/regmap/regcache-lzo.o
  CC      drivers/base/regmap/regcache-flat.o
  CC      drivers/base/regmap/regmap-debugfs.o
  CC      drivers/base/regmap/regmap-i2c.o
  CC      drivers/base/regmap/regmap-spi.o
  CC      drivers/base/regmap/regmap-mmio.o
  CC      drivers/base/regmap/regmap-irq.o
  LD      drivers/base/regmap/built-in.o
  CC      drivers/base/dma-mapping.o
  CC      drivers/base/dma-coherent.o
  CC      drivers/base/firmware_class.o
  CC      drivers/base/module.o
  CC      drivers/base/pinctrl.o
  CC      drivers/base/devcoredump.o
  LD      drivers/base/built-in.o
  LD      drivers/bcma/built-in.o
  CC [M]  drivers/bcma/main.o
In file included from drivers/bcma/main.c:9:
./include/linux/module.h:132:6: warning: ‘init_module’ specifies less restrictive attribute than its target ‘bcma_modinit’: ‘cold’ [-Wmissing-attributes]
  132 |  int init_module(void) __attribute__((alias(#initfn)));
      |      ^~~~~~~~~~~
drivers/bcma/main.c:716:1: note: in expansion of macro ‘module_init’
  716 | module_init(bcma_modinit);
      | ^~~~~~~~~~~
drivers/bcma/main.c:693:19: note: ‘init_module’ target declared here
  693 | static int __init bcma_modinit(void)
      |                   ^~~~~~~~~~~~
In file included from drivers/bcma/main.c:9:
./include/linux/module.h:138:7: warning: ‘cleanup_module’ specifies less restrictive attribute than its target ‘bcma_modexit’: ‘cold’ [-Wmissing-attributes]
  138 |  void cleanup_module(void) __attribute__((alias(#exitfn)));
      |       ^~~~~~~~~~~~~~
drivers/bcma/main.c:726:1: note: in expansion of macro ‘module_exit’
  726 | module_exit(bcma_modexit)
      | ^~~~~~~~~~~
drivers/bcma/main.c:718:20: note: ‘cleanup_module’ target declared here
  718 | static void __exit bcma_modexit(void)
      |                    ^~~~~~~~~~~~
  CC [M]  drivers/bcma/scan.o
  CC [M]  drivers/bcma/core.o
  CC [M]  drivers/bcma/sprom.o
  CC [M]  drivers/bcma/driver_chipcommon.o
  CC [M]  drivers/bcma/driver_chipcommon_pmu.o
  CC [M]  drivers/bcma/driver_chipcommon_b.o
  LD [M]  drivers/bcma/bcma.o
  CC      drivers/block/brd.o
  CC      drivers/block/loop.o
  LD      drivers/block/built-in.o
  CC [M]  drivers/block/pktcdvd.o
In file included from drivers/block/pktcdvd.c:50:
./include/linux/module.h:132:6: warning: ‘init_module’ specifies less restrictive attribute than its target ‘pkt_init’: ‘cold’ [-Wmissing-attributes]
  132 |  int init_module(void) __attribute__((alias(#initfn)));
      |      ^~~~~~~~~~~
drivers/block/pktcdvd.c:3008:1: note: in expansion of macro ‘module_init’
 3008 | module_init(pkt_init);
      | ^~~~~~~~~~~
drivers/block/pktcdvd.c:2947:19: note: ‘init_module’ target declared here
 2947 | static int __init pkt_init(void)
      |                   ^~~~~~~~
In file included from drivers/block/pktcdvd.c:50:
./include/linux/module.h:138:7: warning: ‘cleanup_module’ specifies less restrictive attribute than its target ‘pkt_exit’: ‘cold’ [-Wmissing-attributes]
  138 |  void cleanup_module(void) __attribute__((alias(#exitfn)));
      |       ^~~~~~~~~~~~~~
drivers/block/pktcdvd.c:3009:1: note: in expansion of macro ‘module_exit’
 3009 | module_exit(pkt_exit);
      | ^~~~~~~~~~~
drivers/block/pktcdvd.c:2992:20: note: ‘cleanup_module’ target declared here
 2992 | static void __exit pkt_exit(void)
      |                    ^~~~~~~~
  CC [M]  drivers/block/nbd.o
In file included from drivers/block/nbd.c:18:
./include/linux/module.h:132:6: warning: ‘init_module’ specifies less restrictive attribute than its target ‘nbd_init’: ‘cold’ [-Wmissing-attributes]
  132 |  int init_module(void) __attribute__((alias(#initfn)));
      |      ^~~~~~~~~~~
drivers/block/nbd.c:1050:1: note: in expansion of macro ‘module_init’
 1050 | module_init(nbd_init);
      | ^~~~~~~~~~~
drivers/block/nbd.c:910:19: note: ‘init_module’ target declared here
  910 | static int __init nbd_init(void)
      |                   ^~~~~~~~
In file included from drivers/block/nbd.c:18:
./include/linux/module.h:138:7: warning: ‘cleanup_module’ specifies less restrictive attribute than its target ‘nbd_cleanup’: ‘cold’ [-Wmissing-attributes]
  138 |  void cleanup_module(void) __attribute__((alias(#exitfn)));
      |       ^~~~~~~~~~~~~~
drivers/block/nbd.c:1051:1: note: in expansion of macro ‘module_exit’
 1051 | module_exit(nbd_cleanup);
      | ^~~~~~~~~~~
drivers/block/nbd.c:1029:20: note: ‘cleanup_module’ target declared here
 1029 | static void __exit nbd_cleanup(void)
      |                    ^~~~~~~~~~~
  CC [M]  drivers/block/cryptoloop.o
In file included from drivers/block/cryptoloop.c:22:
./include/linux/module.h:132:6: warning: ‘init_module’ specifies less restrictive attribute than its target ‘init_cryptoloop’: ‘cold’ [-Wmissing-attributes]
  132 |  int init_module(void) __attribute__((alias(#initfn)));
      |      ^~~~~~~~~~~
drivers/block/cryptoloop.c:217:1: note: in expansion of macro ‘module_init’
  217 | module_init(init_cryptoloop);
      | ^~~~~~~~~~~
drivers/block/cryptoloop.c:200:1: note: ‘init_module’ target declared here
  200 | init_cryptoloop(void)
      | ^~~~~~~~~~~~~~~
In file included from drivers/block/cryptoloop.c:22:
./include/linux/module.h:138:7: warning: ‘cleanup_module’ specifies less restrictive attribute than its target ‘cleanup_cryptoloop’: ‘cold’ [-Wmissing-attributes]
  138 |  void cleanup_module(void) __attribute__((alias(#exitfn)));
      |       ^~~~~~~~~~~~~~
drivers/block/cryptoloop.c:218:1: note: in expansion of macro ‘module_exit’
  218 | module_exit(cleanup_cryptoloop);
      | ^~~~~~~~~~~
drivers/block/cryptoloop.c:210:1: note: ‘cleanup_module’ target declared here
  210 | cleanup_cryptoloop(void)
      | ^~~~~~~~~~~~~~~~~~
  LD      drivers/block/drbd/built-in.o
  CC [M]  drivers/block/drbd/drbd_bitmap.o
  CC [M]  drivers/block/drbd/drbd_proc.o
  CC [M]  drivers/block/drbd/drbd_worker.o
  CC [M]  drivers/block/drbd/drbd_receiver.o
  CC [M]  drivers/block/drbd/drbd_req.o
  CC [M]  drivers/block/drbd/drbd_actlog.o
  CC [M]  drivers/block/drbd/drbd_main.o
In file included from drivers/block/drbd/drbd_main.c:31:
./include/linux/module.h:132:6: warning: ‘init_module’ specifies less restrictive attribute than its target ‘drbd_init’: ‘cold’ [-Wmissing-attributes]
  132 |  int init_module(void) __attribute__((alias(#initfn)));
      |      ^~~~~~~~~~~
drivers/block/drbd/drbd_main.c:3934:1: note: in expansion of macro ‘module_init’
 3934 | module_init(drbd_init)
      | ^~~~~~~~~~~
drivers/block/drbd/drbd_main.c:2968:19: note: ‘init_module’ target declared here
 2968 | static int __init drbd_init(void)
      |                   ^~~~~~~~~
  CC [M]  drivers/block/drbd/drbd_strings.o
  CC [M]  drivers/block/drbd/drbd_nl.o
  CC [M]  drivers/block/drbd/drbd_interval.o
  CC [M]  drivers/block/drbd/drbd_state.o
  CC [M]  drivers/block/drbd/drbd_nla.o
  CC [M]  drivers/block/drbd/drbd_debugfs.o
  LD [M]  drivers/block/drbd/drbd.o
  LD      drivers/block/zram/built-in.o
  CC [M]  drivers/block/zram/zcomp.o
  CC [M]  drivers/block/zram/zram_drv.o
In file included from drivers/block/zram/zram_drv.c:18:
./include/linux/module.h:132:6: warning: ‘init_module’ specifies less restrictive attribute than its target ‘zram_init’: ‘cold’ [-Wmissing-attributes]
  132 |  int init_module(void) __attribute__((alias(#initfn)));
      |      ^~~~~~~~~~~
drivers/block/zram/zram_drv.c:1491:1: note: in expansion of macro ‘module_init’
 1491 | module_init(zram_init);
      | ^~~~~~~~~~~
drivers/block/zram/zram_drv.c:1453:19: note: ‘init_module’ target declared here
 1453 | static int __init zram_init(void)
      |                   ^~~~~~~~~
In file included from drivers/block/zram/zram_drv.c:18:
./include/linux/module.h:138:7: warning: ‘cleanup_module’ specifies less restrictive attribute than its target ‘zram_exit’: ‘cold’ [-Wmissing-attributes]
  138 |  void cleanup_module(void) __attribute__((alias(#exitfn)));
      |       ^~~~~~~~~~~~~~
drivers/block/zram/zram_drv.c:1492:1: note: in expansion of macro ‘module_exit’
 1492 | module_exit(zram_exit);
      | ^~~~~~~~~~~
drivers/block/zram/zram_drv.c:1486:20: note: ‘cleanup_module’ target declared here
 1486 | static void __exit zram_exit(void)
      |                    ^~~~~~~~~
  LD [M]  drivers/block/zram/zram.o
  LD      drivers/block/aoe/built-in.o
  CC [M]  drivers/block/aoe/aoeblk.o
  CC [M]  drivers/block/aoe/aoechr.o
  CC [M]  drivers/block/aoe/aoecmd.o
  CC [M]  drivers/block/aoe/aoedev.o
  CC [M]  drivers/block/aoe/aoemain.o
In file included from drivers/block/aoe/aoemain.c:9:
./include/linux/module.h:132:6: warning: ‘init_module’ specifies less restrictive attribute than its target ‘aoe_init’: ‘cold’ [-Wmissing-attributes]
  132 |  int init_module(void) __attribute__((alias(#initfn)));
      |      ^~~~~~~~~~~
drivers/block/aoe/aoemain.c:113:1: note: in expansion of macro ‘module_init’
  113 | module_init(aoe_init);
      | ^~~~~~~~~~~
drivers/block/aoe/aoemain.c:71:1: note: ‘init_module’ target declared here
   71 | aoe_init(void)
      | ^~~~~~~~
  CC [M]  drivers/block/aoe/aoenet.o
  LD [M]  drivers/block/aoe/aoe.o
  LD      drivers/bluetooth/built-in.o
  CC [M]  drivers/bluetooth/hci_vhci.o
In file included from drivers/bluetooth/hci_vhci.c:26:
./include/linux/module.h:132:6: warning: ‘init_module’ specifies less restrictive attribute than its target ‘vhci_miscdev_init’: ‘cold’ [-Wmissing-attributes]
  132 |  int init_module(void) __attribute__((alias(#initfn)));
      |      ^~~~~~~~~~~
./include/linux/device.h:1355:1: note: in expansion of macro ‘module_init’
 1355 | module_init(__driver##_init); \
      | ^~~~~~~~~~~
./include/linux/miscdevice.h:79:2: note: in expansion of macro ‘module_driver’
   79 |  module_driver(__misc_device, misc_register, misc_deregister)
      |  ^~~~~~~~~~~~~
drivers/bluetooth/hci_vhci.c:380:1: note: in expansion of macro ‘module_misc_device’
  380 | module_misc_device(vhci_miscdev);
      | ^~~~~~~~~~~~~~~~~~
In file included from ./include/linux/dma-mapping.h:6,
                 from ./include/linux/skbuff.h:34,
                 from drivers/bluetooth/hci_vhci.c:37:
drivers/bluetooth/hci_vhci.c:380:20: note: ‘init_module’ target declared here
  380 | module_misc_device(vhci_miscdev);
      |                    ^~~~~~~~~~~~
./include/linux/device.h:1351:19: note: in definition of macro ‘module_driver’
 1351 | static int __init __driver##_init(void) \
      |                   ^~~~~~~~
drivers/bluetooth/hci_vhci.c:380:1: note: in expansion of macro ‘module_misc_device’
  380 | module_misc_device(vhci_miscdev);
      | ^~~~~~~~~~~~~~~~~~
In file included from drivers/bluetooth/hci_vhci.c:26:
./include/linux/module.h:138:7: warning: ‘cleanup_module’ specifies less restrictive attribute than its target ‘vhci_miscdev_exit’: ‘cold’ [-Wmissing-attributes]
  138 |  void cleanup_module(void) __attribute__((alias(#exitfn)));
      |       ^~~~~~~~~~~~~~
./include/linux/device.h:1360:1: note: in expansion of macro ‘module_exit’
 1360 | module_exit(__driver##_exit);
      | ^~~~~~~~~~~
./include/linux/miscdevice.h:79:2: note: in expansion of macro ‘module_driver’
   79 |  module_driver(__misc_device, misc_register, misc_deregister)
      |  ^~~~~~~~~~~~~
drivers/bluetooth/hci_vhci.c:380:1: note: in expansion of macro ‘module_misc_device’
  380 | module_misc_device(vhci_miscdev);
      | ^~~~~~~~~~~~~~~~~~
In file included from ./include/linux/dma-mapping.h:6,
                 from ./include/linux/skbuff.h:34,
                 from drivers/bluetooth/hci_vhci.c:37:
drivers/bluetooth/hci_vhci.c:380:20: note: ‘cleanup_module’ target declared here
  380 | module_misc_device(vhci_miscdev);
      |                    ^~~~~~~~~~~~
./include/linux/device.h:1356:20: note: in definition of macro ‘module_driver’
 1356 | static void __exit __driver##_exit(void) \
      |                    ^~~~~~~~
drivers/bluetooth/hci_vhci.c:380:1: note: in expansion of macro ‘module_misc_device’
  380 | module_misc_device(vhci_miscdev);
      | ^~~~~~~~~~~~~~~~~~
  CC [M]  drivers/bluetooth/hci_ldisc.o
In file included from drivers/bluetooth/hci_ldisc.c:26:
./include/linux/module.h:132:6: warning: ‘init_module’ specifies less restrictive attribute than its target ‘hci_uart_init’: ‘cold’ [-Wmissing-attributes]
  132 |  int init_module(void) __attribute__((alias(#initfn)));
      |      ^~~~~~~~~~~
drivers/bluetooth/hci_ldisc.c:863:1: note: in expansion of macro ‘module_init’
  863 | module_init(hci_uart_init);
      | ^~~~~~~~~~~
drivers/bluetooth/hci_ldisc.c:760:19: note: ‘init_module’ target declared here
  760 | static int __init hci_uart_init(void)
      |                   ^~~~~~~~~~~~~
In file included from drivers/bluetooth/hci_ldisc.c:26:
./include/linux/module.h:138:7: warning: ‘cleanup_module’ specifies less restrictive attribute than its target ‘hci_uart_exit’: ‘cold’ [-Wmissing-attributes]
  138 |  void cleanup_module(void) __attribute__((alias(#exitfn)));
      |       ^~~~~~~~~~~~~~
drivers/bluetooth/hci_ldisc.c:864:1: note: in expansion of macro ‘module_exit’
  864 | module_exit(hci_uart_exit);
      | ^~~~~~~~~~~
drivers/bluetooth/hci_ldisc.c:822:20: note: ‘cleanup_module’ target declared here
  822 | static void __exit hci_uart_exit(void)
      |                    ^~~~~~~~~~~~~
  CC [M]  drivers/bluetooth/hci_h4.o
  CC [M]  drivers/bluetooth/hci_h5.o
  CC [M]  drivers/bluetooth/hci_bcm.o
  LD [M]  drivers/bluetooth/hci_uart.o
  CC [M]  drivers/bluetooth/bcm203x.o
In file included from drivers/bluetooth/bcm203x.c:25:
./include/linux/module.h:138:7: warning: ‘cleanup_module’ specifies less restrictive attribute than its target ‘bcm203x_driver_exit’: ‘cold’ [-Wmissing-attributes]
  138 |  void cleanup_module(void) __attribute__((alias(#exitfn)));
      |       ^~~~~~~~~~~~~~
./include/linux/device.h:1360:1: note: in expansion of macro ‘module_exit’
 1360 | module_exit(__driver##_exit);
      | ^~~~~~~~~~~
./include/linux/usb.h:1195:2: note: in expansion of macro ‘module_driver’
 1195 |  module_driver(__usb_driver, usb_register, \
      |  ^~~~~~~~~~~~~
drivers/bluetooth/bcm203x.c:275:1: note: in expansion of macro ‘module_usb_driver’
  275 | module_usb_driver(bcm203x_driver);
      | ^~~~~~~~~~~~~~~~~
In file included from drivers/bluetooth/bcm203x.c:34:
drivers/bluetooth/bcm203x.c:275:19: note: ‘cleanup_module’ target declared here
  275 | module_usb_driver(bcm203x_driver);
      |                   ^~~~~~~~~~~~~~
./include/linux/device.h:1356:20: note: in definition of macro ‘module_driver’
 1356 | static void __exit __driver##_exit(void) \
      |                    ^~~~~~~~
drivers/bluetooth/bcm203x.c:275:1: note: in expansion of macro ‘module_usb_driver’
  275 | module_usb_driver(bcm203x_driver);
      | ^~~~~~~~~~~~~~~~~
In file included from drivers/bluetooth/bcm203x.c:25:
./include/linux/module.h:132:6: warning: ‘init_module’ specifies less restrictive attribute than its target ‘bcm203x_driver_init’: ‘cold’ [-Wmissing-attributes]
  132 |  int init_module(void) __attribute__((alias(#initfn)));
      |      ^~~~~~~~~~~
./include/linux/device.h:1355:1: note: in expansion of macro ‘module_init’
 1355 | module_init(__driver##_init); \
      | ^~~~~~~~~~~
./include/linux/usb.h:1195:2: note: in expansion of macro ‘module_driver’
 1195 |  module_driver(__usb_driver, usb_register, \
      |  ^~~~~~~~~~~~~
drivers/bluetooth/bcm203x.c:275:1: note: in expansion of macro ‘module_usb_driver’
  275 | module_usb_driver(bcm203x_driver);
      | ^~~~~~~~~~~~~~~~~
In file included from drivers/bluetooth/bcm203x.c:34:
drivers/bluetooth/bcm203x.c:275:19: note: ‘init_module’ target declared here
  275 | module_usb_driver(bcm203x_driver);
      |                   ^~~~~~~~~~~~~~
./include/linux/device.h:1351:19: note: in definition of macro ‘module_driver’
 1351 | static int __init __driver##_init(void) \
      |                   ^~~~~~~~
drivers/bluetooth/bcm203x.c:275:1: note: in expansion of macro ‘module_usb_driver’
  275 | module_usb_driver(bcm203x_driver);
      | ^~~~~~~~~~~~~~~~~
  CC [M]  drivers/bluetooth/bpa10x.o
In file included from drivers/bluetooth/bpa10x.c:25:
./include/linux/module.h:138:7: warning: ‘cleanup_module’ specifies less restrictive attribute than its target ‘bpa10x_driver_exit’: ‘cold’ [-Wmissing-attributes]
  138 |  void cleanup_module(void) __attribute__((alias(#exitfn)));
      |       ^~~~~~~~~~~~~~
./include/linux/device.h:1360:1: note: in expansion of macro ‘module_exit’
 1360 | module_exit(__driver##_exit);
      | ^~~~~~~~~~~
./include/linux/usb.h:1195:2: note: in expansion of macro ‘module_driver’
 1195 |  module_driver(__usb_driver, usb_register, \
      |  ^~~~~~~~~~~~~
drivers/bluetooth/bpa10x.c:457:1: note: in expansion of macro ‘module_usb_driver’
  457 | module_usb_driver(bpa10x_driver);
      | ^~~~~~~~~~~~~~~~~
In file included from ./include/linux/dma-mapping.h:6,
                 from ./include/linux/skbuff.h:34,
                 from drivers/bluetooth/bpa10x.c:31:
drivers/bluetooth/bpa10x.c:457:19: note: ‘cleanup_module’ target declared here
  457 | module_usb_driver(bpa10x_driver);
      |                   ^~~~~~~~~~~~~
./include/linux/device.h:1356:20: note: in definition of macro ‘module_driver’
 1356 | static void __exit __driver##_exit(void) \
      |                    ^~~~~~~~
drivers/bluetooth/bpa10x.c:457:1: note: in expansion of macro ‘module_usb_driver’
  457 | module_usb_driver(bpa10x_driver);
      | ^~~~~~~~~~~~~~~~~
In file included from drivers/bluetooth/bpa10x.c:25:
./include/linux/module.h:132:6: warning: ‘init_module’ specifies less restrictive attribute than its target ‘bpa10x_driver_init’: ‘cold’ [-Wmissing-attributes]
  132 |  int init_module(void) __attribute__((alias(#initfn)));
      |      ^~~~~~~~~~~
./include/linux/device.h:1355:1: note: in expansion of macro ‘module_init’
 1355 | module_init(__driver##_init); \
      | ^~~~~~~~~~~
./include/linux/usb.h:1195:2: note: in expansion of macro ‘module_driver’
 1195 |  module_driver(__usb_driver, usb_register, \
      |  ^~~~~~~~~~~~~
drivers/bluetooth/bpa10x.c:457:1: note: in expansion of macro ‘module_usb_driver’
  457 | module_usb_driver(bpa10x_driver);
      | ^~~~~~~~~~~~~~~~~
In file included from ./include/linux/dma-mapping.h:6,
                 from ./include/linux/skbuff.h:34,
                 from drivers/bluetooth/bpa10x.c:31:
drivers/bluetooth/bpa10x.c:457:19: note: ‘init_module’ target declared here
  457 | module_usb_driver(bpa10x_driver);
      |                   ^~~~~~~~~~~~~
./include/linux/device.h:1351:19: note: in definition of macro ‘module_driver’
 1351 | static int __init __driver##_init(void) \
      |                   ^~~~~~~~
drivers/bluetooth/bpa10x.c:457:1: note: in expansion of macro ‘module_usb_driver’
  457 | module_usb_driver(bpa10x_driver);
      | ^~~~~~~~~~~~~~~~~
  CC [M]  drivers/bluetooth/bfusb.o
In file included from drivers/bluetooth/bfusb.c:24:
./include/linux/module.h:138:7: warning: ‘cleanup_module’ specifies less restrictive attribute than its target ‘bfusb_driver_exit’: ‘cold’ [-Wmissing-attributes]
  138 |  void cleanup_module(void) __attribute__((alias(#exitfn)));
      |       ^~~~~~~~~~~~~~
./include/linux/device.h:1360:1: note: in expansion of macro ‘module_exit’
 1360 | module_exit(__driver##_exit);
      | ^~~~~~~~~~~
./include/linux/usb.h:1195:2: note: in expansion of macro ‘module_driver’
 1195 |  module_driver(__usb_driver, usb_register, \
      |  ^~~~~~~~~~~~~
drivers/bluetooth/bfusb.c:732:1: note: in expansion of macro ‘module_usb_driver’
  732 | module_usb_driver(bfusb_driver);
      | ^~~~~~~~~~~~~~~~~
In file included from ./include/linux/dma-mapping.h:6,
                 from ./include/linux/skbuff.h:34,
                 from drivers/bluetooth/bfusb.c:31:
drivers/bluetooth/bfusb.c:732:19: note: ‘cleanup_module’ target declared here
  732 | module_usb_driver(bfusb_driver);
      |                   ^~~~~~~~~~~~
./include/linux/device.h:1356:20: note: in definition of macro ‘module_driver’
 1356 | static void __exit __driver##_exit(void) \
      |                    ^~~~~~~~
drivers/bluetooth/bfusb.c:732:1: note: in expansion of macro ‘module_usb_driver’
  732 | module_usb_driver(bfusb_driver);
      | ^~~~~~~~~~~~~~~~~
In file included from drivers/bluetooth/bfusb.c:24:
./include/linux/module.h:132:6: warning: ‘init_module’ specifies less restrictive attribute than its target ‘bfusb_driver_init’: ‘cold’ [-Wmissing-attributes]
  132 |  int init_module(void) __attribute__((alias(#initfn)));
      |      ^~~~~~~~~~~
./include/linux/device.h:1355:1: note: in expansion of macro ‘module_init’
 1355 | module_init(__driver##_init); \
      | ^~~~~~~~~~~
./include/linux/usb.h:1195:2: note: in expansion of macro ‘module_driver’
 1195 |  module_driver(__usb_driver, usb_register, \
      |  ^~~~~~~~~~~~~
drivers/bluetooth/bfusb.c:732:1: note: in expansion of macro ‘module_usb_driver’
  732 | module_usb_driver(bfusb_driver);
      | ^~~~~~~~~~~~~~~~~
In file included from ./include/linux/dma-mapping.h:6,
                 from ./include/linux/skbuff.h:34,
                 from drivers/bluetooth/bfusb.c:31:
drivers/bluetooth/bfusb.c:732:19: note: ‘init_module’ target declared here
  732 | module_usb_driver(bfusb_driver);
      |                   ^~~~~~~~~~~~
./include/linux/device.h:1351:19: note: in definition of macro ‘module_driver’
 1351 | static int __init __driver##_init(void) \
      |                   ^~~~~~~~
drivers/bluetooth/bfusb.c:732:1: note: in expansion of macro ‘module_usb_driver’
  732 | module_usb_driver(bfusb_driver);
      | ^~~~~~~~~~~~~~~~~
  CC [M]  drivers/bluetooth/btusb.o
In file included from drivers/bluetooth/btusb.c:24:
./include/linux/module.h:138:7: warning: ‘cleanup_module’ specifies less restrictive attribute than its target ‘btusb_driver_exit’: ‘cold’ [-Wmissing-attributes]
  138 |  void cleanup_module(void) __attribute__((alias(#exitfn)));
      |       ^~~~~~~~~~~~~~
./include/linux/device.h:1360:1: note: in expansion of macro ‘module_exit’
 1360 | module_exit(__driver##_exit);
      | ^~~~~~~~~~~
./include/linux/usb.h:1195:2: note: in expansion of macro ‘module_driver’
 1195 |  module_driver(__usb_driver, usb_register, \
      |  ^~~~~~~~~~~~~
drivers/bluetooth/btusb.c:3198:1: note: in expansion of macro ‘module_usb_driver’
 3198 | module_usb_driver(btusb_driver);
      | ^~~~~~~~~~~~~~~~~
In file included from ./include/linux/usb/ch9.h:35,
                 from ./include/linux/usb.h:5,
                 from drivers/bluetooth/btusb.c:25:
drivers/bluetooth/btusb.c:3198:19: note: ‘cleanup_module’ target declared here
 3198 | module_usb_driver(btusb_driver);
      |                   ^~~~~~~~~~~~
./include/linux/device.h:1356:20: note: in definition of macro ‘module_driver’
 1356 | static void __exit __driver##_exit(void) \
      |                    ^~~~~~~~
drivers/bluetooth/btusb.c:3198:1: note: in expansion of macro ‘module_usb_driver’
 3198 | module_usb_driver(btusb_driver);
      | ^~~~~~~~~~~~~~~~~
In file included from drivers/bluetooth/btusb.c:24:
./include/linux/module.h:132:6: warning: ‘init_module’ specifies less restrictive attribute than its target ‘btusb_driver_init’: ‘cold’ [-Wmissing-attributes]
  132 |  int init_module(void) __attribute__((alias(#initfn)));
      |      ^~~~~~~~~~~
./include/linux/device.h:1355:1: note: in expansion of macro ‘module_init’
 1355 | module_init(__driver##_init); \
      | ^~~~~~~~~~~
./include/linux/usb.h:1195:2: note: in expansion of macro ‘module_driver’
 1195 |  module_driver(__usb_driver, usb_register, \
      |  ^~~~~~~~~~~~~
drivers/bluetooth/btusb.c:3198:1: note: in expansion of macro ‘module_usb_driver’
 3198 | module_usb_driver(btusb_driver);
      | ^~~~~~~~~~~~~~~~~
In file included from ./include/linux/usb/ch9.h:35,
                 from ./include/linux/usb.h:5,
                 from drivers/bluetooth/btusb.c:25:
drivers/bluetooth/btusb.c:3198:19: note: ‘init_module’ target declared here
 3198 | module_usb_driver(btusb_driver);
      |                   ^~~~~~~~~~~~
./include/linux/device.h:1351:19: note: in definition of macro ‘module_driver’
 1351 | static int __init __driver##_init(void) \
      |                   ^~~~~~~~
drivers/bluetooth/btusb.c:3198:1: note: in expansion of macro ‘module_usb_driver’
 3198 | module_usb_driver(btusb_driver);
      | ^~~~~~~~~~~~~~~~~
  CC [M]  drivers/bluetooth/btintel.o
  CC [M]  drivers/bluetooth/ath3k.o
In file included from drivers/bluetooth/ath3k.c:21:
./include/linux/module.h:138:7: warning: ‘cleanup_module’ specifies less restrictive attribute than its target ‘ath3k_driver_exit’: ‘cold’ [-Wmissing-attributes]
  138 |  void cleanup_module(void) __attribute__((alias(#exitfn)));
      |       ^~~~~~~~~~~~~~
./include/linux/device.h:1360:1: note: in expansion of macro ‘module_exit’
 1360 | module_exit(__driver##_exit);
      | ^~~~~~~~~~~
./include/linux/usb.h:1195:2: note: in expansion of macro ‘module_driver’
 1195 |  module_driver(__usb_driver, usb_register, \
      |  ^~~~~~~~~~~~~
drivers/bluetooth/ath3k.c:578:1: note: in expansion of macro ‘module_usb_driver’
  578 | module_usb_driver(ath3k_driver);
      | ^~~~~~~~~~~~~~~~~
In file included from drivers/bluetooth/ath3k.c:27:
drivers/bluetooth/ath3k.c:578:19: note: ‘cleanup_module’ target declared here
  578 | module_usb_driver(ath3k_driver);
      |                   ^~~~~~~~~~~~
./include/linux/device.h:1356:20: note: in definition of macro ‘module_driver’
 1356 | static void __exit __driver##_exit(void) \
      |                    ^~~~~~~~
drivers/bluetooth/ath3k.c:578:1: note: in expansion of macro ‘module_usb_driver’
  578 | module_usb_driver(ath3k_driver);
      | ^~~~~~~~~~~~~~~~~
In file included from drivers/bluetooth/ath3k.c:21:
./include/linux/module.h:132:6: warning: ‘init_module’ specifies less restrictive attribute than its target ‘ath3k_driver_init’: ‘cold’ [-Wmissing-attributes]
  132 |  int init_module(void) __attribute__((alias(#initfn)));
      |      ^~~~~~~~~~~
./include/linux/device.h:1355:1: note: in expansion of macro ‘module_init’
 1355 | module_init(__driver##_init); \
      | ^~~~~~~~~~~
./include/linux/usb.h:1195:2: note: in expansion of macro ‘module_driver’
 1195 |  module_driver(__usb_driver, usb_register, \
      |  ^~~~~~~~~~~~~
drivers/bluetooth/ath3k.c:578:1: note: in expansion of macro ‘module_usb_driver’
  578 | module_usb_driver(ath3k_driver);
      | ^~~~~~~~~~~~~~~~~
In file included from drivers/bluetooth/ath3k.c:27:
drivers/bluetooth/ath3k.c:578:19: note: ‘init_module’ target declared here
  578 | module_usb_driver(ath3k_driver);
      |                   ^~~~~~~~~~~~
./include/linux/device.h:1351:19: note: in definition of macro ‘module_driver’
 1351 | static int __init __driver##_init(void) \
      |                   ^~~~~~~~
drivers/bluetooth/ath3k.c:578:1: note: in expansion of macro ‘module_usb_driver’
  578 | module_usb_driver(ath3k_driver);
      | ^~~~~~~~~~~~~~~~~
  CC [M]  drivers/bluetooth/btmrvl_main.o
  CC [M]  drivers/bluetooth/btmrvl_debugfs.o
  LD [M]  drivers/bluetooth/btmrvl.o
  CC [M]  drivers/bluetooth/btmrvl_sdio.o
In file included from drivers/bluetooth/btmrvl_sdio.c:26:
./include/linux/module.h:138:7: warning: ‘cleanup_module’ specifies less restrictive attribute than its target ‘btmrvl_sdio_exit_module’: ‘cold’ [-Wmissing-attributes]
  138 |  void cleanup_module(void) __attribute__((alias(#exitfn)));
      |       ^~~~~~~~~~~~~~
drivers/bluetooth/btmrvl_sdio.c:1734:1: note: in expansion of macro ‘module_exit’
 1734 | module_exit(btmrvl_sdio_exit_module);
      | ^~~~~~~~~~~
drivers/bluetooth/btmrvl_sdio.c:1725:20: note: ‘cleanup_module’ target declared here
 1725 | static void __exit btmrvl_sdio_exit_module(void)
      |                    ^~~~~~~~~~~~~~~~~~~~~~~
In file included from drivers/bluetooth/btmrvl_sdio.c:26:
./include/linux/module.h:132:6: warning: ‘init_module’ specifies less restrictive attribute than its target ‘btmrvl_sdio_init_module’: ‘cold’ [-Wmissing-attributes]
  132 |  int init_module(void) __attribute__((alias(#initfn)));
      |      ^~~~~~~~~~~
drivers/bluetooth/btmrvl_sdio.c:1733:1: note: in expansion of macro ‘module_init’
 1733 | module_init(btmrvl_sdio_init_module);
      | ^~~~~~~~~~~
drivers/bluetooth/btmrvl_sdio.c:1712:19: note: ‘init_module’ target declared here
 1712 | static int __init btmrvl_sdio_init_module(void)
      |                   ^~~~~~~~~~~~~~~~~~~~~~~
  CC [M]  drivers/bluetooth/btwilink.o
In file included from ./include/linux/phy.h:24,
                 from ./include/net/dsa.h:19,
                 from ./include/linux/netdevice.h:44,
                 from ./include/net/sock.h:51,
                 from ./include/net/bluetooth/bluetooth.h:29,
                 from drivers/bluetooth/btwilink.c:27:
./include/linux/module.h:132:6: warning: ‘init_module’ specifies less restrictive attribute than its target ‘btwilink_driver_init’: ‘cold’ [-Wmissing-attributes]
  132 |  int init_module(void) __attribute__((alias(#initfn)));
      |      ^~~~~~~~~~~
./include/linux/device.h:1355:1: note: in expansion of macro ‘module_init’
 1355 | module_init(__driver##_init); \
      | ^~~~~~~~~~~
./include/linux/platform_device.h:228:2: note: in expansion of macro ‘module_driver’
  228 |  module_driver(__platform_driver, platform_driver_register, \
      |  ^~~~~~~~~~~~~
drivers/bluetooth/btwilink.c:344:1: note: in expansion of macro ‘module_platform_driver’
  344 | module_platform_driver(btwilink_driver);
      | ^~~~~~~~~~~~~~~~~~~~~~
In file included from ./include/linux/platform_device.h:14,
                 from drivers/bluetooth/btwilink.c:26:
drivers/bluetooth/btwilink.c:344:24: note: ‘init_module’ target declared here
  344 | module_platform_driver(btwilink_driver);
      |                        ^~~~~~~~~~~~~~~
./include/linux/device.h:1351:19: note: in definition of macro ‘module_driver’
 1351 | static int __init __driver##_init(void) \
      |                   ^~~~~~~~
drivers/bluetooth/btwilink.c:344:1: note: in expansion of macro ‘module_platform_driver’
  344 | module_platform_driver(btwilink_driver);
      | ^~~~~~~~~~~~~~~~~~~~~~
In file included from ./include/linux/phy.h:24,
                 from ./include/net/dsa.h:19,
                 from ./include/linux/netdevice.h:44,
                 from ./include/net/sock.h:51,
                 from ./include/net/bluetooth/bluetooth.h:29,
                 from drivers/bluetooth/btwilink.c:27:
./include/linux/module.h:138:7: warning: ‘cleanup_module’ specifies less restrictive attribute than its target ‘btwilink_driver_exit’: ‘cold’ [-Wmissing-attributes]
  138 |  void cleanup_module(void) __attribute__((alias(#exitfn)));
      |       ^~~~~~~~~~~~~~
./include/linux/device.h:1360:1: note: in expansion of macro ‘module_exit’
 1360 | module_exit(__driver##_exit);
      | ^~~~~~~~~~~
./include/linux/platform_device.h:228:2: note: in expansion of macro ‘module_driver’
  228 |  module_driver(__platform_driver, platform_driver_register, \
      |  ^~~~~~~~~~~~~
drivers/bluetooth/btwilink.c:344:1: note: in expansion of macro ‘module_platform_driver’
  344 | module_platform_driver(btwilink_driver);
      | ^~~~~~~~~~~~~~~~~~~~~~
In file included from ./include/linux/platform_device.h:14,
                 from drivers/bluetooth/btwilink.c:26:
drivers/bluetooth/btwilink.c:344:24: note: ‘cleanup_module’ target declared here
  344 | module_platform_driver(btwilink_driver);
      |                        ^~~~~~~~~~~~~~~
./include/linux/device.h:1356:20: note: in definition of macro ‘module_driver’
 1356 | static void __exit __driver##_exit(void) \
      |                    ^~~~~~~~
drivers/bluetooth/btwilink.c:344:1: note: in expansion of macro ‘module_platform_driver’
  344 | module_platform_driver(btwilink_driver);
      | ^~~~~~~~~~~~~~~~~~~~~~
  CC [M]  drivers/bluetooth/btbcm.o
  CC [M]  drivers/bluetooth/btrtl.o
  LD      drivers/bus/built-in.o
  LD      drivers/cdrom/built-in.o
  CC [M]  drivers/cdrom/cdrom.o
In file included from drivers/cdrom/cdrom.c:268:
./include/linux/module.h:132:6: warning: ‘init_module’ specifies less restrictive attribute than its target ‘cdrom_init’: ‘cold’ [-Wmissing-attributes]
  132 |  int init_module(void) __attribute__((alias(#initfn)));
      |      ^~~~~~~~~~~
drivers/cdrom/cdrom.c:3737:1: note: in expansion of macro ‘module_init’
 3737 | module_init(cdrom_init);
      | ^~~~~~~~~~~
drivers/cdrom/cdrom.c:3724:19: note: ‘init_module’ target declared here
 3724 | static int __init cdrom_init(void)
      |                   ^~~~~~~~~~
In file included from drivers/cdrom/cdrom.c:268:
./include/linux/module.h:138:7: warning: ‘cleanup_module’ specifies less restrictive attribute than its target ‘cdrom_exit’: ‘cold’ [-Wmissing-attributes]
  138 |  void cleanup_module(void) __attribute__((alias(#exitfn)));
      |       ^~~~~~~~~~~~~~
drivers/cdrom/cdrom.c:3738:1: note: in expansion of macro ‘module_exit’
 3738 | module_exit(cdrom_exit);
      | ^~~~~~~~~~~
drivers/cdrom/cdrom.c:3731:20: note: ‘cleanup_module’ target declared here
 3731 | static void __exit cdrom_exit(void)
      |                    ^~~~~~~~~~
  CC      drivers/char/mem.o
  CC      drivers/char/random.o
In file included from drivers/char/random.c:262:
./include/linux/syscalls.h:195:18: warning: ‘sys_getrandom’ alias between functions of incompatible types ‘long int(char *, size_t,  unsigned int)’ {aka ‘long int(char *, unsigned int,  unsigned int)’} and ‘long int(long int,  long int,  long int)’ [-Wattribute-alias=]
  195 |  asmlinkage long sys##name(__MAP(x,__SC_DECL,__VA_ARGS__)) \
      |                  ^~~
./include/linux/syscalls.h:191:2: note: in expansion of macro ‘__SYSCALL_DEFINEx’
  191 |  __SYSCALL_DEFINEx(x, sname, __VA_ARGS__)
      |  ^~~~~~~~~~~~~~~~~
./include/linux/syscalls.h:184:36: note: in expansion of macro ‘SYSCALL_DEFINEx’
  184 | #define SYSCALL_DEFINE3(name, ...) SYSCALL_DEFINEx(3, _##name, __VA_ARGS__)
      |                                    ^~~~~~~~~~~~~~~
drivers/char/random.c:1880:1: note: in expansion of macro ‘SYSCALL_DEFINE3’
 1880 | SYSCALL_DEFINE3(getrandom, char __user *, buf, size_t, count,
      | ^~~~~~~~~~~~~~~
./include/linux/syscalls.h:199:18: note: aliased declaration here
  199 |  asmlinkage long SyS##name(__MAP(x,__SC_LONG,__VA_ARGS__)) \
      |                  ^~~
./include/linux/syscalls.h:191:2: note: in expansion of macro ‘__SYSCALL_DEFINEx’
  191 |  __SYSCALL_DEFINEx(x, sname, __VA_ARGS__)
      |  ^~~~~~~~~~~~~~~~~
./include/linux/syscalls.h:184:36: note: in expansion of macro ‘SYSCALL_DEFINEx’
  184 | #define SYSCALL_DEFINE3(name, ...) SYSCALL_DEFINEx(3, _##name, __VA_ARGS__)
      |                                    ^~~~~~~~~~~~~~~
drivers/char/random.c:1880:1: note: in expansion of macro ‘SYSCALL_DEFINE3’
 1880 | SYSCALL_DEFINE3(getrandom, char __user *, buf, size_t, count,
      | ^~~~~~~~~~~~~~~
  CC      drivers/char/ttyprintk.o
  CC      drivers/char/misc.o
  CC      drivers/char/raw.o
  LD      drivers/char/agp/built-in.o
  CC      drivers/char/broadcom/vc_mem.o
  CC      drivers/char/broadcom/vcio.o
  CC      drivers/char/broadcom/vc_sm/vmcs_sm.o
  CC      drivers/char/broadcom/vc_sm/vc_vchi_sm.o
  LD      drivers/char/broadcom/vc_sm/vc-sm.o
  LD      drivers/char/broadcom/vc_sm/built-in.o
  LD      drivers/char/broadcom/built-in.o
  CC [M]  drivers/char/broadcom/bcm2835-gpiomem.o
In file included from drivers/char/broadcom/bcm2835-gpiomem.c:43:
./include/linux/module.h:138:7: warning: ‘cleanup_module’ specifies less restrictive attribute than its target ‘bcm2835_gpiomem_driver_exit’: ‘cold’ [-Wmissing-attributes]
  138 |  void cleanup_module(void) __attribute__((alias(#exitfn)));
      |       ^~~~~~~~~~~~~~
./include/linux/device.h:1360:1: note: in expansion of macro ‘module_exit’
 1360 | module_exit(__driver##_exit);
      | ^~~~~~~~~~~
./include/linux/platform_device.h:228:2: note: in expansion of macro ‘module_driver’
  228 |  module_driver(__platform_driver, platform_driver_register, \
      |  ^~~~~~~~~~~~~
drivers/char/broadcom/bcm2835-gpiomem.c:253:1: note: in expansion of macro ‘module_platform_driver’
  253 | module_platform_driver(bcm2835_gpiomem_driver);
      | ^~~~~~~~~~~~~~~~~~~~~~
In file included from ./include/linux/platform_device.h:14,
                 from drivers/char/broadcom/bcm2835-gpiomem.c:45:
drivers/char/broadcom/bcm2835-gpiomem.c:253:24: note: ‘cleanup_module’ target declared here
  253 | module_platform_driver(bcm2835_gpiomem_driver);
      |                        ^~~~~~~~~~~~~~~~~~~~~~
./include/linux/device.h:1356:20: note: in definition of macro ‘module_driver’
 1356 | static void __exit __driver##_exit(void) \
      |                    ^~~~~~~~
drivers/char/broadcom/bcm2835-gpiomem.c:253:1: note: in expansion of macro ‘module_platform_driver’
  253 | module_platform_driver(bcm2835_gpiomem_driver);
      | ^~~~~~~~~~~~~~~~~~~~~~
In file included from drivers/char/broadcom/bcm2835-gpiomem.c:43:
./include/linux/module.h:132:6: warning: ‘init_module’ specifies less restrictive attribute than its target ‘bcm2835_gpiomem_driver_init’: ‘cold’ [-Wmissing-attributes]
  132 |  int init_module(void) __attribute__((alias(#initfn)));
      |      ^~~~~~~~~~~
./include/linux/device.h:1355:1: note: in expansion of macro ‘module_init’
 1355 | module_init(__driver##_init); \
      | ^~~~~~~~~~~
./include/linux/platform_device.h:228:2: note: in expansion of macro ‘module_driver’
  228 |  module_driver(__platform_driver, platform_driver_register, \
      |  ^~~~~~~~~~~~~
drivers/char/broadcom/bcm2835-gpiomem.c:253:1: note: in expansion of macro ‘module_platform_driver’
  253 | module_platform_driver(bcm2835_gpiomem_driver);
      | ^~~~~~~~~~~~~~~~~~~~~~
In file included from ./include/linux/platform_device.h:14,
                 from drivers/char/broadcom/bcm2835-gpiomem.c:45:
drivers/char/broadcom/bcm2835-gpiomem.c:253:24: note: ‘init_module’ target declared here
  253 | module_platform_driver(bcm2835_gpiomem_driver);
      |                        ^~~~~~~~~~~~~~~~~~~~~~
./include/linux/device.h:1351:19: note: in definition of macro ‘module_driver’
 1351 | static int __init __driver##_init(void) \
      |                   ^~~~~~~~
drivers/char/broadcom/bcm2835-gpiomem.c:253:1: note: in expansion of macro ‘module_platform_driver’
  253 | module_platform_driver(bcm2835_gpiomem_driver);
      | ^~~~~~~~~~~~~~~~~~~~~~
  CC [M]  drivers/char/broadcom/bcm2835_smi_dev.o
In file included from drivers/char/broadcom/bcm2835_smi_dev.c:38:
./include/linux/module.h:138:7: warning: ‘cleanup_module’ specifies less restrictive attribute than its target ‘bcm2835_smi_dev_driver_exit’: ‘cold’ [-Wmissing-attributes]
  138 |  void cleanup_module(void) __attribute__((alias(#exitfn)));
      |       ^~~~~~~~~~~~~~
./include/linux/device.h:1360:1: note: in expansion of macro ‘module_exit’
 1360 | module_exit(__driver##_exit);
      | ^~~~~~~~~~~
./include/linux/platform_device.h:228:2: note: in expansion of macro ‘module_driver’
  228 |  module_driver(__platform_driver, platform_driver_register, \
      |  ^~~~~~~~~~~~~
drivers/char/broadcom/bcm2835_smi_dev.c:396:1: note: in expansion of macro ‘module_platform_driver’
  396 | module_platform_driver(bcm2835_smi_dev_driver);
      | ^~~~~~~~~~~~~~~~~~~~~~
In file included from ./include/linux/platform_device.h:14,
                 from drivers/char/broadcom/bcm2835_smi_dev.c:40:
drivers/char/broadcom/bcm2835_smi_dev.c:396:24: note: ‘cleanup_module’ target declared here
  396 | module_platform_driver(bcm2835_smi_dev_driver);
      |                        ^~~~~~~~~~~~~~~~~~~~~~
./include/linux/device.h:1356:20: note: in definition of macro ‘module_driver’
 1356 | static void __exit __driver##_exit(void) \
      |                    ^~~~~~~~
drivers/char/broadcom/bcm2835_smi_dev.c:396:1: note: in expansion of macro ‘module_platform_driver’
  396 | module_platform_driver(bcm2835_smi_dev_driver);
      | ^~~~~~~~~~~~~~~~~~~~~~
In file included from drivers/char/broadcom/bcm2835_smi_dev.c:38:
./include/linux/module.h:132:6: warning: ‘init_module’ specifies less restrictive attribute than its target ‘bcm2835_smi_dev_driver_init’: ‘cold’ [-Wmissing-attributes]
  132 |  int init_module(void) __attribute__((alias(#initfn)));
      |      ^~~~~~~~~~~
./include/linux/device.h:1355:1: note: in expansion of macro ‘module_init’
 1355 | module_init(__driver##_init); \
      | ^~~~~~~~~~~
./include/linux/platform_device.h:228:2: note: in expansion of macro ‘module_driver’
  228 |  module_driver(__platform_driver, platform_driver_register, \
      |  ^~~~~~~~~~~~~
drivers/char/broadcom/bcm2835_smi_dev.c:396:1: note: in expansion of macro ‘module_platform_driver’
  396 | module_platform_driver(bcm2835_smi_dev_driver);
      | ^~~~~~~~~~~~~~~~~~~~~~
In file included from ./include/linux/platform_device.h:14,
                 from drivers/char/broadcom/bcm2835_smi_dev.c:40:
drivers/char/broadcom/bcm2835_smi_dev.c:396:24: note: ‘init_module’ target declared here
  396 | module_platform_driver(bcm2835_smi_dev_driver);
      |                        ^~~~~~~~~~~~~~~~~~~~~~
./include/linux/device.h:1351:19: note: in definition of macro ‘module_driver’
 1351 | static int __init __driver##_init(void) \
      |                   ^~~~~~~~
drivers/char/broadcom/bcm2835_smi_dev.c:396:1: note: in expansion of macro ‘module_platform_driver’
  396 | module_platform_driver(bcm2835_smi_dev_driver);
      | ^~~~~~~~~~~~~~~~~~~~~~
  CC      drivers/char/hw_random/core.o
  LD      drivers/char/hw_random/rng-core.o
  CC      drivers/char/hw_random/bcm2835-rng.o
  LD      drivers/char/hw_random/built-in.o
  LD      drivers/char/built-in.o
  LD      drivers/char/ipmi/built-in.o
  CC      drivers/clk/clk-devres.o
  CC      drivers/clk/clkdev.o
  CC      drivers/clk/clk.o
  CC      drivers/clk/clk-divider.o
  CC      drivers/clk/clk-fixed-factor.o
  CC      drivers/clk/clk-fixed-rate.o
  CC      drivers/clk/clk-gate.o
  CC      drivers/clk/clk-multiplier.o
  CC      drivers/clk/clk-mux.o
  CC      drivers/clk/clk-composite.o
  CC      drivers/clk/clk-fractional-divider.o
  CC      drivers/clk/clk-gpio.o
  CC      drivers/clk/clk-conf.o
  CC      drivers/clk/bcm/clk-bcm2835.o
  CC      drivers/clk/bcm/clk-bcm2835-aux.o
  LD      drivers/clk/bcm/built-in.o
  LD      drivers/clk/mvebu/built-in.o
  LD      drivers/clk/ti/built-in.o
  LD      drivers/clk/built-in.o
  CC [M]  drivers/clk/clk-allo-dac.o
In file included from drivers/clk/clk-allo-dac.c:21:
./include/linux/module.h:138:7: warning: ‘cleanup_module’ specifies less restrictive attribute than its target ‘clk_allo_dac_exit’: ‘cold’ [-Wmissing-attributes]
  138 |  void cleanup_module(void) __attribute__((alias(#exitfn)));
      |       ^~~~~~~~~~~~~~
drivers/clk/clk-allo-dac.c:157:1: note: in expansion of macro ‘module_exit’
  157 | module_exit(clk_allo_dac_exit);
      | ^~~~~~~~~~~
drivers/clk/clk-allo-dac.c:153:20: note: ‘cleanup_module’ target declared here
  153 | static void __exit clk_allo_dac_exit(void)
      |                    ^~~~~~~~~~~~~~~~~
In file included from drivers/clk/clk-allo-dac.c:21:
./include/linux/module.h:132:6: warning: ‘init_module’ specifies less restrictive attribute than its target ‘clk_allo_dac_init’: ‘cold’ [-Wmissing-attributes]
  132 |  int init_module(void) __attribute__((alias(#initfn)));
      |      ^~~~~~~~~~~
./include/linux/module.h:110:28: note: in expansion of macro ‘module_init’
  110 | #define core_initcall(fn)  module_init(fn)
      |                            ^~~~~~~~~~~
drivers/clk/clk-allo-dac.c:151:1: note: in expansion of macro ‘core_initcall’
  151 | core_initcall(clk_allo_dac_init);
      | ^~~~~~~~~~~~~
drivers/clk/clk-allo-dac.c:147:19: note: ‘init_module’ target declared here
  147 | static int __init clk_allo_dac_init(void)
      |                   ^~~~~~~~~~~~~~~~~
  CC [M]  drivers/clk/clk-hifiberry-dacpro.o
In file included from drivers/clk/clk-hifiberry-dacpro.c:20:
./include/linux/module.h:138:7: warning: ‘cleanup_module’ specifies less restrictive attribute than its target ‘clk_hifiberry_dacpro_exit’: ‘cold’ [-Wmissing-attributes]
  138 |  void cleanup_module(void) __attribute__((alias(#exitfn)));
      |       ^~~~~~~~~~~~~~
drivers/clk/clk-hifiberry-dacpro.c:156:1: note: in expansion of macro ‘module_exit’
  156 | module_exit(clk_hifiberry_dacpro_exit);
      | ^~~~~~~~~~~
drivers/clk/clk-hifiberry-dacpro.c:152:20: note: ‘cleanup_module’ target declared here
  152 | static void __exit clk_hifiberry_dacpro_exit(void)
      |                    ^~~~~~~~~~~~~~~~~~~~~~~~~
In file included from drivers/clk/clk-hifiberry-dacpro.c:20:
./include/linux/module.h:132:6: warning: ‘init_module’ specifies less restrictive attribute than its target ‘clk_hifiberry_dacpro_init’: ‘cold’ [-Wmissing-attributes]
  132 |  int init_module(void) __attribute__((alias(#initfn)));
      |      ^~~~~~~~~~~
./include/linux/module.h:110:28: note: in expansion of macro ‘module_init’
  110 | #define core_initcall(fn)  module_init(fn)
      |                            ^~~~~~~~~~~
drivers/clk/clk-hifiberry-dacpro.c:150:1: note: in expansion of macro ‘core_initcall’
  150 | core_initcall(clk_hifiberry_dacpro_init);
      | ^~~~~~~~~~~~~
drivers/clk/clk-hifiberry-dacpro.c:146:19: note: ‘init_module’ target declared here
  146 | static int __init clk_hifiberry_dacpro_init(void)
      |                   ^~~~~~~~~~~~~~~~~~~~~~~~~
  CC      drivers/clocksource/clksrc-probe.o
  CC      drivers/clocksource/mmio.o
  CC      drivers/clocksource/bcm2835_timer.o
  CC      drivers/clocksource/arm_arch_timer.o
  CC      drivers/clocksource/timer-sp804.o
  CC      drivers/clocksource/dummy_timer.o
  LD      drivers/clocksource/built-in.o
  LD      drivers/connector/built-in.o
  CC [M]  drivers/connector/cn_queue.o
  CC [M]  drivers/connector/connector.o
  LD [M]  drivers/connector/cn.o
  CC      drivers/cpufreq/cpufreq.o
  CC      drivers/cpufreq/freq_table.o
  CC      drivers/cpufreq/cpufreq_stats.o
  CC      drivers/cpufreq/cpufreq_performance.o
  CC      drivers/cpufreq/cpufreq_powersave.o
  CC      drivers/cpufreq/cpufreq_userspace.o
  CC      drivers/cpufreq/cpufreq_ondemand.o
  CC      drivers/cpufreq/cpufreq_conservative.o
  CC      drivers/cpufreq/cpufreq_governor.o
  CC      drivers/cpufreq/cpufreq_governor_attr_set.o
  CC      drivers/cpufreq/bcm2835-cpufreq.o
  LD      drivers/cpufreq/built-in.o
  LD      drivers/crypto/built-in.o
  CC      drivers/dma/dmaengine.o
  CC      drivers/dma/virt-dma.o
  CC      drivers/dma/of-dma.o
  CC      drivers/dma/bcm2708-dmaengine.o
  CC      drivers/dma/bcm2835-dma.o
  LD      drivers/dma/qcom/built-in.o
  LD      drivers/dma/xilinx/built-in.o
  LD      drivers/dma/built-in.o
  CC      drivers/dma-buf/dma-buf.o
  CC      drivers/dma-buf/fence.o
  CC      drivers/dma-buf/reservation.o
  CC      drivers/dma-buf/seqno-fence.o
  CC      drivers/dma-buf/fence-array.o
  LD      drivers/dma-buf/built-in.o
  LD      drivers/extcon/built-in.o
  CC [M]  drivers/extcon/extcon.o
In file included from drivers/extcon/extcon.c:27:
./include/linux/module.h:132:6: warning: ‘init_module’ specifies less restrictive attribute than its target ‘extcon_class_init’: ‘cold’ [-Wmissing-attributes]
  132 |  int init_module(void) __attribute__((alias(#initfn)));
      |      ^~~~~~~~~~~
drivers/extcon/extcon.c:1351:1: note: in expansion of macro ‘module_init’
 1351 | module_init(extcon_class_init);
      | ^~~~~~~~~~~
drivers/extcon/extcon.c:1347:19: note: ‘init_module’ target declared here
 1347 | static int __init extcon_class_init(void)
      |                   ^~~~~~~~~~~~~~~~~
In file included from drivers/extcon/extcon.c:27:
./include/linux/module.h:138:7: warning: ‘cleanup_module’ specifies less restrictive attribute than its target ‘extcon_class_exit’: ‘cold’ [-Wmissing-attributes]
  138 |  void cleanup_module(void) __attribute__((alias(#exitfn)));
      |       ^~~~~~~~~~~~~~
drivers/extcon/extcon.c:1360:1: note: in expansion of macro ‘module_exit’
 1360 | module_exit(extcon_class_exit);
      | ^~~~~~~~~~~
drivers/extcon/extcon.c:1353:20: note: ‘cleanup_module’ target declared here
 1353 | static void __exit extcon_class_exit(void)
      |                    ^~~~~~~~~~~~~~~~~
  CC [M]  drivers/extcon/devres.o
  LD [M]  drivers/extcon/extcon-core.o
  CC [M]  drivers/extcon/extcon-arizona.o
In file included from drivers/extcon/extcon-arizona.c:18:
./include/linux/module.h:132:6: warning: ‘init_module’ specifies less restrictive attribute than its target ‘arizona_extcon_driver_init’: ‘cold’ [-Wmissing-attributes]
  132 |  int init_module(void) __attribute__((alias(#initfn)));
      |      ^~~~~~~~~~~
./include/linux/device.h:1355:1: note: in expansion of macro ‘module_init’
 1355 | module_init(__driver##_init); \
      | ^~~~~~~~~~~
./include/linux/platform_device.h:228:2: note: in expansion of macro ‘module_driver’
  228 |  module_driver(__platform_driver, platform_driver_register, \
      |  ^~~~~~~~~~~~~
drivers/extcon/extcon-arizona.c:1726:1: note: in expansion of macro ‘module_platform_driver’
 1726 | module_platform_driver(arizona_extcon_driver);
      | ^~~~~~~~~~~~~~~~~~~~~~
In file included from ./include/linux/i2c.h:30,
                 from drivers/extcon/extcon-arizona.c:19:
drivers/extcon/extcon-arizona.c:1726:24: note: ‘init_module’ target declared here
 1726 | module_platform_driver(arizona_extcon_driver);
      |                        ^~~~~~~~~~~~~~~~~~~~~
./include/linux/device.h:1351:19: note: in definition of macro ‘module_driver’
 1351 | static int __init __driver##_init(void) \
      |                   ^~~~~~~~
drivers/extcon/extcon-arizona.c:1726:1: note: in expansion of macro ‘module_platform_driver’
 1726 | module_platform_driver(arizona_extcon_driver);
      | ^~~~~~~~~~~~~~~~~~~~~~
In file included from drivers/extcon/extcon-arizona.c:18:
./include/linux/module.h:138:7: warning: ‘cleanup_module’ specifies less restrictive attribute than its target ‘arizona_extcon_driver_exit’: ‘cold’ [-Wmissing-attributes]
  138 |  void cleanup_module(void) __attribute__((alias(#exitfn)));
      |       ^~~~~~~~~~~~~~
./include/linux/device.h:1360:1: note: in expansion of macro ‘module_exit’
 1360 | module_exit(__driver##_exit);
      | ^~~~~~~~~~~
./include/linux/platform_device.h:228:2: note: in expansion of macro ‘module_driver’
  228 |  module_driver(__platform_driver, platform_driver_register, \
      |  ^~~~~~~~~~~~~
drivers/extcon/extcon-arizona.c:1726:1: note: in expansion of macro ‘module_platform_driver’
 1726 | module_platform_driver(arizona_extcon_driver);
      | ^~~~~~~~~~~~~~~~~~~~~~
In file included from ./include/linux/i2c.h:30,
                 from drivers/extcon/extcon-arizona.c:19:
drivers/extcon/extcon-arizona.c:1726:24: note: ‘cleanup_module’ target declared here
 1726 | module_platform_driver(arizona_extcon_driver);
      |                        ^~~~~~~~~~~~~~~~~~~~~
./include/linux/device.h:1356:20: note: in definition of macro ‘module_driver’
 1356 | static void __exit __driver##_exit(void) \
      |                    ^~~~~~~~
drivers/extcon/extcon-arizona.c:1726:1: note: in expansion of macro ‘module_platform_driver’
 1726 | module_platform_driver(arizona_extcon_driver);
      | ^~~~~~~~~~~~~~~~~~~~~~
  LD      drivers/firewire/built-in.o
  CC      drivers/firmware/raspberrypi.o
  LD      drivers/firmware/broadcom/built-in.o
  LD      drivers/firmware/meson/built-in.o
  LD      drivers/firmware/built-in.o
  CC      drivers/gpio/devres.o
  CC      drivers/gpio/gpiolib.o
  CC      drivers/gpio/gpiolib-legacy.o
  CC      drivers/gpio/gpiolib-of.o
  CC      drivers/gpio/gpiolib-sysfs.o
  CC      drivers/gpio/gpio-bcm-exp.o
  CC      drivers/gpio/gpio-bcm-virt.o
  CC      drivers/gpio/gpio-stmpe.o
  LD      drivers/gpio/built-in.o
  CC [M]  drivers/gpio/gpio-arizona.o
In file included from drivers/gpio/gpio-arizona.c:17:
./include/linux/module.h:132:6: warning: ‘init_module’ specifies less restrictive attribute than its target ‘arizona_gpio_driver_init’: ‘cold’ [-Wmissing-attributes]
  132 |  int init_module(void) __attribute__((alias(#initfn)));
      |      ^~~~~~~~~~~
./include/linux/device.h:1355:1: note: in expansion of macro ‘module_init’
 1355 | module_init(__driver##_init); \
      | ^~~~~~~~~~~
./include/linux/platform_device.h:228:2: note: in expansion of macro ‘module_driver’
  228 |  module_driver(__platform_driver, platform_driver_register, \
      |  ^~~~~~~~~~~~~
drivers/gpio/gpio-arizona.c:156:1: note: in expansion of macro ‘module_platform_driver’
  156 | module_platform_driver(arizona_gpio_driver);
      | ^~~~~~~~~~~~~~~~~~~~~~
In file included from ./include/linux/gpio/driver.h:4,
                 from ./include/asm-generic/gpio.h:12,
                 from ./arch/arm/include/asm/gpio.h:9,
                 from ./include/linux/gpio.h:48,
                 from drivers/gpio/gpio-arizona.c:18:
drivers/gpio/gpio-arizona.c:156:24: note: ‘init_module’ target declared here
  156 | module_platform_driver(arizona_gpio_driver);
      |                        ^~~~~~~~~~~~~~~~~~~
./include/linux/device.h:1351:19: note: in definition of macro ‘module_driver’
 1351 | static int __init __driver##_init(void) \
      |                   ^~~~~~~~
drivers/gpio/gpio-arizona.c:156:1: note: in expansion of macro ‘module_platform_driver’
  156 | module_platform_driver(arizona_gpio_driver);
      | ^~~~~~~~~~~~~~~~~~~~~~
In file included from drivers/gpio/gpio-arizona.c:17:
./include/linux/module.h:138:7: warning: ‘cleanup_module’ specifies less restrictive attribute than its target ‘arizona_gpio_driver_exit’: ‘cold’ [-Wmissing-attributes]
  138 |  void cleanup_module(void) __attribute__((alias(#exitfn)));
      |       ^~~~~~~~~~~~~~
./include/linux/device.h:1360:1: note: in expansion of macro ‘module_exit’
 1360 | module_exit(__driver##_exit);
      | ^~~~~~~~~~~
./include/linux/platform_device.h:228:2: note: in expansion of macro ‘module_driver’
  228 |  module_driver(__platform_driver, platform_driver_register, \
      |  ^~~~~~~~~~~~~
drivers/gpio/gpio-arizona.c:156:1: note: in expansion of macro ‘module_platform_driver’
  156 | module_platform_driver(arizona_gpio_driver);
      | ^~~~~~~~~~~~~~~~~~~~~~
In file included from ./include/linux/gpio/driver.h:4,
                 from ./include/asm-generic/gpio.h:12,
                 from ./arch/arm/include/asm/gpio.h:9,
                 from ./include/linux/gpio.h:48,
                 from drivers/gpio/gpio-arizona.c:18:
drivers/gpio/gpio-arizona.c:156:24: note: ‘cleanup_module’ target declared here
  156 | module_platform_driver(arizona_gpio_driver);
      |                        ^~~~~~~~~~~~~~~~~~~
./include/linux/device.h:1356:20: note: in definition of macro ‘module_driver’
 1356 | static void __exit __driver##_exit(void) \
      |                    ^~~~~~~~
drivers/gpio/gpio-arizona.c:156:1: note: in expansion of macro ‘module_platform_driver’
  156 | module_platform_driver(arizona_gpio_driver);
      | ^~~~~~~~~~~~~~~~~~~~~~
  CC [M]  drivers/gpio/gpio-mcp23s08.o
In file included from drivers/gpio/gpio-mcp23s08.c:16:
./include/linux/module.h:138:7: warning: ‘cleanup_module’ specifies less restrictive attribute than its target ‘mcp23s08_exit’: ‘cold’ [-Wmissing-attributes]
  138 |  void cleanup_module(void) __attribute__((alias(#exitfn)));
      |       ^~~~~~~~~~~~~~
drivers/gpio/gpio-mcp23s08.c:1051:1: note: in expansion of macro ‘module_exit’
 1051 | module_exit(mcp23s08_exit);
      | ^~~~~~~~~~~
drivers/gpio/gpio-mcp23s08.c:1046:20: note: ‘cleanup_module’ target declared here
 1046 | static void __exit mcp23s08_exit(void)
      |                    ^~~~~~~~~~~~~
In file included from drivers/gpio/gpio-mcp23s08.c:16:
./include/linux/module.h:132:6: warning: ‘init_module’ specifies less restrictive attribute than its target ‘mcp23s08_init’: ‘cold’ [-Wmissing-attributes]
  132 |  int init_module(void) __attribute__((alias(#initfn)));
      |      ^~~~~~~~~~~
./include/linux/module.h:115:30: note: in expansion of macro ‘module_init’
  115 | #define subsys_initcall(fn)  module_init(fn)
      |                              ^~~~~~~~~~~
drivers/gpio/gpio-mcp23s08.c:1044:1: note: in expansion of macro ‘subsys_initcall’
 1044 | subsys_initcall(mcp23s08_init);
      | ^~~~~~~~~~~~~~~
drivers/gpio/gpio-mcp23s08.c:1022:19: note: ‘init_module’ target declared here
 1022 | static int __init mcp23s08_init(void)
      |                   ^~~~~~~~~~~~~
  CC [M]  drivers/gpio/gpio-pcf857x.o
In file included from drivers/gpio/gpio-pcf857x.c:28:
./include/linux/module.h:138:7: warning: ‘cleanup_module’ specifies less restrictive attribute than its target ‘pcf857x_exit’: ‘cold’ [-Wmissing-attributes]
  138 |  void cleanup_module(void) __attribute__((alias(#exitfn)));
      |       ^~~~~~~~~~~~~~
drivers/gpio/gpio-pcf857x.c:475:1: note: in expansion of macro ‘module_exit’
  475 | module_exit(pcf857x_exit);
      | ^~~~~~~~~~~
drivers/gpio/gpio-pcf857x.c:471:20: note: ‘cleanup_module’ target declared here
  471 | static void __exit pcf857x_exit(void)
      |                    ^~~~~~~~~~~~
In file included from drivers/gpio/gpio-pcf857x.c:28:
./include/linux/module.h:132:6: warning: ‘init_module’ specifies less restrictive attribute than its target ‘pcf857x_init’: ‘cold’ [-Wmissing-attributes]
  132 |  int init_module(void) __attribute__((alias(#initfn)));
      |      ^~~~~~~~~~~
./include/linux/module.h:115:30: note: in expansion of macro ‘module_init’
  115 | #define subsys_initcall(fn)  module_init(fn)
      |                              ^~~~~~~~~~~
drivers/gpio/gpio-pcf857x.c:469:1: note: in expansion of macro ‘subsys_initcall’
  469 | subsys_initcall(pcf857x_init);
      | ^~~~~~~~~~~~~~~
drivers/gpio/gpio-pcf857x.c:462:19: note: ‘init_module’ target declared here
  462 | static int __init pcf857x_init(void)
      |                   ^~~~~~~~~~~~
  CC      drivers/gpu/drm/drm_mipi_dsi.o
  LD      drivers/gpu/drm/bridge/built-in.o
  LD      drivers/gpu/drm/hisilicon/built-in.o
  LD      drivers/gpu/drm/i2c/built-in.o
  LD      drivers/gpu/drm/omapdrm/displays/built-in.o
  LD      drivers/gpu/drm/omapdrm/dss/built-in.o
  LD      drivers/gpu/drm/omapdrm/built-in.o
  LD      drivers/gpu/drm/panel/built-in.o
  CC [M]  drivers/gpu/drm/panel/panel-simple.o
In file included from drivers/gpu/drm/panel/panel-simple.c:26:
./include/linux/module.h:138:7: warning: ‘cleanup_module’ specifies less restrictive attribute than its target ‘panel_simple_exit’: ‘cold’ [-Wmissing-attributes]
  138 |  void cleanup_module(void) __attribute__((alias(#exitfn)));
      |       ^~~~~~~~~~~~~~
drivers/gpu/drm/panel/panel-simple.c:2001:1: note: in expansion of macro ‘module_exit’
 2001 | module_exit(panel_simple_exit);
      | ^~~~~~~~~~~
drivers/gpu/drm/panel/panel-simple.c:1994:20: note: ‘cleanup_module’ target declared here
 1994 | static void __exit panel_simple_exit(void)
      |                    ^~~~~~~~~~~~~~~~~
In file included from drivers/gpu/drm/panel/panel-simple.c:26:
./include/linux/module.h:132:6: warning: ‘init_module’ specifies less restrictive attribute than its target ‘panel_simple_init’: ‘cold’ [-Wmissing-attributes]
  132 |  int init_module(void) __attribute__((alias(#initfn)));
      |      ^~~~~~~~~~~
drivers/gpu/drm/panel/panel-simple.c:1992:1: note: in expansion of macro ‘module_init’
 1992 | module_init(panel_simple_init);
      | ^~~~~~~~~~~
drivers/gpu/drm/panel/panel-simple.c:1976:19: note: ‘init_module’ target declared here
 1976 | static int __init panel_simple_init(void)
      |                   ^~~~~~~~~~~~~~~~~
  CC [M]  drivers/gpu/drm/panel/panel-raspberrypi-touchscreen.o
In file included from drivers/gpu/drm/panel/panel-raspberrypi-touchscreen.c:49:
./include/linux/module.h:138:7: warning: ‘cleanup_module’ specifies less restrictive attribute than its target ‘rpi_touchscreen_driver_exit’: ‘cold’ [-Wmissing-attributes]
  138 |  void cleanup_module(void) __attribute__((alias(#exitfn)));
      |       ^~~~~~~~~~~~~~
./include/linux/device.h:1360:1: note: in expansion of macro ‘module_exit’
 1360 | module_exit(__driver##_exit);
      | ^~~~~~~~~~~
./include/drm/drm_mipi_dsi.h:316:2: note: in expansion of macro ‘module_driver’
  316 |  module_driver(__mipi_dsi_driver, mipi_dsi_driver_register, \
      |  ^~~~~~~~~~~~~
drivers/gpu/drm/panel/panel-raspberrypi-touchscreen.c:518:1: note: in expansion of macro ‘module_mipi_dsi_driver’
  518 | module_mipi_dsi_driver(rpi_touchscreen_driver);
      | ^~~~~~~~~~~~~~~~~~~~~~
In file included from ./include/linux/i2c.h:30,
                 from ./include/uapi/linux/fb.h:5,
                 from ./include/linux/fb.h:5,
                 from drivers/gpu/drm/panel/panel-raspberrypi-touchscreen.c:45:
drivers/gpu/drm/panel/panel-raspberrypi-touchscreen.c:518:24: note: ‘cleanup_module’ target declared here
  518 | module_mipi_dsi_driver(rpi_touchscreen_driver);
      |                        ^~~~~~~~~~~~~~~~~~~~~~
./include/linux/device.h:1356:20: note: in definition of macro ‘module_driver’
 1356 | static void __exit __driver##_exit(void) \
      |                    ^~~~~~~~
drivers/gpu/drm/panel/panel-raspberrypi-touchscreen.c:518:1: note: in expansion of macro ‘module_mipi_dsi_driver’
  518 | module_mipi_dsi_driver(rpi_touchscreen_driver);
      | ^~~~~~~~~~~~~~~~~~~~~~
In file included from drivers/gpu/drm/panel/panel-raspberrypi-touchscreen.c:49:
./include/linux/module.h:132:6: warning: ‘init_module’ specifies less restrictive attribute than its target ‘rpi_touchscreen_driver_init’: ‘cold’ [-Wmissing-attributes]
  132 |  int init_module(void) __attribute__((alias(#initfn)));
      |      ^~~~~~~~~~~
./include/linux/device.h:1355:1: note: in expansion of macro ‘module_init’
 1355 | module_init(__driver##_init); \
      | ^~~~~~~~~~~
./include/drm/drm_mipi_dsi.h:316:2: note: in expansion of macro ‘module_driver’
  316 |  module_driver(__mipi_dsi_driver, mipi_dsi_driver_register, \
      |  ^~~~~~~~~~~~~
drivers/gpu/drm/panel/panel-raspberrypi-touchscreen.c:518:1: note: in expansion of macro ‘module_mipi_dsi_driver’
  518 | module_mipi_dsi_driver(rpi_touchscreen_driver);
      | ^~~~~~~~~~~~~~~~~~~~~~
In file included from ./include/linux/i2c.h:30,
                 from ./include/uapi/linux/fb.h:5,
                 from ./include/linux/fb.h:5,
                 from drivers/gpu/drm/panel/panel-raspberrypi-touchscreen.c:45:
drivers/gpu/drm/panel/panel-raspberrypi-touchscreen.c:518:24: note: ‘init_module’ target declared here
  518 | module_mipi_dsi_driver(rpi_touchscreen_driver);
      |                        ^~~~~~~~~~~~~~~~~~~~~~
./include/linux/device.h:1351:19: note: in definition of macro ‘module_driver’
 1351 | static int __init __driver##_init(void) \
      |                   ^~~~~~~~
drivers/gpu/drm/panel/panel-raspberrypi-touchscreen.c:518:1: note: in expansion of macro ‘module_mipi_dsi_driver’
  518 | module_mipi_dsi_driver(rpi_touchscreen_driver);
      | ^~~~~~~~~~~~~~~~~~~~~~
  LD      drivers/gpu/drm/tilcdc/built-in.o
  LD      drivers/gpu/drm/tinydrm/built-in.o
  CC [M]  drivers/gpu/drm/tinydrm/mipi-dbi.o
  CC [M]  drivers/gpu/drm/tinydrm/mi0283qt.o
In file included from ./include/drm/drm_vma_manager.h:28,
                 from ./include/drm/drmP.h:78,
                 from ./include/drm/drm_gem_cma_helper.h:4,
                 from ./include/drm/tinydrm/tinydrm.h:16,
                 from ./include/drm/tinydrm/mipi-dbi.h:15,
                 from drivers/gpu/drm/tinydrm/mi0283qt.c:13:
./include/linux/module.h:138:7: warning: ‘cleanup_module’ specifies less restrictive attribute than its target ‘mi0283qt_spi_driver_exit’: ‘cold’ [-Wmissing-attributes]
  138 |  void cleanup_module(void) __attribute__((alias(#exitfn)));
      |       ^~~~~~~~~~~~~~
./include/linux/device.h:1360:1: note: in expansion of macro ‘module_exit’
 1360 | module_exit(__driver##_exit);
      | ^~~~~~~~~~~
./include/linux/spi/spi.h:290:2: note: in expansion of macro ‘module_driver’
  290 |  module_driver(__spi_driver, spi_register_driver, \
      |  ^~~~~~~~~~~~~
drivers/gpu/drm/tinydrm/mi0283qt.c:278:1: note: in expansion of macro ‘module_spi_driver’
  278 | module_spi_driver(mi0283qt_spi_driver);
      | ^~~~~~~~~~~~~~~~~
In file included from ./include/linux/i2c.h:30,
                 from ./include/drm/drm_crtc.h:28,
                 from ./include/drm/tinydrm/tinydrm.h:13,
                 from ./include/drm/tinydrm/mipi-dbi.h:15,
                 from drivers/gpu/drm/tinydrm/mi0283qt.c:13:
drivers/gpu/drm/tinydrm/mi0283qt.c:278:19: note: ‘cleanup_module’ target declared here
  278 | module_spi_driver(mi0283qt_spi_driver);
      |                   ^~~~~~~~~~~~~~~~~~~
./include/linux/device.h:1356:20: note: in definition of macro ‘module_driver’
 1356 | static void __exit __driver##_exit(void) \
      |                    ^~~~~~~~
drivers/gpu/drm/tinydrm/mi0283qt.c:278:1: note: in expansion of macro ‘module_spi_driver’
  278 | module_spi_driver(mi0283qt_spi_driver);
      | ^~~~~~~~~~~~~~~~~
In file included from ./include/drm/drm_vma_manager.h:28,
                 from ./include/drm/drmP.h:78,
                 from ./include/drm/drm_gem_cma_helper.h:4,
                 from ./include/drm/tinydrm/tinydrm.h:16,
                 from ./include/drm/tinydrm/mipi-dbi.h:15,
                 from drivers/gpu/drm/tinydrm/mi0283qt.c:13:
./include/linux/module.h:132:6: warning: ‘init_module’ specifies less restrictive attribute than its target ‘mi0283qt_spi_driver_init’: ‘cold’ [-Wmissing-attributes]
  132 |  int init_module(void) __attribute__((alias(#initfn)));
      |      ^~~~~~~~~~~
./include/linux/device.h:1355:1: note: in expansion of macro ‘module_init’
 1355 | module_init(__driver##_init); \
      | ^~~~~~~~~~~
./include/linux/spi/spi.h:290:2: note: in expansion of macro ‘module_driver’
  290 |  module_driver(__spi_driver, spi_register_driver, \
      |  ^~~~~~~~~~~~~
drivers/gpu/drm/tinydrm/mi0283qt.c:278:1: note: in expansion of macro ‘module_spi_driver’
  278 | module_spi_driver(mi0283qt_spi_driver);
      | ^~~~~~~~~~~~~~~~~
In file included from ./include/linux/i2c.h:30,
                 from ./include/drm/drm_crtc.h:28,
                 from ./include/drm/tinydrm/tinydrm.h:13,
                 from ./include/drm/tinydrm/mipi-dbi.h:15,
                 from drivers/gpu/drm/tinydrm/mi0283qt.c:13:
drivers/gpu/drm/tinydrm/mi0283qt.c:278:19: note: ‘init_module’ target declared here
  278 | module_spi_driver(mi0283qt_spi_driver);
      |                   ^~~~~~~~~~~~~~~~~~~
./include/linux/device.h:1351:19: note: in definition of macro ‘module_driver’
 1351 | static int __init __driver##_init(void) \
      |                   ^~~~~~~~
drivers/gpu/drm/tinydrm/mi0283qt.c:278:1: note: in expansion of macro ‘module_spi_driver’
  278 | module_spi_driver(mi0283qt_spi_driver);
      | ^~~~~~~~~~~~~~~~~
  CC [M]  drivers/gpu/drm/tinydrm/repaper.o
In file included from drivers/gpu/drm/tinydrm/repaper.c:22:
./include/linux/module.h:138:7: warning: ‘cleanup_module’ specifies less restrictive attribute than its target ‘repaper_spi_driver_exit’: ‘cold’ [-Wmissing-attributes]
  138 |  void cleanup_module(void) __attribute__((alias(#exitfn)));
      |       ^~~~~~~~~~~~~~
./include/linux/device.h:1360:1: note: in expansion of macro ‘module_exit’
 1360 | module_exit(__driver##_exit);
      | ^~~~~~~~~~~
./include/linux/spi/spi.h:290:2: note: in expansion of macro ‘module_driver’
  290 |  module_driver(__spi_driver, spi_register_driver, \
      |  ^~~~~~~~~~~~~
drivers/gpu/drm/tinydrm/repaper.c:1091:1: note: in expansion of macro ‘module_spi_driver’
 1091 | module_spi_driver(repaper_spi_driver);
      | ^~~~~~~~~~~~~~~~~
In file included from ./include/linux/node.h:17,
                 from ./include/linux/cpu.h:16,
                 from ./include/linux/of_device.h:4,
                 from drivers/gpu/drm/tinydrm/repaper.c:23:
drivers/gpu/drm/tinydrm/repaper.c:1091:19: note: ‘cleanup_module’ target declared here
 1091 | module_spi_driver(repaper_spi_driver);
      |                   ^~~~~~~~~~~~~~~~~~
./include/linux/device.h:1356:20: note: in definition of macro ‘module_driver’
 1356 | static void __exit __driver##_exit(void) \
      |                    ^~~~~~~~
drivers/gpu/drm/tinydrm/repaper.c:1091:1: note: in expansion of macro ‘module_spi_driver’
 1091 | module_spi_driver(repaper_spi_driver);
      | ^~~~~~~~~~~~~~~~~
In file included from drivers/gpu/drm/tinydrm/repaper.c:22:
./include/linux/module.h:132:6: warning: ‘init_module’ specifies less restrictive attribute than its target ‘repaper_spi_driver_init’: ‘cold’ [-Wmissing-attributes]
  132 |  int init_module(void) __attribute__((alias(#initfn)));
      |      ^~~~~~~~~~~
./include/linux/device.h:1355:1: note: in expansion of macro ‘module_init’
 1355 | module_init(__driver##_init); \
      | ^~~~~~~~~~~
./include/linux/spi/spi.h:290:2: note: in expansion of macro ‘module_driver’
  290 |  module_driver(__spi_driver, spi_register_driver, \
      |  ^~~~~~~~~~~~~
drivers/gpu/drm/tinydrm/repaper.c:1091:1: note: in expansion of macro ‘module_spi_driver’
 1091 | module_spi_driver(repaper_spi_driver);
      | ^~~~~~~~~~~~~~~~~
In file included from ./include/linux/node.h:17,
                 from ./include/linux/cpu.h:16,
                 from ./include/linux/of_device.h:4,
                 from drivers/gpu/drm/tinydrm/repaper.c:23:
drivers/gpu/drm/tinydrm/repaper.c:1091:19: note: ‘init_module’ target declared here
 1091 | module_spi_driver(repaper_spi_driver);
      |                   ^~~~~~~~~~~~~~~~~~
./include/linux/device.h:1351:19: note: in definition of macro ‘module_driver’
 1351 | static int __init __driver##_init(void) \
      |                   ^~~~~~~~
drivers/gpu/drm/tinydrm/repaper.c:1091:1: note: in expansion of macro ‘module_spi_driver’
 1091 | module_spi_driver(repaper_spi_driver);
      | ^~~~~~~~~~~~~~~~~
  LD      drivers/gpu/drm/tinydrm/core/built-in.o
  CC [M]  drivers/gpu/drm/tinydrm/core/tinydrm-core.o
  CC [M]  drivers/gpu/drm/tinydrm/core/tinydrm-pipe.o
  CC [M]  drivers/gpu/drm/tinydrm/core/tinydrm-helpers.o
  LD [M]  drivers/gpu/drm/tinydrm/core/tinydrm.o
  LD      drivers/gpu/drm/udl/built-in.o
  CC [M]  drivers/gpu/drm/udl/udl_drv.o
In file included from drivers/gpu/drm/udl/udl_drv.c:9:
./include/linux/module.h:138:7: warning: ‘cleanup_module’ specifies less restrictive attribute than its target ‘udl_driver_exit’: ‘cold’ [-Wmissing-attributes]
  138 |  void cleanup_module(void) __attribute__((alias(#exitfn)));
      |       ^~~~~~~~~~~~~~
./include/linux/device.h:1360:1: note: in expansion of macro ‘module_exit’
 1360 | module_exit(__driver##_exit);
      | ^~~~~~~~~~~
./include/linux/usb.h:1195:2: note: in expansion of macro ‘module_driver’
 1195 |  module_driver(__usb_driver, usb_register, \
      |  ^~~~~~~~~~~~~
drivers/gpu/drm/udl/udl_drv.c:143:1: note: in expansion of macro ‘module_usb_driver’
  143 | module_usb_driver(udl_driver);
      | ^~~~~~~~~~~~~~~~~
In file included from ./include/linux/dma-mapping.h:6,
                 from ./include/drm/drmP.h:37,
                 from drivers/gpu/drm/udl/udl_drv.c:10:
drivers/gpu/drm/udl/udl_drv.c:143:19: note: ‘cleanup_module’ target declared here
  143 | module_usb_driver(udl_driver);
      |                   ^~~~~~~~~~
./include/linux/device.h:1356:20: note: in definition of macro ‘module_driver’
 1356 | static void __exit __driver##_exit(void) \
      |                    ^~~~~~~~
drivers/gpu/drm/udl/udl_drv.c:143:1: note: in expansion of macro ‘module_usb_driver’
  143 | module_usb_driver(udl_driver);
      | ^~~~~~~~~~~~~~~~~
In file included from drivers/gpu/drm/udl/udl_drv.c:9:
./include/linux/module.h:132:6: warning: ‘init_module’ specifies less restrictive attribute than its target ‘udl_driver_init’: ‘cold’ [-Wmissing-attributes]
  132 |  int init_module(void) __attribute__((alias(#initfn)));
      |      ^~~~~~~~~~~
./include/linux/device.h:1355:1: note: in expansion of macro ‘module_init’
 1355 | module_init(__driver##_init); \
      | ^~~~~~~~~~~
./include/linux/usb.h:1195:2: note: in expansion of macro ‘module_driver’
 1195 |  module_driver(__usb_driver, usb_register, \
      |  ^~~~~~~~~~~~~
drivers/gpu/drm/udl/udl_drv.c:143:1: note: in expansion of macro ‘module_usb_driver’
  143 | module_usb_driver(udl_driver);
      | ^~~~~~~~~~~~~~~~~
In file included from ./include/linux/dma-mapping.h:6,
                 from ./include/drm/drmP.h:37,
                 from drivers/gpu/drm/udl/udl_drv.c:10:
drivers/gpu/drm/udl/udl_drv.c:143:19: note: ‘init_module’ target declared here
  143 | module_usb_driver(udl_driver);
      |                   ^~~~~~~~~~
./include/linux/device.h:1351:19: note: in definition of macro ‘module_driver’
 1351 | static int __init __driver##_init(void) \
      |                   ^~~~~~~~
drivers/gpu/drm/udl/udl_drv.c:143:1: note: in expansion of macro ‘module_usb_driver’
  143 | module_usb_driver(udl_driver);
      | ^~~~~~~~~~~~~~~~~
  CC [M]  drivers/gpu/drm/udl/udl_modeset.o
  CC [M]  drivers/gpu/drm/udl/udl_connector.o
  CC [M]  drivers/gpu/drm/udl/udl_encoder.o
  CC [M]  drivers/gpu/drm/udl/udl_main.o
  CC [M]  drivers/gpu/drm/udl/udl_fb.o
  CC [M]  drivers/gpu/drm/udl/udl_transfer.o
  CC [M]  drivers/gpu/drm/udl/udl_gem.o
  CC [M]  drivers/gpu/drm/udl/udl_dmabuf.o
  LD [M]  drivers/gpu/drm/udl/udl.o
  LD      drivers/gpu/drm/vc4/built-in.o
  CC [M]  drivers/gpu/drm/vc4/vc4_bo.o
  CC [M]  drivers/gpu/drm/vc4/vc4_crtc.o
  CC [M]  drivers/gpu/drm/vc4/vc4_drv.o
In file included from drivers/gpu/drm/vc4/vc4_drv.c:14:
./include/linux/module.h:138:7: warning: ‘cleanup_module’ specifies less restrictive attribute than its target ‘vc4_drm_unregister’: ‘cold’ [-Wmissing-attributes]
  138 |  void cleanup_module(void) __attribute__((alias(#exitfn)));
      |       ^~~~~~~~~~~~~~
drivers/gpu/drm/vc4/vc4_drv.c:371:1: note: in expansion of macro ‘module_exit’
  371 | module_exit(vc4_drm_unregister);
      | ^~~~~~~~~~~
drivers/gpu/drm/vc4/vc4_drv.c:360:20: note: ‘cleanup_module’ target declared here
  360 | static void __exit vc4_drm_unregister(void)
      |                    ^~~~~~~~~~~~~~~~~~
In file included from drivers/gpu/drm/vc4/vc4_drv.c:14:
./include/linux/module.h:132:6: warning: ‘init_module’ specifies less restrictive attribute than its target ‘vc4_drm_register’: ‘cold’ [-Wmissing-attributes]
  132 |  int init_module(void) __attribute__((alias(#initfn)));
      |      ^~~~~~~~~~~
drivers/gpu/drm/vc4/vc4_drv.c:370:1: note: in expansion of macro ‘module_init’
  370 | module_init(vc4_drm_register);
      | ^~~~~~~~~~~
drivers/gpu/drm/vc4/vc4_drv.c:345:19: note: ‘init_module’ target declared here
  345 | static int __init vc4_drm_register(void)
      |                   ^~~~~~~~~~~~~~~~
  CC [M]  drivers/gpu/drm/vc4/vc4_dpi.o
  CC [M]  drivers/gpu/drm/vc4/vc4_dsi.o
  CC [M]  drivers/gpu/drm/vc4/vc4_firmware_kms.o
  CC [M]  drivers/gpu/drm/vc4/vc4_kms.o
  CC [M]  drivers/gpu/drm/vc4/vc4_gem.o
  CC [M]  drivers/gpu/drm/vc4/vc4_hdmi.o
  CC [M]  drivers/gpu/drm/vc4/vc4_vec.o
  CC [M]  drivers/gpu/drm/vc4/vc4_hvs.o
  CC [M]  drivers/gpu/drm/vc4/vc4_irq.o
  CC [M]  drivers/gpu/drm/vc4/vc4_plane.o
  CC [M]  drivers/gpu/drm/vc4/vc4_render_cl.o
  CC [M]  drivers/gpu/drm/vc4/vc4_trace_points.o
  CC [M]  drivers/gpu/drm/vc4/vc4_v3d.o
  CC [M]  drivers/gpu/drm/vc4/vc4_validate.o
  CC [M]  drivers/gpu/drm/vc4/vc4_validate_shaders.o
  CC [M]  drivers/gpu/drm/vc4/vc4_debugfs.o
  LD [M]  drivers/gpu/drm/vc4/vc4.o
  LD      drivers/gpu/drm/built-in.o
  CC [M]  drivers/gpu/drm/drm_crtc_helper.o
  CC [M]  drivers/gpu/drm/drm_dp_helper.o
  CC [M]  drivers/gpu/drm/drm_probe_helper.o
  CC [M]  drivers/gpu/drm/drm_plane_helper.o
  CC [M]  drivers/gpu/drm/drm_dp_mst_topology.o
  CC [M]  drivers/gpu/drm/drm_atomic_helper.o
  CC [M]  drivers/gpu/drm/drm_kms_helper_common.o
In file included from ./include/drm/drm_vma_manager.h:28,
                 from ./include/drm/drmP.h:78,
                 from drivers/gpu/drm/drm_kms_helper_common.c:28:
./include/linux/module.h:132:6: warning: ‘init_module’ specifies less restrictive attribute than its target ‘drm_kms_helper_init’: ‘cold’ [-Wmissing-attributes]
  132 |  int init_module(void) __attribute__((alias(#initfn)));
      |      ^~~~~~~~~~~
drivers/gpu/drm/drm_kms_helper_common.c:60:1: note: in expansion of macro ‘module_init’
   60 | module_init(drm_kms_helper_init);
      | ^~~~~~~~~~~
drivers/gpu/drm/drm_kms_helper_common.c:37:19: note: ‘init_module’ target declared here
   37 | static int __init drm_kms_helper_init(void)
      |                   ^~~~~~~~~~~~~~~~~~~
In file included from ./include/drm/drm_vma_manager.h:28,
                 from ./include/drm/drmP.h:78,
                 from drivers/gpu/drm/drm_kms_helper_common.c:28:
./include/linux/module.h:138:7: warning: ‘cleanup_module’ specifies less restrictive attribute than its target ‘drm_kms_helper_exit’: ‘cold’ [-Wmissing-attributes]
  138 |  void cleanup_module(void) __attribute__((alias(#exitfn)));
      |       ^~~~~~~~~~~~~~
drivers/gpu/drm/drm_kms_helper_common.c:61:1: note: in expansion of macro ‘module_exit’
   61 | module_exit(drm_kms_helper_exit);
      | ^~~~~~~~~~~
drivers/gpu/drm/drm_kms_helper_common.c:54:20: note: ‘cleanup_module’ target declared here
   54 | static void __exit drm_kms_helper_exit(void)
      |                    ^~~~~~~~~~~~~~~~~~~
  CC [M]  drivers/gpu/drm/drm_dp_dual_mode_helper.o
  CC [M]  drivers/gpu/drm/drm_simple_kms_helper.o
  CC [M]  drivers/gpu/drm/drm_modeset_helper.o
  CC [M]  drivers/gpu/drm/drm_edid_load.o
  CC [M]  drivers/gpu/drm/drm_fb_helper.o
  CC [M]  drivers/gpu/drm/drm_fb_cma_helper.o
  LD [M]  drivers/gpu/drm/drm_kms_helper.o
  CC [M]  drivers/gpu/drm/drm_auth.o
  CC [M]  drivers/gpu/drm/drm_bufs.o
  CC [M]  drivers/gpu/drm/drm_cache.o
  CC [M]  drivers/gpu/drm/drm_context.o
  CC [M]  drivers/gpu/drm/drm_dma.o
  CC [M]  drivers/gpu/drm/drm_fops.o
  CC [M]  drivers/gpu/drm/drm_gem.o
  CC [M]  drivers/gpu/drm/drm_ioctl.o
  CC [M]  drivers/gpu/drm/drm_irq.o
  CC [M]  drivers/gpu/drm/drm_lock.o
  CC [M]  drivers/gpu/drm/drm_memory.o
  CC [M]  drivers/gpu/drm/drm_drv.o
In file included from drivers/gpu/drm/drm_drv.c:31:
./include/linux/module.h:132:6: warning: ‘init_module’ specifies less restrictive attribute than its target ‘drm_core_init’: ‘cold’ [-Wmissing-attributes]
  132 |  int init_module(void) __attribute__((alias(#initfn)));
      |      ^~~~~~~~~~~
drivers/gpu/drm/drm_drv.c:879:1: note: in expansion of macro ‘module_init’
  879 | module_init(drm_core_init);
      | ^~~~~~~~~~~
drivers/gpu/drm/drm_drv.c:846:19: note: ‘init_module’ target declared here
  846 | static int __init drm_core_init(void)
      |                   ^~~~~~~~~~~~~
  CC [M]  drivers/gpu/drm/drm_vm.o
  CC [M]  drivers/gpu/drm/drm_scatter.o
  CC [M]  drivers/gpu/drm/drm_pci.o
  CC [M]  drivers/gpu/drm/drm_platform.o
  CC [M]  drivers/gpu/drm/drm_sysfs.o
  CC [M]  drivers/gpu/drm/drm_hashtab.o
  CC [M]  drivers/gpu/drm/drm_mm.o
  CC [M]  drivers/gpu/drm/drm_crtc.o
  CC [M]  drivers/gpu/drm/drm_fourcc.o
  CC [M]  drivers/gpu/drm/drm_modes.o
  CC [M]  drivers/gpu/drm/drm_edid.o
  CC [M]  drivers/gpu/drm/drm_info.o
  CC [M]  drivers/gpu/drm/drm_debugfs.o
  CC [M]  drivers/gpu/drm/drm_encoder_slave.o
  CC [M]  drivers/gpu/drm/drm_trace_points.o
  CC [M]  drivers/gpu/drm/drm_global.o
  CC [M]  drivers/gpu/drm/drm_prime.o
  CC [M]  drivers/gpu/drm/drm_rect.o
  CC [M]  drivers/gpu/drm/drm_vma_manager.o
  CC [M]  drivers/gpu/drm/drm_flip_work.o
  CC [M]  drivers/gpu/drm/drm_modeset_lock.o
  CC [M]  drivers/gpu/drm/drm_atomic.o
  CC [M]  drivers/gpu/drm/drm_bridge.o
  CC [M]  drivers/gpu/drm/drm_framebuffer.o
  CC [M]  drivers/gpu/drm/drm_connector.o
  CC [M]  drivers/gpu/drm/drm_blend.o
  CC [M]  drivers/gpu/drm/drm_encoder.o
  CC [M]  drivers/gpu/drm/drm_mode_object.o
  CC [M]  drivers/gpu/drm/drm_property.o
  CC [M]  drivers/gpu/drm/drm_plane.o
  CC [M]  drivers/gpu/drm/drm_color_mgmt.o
  CC [M]  drivers/gpu/drm/drm_gem_cma_helper.o
  CC [M]  drivers/gpu/drm/drm_panel.o
  CC [M]  drivers/gpu/drm/drm_of.o
  LD [M]  drivers/gpu/drm/drm.o
  LD      drivers/gpu/vga/built-in.o
  LD      drivers/gpu/built-in.o
  CC      drivers/hid/hid-core.o
  CC      drivers/hid/hid-input.o
  CC      drivers/hid/hid-debug.o
  CC      drivers/hid/hidraw.o
  LD      drivers/hid/hid.o
  CC      drivers/hid/hid-generic.o
  CC      drivers/hid/usbhid/hid-core.o
  CC      drivers/hid/usbhid/hid-quirks.o
  CC      drivers/hid/usbhid/hiddev.o
  CC      drivers/hid/usbhid/hid-pidff.o
  LD      drivers/hid/usbhid/usbhid.o
  LD      drivers/hid/usbhid/built-in.o
  LD      drivers/hid/built-in.o
  CC [M]  drivers/hid/uhid.o
drivers/hid/uhid.c: In function ‘uhid_hid_get_report’:
drivers/hid/uhid.c:240:47: warning: taking address of packed member of ‘struct uhid_get_report_req’ may result in an unaligned pointer value [-Waddress-of-packed-member]
  240 |  ret = __uhid_report_queue_and_wait(uhid, ev, &ev->u.get_report.id);
      |                                               ^~~~~~~~~~~~~~~~~~~~
drivers/hid/uhid.c: In function ‘uhid_hid_set_report’:
drivers/hid/uhid.c:284:47: warning: taking address of packed member of ‘struct uhid_set_report_req’ may result in an unaligned pointer value [-Waddress-of-packed-member]
  284 |  ret = __uhid_report_queue_and_wait(uhid, ev, &ev->u.set_report.id);
      |                                               ^~~~~~~~~~~~~~~~~~~~
In file included from drivers/hid/uhid.c:20:
drivers/hid/uhid.c: At top level:
./include/linux/module.h:132:6: warning: ‘init_module’ specifies less restrictive attribute than its target ‘uhid_misc_init’: ‘cold’ [-Wmissing-attributes]
  132 |  int init_module(void) __attribute__((alias(#initfn)));
      |      ^~~~~~~~~~~
./include/linux/device.h:1355:1: note: in expansion of macro ‘module_init’
 1355 | module_init(__driver##_init); \
      | ^~~~~~~~~~~
./include/linux/miscdevice.h:79:2: note: in expansion of macro ‘module_driver’
   79 |  module_driver(__misc_device, misc_register, misc_deregister)
      |  ^~~~~~~~~~~~~
drivers/hid/uhid.c:782:1: note: in expansion of macro ‘module_misc_device’
  782 | module_misc_device(uhid_misc);
      | ^~~~~~~~~~~~~~~~~~
In file included from drivers/hid/uhid.c:15:
drivers/hid/uhid.c:782:20: note: ‘init_module’ target declared here
  782 | module_misc_device(uhid_misc);
      |                    ^~~~~~~~~
./include/linux/device.h:1351:19: note: in definition of macro ‘module_driver’
 1351 | static int __init __driver##_init(void) \
      |                   ^~~~~~~~
drivers/hid/uhid.c:782:1: note: in expansion of macro ‘module_misc_device’
  782 | module_misc_device(uhid_misc);
      | ^~~~~~~~~~~~~~~~~~
In file included from drivers/hid/uhid.c:20:
./include/linux/module.h:138:7: warning: ‘cleanup_module’ specifies less restrictive attribute than its target ‘uhid_misc_exit’: ‘cold’ [-Wmissing-attributes]
  138 |  void cleanup_module(void) __attribute__((alias(#exitfn)));
      |       ^~~~~~~~~~~~~~
./include/linux/device.h:1360:1: note: in expansion of macro ‘module_exit’
 1360 | module_exit(__driver##_exit);
      | ^~~~~~~~~~~
./include/linux/miscdevice.h:79:2: note: in expansion of macro ‘module_driver’
   79 |  module_driver(__misc_device, misc_register, misc_deregister)
      |  ^~~~~~~~~~~~~
drivers/hid/uhid.c:782:1: note: in expansion of macro ‘module_misc_device’
  782 | module_misc_device(uhid_misc);
      | ^~~~~~~~~~~~~~~~~~
In file included from drivers/hid/uhid.c:15:
drivers/hid/uhid.c:782:20: note: ‘cleanup_module’ target declared here
  782 | module_misc_device(uhid_misc);
      |                    ^~~~~~~~~
./include/linux/device.h:1356:20: note: in definition of macro ‘module_driver’
 1356 | static void __exit __driver##_exit(void) \
      |                    ^~~~~~~~
drivers/hid/uhid.c:782:1: note: in expansion of macro ‘module_misc_device’
  782 | module_misc_device(uhid_misc);
      | ^~~~~~~~~~~~~~~~~~
drivers/hid/uhid.c: In function ‘uhid_dev_create2’:
drivers/hid/uhid.c:499:2: warning: ‘strncpy’ output may be truncated copying 127 bytes from a string of length 127 [-Wstringop-truncation]
  499 |  strncpy(hid->name, ev->u.create2.name, len);
      |  ^~~~~~~~~~~~~~~~~~~~~~~~~~~~~~~~~~~~~~~~~~~
drivers/hid/uhid.c:501:2: warning: ‘strncpy’ output may be truncated copying 63 bytes from a string of length 63 [-Wstringop-truncation]
  501 |  strncpy(hid->phys, ev->u.create2.phys, len);
      |  ^~~~~~~~~~~~~~~~~~~~~~~~~~~~~~~~~~~~~~~~~~~
drivers/hid/uhid.c:503:2: warning: ‘strncpy’ output may be truncated copying 63 bytes from a string of length 63 [-Wstringop-truncation]
  503 |  strncpy(hid->uniq, ev->u.create2.uniq, len);
      |  ^~~~~~~~~~~~~~~~~~~~~~~~~~~~~~~~~~~~~~~~~~~
  CC [M]  drivers/hid/hid-a4tech.o
In file included from drivers/hid/hid-a4tech.c:21:
./include/linux/module.h:138:7: warning: ‘cleanup_module’ specifies less restrictive attribute than its target ‘a4_driver_exit’: ‘cold’ [-Wmissing-attributes]
  138 |  void cleanup_module(void) __attribute__((alias(#exitfn)));
      |       ^~~~~~~~~~~~~~
./include/linux/device.h:1360:1: note: in expansion of macro ‘module_exit’
 1360 | module_exit(__driver##_exit);
      | ^~~~~~~~~~~
./include/linux/hid.h:795:2: note: in expansion of macro ‘module_driver’
  795 |  module_driver(__hid_driver, hid_register_driver, \
      |  ^~~~~~~~~~~~~
drivers/hid/hid-a4tech.c:136:1: note: in expansion of macro ‘module_hid_driver’
  136 | module_hid_driver(a4_driver);
      | ^~~~~~~~~~~~~~~~~
In file included from drivers/hid/hid-a4tech.c:18:
drivers/hid/hid-a4tech.c:136:19: note: ‘cleanup_module’ target declared here
  136 | module_hid_driver(a4_driver);
      |                   ^~~~~~~~~
./include/linux/device.h:1356:20: note: in definition of macro ‘module_driver’
 1356 | static void __exit __driver##_exit(void) \
      |                    ^~~~~~~~
drivers/hid/hid-a4tech.c:136:1: note: in expansion of macro ‘module_hid_driver’
  136 | module_hid_driver(a4_driver);
      | ^~~~~~~~~~~~~~~~~
In file included from drivers/hid/hid-a4tech.c:21:
./include/linux/module.h:132:6: warning: ‘init_module’ specifies less restrictive attribute than its target ‘a4_driver_init’: ‘cold’ [-Wmissing-attributes]
  132 |  int init_module(void) __attribute__((alias(#initfn)));
      |      ^~~~~~~~~~~
./include/linux/device.h:1355:1: note: in expansion of macro ‘module_init’
 1355 | module_init(__driver##_init); \
      | ^~~~~~~~~~~
./include/linux/hid.h:795:2: note: in expansion of macro ‘module_driver’
  795 |  module_driver(__hid_driver, hid_register_driver, \
      |  ^~~~~~~~~~~~~
drivers/hid/hid-a4tech.c:136:1: note: in expansion of macro ‘module_hid_driver’
  136 | module_hid_driver(a4_driver);
      | ^~~~~~~~~~~~~~~~~
In file included from drivers/hid/hid-a4tech.c:18:
drivers/hid/hid-a4tech.c:136:19: note: ‘init_module’ target declared here
  136 | module_hid_driver(a4_driver);
      |                   ^~~~~~~~~
./include/linux/device.h:1351:19: note: in definition of macro ‘module_driver’
 1351 | static int __init __driver##_init(void) \
      |                   ^~~~~~~~
drivers/hid/hid-a4tech.c:136:1: note: in expansion of macro ‘module_hid_driver’
  136 | module_hid_driver(a4_driver);
      | ^~~~~~~~~~~~~~~~~
  CC [M]  drivers/hid/hid-axff.o
In file included from drivers/hid/hid-axff.c:33:
./include/linux/module.h:138:7: warning: ‘cleanup_module’ specifies less restrictive attribute than its target ‘ax_driver_exit’: ‘cold’ [-Wmissing-attributes]
  138 |  void cleanup_module(void) __attribute__((alias(#exitfn)));
      |       ^~~~~~~~~~~~~~
./include/linux/device.h:1360:1: note: in expansion of macro ‘module_exit’
 1360 | module_exit(__driver##_exit);
      | ^~~~~~~~~~~
./include/linux/hid.h:795:2: note: in expansion of macro ‘module_driver’
  795 |  module_driver(__hid_driver, hid_register_driver, \
      |  ^~~~~~~~~~~~~
drivers/hid/hid-axff.c:194:1: note: in expansion of macro ‘module_hid_driver’
  194 | module_hid_driver(ax_driver);
      | ^~~~~~~~~~~~~~~~~
In file included from ./include/linux/input.h:22,
                 from drivers/hid/hid-axff.c:30:
drivers/hid/hid-axff.c:194:19: note: ‘cleanup_module’ target declared here
  194 | module_hid_driver(ax_driver);
      |                   ^~~~~~~~~
./include/linux/device.h:1356:20: note: in definition of macro ‘module_driver’
 1356 | static void __exit __driver##_exit(void) \
      |                    ^~~~~~~~
drivers/hid/hid-axff.c:194:1: note: in expansion of macro ‘module_hid_driver’
  194 | module_hid_driver(ax_driver);
      | ^~~~~~~~~~~~~~~~~
In file included from drivers/hid/hid-axff.c:33:
./include/linux/module.h:132:6: warning: ‘init_module’ specifies less restrictive attribute than its target ‘ax_driver_init’: ‘cold’ [-Wmissing-attributes]
  132 |  int init_module(void) __attribute__((alias(#initfn)));
      |      ^~~~~~~~~~~
./include/linux/device.h:1355:1: note: in expansion of macro ‘module_init’
 1355 | module_init(__driver##_init); \
      | ^~~~~~~~~~~
./include/linux/hid.h:795:2: note: in expansion of macro ‘module_driver’
  795 |  module_driver(__hid_driver, hid_register_driver, \
      |  ^~~~~~~~~~~~~
drivers/hid/hid-axff.c:194:1: note: in expansion of macro ‘module_hid_driver’
  194 | module_hid_driver(ax_driver);
      | ^~~~~~~~~~~~~~~~~
In file included from ./include/linux/input.h:22,
                 from drivers/hid/hid-axff.c:30:
drivers/hid/hid-axff.c:194:19: note: ‘init_module’ target declared here
  194 | module_hid_driver(ax_driver);
      |                   ^~~~~~~~~
./include/linux/device.h:1351:19: note: in definition of macro ‘module_driver’
 1351 | static int __init __driver##_init(void) \
      |                   ^~~~~~~~
drivers/hid/hid-axff.c:194:1: note: in expansion of macro ‘module_hid_driver’
  194 | module_hid_driver(ax_driver);
      | ^~~~~~~~~~~~~~~~~
  CC [M]  drivers/hid/hid-apple.o
In file included from drivers/hid/hid-apple.c:22:
./include/linux/module.h:138:7: warning: ‘cleanup_module’ specifies less restrictive attribute than its target ‘apple_driver_exit’: ‘cold’ [-Wmissing-attributes]
  138 |  void cleanup_module(void) __attribute__((alias(#exitfn)));
      |       ^~~~~~~~~~~~~~
./include/linux/device.h:1360:1: note: in expansion of macro ‘module_exit’
 1360 | module_exit(__driver##_exit);
      | ^~~~~~~~~~~
./include/linux/hid.h:795:2: note: in expansion of macro ‘module_driver’
  795 |  module_driver(__hid_driver, hid_register_driver, \
      |  ^~~~~~~~~~~~~
drivers/hid/hid-apple.c:582:1: note: in expansion of macro ‘module_hid_driver’
  582 | module_hid_driver(apple_driver);
      | ^~~~~~~~~~~~~~~~~
In file included from drivers/hid/hid-apple.c:20:
drivers/hid/hid-apple.c:582:19: note: ‘cleanup_module’ target declared here
  582 | module_hid_driver(apple_driver);
      |                   ^~~~~~~~~~~~
./include/linux/device.h:1356:20: note: in definition of macro ‘module_driver’
 1356 | static void __exit __driver##_exit(void) \
      |                    ^~~~~~~~
drivers/hid/hid-apple.c:582:1: note: in expansion of macro ‘module_hid_driver’
  582 | module_hid_driver(apple_driver);
      | ^~~~~~~~~~~~~~~~~
In file included from drivers/hid/hid-apple.c:22:
./include/linux/module.h:132:6: warning: ‘init_module’ specifies less restrictive attribute than its target ‘apple_driver_init’: ‘cold’ [-Wmissing-attributes]
  132 |  int init_module(void) __attribute__((alias(#initfn)));
      |      ^~~~~~~~~~~
./include/linux/device.h:1355:1: note: in expansion of macro ‘module_init’
 1355 | module_init(__driver##_init); \
      | ^~~~~~~~~~~
./include/linux/hid.h:795:2: note: in expansion of macro ‘module_driver’
  795 |  module_driver(__hid_driver, hid_register_driver, \
      |  ^~~~~~~~~~~~~
drivers/hid/hid-apple.c:582:1: note: in expansion of macro ‘module_hid_driver’
  582 | module_hid_driver(apple_driver);
      | ^~~~~~~~~~~~~~~~~
In file included from drivers/hid/hid-apple.c:20:
drivers/hid/hid-apple.c:582:19: note: ‘init_module’ target declared here
  582 | module_hid_driver(apple_driver);
      |                   ^~~~~~~~~~~~
./include/linux/device.h:1351:19: note: in definition of macro ‘module_driver’
 1351 | static int __init __driver##_init(void) \
      |                   ^~~~~~~~
drivers/hid/hid-apple.c:582:1: note: in expansion of macro ‘module_hid_driver’
  582 | module_hid_driver(apple_driver);
      | ^~~~~~~~~~~~~~~~~
  CC [M]  drivers/hid/hid-belkin.o
In file included from drivers/hid/hid-belkin.c:20:
./include/linux/module.h:138:7: warning: ‘cleanup_module’ specifies less restrictive attribute than its target ‘belkin_driver_exit’: ‘cold’ [-Wmissing-attributes]
  138 |  void cleanup_module(void) __attribute__((alias(#exitfn)));
      |       ^~~~~~~~~~~~~~
./include/linux/device.h:1360:1: note: in expansion of macro ‘module_exit’
 1360 | module_exit(__driver##_exit);
      | ^~~~~~~~~~~
./include/linux/hid.h:795:2: note: in expansion of macro ‘module_driver’
  795 |  module_driver(__hid_driver, hid_register_driver, \
      |  ^~~~~~~~~~~~~
drivers/hid/hid-belkin.c:89:1: note: in expansion of macro ‘module_hid_driver’
   89 | module_hid_driver(belkin_driver);
      | ^~~~~~~~~~~~~~~~~
In file included from drivers/hid/hid-belkin.c:18:
drivers/hid/hid-belkin.c:89:19: note: ‘cleanup_module’ target declared here
   89 | module_hid_driver(belkin_driver);
      |                   ^~~~~~~~~~~~~
./include/linux/device.h:1356:20: note: in definition of macro ‘module_driver’
 1356 | static void __exit __driver##_exit(void) \
      |                    ^~~~~~~~
drivers/hid/hid-belkin.c:89:1: note: in expansion of macro ‘module_hid_driver’
   89 | module_hid_driver(belkin_driver);
      | ^~~~~~~~~~~~~~~~~
In file included from drivers/hid/hid-belkin.c:20:
./include/linux/module.h:132:6: warning: ‘init_module’ specifies less restrictive attribute than its target ‘belkin_driver_init’: ‘cold’ [-Wmissing-attributes]
  132 |  int init_module(void) __attribute__((alias(#initfn)));
      |      ^~~~~~~~~~~
./include/linux/device.h:1355:1: note: in expansion of macro ‘module_init’
 1355 | module_init(__driver##_init); \
      | ^~~~~~~~~~~
./include/linux/hid.h:795:2: note: in expansion of macro ‘module_driver’
  795 |  module_driver(__hid_driver, hid_register_driver, \
      |  ^~~~~~~~~~~~~
drivers/hid/hid-belkin.c:89:1: note: in expansion of macro ‘module_hid_driver’
   89 | module_hid_driver(belkin_driver);
      | ^~~~~~~~~~~~~~~~~
In file included from drivers/hid/hid-belkin.c:18:
drivers/hid/hid-belkin.c:89:19: note: ‘init_module’ target declared here
   89 | module_hid_driver(belkin_driver);
      |                   ^~~~~~~~~~~~~
./include/linux/device.h:1351:19: note: in definition of macro ‘module_driver’
 1351 | static int __init __driver##_init(void) \
      |                   ^~~~~~~~
drivers/hid/hid-belkin.c:89:1: note: in expansion of macro ‘module_hid_driver’
   89 | module_hid_driver(belkin_driver);
      | ^~~~~~~~~~~~~~~~~
  CC [M]  drivers/hid/hid-betopff.o
In file included from drivers/hid/hid-betopff.c:31:
./include/linux/module.h:138:7: warning: ‘cleanup_module’ specifies less restrictive attribute than its target ‘betop_driver_exit’: ‘cold’ [-Wmissing-attributes]
  138 |  void cleanup_module(void) __attribute__((alias(#exitfn)));
      |       ^~~~~~~~~~~~~~
./include/linux/device.h:1360:1: note: in expansion of macro ‘module_exit’
 1360 | module_exit(__driver##_exit);
      | ^~~~~~~~~~~
./include/linux/hid.h:795:2: note: in expansion of macro ‘module_driver’
  795 |  module_driver(__hid_driver, hid_register_driver, \
      |  ^~~~~~~~~~~~~
drivers/hid/hid-betopff.c:158:1: note: in expansion of macro ‘module_hid_driver’
  158 | module_hid_driver(betop_driver);
      | ^~~~~~~~~~~~~~~~~
In file included from ./include/linux/input.h:22,
                 from drivers/hid/hid-betopff.c:29:
drivers/hid/hid-betopff.c:158:19: note: ‘cleanup_module’ target declared here
  158 | module_hid_driver(betop_driver);
      |                   ^~~~~~~~~~~~
./include/linux/device.h:1356:20: note: in definition of macro ‘module_driver’
 1356 | static void __exit __driver##_exit(void) \
      |                    ^~~~~~~~
drivers/hid/hid-betopff.c:158:1: note: in expansion of macro ‘module_hid_driver’
  158 | module_hid_driver(betop_driver);
      | ^~~~~~~~~~~~~~~~~
In file included from drivers/hid/hid-betopff.c:31:
./include/linux/module.h:132:6: warning: ‘init_module’ specifies less restrictive attribute than its target ‘betop_driver_init’: ‘cold’ [-Wmissing-attributes]
  132 |  int init_module(void) __attribute__((alias(#initfn)));
      |      ^~~~~~~~~~~
./include/linux/device.h:1355:1: note: in expansion of macro ‘module_init’
 1355 | module_init(__driver##_init); \
      | ^~~~~~~~~~~
./include/linux/hid.h:795:2: note: in expansion of macro ‘module_driver’
  795 |  module_driver(__hid_driver, hid_register_driver, \
      |  ^~~~~~~~~~~~~
drivers/hid/hid-betopff.c:158:1: note: in expansion of macro ‘module_hid_driver’
  158 | module_hid_driver(betop_driver);
      | ^~~~~~~~~~~~~~~~~
In file included from ./include/linux/input.h:22,
                 from drivers/hid/hid-betopff.c:29:
drivers/hid/hid-betopff.c:158:19: note: ‘init_module’ target declared here
  158 | module_hid_driver(betop_driver);
      |                   ^~~~~~~~~~~~
./include/linux/device.h:1351:19: note: in definition of macro ‘module_driver’
 1351 | static int __init __driver##_init(void) \
      |                   ^~~~~~~~
drivers/hid/hid-betopff.c:158:1: note: in expansion of macro ‘module_hid_driver’
  158 | module_hid_driver(betop_driver);
      | ^~~~~~~~~~~~~~~~~
  CC [M]  drivers/hid/hid-cherry.o
In file included from drivers/hid/hid-cherry.c:20:
./include/linux/module.h:138:7: warning: ‘cleanup_module’ specifies less restrictive attribute than its target ‘ch_driver_exit’: ‘cold’ [-Wmissing-attributes]
  138 |  void cleanup_module(void) __attribute__((alias(#exitfn)));
      |       ^~~~~~~~~~~~~~
./include/linux/device.h:1360:1: note: in expansion of macro ‘module_exit’
 1360 | module_exit(__driver##_exit);
      | ^~~~~~~~~~~
./include/linux/hid.h:795:2: note: in expansion of macro ‘module_driver’
  795 |  module_driver(__hid_driver, hid_register_driver, \
      |  ^~~~~~~~~~~~~
drivers/hid/hid-cherry.c:72:1: note: in expansion of macro ‘module_hid_driver’
   72 | module_hid_driver(ch_driver);
      | ^~~~~~~~~~~~~~~~~
In file included from drivers/hid/hid-cherry.c:18:
drivers/hid/hid-cherry.c:72:19: note: ‘cleanup_module’ target declared here
   72 | module_hid_driver(ch_driver);
      |                   ^~~~~~~~~
./include/linux/device.h:1356:20: note: in definition of macro ‘module_driver’
 1356 | static void __exit __driver##_exit(void) \
      |                    ^~~~~~~~
drivers/hid/hid-cherry.c:72:1: note: in expansion of macro ‘module_hid_driver’
   72 | module_hid_driver(ch_driver);
      | ^~~~~~~~~~~~~~~~~
In file included from drivers/hid/hid-cherry.c:20:
./include/linux/module.h:132:6: warning: ‘init_module’ specifies less restrictive attribute than its target ‘ch_driver_init’: ‘cold’ [-Wmissing-attributes]
  132 |  int init_module(void) __attribute__((alias(#initfn)));
      |      ^~~~~~~~~~~
./include/linux/device.h:1355:1: note: in expansion of macro ‘module_init’
 1355 | module_init(__driver##_init); \
      | ^~~~~~~~~~~
./include/linux/hid.h:795:2: note: in expansion of macro ‘module_driver’
  795 |  module_driver(__hid_driver, hid_register_driver, \
      |  ^~~~~~~~~~~~~
drivers/hid/hid-cherry.c:72:1: note: in expansion of macro ‘module_hid_driver’
   72 | module_hid_driver(ch_driver);
      | ^~~~~~~~~~~~~~~~~
In file included from drivers/hid/hid-cherry.c:18:
drivers/hid/hid-cherry.c:72:19: note: ‘init_module’ target declared here
   72 | module_hid_driver(ch_driver);
      |                   ^~~~~~~~~
./include/linux/device.h:1351:19: note: in definition of macro ‘module_driver’
 1351 | static int __init __driver##_init(void) \
      |                   ^~~~~~~~
drivers/hid/hid-cherry.c:72:1: note: in expansion of macro ‘module_hid_driver’
   72 | module_hid_driver(ch_driver);
      | ^~~~~~~~~~~~~~~~~
  CC [M]  drivers/hid/hid-chicony.o
In file included from drivers/hid/hid-chicony.c:22:
./include/linux/module.h:138:7: warning: ‘cleanup_module’ specifies less restrictive attribute than its target ‘ch_driver_exit’: ‘cold’ [-Wmissing-attributes]
  138 |  void cleanup_module(void) __attribute__((alias(#exitfn)));
      |       ^~~~~~~~~~~~~~
./include/linux/device.h:1360:1: note: in expansion of macro ‘module_exit’
 1360 | module_exit(__driver##_exit);
      | ^~~~~~~~~~~
./include/linux/hid.h:795:2: note: in expansion of macro ‘module_driver’
  795 |  module_driver(__hid_driver, hid_register_driver, \
      |  ^~~~~~~~~~~~~
drivers/hid/hid-chicony.c:100:1: note: in expansion of macro ‘module_hid_driver’
  100 | module_hid_driver(ch_driver);
      | ^~~~~~~~~~~~~~~~~
In file included from drivers/hid/hid-chicony.c:19:
drivers/hid/hid-chicony.c:100:19: note: ‘cleanup_module’ target declared here
  100 | module_hid_driver(ch_driver);
      |                   ^~~~~~~~~
./include/linux/device.h:1356:20: note: in definition of macro ‘module_driver’
 1356 | static void __exit __driver##_exit(void) \
      |                    ^~~~~~~~
drivers/hid/hid-chicony.c:100:1: note: in expansion of macro ‘module_hid_driver’
  100 | module_hid_driver(ch_driver);
      | ^~~~~~~~~~~~~~~~~
In file included from drivers/hid/hid-chicony.c:22:
./include/linux/module.h:132:6: warning: ‘init_module’ specifies less restrictive attribute than its target ‘ch_driver_init’: ‘cold’ [-Wmissing-attributes]
  132 |  int init_module(void) __attribute__((alias(#initfn)));
      |      ^~~~~~~~~~~
./include/linux/device.h:1355:1: note: in expansion of macro ‘module_init’
 1355 | module_init(__driver##_init); \
      | ^~~~~~~~~~~
./include/linux/hid.h:795:2: note: in expansion of macro ‘module_driver’
  795 |  module_driver(__hid_driver, hid_register_driver, \
      |  ^~~~~~~~~~~~~
drivers/hid/hid-chicony.c:100:1: note: in expansion of macro ‘module_hid_driver’
  100 | module_hid_driver(ch_driver);
      | ^~~~~~~~~~~~~~~~~
In file included from drivers/hid/hid-chicony.c:19:
drivers/hid/hid-chicony.c:100:19: note: ‘init_module’ target declared here
  100 | module_hid_driver(ch_driver);
      |                   ^~~~~~~~~
./include/linux/device.h:1351:19: note: in definition of macro ‘module_driver’
 1351 | static int __init __driver##_init(void) \
      |                   ^~~~~~~~
drivers/hid/hid-chicony.c:100:1: note: in expansion of macro ‘module_hid_driver’
  100 | module_hid_driver(ch_driver);
      | ^~~~~~~~~~~~~~~~~
  CC [M]  drivers/hid/hid-cypress.o
In file included from drivers/hid/hid-cypress.c:21:
./include/linux/module.h:138:7: warning: ‘cleanup_module’ specifies less restrictive attribute than its target ‘cp_driver_exit’: ‘cold’ [-Wmissing-attributes]
  138 |  void cleanup_module(void) __attribute__((alias(#exitfn)));
      |       ^~~~~~~~~~~~~~
./include/linux/device.h:1360:1: note: in expansion of macro ‘module_exit’
 1360 | module_exit(__driver##_exit);
      | ^~~~~~~~~~~
./include/linux/hid.h:795:2: note: in expansion of macro ‘module_driver’
  795 |  module_driver(__hid_driver, hid_register_driver, \
      |  ^~~~~~~~~~~~~
drivers/hid/hid-cypress.c:146:1: note: in expansion of macro ‘module_hid_driver’
  146 | module_hid_driver(cp_driver);
      | ^~~~~~~~~~~~~~~~~
In file included from drivers/hid/hid-cypress.c:18:
drivers/hid/hid-cypress.c:146:19: note: ‘cleanup_module’ target declared here
  146 | module_hid_driver(cp_driver);
      |                   ^~~~~~~~~
./include/linux/device.h:1356:20: note: in definition of macro ‘module_driver’
 1356 | static void __exit __driver##_exit(void) \
      |                    ^~~~~~~~
drivers/hid/hid-cypress.c:146:1: note: in expansion of macro ‘module_hid_driver’
  146 | module_hid_driver(cp_driver);
      | ^~~~~~~~~~~~~~~~~
In file included from drivers/hid/hid-cypress.c:21:
./include/linux/module.h:132:6: warning: ‘init_module’ specifies less restrictive attribute than its target ‘cp_driver_init’: ‘cold’ [-Wmissing-attributes]
  132 |  int init_module(void) __attribute__((alias(#initfn)));
      |      ^~~~~~~~~~~
./include/linux/device.h:1355:1: note: in expansion of macro ‘module_init’
 1355 | module_init(__driver##_init); \
      | ^~~~~~~~~~~
./include/linux/hid.h:795:2: note: in expansion of macro ‘module_driver’
  795 |  module_driver(__hid_driver, hid_register_driver, \
      |  ^~~~~~~~~~~~~
drivers/hid/hid-cypress.c:146:1: note: in expansion of macro ‘module_hid_driver’
  146 | module_hid_driver(cp_driver);
      | ^~~~~~~~~~~~~~~~~
In file included from drivers/hid/hid-cypress.c:18:
drivers/hid/hid-cypress.c:146:19: note: ‘init_module’ target declared here
  146 | module_hid_driver(cp_driver);
      |                   ^~~~~~~~~
./include/linux/device.h:1351:19: note: in definition of macro ‘module_driver’
 1351 | static int __init __driver##_init(void) \
      |                   ^~~~~~~~
drivers/hid/hid-cypress.c:146:1: note: in expansion of macro ‘module_hid_driver’
  146 | module_hid_driver(cp_driver);
      | ^~~~~~~~~~~~~~~~~
  CC [M]  drivers/hid/hid-dr.o
In file included from drivers/hid/hid-dr.c:33:
./include/linux/module.h:138:7: warning: ‘cleanup_module’ specifies less restrictive attribute than its target ‘dr_driver_exit’: ‘cold’ [-Wmissing-attributes]
  138 |  void cleanup_module(void) __attribute__((alias(#exitfn)));
      |       ^~~~~~~~~~~~~~
./include/linux/device.h:1360:1: note: in expansion of macro ‘module_exit’
 1360 | module_exit(__driver##_exit);
      | ^~~~~~~~~~~
./include/linux/hid.h:795:2: note: in expansion of macro ‘module_driver’
  795 |  module_driver(__hid_driver, hid_register_driver, \
      |  ^~~~~~~~~~~~~
drivers/hid/hid-dr.c:323:1: note: in expansion of macro ‘module_hid_driver’
  323 | module_hid_driver(dr_driver);
      | ^~~~~~~~~~~~~~~~~
In file included from ./include/linux/input.h:22,
                 from drivers/hid/hid-dr.c:30:
drivers/hid/hid-dr.c:323:19: note: ‘cleanup_module’ target declared here
  323 | module_hid_driver(dr_driver);
      |                   ^~~~~~~~~
./include/linux/device.h:1356:20: note: in definition of macro ‘module_driver’
 1356 | static void __exit __driver##_exit(void) \
      |                    ^~~~~~~~
drivers/hid/hid-dr.c:323:1: note: in expansion of macro ‘module_hid_driver’
  323 | module_hid_driver(dr_driver);
      | ^~~~~~~~~~~~~~~~~
In file included from drivers/hid/hid-dr.c:33:
./include/linux/module.h:132:6: warning: ‘init_module’ specifies less restrictive attribute than its target ‘dr_driver_init’: ‘cold’ [-Wmissing-attributes]
  132 |  int init_module(void) __attribute__((alias(#initfn)));
      |      ^~~~~~~~~~~
./include/linux/device.h:1355:1: note: in expansion of macro ‘module_init’
 1355 | module_init(__driver##_init); \
      | ^~~~~~~~~~~
./include/linux/hid.h:795:2: note: in expansion of macro ‘module_driver’
  795 |  module_driver(__hid_driver, hid_register_driver, \
      |  ^~~~~~~~~~~~~
drivers/hid/hid-dr.c:323:1: note: in expansion of macro ‘module_hid_driver’
  323 | module_hid_driver(dr_driver);
      | ^~~~~~~~~~~~~~~~~
In file included from ./include/linux/input.h:22,
                 from drivers/hid/hid-dr.c:30:
drivers/hid/hid-dr.c:323:19: note: ‘init_module’ target declared here
  323 | module_hid_driver(dr_driver);
      |                   ^~~~~~~~~
./include/linux/device.h:1351:19: note: in definition of macro ‘module_driver’
 1351 | static int __init __driver##_init(void) \
      |                   ^~~~~~~~
drivers/hid/hid-dr.c:323:1: note: in expansion of macro ‘module_hid_driver’
  323 | module_hid_driver(dr_driver);
      | ^~~~~~~~~~~~~~~~~
  CC [M]  drivers/hid/hid-emsff.o
In file included from drivers/hid/hid-emsff.c:26:
./include/linux/module.h:138:7: warning: ‘cleanup_module’ specifies less restrictive attribute than its target ‘ems_driver_exit’: ‘cold’ [-Wmissing-attributes]
  138 |  void cleanup_module(void) __attribute__((alias(#exitfn)));
      |       ^~~~~~~~~~~~~~
./include/linux/device.h:1360:1: note: in expansion of macro ‘module_exit’
 1360 | module_exit(__driver##_exit);
      | ^~~~~~~~~~~
./include/linux/hid.h:795:2: note: in expansion of macro ‘module_driver’
  795 |  module_driver(__hid_driver, hid_register_driver, \
      |  ^~~~~~~~~~~~~
drivers/hid/hid-emsff.c:151:1: note: in expansion of macro ‘module_hid_driver’
  151 | module_hid_driver(ems_driver);
      | ^~~~~~~~~~~~~~~~~
In file included from ./include/linux/input.h:22,
                 from ./include/linux/hid.h:35,
                 from drivers/hid/hid-emsff.c:24:
drivers/hid/hid-emsff.c:151:19: note: ‘cleanup_module’ target declared here
  151 | module_hid_driver(ems_driver);
      |                   ^~~~~~~~~~
./include/linux/device.h:1356:20: note: in definition of macro ‘module_driver’
 1356 | static void __exit __driver##_exit(void) \
      |                    ^~~~~~~~
drivers/hid/hid-emsff.c:151:1: note: in expansion of macro ‘module_hid_driver’
  151 | module_hid_driver(ems_driver);
      | ^~~~~~~~~~~~~~~~~
In file included from drivers/hid/hid-emsff.c:26:
./include/linux/module.h:132:6: warning: ‘init_module’ specifies less restrictive attribute than its target ‘ems_driver_init’: ‘cold’ [-Wmissing-attributes]
  132 |  int init_module(void) __attribute__((alias(#initfn)));
      |      ^~~~~~~~~~~
./include/linux/device.h:1355:1: note: in expansion of macro ‘module_init’
 1355 | module_init(__driver##_init); \
      | ^~~~~~~~~~~
./include/linux/hid.h:795:2: note: in expansion of macro ‘module_driver’
  795 |  module_driver(__hid_driver, hid_register_driver, \
      |  ^~~~~~~~~~~~~
drivers/hid/hid-emsff.c:151:1: note: in expansion of macro ‘module_hid_driver’
  151 | module_hid_driver(ems_driver);
      | ^~~~~~~~~~~~~~~~~
In file included from ./include/linux/input.h:22,
                 from ./include/linux/hid.h:35,
                 from drivers/hid/hid-emsff.c:24:
drivers/hid/hid-emsff.c:151:19: note: ‘init_module’ target declared here
  151 | module_hid_driver(ems_driver);
      |                   ^~~~~~~~~~
./include/linux/device.h:1351:19: note: in definition of macro ‘module_driver’
 1351 | static int __init __driver##_init(void) \
      |                   ^~~~~~~~
drivers/hid/hid-emsff.c:151:1: note: in expansion of macro ‘module_hid_driver’
  151 | module_hid_driver(ems_driver);
      | ^~~~~~~~~~~~~~~~~
  CC [M]  drivers/hid/hid-elecom.o
In file included from drivers/hid/hid-elecom.c:19:
./include/linux/module.h:138:7: warning: ‘cleanup_module’ specifies less restrictive attribute than its target ‘elecom_driver_exit’: ‘cold’ [-Wmissing-attributes]
  138 |  void cleanup_module(void) __attribute__((alias(#exitfn)));
      |       ^~~~~~~~~~~~~~
./include/linux/device.h:1360:1: note: in expansion of macro ‘module_exit’
 1360 | module_exit(__driver##_exit);
      | ^~~~~~~~~~~
./include/linux/hid.h:795:2: note: in expansion of macro ‘module_driver’
  795 |  module_driver(__hid_driver, hid_register_driver, \
      |  ^~~~~~~~~~~~~
drivers/hid/hid-elecom.c:44:1: note: in expansion of macro ‘module_hid_driver’
   44 | module_hid_driver(elecom_driver);
      | ^~~~~~~~~~~~~~~~~
In file included from drivers/hid/hid-elecom.c:17:
drivers/hid/hid-elecom.c:44:19: note: ‘cleanup_module’ target declared here
   44 | module_hid_driver(elecom_driver);
      |                   ^~~~~~~~~~~~~
./include/linux/device.h:1356:20: note: in definition of macro ‘module_driver’
 1356 | static void __exit __driver##_exit(void) \
      |                    ^~~~~~~~
drivers/hid/hid-elecom.c:44:1: note: in expansion of macro ‘module_hid_driver’
   44 | module_hid_driver(elecom_driver);
      | ^~~~~~~~~~~~~~~~~
In file included from drivers/hid/hid-elecom.c:19:
./include/linux/module.h:132:6: warning: ‘init_module’ specifies less restrictive attribute than its target ‘elecom_driver_init’: ‘cold’ [-Wmissing-attributes]
  132 |  int init_module(void) __attribute__((alias(#initfn)));
      |      ^~~~~~~~~~~
./include/linux/device.h:1355:1: note: in expansion of macro ‘module_init’
 1355 | module_init(__driver##_init); \
      | ^~~~~~~~~~~
./include/linux/hid.h:795:2: note: in expansion of macro ‘module_driver’
  795 |  module_driver(__hid_driver, hid_register_driver, \
      |  ^~~~~~~~~~~~~
drivers/hid/hid-elecom.c:44:1: note: in expansion of macro ‘module_hid_driver’
   44 | module_hid_driver(elecom_driver);
      | ^~~~~~~~~~~~~~~~~
In file included from drivers/hid/hid-elecom.c:17:
drivers/hid/hid-elecom.c:44:19: note: ‘init_module’ target declared here
   44 | module_hid_driver(elecom_driver);
      |                   ^~~~~~~~~~~~~
./include/linux/device.h:1351:19: note: in definition of macro ‘module_driver’
 1351 | static int __init __driver##_init(void) \
      |                   ^~~~~~~~
drivers/hid/hid-elecom.c:44:1: note: in expansion of macro ‘module_hid_driver’
   44 | module_hid_driver(elecom_driver);
      | ^~~~~~~~~~~~~~~~~
  CC [M]  drivers/hid/hid-elo.o
In file included from drivers/hid/hid-elo.c:13:
./include/linux/module.h:138:7: warning: ‘cleanup_module’ specifies less restrictive attribute than its target ‘elo_driver_exit’: ‘cold’ [-Wmissing-attributes]
  138 |  void cleanup_module(void) __attribute__((alias(#exitfn)));
      |       ^~~~~~~~~~~~~~
drivers/hid/hid-elo.c:305:1: note: in expansion of macro ‘module_exit’
  305 | module_exit(elo_driver_exit);
      | ^~~~~~~~~~~
drivers/hid/hid-elo.c:300:20: note: ‘cleanup_module’ target declared here
  300 | static void __exit elo_driver_exit(void)
      |                    ^~~~~~~~~~~~~~~
In file included from drivers/hid/hid-elo.c:13:
./include/linux/module.h:132:6: warning: ‘init_module’ specifies less restrictive attribute than its target ‘elo_driver_init’: ‘cold’ [-Wmissing-attributes]
  132 |  int init_module(void) __attribute__((alias(#initfn)));
      |      ^~~~~~~~~~~
drivers/hid/hid-elo.c:298:1: note: in expansion of macro ‘module_init’
  298 | module_init(elo_driver_init);
      | ^~~~~~~~~~~
drivers/hid/hid-elo.c:284:19: note: ‘init_module’ target declared here
  284 | static int __init elo_driver_init(void)
      |                   ^~~~~~~~~~~~~~~
  CC [M]  drivers/hid/hid-ezkey.o
In file included from drivers/hid/hid-ezkey.c:21:
./include/linux/module.h:138:7: warning: ‘cleanup_module’ specifies less restrictive attribute than its target ‘ez_driver_exit’: ‘cold’ [-Wmissing-attributes]
  138 |  void cleanup_module(void) __attribute__((alias(#exitfn)));
      |       ^~~~~~~~~~~~~~
./include/linux/device.h:1360:1: note: in expansion of macro ‘module_exit’
 1360 | module_exit(__driver##_exit);
      | ^~~~~~~~~~~
./include/linux/hid.h:795:2: note: in expansion of macro ‘module_driver’
  795 |  module_driver(__hid_driver, hid_register_driver, \
      |  ^~~~~~~~~~~~~
drivers/hid/hid-ezkey.c:79:1: note: in expansion of macro ‘module_hid_driver’
   79 | module_hid_driver(ez_driver);
      | ^~~~~~~~~~~~~~~~~
In file included from drivers/hid/hid-ezkey.c:18:
drivers/hid/hid-ezkey.c:79:19: note: ‘cleanup_module’ target declared here
   79 | module_hid_driver(ez_driver);
      |                   ^~~~~~~~~
./include/linux/device.h:1356:20: note: in definition of macro ‘module_driver’
 1356 | static void __exit __driver##_exit(void) \
      |                    ^~~~~~~~
drivers/hid/hid-ezkey.c:79:1: note: in expansion of macro ‘module_hid_driver’
   79 | module_hid_driver(ez_driver);
      | ^~~~~~~~~~~~~~~~~
In file included from drivers/hid/hid-ezkey.c:21:
./include/linux/module.h:132:6: warning: ‘init_module’ specifies less restrictive attribute than its target ‘ez_driver_init’: ‘cold’ [-Wmissing-attributes]
  132 |  int init_module(void) __attribute__((alias(#initfn)));
      |      ^~~~~~~~~~~
./include/linux/device.h:1355:1: note: in expansion of macro ‘module_init’
 1355 | module_init(__driver##_init); \
      | ^~~~~~~~~~~
./include/linux/hid.h:795:2: note: in expansion of macro ‘module_driver’
  795 |  module_driver(__hid_driver, hid_register_driver, \
      |  ^~~~~~~~~~~~~
drivers/hid/hid-ezkey.c:79:1: note: in expansion of macro ‘module_hid_driver’
   79 | module_hid_driver(ez_driver);
      | ^~~~~~~~~~~~~~~~~
In file included from drivers/hid/hid-ezkey.c:18:
drivers/hid/hid-ezkey.c:79:19: note: ‘init_module’ target declared here
   79 | module_hid_driver(ez_driver);
      |                   ^~~~~~~~~
./include/linux/device.h:1351:19: note: in definition of macro ‘module_driver’
 1351 | static int __init __driver##_init(void) \
      |                   ^~~~~~~~
drivers/hid/hid-ezkey.c:79:1: note: in expansion of macro ‘module_hid_driver’
   79 | module_hid_driver(ez_driver);
      | ^~~~~~~~~~~~~~~~~
  CC [M]  drivers/hid/hid-gembird.o
In file included from drivers/hid/hid-gembird.c:17:
./include/linux/module.h:138:7: warning: ‘cleanup_module’ specifies less restrictive attribute than its target ‘gembird_driver_exit’: ‘cold’ [-Wmissing-attributes]
  138 |  void cleanup_module(void) __attribute__((alias(#exitfn)));
      |       ^~~~~~~~~~~~~~
./include/linux/device.h:1360:1: note: in expansion of macro ‘module_exit’
 1360 | module_exit(__driver##_exit);
      | ^~~~~~~~~~~
./include/linux/hid.h:795:2: note: in expansion of macro ‘module_driver’
  795 |  module_driver(__hid_driver, hid_register_driver, \
      |  ^~~~~~~~~~~~~
drivers/hid/hid-gembird.c:112:1: note: in expansion of macro ‘module_hid_driver’
  112 | module_hid_driver(gembird_driver);
      | ^~~~~~~~~~~~~~~~~
In file included from drivers/hid/hid-gembird.c:15:
drivers/hid/hid-gembird.c:112:19: note: ‘cleanup_module’ target declared here
  112 | module_hid_driver(gembird_driver);
      |                   ^~~~~~~~~~~~~~
./include/linux/device.h:1356:20: note: in definition of macro ‘module_driver’
 1356 | static void __exit __driver##_exit(void) \
      |                    ^~~~~~~~
drivers/hid/hid-gembird.c:112:1: note: in expansion of macro ‘module_hid_driver’
  112 | module_hid_driver(gembird_driver);
      | ^~~~~~~~~~~~~~~~~
In file included from drivers/hid/hid-gembird.c:17:
./include/linux/module.h:132:6: warning: ‘init_module’ specifies less restrictive attribute than its target ‘gembird_driver_init’: ‘cold’ [-Wmissing-attributes]
  132 |  int init_module(void) __attribute__((alias(#initfn)));
      |      ^~~~~~~~~~~
./include/linux/device.h:1355:1: note: in expansion of macro ‘module_init’
 1355 | module_init(__driver##_init); \
      | ^~~~~~~~~~~
./include/linux/hid.h:795:2: note: in expansion of macro ‘module_driver’
  795 |  module_driver(__hid_driver, hid_register_driver, \
      |  ^~~~~~~~~~~~~
drivers/hid/hid-gembird.c:112:1: note: in expansion of macro ‘module_hid_driver’
  112 | module_hid_driver(gembird_driver);
      | ^~~~~~~~~~~~~~~~~
In file included from drivers/hid/hid-gembird.c:15:
drivers/hid/hid-gembird.c:112:19: note: ‘init_module’ target declared here
  112 | module_hid_driver(gembird_driver);
      |                   ^~~~~~~~~~~~~~
./include/linux/device.h:1351:19: note: in definition of macro ‘module_driver’
 1351 | static int __init __driver##_init(void) \
      |                   ^~~~~~~~
drivers/hid/hid-gembird.c:112:1: note: in expansion of macro ‘module_hid_driver’
  112 | module_hid_driver(gembird_driver);
      | ^~~~~~~~~~~~~~~~~
  CC [M]  drivers/hid/hid-gyration.o
In file included from drivers/hid/hid-gyration.c:21:
./include/linux/module.h:138:7: warning: ‘cleanup_module’ specifies less restrictive attribute than its target ‘gyration_driver_exit’: ‘cold’ [-Wmissing-attributes]
  138 |  void cleanup_module(void) __attribute__((alias(#exitfn)));
      |       ^~~~~~~~~~~~~~
./include/linux/device.h:1360:1: note: in expansion of macro ‘module_exit’
 1360 | module_exit(__driver##_exit);
      | ^~~~~~~~~~~
./include/linux/hid.h:795:2: note: in expansion of macro ‘module_driver’
  795 |  module_driver(__hid_driver, hid_register_driver, \
      |  ^~~~~~~~~~~~~
drivers/hid/hid-gyration.c:91:1: note: in expansion of macro ‘module_hid_driver’
   91 | module_hid_driver(gyration_driver);
      | ^~~~~~~~~~~~~~~~~
In file included from drivers/hid/hid-gyration.c:18:
drivers/hid/hid-gyration.c:91:19: note: ‘cleanup_module’ target declared here
   91 | module_hid_driver(gyration_driver);
      |                   ^~~~~~~~~~~~~~~
./include/linux/device.h:1356:20: note: in definition of macro ‘module_driver’
 1356 | static void __exit __driver##_exit(void) \
      |                    ^~~~~~~~
drivers/hid/hid-gyration.c:91:1: note: in expansion of macro ‘module_hid_driver’
   91 | module_hid_driver(gyration_driver);
      | ^~~~~~~~~~~~~~~~~
In file included from drivers/hid/hid-gyration.c:21:
./include/linux/module.h:132:6: warning: ‘init_module’ specifies less restrictive attribute than its target ‘gyration_driver_init’: ‘cold’ [-Wmissing-attributes]
  132 |  int init_module(void) __attribute__((alias(#initfn)));
      |      ^~~~~~~~~~~
./include/linux/device.h:1355:1: note: in expansion of macro ‘module_init’
 1355 | module_init(__driver##_init); \
      | ^~~~~~~~~~~
./include/linux/hid.h:795:2: note: in expansion of macro ‘module_driver’
  795 |  module_driver(__hid_driver, hid_register_driver, \
      |  ^~~~~~~~~~~~~
drivers/hid/hid-gyration.c:91:1: note: in expansion of macro ‘module_hid_driver’
   91 | module_hid_driver(gyration_driver);
      | ^~~~~~~~~~~~~~~~~
In file included from drivers/hid/hid-gyration.c:18:
drivers/hid/hid-gyration.c:91:19: note: ‘init_module’ target declared here
   91 | module_hid_driver(gyration_driver);
      |                   ^~~~~~~~~~~~~~~
./include/linux/device.h:1351:19: note: in definition of macro ‘module_driver’
 1351 | static int __init __driver##_init(void) \
      |                   ^~~~~~~~
drivers/hid/hid-gyration.c:91:1: note: in expansion of macro ‘module_hid_driver’
   91 | module_hid_driver(gyration_driver);
      | ^~~~~~~~~~~~~~~~~
  CC [M]  drivers/hid/hid-holtek-kbd.o
In file included from drivers/hid/hid-holtek-kbd.c:15:
./include/linux/module.h:138:7: warning: ‘cleanup_module’ specifies less restrictive attribute than its target ‘holtek_kbd_driver_exit’: ‘cold’ [-Wmissing-attributes]
  138 |  void cleanup_module(void) __attribute__((alias(#exitfn)));
      |       ^~~~~~~~~~~~~~
./include/linux/device.h:1360:1: note: in expansion of macro ‘module_exit’
 1360 | module_exit(__driver##_exit);
      | ^~~~~~~~~~~
./include/linux/hid.h:795:2: note: in expansion of macro ‘module_driver’
  795 |  module_driver(__hid_driver, hid_register_driver, \
      |  ^~~~~~~~~~~~~
drivers/hid/hid-holtek-kbd.c:170:1: note: in expansion of macro ‘module_hid_driver’
  170 | module_hid_driver(holtek_kbd_driver);
      | ^~~~~~~~~~~~~~~~~
In file included from drivers/hid/hid-holtek-kbd.c:13:
drivers/hid/hid-holtek-kbd.c:170:19: note: ‘cleanup_module’ target declared here
  170 | module_hid_driver(holtek_kbd_driver);
      |                   ^~~~~~~~~~~~~~~~~
./include/linux/device.h:1356:20: note: in definition of macro ‘module_driver’
 1356 | static void __exit __driver##_exit(void) \
      |                    ^~~~~~~~
drivers/hid/hid-holtek-kbd.c:170:1: note: in expansion of macro ‘module_hid_driver’
  170 | module_hid_driver(holtek_kbd_driver);
      | ^~~~~~~~~~~~~~~~~
In file included from drivers/hid/hid-holtek-kbd.c:15:
./include/linux/module.h:132:6: warning: ‘init_module’ specifies less restrictive attribute than its target ‘holtek_kbd_driver_init’: ‘cold’ [-Wmissing-attributes]
  132 |  int init_module(void) __attribute__((alias(#initfn)));
      |      ^~~~~~~~~~~
./include/linux/device.h:1355:1: note: in expansion of macro ‘module_init’
 1355 | module_init(__driver##_init); \
      | ^~~~~~~~~~~
./include/linux/hid.h:795:2: note: in expansion of macro ‘module_driver’
  795 |  module_driver(__hid_driver, hid_register_driver, \
      |  ^~~~~~~~~~~~~
drivers/hid/hid-holtek-kbd.c:170:1: note: in expansion of macro ‘module_hid_driver’
  170 | module_hid_driver(holtek_kbd_driver);
      | ^~~~~~~~~~~~~~~~~
In file included from drivers/hid/hid-holtek-kbd.c:13:
drivers/hid/hid-holtek-kbd.c:170:19: note: ‘init_module’ target declared here
  170 | module_hid_driver(holtek_kbd_driver);
      |                   ^~~~~~~~~~~~~~~~~
./include/linux/device.h:1351:19: note: in definition of macro ‘module_driver’
 1351 | static int __init __driver##_init(void) \
      |                   ^~~~~~~~
drivers/hid/hid-holtek-kbd.c:170:1: note: in expansion of macro ‘module_hid_driver’
  170 | module_hid_driver(holtek_kbd_driver);
      | ^~~~~~~~~~~~~~~~~
  CC [M]  drivers/hid/hid-holtek-mouse.o
In file included from drivers/hid/hid-holtek-mouse.c:16:
./include/linux/module.h:138:7: warning: ‘cleanup_module’ specifies less restrictive attribute than its target ‘holtek_mouse_driver_exit’: ‘cold’ [-Wmissing-attributes]
  138 |  void cleanup_module(void) __attribute__((alias(#exitfn)));
      |       ^~~~~~~~~~~~~~
./include/linux/device.h:1360:1: note: in expansion of macro ‘module_exit’
 1360 | module_exit(__driver##_exit);
      | ^~~~~~~~~~~
./include/linux/hid.h:795:2: note: in expansion of macro ‘module_driver’
  795 |  module_driver(__hid_driver, hid_register_driver, \
      |  ^~~~~~~~~~~~~
drivers/hid/hid-holtek-mouse.c:91:1: note: in expansion of macro ‘module_hid_driver’
   91 | module_hid_driver(holtek_mouse_driver);
      | ^~~~~~~~~~~~~~~~~
In file included from ./include/linux/input.h:22,
                 from ./include/linux/hid.h:35,
                 from drivers/hid/hid-holtek-mouse.c:15:
drivers/hid/hid-holtek-mouse.c:91:19: note: ‘cleanup_module’ target declared here
   91 | module_hid_driver(holtek_mouse_driver);
      |                   ^~~~~~~~~~~~~~~~~~~
./include/linux/device.h:1356:20: note: in definition of macro ‘module_driver’
 1356 | static void __exit __driver##_exit(void) \
      |                    ^~~~~~~~
drivers/hid/hid-holtek-mouse.c:91:1: note: in expansion of macro ‘module_hid_driver’
   91 | module_hid_driver(holtek_mouse_driver);
      | ^~~~~~~~~~~~~~~~~
In file included from drivers/hid/hid-holtek-mouse.c:16:
./include/linux/module.h:132:6: warning: ‘init_module’ specifies less restrictive attribute than its target ‘holtek_mouse_driver_init’: ‘cold’ [-Wmissing-attributes]
  132 |  int init_module(void) __attribute__((alias(#initfn)));
      |      ^~~~~~~~~~~
./include/linux/device.h:1355:1: note: in expansion of macro ‘module_init’
 1355 | module_init(__driver##_init); \
      | ^~~~~~~~~~~
./include/linux/hid.h:795:2: note: in expansion of macro ‘module_driver’
  795 |  module_driver(__hid_driver, hid_register_driver, \
      |  ^~~~~~~~~~~~~
drivers/hid/hid-holtek-mouse.c:91:1: note: in expansion of macro ‘module_hid_driver’
   91 | module_hid_driver(holtek_mouse_driver);
      | ^~~~~~~~~~~~~~~~~
In file included from ./include/linux/input.h:22,
                 from ./include/linux/hid.h:35,
                 from drivers/hid/hid-holtek-mouse.c:15:
drivers/hid/hid-holtek-mouse.c:91:19: note: ‘init_module’ target declared here
   91 | module_hid_driver(holtek_mouse_driver);
      |                   ^~~~~~~~~~~~~~~~~~~
./include/linux/device.h:1351:19: note: in definition of macro ‘module_driver’
 1351 | static int __init __driver##_init(void) \
      |                   ^~~~~~~~
drivers/hid/hid-holtek-mouse.c:91:1: note: in expansion of macro ‘module_hid_driver’
   91 | module_hid_driver(holtek_mouse_driver);
      | ^~~~~~~~~~~~~~~~~
  CC [M]  drivers/hid/hid-holtekff.o
In file included from drivers/hid/hid-holtekff.c:28:
./include/linux/module.h:138:7: warning: ‘cleanup_module’ specifies less restrictive attribute than its target ‘holtek_driver_exit’: ‘cold’ [-Wmissing-attributes]
  138 |  void cleanup_module(void) __attribute__((alias(#exitfn)));
      |       ^~~~~~~~~~~~~~
./include/linux/device.h:1360:1: note: in expansion of macro ‘module_exit’
 1360 | module_exit(__driver##_exit);
      | ^~~~~~~~~~~
./include/linux/hid.h:795:2: note: in expansion of macro ‘module_driver’
  795 |  module_driver(__hid_driver, hid_register_driver, \
      |  ^~~~~~~~~~~~~
drivers/hid/hid-holtekff.c:225:1: note: in expansion of macro ‘module_hid_driver’
  225 | module_hid_driver(holtek_driver);
      | ^~~~~~~~~~~~~~~~~
In file included from ./include/linux/input.h:22,
                 from ./include/linux/hid.h:35,
                 from drivers/hid/hid-holtekff.c:26:
drivers/hid/hid-holtekff.c:225:19: note: ‘cleanup_module’ target declared here
  225 | module_hid_driver(holtek_driver);
      |                   ^~~~~~~~~~~~~
./include/linux/device.h:1356:20: note: in definition of macro ‘module_driver’
 1356 | static void __exit __driver##_exit(void) \
      |                    ^~~~~~~~
drivers/hid/hid-holtekff.c:225:1: note: in expansion of macro ‘module_hid_driver’
  225 | module_hid_driver(holtek_driver);
      | ^~~~~~~~~~~~~~~~~
In file included from drivers/hid/hid-holtekff.c:28:
./include/linux/module.h:132:6: warning: ‘init_module’ specifies less restrictive attribute than its target ‘holtek_driver_init’: ‘cold’ [-Wmissing-attributes]
  132 |  int init_module(void) __attribute__((alias(#initfn)));
      |      ^~~~~~~~~~~
./include/linux/device.h:1355:1: note: in expansion of macro ‘module_init’
 1355 | module_init(__driver##_init); \
      | ^~~~~~~~~~~
./include/linux/hid.h:795:2: note: in expansion of macro ‘module_driver’
  795 |  module_driver(__hid_driver, hid_register_driver, \
      |  ^~~~~~~~~~~~~
drivers/hid/hid-holtekff.c:225:1: note: in expansion of macro ‘module_hid_driver’
  225 | module_hid_driver(holtek_driver);
      | ^~~~~~~~~~~~~~~~~
In file included from ./include/linux/input.h:22,
                 from ./include/linux/hid.h:35,
                 from drivers/hid/hid-holtekff.c:26:
drivers/hid/hid-holtekff.c:225:19: note: ‘init_module’ target declared here
  225 | module_hid_driver(holtek_driver);
      |                   ^~~~~~~~~~~~~
./include/linux/device.h:1351:19: note: in definition of macro ‘module_driver’
 1351 | static int __init __driver##_init(void) \
      |                   ^~~~~~~~
drivers/hid/hid-holtekff.c:225:1: note: in expansion of macro ‘module_hid_driver’
  225 | module_hid_driver(holtek_driver);
      | ^~~~~~~~~~~~~~~~~
  CC [M]  drivers/hid/hid-kensington.o
In file included from drivers/hid/hid-kensington.c:17:
./include/linux/module.h:138:7: warning: ‘cleanup_module’ specifies less restrictive attribute than its target ‘ks_driver_exit’: ‘cold’ [-Wmissing-attributes]
  138 |  void cleanup_module(void) __attribute__((alias(#exitfn)));
      |       ^~~~~~~~~~~~~~
./include/linux/device.h:1360:1: note: in expansion of macro ‘module_exit’
 1360 | module_exit(__driver##_exit);
      | ^~~~~~~~~~~
./include/linux/hid.h:795:2: note: in expansion of macro ‘module_driver’
  795 |  module_driver(__hid_driver, hid_register_driver, \
      |  ^~~~~~~~~~~~~
drivers/hid/hid-kensington.c:50:1: note: in expansion of macro ‘module_hid_driver’
   50 | module_hid_driver(ks_driver);
      | ^~~~~~~~~~~~~~~~~
In file included from drivers/hid/hid-kensington.c:14:
drivers/hid/hid-kensington.c:50:19: note: ‘cleanup_module’ target declared here
   50 | module_hid_driver(ks_driver);
      |                   ^~~~~~~~~
./include/linux/device.h:1356:20: note: in definition of macro ‘module_driver’
 1356 | static void __exit __driver##_exit(void) \
      |                    ^~~~~~~~
drivers/hid/hid-kensington.c:50:1: note: in expansion of macro ‘module_hid_driver’
   50 | module_hid_driver(ks_driver);
      | ^~~~~~~~~~~~~~~~~
In file included from drivers/hid/hid-kensington.c:17:
./include/linux/module.h:132:6: warning: ‘init_module’ specifies less restrictive attribute than its target ‘ks_driver_init’: ‘cold’ [-Wmissing-attributes]
  132 |  int init_module(void) __attribute__((alias(#initfn)));
      |      ^~~~~~~~~~~
./include/linux/device.h:1355:1: note: in expansion of macro ‘module_init’
 1355 | module_init(__driver##_init); \
      | ^~~~~~~~~~~
./include/linux/hid.h:795:2: note: in expansion of macro ‘module_driver’
  795 |  module_driver(__hid_driver, hid_register_driver, \
      |  ^~~~~~~~~~~~~
drivers/hid/hid-kensington.c:50:1: note: in expansion of macro ‘module_hid_driver’
   50 | module_hid_driver(ks_driver);
      | ^~~~~~~~~~~~~~~~~
In file included from drivers/hid/hid-kensington.c:14:
drivers/hid/hid-kensington.c:50:19: note: ‘init_module’ target declared here
   50 | module_hid_driver(ks_driver);
      |                   ^~~~~~~~~
./include/linux/device.h:1351:19: note: in definition of macro ‘module_driver’
 1351 | static int __init __driver##_init(void) \
      |                   ^~~~~~~~
drivers/hid/hid-kensington.c:50:1: note: in expansion of macro ‘module_hid_driver’
   50 | module_hid_driver(ks_driver);
      | ^~~~~~~~~~~~~~~~~
  CC [M]  drivers/hid/hid-keytouch.o
In file included from drivers/hid/hid-keytouch.c:16:
./include/linux/module.h:138:7: warning: ‘cleanup_module’ specifies less restrictive attribute than its target ‘keytouch_driver_exit’: ‘cold’ [-Wmissing-attributes]
  138 |  void cleanup_module(void) __attribute__((alias(#exitfn)));
      |       ^~~~~~~~~~~~~~
./include/linux/device.h:1360:1: note: in expansion of macro ‘module_exit’
 1360 | module_exit(__driver##_exit);
      | ^~~~~~~~~~~
./include/linux/hid.h:795:2: note: in expansion of macro ‘module_driver’
  795 |  module_driver(__hid_driver, hid_register_driver, \
      |  ^~~~~~~~~~~~~
drivers/hid/hid-keytouch.c:52:1: note: in expansion of macro ‘module_hid_driver’
   52 | module_hid_driver(keytouch_driver);
      | ^~~~~~~~~~~~~~~~~
In file included from drivers/hid/hid-keytouch.c:14:
drivers/hid/hid-keytouch.c:52:19: note: ‘cleanup_module’ target declared here
   52 | module_hid_driver(keytouch_driver);
      |                   ^~~~~~~~~~~~~~~
./include/linux/device.h:1356:20: note: in definition of macro ‘module_driver’
 1356 | static void __exit __driver##_exit(void) \
      |                    ^~~~~~~~
drivers/hid/hid-keytouch.c:52:1: note: in expansion of macro ‘module_hid_driver’
   52 | module_hid_driver(keytouch_driver);
      | ^~~~~~~~~~~~~~~~~
In file included from drivers/hid/hid-keytouch.c:16:
./include/linux/module.h:132:6: warning: ‘init_module’ specifies less restrictive attribute than its target ‘keytouch_driver_init’: ‘cold’ [-Wmissing-attributes]
  132 |  int init_module(void) __attribute__((alias(#initfn)));
      |      ^~~~~~~~~~~
./include/linux/device.h:1355:1: note: in expansion of macro ‘module_init’
 1355 | module_init(__driver##_init); \
      | ^~~~~~~~~~~
./include/linux/hid.h:795:2: note: in expansion of macro ‘module_driver’
  795 |  module_driver(__hid_driver, hid_register_driver, \
      |  ^~~~~~~~~~~~~
drivers/hid/hid-keytouch.c:52:1: note: in expansion of macro ‘module_hid_driver’
   52 | module_hid_driver(keytouch_driver);
      | ^~~~~~~~~~~~~~~~~
In file included from drivers/hid/hid-keytouch.c:14:
drivers/hid/hid-keytouch.c:52:19: note: ‘init_module’ target declared here
   52 | module_hid_driver(keytouch_driver);
      |                   ^~~~~~~~~~~~~~~
./include/linux/device.h:1351:19: note: in definition of macro ‘module_driver’
 1351 | static int __init __driver##_init(void) \
      |                   ^~~~~~~~
drivers/hid/hid-keytouch.c:52:1: note: in expansion of macro ‘module_hid_driver’
   52 | module_hid_driver(keytouch_driver);
      | ^~~~~~~~~~~~~~~~~
  CC [M]  drivers/hid/hid-kye.o
In file included from drivers/hid/hid-kye.c:18:
./include/linux/module.h:138:7: warning: ‘cleanup_module’ specifies less restrictive attribute than its target ‘kye_driver_exit’: ‘cold’ [-Wmissing-attributes]
  138 |  void cleanup_module(void) __attribute__((alias(#exitfn)));
      |       ^~~~~~~~~~~~~~
./include/linux/device.h:1360:1: note: in expansion of macro ‘module_exit’
 1360 | module_exit(__driver##_exit);
      | ^~~~~~~~~~~
./include/linux/hid.h:795:2: note: in expansion of macro ‘module_driver’
  795 |  module_driver(__hid_driver, hid_register_driver, \
      |  ^~~~~~~~~~~~~
drivers/hid/hid-kye.c:699:1: note: in expansion of macro ‘module_hid_driver’
  699 | module_hid_driver(kye_driver);
      | ^~~~~~~~~~~~~~~~~
In file included from drivers/hid/hid-kye.c:16:
drivers/hid/hid-kye.c:699:19: note: ‘cleanup_module’ target declared here
  699 | module_hid_driver(kye_driver);
      |                   ^~~~~~~~~~
./include/linux/device.h:1356:20: note: in definition of macro ‘module_driver’
 1356 | static void __exit __driver##_exit(void) \
      |                    ^~~~~~~~
drivers/hid/hid-kye.c:699:1: note: in expansion of macro ‘module_hid_driver’
  699 | module_hid_driver(kye_driver);
      | ^~~~~~~~~~~~~~~~~
In file included from drivers/hid/hid-kye.c:18:
./include/linux/module.h:132:6: warning: ‘init_module’ specifies less restrictive attribute than its target ‘kye_driver_init’: ‘cold’ [-Wmissing-attributes]
  132 |  int init_module(void) __attribute__((alias(#initfn)));
      |      ^~~~~~~~~~~
./include/linux/device.h:1355:1: note: in expansion of macro ‘module_init’
 1355 | module_init(__driver##_init); \
      | ^~~~~~~~~~~
./include/linux/hid.h:795:2: note: in expansion of macro ‘module_driver’
  795 |  module_driver(__hid_driver, hid_register_driver, \
      |  ^~~~~~~~~~~~~
drivers/hid/hid-kye.c:699:1: note: in expansion of macro ‘module_hid_driver’
  699 | module_hid_driver(kye_driver);
      | ^~~~~~~~~~~~~~~~~
In file included from drivers/hid/hid-kye.c:16:
drivers/hid/hid-kye.c:699:19: note: ‘init_module’ target declared here
  699 | module_hid_driver(kye_driver);
      |                   ^~~~~~~~~~
./include/linux/device.h:1351:19: note: in definition of macro ‘module_driver’
 1351 | static int __init __driver##_init(void) \
      |                   ^~~~~~~~
drivers/hid/hid-kye.c:699:1: note: in expansion of macro ‘module_hid_driver’
  699 | module_hid_driver(kye_driver);
      | ^~~~~~~~~~~~~~~~~
  CC [M]  drivers/hid/hid-lcpower.o
In file included from drivers/hid/hid-lcpower.c:17:
./include/linux/module.h:138:7: warning: ‘cleanup_module’ specifies less restrictive attribute than its target ‘ts_driver_exit’: ‘cold’ [-Wmissing-attributes]
  138 |  void cleanup_module(void) __attribute__((alias(#exitfn)));
      |       ^~~~~~~~~~~~~~
./include/linux/device.h:1360:1: note: in expansion of macro ‘module_exit’
 1360 | module_exit(__driver##_exit);
      | ^~~~~~~~~~~
./include/linux/hid.h:795:2: note: in expansion of macro ‘module_driver’
  795 |  module_driver(__hid_driver, hid_register_driver, \
      |  ^~~~~~~~~~~~~
drivers/hid/hid-lcpower.c:57:1: note: in expansion of macro ‘module_hid_driver’
   57 | module_hid_driver(ts_driver);
      | ^~~~~~~~~~~~~~~~~
In file included from drivers/hid/hid-lcpower.c:15:
drivers/hid/hid-lcpower.c:57:19: note: ‘cleanup_module’ target declared here
   57 | module_hid_driver(ts_driver);
      |                   ^~~~~~~~~
./include/linux/device.h:1356:20: note: in definition of macro ‘module_driver’
 1356 | static void __exit __driver##_exit(void) \
      |                    ^~~~~~~~
drivers/hid/hid-lcpower.c:57:1: note: in expansion of macro ‘module_hid_driver’
   57 | module_hid_driver(ts_driver);
      | ^~~~~~~~~~~~~~~~~
In file included from drivers/hid/hid-lcpower.c:17:
./include/linux/module.h:132:6: warning: ‘init_module’ specifies less restrictive attribute than its target ‘ts_driver_init’: ‘cold’ [-Wmissing-attributes]
  132 |  int init_module(void) __attribute__((alias(#initfn)));
      |      ^~~~~~~~~~~
./include/linux/device.h:1355:1: note: in expansion of macro ‘module_init’
 1355 | module_init(__driver##_init); \
      | ^~~~~~~~~~~
./include/linux/hid.h:795:2: note: in expansion of macro ‘module_driver’
  795 |  module_driver(__hid_driver, hid_register_driver, \
      |  ^~~~~~~~~~~~~
drivers/hid/hid-lcpower.c:57:1: note: in expansion of macro ‘module_hid_driver’
   57 | module_hid_driver(ts_driver);
      | ^~~~~~~~~~~~~~~~~
In file included from drivers/hid/hid-lcpower.c:15:
drivers/hid/hid-lcpower.c:57:19: note: ‘init_module’ target declared here
   57 | module_hid_driver(ts_driver);
      |                   ^~~~~~~~~
./include/linux/device.h:1351:19: note: in definition of macro ‘module_driver’
 1351 | static int __init __driver##_init(void) \
      |                   ^~~~~~~~
drivers/hid/hid-lcpower.c:57:1: note: in expansion of macro ‘module_hid_driver’
   57 | module_hid_driver(ts_driver);
      | ^~~~~~~~~~~~~~~~~
  CC [M]  drivers/hid/hid-lg.o
In file included from drivers/hid/hid-lg.c:21:
./include/linux/module.h:138:7: warning: ‘cleanup_module’ specifies less restrictive attribute than its target ‘lg_driver_exit’: ‘cold’ [-Wmissing-attributes]
  138 |  void cleanup_module(void) __attribute__((alias(#exitfn)));
      |       ^~~~~~~~~~~~~~
./include/linux/device.h:1360:1: note: in expansion of macro ‘module_exit’
 1360 | module_exit(__driver##_exit);
      | ^~~~~~~~~~~
./include/linux/hid.h:795:2: note: in expansion of macro ‘module_driver’
  795 |  module_driver(__hid_driver, hid_register_driver, \
      |  ^~~~~~~~~~~~~
drivers/hid/hid-lg.c:898:1: note: in expansion of macro ‘module_hid_driver’
  898 | module_hid_driver(lg_driver);
      | ^~~~~~~~~~~~~~~~~
In file included from drivers/hid/hid-lg.c:19:
drivers/hid/hid-lg.c:898:19: note: ‘cleanup_module’ target declared here
  898 | module_hid_driver(lg_driver);
      |                   ^~~~~~~~~
./include/linux/device.h:1356:20: note: in definition of macro ‘module_driver’
 1356 | static void __exit __driver##_exit(void) \
      |                    ^~~~~~~~
drivers/hid/hid-lg.c:898:1: note: in expansion of macro ‘module_hid_driver’
  898 | module_hid_driver(lg_driver);
      | ^~~~~~~~~~~~~~~~~
In file included from drivers/hid/hid-lg.c:21:
./include/linux/module.h:132:6: warning: ‘init_module’ specifies less restrictive attribute than its target ‘lg_driver_init’: ‘cold’ [-Wmissing-attributes]
  132 |  int init_module(void) __attribute__((alias(#initfn)));
      |      ^~~~~~~~~~~
./include/linux/device.h:1355:1: note: in expansion of macro ‘module_init’
 1355 | module_init(__driver##_init); \
      | ^~~~~~~~~~~
./include/linux/hid.h:795:2: note: in expansion of macro ‘module_driver’
  795 |  module_driver(__hid_driver, hid_register_driver, \
      |  ^~~~~~~~~~~~~
drivers/hid/hid-lg.c:898:1: note: in expansion of macro ‘module_hid_driver’
  898 | module_hid_driver(lg_driver);
      | ^~~~~~~~~~~~~~~~~
In file included from drivers/hid/hid-lg.c:19:
drivers/hid/hid-lg.c:898:19: note: ‘init_module’ target declared here
  898 | module_hid_driver(lg_driver);
      |                   ^~~~~~~~~
./include/linux/device.h:1351:19: note: in definition of macro ‘module_driver’
 1351 | static int __init __driver##_init(void) \
      |                   ^~~~~~~~
drivers/hid/hid-lg.c:898:1: note: in expansion of macro ‘module_hid_driver’
  898 | module_hid_driver(lg_driver);
      | ^~~~~~~~~~~~~~~~~
  CC [M]  drivers/hid/hid-lgff.o
  CC [M]  drivers/hid/hid-lg2ff.o
  CC [M]  drivers/hid/hid-lg3ff.o
  CC [M]  drivers/hid/hid-lg4ff.o
  LD [M]  drivers/hid/hid-logitech.o
  CC [M]  drivers/hid/hid-logitech-dj.o
In file included from drivers/hid/hid-logitech-dj.c:27:
./include/linux/module.h:138:7: warning: ‘cleanup_module’ specifies less restrictive attribute than its target ‘logi_djreceiver_driver_exit’: ‘cold’ [-Wmissing-attributes]
  138 |  void cleanup_module(void) __attribute__((alias(#exitfn)));
      |       ^~~~~~~~~~~~~~
./include/linux/device.h:1360:1: note: in expansion of macro ‘module_exit’
 1360 | module_exit(__driver##_exit);
      | ^~~~~~~~~~~
./include/linux/hid.h:795:2: note: in expansion of macro ‘module_driver’
  795 |  module_driver(__hid_driver, hid_register_driver, \
      |  ^~~~~~~~~~~~~
drivers/hid/hid-logitech-dj.c:1169:1: note: in expansion of macro ‘module_hid_driver’
 1169 | module_hid_driver(logi_djreceiver_driver);
      | ^~~~~~~~~~~~~~~~~
In file included from drivers/hid/hid-logitech-dj.c:25:
drivers/hid/hid-logitech-dj.c:1169:19: note: ‘cleanup_module’ target declared here
 1169 | module_hid_driver(logi_djreceiver_driver);
      |                   ^~~~~~~~~~~~~~~~~~~~~~
./include/linux/device.h:1356:20: note: in definition of macro ‘module_driver’
 1356 | static void __exit __driver##_exit(void) \
      |                    ^~~~~~~~
drivers/hid/hid-logitech-dj.c:1169:1: note: in expansion of macro ‘module_hid_driver’
 1169 | module_hid_driver(logi_djreceiver_driver);
      | ^~~~~~~~~~~~~~~~~
In file included from drivers/hid/hid-logitech-dj.c:27:
./include/linux/module.h:132:6: warning: ‘init_module’ specifies less restrictive attribute than its target ‘logi_djreceiver_driver_init’: ‘cold’ [-Wmissing-attributes]
  132 |  int init_module(void) __attribute__((alias(#initfn)));
      |      ^~~~~~~~~~~
./include/linux/device.h:1355:1: note: in expansion of macro ‘module_init’
 1355 | module_init(__driver##_init); \
      | ^~~~~~~~~~~
./include/linux/hid.h:795:2: note: in expansion of macro ‘module_driver’
  795 |  module_driver(__hid_driver, hid_register_driver, \
      |  ^~~~~~~~~~~~~
drivers/hid/hid-logitech-dj.c:1169:1: note: in expansion of macro ‘module_hid_driver’
 1169 | module_hid_driver(logi_djreceiver_driver);
      | ^~~~~~~~~~~~~~~~~
In file included from drivers/hid/hid-logitech-dj.c:25:
drivers/hid/hid-logitech-dj.c:1169:19: note: ‘init_module’ target declared here
 1169 | module_hid_driver(logi_djreceiver_driver);
      |                   ^~~~~~~~~~~~~~~~~~~~~~
./include/linux/device.h:1351:19: note: in definition of macro ‘module_driver’
 1351 | static int __init __driver##_init(void) \
      |                   ^~~~~~~~
drivers/hid/hid-logitech-dj.c:1169:1: note: in expansion of macro ‘module_hid_driver’
 1169 | module_hid_driver(logi_djreceiver_driver);
      | ^~~~~~~~~~~~~~~~~
  CC [M]  drivers/hid/hid-logitech-hidpp.o
In file included from drivers/hid/hid-logitech-hidpp.c:21:
./include/linux/module.h:138:7: warning: ‘cleanup_module’ specifies less restrictive attribute than its target ‘hidpp_driver_exit’: ‘cold’ [-Wmissing-attributes]
  138 |  void cleanup_module(void) __attribute__((alias(#exitfn)));
      |       ^~~~~~~~~~~~~~
./include/linux/device.h:1360:1: note: in expansion of macro ‘module_exit’
 1360 | module_exit(__driver##_exit);
      | ^~~~~~~~~~~
./include/linux/hid.h:795:2: note: in expansion of macro ‘module_driver’
  795 |  module_driver(__hid_driver, hid_register_driver, \
      |  ^~~~~~~~~~~~~
drivers/hid/hid-logitech-hidpp.c:2383:1: note: in expansion of macro ‘module_hid_driver’
 2383 | module_hid_driver(hidpp_driver);
      | ^~~~~~~~~~~~~~~~~
In file included from drivers/hid/hid-logitech-hidpp.c:17:
drivers/hid/hid-logitech-hidpp.c:2383:19: note: ‘cleanup_module’ target declared here
 2383 | module_hid_driver(hidpp_driver);
      |                   ^~~~~~~~~~~~
./include/linux/device.h:1356:20: note: in definition of macro ‘module_driver’
 1356 | static void __exit __driver##_exit(void) \
      |                    ^~~~~~~~
drivers/hid/hid-logitech-hidpp.c:2383:1: note: in expansion of macro ‘module_hid_driver’
 2383 | module_hid_driver(hidpp_driver);
      | ^~~~~~~~~~~~~~~~~
In file included from drivers/hid/hid-logitech-hidpp.c:21:
./include/linux/module.h:132:6: warning: ‘init_module’ specifies less restrictive attribute than its target ‘hidpp_driver_init’: ‘cold’ [-Wmissing-attributes]
  132 |  int init_module(void) __attribute__((alias(#initfn)));
      |      ^~~~~~~~~~~
./include/linux/device.h:1355:1: note: in expansion of macro ‘module_init’
 1355 | module_init(__driver##_init); \
      | ^~~~~~~~~~~
./include/linux/hid.h:795:2: note: in expansion of macro ‘module_driver’
  795 |  module_driver(__hid_driver, hid_register_driver, \
      |  ^~~~~~~~~~~~~
drivers/hid/hid-logitech-hidpp.c:2383:1: note: in expansion of macro ‘module_hid_driver’
 2383 | module_hid_driver(hidpp_driver);
      | ^~~~~~~~~~~~~~~~~
In file included from drivers/hid/hid-logitech-hidpp.c:17:
drivers/hid/hid-logitech-hidpp.c:2383:19: note: ‘init_module’ target declared here
 2383 | module_hid_driver(hidpp_driver);
      |                   ^~~~~~~~~~~~
./include/linux/device.h:1351:19: note: in definition of macro ‘module_driver’
 1351 | static int __init __driver##_init(void) \
      |                   ^~~~~~~~
drivers/hid/hid-logitech-hidpp.c:2383:1: note: in expansion of macro ‘module_hid_driver’
 2383 | module_hid_driver(hidpp_driver);
      | ^~~~~~~~~~~~~~~~~
  CC [M]  drivers/hid/hid-magicmouse.o
In file included from drivers/hid/hid-magicmouse.c:20:
./include/linux/module.h:138:7: warning: ‘cleanup_module’ specifies less restrictive attribute than its target ‘magicmouse_driver_exit’: ‘cold’ [-Wmissing-attributes]
  138 |  void cleanup_module(void) __attribute__((alias(#exitfn)));
      |       ^~~~~~~~~~~~~~
./include/linux/device.h:1360:1: note: in expansion of macro ‘module_exit’
 1360 | module_exit(__driver##_exit);
      | ^~~~~~~~~~~
./include/linux/hid.h:795:2: note: in expansion of macro ‘module_driver’
  795 |  module_driver(__hid_driver, hid_register_driver, \
      |  ^~~~~~~~~~~~~
drivers/hid/hid-magicmouse.c:593:1: note: in expansion of macro ‘module_hid_driver’
  593 | module_hid_driver(magicmouse_driver);
      | ^~~~~~~~~~~~~~~~~
In file included from drivers/hid/hid-magicmouse.c:17:
drivers/hid/hid-magicmouse.c:593:19: note: ‘cleanup_module’ target declared here
  593 | module_hid_driver(magicmouse_driver);
      |                   ^~~~~~~~~~~~~~~~~
./include/linux/device.h:1356:20: note: in definition of macro ‘module_driver’
 1356 | static void __exit __driver##_exit(void) \
      |                    ^~~~~~~~
drivers/hid/hid-magicmouse.c:593:1: note: in expansion of macro ‘module_hid_driver’
  593 | module_hid_driver(magicmouse_driver);
      | ^~~~~~~~~~~~~~~~~
In file included from drivers/hid/hid-magicmouse.c:20:
./include/linux/module.h:132:6: warning: ‘init_module’ specifies less restrictive attribute than its target ‘magicmouse_driver_init’: ‘cold’ [-Wmissing-attributes]
  132 |  int init_module(void) __attribute__((alias(#initfn)));
      |      ^~~~~~~~~~~
./include/linux/device.h:1355:1: note: in expansion of macro ‘module_init’
 1355 | module_init(__driver##_init); \
      | ^~~~~~~~~~~
./include/linux/hid.h:795:2: note: in expansion of macro ‘module_driver’
  795 |  module_driver(__hid_driver, hid_register_driver, \
      |  ^~~~~~~~~~~~~
drivers/hid/hid-magicmouse.c:593:1: note: in expansion of macro ‘module_hid_driver’
  593 | module_hid_driver(magicmouse_driver);
      | ^~~~~~~~~~~~~~~~~
In file included from drivers/hid/hid-magicmouse.c:17:
drivers/hid/hid-magicmouse.c:593:19: note: ‘init_module’ target declared here
  593 | module_hid_driver(magicmouse_driver);
      |                   ^~~~~~~~~~~~~~~~~
./include/linux/device.h:1351:19: note: in definition of macro ‘module_driver’
 1351 | static int __init __driver##_init(void) \
      |                   ^~~~~~~~
drivers/hid/hid-magicmouse.c:593:1: note: in expansion of macro ‘module_hid_driver’
  593 | module_hid_driver(magicmouse_driver);
      | ^~~~~~~~~~~~~~~~~
  CC [M]  drivers/hid/hid-microsoft.o
In file included from drivers/hid/hid-microsoft.c:21:
./include/linux/module.h:138:7: warning: ‘cleanup_module’ specifies less restrictive attribute than its target ‘ms_driver_exit’: ‘cold’ [-Wmissing-attributes]
  138 |  void cleanup_module(void) __attribute__((alias(#exitfn)));
      |       ^~~~~~~~~~~~~~
./include/linux/device.h:1360:1: note: in expansion of macro ‘module_exit’
 1360 | module_exit(__driver##_exit);
      | ^~~~~~~~~~~
./include/linux/hid.h:795:2: note: in expansion of macro ‘module_driver’
  795 |  module_driver(__hid_driver, hid_register_driver, \
      |  ^~~~~~~~~~~~~
drivers/hid/hid-microsoft.c:305:1: note: in expansion of macro ‘module_hid_driver’
  305 | module_hid_driver(ms_driver);
      | ^~~~~~~~~~~~~~~~~
In file included from drivers/hid/hid-microsoft.c:18:
drivers/hid/hid-microsoft.c:305:19: note: ‘cleanup_module’ target declared here
  305 | module_hid_driver(ms_driver);
      |                   ^~~~~~~~~
./include/linux/device.h:1356:20: note: in definition of macro ‘module_driver’
 1356 | static void __exit __driver##_exit(void) \
      |                    ^~~~~~~~
drivers/hid/hid-microsoft.c:305:1: note: in expansion of macro ‘module_hid_driver’
  305 | module_hid_driver(ms_driver);
      | ^~~~~~~~~~~~~~~~~
In file included from drivers/hid/hid-microsoft.c:21:
./include/linux/module.h:132:6: warning: ‘init_module’ specifies less restrictive attribute than its target ‘ms_driver_init’: ‘cold’ [-Wmissing-attributes]
  132 |  int init_module(void) __attribute__((alias(#initfn)));
      |      ^~~~~~~~~~~
./include/linux/device.h:1355:1: note: in expansion of macro ‘module_init’
 1355 | module_init(__driver##_init); \
      | ^~~~~~~~~~~
./include/linux/hid.h:795:2: note: in expansion of macro ‘module_driver’
  795 |  module_driver(__hid_driver, hid_register_driver, \
      |  ^~~~~~~~~~~~~
drivers/hid/hid-microsoft.c:305:1: note: in expansion of macro ‘module_hid_driver’
  305 | module_hid_driver(ms_driver);
      | ^~~~~~~~~~~~~~~~~
In file included from drivers/hid/hid-microsoft.c:18:
drivers/hid/hid-microsoft.c:305:19: note: ‘init_module’ target declared here
  305 | module_hid_driver(ms_driver);
      |                   ^~~~~~~~~
./include/linux/device.h:1351:19: note: in definition of macro ‘module_driver’
 1351 | static int __init __driver##_init(void) \
      |                   ^~~~~~~~
drivers/hid/hid-microsoft.c:305:1: note: in expansion of macro ‘module_hid_driver’
  305 | module_hid_driver(ms_driver);
      | ^~~~~~~~~~~~~~~~~
  CC [M]  drivers/hid/hid-monterey.o
In file included from drivers/hid/hid-monterey.c:20:
./include/linux/module.h:138:7: warning: ‘cleanup_module’ specifies less restrictive attribute than its target ‘mr_driver_exit’: ‘cold’ [-Wmissing-attributes]
  138 |  void cleanup_module(void) __attribute__((alias(#exitfn)));
      |       ^~~~~~~~~~~~~~
./include/linux/device.h:1360:1: note: in expansion of macro ‘module_exit’
 1360 | module_exit(__driver##_exit);
      | ^~~~~~~~~~~
./include/linux/hid.h:795:2: note: in expansion of macro ‘module_driver’
  795 |  module_driver(__hid_driver, hid_register_driver, \
      |  ^~~~~~~~~~~~~
drivers/hid/hid-monterey.c:66:1: note: in expansion of macro ‘module_hid_driver’
   66 | module_hid_driver(mr_driver);
      | ^~~~~~~~~~~~~~~~~
In file included from drivers/hid/hid-monterey.c:18:
drivers/hid/hid-monterey.c:66:19: note: ‘cleanup_module’ target declared here
   66 | module_hid_driver(mr_driver);
      |                   ^~~~~~~~~
./include/linux/device.h:1356:20: note: in definition of macro ‘module_driver’
 1356 | static void __exit __driver##_exit(void) \
      |                    ^~~~~~~~
drivers/hid/hid-monterey.c:66:1: note: in expansion of macro ‘module_hid_driver’
   66 | module_hid_driver(mr_driver);
      | ^~~~~~~~~~~~~~~~~
In file included from drivers/hid/hid-monterey.c:20:
./include/linux/module.h:132:6: warning: ‘init_module’ specifies less restrictive attribute than its target ‘mr_driver_init’: ‘cold’ [-Wmissing-attributes]
  132 |  int init_module(void) __attribute__((alias(#initfn)));
      |      ^~~~~~~~~~~
./include/linux/device.h:1355:1: note: in expansion of macro ‘module_init’
 1355 | module_init(__driver##_init); \
      | ^~~~~~~~~~~
./include/linux/hid.h:795:2: note: in expansion of macro ‘module_driver’
  795 |  module_driver(__hid_driver, hid_register_driver, \
      |  ^~~~~~~~~~~~~
drivers/hid/hid-monterey.c:66:1: note: in expansion of macro ‘module_hid_driver’
   66 | module_hid_driver(mr_driver);
      | ^~~~~~~~~~~~~~~~~
In file included from drivers/hid/hid-monterey.c:18:
drivers/hid/hid-monterey.c:66:19: note: ‘init_module’ target declared here
   66 | module_hid_driver(mr_driver);
      |                   ^~~~~~~~~
./include/linux/device.h:1351:19: note: in definition of macro ‘module_driver’
 1351 | static int __init __driver##_init(void) \
      |                   ^~~~~~~~
drivers/hid/hid-monterey.c:66:1: note: in expansion of macro ‘module_hid_driver’
   66 | module_hid_driver(mr_driver);
      | ^~~~~~~~~~~~~~~~~
  CC [M]  drivers/hid/hid-multitouch.o
In file included from drivers/hid/hid-multitouch.c:43:
./include/linux/module.h:138:7: warning: ‘cleanup_module’ specifies less restrictive attribute than its target ‘mt_driver_exit’: ‘cold’ [-Wmissing-attributes]
  138 |  void cleanup_module(void) __attribute__((alias(#exitfn)));
      |       ^~~~~~~~~~~~~~
./include/linux/device.h:1360:1: note: in expansion of macro ‘module_exit’
 1360 | module_exit(__driver##_exit);
      | ^~~~~~~~~~~
./include/linux/hid.h:795:2: note: in expansion of macro ‘module_driver’
  795 |  module_driver(__hid_driver, hid_register_driver, \
      |  ^~~~~~~~~~~~~
drivers/hid/hid-multitouch.c:1543:1: note: in expansion of macro ‘module_hid_driver’
 1543 | module_hid_driver(mt_driver);
      | ^~~~~~~~~~~~~~~~~
In file included from drivers/hid/hid-multitouch.c:41:
drivers/hid/hid-multitouch.c:1543:19: note: ‘cleanup_module’ target declared here
 1543 | module_hid_driver(mt_driver);
      |                   ^~~~~~~~~
./include/linux/device.h:1356:20: note: in definition of macro ‘module_driver’
 1356 | static void __exit __driver##_exit(void) \
      |                    ^~~~~~~~
drivers/hid/hid-multitouch.c:1543:1: note: in expansion of macro ‘module_hid_driver’
 1543 | module_hid_driver(mt_driver);
      | ^~~~~~~~~~~~~~~~~
In file included from drivers/hid/hid-multitouch.c:43:
./include/linux/module.h:132:6: warning: ‘init_module’ specifies less restrictive attribute than its target ‘mt_driver_init’: ‘cold’ [-Wmissing-attributes]
  132 |  int init_module(void) __attribute__((alias(#initfn)));
      |      ^~~~~~~~~~~
./include/linux/device.h:1355:1: note: in expansion of macro ‘module_init’
 1355 | module_init(__driver##_init); \
      | ^~~~~~~~~~~
./include/linux/hid.h:795:2: note: in expansion of macro ‘module_driver’
  795 |  module_driver(__hid_driver, hid_register_driver, \
      |  ^~~~~~~~~~~~~
drivers/hid/hid-multitouch.c:1543:1: note: in expansion of macro ‘module_hid_driver’
 1543 | module_hid_driver(mt_driver);
      | ^~~~~~~~~~~~~~~~~
In file included from drivers/hid/hid-multitouch.c:41:
drivers/hid/hid-multitouch.c:1543:19: note: ‘init_module’ target declared here
 1543 | module_hid_driver(mt_driver);
      |                   ^~~~~~~~~
./include/linux/device.h:1351:19: note: in definition of macro ‘module_driver’
 1351 | static int __init __driver##_init(void) \
      |                   ^~~~~~~~
drivers/hid/hid-multitouch.c:1543:1: note: in expansion of macro ‘module_hid_driver’
 1543 | module_hid_driver(mt_driver);
      | ^~~~~~~~~~~~~~~~~
  CC [M]  drivers/hid/hid-ntrig.o
In file included from drivers/hid/hid-ntrig.c:20:
./include/linux/module.h:138:7: warning: ‘cleanup_module’ specifies less restrictive attribute than its target ‘ntrig_driver_exit’: ‘cold’ [-Wmissing-attributes]
  138 |  void cleanup_module(void) __attribute__((alias(#exitfn)));
      |       ^~~~~~~~~~~~~~
./include/linux/device.h:1360:1: note: in expansion of macro ‘module_exit’
 1360 | module_exit(__driver##_exit);
      | ^~~~~~~~~~~
./include/linux/hid.h:795:2: note: in expansion of macro ‘module_driver’
  795 |  module_driver(__hid_driver, hid_register_driver, \
      |  ^~~~~~~~~~~~~
drivers/hid/hid-ntrig.c:1032:1: note: in expansion of macro ‘module_hid_driver’
 1032 | module_hid_driver(ntrig_driver);
      | ^~~~~~~~~~~~~~~~~
In file included from drivers/hid/hid-ntrig.c:16:
drivers/hid/hid-ntrig.c:1032:19: note: ‘cleanup_module’ target declared here
 1032 | module_hid_driver(ntrig_driver);
      |                   ^~~~~~~~~~~~
./include/linux/device.h:1356:20: note: in definition of macro ‘module_driver’
 1356 | static void __exit __driver##_exit(void) \
      |                    ^~~~~~~~
drivers/hid/hid-ntrig.c:1032:1: note: in expansion of macro ‘module_hid_driver’
 1032 | module_hid_driver(ntrig_driver);
      | ^~~~~~~~~~~~~~~~~
In file included from drivers/hid/hid-ntrig.c:20:
./include/linux/module.h:132:6: warning: ‘init_module’ specifies less restrictive attribute than its target ‘ntrig_driver_init’: ‘cold’ [-Wmissing-attributes]
  132 |  int init_module(void) __attribute__((alias(#initfn)));
      |      ^~~~~~~~~~~
./include/linux/device.h:1355:1: note: in expansion of macro ‘module_init’
 1355 | module_init(__driver##_init); \
      | ^~~~~~~~~~~
./include/linux/hid.h:795:2: note: in expansion of macro ‘module_driver’
  795 |  module_driver(__hid_driver, hid_register_driver, \
      |  ^~~~~~~~~~~~~
drivers/hid/hid-ntrig.c:1032:1: note: in expansion of macro ‘module_hid_driver’
 1032 | module_hid_driver(ntrig_driver);
      | ^~~~~~~~~~~~~~~~~
In file included from drivers/hid/hid-ntrig.c:16:
drivers/hid/hid-ntrig.c:1032:19: note: ‘init_module’ target declared here
 1032 | module_hid_driver(ntrig_driver);
      |                   ^~~~~~~~~~~~
./include/linux/device.h:1351:19: note: in definition of macro ‘module_driver’
 1351 | static int __init __driver##_init(void) \
      |                   ^~~~~~~~
drivers/hid/hid-ntrig.c:1032:1: note: in expansion of macro ‘module_hid_driver’
 1032 | module_hid_driver(ntrig_driver);
      | ^~~~~~~~~~~~~~~~~
  CC [M]  drivers/hid/hid-ortek.o
In file included from drivers/hid/hid-ortek.c:23:
./include/linux/module.h:138:7: warning: ‘cleanup_module’ specifies less restrictive attribute than its target ‘ortek_driver_exit’: ‘cold’ [-Wmissing-attributes]
  138 |  void cleanup_module(void) __attribute__((alias(#exitfn)));
      |       ^~~~~~~~~~~~~~
./include/linux/device.h:1360:1: note: in expansion of macro ‘module_exit’
 1360 | module_exit(__driver##_exit);
      | ^~~~~~~~~~~
./include/linux/hid.h:795:2: note: in expansion of macro ‘module_driver’
  795 |  module_driver(__hid_driver, hid_register_driver, \
      |  ^~~~~~~~~~~~~
drivers/hid/hid-ortek.c:53:1: note: in expansion of macro ‘module_hid_driver’
   53 | module_hid_driver(ortek_driver);
      | ^~~~~~~~~~~~~~~~~
In file included from drivers/hid/hid-ortek.c:21:
drivers/hid/hid-ortek.c:53:19: note: ‘cleanup_module’ target declared here
   53 | module_hid_driver(ortek_driver);
      |                   ^~~~~~~~~~~~
./include/linux/device.h:1356:20: note: in definition of macro ‘module_driver’
 1356 | static void __exit __driver##_exit(void) \
      |                    ^~~~~~~~
drivers/hid/hid-ortek.c:53:1: note: in expansion of macro ‘module_hid_driver’
   53 | module_hid_driver(ortek_driver);
      | ^~~~~~~~~~~~~~~~~
In file included from drivers/hid/hid-ortek.c:23:
./include/linux/module.h:132:6: warning: ‘init_module’ specifies less restrictive attribute than its target ‘ortek_driver_init’: ‘cold’ [-Wmissing-attributes]
  132 |  int init_module(void) __attribute__((alias(#initfn)));
      |      ^~~~~~~~~~~
./include/linux/device.h:1355:1: note: in expansion of macro ‘module_init’
 1355 | module_init(__driver##_init); \
      | ^~~~~~~~~~~
./include/linux/hid.h:795:2: note: in expansion of macro ‘module_driver’
  795 |  module_driver(__hid_driver, hid_register_driver, \
      |  ^~~~~~~~~~~~~
drivers/hid/hid-ortek.c:53:1: note: in expansion of macro ‘module_hid_driver’
   53 | module_hid_driver(ortek_driver);
      | ^~~~~~~~~~~~~~~~~
In file included from drivers/hid/hid-ortek.c:21:
drivers/hid/hid-ortek.c:53:19: note: ‘init_module’ target declared here
   53 | module_hid_driver(ortek_driver);
      |                   ^~~~~~~~~~~~
./include/linux/device.h:1351:19: note: in definition of macro ‘module_driver’
 1351 | static int __init __driver##_init(void) \
      |                   ^~~~~~~~
drivers/hid/hid-ortek.c:53:1: note: in expansion of macro ‘module_hid_driver’
   53 | module_hid_driver(ortek_driver);
      | ^~~~~~~~~~~~~~~~~
  CC [M]  drivers/hid/hid-pl.o
In file included from drivers/hid/hid-pl.c:45:
./include/linux/module.h:138:7: warning: ‘cleanup_module’ specifies less restrictive attribute than its target ‘pl_driver_exit’: ‘cold’ [-Wmissing-attributes]
  138 |  void cleanup_module(void) __attribute__((alias(#exitfn)));
      |       ^~~~~~~~~~~~~~
./include/linux/device.h:1360:1: note: in expansion of macro ‘module_exit’
 1360 | module_exit(__driver##_exit);
      | ^~~~~~~~~~~
./include/linux/hid.h:795:2: note: in expansion of macro ‘module_driver’
  795 |  module_driver(__hid_driver, hid_register_driver, \
      |  ^~~~~~~~~~~~~
drivers/hid/hid-pl.c:232:1: note: in expansion of macro ‘module_hid_driver’
  232 | module_hid_driver(pl_driver);
      | ^~~~~~~~~~~~~~~~~
In file included from ./include/linux/input.h:22,
                 from drivers/hid/hid-pl.c:43:
drivers/hid/hid-pl.c:232:19: note: ‘cleanup_module’ target declared here
  232 | module_hid_driver(pl_driver);
      |                   ^~~~~~~~~
./include/linux/device.h:1356:20: note: in definition of macro ‘module_driver’
 1356 | static void __exit __driver##_exit(void) \
      |                    ^~~~~~~~
drivers/hid/hid-pl.c:232:1: note: in expansion of macro ‘module_hid_driver’
  232 | module_hid_driver(pl_driver);
      | ^~~~~~~~~~~~~~~~~
In file included from drivers/hid/hid-pl.c:45:
./include/linux/module.h:132:6: warning: ‘init_module’ specifies less restrictive attribute than its target ‘pl_driver_init’: ‘cold’ [-Wmissing-attributes]
  132 |  int init_module(void) __attribute__((alias(#initfn)));
      |      ^~~~~~~~~~~
./include/linux/device.h:1355:1: note: in expansion of macro ‘module_init’
 1355 | module_init(__driver##_init); \
      | ^~~~~~~~~~~
./include/linux/hid.h:795:2: note: in expansion of macro ‘module_driver’
  795 |  module_driver(__hid_driver, hid_register_driver, \
      |  ^~~~~~~~~~~~~
drivers/hid/hid-pl.c:232:1: note: in expansion of macro ‘module_hid_driver’
  232 | module_hid_driver(pl_driver);
      | ^~~~~~~~~~~~~~~~~
In file included from ./include/linux/input.h:22,
                 from drivers/hid/hid-pl.c:43:
drivers/hid/hid-pl.c:232:19: note: ‘init_module’ target declared here
  232 | module_hid_driver(pl_driver);
      |                   ^~~~~~~~~
./include/linux/device.h:1351:19: note: in definition of macro ‘module_driver’
 1351 | static int __init __driver##_init(void) \
      |                   ^~~~~~~~
drivers/hid/hid-pl.c:232:1: note: in expansion of macro ‘module_hid_driver’
  232 | module_hid_driver(pl_driver);
      | ^~~~~~~~~~~~~~~~~
  CC [M]  drivers/hid/hid-petalynx.o
In file included from drivers/hid/hid-petalynx.c:20:
./include/linux/module.h:138:7: warning: ‘cleanup_module’ specifies less restrictive attribute than its target ‘pl_driver_exit’: ‘cold’ [-Wmissing-attributes]
  138 |  void cleanup_module(void) __attribute__((alias(#exitfn)));
      |       ^~~~~~~~~~~~~~
./include/linux/device.h:1360:1: note: in expansion of macro ‘module_exit’
 1360 | module_exit(__driver##_exit);
      | ^~~~~~~~~~~
./include/linux/hid.h:795:2: note: in expansion of macro ‘module_driver’
  795 |  module_driver(__hid_driver, hid_register_driver, \
      |  ^~~~~~~~~~~~~
drivers/hid/hid-petalynx.c:106:1: note: in expansion of macro ‘module_hid_driver’
  106 | module_hid_driver(pl_driver);
      | ^~~~~~~~~~~~~~~~~
In file included from drivers/hid/hid-petalynx.c:18:
drivers/hid/hid-petalynx.c:106:19: note: ‘cleanup_module’ target declared here
  106 | module_hid_driver(pl_driver);
      |                   ^~~~~~~~~
./include/linux/device.h:1356:20: note: in definition of macro ‘module_driver’
 1356 | static void __exit __driver##_exit(void) \
      |                    ^~~~~~~~
drivers/hid/hid-petalynx.c:106:1: note: in expansion of macro ‘module_hid_driver’
  106 | module_hid_driver(pl_driver);
      | ^~~~~~~~~~~~~~~~~
In file included from drivers/hid/hid-petalynx.c:20:
./include/linux/module.h:132:6: warning: ‘init_module’ specifies less restrictive attribute than its target ‘pl_driver_init’: ‘cold’ [-Wmissing-attributes]
  132 |  int init_module(void) __attribute__((alias(#initfn)));
      |      ^~~~~~~~~~~
./include/linux/device.h:1355:1: note: in expansion of macro ‘module_init’
 1355 | module_init(__driver##_init); \
      | ^~~~~~~~~~~
./include/linux/hid.h:795:2: note: in expansion of macro ‘module_driver’
  795 |  module_driver(__hid_driver, hid_register_driver, \
      |  ^~~~~~~~~~~~~
drivers/hid/hid-petalynx.c:106:1: note: in expansion of macro ‘module_hid_driver’
  106 | module_hid_driver(pl_driver);
      | ^~~~~~~~~~~~~~~~~
In file included from drivers/hid/hid-petalynx.c:18:
drivers/hid/hid-petalynx.c:106:19: note: ‘init_module’ target declared here
  106 | module_hid_driver(pl_driver);
      |                   ^~~~~~~~~
./include/linux/device.h:1351:19: note: in definition of macro ‘module_driver’
 1351 | static int __init __driver##_init(void) \
      |                   ^~~~~~~~
drivers/hid/hid-petalynx.c:106:1: note: in expansion of macro ‘module_hid_driver’
  106 | module_hid_driver(pl_driver);
      | ^~~~~~~~~~~~~~~~~
  CC [M]  drivers/hid/hid-picolcd_core.o
In file included from drivers/hid/hid-picolcd_core.c:30:
./include/linux/module.h:138:7: warning: ‘cleanup_module’ specifies less restrictive attribute than its target ‘picolcd_driver_exit’: ‘cold’ [-Wmissing-attributes]
  138 |  void cleanup_module(void) __attribute__((alias(#exitfn)));
      |       ^~~~~~~~~~~~~~
./include/linux/device.h:1360:1: note: in expansion of macro ‘module_exit’
 1360 | module_exit(__driver##_exit);
      | ^~~~~~~~~~~
./include/linux/hid.h:795:2: note: in expansion of macro ‘module_driver’
  795 |  module_driver(__hid_driver, hid_register_driver, \
      |  ^~~~~~~~~~~~~
drivers/hid/hid-picolcd_core.c:679:1: note: in expansion of macro ‘module_hid_driver’
  679 | module_hid_driver(picolcd_driver);
      | ^~~~~~~~~~~~~~~~~
In file included from ./include/linux/input.h:22,
                 from ./include/linux/hid.h:35,
                 from drivers/hid/hid-picolcd_core.c:20:
drivers/hid/hid-picolcd_core.c:679:19: note: ‘cleanup_module’ target declared here
  679 | module_hid_driver(picolcd_driver);
      |                   ^~~~~~~~~~~~~~
./include/linux/device.h:1356:20: note: in definition of macro ‘module_driver’
 1356 | static void __exit __driver##_exit(void) \
      |                    ^~~~~~~~
drivers/hid/hid-picolcd_core.c:679:1: note: in expansion of macro ‘module_hid_driver’
  679 | module_hid_driver(picolcd_driver);
      | ^~~~~~~~~~~~~~~~~
In file included from drivers/hid/hid-picolcd_core.c:30:
./include/linux/module.h:132:6: warning: ‘init_module’ specifies less restrictive attribute than its target ‘picolcd_driver_init’: ‘cold’ [-Wmissing-attributes]
  132 |  int init_module(void) __attribute__((alias(#initfn)));
      |      ^~~~~~~~~~~
./include/linux/device.h:1355:1: note: in expansion of macro ‘module_init’
 1355 | module_init(__driver##_init); \
      | ^~~~~~~~~~~
./include/linux/hid.h:795:2: note: in expansion of macro ‘module_driver’
  795 |  module_driver(__hid_driver, hid_register_driver, \
      |  ^~~~~~~~~~~~~
drivers/hid/hid-picolcd_core.c:679:1: note: in expansion of macro ‘module_hid_driver’
  679 | module_hid_driver(picolcd_driver);
      | ^~~~~~~~~~~~~~~~~
In file included from ./include/linux/input.h:22,
                 from ./include/linux/hid.h:35,
                 from drivers/hid/hid-picolcd_core.c:20:
drivers/hid/hid-picolcd_core.c:679:19: note: ‘init_module’ target declared here
  679 | module_hid_driver(picolcd_driver);
      |                   ^~~~~~~~~~~~~~
./include/linux/device.h:1351:19: note: in definition of macro ‘module_driver’
 1351 | static int __init __driver##_init(void) \
      |                   ^~~~~~~~
drivers/hid/hid-picolcd_core.c:679:1: note: in expansion of macro ‘module_hid_driver’
  679 | module_hid_driver(picolcd_driver);
      | ^~~~~~~~~~~~~~~~~
  CC [M]  drivers/hid/hid-picolcd_debugfs.o
  LD [M]  drivers/hid/hid-picolcd.o
  CC [M]  drivers/hid/hid-roccat.o
In file included from drivers/hid/hid-roccat.c:30:
./include/linux/module.h:132:6: warning: ‘init_module’ specifies less restrictive attribute than its target ‘roccat_init’: ‘cold’ [-Wmissing-attributes]
  132 |  int init_module(void) __attribute__((alias(#initfn)));
      |      ^~~~~~~~~~~
drivers/hid/hid-roccat.c:455:1: note: in expansion of macro ‘module_init’
  455 | module_init(roccat_init);
      | ^~~~~~~~~~~
drivers/hid/hid-roccat.c:417:19: note: ‘init_module’ target declared here
  417 | static int __init roccat_init(void)
      |                   ^~~~~~~~~~~
In file included from drivers/hid/hid-roccat.c:30:
./include/linux/module.h:138:7: warning: ‘cleanup_module’ specifies less restrictive attribute than its target ‘roccat_exit’: ‘cold’ [-Wmissing-attributes]
  138 |  void cleanup_module(void) __attribute__((alias(#exitfn)));
      |       ^~~~~~~~~~~~~~
drivers/hid/hid-roccat.c:456:1: note: in expansion of macro ‘module_exit’
  456 | module_exit(roccat_exit);
      | ^~~~~~~~~~~
drivers/hid/hid-roccat.c:447:20: note: ‘cleanup_module’ target declared here
  447 | static void __exit roccat_exit(void)
      |                    ^~~~~~~~~~~
  CC [M]  drivers/hid/hid-roccat-common.o
  CC [M]  drivers/hid/hid-roccat-arvo.o
In file included from drivers/hid/hid-roccat-arvo.c:22:
./include/linux/module.h:138:7: warning: ‘cleanup_module’ specifies less restrictive attribute than its target ‘arvo_exit’: ‘cold’ [-Wmissing-attributes]
  138 |  void cleanup_module(void) __attribute__((alias(#exitfn)));
      |       ^~~~~~~~~~~~~~
drivers/hid/hid-roccat-arvo.c:454:1: note: in expansion of macro ‘module_exit’
  454 | module_exit(arvo_exit);
      | ^~~~~~~~~~~
drivers/hid/hid-roccat-arvo.c:447:20: note: ‘cleanup_module’ target declared here
  447 | static void __exit arvo_exit(void)
      |                    ^~~~~~~~~
In file included from drivers/hid/hid-roccat-arvo.c:22:
./include/linux/module.h:132:6: warning: ‘init_module’ specifies less restrictive attribute than its target ‘arvo_init’: ‘cold’ [-Wmissing-attributes]
  132 |  int init_module(void) __attribute__((alias(#initfn)));
      |      ^~~~~~~~~~~
drivers/hid/hid-roccat-arvo.c:453:1: note: in expansion of macro ‘module_init’
  453 | module_init(arvo_init);
      | ^~~~~~~~~~~
drivers/hid/hid-roccat-arvo.c:432:19: note: ‘init_module’ target declared here
  432 | static int __init arvo_init(void)
      |                   ^~~~~~~~~
  CC [M]  drivers/hid/hid-roccat-isku.o
In file included from drivers/hid/hid-roccat-isku.c:22:
./include/linux/module.h:138:7: warning: ‘cleanup_module’ specifies less restrictive attribute than its target ‘isku_exit’: ‘cold’ [-Wmissing-attributes]
  138 |  void cleanup_module(void) __attribute__((alias(#exitfn)));
      |       ^~~~~~~~~~~~~~
drivers/hid/hid-roccat-isku.c:456:1: note: in expansion of macro ‘module_exit’
  456 | module_exit(isku_exit);
      | ^~~~~~~~~~~
drivers/hid/hid-roccat-isku.c:449:20: note: ‘cleanup_module’ target declared here
  449 | static void __exit isku_exit(void)
      |                    ^~~~~~~~~
In file included from drivers/hid/hid-roccat-isku.c:22:
./include/linux/module.h:132:6: warning: ‘init_module’ specifies less restrictive attribute than its target ‘isku_init’: ‘cold’ [-Wmissing-attributes]
  132 |  int init_module(void) __attribute__((alias(#initfn)));
      |      ^~~~~~~~~~~
drivers/hid/hid-roccat-isku.c:455:1: note: in expansion of macro ‘module_init’
  455 | module_init(isku_init);
      | ^~~~~~~~~~~
drivers/hid/hid-roccat-isku.c:435:19: note: ‘init_module’ target declared here
  435 | static int __init isku_init(void)
      |                   ^~~~~~~~~
  CC [M]  drivers/hid/hid-roccat-kone.o
In file included from drivers/hid/hid-roccat-kone.c:31:
./include/linux/module.h:138:7: warning: ‘cleanup_module’ specifies less restrictive attribute than its target ‘kone_exit’: ‘cold’ [-Wmissing-attributes]
  138 |  void cleanup_module(void) __attribute__((alias(#exitfn)));
      |       ^~~~~~~~~~~~~~
drivers/hid/hid-roccat-kone.c:901:1: note: in expansion of macro ‘module_exit’
  901 | module_exit(kone_exit);
      | ^~~~~~~~~~~
drivers/hid/hid-roccat-kone.c:894:20: note: ‘cleanup_module’ target declared here
  894 | static void __exit kone_exit(void)
      |                    ^~~~~~~~~
In file included from drivers/hid/hid-roccat-kone.c:31:
./include/linux/module.h:132:6: warning: ‘init_module’ specifies less restrictive attribute than its target ‘kone_init’: ‘cold’ [-Wmissing-attributes]
  132 |  int init_module(void) __attribute__((alias(#initfn)));
      |      ^~~~~~~~~~~
drivers/hid/hid-roccat-kone.c:900:1: note: in expansion of macro ‘module_init’
  900 | module_init(kone_init);
      | ^~~~~~~~~~~
drivers/hid/hid-roccat-kone.c:878:19: note: ‘init_module’ target declared here
  878 | static int __init kone_init(void)
      |                   ^~~~~~~~~
  CC [M]  drivers/hid/hid-roccat-koneplus.o
In file included from drivers/hid/hid-roccat-koneplus.c:23:
./include/linux/module.h:138:7: warning: ‘cleanup_module’ specifies less restrictive attribute than its target ‘koneplus_exit’: ‘cold’ [-Wmissing-attributes]
  138 |  void cleanup_module(void) __attribute__((alias(#exitfn)));
      |       ^~~~~~~~~~~~~~
drivers/hid/hid-roccat-koneplus.c:570:1: note: in expansion of macro ‘module_exit’
  570 | module_exit(koneplus_exit);
      | ^~~~~~~~~~~
drivers/hid/hid-roccat-koneplus.c:563:20: note: ‘cleanup_module’ target declared here
  563 | static void __exit koneplus_exit(void)
      |                    ^~~~~~~~~~~~~
In file included from drivers/hid/hid-roccat-koneplus.c:23:
./include/linux/module.h:132:6: warning: ‘init_module’ specifies less restrictive attribute than its target ‘koneplus_init’: ‘cold’ [-Wmissing-attributes]
  132 |  int init_module(void) __attribute__((alias(#initfn)));
      |      ^~~~~~~~~~~
drivers/hid/hid-roccat-koneplus.c:569:1: note: in expansion of macro ‘module_init’
  569 | module_init(koneplus_init);
      | ^~~~~~~~~~~
drivers/hid/hid-roccat-koneplus.c:547:19: note: ‘init_module’ target declared here
  547 | static int __init koneplus_init(void)
      |                   ^~~~~~~~~~~~~
  CC [M]  drivers/hid/hid-roccat-konepure.o
In file included from drivers/hid/hid-roccat-konepure.c:22:
./include/linux/module.h:138:7: warning: ‘cleanup_module’ specifies less restrictive attribute than its target ‘konepure_exit’: ‘cold’ [-Wmissing-attributes]
  138 |  void cleanup_module(void) __attribute__((alias(#exitfn)));
      |       ^~~~~~~~~~~~~~
drivers/hid/hid-roccat-konepure.c:228:1: note: in expansion of macro ‘module_exit’
  228 | module_exit(konepure_exit);
      | ^~~~~~~~~~~
drivers/hid/hid-roccat-konepure.c:221:20: note: ‘cleanup_module’ target declared here
  221 | static void __exit konepure_exit(void)
      |                    ^~~~~~~~~~~~~
In file included from drivers/hid/hid-roccat-konepure.c:22:
./include/linux/module.h:132:6: warning: ‘init_module’ specifies less restrictive attribute than its target ‘konepure_init’: ‘cold’ [-Wmissing-attributes]
  132 |  int init_module(void) __attribute__((alias(#initfn)));
      |      ^~~~~~~~~~~
drivers/hid/hid-roccat-konepure.c:227:1: note: in expansion of macro ‘module_init’
  227 | module_init(konepure_init);
      | ^~~~~~~~~~~
drivers/hid/hid-roccat-konepure.c:206:19: note: ‘init_module’ target declared here
  206 | static int __init konepure_init(void)
      |                   ^~~~~~~~~~~~~
  CC [M]  drivers/hid/hid-roccat-kovaplus.o
In file included from drivers/hid/hid-roccat-kovaplus.c:21:
./include/linux/module.h:138:7: warning: ‘cleanup_module’ specifies less restrictive attribute than its target ‘kovaplus_exit’: ‘cold’ [-Wmissing-attributes]
  138 |  void cleanup_module(void) __attribute__((alias(#exitfn)));
      |       ^~~~~~~~~~~~~~
drivers/hid/hid-roccat-kovaplus.c:657:1: note: in expansion of macro ‘module_exit’
  657 | module_exit(kovaplus_exit);
      | ^~~~~~~~~~~
drivers/hid/hid-roccat-kovaplus.c:650:20: note: ‘cleanup_module’ target declared here
  650 | static void __exit kovaplus_exit(void)
      |                    ^~~~~~~~~~~~~
In file included from drivers/hid/hid-roccat-kovaplus.c:21:
./include/linux/module.h:132:6: warning: ‘init_module’ specifies less restrictive attribute than its target ‘kovaplus_init’: ‘cold’ [-Wmissing-attributes]
  132 |  int init_module(void) __attribute__((alias(#initfn)));
      |      ^~~~~~~~~~~
drivers/hid/hid-roccat-kovaplus.c:656:1: note: in expansion of macro ‘module_init’
  656 | module_init(kovaplus_init);
      | ^~~~~~~~~~~
drivers/hid/hid-roccat-kovaplus.c:635:19: note: ‘init_module’ target declared here
  635 | static int __init kovaplus_init(void)
      |                   ^~~~~~~~~~~~~
  CC [M]  drivers/hid/hid-roccat-lua.o
In file included from drivers/hid/hid-roccat-lua.c:22:
./include/linux/module.h:138:7: warning: ‘cleanup_module’ specifies less restrictive attribute than its target ‘lua_driver_exit’: ‘cold’ [-Wmissing-attributes]
  138 |  void cleanup_module(void) __attribute__((alias(#exitfn)));
      |       ^~~~~~~~~~~~~~
./include/linux/device.h:1360:1: note: in expansion of macro ‘module_exit’
 1360 | module_exit(__driver##_exit);
      | ^~~~~~~~~~~
./include/linux/hid.h:795:2: note: in expansion of macro ‘module_driver’
  795 |  module_driver(__hid_driver, hid_register_driver, \
      |  ^~~~~~~~~~~~~
drivers/hid/hid-roccat-lua.c:211:1: note: in expansion of macro ‘module_hid_driver’
  211 | module_hid_driver(lua_driver);
      | ^~~~~~~~~~~~~~~~~
In file included from drivers/hid/hid-roccat-lua.c:19:
drivers/hid/hid-roccat-lua.c:211:19: note: ‘cleanup_module’ target declared here
  211 | module_hid_driver(lua_driver);
      |                   ^~~~~~~~~~
./include/linux/device.h:1356:20: note: in definition of macro ‘module_driver’
 1356 | static void __exit __driver##_exit(void) \
      |                    ^~~~~~~~
drivers/hid/hid-roccat-lua.c:211:1: note: in expansion of macro ‘module_hid_driver’
  211 | module_hid_driver(lua_driver);
      | ^~~~~~~~~~~~~~~~~
In file included from drivers/hid/hid-roccat-lua.c:22:
./include/linux/module.h:132:6: warning: ‘init_module’ specifies less restrictive attribute than its target ‘lua_driver_init’: ‘cold’ [-Wmissing-attributes]
  132 |  int init_module(void) __attribute__((alias(#initfn)));
      |      ^~~~~~~~~~~
./include/linux/device.h:1355:1: note: in expansion of macro ‘module_init’
 1355 | module_init(__driver##_init); \
      | ^~~~~~~~~~~
./include/linux/hid.h:795:2: note: in expansion of macro ‘module_driver’
  795 |  module_driver(__hid_driver, hid_register_driver, \
      |  ^~~~~~~~~~~~~
drivers/hid/hid-roccat-lua.c:211:1: note: in expansion of macro ‘module_hid_driver’
  211 | module_hid_driver(lua_driver);
      | ^~~~~~~~~~~~~~~~~
In file included from drivers/hid/hid-roccat-lua.c:19:
drivers/hid/hid-roccat-lua.c:211:19: note: ‘init_module’ target declared here
  211 | module_hid_driver(lua_driver);
      |                   ^~~~~~~~~~
./include/linux/device.h:1351:19: note: in definition of macro ‘module_driver’
 1351 | static int __init __driver##_init(void) \
      |                   ^~~~~~~~
drivers/hid/hid-roccat-lua.c:211:1: note: in expansion of macro ‘module_hid_driver’
  211 | module_hid_driver(lua_driver);
      | ^~~~~~~~~~~~~~~~~
  CC [M]  drivers/hid/hid-roccat-pyra.o
In file included from drivers/hid/hid-roccat-pyra.c:23:
./include/linux/module.h:138:7: warning: ‘cleanup_module’ specifies less restrictive attribute than its target ‘pyra_exit’: ‘cold’ [-Wmissing-attributes]
  138 |  void cleanup_module(void) __attribute__((alias(#exitfn)));
      |       ^~~~~~~~~~~~~~
drivers/hid/hid-roccat-pyra.c:606:1: note: in expansion of macro ‘module_exit’
  606 | module_exit(pyra_exit);
      | ^~~~~~~~~~~
drivers/hid/hid-roccat-pyra.c:599:20: note: ‘cleanup_module’ target declared here
  599 | static void __exit pyra_exit(void)
      |                    ^~~~~~~~~
In file included from drivers/hid/hid-roccat-pyra.c:23:
./include/linux/module.h:132:6: warning: ‘init_module’ specifies less restrictive attribute than its target ‘pyra_init’: ‘cold’ [-Wmissing-attributes]
  132 |  int init_module(void) __attribute__((alias(#initfn)));
      |      ^~~~~~~~~~~
drivers/hid/hid-roccat-pyra.c:605:1: note: in expansion of macro ‘module_init’
  605 | module_init(pyra_init);
      | ^~~~~~~~~~~
drivers/hid/hid-roccat-pyra.c:583:19: note: ‘init_module’ target declared here
  583 | static int __init pyra_init(void)
      |                   ^~~~~~~~~
  CC [M]  drivers/hid/hid-roccat-ryos.o
In file included from drivers/hid/hid-roccat-ryos.c:18:
./include/linux/module.h:138:7: warning: ‘cleanup_module’ specifies less restrictive attribute than its target ‘ryos_exit’: ‘cold’ [-Wmissing-attributes]
  138 |  void cleanup_module(void) __attribute__((alias(#exitfn)));
      |       ^~~~~~~~~~~~~~
drivers/hid/hid-roccat-ryos.c:237:1: note: in expansion of macro ‘module_exit’
  237 | module_exit(ryos_exit);
      | ^~~~~~~~~~~
drivers/hid/hid-roccat-ryos.c:230:20: note: ‘cleanup_module’ target declared here
  230 | static void __exit ryos_exit(void)
      |                    ^~~~~~~~~
In file included from drivers/hid/hid-roccat-ryos.c:18:
./include/linux/module.h:132:6: warning: ‘init_module’ specifies less restrictive attribute than its target ‘ryos_init’: ‘cold’ [-Wmissing-attributes]
  132 |  int init_module(void) __attribute__((alias(#initfn)));
      |      ^~~~~~~~~~~
drivers/hid/hid-roccat-ryos.c:236:1: note: in expansion of macro ‘module_init’
  236 | module_init(ryos_init);
      | ^~~~~~~~~~~
drivers/hid/hid-roccat-ryos.c:215:19: note: ‘init_module’ target declared here
  215 | static int __init ryos_init(void)
      |                   ^~~~~~~~~
  CC [M]  drivers/hid/hid-roccat-savu.o
In file included from drivers/hid/hid-roccat-savu.c:21:
./include/linux/module.h:138:7: warning: ‘cleanup_module’ specifies less restrictive attribute than its target ‘savu_exit’: ‘cold’ [-Wmissing-attributes]
  138 |  void cleanup_module(void) __attribute__((alias(#exitfn)));
      |       ^~~~~~~~~~~~~~
drivers/hid/hid-roccat-savu.c:225:1: note: in expansion of macro ‘module_exit’
  225 | module_exit(savu_exit);
      | ^~~~~~~~~~~
drivers/hid/hid-roccat-savu.c:218:20: note: ‘cleanup_module’ target declared here
  218 | static void __exit savu_exit(void)
      |                    ^~~~~~~~~
In file included from drivers/hid/hid-roccat-savu.c:21:
./include/linux/module.h:132:6: warning: ‘init_module’ specifies less restrictive attribute than its target ‘savu_init’: ‘cold’ [-Wmissing-attributes]
  132 |  int init_module(void) __attribute__((alias(#initfn)));
      |      ^~~~~~~~~~~
drivers/hid/hid-roccat-savu.c:224:1: note: in expansion of macro ‘module_init’
  224 | module_init(savu_init);
      | ^~~~~~~~~~~
drivers/hid/hid-roccat-savu.c:203:19: note: ‘init_module’ target declared here
  203 | static int __init savu_init(void)
      |                   ^~~~~~~~~
  CC [M]  drivers/hid/hid-samsung.o
In file included from drivers/hid/hid-samsung.c:33:
./include/linux/module.h:138:7: warning: ‘cleanup_module’ specifies less restrictive attribute than its target ‘samsung_driver_exit’: ‘cold’ [-Wmissing-attributes]
  138 |  void cleanup_module(void) __attribute__((alias(#exitfn)));
      |       ^~~~~~~~~~~~~~
./include/linux/device.h:1360:1: note: in expansion of macro ‘module_exit’
 1360 | module_exit(__driver##_exit);
      | ^~~~~~~~~~~
./include/linux/hid.h:795:2: note: in expansion of macro ‘module_driver’
  795 |  module_driver(__hid_driver, hid_register_driver, \
      |  ^~~~~~~~~~~~~
drivers/hid/hid-samsung.c:199:1: note: in expansion of macro ‘module_hid_driver’
  199 | module_hid_driver(samsung_driver);
      | ^~~~~~~~~~~~~~~~~
In file included from drivers/hid/hid-samsung.c:30:
drivers/hid/hid-samsung.c:199:19: note: ‘cleanup_module’ target declared here
  199 | module_hid_driver(samsung_driver);
      |                   ^~~~~~~~~~~~~~
./include/linux/device.h:1356:20: note: in definition of macro ‘module_driver’
 1356 | static void __exit __driver##_exit(void) \
      |                    ^~~~~~~~
drivers/hid/hid-samsung.c:199:1: note: in expansion of macro ‘module_hid_driver’
  199 | module_hid_driver(samsung_driver);
      | ^~~~~~~~~~~~~~~~~
In file included from drivers/hid/hid-samsung.c:33:
./include/linux/module.h:132:6: warning: ‘init_module’ specifies less restrictive attribute than its target ‘samsung_driver_init’: ‘cold’ [-Wmissing-attributes]
  132 |  int init_module(void) __attribute__((alias(#initfn)));
      |      ^~~~~~~~~~~
./include/linux/device.h:1355:1: note: in expansion of macro ‘module_init’
 1355 | module_init(__driver##_init); \
      | ^~~~~~~~~~~
./include/linux/hid.h:795:2: note: in expansion of macro ‘module_driver’
  795 |  module_driver(__hid_driver, hid_register_driver, \
      |  ^~~~~~~~~~~~~
drivers/hid/hid-samsung.c:199:1: note: in expansion of macro ‘module_hid_driver’
  199 | module_hid_driver(samsung_driver);
      | ^~~~~~~~~~~~~~~~~
In file included from drivers/hid/hid-samsung.c:30:
drivers/hid/hid-samsung.c:199:19: note: ‘init_module’ target declared here
  199 | module_hid_driver(samsung_driver);
      |                   ^~~~~~~~~~~~~~
./include/linux/device.h:1351:19: note: in definition of macro ‘module_driver’
 1351 | static int __init __driver##_init(void) \
      |                   ^~~~~~~~
drivers/hid/hid-samsung.c:199:1: note: in expansion of macro ‘module_hid_driver’
  199 | module_hid_driver(samsung_driver);
      | ^~~~~~~~~~~~~~~~~
  CC [M]  drivers/hid/hid-sjoy.o
In file included from drivers/hid/hid-sjoy.c:32:
./include/linux/module.h:138:7: warning: ‘cleanup_module’ specifies less restrictive attribute than its target ‘sjoy_driver_exit’: ‘cold’ [-Wmissing-attributes]
  138 |  void cleanup_module(void) __attribute__((alias(#exitfn)));
      |       ^~~~~~~~~~~~~~
./include/linux/device.h:1360:1: note: in expansion of macro ‘module_exit’
 1360 | module_exit(__driver##_exit);
      | ^~~~~~~~~~~
./include/linux/hid.h:795:2: note: in expansion of macro ‘module_driver’
  795 |  module_driver(__hid_driver, hid_register_driver, \
      |  ^~~~~~~~~~~~~
drivers/hid/hid-sjoy.c:181:1: note: in expansion of macro ‘module_hid_driver’
  181 | module_hid_driver(sjoy_driver);
      | ^~~~~~~~~~~~~~~~~
In file included from ./include/linux/input.h:22,
                 from drivers/hid/hid-sjoy.c:29:
drivers/hid/hid-sjoy.c:181:19: note: ‘cleanup_module’ target declared here
  181 | module_hid_driver(sjoy_driver);
      |                   ^~~~~~~~~~~
./include/linux/device.h:1356:20: note: in definition of macro ‘module_driver’
 1356 | static void __exit __driver##_exit(void) \
      |                    ^~~~~~~~
drivers/hid/hid-sjoy.c:181:1: note: in expansion of macro ‘module_hid_driver’
  181 | module_hid_driver(sjoy_driver);
      | ^~~~~~~~~~~~~~~~~
In file included from drivers/hid/hid-sjoy.c:32:
./include/linux/module.h:132:6: warning: ‘init_module’ specifies less restrictive attribute than its target ‘sjoy_driver_init’: ‘cold’ [-Wmissing-attributes]
  132 |  int init_module(void) __attribute__((alias(#initfn)));
      |      ^~~~~~~~~~~
./include/linux/device.h:1355:1: note: in expansion of macro ‘module_init’
 1355 | module_init(__driver##_init); \
      | ^~~~~~~~~~~
./include/linux/hid.h:795:2: note: in expansion of macro ‘module_driver’
  795 |  module_driver(__hid_driver, hid_register_driver, \
      |  ^~~~~~~~~~~~~
drivers/hid/hid-sjoy.c:181:1: note: in expansion of macro ‘module_hid_driver’
  181 | module_hid_driver(sjoy_driver);
      | ^~~~~~~~~~~~~~~~~
In file included from ./include/linux/input.h:22,
                 from drivers/hid/hid-sjoy.c:29:
drivers/hid/hid-sjoy.c:181:19: note: ‘init_module’ target declared here
  181 | module_hid_driver(sjoy_driver);
      |                   ^~~~~~~~~~~
./include/linux/device.h:1351:19: note: in definition of macro ‘module_driver’
 1351 | static int __init __driver##_init(void) \
      |                   ^~~~~~~~
drivers/hid/hid-sjoy.c:181:1: note: in expansion of macro ‘module_hid_driver’
  181 | module_hid_driver(sjoy_driver);
      | ^~~~~~~~~~~~~~~~~
  CC [M]  drivers/hid/hid-sony.o
In file included from drivers/hid/hid-sony.c:31:
./include/linux/module.h:138:7: warning: ‘cleanup_module’ specifies less restrictive attribute than its target ‘sony_exit’: ‘cold’ [-Wmissing-attributes]
  138 |  void cleanup_module(void) __attribute__((alias(#exitfn)));
      |       ^~~~~~~~~~~~~~
drivers/hid/hid-sony.c:2638:1: note: in expansion of macro ‘module_exit’
 2638 | module_exit(sony_exit);
      | ^~~~~~~~~~~
drivers/hid/hid-sony.c:2630:20: note: ‘cleanup_module’ target declared here
 2630 | static void __exit sony_exit(void)
      |                    ^~~~~~~~~
In file included from drivers/hid/hid-sony.c:31:
./include/linux/module.h:132:6: warning: ‘init_module’ specifies less restrictive attribute than its target ‘sony_init’: ‘cold’ [-Wmissing-attributes]
  132 |  int init_module(void) __attribute__((alias(#initfn)));
      |      ^~~~~~~~~~~
drivers/hid/hid-sony.c:2637:1: note: in expansion of macro ‘module_init’
 2637 | module_init(sony_init);
      | ^~~~~~~~~~~
drivers/hid/hid-sony.c:2623:19: note: ‘init_module’ target declared here
 2623 | static int __init sony_init(void)
      |                   ^~~~~~~~~
  CC [M]  drivers/hid/hid-speedlink.o
In file included from drivers/hid/hid-speedlink.c:18:
./include/linux/module.h:138:7: warning: ‘cleanup_module’ specifies less restrictive attribute than its target ‘speedlink_driver_exit’: ‘cold’ [-Wmissing-attributes]
  138 |  void cleanup_module(void) __attribute__((alias(#exitfn)));
      |       ^~~~~~~~~~~~~~
./include/linux/device.h:1360:1: note: in expansion of macro ‘module_exit’
 1360 | module_exit(__driver##_exit);
      | ^~~~~~~~~~~
./include/linux/hid.h:795:2: note: in expansion of macro ‘module_driver’
  795 |  module_driver(__hid_driver, hid_register_driver, \
      |  ^~~~~~~~~~~~~
drivers/hid/hid-speedlink.c:79:1: note: in expansion of macro ‘module_hid_driver’
   79 | module_hid_driver(speedlink_driver);
      | ^~~~~~~~~~~~~~~~~
In file included from drivers/hid/hid-speedlink.c:16:
drivers/hid/hid-speedlink.c:79:19: note: ‘cleanup_module’ target declared here
   79 | module_hid_driver(speedlink_driver);
      |                   ^~~~~~~~~~~~~~~~
./include/linux/device.h:1356:20: note: in definition of macro ‘module_driver’
 1356 | static void __exit __driver##_exit(void) \
      |                    ^~~~~~~~
drivers/hid/hid-speedlink.c:79:1: note: in expansion of macro ‘module_hid_driver’
   79 | module_hid_driver(speedlink_driver);
      | ^~~~~~~~~~~~~~~~~
In file included from drivers/hid/hid-speedlink.c:18:
./include/linux/module.h:132:6: warning: ‘init_module’ specifies less restrictive attribute than its target ‘speedlink_driver_init’: ‘cold’ [-Wmissing-attributes]
  132 |  int init_module(void) __attribute__((alias(#initfn)));
      |      ^~~~~~~~~~~
./include/linux/device.h:1355:1: note: in expansion of macro ‘module_init’
 1355 | module_init(__driver##_init); \
      | ^~~~~~~~~~~
./include/linux/hid.h:795:2: note: in expansion of macro ‘module_driver’
  795 |  module_driver(__hid_driver, hid_register_driver, \
      |  ^~~~~~~~~~~~~
drivers/hid/hid-speedlink.c:79:1: note: in expansion of macro ‘module_hid_driver’
   79 | module_hid_driver(speedlink_driver);
      | ^~~~~~~~~~~~~~~~~
In file included from drivers/hid/hid-speedlink.c:16:
drivers/hid/hid-speedlink.c:79:19: note: ‘init_module’ target declared here
   79 | module_hid_driver(speedlink_driver);
      |                   ^~~~~~~~~~~~~~~~
./include/linux/device.h:1351:19: note: in definition of macro ‘module_driver’
 1351 | static int __init __driver##_init(void) \
      |                   ^~~~~~~~
drivers/hid/hid-speedlink.c:79:1: note: in expansion of macro ‘module_hid_driver’
   79 | module_hid_driver(speedlink_driver);
      | ^~~~~~~~~~~~~~~~~
  CC [M]  drivers/hid/hid-sunplus.o
In file included from drivers/hid/hid-sunplus.c:20:
./include/linux/module.h:138:7: warning: ‘cleanup_module’ specifies less restrictive attribute than its target ‘sp_driver_exit’: ‘cold’ [-Wmissing-attributes]
  138 |  void cleanup_module(void) __attribute__((alias(#exitfn)));
      |       ^~~~~~~~~~~~~~
./include/linux/device.h:1360:1: note: in expansion of macro ‘module_exit’
 1360 | module_exit(__driver##_exit);
      | ^~~~~~~~~~~
./include/linux/hid.h:795:2: note: in expansion of macro ‘module_driver’
  795 |  module_driver(__hid_driver, hid_register_driver, \
      |  ^~~~~~~~~~~~~
drivers/hid/hid-sunplus.c:66:1: note: in expansion of macro ‘module_hid_driver’
   66 | module_hid_driver(sp_driver);
      | ^~~~~~~~~~~~~~~~~
In file included from drivers/hid/hid-sunplus.c:18:
drivers/hid/hid-sunplus.c:66:19: note: ‘cleanup_module’ target declared here
   66 | module_hid_driver(sp_driver);
      |                   ^~~~~~~~~
./include/linux/device.h:1356:20: note: in definition of macro ‘module_driver’
 1356 | static void __exit __driver##_exit(void) \
      |                    ^~~~~~~~
drivers/hid/hid-sunplus.c:66:1: note: in expansion of macro ‘module_hid_driver’
   66 | module_hid_driver(sp_driver);
      | ^~~~~~~~~~~~~~~~~
In file included from drivers/hid/hid-sunplus.c:20:
./include/linux/module.h:132:6: warning: ‘init_module’ specifies less restrictive attribute than its target ‘sp_driver_init’: ‘cold’ [-Wmissing-attributes]
  132 |  int init_module(void) __attribute__((alias(#initfn)));
      |      ^~~~~~~~~~~
./include/linux/device.h:1355:1: note: in expansion of macro ‘module_init’
 1355 | module_init(__driver##_init); \
      | ^~~~~~~~~~~
./include/linux/hid.h:795:2: note: in expansion of macro ‘module_driver’
  795 |  module_driver(__hid_driver, hid_register_driver, \
      |  ^~~~~~~~~~~~~
drivers/hid/hid-sunplus.c:66:1: note: in expansion of macro ‘module_hid_driver’
   66 | module_hid_driver(sp_driver);
      | ^~~~~~~~~~~~~~~~~
In file included from drivers/hid/hid-sunplus.c:18:
drivers/hid/hid-sunplus.c:66:19: note: ‘init_module’ target declared here
   66 | module_hid_driver(sp_driver);
      |                   ^~~~~~~~~
./include/linux/device.h:1351:19: note: in definition of macro ‘module_driver’
 1351 | static int __init __driver##_init(void) \
      |                   ^~~~~~~~
drivers/hid/hid-sunplus.c:66:1: note: in expansion of macro ‘module_hid_driver’
   66 | module_hid_driver(sp_driver);
      | ^~~~~~~~~~~~~~~~~
  CC [M]  drivers/hid/hid-gaff.o
In file included from drivers/hid/hid-gaff.c:33:
./include/linux/module.h:138:7: warning: ‘cleanup_module’ specifies less restrictive attribute than its target ‘ga_driver_exit’: ‘cold’ [-Wmissing-attributes]
  138 |  void cleanup_module(void) __attribute__((alias(#exitfn)));
      |       ^~~~~~~~~~~~~~
./include/linux/device.h:1360:1: note: in expansion of macro ‘module_exit’
 1360 | module_exit(__driver##_exit);
      | ^~~~~~~~~~~
./include/linux/hid.h:795:2: note: in expansion of macro ‘module_driver’
  795 |  module_driver(__hid_driver, hid_register_driver, \
      |  ^~~~~~~~~~~~~
drivers/hid/hid-gaff.c:177:1: note: in expansion of macro ‘module_hid_driver’
  177 | module_hid_driver(ga_driver);
      | ^~~~~~~~~~~~~~~~~
In file included from ./include/linux/input.h:22,
                 from drivers/hid/hid-gaff.c:30:
drivers/hid/hid-gaff.c:177:19: note: ‘cleanup_module’ target declared here
  177 | module_hid_driver(ga_driver);
      |                   ^~~~~~~~~
./include/linux/device.h:1356:20: note: in definition of macro ‘module_driver’
 1356 | static void __exit __driver##_exit(void) \
      |                    ^~~~~~~~
drivers/hid/hid-gaff.c:177:1: note: in expansion of macro ‘module_hid_driver’
  177 | module_hid_driver(ga_driver);
      | ^~~~~~~~~~~~~~~~~
In file included from drivers/hid/hid-gaff.c:33:
./include/linux/module.h:132:6: warning: ‘init_module’ specifies less restrictive attribute than its target ‘ga_driver_init’: ‘cold’ [-Wmissing-attributes]
  132 |  int init_module(void) __attribute__((alias(#initfn)));
      |      ^~~~~~~~~~~
./include/linux/device.h:1355:1: note: in expansion of macro ‘module_init’
 1355 | module_init(__driver##_init); \
      | ^~~~~~~~~~~
./include/linux/hid.h:795:2: note: in expansion of macro ‘module_driver’
  795 |  module_driver(__hid_driver, hid_register_driver, \
      |  ^~~~~~~~~~~~~
drivers/hid/hid-gaff.c:177:1: note: in expansion of macro ‘module_hid_driver’
  177 | module_hid_driver(ga_driver);
      | ^~~~~~~~~~~~~~~~~
In file included from ./include/linux/input.h:22,
                 from drivers/hid/hid-gaff.c:30:
drivers/hid/hid-gaff.c:177:19: note: ‘init_module’ target declared here
  177 | module_hid_driver(ga_driver);
      |                   ^~~~~~~~~
./include/linux/device.h:1351:19: note: in definition of macro ‘module_driver’
 1351 | static int __init __driver##_init(void) \
      |                   ^~~~~~~~
drivers/hid/hid-gaff.c:177:1: note: in expansion of macro ‘module_hid_driver’
  177 | module_hid_driver(ga_driver);
      | ^~~~~~~~~~~~~~~~~
  CC [M]  drivers/hid/hid-tmff.o
In file included from drivers/hid/hid-tmff.c:33:
./include/linux/module.h:138:7: warning: ‘cleanup_module’ specifies less restrictive attribute than its target ‘tm_driver_exit’: ‘cold’ [-Wmissing-attributes]
  138 |  void cleanup_module(void) __attribute__((alias(#exitfn)));
      |       ^~~~~~~~~~~~~~
./include/linux/device.h:1360:1: note: in expansion of macro ‘module_exit’
 1360 | module_exit(__driver##_exit);
      | ^~~~~~~~~~~
./include/linux/hid.h:795:2: note: in expansion of macro ‘module_driver’
  795 |  module_driver(__hid_driver, hid_register_driver, \
      |  ^~~~~~~~~~~~~
drivers/hid/hid-tmff.c:262:1: note: in expansion of macro ‘module_hid_driver’
  262 | module_hid_driver(tm_driver);
      | ^~~~~~~~~~~~~~~~~
In file included from ./include/linux/input.h:22,
                 from ./include/linux/hid.h:35,
                 from drivers/hid/hid-tmff.c:30:
drivers/hid/hid-tmff.c:262:19: note: ‘cleanup_module’ target declared here
  262 | module_hid_driver(tm_driver);
      |                   ^~~~~~~~~
./include/linux/device.h:1356:20: note: in definition of macro ‘module_driver’
 1356 | static void __exit __driver##_exit(void) \
      |                    ^~~~~~~~
drivers/hid/hid-tmff.c:262:1: note: in expansion of macro ‘module_hid_driver’
  262 | module_hid_driver(tm_driver);
      | ^~~~~~~~~~~~~~~~~
In file included from drivers/hid/hid-tmff.c:33:
./include/linux/module.h:132:6: warning: ‘init_module’ specifies less restrictive attribute than its target ‘tm_driver_init’: ‘cold’ [-Wmissing-attributes]
  132 |  int init_module(void) __attribute__((alias(#initfn)));
      |      ^~~~~~~~~~~
./include/linux/device.h:1355:1: note: in expansion of macro ‘module_init’
 1355 | module_init(__driver##_init); \
      | ^~~~~~~~~~~
./include/linux/hid.h:795:2: note: in expansion of macro ‘module_driver’
  795 |  module_driver(__hid_driver, hid_register_driver, \
      |  ^~~~~~~~~~~~~
drivers/hid/hid-tmff.c:262:1: note: in expansion of macro ‘module_hid_driver’
  262 | module_hid_driver(tm_driver);
      | ^~~~~~~~~~~~~~~~~
In file included from ./include/linux/input.h:22,
                 from ./include/linux/hid.h:35,
                 from drivers/hid/hid-tmff.c:30:
drivers/hid/hid-tmff.c:262:19: note: ‘init_module’ target declared here
  262 | module_hid_driver(tm_driver);
      |                   ^~~~~~~~~
./include/linux/device.h:1351:19: note: in definition of macro ‘module_driver’
 1351 | static int __init __driver##_init(void) \
      |                   ^~~~~~~~
drivers/hid/hid-tmff.c:262:1: note: in expansion of macro ‘module_hid_driver’
  262 | module_hid_driver(tm_driver);
      | ^~~~~~~~~~~~~~~~~
  CC [M]  drivers/hid/hid-topseed.o
In file included from drivers/hid/hid-topseed.c:23:
./include/linux/module.h:138:7: warning: ‘cleanup_module’ specifies less restrictive attribute than its target ‘ts_driver_exit’: ‘cold’ [-Wmissing-attributes]
  138 |  void cleanup_module(void) __attribute__((alias(#exitfn)));
      |       ^~~~~~~~~~~~~~
./include/linux/device.h:1360:1: note: in expansion of macro ‘module_exit’
 1360 | module_exit(__driver##_exit);
      | ^~~~~~~~~~~
./include/linux/hid.h:795:2: note: in expansion of macro ‘module_driver’
  795 |  module_driver(__hid_driver, hid_register_driver, \
      |  ^~~~~~~~~~~~~
drivers/hid/hid-topseed.c:79:1: note: in expansion of macro ‘module_hid_driver’
   79 | module_hid_driver(ts_driver);
      | ^~~~~~~~~~~~~~~~~
In file included from drivers/hid/hid-topseed.c:21:
drivers/hid/hid-topseed.c:79:19: note: ‘cleanup_module’ target declared here
   79 | module_hid_driver(ts_driver);
      |                   ^~~~~~~~~
./include/linux/device.h:1356:20: note: in definition of macro ‘module_driver’
 1356 | static void __exit __driver##_exit(void) \
      |                    ^~~~~~~~
drivers/hid/hid-topseed.c:79:1: note: in expansion of macro ‘module_hid_driver’
   79 | module_hid_driver(ts_driver);
      | ^~~~~~~~~~~~~~~~~
In file included from drivers/hid/hid-topseed.c:23:
./include/linux/module.h:132:6: warning: ‘init_module’ specifies less restrictive attribute than its target ‘ts_driver_init’: ‘cold’ [-Wmissing-attributes]
  132 |  int init_module(void) __attribute__((alias(#initfn)));
      |      ^~~~~~~~~~~
./include/linux/device.h:1355:1: note: in expansion of macro ‘module_init’
 1355 | module_init(__driver##_init); \
      | ^~~~~~~~~~~
./include/linux/hid.h:795:2: note: in expansion of macro ‘module_driver’
  795 |  module_driver(__hid_driver, hid_register_driver, \
      |  ^~~~~~~~~~~~~
drivers/hid/hid-topseed.c:79:1: note: in expansion of macro ‘module_hid_driver’
   79 | module_hid_driver(ts_driver);
      | ^~~~~~~~~~~~~~~~~
In file included from drivers/hid/hid-topseed.c:21:
drivers/hid/hid-topseed.c:79:19: note: ‘init_module’ target declared here
   79 | module_hid_driver(ts_driver);
      |                   ^~~~~~~~~
./include/linux/device.h:1351:19: note: in definition of macro ‘module_driver’
 1351 | static int __init __driver##_init(void) \
      |                   ^~~~~~~~
drivers/hid/hid-topseed.c:79:1: note: in expansion of macro ‘module_hid_driver’
   79 | module_hid_driver(ts_driver);
      | ^~~~~~~~~~~~~~~~~
  CC [M]  drivers/hid/hid-twinhan.o
In file included from drivers/hid/hid-twinhan.c:18:
./include/linux/module.h:138:7: warning: ‘cleanup_module’ specifies less restrictive attribute than its target ‘twinhan_driver_exit’: ‘cold’ [-Wmissing-attributes]
  138 |  void cleanup_module(void) __attribute__((alias(#exitfn)));
      |       ^~~~~~~~~~~~~~
./include/linux/device.h:1360:1: note: in expansion of macro ‘module_exit’
 1360 | module_exit(__driver##_exit);
      | ^~~~~~~~~~~
./include/linux/hid.h:795:2: note: in expansion of macro ‘module_driver’
  795 |  module_driver(__hid_driver, hid_register_driver, \
      |  ^~~~~~~~~~~~~
drivers/hid/hid-twinhan.c:134:1: note: in expansion of macro ‘module_hid_driver’
  134 | module_hid_driver(twinhan_driver);
      | ^~~~~~~~~~~~~~~~~
In file included from drivers/hid/hid-twinhan.c:15:
drivers/hid/hid-twinhan.c:134:19: note: ‘cleanup_module’ target declared here
  134 | module_hid_driver(twinhan_driver);
      |                   ^~~~~~~~~~~~~~
./include/linux/device.h:1356:20: note: in definition of macro ‘module_driver’
 1356 | static void __exit __driver##_exit(void) \
      |                    ^~~~~~~~
drivers/hid/hid-twinhan.c:134:1: note: in expansion of macro ‘module_hid_driver’
  134 | module_hid_driver(twinhan_driver);
      | ^~~~~~~~~~~~~~~~~
In file included from drivers/hid/hid-twinhan.c:18:
./include/linux/module.h:132:6: warning: ‘init_module’ specifies less restrictive attribute than its target ‘twinhan_driver_init’: ‘cold’ [-Wmissing-attributes]
  132 |  int init_module(void) __attribute__((alias(#initfn)));
      |      ^~~~~~~~~~~
./include/linux/device.h:1355:1: note: in expansion of macro ‘module_init’
 1355 | module_init(__driver##_init); \
      | ^~~~~~~~~~~
./include/linux/hid.h:795:2: note: in expansion of macro ‘module_driver’
  795 |  module_driver(__hid_driver, hid_register_driver, \
      |  ^~~~~~~~~~~~~
drivers/hid/hid-twinhan.c:134:1: note: in expansion of macro ‘module_hid_driver’
  134 | module_hid_driver(twinhan_driver);
      | ^~~~~~~~~~~~~~~~~
In file included from drivers/hid/hid-twinhan.c:15:
drivers/hid/hid-twinhan.c:134:19: note: ‘init_module’ target declared here
  134 | module_hid_driver(twinhan_driver);
      |                   ^~~~~~~~~~~~~~
./include/linux/device.h:1351:19: note: in definition of macro ‘module_driver’
 1351 | static int __init __driver##_init(void) \
      |                   ^~~~~~~~
drivers/hid/hid-twinhan.c:134:1: note: in expansion of macro ‘module_hid_driver’
  134 | module_hid_driver(twinhan_driver);
      | ^~~~~~~~~~~~~~~~~
  CC [M]  drivers/hid/hid-uclogic.o
In file included from drivers/hid/hid-uclogic.c:17:
./include/linux/module.h:138:7: warning: ‘cleanup_module’ specifies less restrictive attribute than its target ‘uclogic_driver_exit’: ‘cold’ [-Wmissing-attributes]
  138 |  void cleanup_module(void) __attribute__((alias(#exitfn)));
      |       ^~~~~~~~~~~~~~
./include/linux/device.h:1360:1: note: in expansion of macro ‘module_exit’
 1360 | module_exit(__driver##_exit);
      | ^~~~~~~~~~~
./include/linux/hid.h:795:2: note: in expansion of macro ‘module_driver’
  795 |  module_driver(__hid_driver, hid_register_driver, \
      |  ^~~~~~~~~~~~~
drivers/hid/hid-uclogic.c:1085:1: note: in expansion of macro ‘module_hid_driver’
 1085 | module_hid_driver(uclogic_driver);
      | ^~~~~~~~~~~~~~~~~
In file included from drivers/hid/hid-uclogic.c:15:
drivers/hid/hid-uclogic.c:1085:19: note: ‘cleanup_module’ target declared here
 1085 | module_hid_driver(uclogic_driver);
      |                   ^~~~~~~~~~~~~~
./include/linux/device.h:1356:20: note: in definition of macro ‘module_driver’
 1356 | static void __exit __driver##_exit(void) \
      |                    ^~~~~~~~
drivers/hid/hid-uclogic.c:1085:1: note: in expansion of macro ‘module_hid_driver’
 1085 | module_hid_driver(uclogic_driver);
      | ^~~~~~~~~~~~~~~~~
In file included from drivers/hid/hid-uclogic.c:17:
./include/linux/module.h:132:6: warning: ‘init_module’ specifies less restrictive attribute than its target ‘uclogic_driver_init’: ‘cold’ [-Wmissing-attributes]
  132 |  int init_module(void) __attribute__((alias(#initfn)));
      |      ^~~~~~~~~~~
./include/linux/device.h:1355:1: note: in expansion of macro ‘module_init’
 1355 | module_init(__driver##_init); \
      | ^~~~~~~~~~~
./include/linux/hid.h:795:2: note: in expansion of macro ‘module_driver’
  795 |  module_driver(__hid_driver, hid_register_driver, \
      |  ^~~~~~~~~~~~~
drivers/hid/hid-uclogic.c:1085:1: note: in expansion of macro ‘module_hid_driver’
 1085 | module_hid_driver(uclogic_driver);
      | ^~~~~~~~~~~~~~~~~
In file included from drivers/hid/hid-uclogic.c:15:
drivers/hid/hid-uclogic.c:1085:19: note: ‘init_module’ target declared here
 1085 | module_hid_driver(uclogic_driver);
      |                   ^~~~~~~~~~~~~~
./include/linux/device.h:1351:19: note: in definition of macro ‘module_driver’
 1351 | static int __init __driver##_init(void) \
      |                   ^~~~~~~~
drivers/hid/hid-uclogic.c:1085:1: note: in expansion of macro ‘module_hid_driver’
 1085 | module_hid_driver(uclogic_driver);
      | ^~~~~~~~~~~~~~~~~
  CC [M]  drivers/hid/hid-led.o
In file included from drivers/hid/hid-led.c:16:
./include/linux/module.h:138:7: warning: ‘cleanup_module’ specifies less restrictive attribute than its target ‘hidled_driver_exit’: ‘cold’ [-Wmissing-attributes]
  138 |  void cleanup_module(void) __attribute__((alias(#exitfn)));
      |       ^~~~~~~~~~~~~~
./include/linux/device.h:1360:1: note: in expansion of macro ‘module_exit’
 1360 | module_exit(__driver##_exit);
      | ^~~~~~~~~~~
./include/linux/hid.h:795:2: note: in expansion of macro ‘module_driver’
  795 |  module_driver(__hid_driver, hid_register_driver, \
      |  ^~~~~~~~~~~~~
drivers/hid/hid-led.c:534:1: note: in expansion of macro ‘module_hid_driver’
  534 | module_hid_driver(hidled_driver);
      | ^~~~~~~~~~~~~~~~~
In file included from ./include/linux/input.h:22,
                 from ./include/linux/hid.h:35,
                 from drivers/hid/hid-led.c:13:
drivers/hid/hid-led.c:534:19: note: ‘cleanup_module’ target declared here
  534 | module_hid_driver(hidled_driver);
      |                   ^~~~~~~~~~~~~
./include/linux/device.h:1356:20: note: in definition of macro ‘module_driver’
 1356 | static void __exit __driver##_exit(void) \
      |                    ^~~~~~~~
drivers/hid/hid-led.c:534:1: note: in expansion of macro ‘module_hid_driver’
  534 | module_hid_driver(hidled_driver);
      | ^~~~~~~~~~~~~~~~~
In file included from drivers/hid/hid-led.c:16:
./include/linux/module.h:132:6: warning: ‘init_module’ specifies less restrictive attribute than its target ‘hidled_driver_init’: ‘cold’ [-Wmissing-attributes]
  132 |  int init_module(void) __attribute__((alias(#initfn)));
      |      ^~~~~~~~~~~
./include/linux/device.h:1355:1: note: in expansion of macro ‘module_init’
 1355 | module_init(__driver##_init); \
      | ^~~~~~~~~~~
./include/linux/hid.h:795:2: note: in expansion of macro ‘module_driver’
  795 |  module_driver(__hid_driver, hid_register_driver, \
      |  ^~~~~~~~~~~~~
drivers/hid/hid-led.c:534:1: note: in expansion of macro ‘module_hid_driver’
  534 | module_hid_driver(hidled_driver);
      | ^~~~~~~~~~~~~~~~~
In file included from ./include/linux/input.h:22,
                 from ./include/linux/hid.h:35,
                 from drivers/hid/hid-led.c:13:
drivers/hid/hid-led.c:534:19: note: ‘init_module’ target declared here
  534 | module_hid_driver(hidled_driver);
      |                   ^~~~~~~~~~~~~
./include/linux/device.h:1351:19: note: in definition of macro ‘module_driver’
 1351 | static int __init __driver##_init(void) \
      |                   ^~~~~~~~
drivers/hid/hid-led.c:534:1: note: in expansion of macro ‘module_hid_driver’
  534 | module_hid_driver(hidled_driver);
      | ^~~~~~~~~~~~~~~~~
  CC [M]  drivers/hid/hid-xinmo.o
In file included from drivers/hid/hid-xinmo.c:20:
./include/linux/module.h:138:7: warning: ‘cleanup_module’ specifies less restrictive attribute than its target ‘xinmo_driver_exit’: ‘cold’ [-Wmissing-attributes]
  138 |  void cleanup_module(void) __attribute__((alias(#exitfn)));
      |       ^~~~~~~~~~~~~~
./include/linux/device.h:1360:1: note: in expansion of macro ‘module_exit’
 1360 | module_exit(__driver##_exit);
      | ^~~~~~~~~~~
./include/linux/hid.h:795:2: note: in expansion of macro ‘module_driver’
  795 |  module_driver(__hid_driver, hid_register_driver, \
      |  ^~~~~~~~~~~~~
drivers/hid/hid-xinmo.c:61:1: note: in expansion of macro ‘module_hid_driver’
   61 | module_hid_driver(xinmo_driver);
      | ^~~~~~~~~~~~~~~~~
In file included from drivers/hid/hid-xinmo.c:18:
drivers/hid/hid-xinmo.c:61:19: note: ‘cleanup_module’ target declared here
   61 | module_hid_driver(xinmo_driver);
      |                   ^~~~~~~~~~~~
./include/linux/device.h:1356:20: note: in definition of macro ‘module_driver’
 1356 | static void __exit __driver##_exit(void) \
      |                    ^~~~~~~~
drivers/hid/hid-xinmo.c:61:1: note: in expansion of macro ‘module_hid_driver’
   61 | module_hid_driver(xinmo_driver);
      | ^~~~~~~~~~~~~~~~~
In file included from drivers/hid/hid-xinmo.c:20:
./include/linux/module.h:132:6: warning: ‘init_module’ specifies less restrictive attribute than its target ‘xinmo_driver_init’: ‘cold’ [-Wmissing-attributes]
  132 |  int init_module(void) __attribute__((alias(#initfn)));
      |      ^~~~~~~~~~~
./include/linux/device.h:1355:1: note: in expansion of macro ‘module_init’
 1355 | module_init(__driver##_init); \
      | ^~~~~~~~~~~
./include/linux/hid.h:795:2: note: in expansion of macro ‘module_driver’
  795 |  module_driver(__hid_driver, hid_register_driver, \
      |  ^~~~~~~~~~~~~
drivers/hid/hid-xinmo.c:61:1: note: in expansion of macro ‘module_hid_driver’
   61 | module_hid_driver(xinmo_driver);
      | ^~~~~~~~~~~~~~~~~
In file included from drivers/hid/hid-xinmo.c:18:
drivers/hid/hid-xinmo.c:61:19: note: ‘init_module’ target declared here
   61 | module_hid_driver(xinmo_driver);
      |                   ^~~~~~~~~~~~
./include/linux/device.h:1351:19: note: in definition of macro ‘module_driver’
 1351 | static int __init __driver##_init(void) \
      |                   ^~~~~~~~
drivers/hid/hid-xinmo.c:61:1: note: in expansion of macro ‘module_hid_driver’
   61 | module_hid_driver(xinmo_driver);
      | ^~~~~~~~~~~~~~~~~
  CC [M]  drivers/hid/hid-zpff.o
In file included from drivers/hid/hid-zpff.c:27:
./include/linux/module.h:138:7: warning: ‘cleanup_module’ specifies less restrictive attribute than its target ‘zp_driver_exit’: ‘cold’ [-Wmissing-attributes]
  138 |  void cleanup_module(void) __attribute__((alias(#exitfn)));
      |       ^~~~~~~~~~~~~~
./include/linux/device.h:1360:1: note: in expansion of macro ‘module_exit’
 1360 | module_exit(__driver##_exit);
      | ^~~~~~~~~~~
./include/linux/hid.h:795:2: note: in expansion of macro ‘module_driver’
  795 |  module_driver(__hid_driver, hid_register_driver, \
      |  ^~~~~~~~~~~~~
drivers/hid/hid-zpff.c:145:1: note: in expansion of macro ‘module_hid_driver’
  145 | module_hid_driver(zp_driver);
      | ^~~~~~~~~~~~~~~~~
In file included from ./include/linux/input.h:22,
                 from ./include/linux/hid.h:35,
                 from drivers/hid/hid-zpff.c:24:
drivers/hid/hid-zpff.c:145:19: note: ‘cleanup_module’ target declared here
  145 | module_hid_driver(zp_driver);
      |                   ^~~~~~~~~
./include/linux/device.h:1356:20: note: in definition of macro ‘module_driver’
 1356 | static void __exit __driver##_exit(void) \
      |                    ^~~~~~~~
drivers/hid/hid-zpff.c:145:1: note: in expansion of macro ‘module_hid_driver’
  145 | module_hid_driver(zp_driver);
      | ^~~~~~~~~~~~~~~~~
In file included from drivers/hid/hid-zpff.c:27:
./include/linux/module.h:132:6: warning: ‘init_module’ specifies less restrictive attribute than its target ‘zp_driver_init’: ‘cold’ [-Wmissing-attributes]
  132 |  int init_module(void) __attribute__((alias(#initfn)));
      |      ^~~~~~~~~~~
./include/linux/device.h:1355:1: note: in expansion of macro ‘module_init’
 1355 | module_init(__driver##_init); \
      | ^~~~~~~~~~~
./include/linux/hid.h:795:2: note: in expansion of macro ‘module_driver’
  795 |  module_driver(__hid_driver, hid_register_driver, \
      |  ^~~~~~~~~~~~~
drivers/hid/hid-zpff.c:145:1: note: in expansion of macro ‘module_hid_driver’
  145 | module_hid_driver(zp_driver);
      | ^~~~~~~~~~~~~~~~~
In file included from ./include/linux/input.h:22,
                 from ./include/linux/hid.h:35,
                 from drivers/hid/hid-zpff.c:24:
drivers/hid/hid-zpff.c:145:19: note: ‘init_module’ target declared here
  145 | module_hid_driver(zp_driver);
      |                   ^~~~~~~~~
./include/linux/device.h:1351:19: note: in definition of macro ‘module_driver’
 1351 | static int __init __driver##_init(void) \
      |                   ^~~~~~~~
drivers/hid/hid-zpff.c:145:1: note: in expansion of macro ‘module_hid_driver’
  145 | module_hid_driver(zp_driver);
      | ^~~~~~~~~~~~~~~~~
  CC [M]  drivers/hid/hid-zydacron.o
In file included from drivers/hid/hid-zydacron.c:16:
./include/linux/module.h:138:7: warning: ‘cleanup_module’ specifies less restrictive attribute than its target ‘zc_driver_exit’: ‘cold’ [-Wmissing-attributes]
  138 |  void cleanup_module(void) __attribute__((alias(#exitfn)));
      |       ^~~~~~~~~~~~~~
./include/linux/device.h:1360:1: note: in expansion of macro ‘module_exit’
 1360 | module_exit(__driver##_exit);
      | ^~~~~~~~~~~
./include/linux/hid.h:795:2: note: in expansion of macro ‘module_driver’
  795 |  module_driver(__hid_driver, hid_register_driver, \
      |  ^~~~~~~~~~~~~
drivers/hid/hid-zydacron.c:209:1: note: in expansion of macro ‘module_hid_driver’
  209 | module_hid_driver(zc_driver);
      | ^~~~~~~~~~~~~~~~~
In file included from drivers/hid/hid-zydacron.c:14:
drivers/hid/hid-zydacron.c:209:19: note: ‘cleanup_module’ target declared here
  209 | module_hid_driver(zc_driver);
      |                   ^~~~~~~~~
./include/linux/device.h:1356:20: note: in definition of macro ‘module_driver’
 1356 | static void __exit __driver##_exit(void) \
      |                    ^~~~~~~~
drivers/hid/hid-zydacron.c:209:1: note: in expansion of macro ‘module_hid_driver’
  209 | module_hid_driver(zc_driver);
      | ^~~~~~~~~~~~~~~~~
In file included from drivers/hid/hid-zydacron.c:16:
./include/linux/module.h:132:6: warning: ‘init_module’ specifies less restrictive attribute than its target ‘zc_driver_init’: ‘cold’ [-Wmissing-attributes]
  132 |  int init_module(void) __attribute__((alias(#initfn)));
      |      ^~~~~~~~~~~
./include/linux/device.h:1355:1: note: in expansion of macro ‘module_init’
 1355 | module_init(__driver##_init); \
      | ^~~~~~~~~~~
./include/linux/hid.h:795:2: note: in expansion of macro ‘module_driver’
  795 |  module_driver(__hid_driver, hid_register_driver, \
      |  ^~~~~~~~~~~~~
drivers/hid/hid-zydacron.c:209:1: note: in expansion of macro ‘module_hid_driver’
  209 | module_hid_driver(zc_driver);
      | ^~~~~~~~~~~~~~~~~
In file included from drivers/hid/hid-zydacron.c:14:
drivers/hid/hid-zydacron.c:209:19: note: ‘init_module’ target declared here
  209 | module_hid_driver(zc_driver);
      |                   ^~~~~~~~~
./include/linux/device.h:1351:19: note: in definition of macro ‘module_driver’
 1351 | static int __init __driver##_init(void) \
      |                   ^~~~~~~~
drivers/hid/hid-zydacron.c:209:1: note: in expansion of macro ‘module_hid_driver’
  209 | module_hid_driver(zc_driver);
      | ^~~~~~~~~~~~~~~~~
  CC [M]  drivers/hid/wacom_wac.o
  CC [M]  drivers/hid/wacom_sys.o
In file included from drivers/hid/wacom.h:90,
                 from drivers/hid/wacom_sys.c:15:
./include/linux/module.h:132:6: warning: ‘init_module’ specifies less restrictive attribute than its target ‘wacom_driver_init’: ‘cold’ [-Wmissing-attributes]
  132 |  int init_module(void) __attribute__((alias(#initfn)));
      |      ^~~~~~~~~~~
./include/linux/device.h:1355:1: note: in expansion of macro ‘module_init’
 1355 | module_init(__driver##_init); \
      | ^~~~~~~~~~~
./include/linux/hid.h:795:2: note: in expansion of macro ‘module_driver’
  795 |  module_driver(__hid_driver, hid_register_driver, \
      |  ^~~~~~~~~~~~~
drivers/hid/wacom_sys.c:2481:1: note: in expansion of macro ‘module_hid_driver’
 2481 | module_hid_driver(wacom_driver);
      | ^~~~~~~~~~~~~~~~~
In file included from ./include/linux/input.h:22,
                 from ./include/linux/hid.h:35,
                 from drivers/hid/wacom_wac.h:13,
                 from drivers/hid/wacom_sys.c:14:
drivers/hid/wacom_sys.c:2481:19: note: ‘init_module’ target declared here
 2481 | module_hid_driver(wacom_driver);
      |                   ^~~~~~~~~~~~
./include/linux/device.h:1351:19: note: in definition of macro ‘module_driver’
 1351 | static int __init __driver##_init(void) \
      |                   ^~~~~~~~
drivers/hid/wacom_sys.c:2481:1: note: in expansion of macro ‘module_hid_driver’
 2481 | module_hid_driver(wacom_driver);
      | ^~~~~~~~~~~~~~~~~
In file included from drivers/hid/wacom.h:90,
                 from drivers/hid/wacom_sys.c:15:
./include/linux/module.h:138:7: warning: ‘cleanup_module’ specifies less restrictive attribute than its target ‘wacom_driver_exit’: ‘cold’ [-Wmissing-attributes]
  138 |  void cleanup_module(void) __attribute__((alias(#exitfn)));
      |       ^~~~~~~~~~~~~~
./include/linux/device.h:1360:1: note: in expansion of macro ‘module_exit’
 1360 | module_exit(__driver##_exit);
      | ^~~~~~~~~~~
./include/linux/hid.h:795:2: note: in expansion of macro ‘module_driver’
  795 |  module_driver(__hid_driver, hid_register_driver, \
      |  ^~~~~~~~~~~~~
drivers/hid/wacom_sys.c:2481:1: note: in expansion of macro ‘module_hid_driver’
 2481 | module_hid_driver(wacom_driver);
      | ^~~~~~~~~~~~~~~~~
In file included from ./include/linux/input.h:22,
                 from ./include/linux/hid.h:35,
                 from drivers/hid/wacom_wac.h:13,
                 from drivers/hid/wacom_sys.c:14:
drivers/hid/wacom_sys.c:2481:19: note: ‘cleanup_module’ target declared here
 2481 | module_hid_driver(wacom_driver);
      |                   ^~~~~~~~~~~~
./include/linux/device.h:1356:20: note: in definition of macro ‘module_driver’
 1356 | static void __exit __driver##_exit(void) \
      |                    ^~~~~~~~
drivers/hid/wacom_sys.c:2481:1: note: in expansion of macro ‘module_hid_driver’
 2481 | module_hid_driver(wacom_driver);
      | ^~~~~~~~~~~~~~~~~
  LD [M]  drivers/hid/wacom.o
  CC [M]  drivers/hid/hid-waltop.o
In file included from drivers/hid/hid-waltop.c:16:
./include/linux/module.h:138:7: warning: ‘cleanup_module’ specifies less restrictive attribute than its target ‘waltop_driver_exit’: ‘cold’ [-Wmissing-attributes]
  138 |  void cleanup_module(void) __attribute__((alias(#exitfn)));
      |       ^~~~~~~~~~~~~~
./include/linux/device.h:1360:1: note: in expansion of macro ‘module_exit’
 1360 | module_exit(__driver##_exit);
      | ^~~~~~~~~~~
./include/linux/hid.h:795:2: note: in expansion of macro ‘module_driver’
  795 |  module_driver(__hid_driver, hid_register_driver, \
      |  ^~~~~~~~~~~~~
drivers/hid/hid-waltop.c:746:1: note: in expansion of macro ‘module_hid_driver’
  746 | module_hid_driver(waltop_driver);
      | ^~~~~~~~~~~~~~~~~
In file included from drivers/hid/hid-waltop.c:14:
drivers/hid/hid-waltop.c:746:19: note: ‘cleanup_module’ target declared here
  746 | module_hid_driver(waltop_driver);
      |                   ^~~~~~~~~~~~~
./include/linux/device.h:1356:20: note: in definition of macro ‘module_driver’
 1356 | static void __exit __driver##_exit(void) \
      |                    ^~~~~~~~
drivers/hid/hid-waltop.c:746:1: note: in expansion of macro ‘module_hid_driver’
  746 | module_hid_driver(waltop_driver);
      | ^~~~~~~~~~~~~~~~~
In file included from drivers/hid/hid-waltop.c:16:
./include/linux/module.h:132:6: warning: ‘init_module’ specifies less restrictive attribute than its target ‘waltop_driver_init’: ‘cold’ [-Wmissing-attributes]
  132 |  int init_module(void) __attribute__((alias(#initfn)));
      |      ^~~~~~~~~~~
./include/linux/device.h:1355:1: note: in expansion of macro ‘module_init’
 1355 | module_init(__driver##_init); \
      | ^~~~~~~~~~~
./include/linux/hid.h:795:2: note: in expansion of macro ‘module_driver’
  795 |  module_driver(__hid_driver, hid_register_driver, \
      |  ^~~~~~~~~~~~~
drivers/hid/hid-waltop.c:746:1: note: in expansion of macro ‘module_hid_driver’
  746 | module_hid_driver(waltop_driver);
      | ^~~~~~~~~~~~~~~~~
In file included from drivers/hid/hid-waltop.c:14:
drivers/hid/hid-waltop.c:746:19: note: ‘init_module’ target declared here
  746 | module_hid_driver(waltop_driver);
      |                   ^~~~~~~~~~~~~
./include/linux/device.h:1351:19: note: in definition of macro ‘module_driver’
 1351 | static int __init __driver##_init(void) \
      |                   ^~~~~~~~
drivers/hid/hid-waltop.c:746:1: note: in expansion of macro ‘module_hid_driver’
  746 | module_hid_driver(waltop_driver);
      | ^~~~~~~~~~~~~~~~~
  CC [M]  drivers/hid/hid-wiimote-core.o
In file included from drivers/hid/hid-wiimote-core.c:17:
./include/linux/module.h:138:7: warning: ‘cleanup_module’ specifies less restrictive attribute than its target ‘wiimote_hid_driver_exit’: ‘cold’ [-Wmissing-attributes]
  138 |  void cleanup_module(void) __attribute__((alias(#exitfn)));
      |       ^~~~~~~~~~~~~~
./include/linux/device.h:1360:1: note: in expansion of macro ‘module_exit’
 1360 | module_exit(__driver##_exit);
      | ^~~~~~~~~~~
./include/linux/hid.h:795:2: note: in expansion of macro ‘module_driver’
  795 |  module_driver(__hid_driver, hid_register_driver, \
      |  ^~~~~~~~~~~~~
drivers/hid/hid-wiimote-core.c:1871:1: note: in expansion of macro ‘module_hid_driver’
 1871 | module_hid_driver(wiimote_hid_driver);
      | ^~~~~~~~~~~~~~~~~
In file included from drivers/hid/hid-wiimote-core.c:14:
drivers/hid/hid-wiimote-core.c:1871:19: note: ‘cleanup_module’ target declared here
 1871 | module_hid_driver(wiimote_hid_driver);
      |                   ^~~~~~~~~~~~~~~~~~
./include/linux/device.h:1356:20: note: in definition of macro ‘module_driver’
 1356 | static void __exit __driver##_exit(void) \
      |                    ^~~~~~~~
drivers/hid/hid-wiimote-core.c:1871:1: note: in expansion of macro ‘module_hid_driver’
 1871 | module_hid_driver(wiimote_hid_driver);
      | ^~~~~~~~~~~~~~~~~
In file included from drivers/hid/hid-wiimote-core.c:17:
./include/linux/module.h:132:6: warning: ‘init_module’ specifies less restrictive attribute than its target ‘wiimote_hid_driver_init’: ‘cold’ [-Wmissing-attributes]
  132 |  int init_module(void) __attribute__((alias(#initfn)));
      |      ^~~~~~~~~~~
./include/linux/device.h:1355:1: note: in expansion of macro ‘module_init’
 1355 | module_init(__driver##_init); \
      | ^~~~~~~~~~~
./include/linux/hid.h:795:2: note: in expansion of macro ‘module_driver’
  795 |  module_driver(__hid_driver, hid_register_driver, \
      |  ^~~~~~~~~~~~~
drivers/hid/hid-wiimote-core.c:1871:1: note: in expansion of macro ‘module_hid_driver’
 1871 | module_hid_driver(wiimote_hid_driver);
      | ^~~~~~~~~~~~~~~~~
In file included from drivers/hid/hid-wiimote-core.c:14:
drivers/hid/hid-wiimote-core.c:1871:19: note: ‘init_module’ target declared here
 1871 | module_hid_driver(wiimote_hid_driver);
      |                   ^~~~~~~~~~~~~~~~~~
./include/linux/device.h:1351:19: note: in definition of macro ‘module_driver’
 1351 | static int __init __driver##_init(void) \
      |                   ^~~~~~~~
drivers/hid/hid-wiimote-core.c:1871:1: note: in expansion of macro ‘module_hid_driver’
 1871 | module_hid_driver(wiimote_hid_driver);
      | ^~~~~~~~~~~~~~~~~
  CC [M]  drivers/hid/hid-wiimote-modules.o
  CC [M]  drivers/hid/hid-wiimote-debug.o
  LD [M]  drivers/hid/hid-wiimote.o
  LD      drivers/hwmon/built-in.o
  CC [M]  drivers/hwmon/hwmon.o
In file included from drivers/hwmon/hwmon.c:21:
./include/linux/module.h:132:6: warning: ‘init_module’ specifies less restrictive attribute than its target ‘hwmon_init’: ‘cold’ [-Wmissing-attributes]
  132 |  int init_module(void) __attribute__((alias(#initfn)));
      |      ^~~~~~~~~~~
./include/linux/module.h:115:30: note: in expansion of macro ‘module_init’
  115 | #define subsys_initcall(fn)  module_init(fn)
      |                              ^~~~~~~~~~~
drivers/hwmon/hwmon.c:835:1: note: in expansion of macro ‘subsys_initcall’
  835 | subsys_initcall(hwmon_init);
      | ^~~~~~~~~~~~~~~
drivers/hwmon/hwmon.c:816:19: note: ‘init_module’ target declared here
  816 | static int __init hwmon_init(void)
      |                   ^~~~~~~~~~
In file included from drivers/hwmon/hwmon.c:21:
./include/linux/module.h:138:7: warning: ‘cleanup_module’ specifies less restrictive attribute than its target ‘hwmon_exit’: ‘cold’ [-Wmissing-attributes]
  138 |  void cleanup_module(void) __attribute__((alias(#exitfn)));
      |       ^~~~~~~~~~~~~~
drivers/hwmon/hwmon.c:836:1: note: in expansion of macro ‘module_exit’
  836 | module_exit(hwmon_exit);
      | ^~~~~~~~~~~
drivers/hwmon/hwmon.c:830:20: note: ‘cleanup_module’ target declared here
  830 | static void __exit hwmon_exit(void)
      |                    ^~~~~~~~~~
  CC [M]  drivers/hwmon/ads1015.o
In file included from drivers/hwmon/ads1015.c:25:
./include/linux/module.h:138:7: warning: ‘cleanup_module’ specifies less restrictive attribute than its target ‘ads1015_driver_exit’: ‘cold’ [-Wmissing-attributes]
  138 |  void cleanup_module(void) __attribute__((alias(#exitfn)));
      |       ^~~~~~~~~~~~~~
./include/linux/device.h:1360:1: note: in expansion of macro ‘module_exit’
 1360 | module_exit(__driver##_exit);
      | ^~~~~~~~~~~
./include/linux/i2c.h:751:2: note: in expansion of macro ‘module_driver’
  751 |  module_driver(__i2c_driver, i2c_add_driver, \
      |  ^~~~~~~~~~~~~
drivers/hwmon/ads1015.c:315:1: note: in expansion of macro ‘module_i2c_driver’
  315 | module_i2c_driver(ads1015_driver);
      | ^~~~~~~~~~~~~~~~~
In file included from ./include/linux/i2c.h:30,
                 from drivers/hwmon/ads1015.c:29:
drivers/hwmon/ads1015.c:315:19: note: ‘cleanup_module’ target declared here
  315 | module_i2c_driver(ads1015_driver);
      |                   ^~~~~~~~~~~~~~
./include/linux/device.h:1356:20: note: in definition of macro ‘module_driver’
 1356 | static void __exit __driver##_exit(void) \
      |                    ^~~~~~~~
drivers/hwmon/ads1015.c:315:1: note: in expansion of macro ‘module_i2c_driver’
  315 | module_i2c_driver(ads1015_driver);
      | ^~~~~~~~~~~~~~~~~
In file included from drivers/hwmon/ads1015.c:25:
./include/linux/module.h:132:6: warning: ‘init_module’ specifies less restrictive attribute than its target ‘ads1015_driver_init’: ‘cold’ [-Wmissing-attributes]
  132 |  int init_module(void) __attribute__((alias(#initfn)));
      |      ^~~~~~~~~~~
./include/linux/device.h:1355:1: note: in expansion of macro ‘module_init’
 1355 | module_init(__driver##_init); \
      | ^~~~~~~~~~~
./include/linux/i2c.h:751:2: note: in expansion of macro ‘module_driver’
  751 |  module_driver(__i2c_driver, i2c_add_driver, \
      |  ^~~~~~~~~~~~~
drivers/hwmon/ads1015.c:315:1: note: in expansion of macro ‘module_i2c_driver’
  315 | module_i2c_driver(ads1015_driver);
      | ^~~~~~~~~~~~~~~~~
In file included from ./include/linux/i2c.h:30,
                 from drivers/hwmon/ads1015.c:29:
drivers/hwmon/ads1015.c:315:19: note: ‘init_module’ target declared here
  315 | module_i2c_driver(ads1015_driver);
      |                   ^~~~~~~~~~~~~~
./include/linux/device.h:1351:19: note: in definition of macro ‘module_driver’
 1351 | static int __init __driver##_init(void) \
      |                   ^~~~~~~~
drivers/hwmon/ads1015.c:315:1: note: in expansion of macro ‘module_i2c_driver’
  315 | module_i2c_driver(ads1015_driver);
      | ^~~~~~~~~~~~~~~~~
  CC [M]  drivers/hwmon/ina2xx.o
In file included from drivers/hwmon/ina2xx.c:29:
./include/linux/module.h:138:7: warning: ‘cleanup_module’ specifies less restrictive attribute than its target ‘ina2xx_driver_exit’: ‘cold’ [-Wmissing-attributes]
  138 |  void cleanup_module(void) __attribute__((alias(#exitfn)));
      |       ^~~~~~~~~~~~~~
./include/linux/device.h:1360:1: note: in expansion of macro ‘module_exit’
 1360 | module_exit(__driver##_exit);
      | ^~~~~~~~~~~
./include/linux/i2c.h:751:2: note: in expansion of macro ‘module_driver’
  751 |  module_driver(__i2c_driver, i2c_add_driver, \
      |  ^~~~~~~~~~~~~
drivers/hwmon/ina2xx.c:498:1: note: in expansion of macro ‘module_i2c_driver’
  498 | module_i2c_driver(ina2xx_driver);
      | ^~~~~~~~~~~~~~~~~
In file included from ./include/linux/i2c.h:30,
                 from drivers/hwmon/ina2xx.c:33:
drivers/hwmon/ina2xx.c:498:19: note: ‘cleanup_module’ target declared here
  498 | module_i2c_driver(ina2xx_driver);
      |                   ^~~~~~~~~~~~~
./include/linux/device.h:1356:20: note: in definition of macro ‘module_driver’
 1356 | static void __exit __driver##_exit(void) \
      |                    ^~~~~~~~
drivers/hwmon/ina2xx.c:498:1: note: in expansion of macro ‘module_i2c_driver’
  498 | module_i2c_driver(ina2xx_driver);
      | ^~~~~~~~~~~~~~~~~
In file included from drivers/hwmon/ina2xx.c:29:
./include/linux/module.h:132:6: warning: ‘init_module’ specifies less restrictive attribute than its target ‘ina2xx_driver_init’: ‘cold’ [-Wmissing-attributes]
  132 |  int init_module(void) __attribute__((alias(#initfn)));
      |      ^~~~~~~~~~~
./include/linux/device.h:1355:1: note: in expansion of macro ‘module_init’
 1355 | module_init(__driver##_init); \
      | ^~~~~~~~~~~
./include/linux/i2c.h:751:2: note: in expansion of macro ‘module_driver’
  751 |  module_driver(__i2c_driver, i2c_add_driver, \
      |  ^~~~~~~~~~~~~
drivers/hwmon/ina2xx.c:498:1: note: in expansion of macro ‘module_i2c_driver’
  498 | module_i2c_driver(ina2xx_driver);
      | ^~~~~~~~~~~~~~~~~
In file included from ./include/linux/i2c.h:30,
                 from drivers/hwmon/ina2xx.c:33:
drivers/hwmon/ina2xx.c:498:19: note: ‘init_module’ target declared here
  498 | module_i2c_driver(ina2xx_driver);
      |                   ^~~~~~~~~~~~~
./include/linux/device.h:1351:19: note: in definition of macro ‘module_driver’
 1351 | static int __init __driver##_init(void) \
      |                   ^~~~~~~~
drivers/hwmon/ina2xx.c:498:1: note: in expansion of macro ‘module_i2c_driver’
  498 | module_i2c_driver(ina2xx_driver);
      | ^~~~~~~~~~~~~~~~~
  CC [M]  drivers/hwmon/jc42.o
In file included from drivers/hwmon/jc42.c:26:
./include/linux/module.h:138:7: warning: ‘cleanup_module’ specifies less restrictive attribute than its target ‘jc42_driver_exit’: ‘cold’ [-Wmissing-attributes]
  138 |  void cleanup_module(void) __attribute__((alias(#exitfn)));
      |       ^~~~~~~~~~~~~~
./include/linux/device.h:1360:1: note: in expansion of macro ‘module_exit’
 1360 | module_exit(__driver##_exit);
      | ^~~~~~~~~~~
./include/linux/i2c.h:751:2: note: in expansion of macro ‘module_driver’
  751 |  module_driver(__i2c_driver, i2c_add_driver, \
      |  ^~~~~~~~~~~~~
drivers/hwmon/jc42.c:593:1: note: in expansion of macro ‘module_i2c_driver’
  593 | module_i2c_driver(jc42_driver);
      | ^~~~~~~~~~~~~~~~~
In file included from ./include/linux/i2c.h:30,
                 from drivers/hwmon/jc42.c:30:
drivers/hwmon/jc42.c:593:19: note: ‘cleanup_module’ target declared here
  593 | module_i2c_driver(jc42_driver);
      |                   ^~~~~~~~~~~
./include/linux/device.h:1356:20: note: in definition of macro ‘module_driver’
 1356 | static void __exit __driver##_exit(void) \
      |                    ^~~~~~~~
drivers/hwmon/jc42.c:593:1: note: in expansion of macro ‘module_i2c_driver’
  593 | module_i2c_driver(jc42_driver);
      | ^~~~~~~~~~~~~~~~~
In file included from drivers/hwmon/jc42.c:26:
./include/linux/module.h:132:6: warning: ‘init_module’ specifies less restrictive attribute than its target ‘jc42_driver_init’: ‘cold’ [-Wmissing-attributes]
  132 |  int init_module(void) __attribute__((alias(#initfn)));
      |      ^~~~~~~~~~~
./include/linux/device.h:1355:1: note: in expansion of macro ‘module_init’
 1355 | module_init(__driver##_init); \
      | ^~~~~~~~~~~
./include/linux/i2c.h:751:2: note: in expansion of macro ‘module_driver’
  751 |  module_driver(__i2c_driver, i2c_add_driver, \
      |  ^~~~~~~~~~~~~
drivers/hwmon/jc42.c:593:1: note: in expansion of macro ‘module_i2c_driver’
  593 | module_i2c_driver(jc42_driver);
      | ^~~~~~~~~~~~~~~~~
In file included from ./include/linux/i2c.h:30,
                 from drivers/hwmon/jc42.c:30:
drivers/hwmon/jc42.c:593:19: note: ‘init_module’ target declared here
  593 | module_i2c_driver(jc42_driver);
      |                   ^~~~~~~~~~~
./include/linux/device.h:1351:19: note: in definition of macro ‘module_driver’
 1351 | static int __init __driver##_init(void) \
      |                   ^~~~~~~~
drivers/hwmon/jc42.c:593:1: note: in expansion of macro ‘module_i2c_driver’
  593 | module_i2c_driver(jc42_driver);
      | ^~~~~~~~~~~~~~~~~
  CC [M]  drivers/hwmon/lm75.o
In file included from drivers/hwmon/lm75.c:21:
./include/linux/module.h:138:7: warning: ‘cleanup_module’ specifies less restrictive attribute than its target ‘lm75_driver_exit’: ‘cold’ [-Wmissing-attributes]
  138 |  void cleanup_module(void) __attribute__((alias(#exitfn)));
      |       ^~~~~~~~~~~~~~
./include/linux/device.h:1360:1: note: in expansion of macro ‘module_exit’
 1360 | module_exit(__driver##_exit);
      | ^~~~~~~~~~~
./include/linux/i2c.h:751:2: note: in expansion of macro ‘module_driver’
  751 |  module_driver(__i2c_driver, i2c_add_driver, \
      |  ^~~~~~~~~~~~~
drivers/hwmon/lm75.c:571:1: note: in expansion of macro ‘module_i2c_driver’
  571 | module_i2c_driver(lm75_driver);
      | ^~~~~~~~~~~~~~~~~
In file included from ./include/linux/i2c.h:30,
                 from drivers/hwmon/lm75.c:25:
drivers/hwmon/lm75.c:571:19: note: ‘cleanup_module’ target declared here
  571 | module_i2c_driver(lm75_driver);
      |                   ^~~~~~~~~~~
./include/linux/device.h:1356:20: note: in definition of macro ‘module_driver’
 1356 | static void __exit __driver##_exit(void) \
      |                    ^~~~~~~~
drivers/hwmon/lm75.c:571:1: note: in expansion of macro ‘module_i2c_driver’
  571 | module_i2c_driver(lm75_driver);
      | ^~~~~~~~~~~~~~~~~
In file included from drivers/hwmon/lm75.c:21:
./include/linux/module.h:132:6: warning: ‘init_module’ specifies less restrictive attribute than its target ‘lm75_driver_init’: ‘cold’ [-Wmissing-attributes]
  132 |  int init_module(void) __attribute__((alias(#initfn)));
      |      ^~~~~~~~~~~
./include/linux/device.h:1355:1: note: in expansion of macro ‘module_init’
 1355 | module_init(__driver##_init); \
      | ^~~~~~~~~~~
./include/linux/i2c.h:751:2: note: in expansion of macro ‘module_driver’
  751 |  module_driver(__i2c_driver, i2c_add_driver, \
      |  ^~~~~~~~~~~~~
drivers/hwmon/lm75.c:571:1: note: in expansion of macro ‘module_i2c_driver’
  571 | module_i2c_driver(lm75_driver);
      | ^~~~~~~~~~~~~~~~~
In file included from ./include/linux/i2c.h:30,
                 from drivers/hwmon/lm75.c:25:
drivers/hwmon/lm75.c:571:19: note: ‘init_module’ target declared here
  571 | module_i2c_driver(lm75_driver);
      |                   ^~~~~~~~~~~
./include/linux/device.h:1351:19: note: in definition of macro ‘module_driver’
 1351 | static int __init __driver##_init(void) \
      |                   ^~~~~~~~
drivers/hwmon/lm75.c:571:1: note: in expansion of macro ‘module_i2c_driver’
  571 | module_i2c_driver(lm75_driver);
      | ^~~~~~~~~~~~~~~~~
  CC [M]  drivers/hwmon/sht21.o
In file included from drivers/hwmon/sht21.c:23:
./include/linux/module.h:138:7: warning: ‘cleanup_module’ specifies less restrictive attribute than its target ‘sht21_driver_exit’: ‘cold’ [-Wmissing-attributes]
  138 |  void cleanup_module(void) __attribute__((alias(#exitfn)));
      |       ^~~~~~~~~~~~~~
./include/linux/device.h:1360:1: note: in expansion of macro ‘module_exit’
 1360 | module_exit(__driver##_exit);
      | ^~~~~~~~~~~
./include/linux/i2c.h:751:2: note: in expansion of macro ‘module_driver’
  751 |  module_driver(__i2c_driver, i2c_add_driver, \
      |  ^~~~~~~~~~~~~
drivers/hwmon/sht21.c:222:1: note: in expansion of macro ‘module_i2c_driver’
  222 | module_i2c_driver(sht21_driver);
      | ^~~~~~~~~~~~~~~~~
In file included from ./include/linux/i2c.h:30,
                 from drivers/hwmon/sht21.c:26:
drivers/hwmon/sht21.c:222:19: note: ‘cleanup_module’ target declared here
  222 | module_i2c_driver(sht21_driver);
      |                   ^~~~~~~~~~~~
./include/linux/device.h:1356:20: note: in definition of macro ‘module_driver’
 1356 | static void __exit __driver##_exit(void) \
      |                    ^~~~~~~~
drivers/hwmon/sht21.c:222:1: note: in expansion of macro ‘module_i2c_driver’
  222 | module_i2c_driver(sht21_driver);
      | ^~~~~~~~~~~~~~~~~
In file included from drivers/hwmon/sht21.c:23:
./include/linux/module.h:132:6: warning: ‘init_module’ specifies less restrictive attribute than its target ‘sht21_driver_init’: ‘cold’ [-Wmissing-attributes]
  132 |  int init_module(void) __attribute__((alias(#initfn)));
      |      ^~~~~~~~~~~
./include/linux/device.h:1355:1: note: in expansion of macro ‘module_init’
 1355 | module_init(__driver##_init); \
      | ^~~~~~~~~~~
./include/linux/i2c.h:751:2: note: in expansion of macro ‘module_driver’
  751 |  module_driver(__i2c_driver, i2c_add_driver, \
      |  ^~~~~~~~~~~~~
drivers/hwmon/sht21.c:222:1: note: in expansion of macro ‘module_i2c_driver’
  222 | module_i2c_driver(sht21_driver);
      | ^~~~~~~~~~~~~~~~~
In file included from ./include/linux/i2c.h:30,
                 from drivers/hwmon/sht21.c:26:
drivers/hwmon/sht21.c:222:19: note: ‘init_module’ target declared here
  222 | module_i2c_driver(sht21_driver);
      |                   ^~~~~~~~~~~~
./include/linux/device.h:1351:19: note: in definition of macro ‘module_driver’
 1351 | static int __init __driver##_init(void) \
      |                   ^~~~~~~~
drivers/hwmon/sht21.c:222:1: note: in expansion of macro ‘module_i2c_driver’
  222 | module_i2c_driver(sht21_driver);
      | ^~~~~~~~~~~~~~~~~
  CC [M]  drivers/hwmon/sht3x.o
In file included from drivers/hwmon/sht3x.c:30:
./include/linux/module.h:138:7: warning: ‘cleanup_module’ specifies less restrictive attribute than its target ‘sht3x_i2c_driver_exit’: ‘cold’ [-Wmissing-attributes]
  138 |  void cleanup_module(void) __attribute__((alias(#exitfn)));
      |       ^~~~~~~~~~~~~~
./include/linux/device.h:1360:1: note: in expansion of macro ‘module_exit’
 1360 | module_exit(__driver##_exit);
      | ^~~~~~~~~~~
./include/linux/i2c.h:751:2: note: in expansion of macro ‘module_driver’
  751 |  module_driver(__i2c_driver, i2c_add_driver, \
      |  ^~~~~~~~~~~~~
drivers/hwmon/sht3x.c:770:1: note: in expansion of macro ‘module_i2c_driver’
  770 | module_i2c_driver(sht3x_i2c_driver);
      | ^~~~~~~~~~~~~~~~~
In file included from ./include/linux/hwmon-sysfs.h:23,
                 from drivers/hwmon/sht3x.c:26:
drivers/hwmon/sht3x.c:770:19: note: ‘cleanup_module’ target declared here
  770 | module_i2c_driver(sht3x_i2c_driver);
      |                   ^~~~~~~~~~~~~~~~
./include/linux/device.h:1356:20: note: in definition of macro ‘module_driver’
 1356 | static void __exit __driver##_exit(void) \
      |                    ^~~~~~~~
drivers/hwmon/sht3x.c:770:1: note: in expansion of macro ‘module_i2c_driver’
  770 | module_i2c_driver(sht3x_i2c_driver);
      | ^~~~~~~~~~~~~~~~~
In file included from drivers/hwmon/sht3x.c:30:
./include/linux/module.h:132:6: warning: ‘init_module’ specifies less restrictive attribute than its target ‘sht3x_i2c_driver_init’: ‘cold’ [-Wmissing-attributes]
  132 |  int init_module(void) __attribute__((alias(#initfn)));
      |      ^~~~~~~~~~~
./include/linux/device.h:1355:1: note: in expansion of macro ‘module_init’
 1355 | module_init(__driver##_init); \
      | ^~~~~~~~~~~
./include/linux/i2c.h:751:2: note: in expansion of macro ‘module_driver’
  751 |  module_driver(__i2c_driver, i2c_add_driver, \
      |  ^~~~~~~~~~~~~
drivers/hwmon/sht3x.c:770:1: note: in expansion of macro ‘module_i2c_driver’
  770 | module_i2c_driver(sht3x_i2c_driver);
      | ^~~~~~~~~~~~~~~~~
In file included from ./include/linux/hwmon-sysfs.h:23,
                 from drivers/hwmon/sht3x.c:26:
drivers/hwmon/sht3x.c:770:19: note: ‘init_module’ target declared here
  770 | module_i2c_driver(sht3x_i2c_driver);
      |                   ^~~~~~~~~~~~~~~~
./include/linux/device.h:1351:19: note: in definition of macro ‘module_driver’
 1351 | static int __init __driver##_init(void) \
      |                   ^~~~~~~~
drivers/hwmon/sht3x.c:770:1: note: in expansion of macro ‘module_i2c_driver’
  770 | module_i2c_driver(sht3x_i2c_driver);
      | ^~~~~~~~~~~~~~~~~
  CC [M]  drivers/hwmon/shtc1.o
In file included from drivers/hwmon/shtc1.c:18:
./include/linux/module.h:138:7: warning: ‘cleanup_module’ specifies less restrictive attribute than its target ‘shtc1_i2c_driver_exit’: ‘cold’ [-Wmissing-attributes]
  138 |  void cleanup_module(void) __attribute__((alias(#exitfn)));
      |       ^~~~~~~~~~~~~~
./include/linux/device.h:1360:1: note: in expansion of macro ‘module_exit’
 1360 | module_exit(__driver##_exit);
      | ^~~~~~~~~~~
./include/linux/i2c.h:751:2: note: in expansion of macro ‘module_driver’
  751 |  module_driver(__i2c_driver, i2c_add_driver, \
      |  ^~~~~~~~~~~~~
drivers/hwmon/shtc1.c:247:1: note: in expansion of macro ‘module_i2c_driver’
  247 | module_i2c_driver(shtc1_i2c_driver);
      | ^~~~~~~~~~~~~~~~~
In file included from ./include/linux/i2c.h:30,
                 from drivers/hwmon/shtc1.c:21:
drivers/hwmon/shtc1.c:247:19: note: ‘cleanup_module’ target declared here
  247 | module_i2c_driver(shtc1_i2c_driver);
      |                   ^~~~~~~~~~~~~~~~
./include/linux/device.h:1356:20: note: in definition of macro ‘module_driver’
 1356 | static void __exit __driver##_exit(void) \
      |                    ^~~~~~~~
drivers/hwmon/shtc1.c:247:1: note: in expansion of macro ‘module_i2c_driver’
  247 | module_i2c_driver(shtc1_i2c_driver);
      | ^~~~~~~~~~~~~~~~~
In file included from drivers/hwmon/shtc1.c:18:
./include/linux/module.h:132:6: warning: ‘init_module’ specifies less restrictive attribute than its target ‘shtc1_i2c_driver_init’: ‘cold’ [-Wmissing-attributes]
  132 |  int init_module(void) __attribute__((alias(#initfn)));
      |      ^~~~~~~~~~~
./include/linux/device.h:1355:1: note: in expansion of macro ‘module_init’
 1355 | module_init(__driver##_init); \
      | ^~~~~~~~~~~
./include/linux/i2c.h:751:2: note: in expansion of macro ‘module_driver’
  751 |  module_driver(__i2c_driver, i2c_add_driver, \
      |  ^~~~~~~~~~~~~
drivers/hwmon/shtc1.c:247:1: note: in expansion of macro ‘module_i2c_driver’
  247 | module_i2c_driver(shtc1_i2c_driver);
      | ^~~~~~~~~~~~~~~~~
In file included from ./include/linux/i2c.h:30,
                 from drivers/hwmon/shtc1.c:21:
drivers/hwmon/shtc1.c:247:19: note: ‘init_module’ target declared here
  247 | module_i2c_driver(shtc1_i2c_driver);
      |                   ^~~~~~~~~~~~~~~~
./include/linux/device.h:1351:19: note: in definition of macro ‘module_driver’
 1351 | static int __init __driver##_init(void) \
      |                   ^~~~~~~~
drivers/hwmon/shtc1.c:247:1: note: in expansion of macro ‘module_i2c_driver’
  247 | module_i2c_driver(shtc1_i2c_driver);
      | ^~~~~~~~~~~~~~~~~
  CC [M]  drivers/hwmon/tmp102.o
In file included from drivers/hwmon/tmp102.c:17:
./include/linux/module.h:138:7: warning: ‘cleanup_module’ specifies less restrictive attribute than its target ‘tmp102_driver_exit’: ‘cold’ [-Wmissing-attributes]
  138 |  void cleanup_module(void) __attribute__((alias(#exitfn)));
      |       ^~~~~~~~~~~~~~
./include/linux/device.h:1360:1: note: in expansion of macro ‘module_exit’
 1360 | module_exit(__driver##_exit);
      | ^~~~~~~~~~~
./include/linux/i2c.h:751:2: note: in expansion of macro ‘module_driver’
  751 |  module_driver(__i2c_driver, i2c_add_driver, \
      |  ^~~~~~~~~~~~~
drivers/hwmon/tmp102.c:333:1: note: in expansion of macro ‘module_i2c_driver’
  333 | module_i2c_driver(tmp102_driver);
      | ^~~~~~~~~~~~~~~~~
In file included from ./include/linux/i2c.h:30,
                 from drivers/hwmon/tmp102.c:20:
drivers/hwmon/tmp102.c:333:19: note: ‘cleanup_module’ target declared here
  333 | module_i2c_driver(tmp102_driver);
      |                   ^~~~~~~~~~~~~
./include/linux/device.h:1356:20: note: in definition of macro ‘module_driver’
 1356 | static void __exit __driver##_exit(void) \
      |                    ^~~~~~~~
drivers/hwmon/tmp102.c:333:1: note: in expansion of macro ‘module_i2c_driver’
  333 | module_i2c_driver(tmp102_driver);
      | ^~~~~~~~~~~~~~~~~
In file included from drivers/hwmon/tmp102.c:17:
./include/linux/module.h:132:6: warning: ‘init_module’ specifies less restrictive attribute than its target ‘tmp102_driver_init’: ‘cold’ [-Wmissing-attributes]
  132 |  int init_module(void) __attribute__((alias(#initfn)));
      |      ^~~~~~~~~~~
./include/linux/device.h:1355:1: note: in expansion of macro ‘module_init’
 1355 | module_init(__driver##_init); \
      | ^~~~~~~~~~~
./include/linux/i2c.h:751:2: note: in expansion of macro ‘module_driver’
  751 |  module_driver(__i2c_driver, i2c_add_driver, \
      |  ^~~~~~~~~~~~~
drivers/hwmon/tmp102.c:333:1: note: in expansion of macro ‘module_i2c_driver’
  333 | module_i2c_driver(tmp102_driver);
      | ^~~~~~~~~~~~~~~~~
In file included from ./include/linux/i2c.h:30,
                 from drivers/hwmon/tmp102.c:20:
drivers/hwmon/tmp102.c:333:19: note: ‘init_module’ target declared here
  333 | module_i2c_driver(tmp102_driver);
      |                   ^~~~~~~~~~~~~
./include/linux/device.h:1351:19: note: in definition of macro ‘module_driver’
 1351 | static int __init __driver##_init(void) \
      |                   ^~~~~~~~
drivers/hwmon/tmp102.c:333:1: note: in expansion of macro ‘module_i2c_driver’
  333 | module_i2c_driver(tmp102_driver);
      | ^~~~~~~~~~~~~~~~~
  LD      drivers/hwtracing/intel_th/built-in.o
  CC      drivers/i2c/i2c-boardinfo.o
  CC      drivers/i2c/i2c-core.o
  LD      drivers/i2c/algos/built-in.o
  CC [M]  drivers/i2c/algos/i2c-algo-bit.o
  LD      drivers/i2c/busses/built-in.o
  CC [M]  drivers/i2c/busses/i2c-bcm2708.o
In file included from drivers/i2c/busses/i2c-bcm2708.c:25:
./include/linux/module.h:138:7: warning: ‘cleanup_module’ specifies less restrictive attribute than its target ‘bcm2708_i2c_exit’: ‘cold’ [-Wmissing-attributes]
  138 |  void cleanup_module(void) __attribute__((alias(#exitfn)));
      |       ^~~~~~~~~~~~~~
drivers/i2c/busses/i2c-bcm2708.c:505:1: note: in expansion of macro ‘module_exit’
  505 | module_exit(bcm2708_i2c_exit);
      | ^~~~~~~~~~~
drivers/i2c/busses/i2c-bcm2708.c:499:20: note: ‘cleanup_module’ target declared here
  499 | static void __exit bcm2708_i2c_exit(void)
      |                    ^~~~~~~~~~~~~~~~
In file included from drivers/i2c/busses/i2c-bcm2708.c:25:
./include/linux/module.h:132:6: warning: ‘init_module’ specifies less restrictive attribute than its target ‘bcm2708_i2c_init’: ‘cold’ [-Wmissing-attributes]
  132 |  int init_module(void) __attribute__((alias(#initfn)));
      |      ^~~~~~~~~~~
drivers/i2c/busses/i2c-bcm2708.c:504:1: note: in expansion of macro ‘module_init’
  504 | module_init(bcm2708_i2c_init);
      | ^~~~~~~~~~~
drivers/i2c/busses/i2c-bcm2708.c:494:19: note: ‘init_module’ target declared here
  494 | static int __init bcm2708_i2c_init(void)
      |                   ^~~~~~~~~~~~~~~~
  CC [M]  drivers/i2c/busses/i2c-bcm2835.o
In file included from drivers/i2c/busses/i2c-bcm2835.c:20:
./include/linux/module.h:138:7: warning: ‘cleanup_module’ specifies less restrictive attribute than its target ‘bcm2835_i2c_driver_exit’: ‘cold’ [-Wmissing-attributes]
  138 |  void cleanup_module(void) __attribute__((alias(#exitfn)));
      |       ^~~~~~~~~~~~~~
./include/linux/device.h:1360:1: note: in expansion of macro ‘module_exit’
 1360 | module_exit(__driver##_exit);
      | ^~~~~~~~~~~
./include/linux/platform_device.h:228:2: note: in expansion of macro ‘module_driver’
  228 |  module_driver(__platform_driver, platform_driver_register, \
      |  ^~~~~~~~~~~~~
drivers/i2c/busses/i2c-bcm2835.c:500:1: note: in expansion of macro ‘module_platform_driver’
  500 | module_platform_driver(bcm2835_i2c_driver);
      | ^~~~~~~~~~~~~~~~~~~~~~
In file included from ./include/linux/i2c.h:30,
                 from drivers/i2c/busses/i2c-bcm2835.c:17:
drivers/i2c/busses/i2c-bcm2835.c:500:24: note: ‘cleanup_module’ target declared here
  500 | module_platform_driver(bcm2835_i2c_driver);
      |                        ^~~~~~~~~~~~~~~~~~
./include/linux/device.h:1356:20: note: in definition of macro ‘module_driver’
 1356 | static void __exit __driver##_exit(void) \
      |                    ^~~~~~~~
drivers/i2c/busses/i2c-bcm2835.c:500:1: note: in expansion of macro ‘module_platform_driver’
  500 | module_platform_driver(bcm2835_i2c_driver);
      | ^~~~~~~~~~~~~~~~~~~~~~
In file included from drivers/i2c/busses/i2c-bcm2835.c:20:
./include/linux/module.h:132:6: warning: ‘init_module’ specifies less restrictive attribute than its target ‘bcm2835_i2c_driver_init’: ‘cold’ [-Wmissing-attributes]
  132 |  int init_module(void) __attribute__((alias(#initfn)));
      |      ^~~~~~~~~~~
./include/linux/device.h:1355:1: note: in expansion of macro ‘module_init’
 1355 | module_init(__driver##_init); \
      | ^~~~~~~~~~~
./include/linux/platform_device.h:228:2: note: in expansion of macro ‘module_driver’
  228 |  module_driver(__platform_driver, platform_driver_register, \
      |  ^~~~~~~~~~~~~
drivers/i2c/busses/i2c-bcm2835.c:500:1: note: in expansion of macro ‘module_platform_driver’
  500 | module_platform_driver(bcm2835_i2c_driver);
      | ^~~~~~~~~~~~~~~~~~~~~~
In file included from ./include/linux/i2c.h:30,
                 from drivers/i2c/busses/i2c-bcm2835.c:17:
drivers/i2c/busses/i2c-bcm2835.c:500:24: note: ‘init_module’ target declared here
  500 | module_platform_driver(bcm2835_i2c_driver);
      |                        ^~~~~~~~~~~~~~~~~~
./include/linux/device.h:1351:19: note: in definition of macro ‘module_driver’
 1351 | static int __init __driver##_init(void) \
      |                   ^~~~~~~~
drivers/i2c/busses/i2c-bcm2835.c:500:1: note: in expansion of macro ‘module_platform_driver’
  500 | module_platform_driver(bcm2835_i2c_driver);
      | ^~~~~~~~~~~~~~~~~~~~~~
  CC [M]  drivers/i2c/busses/i2c-gpio.o
In file included from drivers/i2c/busses/i2c-gpio.c:14:
./include/linux/module.h:138:7: warning: ‘cleanup_module’ specifies less restrictive attribute than its target ‘i2c_gpio_exit’: ‘cold’ [-Wmissing-attributes]
  138 |  void cleanup_module(void) __attribute__((alias(#exitfn)));
      |       ^~~~~~~~~~~~~~
drivers/i2c/busses/i2c-gpio.c:285:1: note: in expansion of macro ‘module_exit’
  285 | module_exit(i2c_gpio_exit);
      | ^~~~~~~~~~~
drivers/i2c/busses/i2c-gpio.c:281:20: note: ‘cleanup_module’ target declared here
  281 | static void __exit i2c_gpio_exit(void)
      |                    ^~~~~~~~~~~~~
In file included from drivers/i2c/busses/i2c-gpio.c:14:
./include/linux/module.h:132:6: warning: ‘init_module’ specifies less restrictive attribute than its target ‘i2c_gpio_init’: ‘cold’ [-Wmissing-attributes]
  132 |  int init_module(void) __attribute__((alias(#initfn)));
      |      ^~~~~~~~~~~
./include/linux/module.h:115:30: note: in expansion of macro ‘module_init’
  115 | #define subsys_initcall(fn)  module_init(fn)
      |                              ^~~~~~~~~~~
drivers/i2c/busses/i2c-gpio.c:279:1: note: in expansion of macro ‘subsys_initcall’
  279 | subsys_initcall(i2c_gpio_init);
      | ^~~~~~~~~~~~~~~
drivers/i2c/busses/i2c-gpio.c:269:19: note: ‘init_module’ target declared here
  269 | static int __init i2c_gpio_init(void)
      |                   ^~~~~~~~~~~~~
  CC [M]  drivers/i2c/busses/i2c-robotfuzz-osif.o
In file included from drivers/i2c/busses/i2c-robotfuzz-osif.c:17:
./include/linux/module.h:138:7: warning: ‘cleanup_module’ specifies less restrictive attribute than its target ‘osif_driver_exit’: ‘cold’ [-Wmissing-attributes]
  138 |  void cleanup_module(void) __attribute__((alias(#exitfn)));
      |       ^~~~~~~~~~~~~~
./include/linux/device.h:1360:1: note: in expansion of macro ‘module_exit’
 1360 | module_exit(__driver##_exit);
      | ^~~~~~~~~~~
./include/linux/usb.h:1195:2: note: in expansion of macro ‘module_driver’
 1195 |  module_driver(__usb_driver, usb_register, \
      |  ^~~~~~~~~~~~~
drivers/i2c/busses/i2c-robotfuzz-osif.c:197:1: note: in expansion of macro ‘module_usb_driver’
  197 | module_usb_driver(osif_driver);
      | ^~~~~~~~~~~~~~~~~
In file included from ./include/linux/i2c.h:30,
                 from drivers/i2c/busses/i2c-robotfuzz-osif.c:19:
drivers/i2c/busses/i2c-robotfuzz-osif.c:197:19: note: ‘cleanup_module’ target declared here
  197 | module_usb_driver(osif_driver);
      |                   ^~~~~~~~~~~
./include/linux/device.h:1356:20: note: in definition of macro ‘module_driver’
 1356 | static void __exit __driver##_exit(void) \
      |                    ^~~~~~~~
drivers/i2c/busses/i2c-robotfuzz-osif.c:197:1: note: in expansion of macro ‘module_usb_driver’
  197 | module_usb_driver(osif_driver);
      | ^~~~~~~~~~~~~~~~~
In file included from drivers/i2c/busses/i2c-robotfuzz-osif.c:17:
./include/linux/module.h:132:6: warning: ‘init_module’ specifies less restrictive attribute than its target ‘osif_driver_init’: ‘cold’ [-Wmissing-attributes]
  132 |  int init_module(void) __attribute__((alias(#initfn)));
      |      ^~~~~~~~~~~
./include/linux/device.h:1355:1: note: in expansion of macro ‘module_init’
 1355 | module_init(__driver##_init); \
      | ^~~~~~~~~~~
./include/linux/usb.h:1195:2: note: in expansion of macro ‘module_driver’
 1195 |  module_driver(__usb_driver, usb_register, \
      |  ^~~~~~~~~~~~~
drivers/i2c/busses/i2c-robotfuzz-osif.c:197:1: note: in expansion of macro ‘module_usb_driver’
  197 | module_usb_driver(osif_driver);
      | ^~~~~~~~~~~~~~~~~
In file included from ./include/linux/i2c.h:30,
                 from drivers/i2c/busses/i2c-robotfuzz-osif.c:19:
drivers/i2c/busses/i2c-robotfuzz-osif.c:197:19: note: ‘init_module’ target declared here
  197 | module_usb_driver(osif_driver);
      |                   ^~~~~~~~~~~
./include/linux/device.h:1351:19: note: in definition of macro ‘module_driver’
 1351 | static int __init __driver##_init(void) \
      |                   ^~~~~~~~
drivers/i2c/busses/i2c-robotfuzz-osif.c:197:1: note: in expansion of macro ‘module_usb_driver’
  197 | module_usb_driver(osif_driver);
      | ^~~~~~~~~~~~~~~~~
  LD      drivers/i2c/muxes/built-in.o
  CC [M]  drivers/i2c/muxes/i2c-mux-pca954x.o
In file included from drivers/i2c/muxes/i2c-mux-pca954x.c:43:
./include/linux/module.h:138:7: warning: ‘cleanup_module’ specifies less restrictive attribute than its target ‘pca954x_driver_exit’: ‘cold’ [-Wmissing-attributes]
  138 |  void cleanup_module(void) __attribute__((alias(#exitfn)));
      |       ^~~~~~~~~~~~~~
./include/linux/device.h:1360:1: note: in expansion of macro ‘module_exit’
 1360 | module_exit(__driver##_exit);
      | ^~~~~~~~~~~
./include/linux/i2c.h:751:2: note: in expansion of macro ‘module_driver’
  751 |  module_driver(__i2c_driver, i2c_add_driver, \
      |  ^~~~~~~~~~~~~
drivers/i2c/muxes/i2c-mux-pca954x.c:333:1: note: in expansion of macro ‘module_i2c_driver’
  333 | module_i2c_driver(pca954x_driver);
      | ^~~~~~~~~~~~~~~~~
In file included from drivers/i2c/muxes/i2c-mux-pca954x.c:38:
drivers/i2c/muxes/i2c-mux-pca954x.c:333:19: note: ‘cleanup_module’ target declared here
  333 | module_i2c_driver(pca954x_driver);
      |                   ^~~~~~~~~~~~~~
./include/linux/device.h:1356:20: note: in definition of macro ‘module_driver’
 1356 | static void __exit __driver##_exit(void) \
      |                    ^~~~~~~~
drivers/i2c/muxes/i2c-mux-pca954x.c:333:1: note: in expansion of macro ‘module_i2c_driver’
  333 | module_i2c_driver(pca954x_driver);
      | ^~~~~~~~~~~~~~~~~
In file included from drivers/i2c/muxes/i2c-mux-pca954x.c:43:
./include/linux/module.h:132:6: warning: ‘init_module’ specifies less restrictive attribute than its target ‘pca954x_driver_init’: ‘cold’ [-Wmissing-attributes]
  132 |  int init_module(void) __attribute__((alias(#initfn)));
      |      ^~~~~~~~~~~
./include/linux/device.h:1355:1: note: in expansion of macro ‘module_init’
 1355 | module_init(__driver##_init); \
      | ^~~~~~~~~~~
./include/linux/i2c.h:751:2: note: in expansion of macro ‘module_driver’
  751 |  module_driver(__i2c_driver, i2c_add_driver, \
      |  ^~~~~~~~~~~~~
drivers/i2c/muxes/i2c-mux-pca954x.c:333:1: note: in expansion of macro ‘module_i2c_driver’
  333 | module_i2c_driver(pca954x_driver);
      | ^~~~~~~~~~~~~~~~~
In file included from drivers/i2c/muxes/i2c-mux-pca954x.c:38:
drivers/i2c/muxes/i2c-mux-pca954x.c:333:19: note: ‘init_module’ target declared here
  333 | module_i2c_driver(pca954x_driver);
      |                   ^~~~~~~~~~~~~~
./include/linux/device.h:1351:19: note: in definition of macro ‘module_driver’
 1351 | static int __init __driver##_init(void) \
      |                   ^~~~~~~~
drivers/i2c/muxes/i2c-mux-pca954x.c:333:1: note: in expansion of macro ‘module_i2c_driver’
  333 | module_i2c_driver(pca954x_driver);
      | ^~~~~~~~~~~~~~~~~
  LD      drivers/i2c/built-in.o
  CC [M]  drivers/i2c/i2c-dev.o
In file included from drivers/i2c/i2c-dev.c:34:
./include/linux/module.h:132:6: warning: ‘init_module’ specifies less restrictive attribute than its target ‘i2c_dev_init’: ‘cold’ [-Wmissing-attributes]
  132 |  int init_module(void) __attribute__((alias(#initfn)));
      |      ^~~~~~~~~~~
drivers/i2c/i2c-dev.c:672:1: note: in expansion of macro ‘module_init’
  672 | module_init(i2c_dev_init);
      | ^~~~~~~~~~~
drivers/i2c/i2c-dev.c:623:19: note: ‘init_module’ target declared here
  623 | static int __init i2c_dev_init(void)
      |                   ^~~~~~~~~~~~
In file included from drivers/i2c/i2c-dev.c:34:
./include/linux/module.h:138:7: warning: ‘cleanup_module’ specifies less restrictive attribute than its target ‘i2c_dev_exit’: ‘cold’ [-Wmissing-attributes]
  138 |  void cleanup_module(void) __attribute__((alias(#exitfn)));
      |       ^~~~~~~~~~~~~~
drivers/i2c/i2c-dev.c:673:1: note: in expansion of macro ‘module_exit’
  673 | module_exit(i2c_dev_exit);
      | ^~~~~~~~~~~
drivers/i2c/i2c-dev.c:659:20: note: ‘cleanup_module’ target declared here
  659 | static void __exit i2c_dev_exit(void)
      |                    ^~~~~~~~~~~~
  CC [M]  drivers/i2c/i2c-mux.o
  LD      drivers/idle/built-in.o
  LD      drivers/iio/accel/built-in.o
  LD      drivers/iio/adc/built-in.o
  CC [M]  drivers/iio/adc/mcp320x.o
In file included from drivers/iio/adc/mcp320x.c:40:
./include/linux/module.h:138:7: warning: ‘cleanup_module’ specifies less restrictive attribute than its target ‘mcp320x_driver_exit’: ‘cold’ [-Wmissing-attributes]
  138 |  void cleanup_module(void) __attribute__((alias(#exitfn)));
      |       ^~~~~~~~~~~~~~
./include/linux/device.h:1360:1: note: in expansion of macro ‘module_exit’
 1360 | module_exit(__driver##_exit);
      | ^~~~~~~~~~~
./include/linux/spi/spi.h:290:2: note: in expansion of macro ‘module_driver’
  290 |  module_driver(__spi_driver, spi_register_driver, \
      |  ^~~~~~~~~~~~~
drivers/iio/adc/mcp320x.c:456:1: note: in expansion of macro ‘module_spi_driver’
  456 | module_spi_driver(mcp320x_driver);
      | ^~~~~~~~~~~~~~~~~
In file included from ./include/linux/spi/spi.h:18,
                 from drivers/iio/adc/mcp320x.c:39:
drivers/iio/adc/mcp320x.c:456:19: note: ‘cleanup_module’ target declared here
  456 | module_spi_driver(mcp320x_driver);
      |                   ^~~~~~~~~~~~~~
./include/linux/device.h:1356:20: note: in definition of macro ‘module_driver’
 1356 | static void __exit __driver##_exit(void) \
      |                    ^~~~~~~~
drivers/iio/adc/mcp320x.c:456:1: note: in expansion of macro ‘module_spi_driver’
  456 | module_spi_driver(mcp320x_driver);
      | ^~~~~~~~~~~~~~~~~
In file included from drivers/iio/adc/mcp320x.c:40:
./include/linux/module.h:132:6: warning: ‘init_module’ specifies less restrictive attribute than its target ‘mcp320x_driver_init’: ‘cold’ [-Wmissing-attributes]
  132 |  int init_module(void) __attribute__((alias(#initfn)));
      |      ^~~~~~~~~~~
./include/linux/device.h:1355:1: note: in expansion of macro ‘module_init’
 1355 | module_init(__driver##_init); \
      | ^~~~~~~~~~~
./include/linux/spi/spi.h:290:2: note: in expansion of macro ‘module_driver’
  290 |  module_driver(__spi_driver, spi_register_driver, \
      |  ^~~~~~~~~~~~~
drivers/iio/adc/mcp320x.c:456:1: note: in expansion of macro ‘module_spi_driver’
  456 | module_spi_driver(mcp320x_driver);
      | ^~~~~~~~~~~~~~~~~
In file included from ./include/linux/spi/spi.h:18,
                 from drivers/iio/adc/mcp320x.c:39:
drivers/iio/adc/mcp320x.c:456:19: note: ‘init_module’ target declared here
  456 | module_spi_driver(mcp320x_driver);
      |                   ^~~~~~~~~~~~~~
./include/linux/device.h:1351:19: note: in definition of macro ‘module_driver’
 1351 | static int __init __driver##_init(void) \
      |                   ^~~~~~~~
drivers/iio/adc/mcp320x.c:456:1: note: in expansion of macro ‘module_spi_driver’
  456 | module_spi_driver(mcp320x_driver);
      | ^~~~~~~~~~~~~~~~~
  CC [M]  drivers/iio/adc/mcp3422.o
In file included from drivers/iio/adc/mcp3422.c:22:
./include/linux/module.h:138:7: warning: ‘cleanup_module’ specifies less restrictive attribute than its target ‘mcp3422_driver_exit’: ‘cold’ [-Wmissing-attributes]
  138 |  void cleanup_module(void) __attribute__((alias(#exitfn)));
      |       ^~~~~~~~~~~~~~
./include/linux/device.h:1360:1: note: in expansion of macro ‘module_exit’
 1360 | module_exit(__driver##_exit);
      | ^~~~~~~~~~~
./include/linux/i2c.h:751:2: note: in expansion of macro ‘module_driver’
  751 |  module_driver(__i2c_driver, i2c_add_driver, \
      |  ^~~~~~~~~~~~~
drivers/iio/adc/mcp3422.c:425:1: note: in expansion of macro ‘module_i2c_driver’
  425 | module_i2c_driver(mcp3422_driver);
      | ^~~~~~~~~~~~~~~~~
In file included from ./include/linux/i2c.h:30,
                 from drivers/iio/adc/mcp3422.c:21:
drivers/iio/adc/mcp3422.c:425:19: note: ‘cleanup_module’ target declared here
  425 | module_i2c_driver(mcp3422_driver);
      |                   ^~~~~~~~~~~~~~
./include/linux/device.h:1356:20: note: in definition of macro ‘module_driver’
 1356 | static void __exit __driver##_exit(void) \
      |                    ^~~~~~~~
drivers/iio/adc/mcp3422.c:425:1: note: in expansion of macro ‘module_i2c_driver’
  425 | module_i2c_driver(mcp3422_driver);
      | ^~~~~~~~~~~~~~~~~
In file included from drivers/iio/adc/mcp3422.c:22:
./include/linux/module.h:132:6: warning: ‘init_module’ specifies less restrictive attribute than its target ‘mcp3422_driver_init’: ‘cold’ [-Wmissing-attributes]
  132 |  int init_module(void) __attribute__((alias(#initfn)));
      |      ^~~~~~~~~~~
./include/linux/device.h:1355:1: note: in expansion of macro ‘module_init’
 1355 | module_init(__driver##_init); \
      | ^~~~~~~~~~~
./include/linux/i2c.h:751:2: note: in expansion of macro ‘module_driver’
  751 |  module_driver(__i2c_driver, i2c_add_driver, \
      |  ^~~~~~~~~~~~~
drivers/iio/adc/mcp3422.c:425:1: note: in expansion of macro ‘module_i2c_driver’
  425 | module_i2c_driver(mcp3422_driver);
      | ^~~~~~~~~~~~~~~~~
In file included from ./include/linux/i2c.h:30,
                 from drivers/iio/adc/mcp3422.c:21:
drivers/iio/adc/mcp3422.c:425:19: note: ‘init_module’ target declared here
  425 | module_i2c_driver(mcp3422_driver);
      |                   ^~~~~~~~~~~~~~
./include/linux/device.h:1351:19: note: in definition of macro ‘module_driver’
 1351 | static int __init __driver##_init(void) \
      |                   ^~~~~~~~
drivers/iio/adc/mcp3422.c:425:1: note: in expansion of macro ‘module_i2c_driver’
  425 | module_i2c_driver(mcp3422_driver);
      | ^~~~~~~~~~~~~~~~~
  LD      drivers/iio/amplifiers/built-in.o
  LD      drivers/iio/buffer/built-in.o
  CC [M]  drivers/iio/buffer/industrialio-buffer-cb.o
  CC [M]  drivers/iio/buffer/industrialio-triggered-buffer.o
  CC [M]  drivers/iio/buffer/kfifo_buf.o
  LD      drivers/iio/chemical/built-in.o
  LD      drivers/iio/common/hid-sensors/built-in.o
  LD      drivers/iio/common/ms_sensors/built-in.o
  CC [M]  drivers/iio/common/ms_sensors/ms_sensors_i2c.o
  LD      drivers/iio/common/ssp_sensors/built-in.o
  LD      drivers/iio/common/st_sensors/built-in.o
  LD      drivers/iio/common/built-in.o
  LD      drivers/iio/dac/built-in.o
  LD      drivers/iio/dummy/built-in.o
  LD      drivers/iio/frequency/built-in.o
  LD      drivers/iio/gyro/built-in.o
  LD      drivers/iio/health/built-in.o
  LD      drivers/iio/humidity/built-in.o
  CC [M]  drivers/iio/humidity/dht11.o
In file included from drivers/iio/humidity/dht11.c:27:
./include/linux/module.h:138:7: warning: ‘cleanup_module’ specifies less restrictive attribute than its target ‘dht11_driver_exit’: ‘cold’ [-Wmissing-attributes]
  138 |  void cleanup_module(void) __attribute__((alias(#exitfn)));
      |       ^~~~~~~~~~~~~~
./include/linux/device.h:1360:1: note: in expansion of macro ‘module_exit’
 1360 | module_exit(__driver##_exit);
      | ^~~~~~~~~~~
./include/linux/platform_device.h:228:2: note: in expansion of macro ‘module_driver’
  228 |  module_driver(__platform_driver, platform_driver_register, \
      |  ^~~~~~~~~~~~~
drivers/iio/humidity/dht11.c:360:1: note: in expansion of macro ‘module_platform_driver’
  360 | module_platform_driver(dht11_driver);
      | ^~~~~~~~~~~~~~~~~~~~~~
In file included from drivers/iio/humidity/dht11.c:19:
drivers/iio/humidity/dht11.c:360:24: note: ‘cleanup_module’ target declared here
  360 | module_platform_driver(dht11_driver);
      |                        ^~~~~~~~~~~~
./include/linux/device.h:1356:20: note: in definition of macro ‘module_driver’
 1356 | static void __exit __driver##_exit(void) \
      |                    ^~~~~~~~
drivers/iio/humidity/dht11.c:360:1: note: in expansion of macro ‘module_platform_driver’
  360 | module_platform_driver(dht11_driver);
      | ^~~~~~~~~~~~~~~~~~~~~~
In file included from drivers/iio/humidity/dht11.c:27:
./include/linux/module.h:132:6: warning: ‘init_module’ specifies less restrictive attribute than its target ‘dht11_driver_init’: ‘cold’ [-Wmissing-attributes]
  132 |  int init_module(void) __attribute__((alias(#initfn)));
      |      ^~~~~~~~~~~
./include/linux/device.h:1355:1: note: in expansion of macro ‘module_init’
 1355 | module_init(__driver##_init); \
      | ^~~~~~~~~~~
./include/linux/platform_device.h:228:2: note: in expansion of macro ‘module_driver’
  228 |  module_driver(__platform_driver, platform_driver_register, \
      |  ^~~~~~~~~~~~~
drivers/iio/humidity/dht11.c:360:1: note: in expansion of macro ‘module_platform_driver’
  360 | module_platform_driver(dht11_driver);
      | ^~~~~~~~~~~~~~~~~~~~~~
In file included from drivers/iio/humidity/dht11.c:19:
drivers/iio/humidity/dht11.c:360:24: note: ‘init_module’ target declared here
  360 | module_platform_driver(dht11_driver);
      |                        ^~~~~~~~~~~~
./include/linux/device.h:1351:19: note: in definition of macro ‘module_driver’
 1351 | static int __init __driver##_init(void) \
      |                   ^~~~~~~~
drivers/iio/humidity/dht11.c:360:1: note: in expansion of macro ‘module_platform_driver’
  360 | module_platform_driver(dht11_driver);
      | ^~~~~~~~~~~~~~~~~~~~~~
  CC [M]  drivers/iio/humidity/hdc100x.o
In file included from drivers/iio/humidity/hdc100x.c:19:
./include/linux/module.h:138:7: warning: ‘cleanup_module’ specifies less restrictive attribute than its target ‘hdc100x_driver_exit’: ‘cold’ [-Wmissing-attributes]
  138 |  void cleanup_module(void) __attribute__((alias(#exitfn)));
      |       ^~~~~~~~~~~~~~
./include/linux/device.h:1360:1: note: in expansion of macro ‘module_exit’
 1360 | module_exit(__driver##_exit);
      | ^~~~~~~~~~~
./include/linux/i2c.h:751:2: note: in expansion of macro ‘module_driver’
  751 |  module_driver(__i2c_driver, i2c_add_driver, \
      |  ^~~~~~~~~~~~~
drivers/iio/humidity/hdc100x.c:303:1: note: in expansion of macro ‘module_i2c_driver’
  303 | module_i2c_driver(hdc100x_driver);
      | ^~~~~~~~~~~~~~~~~
In file included from ./include/linux/i2c.h:30,
                 from drivers/iio/humidity/hdc100x.c:21:
drivers/iio/humidity/hdc100x.c:303:19: note: ‘cleanup_module’ target declared here
  303 | module_i2c_driver(hdc100x_driver);
      |                   ^~~~~~~~~~~~~~
./include/linux/device.h:1356:20: note: in definition of macro ‘module_driver’
 1356 | static void __exit __driver##_exit(void) \
      |                    ^~~~~~~~
drivers/iio/humidity/hdc100x.c:303:1: note: in expansion of macro ‘module_i2c_driver’
  303 | module_i2c_driver(hdc100x_driver);
      | ^~~~~~~~~~~~~~~~~
In file included from drivers/iio/humidity/hdc100x.c:19:
./include/linux/module.h:132:6: warning: ‘init_module’ specifies less restrictive attribute than its target ‘hdc100x_driver_init’: ‘cold’ [-Wmissing-attributes]
  132 |  int init_module(void) __attribute__((alias(#initfn)));
      |      ^~~~~~~~~~~
./include/linux/device.h:1355:1: note: in expansion of macro ‘module_init’
 1355 | module_init(__driver##_init); \
      | ^~~~~~~~~~~
./include/linux/i2c.h:751:2: note: in expansion of macro ‘module_driver’
  751 |  module_driver(__i2c_driver, i2c_add_driver, \
      |  ^~~~~~~~~~~~~
drivers/iio/humidity/hdc100x.c:303:1: note: in expansion of macro ‘module_i2c_driver’
  303 | module_i2c_driver(hdc100x_driver);
      | ^~~~~~~~~~~~~~~~~
In file included from ./include/linux/i2c.h:30,
                 from drivers/iio/humidity/hdc100x.c:21:
drivers/iio/humidity/hdc100x.c:303:19: note: ‘init_module’ target declared here
  303 | module_i2c_driver(hdc100x_driver);
      |                   ^~~~~~~~~~~~~~
./include/linux/device.h:1351:19: note: in definition of macro ‘module_driver’
 1351 | static int __init __driver##_init(void) \
      |                   ^~~~~~~~
drivers/iio/humidity/hdc100x.c:303:1: note: in expansion of macro ‘module_i2c_driver’
  303 | module_i2c_driver(hdc100x_driver);
      | ^~~~~~~~~~~~~~~~~
  CC [M]  drivers/iio/humidity/htu21.o
In file included from drivers/iio/humidity/htu21.c:22:
./include/linux/module.h:138:7: warning: ‘cleanup_module’ specifies less restrictive attribute than its target ‘htu21_driver_exit’: ‘cold’ [-Wmissing-attributes]
  138 |  void cleanup_module(void) __attribute__((alias(#exitfn)));
      |       ^~~~~~~~~~~~~~
./include/linux/device.h:1360:1: note: in expansion of macro ‘module_exit’
 1360 | module_exit(__driver##_exit);
      | ^~~~~~~~~~~
./include/linux/i2c.h:751:2: note: in expansion of macro ‘module_driver’
  751 |  module_driver(__i2c_driver, i2c_add_driver, \
      |  ^~~~~~~~~~~~~
drivers/iio/humidity/htu21.c:249:1: note: in expansion of macro ‘module_i2c_driver’
  249 | module_i2c_driver(htu21_driver);
      | ^~~~~~~~~~~~~~~~~
In file included from drivers/iio/humidity/htu21.c:19:
drivers/iio/humidity/htu21.c:249:19: note: ‘cleanup_module’ target declared here
  249 | module_i2c_driver(htu21_driver);
      |                   ^~~~~~~~~~~~
./include/linux/device.h:1356:20: note: in definition of macro ‘module_driver’
 1356 | static void __exit __driver##_exit(void) \
      |                    ^~~~~~~~
drivers/iio/humidity/htu21.c:249:1: note: in expansion of macro ‘module_i2c_driver’
  249 | module_i2c_driver(htu21_driver);
      | ^~~~~~~~~~~~~~~~~
In file included from drivers/iio/humidity/htu21.c:22:
./include/linux/module.h:132:6: warning: ‘init_module’ specifies less restrictive attribute than its target ‘htu21_driver_init’: ‘cold’ [-Wmissing-attributes]
  132 |  int init_module(void) __attribute__((alias(#initfn)));
      |      ^~~~~~~~~~~
./include/linux/device.h:1355:1: note: in expansion of macro ‘module_init’
 1355 | module_init(__driver##_init); \
      | ^~~~~~~~~~~
./include/linux/i2c.h:751:2: note: in expansion of macro ‘module_driver’
  751 |  module_driver(__i2c_driver, i2c_add_driver, \
      |  ^~~~~~~~~~~~~
drivers/iio/humidity/htu21.c:249:1: note: in expansion of macro ‘module_i2c_driver’
  249 | module_i2c_driver(htu21_driver);
      | ^~~~~~~~~~~~~~~~~
In file included from drivers/iio/humidity/htu21.c:19:
drivers/iio/humidity/htu21.c:249:19: note: ‘init_module’ target declared here
  249 | module_i2c_driver(htu21_driver);
      |                   ^~~~~~~~~~~~
./include/linux/device.h:1351:19: note: in definition of macro ‘module_driver’
 1351 | static int __init __driver##_init(void) \
      |                   ^~~~~~~~
drivers/iio/humidity/htu21.c:249:1: note: in expansion of macro ‘module_i2c_driver’
  249 | module_i2c_driver(htu21_driver);
      | ^~~~~~~~~~~~~~~~~
  LD      drivers/iio/imu/bmi160/built-in.o
  LD      drivers/iio/imu/inv_mpu6050/built-in.o
  CC [M]  drivers/iio/imu/inv_mpu6050/inv_mpu_core.o
  CC [M]  drivers/iio/imu/inv_mpu6050/inv_mpu_ring.o
  CC [M]  drivers/iio/imu/inv_mpu6050/inv_mpu_trigger.o
  LD [M]  drivers/iio/imu/inv_mpu6050/inv-mpu6050.o
  CC [M]  drivers/iio/imu/inv_mpu6050/inv_mpu_i2c.o
In file included from drivers/iio/imu/inv_mpu6050/inv_mpu_i2c.c:19:
./include/linux/module.h:138:7: warning: ‘cleanup_module’ specifies less restrictive attribute than its target ‘inv_mpu_driver_exit’: ‘cold’ [-Wmissing-attributes]
  138 |  void cleanup_module(void) __attribute__((alias(#exitfn)));
      |       ^~~~~~~~~~~~~~
./include/linux/device.h:1360:1: note: in expansion of macro ‘module_exit’
 1360 | module_exit(__driver##_exit);
      | ^~~~~~~~~~~
./include/linux/i2c.h:751:2: note: in expansion of macro ‘module_driver’
  751 |  module_driver(__i2c_driver, i2c_add_driver, \
      |  ^~~~~~~~~~~~~
drivers/iio/imu/inv_mpu6050/inv_mpu_i2c.c:197:1: note: in expansion of macro ‘module_i2c_driver’
  197 | module_i2c_driver(inv_mpu_driver);
      | ^~~~~~~~~~~~~~~~~
In file included from ./include/linux/acpi.h:27,
                 from drivers/iio/imu/inv_mpu6050/inv_mpu_i2c.c:14:
drivers/iio/imu/inv_mpu6050/inv_mpu_i2c.c:197:19: note: ‘cleanup_module’ target declared here
  197 | module_i2c_driver(inv_mpu_driver);
      |                   ^~~~~~~~~~~~~~
./include/linux/device.h:1356:20: note: in definition of macro ‘module_driver’
 1356 | static void __exit __driver##_exit(void) \
      |                    ^~~~~~~~
drivers/iio/imu/inv_mpu6050/inv_mpu_i2c.c:197:1: note: in expansion of macro ‘module_i2c_driver’
  197 | module_i2c_driver(inv_mpu_driver);
      | ^~~~~~~~~~~~~~~~~
In file included from drivers/iio/imu/inv_mpu6050/inv_mpu_i2c.c:19:
./include/linux/module.h:132:6: warning: ‘init_module’ specifies less restrictive attribute than its target ‘inv_mpu_driver_init’: ‘cold’ [-Wmissing-attributes]
  132 |  int init_module(void) __attribute__((alias(#initfn)));
      |      ^~~~~~~~~~~
./include/linux/device.h:1355:1: note: in expansion of macro ‘module_init’
 1355 | module_init(__driver##_init); \
      | ^~~~~~~~~~~
./include/linux/i2c.h:751:2: note: in expansion of macro ‘module_driver’
  751 |  module_driver(__i2c_driver, i2c_add_driver, \
      |  ^~~~~~~~~~~~~
drivers/iio/imu/inv_mpu6050/inv_mpu_i2c.c:197:1: note: in expansion of macro ‘module_i2c_driver’
  197 | module_i2c_driver(inv_mpu_driver);
      | ^~~~~~~~~~~~~~~~~
In file included from ./include/linux/acpi.h:27,
                 from drivers/iio/imu/inv_mpu6050/inv_mpu_i2c.c:14:
drivers/iio/imu/inv_mpu6050/inv_mpu_i2c.c:197:19: note: ‘init_module’ target declared here
  197 | module_i2c_driver(inv_mpu_driver);
      |                   ^~~~~~~~~~~~~~
./include/linux/device.h:1351:19: note: in definition of macro ‘module_driver’
 1351 | static int __init __driver##_init(void) \
      |                   ^~~~~~~~
drivers/iio/imu/inv_mpu6050/inv_mpu_i2c.c:197:1: note: in expansion of macro ‘module_i2c_driver’
  197 | module_i2c_driver(inv_mpu_driver);
      | ^~~~~~~~~~~~~~~~~
  CC [M]  drivers/iio/imu/inv_mpu6050/inv_mpu_acpi.o
  LD [M]  drivers/iio/imu/inv_mpu6050/inv-mpu6050-i2c.o
  LD      drivers/iio/imu/built-in.o
  LD      drivers/iio/light/built-in.o
  CC [M]  drivers/iio/light/tsl4531.o
In file included from drivers/iio/light/tsl4531.c:17:
./include/linux/module.h:138:7: warning: ‘cleanup_module’ specifies less restrictive attribute than its target ‘tsl4531_driver_exit’: ‘cold’ [-Wmissing-attributes]
  138 |  void cleanup_module(void) __attribute__((alias(#exitfn)));
      |       ^~~~~~~~~~~~~~
./include/linux/device.h:1360:1: note: in expansion of macro ‘module_exit’
 1360 | module_exit(__driver##_exit);
      | ^~~~~~~~~~~
./include/linux/i2c.h:751:2: note: in expansion of macro ‘module_driver’
  751 |  module_driver(__i2c_driver, i2c_add_driver, \
      |  ^~~~~~~~~~~~~
drivers/iio/light/tsl4531.c:257:1: note: in expansion of macro ‘module_i2c_driver’
  257 | module_i2c_driver(tsl4531_driver);
      | ^~~~~~~~~~~~~~~~~
In file included from ./include/linux/i2c.h:30,
                 from drivers/iio/light/tsl4531.c:18:
drivers/iio/light/tsl4531.c:257:19: note: ‘cleanup_module’ target declared here
  257 | module_i2c_driver(tsl4531_driver);
      |                   ^~~~~~~~~~~~~~
./include/linux/device.h:1356:20: note: in definition of macro ‘module_driver’
 1356 | static void __exit __driver##_exit(void) \
      |                    ^~~~~~~~
drivers/iio/light/tsl4531.c:257:1: note: in expansion of macro ‘module_i2c_driver’
  257 | module_i2c_driver(tsl4531_driver);
      | ^~~~~~~~~~~~~~~~~
In file included from drivers/iio/light/tsl4531.c:17:
./include/linux/module.h:132:6: warning: ‘init_module’ specifies less restrictive attribute than its target ‘tsl4531_driver_init’: ‘cold’ [-Wmissing-attributes]
  132 |  int init_module(void) __attribute__((alias(#initfn)));
      |      ^~~~~~~~~~~
./include/linux/device.h:1355:1: note: in expansion of macro ‘module_init’
 1355 | module_init(__driver##_init); \
      | ^~~~~~~~~~~
./include/linux/i2c.h:751:2: note: in expansion of macro ‘module_driver’
  751 |  module_driver(__i2c_driver, i2c_add_driver, \
      |  ^~~~~~~~~~~~~
drivers/iio/light/tsl4531.c:257:1: note: in expansion of macro ‘module_i2c_driver’
  257 | module_i2c_driver(tsl4531_driver);
      | ^~~~~~~~~~~~~~~~~
In file included from ./include/linux/i2c.h:30,
                 from drivers/iio/light/tsl4531.c:18:
drivers/iio/light/tsl4531.c:257:19: note: ‘init_module’ target declared here
  257 | module_i2c_driver(tsl4531_driver);
      |                   ^~~~~~~~~~~~~~
./include/linux/device.h:1351:19: note: in definition of macro ‘module_driver’
 1351 | static int __init __driver##_init(void) \
      |                   ^~~~~~~~
drivers/iio/light/tsl4531.c:257:1: note: in expansion of macro ‘module_i2c_driver’
  257 | module_i2c_driver(tsl4531_driver);
      | ^~~~~~~~~~~~~~~~~
  CC [M]  drivers/iio/light/veml6070.o
In file included from drivers/iio/light/veml6070.c:15:
./include/linux/module.h:138:7: warning: ‘cleanup_module’ specifies less restrictive attribute than its target ‘veml6070_driver_exit’: ‘cold’ [-Wmissing-attributes]
  138 |  void cleanup_module(void) __attribute__((alias(#exitfn)));
      |       ^~~~~~~~~~~~~~
./include/linux/device.h:1360:1: note: in expansion of macro ‘module_exit’
 1360 | module_exit(__driver##_exit);
      | ^~~~~~~~~~~
./include/linux/i2c.h:751:2: note: in expansion of macro ‘module_driver’
  751 |  module_driver(__i2c_driver, i2c_add_driver, \
      |  ^~~~~~~~~~~~~
drivers/iio/light/veml6070.c:214:1: note: in expansion of macro ‘module_i2c_driver’
  214 | module_i2c_driver(veml6070_driver);
      | ^~~~~~~~~~~~~~~~~
In file included from ./include/linux/i2c.h:30,
                 from drivers/iio/light/veml6070.c:16:
drivers/iio/light/veml6070.c:214:19: note: ‘cleanup_module’ target declared here
  214 | module_i2c_driver(veml6070_driver);
      |                   ^~~~~~~~~~~~~~~
./include/linux/device.h:1356:20: note: in definition of macro ‘module_driver’
 1356 | static void __exit __driver##_exit(void) \
      |                    ^~~~~~~~
drivers/iio/light/veml6070.c:214:1: note: in expansion of macro ‘module_i2c_driver’
  214 | module_i2c_driver(veml6070_driver);
      | ^~~~~~~~~~~~~~~~~
In file included from drivers/iio/light/veml6070.c:15:
./include/linux/module.h:132:6: warning: ‘init_module’ specifies less restrictive attribute than its target ‘veml6070_driver_init’: ‘cold’ [-Wmissing-attributes]
  132 |  int init_module(void) __attribute__((alias(#initfn)));
      |      ^~~~~~~~~~~
./include/linux/device.h:1355:1: note: in expansion of macro ‘module_init’
 1355 | module_init(__driver##_init); \
      | ^~~~~~~~~~~
./include/linux/i2c.h:751:2: note: in expansion of macro ‘module_driver’
  751 |  module_driver(__i2c_driver, i2c_add_driver, \
      |  ^~~~~~~~~~~~~
drivers/iio/light/veml6070.c:214:1: note: in expansion of macro ‘module_i2c_driver’
  214 | module_i2c_driver(veml6070_driver);
      | ^~~~~~~~~~~~~~~~~
In file included from ./include/linux/i2c.h:30,
                 from drivers/iio/light/veml6070.c:16:
drivers/iio/light/veml6070.c:214:19: note: ‘init_module’ target declared here
  214 | module_i2c_driver(veml6070_driver);
      |                   ^~~~~~~~~~~~~~~
./include/linux/device.h:1351:19: note: in definition of macro ‘module_driver’
 1351 | static int __init __driver##_init(void) \
      |                   ^~~~~~~~
drivers/iio/light/veml6070.c:214:1: note: in expansion of macro ‘module_i2c_driver’
  214 | module_i2c_driver(veml6070_driver);
      | ^~~~~~~~~~~~~~~~~
  LD      drivers/iio/magnetometer/built-in.o
  LD      drivers/iio/orientation/built-in.o
  LD      drivers/iio/potentiometer/built-in.o
  LD      drivers/iio/pressure/built-in.o
  CC [M]  drivers/iio/pressure/bmp280-core.o
  CC [M]  drivers/iio/pressure/bmp280-regmap.o
  LD [M]  drivers/iio/pressure/bmp280.o
  CC [M]  drivers/iio/pressure/bmp280-i2c.o
In file included from drivers/iio/pressure/bmp280-i2c.c:1:
./include/linux/module.h:138:7: warning: ‘cleanup_module’ specifies less restrictive attribute than its target ‘bmp280_i2c_driver_exit’: ‘cold’ [-Wmissing-attributes]
  138 |  void cleanup_module(void) __attribute__((alias(#exitfn)));
      |       ^~~~~~~~~~~~~~
./include/linux/device.h:1360:1: note: in expansion of macro ‘module_exit’
 1360 | module_exit(__driver##_exit);
      | ^~~~~~~~~~~
./include/linux/i2c.h:751:2: note: in expansion of macro ‘module_driver’
  751 |  module_driver(__i2c_driver, i2c_add_driver, \
      |  ^~~~~~~~~~~~~
drivers/iio/pressure/bmp280-i2c.c:87:1: note: in expansion of macro ‘module_i2c_driver’
   87 | module_i2c_driver(bmp280_i2c_driver);
      | ^~~~~~~~~~~~~~~~~
In file included from ./include/linux/i2c.h:30,
                 from drivers/iio/pressure/bmp280-i2c.c:2:
drivers/iio/pressure/bmp280-i2c.c:87:19: note: ‘cleanup_module’ target declared here
   87 | module_i2c_driver(bmp280_i2c_driver);
      |                   ^~~~~~~~~~~~~~~~~
./include/linux/device.h:1356:20: note: in definition of macro ‘module_driver’
 1356 | static void __exit __driver##_exit(void) \
      |                    ^~~~~~~~
drivers/iio/pressure/bmp280-i2c.c:87:1: note: in expansion of macro ‘module_i2c_driver’
   87 | module_i2c_driver(bmp280_i2c_driver);
      | ^~~~~~~~~~~~~~~~~
In file included from drivers/iio/pressure/bmp280-i2c.c:1:
./include/linux/module.h:132:6: warning: ‘init_module’ specifies less restrictive attribute than its target ‘bmp280_i2c_driver_init’: ‘cold’ [-Wmissing-attributes]
  132 |  int init_module(void) __attribute__((alias(#initfn)));
      |      ^~~~~~~~~~~
./include/linux/device.h:1355:1: note: in expansion of macro ‘module_init’
 1355 | module_init(__driver##_init); \
      | ^~~~~~~~~~~
./include/linux/i2c.h:751:2: note: in expansion of macro ‘module_driver’
  751 |  module_driver(__i2c_driver, i2c_add_driver, \
      |  ^~~~~~~~~~~~~
drivers/iio/pressure/bmp280-i2c.c:87:1: note: in expansion of macro ‘module_i2c_driver’
   87 | module_i2c_driver(bmp280_i2c_driver);
      | ^~~~~~~~~~~~~~~~~
In file included from ./include/linux/i2c.h:30,
                 from drivers/iio/pressure/bmp280-i2c.c:2:
drivers/iio/pressure/bmp280-i2c.c:87:19: note: ‘init_module’ target declared here
   87 | module_i2c_driver(bmp280_i2c_driver);
      |                   ^~~~~~~~~~~~~~~~~
./include/linux/device.h:1351:19: note: in definition of macro ‘module_driver’
 1351 | static int __init __driver##_init(void) \
      |                   ^~~~~~~~
drivers/iio/pressure/bmp280-i2c.c:87:1: note: in expansion of macro ‘module_i2c_driver’
   87 | module_i2c_driver(bmp280_i2c_driver);
      | ^~~~~~~~~~~~~~~~~
  CC [M]  drivers/iio/pressure/bmp280-spi.o
In file included from drivers/iio/pressure/bmp280-spi.c:6:
./include/linux/module.h:138:7: warning: ‘cleanup_module’ specifies less restrictive attribute than its target ‘bmp280_spi_driver_exit’: ‘cold’ [-Wmissing-attributes]
  138 |  void cleanup_module(void) __attribute__((alias(#exitfn)));
      |       ^~~~~~~~~~~~~~
./include/linux/device.h:1360:1: note: in expansion of macro ‘module_exit’
 1360 | module_exit(__driver##_exit);
      | ^~~~~~~~~~~
./include/linux/spi/spi.h:290:2: note: in expansion of macro ‘module_driver’
  290 |  module_driver(__spi_driver, spi_register_driver, \
      |  ^~~~~~~~~~~~~
drivers/iio/pressure/bmp280-spi.c:122:1: note: in expansion of macro ‘module_spi_driver’
  122 | module_spi_driver(bmp280_spi_driver);
      | ^~~~~~~~~~~~~~~~~
In file included from ./include/linux/spi/spi.h:18,
                 from drivers/iio/pressure/bmp280-spi.c:7:
drivers/iio/pressure/bmp280-spi.c:122:19: note: ‘cleanup_module’ target declared here
  122 | module_spi_driver(bmp280_spi_driver);
      |                   ^~~~~~~~~~~~~~~~~
./include/linux/device.h:1356:20: note: in definition of macro ‘module_driver’
 1356 | static void __exit __driver##_exit(void) \
      |                    ^~~~~~~~
drivers/iio/pressure/bmp280-spi.c:122:1: note: in expansion of macro ‘module_spi_driver’
  122 | module_spi_driver(bmp280_spi_driver);
      | ^~~~~~~~~~~~~~~~~
In file included from drivers/iio/pressure/bmp280-spi.c:6:
./include/linux/module.h:132:6: warning: ‘init_module’ specifies less restrictive attribute than its target ‘bmp280_spi_driver_init’: ‘cold’ [-Wmissing-attributes]
  132 |  int init_module(void) __attribute__((alias(#initfn)));
      |      ^~~~~~~~~~~
./include/linux/device.h:1355:1: note: in expansion of macro ‘module_init’
 1355 | module_init(__driver##_init); \
      | ^~~~~~~~~~~
./include/linux/spi/spi.h:290:2: note: in expansion of macro ‘module_driver’
  290 |  module_driver(__spi_driver, spi_register_driver, \
      |  ^~~~~~~~~~~~~
drivers/iio/pressure/bmp280-spi.c:122:1: note: in expansion of macro ‘module_spi_driver’
  122 | module_spi_driver(bmp280_spi_driver);
      | ^~~~~~~~~~~~~~~~~
In file included from ./include/linux/spi/spi.h:18,
                 from drivers/iio/pressure/bmp280-spi.c:7:
drivers/iio/pressure/bmp280-spi.c:122:19: note: ‘init_module’ target declared here
  122 | module_spi_driver(bmp280_spi_driver);
      |                   ^~~~~~~~~~~~~~~~~
./include/linux/device.h:1351:19: note: in definition of macro ‘module_driver’
 1351 | static int __init __driver##_init(void) \
      |                   ^~~~~~~~
drivers/iio/pressure/bmp280-spi.c:122:1: note: in expansion of macro ‘module_spi_driver’
  122 | module_spi_driver(bmp280_spi_driver);
      | ^~~~~~~~~~~~~~~~~
  LD      drivers/iio/proximity/built-in.o
  LD      drivers/iio/temperature/built-in.o
  LD      drivers/iio/trigger/built-in.o
  LD      drivers/iio/built-in.o
  CC [M]  drivers/iio/industrialio-core.o
In file included from drivers/iio/industrialio-core.c:15:
./include/linux/module.h:132:6: warning: ‘init_module’ specifies less restrictive attribute than its target ‘iio_init’: ‘cold’ [-Wmissing-attributes]
  132 |  int init_module(void) __attribute__((alias(#initfn)));
      |      ^~~~~~~~~~~
./include/linux/module.h:115:30: note: in expansion of macro ‘module_init’
  115 | #define subsys_initcall(fn)  module_init(fn)
      |                              ^~~~~~~~~~~
drivers/iio/industrialio-core.c:1675:1: note: in expansion of macro ‘subsys_initcall’
 1675 | subsys_initcall(iio_init);
      | ^~~~~~~~~~~~~~~
drivers/iio/industrialio-core.c:261:19: note: ‘init_module’ target declared here
  261 | static int __init iio_init(void)
      |                   ^~~~~~~~
In file included from drivers/iio/industrialio-core.c:15:
./include/linux/module.h:138:7: warning: ‘cleanup_module’ specifies less restrictive attribute than its target ‘iio_exit’: ‘cold’ [-Wmissing-attributes]
  138 |  void cleanup_module(void) __attribute__((alias(#exitfn)));
      |       ^~~~~~~~~~~~~~
drivers/iio/industrialio-core.c:1676:1: note: in expansion of macro ‘module_exit’
 1676 | module_exit(iio_exit);
      | ^~~~~~~~~~~
drivers/iio/industrialio-core.c:288:20: note: ‘cleanup_module’ target declared here
  288 | static void __exit iio_exit(void)
      |                    ^~~~~~~~
  CC [M]  drivers/iio/industrialio-event.o
  CC [M]  drivers/iio/inkern.o
  CC [M]  drivers/iio/industrialio-buffer.o
  CC [M]  drivers/iio/industrialio-trigger.o
  LD [M]  drivers/iio/industrialio.o
  CC      drivers/input/input.o
  CC      drivers/input/input-compat.o
  CC      drivers/input/input-mt.o
  CC      drivers/input/ff-core.o
  LD      drivers/input/input-core.o
  CC      drivers/input/input-leds.o
  CC      drivers/input/mousedev.o
  LD      drivers/input/joystick/built-in.o
  CC [M]  drivers/input/joystick/xpad.o
In file included from drivers/input/joystick/xpad.c:83:
./include/linux/module.h:138:7: warning: ‘cleanup_module’ specifies less restrictive attribute than its target ‘xpad_driver_exit’: ‘cold’ [-Wmissing-attributes]
  138 |  void cleanup_module(void) __attribute__((alias(#exitfn)));
      |       ^~~~~~~~~~~~~~
./include/linux/device.h:1360:1: note: in expansion of macro ‘module_exit’
 1360 | module_exit(__driver##_exit);
      | ^~~~~~~~~~~
./include/linux/usb.h:1195:2: note: in expansion of macro ‘module_driver’
 1195 |  module_driver(__usb_driver, usb_register, \
      |  ^~~~~~~~~~~~~
drivers/input/joystick/xpad.c:1684:1: note: in expansion of macro ‘module_usb_driver’
 1684 | module_usb_driver(xpad_driver);
      | ^~~~~~~~~~~~~~~~~
In file included from ./include/linux/input.h:22,
                 from drivers/input/joystick/xpad.c:79:
drivers/input/joystick/xpad.c:1684:19: note: ‘cleanup_module’ target declared here
 1684 | module_usb_driver(xpad_driver);
      |                   ^~~~~~~~~~~
./include/linux/device.h:1356:20: note: in definition of macro ‘module_driver’
 1356 | static void __exit __driver##_exit(void) \
      |                    ^~~~~~~~
drivers/input/joystick/xpad.c:1684:1: note: in expansion of macro ‘module_usb_driver’
 1684 | module_usb_driver(xpad_driver);
      | ^~~~~~~~~~~~~~~~~
In file included from drivers/input/joystick/xpad.c:83:
./include/linux/module.h:132:6: warning: ‘init_module’ specifies less restrictive attribute than its target ‘xpad_driver_init’: ‘cold’ [-Wmissing-attributes]
  132 |  int init_module(void) __attribute__((alias(#initfn)));
      |      ^~~~~~~~~~~
./include/linux/device.h:1355:1: note: in expansion of macro ‘module_init’
 1355 | module_init(__driver##_init); \
      | ^~~~~~~~~~~
./include/linux/usb.h:1195:2: note: in expansion of macro ‘module_driver’
 1195 |  module_driver(__usb_driver, usb_register, \
      |  ^~~~~~~~~~~~~
drivers/input/joystick/xpad.c:1684:1: note: in expansion of macro ‘module_usb_driver’
 1684 | module_usb_driver(xpad_driver);
      | ^~~~~~~~~~~~~~~~~
In file included from ./include/linux/input.h:22,
                 from drivers/input/joystick/xpad.c:79:
drivers/input/joystick/xpad.c:1684:19: note: ‘init_module’ target declared here
 1684 | module_usb_driver(xpad_driver);
      |                   ^~~~~~~~~~~
./include/linux/device.h:1351:19: note: in definition of macro ‘module_driver’
 1351 | static int __init __driver##_init(void) \
      |                   ^~~~~~~~
drivers/input/joystick/xpad.c:1684:1: note: in expansion of macro ‘module_usb_driver’
 1684 | module_usb_driver(xpad_driver);
      | ^~~~~~~~~~~~~~~~~
  CC [M]  drivers/input/joystick/rpisense-js.o
In file included from drivers/input/joystick/rpisense-js.c:16:
./include/linux/module.h:138:7: warning: ‘cleanup_module’ specifies less restrictive attribute than its target ‘rpisense_js_driver_exit’: ‘cold’ [-Wmissing-attributes]
  138 |  void cleanup_module(void) __attribute__((alias(#exitfn)));
      |       ^~~~~~~~~~~~~~
./include/linux/device.h:1360:1: note: in expansion of macro ‘module_exit’
 1360 | module_exit(__driver##_exit);
      | ^~~~~~~~~~~
./include/linux/platform_device.h:228:2: note: in expansion of macro ‘module_driver’
  228 |  module_driver(__platform_driver, platform_driver_register, \
      |  ^~~~~~~~~~~~~
drivers/input/joystick/rpisense-js.c:149:1: note: in expansion of macro ‘module_platform_driver’
  149 | module_platform_driver(rpisense_js_driver);
      | ^~~~~~~~~~~~~~~~~~~~~~
In file included from ./include/linux/input.h:22,
                 from ./include/linux/mfd/rpisense/joystick.h:19,
                 from drivers/input/joystick/rpisense-js.c:18:
drivers/input/joystick/rpisense-js.c:149:24: note: ‘cleanup_module’ target declared here
  149 | module_platform_driver(rpisense_js_driver);
      |                        ^~~~~~~~~~~~~~~~~~
./include/linux/device.h:1356:20: note: in definition of macro ‘module_driver’
 1356 | static void __exit __driver##_exit(void) \
      |                    ^~~~~~~~
drivers/input/joystick/rpisense-js.c:149:1: note: in expansion of macro ‘module_platform_driver’
  149 | module_platform_driver(rpisense_js_driver);
      | ^~~~~~~~~~~~~~~~~~~~~~
In file included from drivers/input/joystick/rpisense-js.c:16:
./include/linux/module.h:132:6: warning: ‘init_module’ specifies less restrictive attribute than its target ‘rpisense_js_driver_init’: ‘cold’ [-Wmissing-attributes]
  132 |  int init_module(void) __attribute__((alias(#initfn)));
      |      ^~~~~~~~~~~
./include/linux/device.h:1355:1: note: in expansion of macro ‘module_init’
 1355 | module_init(__driver##_init); \
      | ^~~~~~~~~~~
./include/linux/platform_device.h:228:2: note: in expansion of macro ‘module_driver’
  228 |  module_driver(__platform_driver, platform_driver_register, \
      |  ^~~~~~~~~~~~~
drivers/input/joystick/rpisense-js.c:149:1: note: in expansion of macro ‘module_platform_driver’
  149 | module_platform_driver(rpisense_js_driver);
      | ^~~~~~~~~~~~~~~~~~~~~~
In file included from ./include/linux/input.h:22,
                 from ./include/linux/mfd/rpisense/joystick.h:19,
                 from drivers/input/joystick/rpisense-js.c:18:
drivers/input/joystick/rpisense-js.c:149:24: note: ‘init_module’ target declared here
  149 | module_platform_driver(rpisense_js_driver);
      |                        ^~~~~~~~~~~~~~~~~~
./include/linux/device.h:1351:19: note: in definition of macro ‘module_driver’
 1351 | static int __init __driver##_init(void) \
      |                   ^~~~~~~~
drivers/input/joystick/rpisense-js.c:149:1: note: in expansion of macro ‘module_platform_driver’
  149 | module_platform_driver(rpisense_js_driver);
      | ^~~~~~~~~~~~~~~~~~~~~~
  LD      drivers/input/joystick/iforce/built-in.o
  CC [M]  drivers/input/joystick/iforce/iforce-ff.o
  CC [M]  drivers/input/joystick/iforce/iforce-main.o
In file included from drivers/input/joystick/iforce/iforce.h:31,
                 from drivers/input/joystick/iforce/iforce-main.c:28:
./include/linux/module.h:132:6: warning: ‘init_module’ specifies less restrictive attribute than its target ‘iforce_init’: ‘cold’ [-Wmissing-attributes]
  132 |  int init_module(void) __attribute__((alias(#initfn)));
      |      ^~~~~~~~~~~
drivers/input/joystick/iforce/iforce-main.c:488:1: note: in expansion of macro ‘module_init’
  488 | module_init(iforce_init);
      | ^~~~~~~~~~~
drivers/input/joystick/iforce/iforce-main.c:459:19: note: ‘init_module’ target declared here
  459 | static int __init iforce_init(void)
      |                   ^~~~~~~~~~~
In file included from drivers/input/joystick/iforce/iforce.h:31,
                 from drivers/input/joystick/iforce/iforce-main.c:28:
./include/linux/module.h:138:7: warning: ‘cleanup_module’ specifies less restrictive attribute than its target ‘iforce_exit’: ‘cold’ [-Wmissing-attributes]
  138 |  void cleanup_module(void) __attribute__((alias(#exitfn)));
      |       ^~~~~~~~~~~~~~
drivers/input/joystick/iforce/iforce-main.c:489:1: note: in expansion of macro ‘module_exit’
  489 | module_exit(iforce_exit);
      | ^~~~~~~~~~~
drivers/input/joystick/iforce/iforce-main.c:478:20: note: ‘cleanup_module’ target declared here
  478 | static void __exit iforce_exit(void)
      |                    ^~~~~~~~~~~
  CC [M]  drivers/input/joystick/iforce/iforce-packets.o
  CC [M]  drivers/input/joystick/iforce/iforce-usb.o
  LD [M]  drivers/input/joystick/iforce/iforce.o
  LD      drivers/input/keyboard/built-in.o
  CC [M]  drivers/input/keyboard/gpio_keys.o
In file included from drivers/input/keyboard/gpio_keys.c:12:
./include/linux/module.h:138:7: warning: ‘cleanup_module’ specifies less restrictive attribute than its target ‘gpio_keys_exit’: ‘cold’ [-Wmissing-attributes]
  138 |  void cleanup_module(void) __attribute__((alias(#exitfn)));
      |       ^~~~~~~~~~~~~~
drivers/input/keyboard/gpio_keys.c:906:1: note: in expansion of macro ‘module_exit’
  906 | module_exit(gpio_keys_exit);
      | ^~~~~~~~~~~
drivers/input/keyboard/gpio_keys.c:900:20: note: ‘cleanup_module’ target declared here
  900 | static void __exit gpio_keys_exit(void)
      |                    ^~~~~~~~~~~~~~
In file included from drivers/input/keyboard/gpio_keys.c:12:
./include/linux/module.h:132:6: warning: ‘init_module’ specifies less restrictive attribute than its target ‘gpio_keys_init’: ‘cold’ [-Wmissing-attributes]
  132 |  int init_module(void) __attribute__((alias(#initfn)));
      |      ^~~~~~~~~~~
./include/linux/module.h:122:28: note: in expansion of macro ‘module_init’
  122 | #define late_initcall(fn)  module_init(fn)
      |                            ^~~~~~~~~~~
drivers/input/keyboard/gpio_keys.c:905:1: note: in expansion of macro ‘late_initcall’
  905 | late_initcall(gpio_keys_init);
      | ^~~~~~~~~~~~~
drivers/input/keyboard/gpio_keys.c:895:19: note: ‘init_module’ target declared here
  895 | static int __init gpio_keys_init(void)
      |                   ^~~~~~~~~~~~~~
  LD      drivers/input/misc/built-in.o
  CC [M]  drivers/input/misc/ad714x.o
  CC [M]  drivers/input/misc/ad714x-i2c.o
In file included from drivers/input/misc/ad714x-i2c.c:11:
./include/linux/module.h:138:7: warning: ‘cleanup_module’ specifies less restrictive attribute than its target ‘ad714x_i2c_driver_exit’: ‘cold’ [-Wmissing-attributes]
  138 |  void cleanup_module(void) __attribute__((alias(#exitfn)));
      |       ^~~~~~~~~~~~~~
./include/linux/device.h:1360:1: note: in expansion of macro ‘module_exit’
 1360 | module_exit(__driver##_exit);
      | ^~~~~~~~~~~
./include/linux/i2c.h:751:2: note: in expansion of macro ‘module_driver’
  751 |  module_driver(__i2c_driver, i2c_add_driver, \
      |  ^~~~~~~~~~~~~
drivers/input/misc/ad714x-i2c.c:107:1: note: in expansion of macro ‘module_i2c_driver’
  107 | module_i2c_driver(ad714x_i2c_driver);
      | ^~~~~~~~~~~~~~~~~
In file included from ./include/linux/input.h:22,
                 from drivers/input/misc/ad714x-i2c.c:9:
drivers/input/misc/ad714x-i2c.c:107:19: note: ‘cleanup_module’ target declared here
  107 | module_i2c_driver(ad714x_i2c_driver);
      |                   ^~~~~~~~~~~~~~~~~
./include/linux/device.h:1356:20: note: in definition of macro ‘module_driver’
 1356 | static void __exit __driver##_exit(void) \
      |                    ^~~~~~~~
drivers/input/misc/ad714x-i2c.c:107:1: note: in expansion of macro ‘module_i2c_driver’
  107 | module_i2c_driver(ad714x_i2c_driver);
      | ^~~~~~~~~~~~~~~~~
In file included from drivers/input/misc/ad714x-i2c.c:11:
./include/linux/module.h:132:6: warning: ‘init_module’ specifies less restrictive attribute than its target ‘ad714x_i2c_driver_init’: ‘cold’ [-Wmissing-attributes]
  132 |  int init_module(void) __attribute__((alias(#initfn)));
      |      ^~~~~~~~~~~
./include/linux/device.h:1355:1: note: in expansion of macro ‘module_init’
 1355 | module_init(__driver##_init); \
      | ^~~~~~~~~~~
./include/linux/i2c.h:751:2: note: in expansion of macro ‘module_driver’
  751 |  module_driver(__i2c_driver, i2c_add_driver, \
      |  ^~~~~~~~~~~~~
drivers/input/misc/ad714x-i2c.c:107:1: note: in expansion of macro ‘module_i2c_driver’
  107 | module_i2c_driver(ad714x_i2c_driver);
      | ^~~~~~~~~~~~~~~~~
In file included from ./include/linux/input.h:22,
                 from drivers/input/misc/ad714x-i2c.c:9:
drivers/input/misc/ad714x-i2c.c:107:19: note: ‘init_module’ target declared here
  107 | module_i2c_driver(ad714x_i2c_driver);
      |                   ^~~~~~~~~~~~~~~~~
./include/linux/device.h:1351:19: note: in definition of macro ‘module_driver’
 1351 | static int __init __driver##_init(void) \
      |                   ^~~~~~~~
drivers/input/misc/ad714x-i2c.c:107:1: note: in expansion of macro ‘module_i2c_driver’
  107 | module_i2c_driver(ad714x_i2c_driver);
      | ^~~~~~~~~~~~~~~~~
  CC [M]  drivers/input/misc/ad714x-spi.o
In file included from drivers/input/misc/ad714x-spi.c:10:
./include/linux/module.h:132:6: warning: ‘init_module’ specifies less restrictive attribute than its target ‘ad714x_spi_driver_init’: ‘cold’ [-Wmissing-attributes]
  132 |  int init_module(void) __attribute__((alias(#initfn)));
      |      ^~~~~~~~~~~
./include/linux/device.h:1355:1: note: in expansion of macro ‘module_init’
 1355 | module_init(__driver##_init); \
      | ^~~~~~~~~~~
./include/linux/spi/spi.h:290:2: note: in expansion of macro ‘module_driver’
  290 |  module_driver(__spi_driver, spi_register_driver, \
      |  ^~~~~~~~~~~~~
drivers/input/misc/ad714x-spi.c:112:1: note: in expansion of macro ‘module_spi_driver’
  112 | module_spi_driver(ad714x_spi_driver);
      | ^~~~~~~~~~~~~~~~~
In file included from ./include/linux/input.h:22,
                 from drivers/input/misc/ad714x-spi.c:9:
drivers/input/misc/ad714x-spi.c:112:19: note: ‘init_module’ target declared here
  112 | module_spi_driver(ad714x_spi_driver);
      |                   ^~~~~~~~~~~~~~~~~
./include/linux/device.h:1351:19: note: in definition of macro ‘module_driver’
 1351 | static int __init __driver##_init(void) \
      |                   ^~~~~~~~
drivers/input/misc/ad714x-spi.c:112:1: note: in expansion of macro ‘module_spi_driver’
  112 | module_spi_driver(ad714x_spi_driver);
      | ^~~~~~~~~~~~~~~~~
In file included from drivers/input/misc/ad714x-spi.c:10:
./include/linux/module.h:138:7: warning: ‘cleanup_module’ specifies less restrictive attribute than its target ‘ad714x_spi_driver_exit’: ‘cold’ [-Wmissing-attributes]
  138 |  void cleanup_module(void) __attribute__((alias(#exitfn)));
      |       ^~~~~~~~~~~~~~
./include/linux/device.h:1360:1: note: in expansion of macro ‘module_exit’
 1360 | module_exit(__driver##_exit);
      | ^~~~~~~~~~~
./include/linux/spi/spi.h:290:2: note: in expansion of macro ‘module_driver’
  290 |  module_driver(__spi_driver, spi_register_driver, \
      |  ^~~~~~~~~~~~~
drivers/input/misc/ad714x-spi.c:112:1: note: in expansion of macro ‘module_spi_driver’
  112 | module_spi_driver(ad714x_spi_driver);
      | ^~~~~~~~~~~~~~~~~
In file included from ./include/linux/input.h:22,
                 from drivers/input/misc/ad714x-spi.c:9:
drivers/input/misc/ad714x-spi.c:112:19: note: ‘cleanup_module’ target declared here
  112 | module_spi_driver(ad714x_spi_driver);
      |                   ^~~~~~~~~~~~~~~~~
./include/linux/device.h:1356:20: note: in definition of macro ‘module_driver’
 1356 | static void __exit __driver##_exit(void) \
      |                    ^~~~~~~~
drivers/input/misc/ad714x-spi.c:112:1: note: in expansion of macro ‘module_spi_driver’
  112 | module_spi_driver(ad714x_spi_driver);
      | ^~~~~~~~~~~~~~~~~
  CC [M]  drivers/input/misc/adxl34x.o
  CC [M]  drivers/input/misc/adxl34x-i2c.o
In file included from drivers/input/misc/adxl34x-i2c.c:12:
./include/linux/module.h:138:7: warning: ‘cleanup_module’ specifies less restrictive attribute than its target ‘adxl34x_driver_exit’: ‘cold’ [-Wmissing-attributes]
  138 |  void cleanup_module(void) __attribute__((alias(#exitfn)));
      |       ^~~~~~~~~~~~~~
./include/linux/device.h:1360:1: note: in expansion of macro ‘module_exit’
 1360 | module_exit(__driver##_exit);
      | ^~~~~~~~~~~
./include/linux/i2c.h:751:2: note: in expansion of macro ‘module_driver’
  751 |  module_driver(__i2c_driver, i2c_add_driver, \
      |  ^~~~~~~~~~~~~
drivers/input/misc/adxl34x-i2c.c:169:1: note: in expansion of macro ‘module_i2c_driver’
  169 | module_i2c_driver(adxl34x_driver);
      | ^~~~~~~~~~~~~~~~~
In file included from ./include/linux/input.h:22,
                 from drivers/input/misc/adxl34x-i2c.c:10:
drivers/input/misc/adxl34x-i2c.c:169:19: note: ‘cleanup_module’ target declared here
  169 | module_i2c_driver(adxl34x_driver);
      |                   ^~~~~~~~~~~~~~
./include/linux/device.h:1356:20: note: in definition of macro ‘module_driver’
 1356 | static void __exit __driver##_exit(void) \
      |                    ^~~~~~~~
drivers/input/misc/adxl34x-i2c.c:169:1: note: in expansion of macro ‘module_i2c_driver’
  169 | module_i2c_driver(adxl34x_driver);
      | ^~~~~~~~~~~~~~~~~
In file included from drivers/input/misc/adxl34x-i2c.c:12:
./include/linux/module.h:132:6: warning: ‘init_module’ specifies less restrictive attribute than its target ‘adxl34x_driver_init’: ‘cold’ [-Wmissing-attributes]
  132 |  int init_module(void) __attribute__((alias(#initfn)));
      |      ^~~~~~~~~~~
./include/linux/device.h:1355:1: note: in expansion of macro ‘module_init’
 1355 | module_init(__driver##_init); \
      | ^~~~~~~~~~~
./include/linux/i2c.h:751:2: note: in expansion of macro ‘module_driver’
  751 |  module_driver(__i2c_driver, i2c_add_driver, \
      |  ^~~~~~~~~~~~~
drivers/input/misc/adxl34x-i2c.c:169:1: note: in expansion of macro ‘module_i2c_driver’
  169 | module_i2c_driver(adxl34x_driver);
      | ^~~~~~~~~~~~~~~~~
In file included from ./include/linux/input.h:22,
                 from drivers/input/misc/adxl34x-i2c.c:10:
drivers/input/misc/adxl34x-i2c.c:169:19: note: ‘init_module’ target declared here
  169 | module_i2c_driver(adxl34x_driver);
      |                   ^~~~~~~~~~~~~~
./include/linux/device.h:1351:19: note: in definition of macro ‘module_driver’
 1351 | static int __init __driver##_init(void) \
      |                   ^~~~~~~~
drivers/input/misc/adxl34x-i2c.c:169:1: note: in expansion of macro ‘module_i2c_driver’
  169 | module_i2c_driver(adxl34x_driver);
      | ^~~~~~~~~~~~~~~~~
  CC [M]  drivers/input/misc/adxl34x-spi.o
In file included from drivers/input/misc/adxl34x-spi.c:11:
./include/linux/module.h:132:6: warning: ‘init_module’ specifies less restrictive attribute than its target ‘adxl34x_driver_init’: ‘cold’ [-Wmissing-attributes]
  132 |  int init_module(void) __attribute__((alias(#initfn)));
      |      ^~~~~~~~~~~
./include/linux/device.h:1355:1: note: in expansion of macro ‘module_init’
 1355 | module_init(__driver##_init); \
      | ^~~~~~~~~~~
./include/linux/spi/spi.h:290:2: note: in expansion of macro ‘module_driver’
  290 |  module_driver(__spi_driver, spi_register_driver, \
      |  ^~~~~~~~~~~~~
drivers/input/misc/adxl34x-spi.c:129:1: note: in expansion of macro ‘module_spi_driver’
  129 | module_spi_driver(adxl34x_driver);
      | ^~~~~~~~~~~~~~~~~
In file included from ./include/linux/input.h:22,
                 from drivers/input/misc/adxl34x-spi.c:10:
drivers/input/misc/adxl34x-spi.c:129:19: note: ‘init_module’ target declared here
  129 | module_spi_driver(adxl34x_driver);
      |                   ^~~~~~~~~~~~~~
./include/linux/device.h:1351:19: note: in definition of macro ‘module_driver’
 1351 | static int __init __driver##_init(void) \
      |                   ^~~~~~~~
drivers/input/misc/adxl34x-spi.c:129:1: note: in expansion of macro ‘module_spi_driver’
  129 | module_spi_driver(adxl34x_driver);
      | ^~~~~~~~~~~~~~~~~
In file included from drivers/input/misc/adxl34x-spi.c:11:
./include/linux/module.h:138:7: warning: ‘cleanup_module’ specifies less restrictive attribute than its target ‘adxl34x_driver_exit’: ‘cold’ [-Wmissing-attributes]
  138 |  void cleanup_module(void) __attribute__((alias(#exitfn)));
      |       ^~~~~~~~~~~~~~
./include/linux/device.h:1360:1: note: in expansion of macro ‘module_exit’
 1360 | module_exit(__driver##_exit);
      | ^~~~~~~~~~~
./include/linux/spi/spi.h:290:2: note: in expansion of macro ‘module_driver’
  290 |  module_driver(__spi_driver, spi_register_driver, \
      |  ^~~~~~~~~~~~~
drivers/input/misc/adxl34x-spi.c:129:1: note: in expansion of macro ‘module_spi_driver’
  129 | module_spi_driver(adxl34x_driver);
      | ^~~~~~~~~~~~~~~~~
In file included from ./include/linux/input.h:22,
                 from drivers/input/misc/adxl34x-spi.c:10:
drivers/input/misc/adxl34x-spi.c:129:19: note: ‘cleanup_module’ target declared here
  129 | module_spi_driver(adxl34x_driver);
      |                   ^~~~~~~~~~~~~~
./include/linux/device.h:1356:20: note: in definition of macro ‘module_driver’
 1356 | static void __exit __driver##_exit(void) \
      |                    ^~~~~~~~
drivers/input/misc/adxl34x-spi.c:129:1: note: in expansion of macro ‘module_spi_driver’
  129 | module_spi_driver(adxl34x_driver);
      | ^~~~~~~~~~~~~~~~~
  CC [M]  drivers/input/misc/ati_remote2.o
In file included from drivers/input/misc/ati_remote2.c:14:
./include/linux/module.h:138:7: warning: ‘cleanup_module’ specifies less restrictive attribute than its target ‘ati_remote2_driver_exit’: ‘cold’ [-Wmissing-attributes]
  138 |  void cleanup_module(void) __attribute__((alias(#exitfn)));
      |       ^~~~~~~~~~~~~~
./include/linux/device.h:1360:1: note: in expansion of macro ‘module_exit’
 1360 | module_exit(__driver##_exit);
      | ^~~~~~~~~~~
./include/linux/usb.h:1195:2: note: in expansion of macro ‘module_driver’
 1195 |  module_driver(__usb_driver, usb_register, \
      |  ^~~~~~~~~~~~~
drivers/input/misc/ati_remote2.c:1040:1: note: in expansion of macro ‘module_usb_driver’
 1040 | module_usb_driver(ati_remote2_driver);
      | ^~~~~~~~~~~~~~~~~
In file included from ./include/linux/usb/ch9.h:35,
                 from ./include/linux/usb.h:5,
                 from ./include/linux/usb/input.h:12,
                 from drivers/input/misc/ati_remote2.c:12:
drivers/input/misc/ati_remote2.c:1040:19: note: ‘cleanup_module’ target declared here
 1040 | module_usb_driver(ati_remote2_driver);
      |                   ^~~~~~~~~~~~~~~~~~
./include/linux/device.h:1356:20: note: in definition of macro ‘module_driver’
 1356 | static void __exit __driver##_exit(void) \
      |                    ^~~~~~~~
drivers/input/misc/ati_remote2.c:1040:1: note: in expansion of macro ‘module_usb_driver’
 1040 | module_usb_driver(ati_remote2_driver);
      | ^~~~~~~~~~~~~~~~~
In file included from drivers/input/misc/ati_remote2.c:14:
./include/linux/module.h:132:6: warning: ‘init_module’ specifies less restrictive attribute than its target ‘ati_remote2_driver_init’: ‘cold’ [-Wmissing-attributes]
  132 |  int init_module(void) __attribute__((alias(#initfn)));
      |      ^~~~~~~~~~~
./include/linux/device.h:1355:1: note: in expansion of macro ‘module_init’
 1355 | module_init(__driver##_init); \
      | ^~~~~~~~~~~
./include/linux/usb.h:1195:2: note: in expansion of macro ‘module_driver’
 1195 |  module_driver(__usb_driver, usb_register, \
      |  ^~~~~~~~~~~~~
drivers/input/misc/ati_remote2.c:1040:1: note: in expansion of macro ‘module_usb_driver’
 1040 | module_usb_driver(ati_remote2_driver);
      | ^~~~~~~~~~~~~~~~~
In file included from ./include/linux/usb/ch9.h:35,
                 from ./include/linux/usb.h:5,
                 from ./include/linux/usb/input.h:12,
                 from drivers/input/misc/ati_remote2.c:12:
drivers/input/misc/ati_remote2.c:1040:19: note: ‘init_module’ target declared here
 1040 | module_usb_driver(ati_remote2_driver);
      |                   ^~~~~~~~~~~~~~~~~~
./include/linux/device.h:1351:19: note: in definition of macro ‘module_driver’
 1351 | static int __init __driver##_init(void) \
      |                   ^~~~~~~~
drivers/input/misc/ati_remote2.c:1040:1: note: in expansion of macro ‘module_usb_driver’
 1040 | module_usb_driver(ati_remote2_driver);
      | ^~~~~~~~~~~~~~~~~
  CC [M]  drivers/input/misc/cm109.o
In file included from drivers/input/misc/cm109.c:34:
./include/linux/module.h:132:6: warning: ‘init_module’ specifies less restrictive attribute than its target ‘cm109_init’: ‘cold’ [-Wmissing-attributes]
  132 |  int init_module(void) __attribute__((alias(#initfn)));
      |      ^~~~~~~~~~~
drivers/input/misc/cm109.c:946:1: note: in expansion of macro ‘module_init’
  946 | module_init(cm109_init);
      | ^~~~~~~~~~~
drivers/input/misc/cm109.c:923:19: note: ‘init_module’ target declared here
  923 | static int __init cm109_init(void)
      |                   ^~~~~~~~~~
In file included from drivers/input/misc/cm109.c:34:
./include/linux/module.h:138:7: warning: ‘cleanup_module’ specifies less restrictive attribute than its target ‘cm109_exit’: ‘cold’ [-Wmissing-attributes]
  138 |  void cleanup_module(void) __attribute__((alias(#exitfn)));
      |       ^~~~~~~~~~~~~~
drivers/input/misc/cm109.c:947:1: note: in expansion of macro ‘module_exit’
  947 | module_exit(cm109_exit);
      | ^~~~~~~~~~~
drivers/input/misc/cm109.c:941:20: note: ‘cleanup_module’ target declared here
  941 | static void __exit cm109_exit(void)
      |                    ^~~~~~~~~~
  CC [M]  drivers/input/misc/cma3000_d0x.o
  CC [M]  drivers/input/misc/keyspan_remote.o
In file included from drivers/input/misc/keyspan_remote.c:17:
./include/linux/module.h:132:6: warning: ‘init_module’ specifies less restrictive attribute than its target ‘keyspan_driver_init’: ‘cold’ [-Wmissing-attributes]
  132 |  int init_module(void) __attribute__((alias(#initfn)));
      |      ^~~~~~~~~~~
./include/linux/device.h:1355:1: note: in expansion of macro ‘module_init’
 1355 | module_init(__driver##_init); \
      | ^~~~~~~~~~~
./include/linux/usb.h:1195:2: note: in expansion of macro ‘module_driver’
 1195 |  module_driver(__usb_driver, usb_register, \
      |  ^~~~~~~~~~~~~
drivers/input/misc/keyspan_remote.c:590:1: note: in expansion of macro ‘module_usb_driver’
  590 | module_usb_driver(keyspan_driver);
      | ^~~~~~~~~~~~~~~~~
In file included from ./include/linux/usb/ch9.h:35,
                 from ./include/linux/usb.h:5,
                 from ./include/linux/usb/input.h:12,
                 from drivers/input/misc/keyspan_remote.c:18:
drivers/input/misc/keyspan_remote.c:590:19: note: ‘init_module’ target declared here
  590 | module_usb_driver(keyspan_driver);
      |                   ^~~~~~~~~~~~~~
./include/linux/device.h:1351:19: note: in definition of macro ‘module_driver’
 1351 | static int __init __driver##_init(void) \
      |                   ^~~~~~~~
drivers/input/misc/keyspan_remote.c:590:1: note: in expansion of macro ‘module_usb_driver’
  590 | module_usb_driver(keyspan_driver);
      | ^~~~~~~~~~~~~~~~~
In file included from drivers/input/misc/keyspan_remote.c:17:
./include/linux/module.h:138:7: warning: ‘cleanup_module’ specifies less restrictive attribute than its target ‘keyspan_driver_exit’: ‘cold’ [-Wmissing-attributes]
  138 |  void cleanup_module(void) __attribute__((alias(#exitfn)));
      |       ^~~~~~~~~~~~~~
./include/linux/device.h:1360:1: note: in expansion of macro ‘module_exit’
 1360 | module_exit(__driver##_exit);
      | ^~~~~~~~~~~
./include/linux/usb.h:1195:2: note: in expansion of macro ‘module_driver’
 1195 |  module_driver(__usb_driver, usb_register, \
      |  ^~~~~~~~~~~~~
drivers/input/misc/keyspan_remote.c:590:1: note: in expansion of macro ‘module_usb_driver’
  590 | module_usb_driver(keyspan_driver);
      | ^~~~~~~~~~~~~~~~~
In file included from ./include/linux/usb/ch9.h:35,
                 from ./include/linux/usb.h:5,
                 from ./include/linux/usb/input.h:12,
                 from drivers/input/misc/keyspan_remote.c:18:
drivers/input/misc/keyspan_remote.c:590:19: note: ‘cleanup_module’ target declared here
  590 | module_usb_driver(keyspan_driver);
      |                   ^~~~~~~~~~~~~~
./include/linux/device.h:1356:20: note: in definition of macro ‘module_driver’
 1356 | static void __exit __driver##_exit(void) \
      |                    ^~~~~~~~
drivers/input/misc/keyspan_remote.c:590:1: note: in expansion of macro ‘module_usb_driver’
  590 | module_usb_driver(keyspan_driver);
      | ^~~~~~~~~~~~~~~~~
  CC [M]  drivers/input/misc/powermate.o
In file included from drivers/input/misc/powermate.c:33:
./include/linux/module.h:138:7: warning: ‘cleanup_module’ specifies less restrictive attribute than its target ‘powermate_driver_exit’: ‘cold’ [-Wmissing-attributes]
  138 |  void cleanup_module(void) __attribute__((alias(#exitfn)));
      |       ^~~~~~~~~~~~~~
./include/linux/device.h:1360:1: note: in expansion of macro ‘module_exit’
 1360 | module_exit(__driver##_exit);
      | ^~~~~~~~~~~
./include/linux/usb.h:1195:2: note: in expansion of macro ‘module_driver’
 1195 |  module_driver(__usb_driver, usb_register, \
      |  ^~~~~~~~~~~~~
drivers/input/misc/powermate.c:451:1: note: in expansion of macro ‘module_usb_driver’
  451 | module_usb_driver(powermate_driver);
      | ^~~~~~~~~~~~~~~~~
In file included from ./include/linux/usb/ch9.h:35,
                 from ./include/linux/usb.h:5,
                 from ./include/linux/usb/input.h:12,
                 from drivers/input/misc/powermate.c:35:
drivers/input/misc/powermate.c:451:19: note: ‘cleanup_module’ target declared here
  451 | module_usb_driver(powermate_driver);
      |                   ^~~~~~~~~~~~~~~~
./include/linux/device.h:1356:20: note: in definition of macro ‘module_driver’
 1356 | static void __exit __driver##_exit(void) \
      |                    ^~~~~~~~
drivers/input/misc/powermate.c:451:1: note: in expansion of macro ‘module_usb_driver’
  451 | module_usb_driver(powermate_driver);
      | ^~~~~~~~~~~~~~~~~
In file included from drivers/input/misc/powermate.c:33:
./include/linux/module.h:132:6: warning: ‘init_module’ specifies less restrictive attribute than its target ‘powermate_driver_init’: ‘cold’ [-Wmissing-attributes]
  132 |  int init_module(void) __attribute__((alias(#initfn)));
      |      ^~~~~~~~~~~
./include/linux/device.h:1355:1: note: in expansion of macro ‘module_init’
 1355 | module_init(__driver##_init); \
      | ^~~~~~~~~~~
./include/linux/usb.h:1195:2: note: in expansion of macro ‘module_driver’
 1195 |  module_driver(__usb_driver, usb_register, \
      |  ^~~~~~~~~~~~~
drivers/input/misc/powermate.c:451:1: note: in expansion of macro ‘module_usb_driver’
  451 | module_usb_driver(powermate_driver);
      | ^~~~~~~~~~~~~~~~~
In file included from ./include/linux/usb/ch9.h:35,
                 from ./include/linux/usb.h:5,
                 from ./include/linux/usb/input.h:12,
                 from drivers/input/misc/powermate.c:35:
drivers/input/misc/powermate.c:451:19: note: ‘init_module’ target declared here
  451 | module_usb_driver(powermate_driver);
      |                   ^~~~~~~~~~~~~~~~
./include/linux/device.h:1351:19: note: in definition of macro ‘module_driver’
 1351 | static int __init __driver##_init(void) \
      |                   ^~~~~~~~
drivers/input/misc/powermate.c:451:1: note: in expansion of macro ‘module_usb_driver’
  451 | module_usb_driver(powermate_driver);
      | ^~~~~~~~~~~~~~~~~
  CC [M]  drivers/input/misc/rotary_encoder.o
In file included from drivers/input/misc/rotary_encoder.c:18:
./include/linux/module.h:138:7: warning: ‘cleanup_module’ specifies less restrictive attribute than its target ‘rotary_encoder_driver_exit’: ‘cold’ [-Wmissing-attributes]
  138 |  void cleanup_module(void) __attribute__((alias(#exitfn)));
      |       ^~~~~~~~~~~~~~
./include/linux/device.h:1360:1: note: in expansion of macro ‘module_exit’
 1360 | module_exit(__driver##_exit);
      | ^~~~~~~~~~~
./include/linux/platform_device.h:228:2: note: in expansion of macro ‘module_driver’
  228 |  module_driver(__platform_driver, platform_driver_register, \
      |  ^~~~~~~~~~~~~
drivers/input/misc/rotary_encoder.c:366:1: note: in expansion of macro ‘module_platform_driver’
  366 | module_platform_driver(rotary_encoder_driver);
      | ^~~~~~~~~~~~~~~~~~~~~~
In file included from ./include/linux/input.h:22,
                 from drivers/input/misc/rotary_encoder.c:20:
drivers/input/misc/rotary_encoder.c:366:24: note: ‘cleanup_module’ target declared here
  366 | module_platform_driver(rotary_encoder_driver);
      |                        ^~~~~~~~~~~~~~~~~~~~~
./include/linux/device.h:1356:20: note: in definition of macro ‘module_driver’
 1356 | static void __exit __driver##_exit(void) \
      |                    ^~~~~~~~
drivers/input/misc/rotary_encoder.c:366:1: note: in expansion of macro ‘module_platform_driver’
  366 | module_platform_driver(rotary_encoder_driver);
      | ^~~~~~~~~~~~~~~~~~~~~~
In file included from drivers/input/misc/rotary_encoder.c:18:
./include/linux/module.h:132:6: warning: ‘init_module’ specifies less restrictive attribute than its target ‘rotary_encoder_driver_init’: ‘cold’ [-Wmissing-attributes]
  132 |  int init_module(void) __attribute__((alias(#initfn)));
      |      ^~~~~~~~~~~
./include/linux/device.h:1355:1: note: in expansion of macro ‘module_init’
 1355 | module_init(__driver##_init); \
      | ^~~~~~~~~~~
./include/linux/platform_device.h:228:2: note: in expansion of macro ‘module_driver’
  228 |  module_driver(__platform_driver, platform_driver_register, \
      |  ^~~~~~~~~~~~~
drivers/input/misc/rotary_encoder.c:366:1: note: in expansion of macro ‘module_platform_driver’
  366 | module_platform_driver(rotary_encoder_driver);
      | ^~~~~~~~~~~~~~~~~~~~~~
In file included from ./include/linux/input.h:22,
                 from drivers/input/misc/rotary_encoder.c:20:
drivers/input/misc/rotary_encoder.c:366:24: note: ‘init_module’ target declared here
  366 | module_platform_driver(rotary_encoder_driver);
      |                        ^~~~~~~~~~~~~~~~~~~~~
./include/linux/device.h:1351:19: note: in definition of macro ‘module_driver’
 1351 | static int __init __driver##_init(void) \
      |                   ^~~~~~~~
drivers/input/misc/rotary_encoder.c:366:1: note: in expansion of macro ‘module_platform_driver’
  366 | module_platform_driver(rotary_encoder_driver);
      | ^~~~~~~~~~~~~~~~~~~~~~
  CC [M]  drivers/input/misc/uinput.o
In file included from drivers/input/misc/uinput.c:37:
./include/linux/module.h:132:6: warning: ‘init_module’ specifies less restrictive attribute than its target ‘uinput_misc_init’: ‘cold’ [-Wmissing-attributes]
  132 |  int init_module(void) __attribute__((alias(#initfn)));
      |      ^~~~~~~~~~~
./include/linux/device.h:1355:1: note: in expansion of macro ‘module_init’
 1355 | module_init(__driver##_init); \
      | ^~~~~~~~~~~
./include/linux/miscdevice.h:79:2: note: in expansion of macro ‘module_driver’
   79 |  module_driver(__misc_device, misc_register, misc_deregister)
      |  ^~~~~~~~~~~~~
drivers/input/misc/uinput.c:1024:1: note: in expansion of macro ‘module_misc_device’
 1024 | module_misc_device(uinput_misc);
      | ^~~~~~~~~~~~~~~~~~
In file included from ./include/linux/miscdevice.h:6,
                 from drivers/input/misc/uinput.c:40:
drivers/input/misc/uinput.c:1024:20: note: ‘init_module’ target declared here
 1024 | module_misc_device(uinput_misc);
      |                    ^~~~~~~~~~~
./include/linux/device.h:1351:19: note: in definition of macro ‘module_driver’
 1351 | static int __init __driver##_init(void) \
      |                   ^~~~~~~~
drivers/input/misc/uinput.c:1024:1: note: in expansion of macro ‘module_misc_device’
 1024 | module_misc_device(uinput_misc);
      | ^~~~~~~~~~~~~~~~~~
In file included from drivers/input/misc/uinput.c:37:
./include/linux/module.h:138:7: warning: ‘cleanup_module’ specifies less restrictive attribute than its target ‘uinput_misc_exit’: ‘cold’ [-Wmissing-attributes]
  138 |  void cleanup_module(void) __attribute__((alias(#exitfn)));
      |       ^~~~~~~~~~~~~~
./include/linux/device.h:1360:1: note: in expansion of macro ‘module_exit’
 1360 | module_exit(__driver##_exit);
      | ^~~~~~~~~~~
./include/linux/miscdevice.h:79:2: note: in expansion of macro ‘module_driver’
   79 |  module_driver(__misc_device, misc_register, misc_deregister)
      |  ^~~~~~~~~~~~~
drivers/input/misc/uinput.c:1024:1: note: in expansion of macro ‘module_misc_device’
 1024 | module_misc_device(uinput_misc);
      | ^~~~~~~~~~~~~~~~~~
In file included from ./include/linux/miscdevice.h:6,
                 from drivers/input/misc/uinput.c:40:
drivers/input/misc/uinput.c:1024:20: note: ‘cleanup_module’ target declared here
 1024 | module_misc_device(uinput_misc);
      |                    ^~~~~~~~~~~
./include/linux/device.h:1356:20: note: in definition of macro ‘module_driver’
 1356 | static void __exit __driver##_exit(void) \
      |                    ^~~~~~~~
drivers/input/misc/uinput.c:1024:1: note: in expansion of macro ‘module_misc_device’
 1024 | module_misc_device(uinput_misc);
      | ^~~~~~~~~~~~~~~~~~
  CC [M]  drivers/input/misc/yealink.o
In file included from drivers/input/misc/yealink.c:51:
./include/linux/module.h:132:6: warning: ‘init_module’ specifies less restrictive attribute than its target ‘yealink_driver_init’: ‘cold’ [-Wmissing-attributes]
  132 |  int init_module(void) __attribute__((alias(#initfn)));
      |      ^~~~~~~~~~~
./include/linux/device.h:1355:1: note: in expansion of macro ‘module_init’
 1355 | module_init(__driver##_init); \
      | ^~~~~~~~~~~
./include/linux/usb.h:1195:2: note: in expansion of macro ‘module_driver’
 1195 |  module_driver(__usb_driver, usb_register, \
      |  ^~~~~~~~~~~~~
drivers/input/misc/yealink.c:1005:1: note: in expansion of macro ‘module_usb_driver’
 1005 | module_usb_driver(yealink_driver);
      | ^~~~~~~~~~~~~~~~~
In file included from ./include/linux/usb/ch9.h:35,
                 from ./include/linux/usb.h:5,
                 from ./include/linux/usb/input.h:12,
                 from drivers/input/misc/yealink.c:53:
drivers/input/misc/yealink.c:1005:19: note: ‘init_module’ target declared here
 1005 | module_usb_driver(yealink_driver);
      |                   ^~~~~~~~~~~~~~
./include/linux/device.h:1351:19: note: in definition of macro ‘module_driver’
 1351 | static int __init __driver##_init(void) \
      |                   ^~~~~~~~
drivers/input/misc/yealink.c:1005:1: note: in expansion of macro ‘module_usb_driver’
 1005 | module_usb_driver(yealink_driver);
      | ^~~~~~~~~~~~~~~~~
In file included from drivers/input/misc/yealink.c:51:
./include/linux/module.h:138:7: warning: ‘cleanup_module’ specifies less restrictive attribute than its target ‘yealink_driver_exit’: ‘cold’ [-Wmissing-attributes]
  138 |  void cleanup_module(void) __attribute__((alias(#exitfn)));
      |       ^~~~~~~~~~~~~~
./include/linux/device.h:1360:1: note: in expansion of macro ‘module_exit’
 1360 | module_exit(__driver##_exit);
      | ^~~~~~~~~~~
./include/linux/usb.h:1195:2: note: in expansion of macro ‘module_driver’
 1195 |  module_driver(__usb_driver, usb_register, \
      |  ^~~~~~~~~~~~~
drivers/input/misc/yealink.c:1005:1: note: in expansion of macro ‘module_usb_driver’
 1005 | module_usb_driver(yealink_driver);
      | ^~~~~~~~~~~~~~~~~
In file included from ./include/linux/usb/ch9.h:35,
                 from ./include/linux/usb.h:5,
                 from ./include/linux/usb/input.h:12,
                 from drivers/input/misc/yealink.c:53:
drivers/input/misc/yealink.c:1005:19: note: ‘cleanup_module’ target declared here
 1005 | module_usb_driver(yealink_driver);
      |                   ^~~~~~~~~~~~~~
./include/linux/device.h:1356:20: note: in definition of macro ‘module_driver’
 1356 | static void __exit __driver##_exit(void) \
      |                    ^~~~~~~~
drivers/input/misc/yealink.c:1005:1: note: in expansion of macro ‘module_usb_driver’
 1005 | module_usb_driver(yealink_driver);
      | ^~~~~~~~~~~~~~~~~
  CC      drivers/input/touchscreen/of_touchscreen.o
  LD      drivers/input/touchscreen/built-in.o
  CC [M]  drivers/input/touchscreen/ads7846.o
In file included from drivers/input/touchscreen/ads7846.c:36:
./include/linux/module.h:138:7: warning: ‘cleanup_module’ specifies less restrictive attribute than its target ‘ads7846_driver_exit’: ‘cold’ [-Wmissing-attributes]
  138 |  void cleanup_module(void) __attribute__((alias(#exitfn)));
      |       ^~~~~~~~~~~~~~
./include/linux/device.h:1360:1: note: in expansion of macro ‘module_exit’
 1360 | module_exit(__driver##_exit);
      | ^~~~~~~~~~~
./include/linux/spi/spi.h:290:2: note: in expansion of macro ‘module_driver’
  290 |  module_driver(__spi_driver, spi_register_driver, \
      |  ^~~~~~~~~~~~~
drivers/input/touchscreen/ads7846.c:1507:1: note: in expansion of macro ‘module_spi_driver’
 1507 | module_spi_driver(ads7846_driver);
      | ^~~~~~~~~~~~~~~~~
In file included from ./include/linux/input.h:22,
                 from drivers/input/touchscreen/ads7846.c:25:
drivers/input/touchscreen/ads7846.c:1507:19: note: ‘cleanup_module’ target declared here
 1507 | module_spi_driver(ads7846_driver);
      |                   ^~~~~~~~~~~~~~
./include/linux/device.h:1356:20: note: in definition of macro ‘module_driver’
 1356 | static void __exit __driver##_exit(void) \
      |                    ^~~~~~~~
drivers/input/touchscreen/ads7846.c:1507:1: note: in expansion of macro ‘module_spi_driver’
 1507 | module_spi_driver(ads7846_driver);
      | ^~~~~~~~~~~~~~~~~
In file included from drivers/input/touchscreen/ads7846.c:36:
./include/linux/module.h:132:6: warning: ‘init_module’ specifies less restrictive attribute than its target ‘ads7846_driver_init’: ‘cold’ [-Wmissing-attributes]
  132 |  int init_module(void) __attribute__((alias(#initfn)));
      |      ^~~~~~~~~~~
./include/linux/device.h:1355:1: note: in expansion of macro ‘module_init’
 1355 | module_init(__driver##_init); \
      | ^~~~~~~~~~~
./include/linux/spi/spi.h:290:2: note: in expansion of macro ‘module_driver’
  290 |  module_driver(__spi_driver, spi_register_driver, \
      |  ^~~~~~~~~~~~~
drivers/input/touchscreen/ads7846.c:1507:1: note: in expansion of macro ‘module_spi_driver’
 1507 | module_spi_driver(ads7846_driver);
      | ^~~~~~~~~~~~~~~~~
In file included from ./include/linux/input.h:22,
                 from drivers/input/touchscreen/ads7846.c:25:
drivers/input/touchscreen/ads7846.c:1507:19: note: ‘init_module’ target declared here
 1507 | module_spi_driver(ads7846_driver);
      |                   ^~~~~~~~~~~~~~
./include/linux/device.h:1351:19: note: in definition of macro ‘module_driver’
 1351 | static int __init __driver##_init(void) \
      |                   ^~~~~~~~
drivers/input/touchscreen/ads7846.c:1507:1: note: in expansion of macro ‘module_spi_driver’
 1507 | module_spi_driver(ads7846_driver);
      | ^~~~~~~~~~~~~~~~~
  CC [M]  drivers/input/touchscreen/edt-ft5x06.o
In file included from drivers/input/touchscreen/edt-ft5x06.c:28:
./include/linux/module.h:138:7: warning: ‘cleanup_module’ specifies less restrictive attribute than its target ‘edt_ft5x06_ts_driver_exit’: ‘cold’ [-Wmissing-attributes]
  138 |  void cleanup_module(void) __attribute__((alias(#exitfn)));
      |       ^~~~~~~~~~~~~~
./include/linux/device.h:1360:1: note: in expansion of macro ‘module_exit’
 1360 | module_exit(__driver##_exit);
      | ^~~~~~~~~~~
./include/linux/i2c.h:751:2: note: in expansion of macro ‘module_driver’
  751 |  module_driver(__i2c_driver, i2c_add_driver, \
      |  ^~~~~~~~~~~~~
drivers/input/touchscreen/edt-ft5x06.c:1103:1: note: in expansion of macro ‘module_i2c_driver’
 1103 | module_i2c_driver(edt_ft5x06_ts_driver);
      | ^~~~~~~~~~~~~~~~~
In file included from ./include/linux/input.h:22,
                 from drivers/input/touchscreen/edt-ft5x06.c:32:
drivers/input/touchscreen/edt-ft5x06.c:1103:19: note: ‘cleanup_module’ target declared here
 1103 | module_i2c_driver(edt_ft5x06_ts_driver);
      |                   ^~~~~~~~~~~~~~~~~~~~
./include/linux/device.h:1356:20: note: in definition of macro ‘module_driver’
 1356 | static void __exit __driver##_exit(void) \
      |                    ^~~~~~~~
drivers/input/touchscreen/edt-ft5x06.c:1103:1: note: in expansion of macro ‘module_i2c_driver’
 1103 | module_i2c_driver(edt_ft5x06_ts_driver);
      | ^~~~~~~~~~~~~~~~~
In file included from drivers/input/touchscreen/edt-ft5x06.c:28:
./include/linux/module.h:132:6: warning: ‘init_module’ specifies less restrictive attribute than its target ‘edt_ft5x06_ts_driver_init’: ‘cold’ [-Wmissing-attributes]
  132 |  int init_module(void) __attribute__((alias(#initfn)));
      |      ^~~~~~~~~~~
./include/linux/device.h:1355:1: note: in expansion of macro ‘module_init’
 1355 | module_init(__driver##_init); \
      | ^~~~~~~~~~~
./include/linux/i2c.h:751:2: note: in expansion of macro ‘module_driver’
  751 |  module_driver(__i2c_driver, i2c_add_driver, \
      |  ^~~~~~~~~~~~~
drivers/input/touchscreen/edt-ft5x06.c:1103:1: note: in expansion of macro ‘module_i2c_driver’
 1103 | module_i2c_driver(edt_ft5x06_ts_driver);
      | ^~~~~~~~~~~~~~~~~
In file included from ./include/linux/input.h:22,
                 from drivers/input/touchscreen/edt-ft5x06.c:32:
drivers/input/touchscreen/edt-ft5x06.c:1103:19: note: ‘init_module’ target declared here
 1103 | module_i2c_driver(edt_ft5x06_ts_driver);
      |                   ^~~~~~~~~~~~~~~~~~~~
./include/linux/device.h:1351:19: note: in definition of macro ‘module_driver’
 1351 | static int __init __driver##_init(void) \
      |                   ^~~~~~~~
drivers/input/touchscreen/edt-ft5x06.c:1103:1: note: in expansion of macro ‘module_i2c_driver’
 1103 | module_i2c_driver(edt_ft5x06_ts_driver);
      | ^~~~~~~~~~~~~~~~~
  CC [M]  drivers/input/touchscreen/rpi-ft5406.o
In file included from drivers/input/touchscreen/rpi-ft5406.c:13:
./include/linux/module.h:138:7: warning: ‘cleanup_module’ specifies less restrictive attribute than its target ‘ft5406_driver_exit’: ‘cold’ [-Wmissing-attributes]
  138 |  void cleanup_module(void) __attribute__((alias(#exitfn)));
      |       ^~~~~~~~~~~~~~
./include/linux/device.h:1360:1: note: in expansion of macro ‘module_exit’
 1360 | module_exit(__driver##_exit);
      | ^~~~~~~~~~~
./include/linux/platform_device.h:228:2: note: in expansion of macro ‘module_driver’
  228 |  module_driver(__platform_driver, platform_driver_register, \
      |  ^~~~~~~~~~~~~
drivers/input/touchscreen/rpi-ft5406.c:296:1: note: in expansion of macro ‘module_platform_driver’
  296 | module_platform_driver(ft5406_driver);
      | ^~~~~~~~~~~~~~~~~~~~~~
In file included from ./include/linux/input.h:22,
                 from drivers/input/touchscreen/rpi-ft5406.c:15:
drivers/input/touchscreen/rpi-ft5406.c:296:24: note: ‘cleanup_module’ target declared here
  296 | module_platform_driver(ft5406_driver);
      |                        ^~~~~~~~~~~~~
./include/linux/device.h:1356:20: note: in definition of macro ‘module_driver’
 1356 | static void __exit __driver##_exit(void) \
      |                    ^~~~~~~~
drivers/input/touchscreen/rpi-ft5406.c:296:1: note: in expansion of macro ‘module_platform_driver’
  296 | module_platform_driver(ft5406_driver);
      | ^~~~~~~~~~~~~~~~~~~~~~
In file included from drivers/input/touchscreen/rpi-ft5406.c:13:
./include/linux/module.h:132:6: warning: ‘init_module’ specifies less restrictive attribute than its target ‘ft5406_driver_init’: ‘cold’ [-Wmissing-attributes]
  132 |  int init_module(void) __attribute__((alias(#initfn)));
      |      ^~~~~~~~~~~
./include/linux/device.h:1355:1: note: in expansion of macro ‘module_init’
 1355 | module_init(__driver##_init); \
      | ^~~~~~~~~~~
./include/linux/platform_device.h:228:2: note: in expansion of macro ‘module_driver’
  228 |  module_driver(__platform_driver, platform_driver_register, \
      |  ^~~~~~~~~~~~~
drivers/input/touchscreen/rpi-ft5406.c:296:1: note: in expansion of macro ‘module_platform_driver’
  296 | module_platform_driver(ft5406_driver);
      | ^~~~~~~~~~~~~~~~~~~~~~
In file included from ./include/linux/input.h:22,
                 from drivers/input/touchscreen/rpi-ft5406.c:15:
drivers/input/touchscreen/rpi-ft5406.c:296:24: note: ‘init_module’ target declared here
  296 | module_platform_driver(ft5406_driver);
      |                        ^~~~~~~~~~~~~
./include/linux/device.h:1351:19: note: in definition of macro ‘module_driver’
 1351 | static int __init __driver##_init(void) \
      |                   ^~~~~~~~
drivers/input/touchscreen/rpi-ft5406.c:296:1: note: in expansion of macro ‘module_platform_driver’
  296 | module_platform_driver(ft5406_driver);
      | ^~~~~~~~~~~~~~~~~~~~~~
  CC [M]  drivers/input/touchscreen/egalax_ts.o
In file included from drivers/input/touchscreen/egalax_ts.c:20:
./include/linux/module.h:138:7: warning: ‘cleanup_module’ specifies less restrictive attribute than its target ‘egalax_ts_driver_exit’: ‘cold’ [-Wmissing-attributes]
  138 |  void cleanup_module(void) __attribute__((alias(#exitfn)));
      |       ^~~~~~~~~~~~~~
./include/linux/device.h:1360:1: note: in expansion of macro ‘module_exit’
 1360 | module_exit(__driver##_exit);
      | ^~~~~~~~~~~
./include/linux/i2c.h:751:2: note: in expansion of macro ‘module_driver’
  751 |  module_driver(__i2c_driver, i2c_add_driver, \
      |  ^~~~~~~~~~~~~
drivers/input/touchscreen/egalax_ts.c:279:1: note: in expansion of macro ‘module_i2c_driver’
  279 | module_i2c_driver(egalax_ts_driver);
      | ^~~~~~~~~~~~~~~~~
In file included from ./include/linux/i2c.h:30,
                 from drivers/input/touchscreen/egalax_ts.c:21:
drivers/input/touchscreen/egalax_ts.c:279:19: note: ‘cleanup_module’ target declared here
  279 | module_i2c_driver(egalax_ts_driver);
      |                   ^~~~~~~~~~~~~~~~
./include/linux/device.h:1356:20: note: in definition of macro ‘module_driver’
 1356 | static void __exit __driver##_exit(void) \
      |                    ^~~~~~~~
drivers/input/touchscreen/egalax_ts.c:279:1: note: in expansion of macro ‘module_i2c_driver’
  279 | module_i2c_driver(egalax_ts_driver);
      | ^~~~~~~~~~~~~~~~~
In file included from drivers/input/touchscreen/egalax_ts.c:20:
./include/linux/module.h:132:6: warning: ‘init_module’ specifies less restrictive attribute than its target ‘egalax_ts_driver_init’: ‘cold’ [-Wmissing-attributes]
  132 |  int init_module(void) __attribute__((alias(#initfn)));
      |      ^~~~~~~~~~~
./include/linux/device.h:1355:1: note: in expansion of macro ‘module_init’
 1355 | module_init(__driver##_init); \
      | ^~~~~~~~~~~
./include/linux/i2c.h:751:2: note: in expansion of macro ‘module_driver’
  751 |  module_driver(__i2c_driver, i2c_add_driver, \
      |  ^~~~~~~~~~~~~
drivers/input/touchscreen/egalax_ts.c:279:1: note: in expansion of macro ‘module_i2c_driver’
  279 | module_i2c_driver(egalax_ts_driver);
      | ^~~~~~~~~~~~~~~~~
In file included from ./include/linux/i2c.h:30,
                 from drivers/input/touchscreen/egalax_ts.c:21:
drivers/input/touchscreen/egalax_ts.c:279:19: note: ‘init_module’ target declared here
  279 | module_i2c_driver(egalax_ts_driver);
      |                   ^~~~~~~~~~~~~~~~
./include/linux/device.h:1351:19: note: in definition of macro ‘module_driver’
 1351 | static int __init __driver##_init(void) \
      |                   ^~~~~~~~
drivers/input/touchscreen/egalax_ts.c:279:1: note: in expansion of macro ‘module_i2c_driver’
  279 | module_i2c_driver(egalax_ts_driver);
      | ^~~~~~~~~~~~~~~~~
  CC [M]  drivers/input/touchscreen/exc3000.o
In file included from drivers/input/touchscreen/exc3000.c:20:
./include/linux/module.h:138:7: warning: ‘cleanup_module’ specifies less restrictive attribute than its target ‘exc3000_driver_exit’: ‘cold’ [-Wmissing-attributes]
  138 |  void cleanup_module(void) __attribute__((alias(#exitfn)));
      |       ^~~~~~~~~~~~~~
./include/linux/device.h:1360:1: note: in expansion of macro ‘module_exit’
 1360 | module_exit(__driver##_exit);
      | ^~~~~~~~~~~
./include/linux/i2c.h:751:2: note: in expansion of macro ‘module_driver’
  751 |  module_driver(__i2c_driver, i2c_add_driver, \
      |  ^~~~~~~~~~~~~
drivers/input/touchscreen/exc3000.c:219:1: note: in expansion of macro ‘module_i2c_driver’
  219 | module_i2c_driver(exc3000_driver);
      | ^~~~~~~~~~~~~~~~~
In file included from drivers/input/touchscreen/exc3000.c:14:
drivers/input/touchscreen/exc3000.c:219:19: note: ‘cleanup_module’ target declared here
  219 | module_i2c_driver(exc3000_driver);
      |                   ^~~~~~~~~~~~~~
./include/linux/device.h:1356:20: note: in definition of macro ‘module_driver’
 1356 | static void __exit __driver##_exit(void) \
      |                    ^~~~~~~~
drivers/input/touchscreen/exc3000.c:219:1: note: in expansion of macro ‘module_i2c_driver’
  219 | module_i2c_driver(exc3000_driver);
      | ^~~~~~~~~~~~~~~~~
In file included from drivers/input/touchscreen/exc3000.c:20:
./include/linux/module.h:132:6: warning: ‘init_module’ specifies less restrictive attribute than its target ‘exc3000_driver_init’: ‘cold’ [-Wmissing-attributes]
  132 |  int init_module(void) __attribute__((alias(#initfn)));
      |      ^~~~~~~~~~~
./include/linux/device.h:1355:1: note: in expansion of macro ‘module_init’
 1355 | module_init(__driver##_init); \
      | ^~~~~~~~~~~
./include/linux/i2c.h:751:2: note: in expansion of macro ‘module_driver’
  751 |  module_driver(__i2c_driver, i2c_add_driver, \
      |  ^~~~~~~~~~~~~
drivers/input/touchscreen/exc3000.c:219:1: note: in expansion of macro ‘module_i2c_driver’
  219 | module_i2c_driver(exc3000_driver);
      | ^~~~~~~~~~~~~~~~~
In file included from drivers/input/touchscreen/exc3000.c:14:
drivers/input/touchscreen/exc3000.c:219:19: note: ‘init_module’ target declared here
  219 | module_i2c_driver(exc3000_driver);
      |                   ^~~~~~~~~~~~~~
./include/linux/device.h:1351:19: note: in definition of macro ‘module_driver’
 1351 | static int __init __driver##_init(void) \
      |                   ^~~~~~~~
drivers/input/touchscreen/exc3000.c:219:1: note: in expansion of macro ‘module_i2c_driver’
  219 | module_i2c_driver(exc3000_driver);
      | ^~~~~~~~~~~~~~~~~
  CC [M]  drivers/input/touchscreen/goodix.o
In file included from drivers/input/touchscreen/goodix.c:25:
./include/linux/module.h:138:7: warning: ‘cleanup_module’ specifies less restrictive attribute than its target ‘goodix_ts_driver_exit’: ‘cold’ [-Wmissing-attributes]
  138 |  void cleanup_module(void) __attribute__((alias(#exitfn)));
      |       ^~~~~~~~~~~~~~
./include/linux/device.h:1360:1: note: in expansion of macro ‘module_exit’
 1360 | module_exit(__driver##_exit);
      | ^~~~~~~~~~~
./include/linux/i2c.h:751:2: note: in expansion of macro ‘module_driver’
  751 |  module_driver(__i2c_driver, i2c_add_driver, \
      |  ^~~~~~~~~~~~~
drivers/input/touchscreen/goodix.c:887:1: note: in expansion of macro ‘module_i2c_driver’
  887 | module_i2c_driver(goodix_ts_driver);
      | ^~~~~~~~~~~~~~~~~
In file included from ./include/linux/i2c.h:30,
                 from drivers/input/touchscreen/goodix.c:22:
drivers/input/touchscreen/goodix.c:887:19: note: ‘cleanup_module’ target declared here
  887 | module_i2c_driver(goodix_ts_driver);
      |                   ^~~~~~~~~~~~~~~~
./include/linux/device.h:1356:20: note: in definition of macro ‘module_driver’
 1356 | static void __exit __driver##_exit(void) \
      |                    ^~~~~~~~
drivers/input/touchscreen/goodix.c:887:1: note: in expansion of macro ‘module_i2c_driver’
  887 | module_i2c_driver(goodix_ts_driver);
      | ^~~~~~~~~~~~~~~~~
In file included from drivers/input/touchscreen/goodix.c:25:
./include/linux/module.h:132:6: warning: ‘init_module’ specifies less restrictive attribute than its target ‘goodix_ts_driver_init’: ‘cold’ [-Wmissing-attributes]
  132 |  int init_module(void) __attribute__((alias(#initfn)));
      |      ^~~~~~~~~~~
./include/linux/device.h:1355:1: note: in expansion of macro ‘module_init’
 1355 | module_init(__driver##_init); \
      | ^~~~~~~~~~~
./include/linux/i2c.h:751:2: note: in expansion of macro ‘module_driver’
  751 |  module_driver(__i2c_driver, i2c_add_driver, \
      |  ^~~~~~~~~~~~~
drivers/input/touchscreen/goodix.c:887:1: note: in expansion of macro ‘module_i2c_driver’
  887 | module_i2c_driver(goodix_ts_driver);
      | ^~~~~~~~~~~~~~~~~
In file included from ./include/linux/i2c.h:30,
                 from drivers/input/touchscreen/goodix.c:22:
drivers/input/touchscreen/goodix.c:887:19: note: ‘init_module’ target declared here
  887 | module_i2c_driver(goodix_ts_driver);
      |                   ^~~~~~~~~~~~~~~~
./include/linux/device.h:1351:19: note: in definition of macro ‘module_driver’
 1351 | static int __init __driver##_init(void) \
      |                   ^~~~~~~~
drivers/input/touchscreen/goodix.c:887:1: note: in expansion of macro ‘module_i2c_driver’
  887 | module_i2c_driver(goodix_ts_driver);
      | ^~~~~~~~~~~~~~~~~
  CC [M]  drivers/input/touchscreen/usbtouchscreen.o
In file included from drivers/input/touchscreen/usbtouchscreen.c:53:
./include/linux/module.h:138:7: warning: ‘cleanup_module’ specifies less restrictive attribute than its target ‘usbtouch_driver_exit’: ‘cold’ [-Wmissing-attributes]
  138 |  void cleanup_module(void) __attribute__((alias(#exitfn)));
      |       ^~~~~~~~~~~~~~
./include/linux/device.h:1360:1: note: in expansion of macro ‘module_exit’
 1360 | module_exit(__driver##_exit);
      | ^~~~~~~~~~~
./include/linux/usb.h:1195:2: note: in expansion of macro ‘module_driver’
 1195 |  module_driver(__usb_driver, usb_register, \
      |  ^~~~~~~~~~~~~
drivers/input/touchscreen/usbtouchscreen.c:1764:1: note: in expansion of macro ‘module_usb_driver’
 1764 | module_usb_driver(usbtouch_driver);
      | ^~~~~~~~~~~~~~~~~
In file included from ./include/linux/input.h:22,
                 from drivers/input/touchscreen/usbtouchscreen.c:52:
drivers/input/touchscreen/usbtouchscreen.c:1764:19: note: ‘cleanup_module’ target declared here
 1764 | module_usb_driver(usbtouch_driver);
      |                   ^~~~~~~~~~~~~~~
./include/linux/device.h:1356:20: note: in definition of macro ‘module_driver’
 1356 | static void __exit __driver##_exit(void) \
      |                    ^~~~~~~~
drivers/input/touchscreen/usbtouchscreen.c:1764:1: note: in expansion of macro ‘module_usb_driver’
 1764 | module_usb_driver(usbtouch_driver);
      | ^~~~~~~~~~~~~~~~~
In file included from drivers/input/touchscreen/usbtouchscreen.c:53:
./include/linux/module.h:132:6: warning: ‘init_module’ specifies less restrictive attribute than its target ‘usbtouch_driver_init’: ‘cold’ [-Wmissing-attributes]
  132 |  int init_module(void) __attribute__((alias(#initfn)));
      |      ^~~~~~~~~~~
./include/linux/device.h:1355:1: note: in expansion of macro ‘module_init’
 1355 | module_init(__driver##_init); \
      | ^~~~~~~~~~~
./include/linux/usb.h:1195:2: note: in expansion of macro ‘module_driver’
 1195 |  module_driver(__usb_driver, usb_register, \
      |  ^~~~~~~~~~~~~
drivers/input/touchscreen/usbtouchscreen.c:1764:1: note: in expansion of macro ‘module_usb_driver’
 1764 | module_usb_driver(usbtouch_driver);
      | ^~~~~~~~~~~~~~~~~
In file included from ./include/linux/input.h:22,
                 from drivers/input/touchscreen/usbtouchscreen.c:52:
drivers/input/touchscreen/usbtouchscreen.c:1764:19: note: ‘init_module’ target declared here
 1764 | module_usb_driver(usbtouch_driver);
      |                   ^~~~~~~~~~~~~~~
./include/linux/device.h:1351:19: note: in definition of macro ‘module_driver’
 1351 | static int __init __driver##_init(void) \
      |                   ^~~~~~~~
drivers/input/touchscreen/usbtouchscreen.c:1764:1: note: in expansion of macro ‘module_usb_driver’
 1764 | module_usb_driver(usbtouch_driver);
      | ^~~~~~~~~~~~~~~~~
  CC [M]  drivers/input/touchscreen/stmpe-ts.o
In file included from drivers/input/touchscreen/stmpe-ts.c:15:
./include/linux/module.h:132:6: warning: ‘init_module’ specifies less restrictive attribute than its target ‘stmpe_ts_driver_init’: ‘cold’ [-Wmissing-attributes]
  132 |  int init_module(void) __attribute__((alias(#initfn)));
      |      ^~~~~~~~~~~
./include/linux/device.h:1355:1: note: in expansion of macro ‘module_init’
 1355 | module_init(__driver##_init); \
      | ^~~~~~~~~~~
./include/linux/platform_device.h:228:2: note: in expansion of macro ‘module_driver’
  228 |  module_driver(__platform_driver, platform_driver_register, \
      |  ^~~~~~~~~~~~~
drivers/input/touchscreen/stmpe-ts.c:406:1: note: in expansion of macro ‘module_platform_driver’
  406 | module_platform_driver(stmpe_ts_driver);
      | ^~~~~~~~~~~~~~~~~~~~~~
In file included from drivers/input/touchscreen/stmpe-ts.c:18:
drivers/input/touchscreen/stmpe-ts.c:406:24: note: ‘init_module’ target declared here
  406 | module_platform_driver(stmpe_ts_driver);
      |                        ^~~~~~~~~~~~~~~
./include/linux/device.h:1351:19: note: in definition of macro ‘module_driver’
 1351 | static int __init __driver##_init(void) \
      |                   ^~~~~~~~
drivers/input/touchscreen/stmpe-ts.c:406:1: note: in expansion of macro ‘module_platform_driver’
  406 | module_platform_driver(stmpe_ts_driver);
      | ^~~~~~~~~~~~~~~~~~~~~~
In file included from drivers/input/touchscreen/stmpe-ts.c:15:
./include/linux/module.h:138:7: warning: ‘cleanup_module’ specifies less restrictive attribute than its target ‘stmpe_ts_driver_exit’: ‘cold’ [-Wmissing-attributes]
  138 |  void cleanup_module(void) __attribute__((alias(#exitfn)));
      |       ^~~~~~~~~~~~~~
./include/linux/device.h:1360:1: note: in expansion of macro ‘module_exit’
 1360 | module_exit(__driver##_exit);
      | ^~~~~~~~~~~
./include/linux/platform_device.h:228:2: note: in expansion of macro ‘module_driver’
  228 |  module_driver(__platform_driver, platform_driver_register, \
      |  ^~~~~~~~~~~~~
drivers/input/touchscreen/stmpe-ts.c:406:1: note: in expansion of macro ‘module_platform_driver’
  406 | module_platform_driver(stmpe_ts_driver);
      | ^~~~~~~~~~~~~~~~~~~~~~
In file included from drivers/input/touchscreen/stmpe-ts.c:18:
drivers/input/touchscreen/stmpe-ts.c:406:24: note: ‘cleanup_module’ target declared here
  406 | module_platform_driver(stmpe_ts_driver);
      |                        ^~~~~~~~~~~~~~~
./include/linux/device.h:1356:20: note: in definition of macro ‘module_driver’
 1356 | static void __exit __driver##_exit(void) \
      |                    ^~~~~~~~
drivers/input/touchscreen/stmpe-ts.c:406:1: note: in expansion of macro ‘module_platform_driver’
  406 | module_platform_driver(stmpe_ts_driver);
      | ^~~~~~~~~~~~~~~~~~~~~~
  LD      drivers/input/built-in.o
  CC [M]  drivers/input/ff-memless.o
  CC [M]  drivers/input/input-polldev.o
  CC [M]  drivers/input/joydev.o
In file included from drivers/input/joydev.c:26:
./include/linux/module.h:138:7: warning: ‘cleanup_module’ specifies less restrictive attribute than its target ‘joydev_exit’: ‘cold’ [-Wmissing-attributes]
  138 |  void cleanup_module(void) __attribute__((alias(#exitfn)));
      |       ^~~~~~~~~~~~~~
drivers/input/joydev.c:1012:1: note: in expansion of macro ‘module_exit’
 1012 | module_exit(joydev_exit);
      | ^~~~~~~~~~~
drivers/input/joydev.c:1006:20: note: ‘cleanup_module’ target declared here
 1006 | static void __exit joydev_exit(void)
      |                    ^~~~~~~~~~~
In file included from drivers/input/joydev.c:26:
./include/linux/module.h:132:6: warning: ‘init_module’ specifies less restrictive attribute than its target ‘joydev_init’: ‘cold’ [-Wmissing-attributes]
  132 |  int init_module(void) __attribute__((alias(#initfn)));
      |      ^~~~~~~~~~~
drivers/input/joydev.c:1011:1: note: in expansion of macro ‘module_init’
 1011 | module_init(joydev_init);
      | ^~~~~~~~~~~
drivers/input/joydev.c:1001:19: note: ‘init_module’ target declared here
 1001 | static int __init joydev_init(void)
      |                   ^~~~~~~~~~~
  CC [M]  drivers/input/evdev.o
In file included from drivers/input/evdev.c:23:
./include/linux/module.h:138:7: warning: ‘cleanup_module’ specifies less restrictive attribute than its target ‘evdev_exit’: ‘cold’ [-Wmissing-attributes]
  138 |  void cleanup_module(void) __attribute__((alias(#exitfn)));
      |       ^~~~~~~~~~~~~~
drivers/input/evdev.c:1481:1: note: in expansion of macro ‘module_exit’
 1481 | module_exit(evdev_exit);
      | ^~~~~~~~~~~
drivers/input/evdev.c:1475:20: note: ‘cleanup_module’ target declared here
 1475 | static void __exit evdev_exit(void)
      |                    ^~~~~~~~~~
In file included from drivers/input/evdev.c:23:
./include/linux/module.h:132:6: warning: ‘init_module’ specifies less restrictive attribute than its target ‘evdev_init’: ‘cold’ [-Wmissing-attributes]
  132 |  int init_module(void) __attribute__((alias(#initfn)));
      |      ^~~~~~~~~~~
drivers/input/evdev.c:1480:1: note: in expansion of macro ‘module_init’
 1480 | module_init(evdev_init);
      | ^~~~~~~~~~~
drivers/input/evdev.c:1470:19: note: ‘init_module’ target declared here
 1470 | static int __init evdev_init(void)
      |                   ^~~~~~~~~~
  LD      drivers/input/gameport/built-in.o
  CC [M]  drivers/input/gameport/gameport.o
In file included from drivers/input/gameport/gameport.c:17:
./include/linux/module.h:132:6: warning: ‘init_module’ specifies less restrictive attribute than its target ‘gameport_init’: ‘cold’ [-Wmissing-attributes]
  132 |  int init_module(void) __attribute__((alias(#initfn)));
      |      ^~~~~~~~~~~
./include/linux/module.h:115:30: note: in expansion of macro ‘module_init’
  115 | #define subsys_initcall(fn)  module_init(fn)
      |                              ^~~~~~~~~~~
drivers/input/gameport/gameport.c:861:1: note: in expansion of macro ‘subsys_initcall’
  861 | subsys_initcall(gameport_init);
      | ^~~~~~~~~~~~~~~
drivers/input/gameport/gameport.c:836:19: note: ‘init_module’ target declared here
  836 | static int __init gameport_init(void)
      |                   ^~~~~~~~~~~~~
In file included from drivers/input/gameport/gameport.c:17:
./include/linux/module.h:138:7: warning: ‘cleanup_module’ specifies less restrictive attribute than its target ‘gameport_exit’: ‘cold’ [-Wmissing-attributes]
  138 |  void cleanup_module(void) __attribute__((alias(#exitfn)));
      |       ^~~~~~~~~~~~~~
drivers/input/gameport/gameport.c:862:1: note: in expansion of macro ‘module_exit’
  862 | module_exit(gameport_exit);
      | ^~~~~~~~~~~
drivers/input/gameport/gameport.c:850:20: note: ‘cleanup_module’ target declared here
  850 | static void __exit gameport_exit(void)
      |                    ^~~~~~~~~~~~~
  CC [M]  drivers/input/gameport/lightning.o
In file included from drivers/input/gameport/lightning.c:34:
./include/linux/module.h:132:6: warning: ‘init_module’ specifies less restrictive attribute than its target ‘l4_init’: ‘cold’ [-Wmissing-attributes]
  132 |  int init_module(void) __attribute__((alias(#initfn)));
      |      ^~~~~~~~~~~
drivers/input/gameport/lightning.c:340:1: note: in expansion of macro ‘module_init’
  340 | module_init(l4_init);
      | ^~~~~~~~~~~
drivers/input/gameport/lightning.c:304:19: note: ‘init_module’ target declared here
  304 | static int __init l4_init(void)
      |                   ^~~~~~~
In file included from drivers/input/gameport/lightning.c:34:
./include/linux/module.h:138:7: warning: ‘cleanup_module’ specifies less restrictive attribute than its target ‘l4_exit’: ‘cold’ [-Wmissing-attributes]
  138 |  void cleanup_module(void) __attribute__((alias(#exitfn)));
      |       ^~~~~~~~~~~~~~
drivers/input/gameport/lightning.c:341:1: note: in expansion of macro ‘module_exit’
  341 | module_exit(l4_exit);
      | ^~~~~~~~~~~
drivers/input/gameport/lightning.c:325:20: note: ‘cleanup_module’ target declared here
  325 | static void __exit l4_exit(void)
      |                    ^~~~~~~
  CC [M]  drivers/input/gameport/ns558.o
In file included from drivers/input/gameport/ns558.c:32:
./include/linux/module.h:132:6: warning: ‘init_module’ specifies less restrictive attribute than its target ‘ns558_init’: ‘cold’ [-Wmissing-attributes]
  132 |  int init_module(void) __attribute__((alias(#initfn)));
      |      ^~~~~~~~~~~
drivers/input/gameport/ns558.c:285:1: note: in expansion of macro ‘module_init’
  285 | module_init(ns558_init);
      | ^~~~~~~~~~~
drivers/input/gameport/ns558.c:251:19: note: ‘init_module’ target declared here
  251 | static int __init ns558_init(void)
      |                   ^~~~~~~~~~
In file included from drivers/input/gameport/ns558.c:32:
./include/linux/module.h:138:7: warning: ‘cleanup_module’ specifies less restrictive attribute than its target ‘ns558_exit’: ‘cold’ [-Wmissing-attributes]
  138 |  void cleanup_module(void) __attribute__((alias(#exitfn)));
      |       ^~~~~~~~~~~~~~
drivers/input/gameport/ns558.c:286:1: note: in expansion of macro ‘module_exit’
  286 | module_exit(ns558_exit);
      | ^~~~~~~~~~~
drivers/input/gameport/ns558.c:272:20: note: ‘cleanup_module’ target declared here
  272 | static void __exit ns558_exit(void)
      |                    ^~~~~~~~~~
  LD      drivers/input/serio/built-in.o
  CC [M]  drivers/input/serio/serio.o
In file included from drivers/input/serio/serio.c:32:
./include/linux/module.h:132:6: warning: ‘init_module’ specifies less restrictive attribute than its target ‘serio_init’: ‘cold’ [-Wmissing-attributes]
  132 |  int init_module(void) __attribute__((alias(#initfn)));
      |      ^~~~~~~~~~~
./include/linux/module.h:115:30: note: in expansion of macro ‘module_init’
  115 | #define subsys_initcall(fn)  module_init(fn)
      |                              ^~~~~~~~~~~
drivers/input/serio/serio.c:1056:1: note: in expansion of macro ‘subsys_initcall’
 1056 | subsys_initcall(serio_init);
      | ^~~~~~~~~~~~~~~
drivers/input/serio/serio.c:1032:19: note: ‘init_module’ target declared here
 1032 | static int __init serio_init(void)
      |                   ^~~~~~~~~~
In file included from drivers/input/serio/serio.c:32:
./include/linux/module.h:138:7: warning: ‘cleanup_module’ specifies less restrictive attribute than its target ‘serio_exit’: ‘cold’ [-Wmissing-attributes]
  138 |  void cleanup_module(void) __attribute__((alias(#exitfn)));
      |       ^~~~~~~~~~~~~~
drivers/input/serio/serio.c:1057:1: note: in expansion of macro ‘module_exit’
 1057 | module_exit(serio_exit);
      | ^~~~~~~~~~~
drivers/input/serio/serio.c:1045:20: note: ‘cleanup_module’ target declared here
 1045 | static void __exit serio_exit(void)
      |                    ^~~~~~~~~~
  CC [M]  drivers/input/serio/serport.o
In file included from drivers/input/serio/serport.c:20:
./include/linux/module.h:132:6: warning: ‘init_module’ specifies less restrictive attribute than its target ‘serport_init’: ‘cold’ [-Wmissing-attributes]
  132 |  int init_module(void) __attribute__((alias(#initfn)));
      |      ^~~~~~~~~~~
drivers/input/serio/serport.c:310:1: note: in expansion of macro ‘module_init’
  310 | module_init(serport_init);
      | ^~~~~~~~~~~
drivers/input/serio/serport.c:295:19: note: ‘init_module’ target declared here
  295 | static int __init serport_init(void)
      |                   ^~~~~~~~~~~~
In file included from drivers/input/serio/serport.c:20:
./include/linux/module.h:138:7: warning: ‘cleanup_module’ specifies less restrictive attribute than its target ‘serport_exit’: ‘cold’ [-Wmissing-attributes]
  138 |  void cleanup_module(void) __attribute__((alias(#exitfn)));
      |       ^~~~~~~~~~~~~~
drivers/input/serio/serport.c:311:1: note: in expansion of macro ‘module_exit’
  311 | module_exit(serport_exit);
      | ^~~~~~~~~~~
drivers/input/serio/serport.c:305:20: note: ‘cleanup_module’ target declared here
  305 | static void __exit serport_exit(void)
      |                    ^~~~~~~~~~~~
  CC [M]  drivers/input/serio/serio_raw.o
In file included from drivers/input/serio/serio_raw.c:16:
./include/linux/module.h:138:7: warning: ‘cleanup_module’ specifies less restrictive attribute than its target ‘serio_raw_drv_exit’: ‘cold’ [-Wmissing-attributes]
  138 |  void cleanup_module(void) __attribute__((alias(#exitfn)));
      |       ^~~~~~~~~~~~~~
./include/linux/device.h:1360:1: note: in expansion of macro ‘module_exit’
 1360 | module_exit(__driver##_exit);
      | ^~~~~~~~~~~
./include/linux/serio.h:121:2: note: in expansion of macro ‘module_driver’
  121 |  module_driver(__serio_driver, serio_register_driver, \
      |  ^~~~~~~~~~~~~
drivers/input/serio/serio_raw.c:444:1: note: in expansion of macro ‘module_serio_driver’
  444 | module_serio_driver(serio_raw_drv);
      | ^~~~~~~~~~~~~~~~~~~
In file included from ./include/linux/serio.h:17,
                 from drivers/input/serio/serio_raw.c:17:
drivers/input/serio/serio_raw.c:444:21: note: ‘cleanup_module’ target declared here
  444 | module_serio_driver(serio_raw_drv);
      |                     ^~~~~~~~~~~~~
./include/linux/device.h:1356:20: note: in definition of macro ‘module_driver’
 1356 | static void __exit __driver##_exit(void) \
      |                    ^~~~~~~~
drivers/input/serio/serio_raw.c:444:1: note: in expansion of macro ‘module_serio_driver’
  444 | module_serio_driver(serio_raw_drv);
      | ^~~~~~~~~~~~~~~~~~~
In file included from drivers/input/serio/serio_raw.c:16:
./include/linux/module.h:132:6: warning: ‘init_module’ specifies less restrictive attribute than its target ‘serio_raw_drv_init’: ‘cold’ [-Wmissing-attributes]
  132 |  int init_module(void) __attribute__((alias(#initfn)));
      |      ^~~~~~~~~~~
./include/linux/device.h:1355:1: note: in expansion of macro ‘module_init’
 1355 | module_init(__driver##_init); \
      | ^~~~~~~~~~~
./include/linux/serio.h:121:2: note: in expansion of macro ‘module_driver’
  121 |  module_driver(__serio_driver, serio_register_driver, \
      |  ^~~~~~~~~~~~~
drivers/input/serio/serio_raw.c:444:1: note: in expansion of macro ‘module_serio_driver’
  444 | module_serio_driver(serio_raw_drv);
      | ^~~~~~~~~~~~~~~~~~~
In file included from ./include/linux/serio.h:17,
                 from drivers/input/serio/serio_raw.c:17:
drivers/input/serio/serio_raw.c:444:21: note: ‘init_module’ target declared here
  444 | module_serio_driver(serio_raw_drv);
      |                     ^~~~~~~~~~~~~
./include/linux/device.h:1351:19: note: in definition of macro ‘module_driver’
 1351 | static int __init __driver##_init(void) \
      |                   ^~~~~~~~
drivers/input/serio/serio_raw.c:444:1: note: in expansion of macro ‘module_serio_driver’
  444 | module_serio_driver(serio_raw_drv);
      | ^~~~~~~~~~~~~~~~~~~
  CC      drivers/irqchip/irqchip.o
  CC      drivers/irqchip/irq-bcm2835.o
  CC      drivers/irqchip/irq-bcm2836.o
  LD      drivers/irqchip/built-in.o
  CC      drivers/leds/led-core.o
  CC      drivers/leds/led-class.o
  CC      drivers/leds/led-triggers.o
  CC      drivers/leds/leds-gpio.o
  CC      drivers/leds/trigger/ledtrig-timer.o
  CC      drivers/leds/trigger/ledtrig-oneshot.o
  CC      drivers/leds/trigger/ledtrig-heartbeat.o
  CC      drivers/leds/trigger/ledtrig-backlight.o
  CC      drivers/leds/trigger/ledtrig-gpio.o
  CC      drivers/leds/trigger/ledtrig-cpu.o
  CC      drivers/leds/trigger/ledtrig-default-on.o
  CC      drivers/leds/trigger/ledtrig-input.o
  CC      drivers/leds/trigger/ledtrig-panic.o
  LD      drivers/leds/trigger/built-in.o
  CC [M]  drivers/leds/trigger/ledtrig-transient.o
In file included from drivers/leds/trigger/ledtrig-transient.c:21:
./include/linux/module.h:132:6: warning: ‘init_module’ specifies less restrictive attribute than its target ‘transient_trig_init’: ‘cold’ [-Wmissing-attributes]
  132 |  int init_module(void) __attribute__((alias(#initfn)));
      |      ^~~~~~~~~~~
drivers/leds/trigger/ledtrig-transient.c:234:1: note: in expansion of macro ‘module_init’
  234 | module_init(transient_trig_init);
      | ^~~~~~~~~~~
drivers/leds/trigger/ledtrig-transient.c:224:19: note: ‘init_module’ target declared here
  224 | static int __init transient_trig_init(void)
      |                   ^~~~~~~~~~~~~~~~~~~
In file included from drivers/leds/trigger/ledtrig-transient.c:21:
./include/linux/module.h:138:7: warning: ‘cleanup_module’ specifies less restrictive attribute than its target ‘transient_trig_exit’: ‘cold’ [-Wmissing-attributes]
  138 |  void cleanup_module(void) __attribute__((alias(#exitfn)));
      |       ^~~~~~~~~~~~~~
drivers/leds/trigger/ledtrig-transient.c:235:1: note: in expansion of macro ‘module_exit’
  235 | module_exit(transient_trig_exit);
      | ^~~~~~~~~~~
drivers/leds/trigger/ledtrig-transient.c:229:20: note: ‘cleanup_module’ target declared here
  229 | static void __exit transient_trig_exit(void)
      |                    ^~~~~~~~~~~~~~~~~~~
  CC [M]  drivers/leds/trigger/ledtrig-camera.o
In file included from drivers/leds/trigger/ledtrig-camera.c:16:
./include/linux/module.h:132:6: warning: ‘init_module’ specifies less restrictive attribute than its target ‘ledtrig_camera_init’: ‘cold’ [-Wmissing-attributes]
  132 |  int init_module(void) __attribute__((alias(#initfn)));
      |      ^~~~~~~~~~~
drivers/leds/trigger/ledtrig-camera.c:46:1: note: in expansion of macro ‘module_init’
   46 | module_init(ledtrig_camera_init);
      | ^~~~~~~~~~~
drivers/leds/trigger/ledtrig-camera.c:40:19: note: ‘init_module’ target declared here
   40 | static int __init ledtrig_camera_init(void)
      |                   ^~~~~~~~~~~~~~~~~~~
In file included from drivers/leds/trigger/ledtrig-camera.c:16:
./include/linux/module.h:138:7: warning: ‘cleanup_module’ specifies less restrictive attribute than its target ‘ledtrig_camera_exit’: ‘cold’ [-Wmissing-attributes]
  138 |  void cleanup_module(void) __attribute__((alias(#exitfn)));
      |       ^~~~~~~~~~~~~~
drivers/leds/trigger/ledtrig-camera.c:53:1: note: in expansion of macro ‘module_exit’
   53 | module_exit(ledtrig_camera_exit);
      | ^~~~~~~~~~~
drivers/leds/trigger/ledtrig-camera.c:48:20: note: ‘cleanup_module’ target declared here
   48 | static void __exit ledtrig_camera_exit(void)
      |                    ^~~~~~~~~~~~~~~~~~~
  LD      drivers/leds/built-in.o
  LD      drivers/lguest/built-in.o
  LD      drivers/macintosh/built-in.o
  CC      drivers/mailbox/mailbox.o
  CC      drivers/mailbox/bcm2835-mailbox.o
  LD      drivers/mailbox/built-in.o
  CC      drivers/md/dm-builtin.o
  LD      drivers/md/built-in.o
  CC [M]  drivers/md/linear.o
In file included from drivers/md/linear.c:22:
./include/linux/module.h:132:6: warning: ‘init_module’ specifies less restrictive attribute than its target ‘linear_init’: ‘cold’ [-Wmissing-attributes]
  132 |  int init_module(void) __attribute__((alias(#initfn)));
      |      ^~~~~~~~~~~
drivers/md/linear.c:341:1: note: in expansion of macro ‘module_init’
  341 | module_init(linear_init);
      | ^~~~~~~~~~~
drivers/md/linear.c:331:19: note: ‘init_module’ target declared here
  331 | static int __init linear_init (void)
      |                   ^~~~~~~~~~~
  CC [M]  drivers/md/raid0.o
In file included from drivers/md/raid0.c:22:
./include/linux/module.h:132:6: warning: ‘init_module’ specifies less restrictive attribute than its target ‘raid0_init’: ‘cold’ [-Wmissing-attributes]
  132 |  int init_module(void) __attribute__((alias(#initfn)));
      |      ^~~~~~~~~~~
drivers/md/raid0.c:690:1: note: in expansion of macro ‘module_init’
  690 | module_init(raid0_init);
      | ^~~~~~~~~~~
drivers/md/raid0.c:680:19: note: ‘init_module’ target declared here
  680 | static int __init raid0_init (void)
      |                   ^~~~~~~~~~
  CC [M]  drivers/md/raid1.o
In file included from drivers/md/raid1.c:37:
./include/linux/module.h:132:6: warning: ‘init_module’ specifies less restrictive attribute than its target ‘raid_init’: ‘cold’ [-Wmissing-attributes]
  132 |  int init_module(void) __attribute__((alias(#initfn)));
      |      ^~~~~~~~~~~
drivers/md/raid1.c:3209:1: note: in expansion of macro ‘module_init’
 3209 | module_init(raid_init);
      | ^~~~~~~~~~~
drivers/md/raid1.c:3199:19: note: ‘init_module’ target declared here
 3199 | static int __init raid_init(void)
      |                   ^~~~~~~~~
  CC [M]  drivers/md/raid10.o
In file included from drivers/md/raid10.c:24:
./include/linux/module.h:132:6: warning: ‘init_module’ specifies less restrictive attribute than its target ‘raid_init’: ‘cold’ [-Wmissing-attributes]
  132 |  int init_module(void) __attribute__((alias(#initfn)));
      |      ^~~~~~~~~~~
drivers/md/raid10.c:4745:1: note: in expansion of macro ‘module_init’
 4745 | module_init(raid_init);
      | ^~~~~~~~~~~
drivers/md/raid10.c:4735:19: note: ‘init_module’ target declared here
 4735 | static int __init raid_init(void)
      |                   ^~~~~~~~~
  CC [M]  drivers/md/raid5.o
In file included from drivers/md/raid5.c:50:
./include/linux/module.h:132:6: warning: ‘init_module’ specifies less restrictive attribute than its target ‘raid5_init’: ‘cold’ [-Wmissing-attributes]
  132 |  int init_module(void) __attribute__((alias(#initfn)));
      |      ^~~~~~~~~~~
drivers/md/raid5.c:8013:1: note: in expansion of macro ‘module_init’
 8013 | module_init(raid5_init);
      | ^~~~~~~~~~~
drivers/md/raid5.c:7981:19: note: ‘init_module’ target declared here
 7981 | static int __init raid5_init(void)
      |                   ^~~~~~~~~~
  CC [M]  drivers/md/raid5-cache.o
  LD [M]  drivers/md/raid456.o
  CC [M]  drivers/md/md.o
In file included from drivers/md/md.c:47:
./include/linux/module.h:132:6: warning: ‘init_module’ specifies less restrictive attribute than its target ‘md_init’: ‘cold’ [-Wmissing-attributes]
  132 |  int init_module(void) __attribute__((alias(#initfn)));
      |      ^~~~~~~~~~~
./include/linux/module.h:115:30: note: in expansion of macro ‘module_init’
  115 | #define subsys_initcall(fn)  module_init(fn)
      |                              ^~~~~~~~~~~
drivers/md/md.c:8965:1: note: in expansion of macro ‘subsys_initcall’
 8965 | subsys_initcall(md_init);
      | ^~~~~~~~~~~~~~~
drivers/md/md.c:8689:19: note: ‘init_module’ target declared here
 8689 | static int __init md_init(void)
      |                   ^~~~~~~
In file included from drivers/md/md.c:47:
./include/linux/module.h:138:7: warning: ‘cleanup_module’ specifies less restrictive attribute than its target ‘md_exit’: ‘cold’ [-Wmissing-attributes]
  138 |  void cleanup_module(void) __attribute__((alias(#exitfn)));
      |       ^~~~~~~~~~~~~~
drivers/md/md.c:8966:1: note: in expansion of macro ‘module_exit’
 8966 | module_exit(md_exit)
      | ^~~~~~~~~~~
drivers/md/md.c:8931:20: note: ‘cleanup_module’ target declared here
 8931 | static __exit void md_exit(void)
      |                    ^~~~~~~
  CC [M]  drivers/md/bitmap.o
  LD [M]  drivers/md/md-mod.o
  CC [M]  drivers/md/dm.o
In file included from drivers/md/dm.c:13:
./include/linux/module.h:132:6: warning: ‘init_module’ specifies less restrictive attribute than its target ‘dm_init’: ‘cold’ [-Wmissing-attributes]
  132 |  int init_module(void) __attribute__((alias(#initfn)));
      |      ^~~~~~~~~~~
drivers/md/dm.c:2806:1: note: in expansion of macro ‘module_init’
 2806 | module_init(dm_init);
      | ^~~~~~~~~~~
drivers/md/dm.c:258:19: note: ‘init_module’ target declared here
  258 | static int __init dm_init(void)
      |                   ^~~~~~~
In file included from drivers/md/dm.c:13:
./include/linux/module.h:138:7: warning: ‘cleanup_module’ specifies less restrictive attribute than its target ‘dm_exit’: ‘cold’ [-Wmissing-attributes]
  138 |  void cleanup_module(void) __attribute__((alias(#exitfn)));
      |       ^~~~~~~~~~~~~~
drivers/md/dm.c:2807:1: note: in expansion of macro ‘module_exit’
 2807 | module_exit(dm_exit);
      | ^~~~~~~~~~~
drivers/md/dm.c:279:20: note: ‘cleanup_module’ target declared here
  279 | static void __exit dm_exit(void)
      |                    ^~~~~~~
  CC [M]  drivers/md/dm-table.o
  CC [M]  drivers/md/dm-target.o
  CC [M]  drivers/md/dm-linear.o
  CC [M]  drivers/md/dm-stripe.o
  CC [M]  drivers/md/dm-ioctl.o
  CC [M]  drivers/md/dm-io.o
  CC [M]  drivers/md/dm-kcopyd.o
  CC [M]  drivers/md/dm-sysfs.o
  CC [M]  drivers/md/dm-stats.o
  CC [M]  drivers/md/dm-rq.o
  LD [M]  drivers/md/dm-mod.o
  CC [M]  drivers/md/dm-bufio.o
In file included from drivers/md/dm-bufio.c:17:
./include/linux/module.h:132:6: warning: ‘init_module’ specifies less restrictive attribute than its target ‘dm_bufio_init’: ‘cold’ [-Wmissing-attributes]
  132 |  int init_module(void) __attribute__((alias(#initfn)));
      |      ^~~~~~~~~~~
drivers/md/dm-bufio.c:1935:1: note: in expansion of macro ‘module_init’
 1935 | module_init(dm_bufio_init)
      | ^~~~~~~~~~~
drivers/md/dm-bufio.c:1851:19: note: ‘init_module’ target declared here
 1851 | static int __init dm_bufio_init(void)
      |                   ^~~~~~~~~~~~~
In file included from drivers/md/dm-bufio.c:17:
./include/linux/module.h:138:7: warning: ‘cleanup_module’ specifies less restrictive attribute than its target ‘dm_bufio_exit’: ‘cold’ [-Wmissing-attributes]
  138 |  void cleanup_module(void) __attribute__((alias(#exitfn)));
      |       ^~~~~~~~~~~~~~
drivers/md/dm-bufio.c:1936:1: note: in expansion of macro ‘module_exit’
 1936 | module_exit(dm_bufio_exit)
      | ^~~~~~~~~~~
drivers/md/dm-bufio.c:1894:20: note: ‘cleanup_module’ target declared here
 1894 | static void __exit dm_bufio_exit(void)
      |                    ^~~~~~~~~~~~~
  CC [M]  drivers/md/dm-bio-prison.o
In file included from drivers/md/dm-bio-prison.c:12:
./include/linux/module.h:132:6: warning: ‘init_module’ specifies less restrictive attribute than its target ‘dm_bio_prison_init’: ‘cold’ [-Wmissing-attributes]
  132 |  int init_module(void) __attribute__((alias(#initfn)));
      |      ^~~~~~~~~~~
drivers/md/dm-bio-prison.c:419:1: note: in expansion of macro ‘module_init’
  419 | module_init(dm_bio_prison_init);
      | ^~~~~~~~~~~
drivers/md/dm-bio-prison.c:401:19: note: ‘init_module’ target declared here
  401 | static int __init dm_bio_prison_init(void)
      |                   ^~~~~~~~~~~~~~~~~~
In file included from drivers/md/dm-bio-prison.c:12:
./include/linux/module.h:138:7: warning: ‘cleanup_module’ specifies less restrictive attribute than its target ‘dm_bio_prison_exit’: ‘cold’ [-Wmissing-attributes]
  138 |  void cleanup_module(void) __attribute__((alias(#exitfn)));
      |       ^~~~~~~~~~~~~~
drivers/md/dm-bio-prison.c:420:1: note: in expansion of macro ‘module_exit’
  420 | module_exit(dm_bio_prison_exit);
      | ^~~~~~~~~~~
drivers/md/dm-bio-prison.c:410:20: note: ‘cleanup_module’ target declared here
  410 | static void __exit dm_bio_prison_exit(void)
      |                    ^~~~~~~~~~~~~~~~~~
  CC [M]  drivers/md/dm-crypt.o
In file included from drivers/md/dm-crypt.c:12:
./include/linux/module.h:132:6: warning: ‘init_module’ specifies less restrictive attribute than its target ‘dm_crypt_init’: ‘cold’ [-Wmissing-attributes]
  132 |  int init_module(void) __attribute__((alias(#initfn)));
      |      ^~~~~~~~~~~
drivers/md/dm-crypt.c:2104:1: note: in expansion of macro ‘module_init’
 2104 | module_init(dm_crypt_init);
      | ^~~~~~~~~~~
drivers/md/dm-crypt.c:2088:19: note: ‘init_module’ target declared here
 2088 | static int __init dm_crypt_init(void)
      |                   ^~~~~~~~~~~~~
In file included from drivers/md/dm-crypt.c:12:
./include/linux/module.h:138:7: warning: ‘cleanup_module’ specifies less restrictive attribute than its target ‘dm_crypt_exit’: ‘cold’ [-Wmissing-attributes]
  138 |  void cleanup_module(void) __attribute__((alias(#exitfn)));
      |       ^~~~~~~~~~~~~~
drivers/md/dm-crypt.c:2105:1: note: in expansion of macro ‘module_exit’
 2105 | module_exit(dm_crypt_exit);
      | ^~~~~~~~~~~
drivers/md/dm-crypt.c:2099:20: note: ‘cleanup_module’ target declared here
 2099 | static void __exit dm_crypt_exit(void)
      |                    ^~~~~~~~~~~~~
  CC [M]  drivers/md/dm-delay.o
In file included from drivers/md/dm-delay.c:10:
./include/linux/module.h:132:6: warning: ‘init_module’ specifies less restrictive attribute than its target ‘dm_delay_init’: ‘cold’ [-Wmissing-attributes]
  132 |  int init_module(void) __attribute__((alias(#initfn)));
      |      ^~~~~~~~~~~
drivers/md/dm-delay.c:375:1: note: in expansion of macro ‘module_init’
  375 | module_init(dm_delay_init);
      | ^~~~~~~~~~~
drivers/md/dm-delay.c:353:19: note: ‘init_module’ target declared here
  353 | static int __init dm_delay_init(void)
      |                   ^~~~~~~~~~~~~
In file included from drivers/md/dm-delay.c:10:
./include/linux/module.h:138:7: warning: ‘cleanup_module’ specifies less restrictive attribute than its target ‘dm_delay_exit’: ‘cold’ [-Wmissing-attributes]
  138 |  void cleanup_module(void) __attribute__((alias(#exitfn)));
      |       ^~~~~~~~~~~~~~
drivers/md/dm-delay.c:376:1: note: in expansion of macro ‘module_exit’
  376 | module_exit(dm_delay_exit);
      | ^~~~~~~~~~~
drivers/md/dm-delay.c:369:20: note: ‘cleanup_module’ target declared here
  369 | static void __exit dm_delay_exit(void)
      |                    ^~~~~~~~~~~~~
  CC [M]  drivers/md/dm-snap.o
In file included from drivers/md/dm-snap.c:17:
./include/linux/module.h:132:6: warning: ‘init_module’ specifies less restrictive attribute than its target ‘dm_snapshot_init’: ‘cold’ [-Wmissing-attributes]
  132 |  int init_module(void) __attribute__((alias(#initfn)));
      |      ^~~~~~~~~~~
drivers/md/dm-snap.c:2483:1: note: in expansion of macro ‘module_init’
 2483 | module_init(dm_snapshot_init);
      | ^~~~~~~~~~~
drivers/md/dm-snap.c:2403:19: note: ‘init_module’ target declared here
 2403 | static int __init dm_snapshot_init(void)
      |                   ^~~~~~~~~~~~~~~~
In file included from drivers/md/dm-snap.c:17:
./include/linux/module.h:138:7: warning: ‘cleanup_module’ specifies less restrictive attribute than its target ‘dm_snapshot_exit’: ‘cold’ [-Wmissing-attributes]
  138 |  void cleanup_module(void) __attribute__((alias(#exitfn)));
      |       ^~~~~~~~~~~~~~
drivers/md/dm-snap.c:2484:1: note: in expansion of macro ‘module_exit’
 2484 | module_exit(dm_snapshot_exit);
      | ^~~~~~~~~~~
drivers/md/dm-snap.c:2469:20: note: ‘cleanup_module’ target declared here
 2469 | static void __exit dm_snapshot_exit(void)
      |                    ^~~~~~~~~~~~~~~~
  CC [M]  drivers/md/dm-exception-store.o
  CC [M]  drivers/md/dm-snap-transient.o
  CC [M]  drivers/md/dm-snap-persistent.o
  LD [M]  drivers/md/dm-snapshot.o
  CC [M]  drivers/md/dm-raid1.o
In file included from drivers/md/dm-raid1.c:12:
./include/linux/module.h:132:6: warning: ‘init_module’ specifies less restrictive attribute than its target ‘dm_mirror_init’: ‘cold’ [-Wmissing-attributes]
  132 |  int init_module(void) __attribute__((alias(#initfn)));
      |      ^~~~~~~~~~~
drivers/md/dm-raid1.c:1484:1: note: in expansion of macro ‘module_init’
 1484 | module_init(dm_mirror_init);
      | ^~~~~~~~~~~
drivers/md/dm-raid1.c:1462:19: note: ‘init_module’ target declared here
 1462 | static int __init dm_mirror_init(void)
      |                   ^~~~~~~~~~~~~~
In file included from drivers/md/dm-raid1.c:12:
./include/linux/module.h:138:7: warning: ‘cleanup_module’ specifies less restrictive attribute than its target ‘dm_mirror_exit’: ‘cold’ [-Wmissing-attributes]
  138 |  void cleanup_module(void) __attribute__((alias(#exitfn)));
      |       ^~~~~~~~~~~~~~
drivers/md/dm-raid1.c:1485:1: note: in expansion of macro ‘module_exit’
 1485 | module_exit(dm_mirror_exit);
      | ^~~~~~~~~~~
drivers/md/dm-raid1.c:1478:20: note: ‘cleanup_module’ target declared here
 1478 | static void __exit dm_mirror_exit(void)
      |                    ^~~~~~~~~~~~~~
  LD [M]  drivers/md/dm-mirror.o
  CC [M]  drivers/md/dm-log.o
In file included from drivers/md/dm-log.c:10:
./include/linux/module.h:132:6: warning: ‘init_module’ specifies less restrictive attribute than its target ‘dm_dirty_log_init’: ‘cold’ [-Wmissing-attributes]
  132 |  int init_module(void) __attribute__((alias(#initfn)));
      |      ^~~~~~~~~~~
drivers/md/dm-log.c:885:1: note: in expansion of macro ‘module_init’
  885 | module_init(dm_dirty_log_init);
      | ^~~~~~~~~~~
drivers/md/dm-log.c:862:19: note: ‘init_module’ target declared here
  862 | static int __init dm_dirty_log_init(void)
      |                   ^~~~~~~~~~~~~~~~~
In file included from drivers/md/dm-log.c:10:
./include/linux/module.h:138:7: warning: ‘cleanup_module’ specifies less restrictive attribute than its target ‘dm_dirty_log_exit’: ‘cold’ [-Wmissing-attributes]
  138 |  void cleanup_module(void) __attribute__((alias(#exitfn)));
      |       ^~~~~~~~~~~~~~
drivers/md/dm-log.c:886:1: note: in expansion of macro ‘module_exit’
  886 | module_exit(dm_dirty_log_exit);
      | ^~~~~~~~~~~
drivers/md/dm-log.c:879:20: note: ‘cleanup_module’ target declared here
  879 | static void __exit dm_dirty_log_exit(void)
      |                    ^~~~~~~~~~~~~~~~~
  CC [M]  drivers/md/dm-region-hash.o
  CC [M]  drivers/md/dm-log-userspace-base.o
In file included from drivers/md/dm-log-userspace-base.c:13:
./include/linux/module.h:132:6: warning: ‘init_module’ specifies less restrictive attribute than its target ‘userspace_dirty_log_init’: ‘cold’ [-Wmissing-attributes]
  132 |  int init_module(void) __attribute__((alias(#initfn)));
      |      ^~~~~~~~~~~
drivers/md/dm-log-userspace-base.c:930:1: note: in expansion of macro ‘module_init’
  930 | module_init(userspace_dirty_log_init);
      | ^~~~~~~~~~~
drivers/md/dm-log-userspace-base.c:891:19: note: ‘init_module’ target declared here
  891 | static int __init userspace_dirty_log_init(void)
      |                   ^~~~~~~~~~~~~~~~~~~~~~~~
In file included from drivers/md/dm-log-userspace-base.c:13:
./include/linux/module.h:138:7: warning: ‘cleanup_module’ specifies less restrictive attribute than its target ‘userspace_dirty_log_exit’: ‘cold’ [-Wmissing-attributes]
  138 |  void cleanup_module(void) __attribute__((alias(#exitfn)));
      |       ^~~~~~~~~~~~~~
drivers/md/dm-log-userspace-base.c:931:1: note: in expansion of macro ‘module_exit’
  931 | module_exit(userspace_dirty_log_exit);
      | ^~~~~~~~~~~
drivers/md/dm-log-userspace-base.c:920:20: note: ‘cleanup_module’ target declared here
  920 | static void __exit userspace_dirty_log_exit(void)
      |                    ^~~~~~~~~~~~~~~~~~~~~~~~
drivers/md/dm-log-userspace-base.c: In function ‘userspace_ctr’:
drivers/md/dm-log-userspace-base.c:226:2: warning: ‘strncpy’ specified bound 129 equals destination size [-Wstringop-truncation]
  226 |  strncpy(lc->uuid, argv[0], DM_UUID_LEN);
      |  ^~~~~~~~~~~~~~~~~~~~~~~~~~~~~~~~~~~~~~~
  CC [M]  drivers/md/dm-log-userspace-transfer.o
  LD [M]  drivers/md/dm-log-userspace.o
  CC [M]  drivers/md/dm-zero.o
In file included from drivers/md/dm-zero.c:9:
./include/linux/module.h:132:6: warning: ‘init_module’ specifies less restrictive attribute than its target ‘dm_zero_init’: ‘cold’ [-Wmissing-attributes]
  132 |  int init_module(void) __attribute__((alias(#initfn)));
      |      ^~~~~~~~~~~
drivers/md/dm-zero.c:82:1: note: in expansion of macro ‘module_init’
   82 | module_init(dm_zero_init)
      | ^~~~~~~~~~~
drivers/md/dm-zero.c:67:19: note: ‘init_module’ target declared here
   67 | static int __init dm_zero_init(void)
      |                   ^~~~~~~~~~~~
In file included from drivers/md/dm-zero.c:9:
./include/linux/module.h:138:7: warning: ‘cleanup_module’ specifies less restrictive attribute than its target ‘dm_zero_exit’: ‘cold’ [-Wmissing-attributes]
  138 |  void cleanup_module(void) __attribute__((alias(#exitfn)));
      |       ^~~~~~~~~~~~~~
drivers/md/dm-zero.c:83:1: note: in expansion of macro ‘module_exit’
   83 | module_exit(dm_zero_exit)
      | ^~~~~~~~~~~
drivers/md/dm-zero.c:77:20: note: ‘cleanup_module’ target declared here
   77 | static void __exit dm_zero_exit(void)
      |                    ^~~~~~~~~~~~
  CC [M]  drivers/md/dm-raid.o
In file included from drivers/md/dm-raid.c:9:
./include/linux/module.h:132:6: warning: ‘init_module’ specifies less restrictive attribute than its target ‘dm_raid_init’: ‘cold’ [-Wmissing-attributes]
  132 |  int init_module(void) __attribute__((alias(#initfn)));
      |      ^~~~~~~~~~~
drivers/md/dm-raid.c:3688:1: note: in expansion of macro ‘module_init’
 3688 | module_init(dm_raid_init);
      | ^~~~~~~~~~~
drivers/md/dm-raid.c:3674:19: note: ‘init_module’ target declared here
 3674 | static int __init dm_raid_init(void)
      |                   ^~~~~~~~~~~~
In file included from drivers/md/dm-raid.c:9:
./include/linux/module.h:138:7: warning: ‘cleanup_module’ specifies less restrictive attribute than its target ‘dm_raid_exit’: ‘cold’ [-Wmissing-attributes]
  138 |  void cleanup_module(void) __attribute__((alias(#exitfn)));
      |       ^~~~~~~~~~~~~~
drivers/md/dm-raid.c:3689:1: note: in expansion of macro ‘module_exit’
 3689 | module_exit(dm_raid_exit);
      | ^~~~~~~~~~~
drivers/md/dm-raid.c:3683:20: note: ‘cleanup_module’ target declared here
 3683 | static void __exit dm_raid_exit(void)
      |                    ^~~~~~~~~~~~
  CC [M]  drivers/md/dm-thin.o
In file included from drivers/md/dm-thin.c:19:
./include/linux/module.h:132:6: warning: ‘init_module’ specifies less restrictive attribute than its target ‘dm_thin_init’: ‘cold’ [-Wmissing-attributes]
  132 |  int init_module(void) __attribute__((alias(#initfn)));
      |      ^~~~~~~~~~~
drivers/md/dm-thin.c:4400:1: note: in expansion of macro ‘module_init’
 4400 | module_init(dm_thin_init);
      | ^~~~~~~~~~~
drivers/md/dm-thin.c:4362:19: note: ‘init_module’ target declared here
 4362 | static int __init dm_thin_init(void)
      |                   ^~~~~~~~~~~~
  CC [M]  drivers/md/dm-thin-metadata.o
  LD [M]  drivers/md/dm-thin-pool.o
  LD      drivers/md/persistent-data/built-in.o
  CC [M]  drivers/md/persistent-data/dm-array.o
  CC [M]  drivers/md/persistent-data/dm-bitset.o
  CC [M]  drivers/md/persistent-data/dm-block-manager.o
  CC [M]  drivers/md/persistent-data/dm-space-map-common.o
drivers/md/persistent-data/dm-space-map-common.c: In function ‘sm_ll_mutate’:
drivers/md/persistent-data/dm-space-map-common.c:458:16: warning: taking address of packed member of ‘struct disk_index_entry’ may result in an unaligned pointer value [-Waddress-of-packed-member]
  458 |   le32_add_cpu(&ie_disk.nr_free, -1);
      |                ^~~~~~~~~~~~~~~~
drivers/md/persistent-data/dm-space-map-common.c:465:16: warning: taking address of packed member of ‘struct disk_index_entry’ may result in an unaligned pointer value [-Waddress-of-packed-member]
  465 |   le32_add_cpu(&ie_disk.nr_free, 1);
      |                ^~~~~~~~~~~~~~~~
  CC [M]  drivers/md/persistent-data/dm-space-map-disk.o
  CC [M]  drivers/md/persistent-data/dm-space-map-metadata.o
  CC [M]  drivers/md/persistent-data/dm-transaction-manager.o
  CC [M]  drivers/md/persistent-data/dm-btree.o
  CC [M]  drivers/md/persistent-data/dm-btree-remove.o
  CC [M]  drivers/md/persistent-data/dm-btree-spine.o
  LD [M]  drivers/md/persistent-data/dm-persistent-data.o
  LD      drivers/media/common/b2c2/built-in.o
  CC [M]  drivers/media/common/b2c2/flexcop.o
  CC [M]  drivers/media/common/b2c2/flexcop-fe-tuner.o
  CC [M]  drivers/media/common/b2c2/flexcop-i2c.o
  CC [M]  drivers/media/common/b2c2/flexcop-sram.o
  CC [M]  drivers/media/common/b2c2/flexcop-eeprom.o
  CC [M]  drivers/media/common/b2c2/flexcop-misc.o
  CC [M]  drivers/media/common/b2c2/flexcop-hw-filter.o
  LD [M]  drivers/media/common/b2c2/b2c2-flexcop.o
  LD      drivers/media/common/saa7146/built-in.o
  LD      drivers/media/common/siano/built-in.o
  CC [M]  drivers/media/common/siano/smscoreapi.o
In file included from drivers/media/common/siano/smscoreapi.c:28:
./include/linux/module.h:132:6: warning: ‘init_module’ specifies less restrictive attribute than its target ‘smscore_module_init’: ‘cold’ [-Wmissing-attributes]
  132 |  int init_module(void) __attribute__((alias(#initfn)));
      |      ^~~~~~~~~~~
drivers/media/common/siano/smscoreapi.c:2167:1: note: in expansion of macro ‘module_init’
 2167 | module_init(smscore_module_init);
      | ^~~~~~~~~~~
drivers/media/common/siano/smscoreapi.c:2128:19: note: ‘init_module’ target declared here
 2128 | static int __init smscore_module_init(void)
      |                   ^~~~~~~~~~~~~~~~~~~
In file included from drivers/media/common/siano/smscoreapi.c:28:
./include/linux/module.h:138:7: warning: ‘cleanup_module’ specifies less restrictive attribute than its target ‘smscore_module_exit’: ‘cold’ [-Wmissing-attributes]
  138 |  void cleanup_module(void) __attribute__((alias(#exitfn)));
      |       ^~~~~~~~~~~~~~
drivers/media/common/siano/smscoreapi.c:2168:1: note: in expansion of macro ‘module_exit’
 2168 | module_exit(smscore_module_exit);
      | ^~~~~~~~~~~
drivers/media/common/siano/smscoreapi.c:2140:20: note: ‘cleanup_module’ target declared here
 2140 | static void __exit smscore_module_exit(void)
      |                    ^~~~~~~~~~~~~~~~~~~
  CC [M]  drivers/media/common/siano/sms-cards.o
  CC [M]  drivers/media/common/siano/smsendian.o
  CC [M]  drivers/media/common/siano/smsir.o
  LD [M]  drivers/media/common/siano/smsmdtv.o
  CC [M]  drivers/media/common/siano/smsdvb-main.o
In file included from drivers/media/common/siano/smsdvb-main.c:24:
./include/linux/module.h:132:6: warning: ‘init_module’ specifies less restrictive attribute than its target ‘smsdvb_module_init’: ‘cold’ [-Wmissing-attributes]
  132 |  int init_module(void) __attribute__((alias(#initfn)));
      |      ^~~~~~~~~~~
drivers/media/common/siano/smsdvb-main.c:1237:1: note: in expansion of macro ‘module_init’
 1237 | module_init(smsdvb_module_init);
      | ^~~~~~~~~~~
drivers/media/common/siano/smsdvb-main.c:1207:19: note: ‘init_module’ target declared here
 1207 | static int __init smsdvb_module_init(void)
      |                   ^~~~~~~~~~~~~~~~~~
In file included from drivers/media/common/siano/smsdvb-main.c:24:
./include/linux/module.h:138:7: warning: ‘cleanup_module’ specifies less restrictive attribute than its target ‘smsdvb_module_exit’: ‘cold’ [-Wmissing-attributes]
  138 |  void cleanup_module(void) __attribute__((alias(#exitfn)));
      |       ^~~~~~~~~~~~~~
drivers/media/common/siano/smsdvb-main.c:1238:1: note: in expansion of macro ‘module_exit’
 1238 | module_exit(smsdvb_module_exit);
      | ^~~~~~~~~~~
drivers/media/common/siano/smsdvb-main.c:1223:20: note: ‘cleanup_module’ target declared here
 1223 | static void __exit smsdvb_module_exit(void)
      |                    ^~~~~~~~~~~~~~~~~~
  LD [M]  drivers/media/common/siano/smsdvb.o
  LD      drivers/media/common/v4l2-tpg/built-in.o
  LD      drivers/media/common/built-in.o
  CC [M]  drivers/media/common/cx2341x.o
  CC [M]  drivers/media/common/tveeprom.o
  CC [M]  drivers/media/common/cypress_firmware.o
  LD      drivers/media/dvb-core/built-in.o
  CC [M]  drivers/media/dvb-core/dvbdev.o
In file included from drivers/media/dvb-core/dvbdev.c:27:
./include/linux/module.h:132:6: warning: ‘init_module’ specifies less restrictive attribute than its target ‘init_dvbdev’: ‘cold’ [-Wmissing-attributes]
  132 |  int init_module(void) __attribute__((alias(#initfn)));
      |      ^~~~~~~~~~~
./include/linux/module.h:115:30: note: in expansion of macro ‘module_init’
  115 | #define subsys_initcall(fn)  module_init(fn)
      |                              ^~~~~~~~~~~
drivers/media/dvb-core/dvbdev.c:962:1: note: in expansion of macro ‘subsys_initcall’
  962 | subsys_initcall(init_dvbdev);
      | ^~~~~~~~~~~~~~~
drivers/media/dvb-core/dvbdev.c:923:19: note: ‘init_module’ target declared here
  923 | static int __init init_dvbdev(void)
      |                   ^~~~~~~~~~~
In file included from drivers/media/dvb-core/dvbdev.c:27:
./include/linux/module.h:138:7: warning: ‘cleanup_module’ specifies less restrictive attribute than its target ‘exit_dvbdev’: ‘cold’ [-Wmissing-attributes]
  138 |  void cleanup_module(void) __attribute__((alias(#exitfn)));
      |       ^~~~~~~~~~~~~~
drivers/media/dvb-core/dvbdev.c:963:1: note: in expansion of macro ‘module_exit’
  963 | module_exit(exit_dvbdev);
      | ^~~~~~~~~~~
drivers/media/dvb-core/dvbdev.c:955:20: note: ‘cleanup_module’ target declared here
  955 | static void __exit exit_dvbdev(void)
      |                    ^~~~~~~~~~~
  CC [M]  drivers/media/dvb-core/dmxdev.o
  CC [M]  drivers/media/dvb-core/dvb_demux.o
  CC [M]  drivers/media/dvb-core/dvb_filter.o
  CC [M]  drivers/media/dvb-core/dvb_ca_en50221.o
  CC [M]  drivers/media/dvb-core/dvb_frontend.o
  CC [M]  drivers/media/dvb-core/dvb_net.o
  CC [M]  drivers/media/dvb-core/dvb_ringbuffer.o
  CC [M]  drivers/media/dvb-core/dvb_math.o
  LD [M]  drivers/media/dvb-core/dvb-core.o
  LD      drivers/media/dvb-frontends/built-in.o
  CC [M]  drivers/media/dvb-frontends/dvb-pll.o
  CC [M]  drivers/media/dvb-frontends/stv0299.o
  CC [M]  drivers/media/dvb-frontends/stb0899_drv.o
  CC [M]  drivers/media/dvb-frontends/stb0899_algo.o
  LD [M]  drivers/media/dvb-frontends/stb0899.o
  CC [M]  drivers/media/dvb-frontends/stb6100.o
  CC [M]  drivers/media/dvb-frontends/sp8870.o
  CC [M]  drivers/media/dvb-frontends/cx22700.o
  CC [M]  drivers/media/dvb-frontends/s5h1432.o
  CC [M]  drivers/media/dvb-frontends/cx24110.o
  CC [M]  drivers/media/dvb-frontends/tda8083.o
  CC [M]  drivers/media/dvb-frontends/l64781.o
  CC [M]  drivers/media/dvb-frontends/dib3000mb.o
  CC [M]  drivers/media/dvb-frontends/dib3000mc.o
  CC [M]  drivers/media/dvb-frontends/dibx000_common.o
drivers/media/dvb-frontends/dibx000_common.c: In function ‘i2c_adapter_init’:
drivers/media/dvb-frontends/dibx000_common.c:421:2: warning: ‘strncpy’ specified bound 48 equals destination size [-Wstringop-truncation]
  421 |  strncpy(i2c_adap->name, name, sizeof(i2c_adap->name));
      |  ^~~~~~~~~~~~~~~~~~~~~~~~~~~~~~~~~~~~~~~~~~~~~~~~~~~~~
  CC [M]  drivers/media/dvb-frontends/dib7000m.o
  CC [M]  drivers/media/dvb-frontends/dib7000p.o
  CC [M]  drivers/media/dvb-frontends/dib8000.o
  CC [M]  drivers/media/dvb-frontends/dib9000.o
  CC [M]  drivers/media/dvb-frontends/mt312.o
  CC [M]  drivers/media/dvb-frontends/ves1820.o
  CC [M]  drivers/media/dvb-frontends/ves1x93.o
  CC [M]  drivers/media/dvb-frontends/tda1004x.o
  CC [M]  drivers/media/dvb-frontends/sp887x.o
  CC [M]  drivers/media/dvb-frontends/nxt6000.o
  CC [M]  drivers/media/dvb-frontends/mt352.o
  CC [M]  drivers/media/dvb-frontends/zl10036.o
  CC [M]  drivers/media/dvb-frontends/zl10039.o
  CC [M]  drivers/media/dvb-frontends/zl10353.o
  CC [M]  drivers/media/dvb-frontends/cx22702.o
  CC [M]  drivers/media/dvb-frontends/drxd_firm.o
  CC [M]  drivers/media/dvb-frontends/drxd_hard.o
  LD [M]  drivers/media/dvb-frontends/drxd.o
  CC [M]  drivers/media/dvb-frontends/tda10021.o
  CC [M]  drivers/media/dvb-frontends/tda10023.o
  CC [M]  drivers/media/dvb-frontends/stv0297.o
  CC [M]  drivers/media/dvb-frontends/nxt200x.o
  CC [M]  drivers/media/dvb-frontends/or51211.o
  CC [M]  drivers/media/dvb-frontends/or51132.o
  CC [M]  drivers/media/dvb-frontends/bcm3510.o
  CC [M]  drivers/media/dvb-frontends/s5h1420.o
  CC [M]  drivers/media/dvb-frontends/lgdt330x.o
  CC [M]  drivers/media/dvb-frontends/lgdt3305.o
  CC [M]  drivers/media/dvb-frontends/lgdt3306a.o
  CC [M]  drivers/media/dvb-frontends/lg2160.o
  CC [M]  drivers/media/dvb-frontends/cx24123.o
  CC [M]  drivers/media/dvb-frontends/lnbh25.o
  CC [M]  drivers/media/dvb-frontends/lnbp21.o
  CC [M]  drivers/media/dvb-frontends/lnbp22.o
  CC [M]  drivers/media/dvb-frontends/isl6405.o
  CC [M]  drivers/media/dvb-frontends/isl6421.o
  CC [M]  drivers/media/dvb-frontends/tda10086.o
  CC [M]  drivers/media/dvb-frontends/tda826x.o
  CC [M]  drivers/media/dvb-frontends/tda8261.o
  CC [M]  drivers/media/dvb-frontends/dib0070.o
  CC [M]  drivers/media/dvb-frontends/dib0090.o
  CC [M]  drivers/media/dvb-frontends/tua6100.o
  CC [M]  drivers/media/dvb-frontends/s5h1409.o
  CC [M]  drivers/media/dvb-frontends/itd1000.o
  CC [M]  drivers/media/dvb-frontends/au8522_common.o
  CC [M]  drivers/media/dvb-frontends/au8522_dig.o
  CC [M]  drivers/media/dvb-frontends/au8522_decoder.o
In file included from drivers/media/dvb-frontends/au8522_priv.h:26,
                 from drivers/media/dvb-frontends/au8522_decoder.c:40:
./include/linux/module.h:138:7: warning: ‘cleanup_module’ specifies less restrictive attribute than its target ‘au8522_driver_exit’: ‘cold’ [-Wmissing-attributes]
  138 |  void cleanup_module(void) __attribute__((alias(#exitfn)));
      |       ^~~~~~~~~~~~~~
./include/linux/device.h:1360:1: note: in expansion of macro ‘module_exit’
 1360 | module_exit(__driver##_exit);
      | ^~~~~~~~~~~
./include/linux/i2c.h:751:2: note: in expansion of macro ‘module_driver’
  751 |  module_driver(__i2c_driver, i2c_add_driver, \
      |  ^~~~~~~~~~~~~
drivers/media/dvb-frontends/au8522_decoder.c:838:1: note: in expansion of macro ‘module_i2c_driver’
  838 | module_i2c_driver(au8522_driver);
      | ^~~~~~~~~~~~~~~~~
In file included from ./include/linux/i2c.h:30,
                 from drivers/media/dvb-frontends/au8522_decoder.c:35:
drivers/media/dvb-frontends/au8522_decoder.c:838:19: note: ‘cleanup_module’ target declared here
  838 | module_i2c_driver(au8522_driver);
      |                   ^~~~~~~~~~~~~
./include/linux/device.h:1356:20: note: in definition of macro ‘module_driver’
 1356 | static void __exit __driver##_exit(void) \
      |                    ^~~~~~~~
drivers/media/dvb-frontends/au8522_decoder.c:838:1: note: in expansion of macro ‘module_i2c_driver’
  838 | module_i2c_driver(au8522_driver);
      | ^~~~~~~~~~~~~~~~~
In file included from drivers/media/dvb-frontends/au8522_priv.h:26,
                 from drivers/media/dvb-frontends/au8522_decoder.c:40:
./include/linux/module.h:132:6: warning: ‘init_module’ specifies less restrictive attribute than its target ‘au8522_driver_init’: ‘cold’ [-Wmissing-attributes]
  132 |  int init_module(void) __attribute__((alias(#initfn)));
      |      ^~~~~~~~~~~
./include/linux/device.h:1355:1: note: in expansion of macro ‘module_init’
 1355 | module_init(__driver##_init); \
      | ^~~~~~~~~~~
./include/linux/i2c.h:751:2: note: in expansion of macro ‘module_driver’
  751 |  module_driver(__i2c_driver, i2c_add_driver, \
      |  ^~~~~~~~~~~~~
drivers/media/dvb-frontends/au8522_decoder.c:838:1: note: in expansion of macro ‘module_i2c_driver’
  838 | module_i2c_driver(au8522_driver);
      | ^~~~~~~~~~~~~~~~~
In file included from ./include/linux/i2c.h:30,
                 from drivers/media/dvb-frontends/au8522_decoder.c:35:
drivers/media/dvb-frontends/au8522_decoder.c:838:19: note: ‘init_module’ target declared here
  838 | module_i2c_driver(au8522_driver);
      |                   ^~~~~~~~~~~~~
./include/linux/device.h:1351:19: note: in definition of macro ‘module_driver’
 1351 | static int __init __driver##_init(void) \
      |                   ^~~~~~~~
drivers/media/dvb-frontends/au8522_decoder.c:838:1: note: in expansion of macro ‘module_i2c_driver’
  838 | module_i2c_driver(au8522_driver);
      | ^~~~~~~~~~~~~~~~~
  CC [M]  drivers/media/dvb-frontends/tda10048.o
  CC [M]  drivers/media/dvb-frontends/cx24113.o
  CC [M]  drivers/media/dvb-frontends/s5h1411.o
  CC [M]  drivers/media/dvb-frontends/lgs8gl5.o
  CC [M]  drivers/media/dvb-frontends/tda665x.o
  CC [M]  drivers/media/dvb-frontends/lgs8gxx.o
  CC [M]  drivers/media/dvb-frontends/atbm8830.o
  CC [M]  drivers/media/dvb-frontends/af9013.o
  CC [M]  drivers/media/dvb-frontends/cx24116.o
  CC [M]  drivers/media/dvb-frontends/cx24117.o
  CC [M]  drivers/media/dvb-frontends/cx24120.o
  CC [M]  drivers/media/dvb-frontends/si21xx.o
  CC [M]  drivers/media/dvb-frontends/si2168.o
In file included from ./drivers/media/dvb-core/dvb_frontend.h:39,
                 from drivers/media/dvb-frontends/si2168_priv.h:21,
                 from drivers/media/dvb-frontends/si2168.c:17:
./include/linux/module.h:138:7: warning: ‘cleanup_module’ specifies less restrictive attribute than its target ‘si2168_driver_exit’: ‘cold’ [-Wmissing-attributes]
  138 |  void cleanup_module(void) __attribute__((alias(#exitfn)));
      |       ^~~~~~~~~~~~~~
./include/linux/device.h:1360:1: note: in expansion of macro ‘module_exit’
 1360 | module_exit(__driver##_exit);
      | ^~~~~~~~~~~
./include/linux/i2c.h:751:2: note: in expansion of macro ‘module_driver’
  751 |  module_driver(__i2c_driver, i2c_add_driver, \
      |  ^~~~~~~~~~~~~
drivers/media/dvb-frontends/si2168.c:756:1: note: in expansion of macro ‘module_i2c_driver’
  756 | module_i2c_driver(si2168_driver);
      | ^~~~~~~~~~~~~~~~~
In file included from ./include/linux/i2c.h:30,
                 from ./drivers/media/dvb-core/dvb_frontend.h:38,
                 from drivers/media/dvb-frontends/si2168_priv.h:21,
                 from drivers/media/dvb-frontends/si2168.c:17:
drivers/media/dvb-frontends/si2168.c:756:19: note: ‘cleanup_module’ target declared here
  756 | module_i2c_driver(si2168_driver);
      |                   ^~~~~~~~~~~~~
./include/linux/device.h:1356:20: note: in definition of macro ‘module_driver’
 1356 | static void __exit __driver##_exit(void) \
      |                    ^~~~~~~~
drivers/media/dvb-frontends/si2168.c:756:1: note: in expansion of macro ‘module_i2c_driver’
  756 | module_i2c_driver(si2168_driver);
      | ^~~~~~~~~~~~~~~~~
In file included from ./drivers/media/dvb-core/dvb_frontend.h:39,
                 from drivers/media/dvb-frontends/si2168_priv.h:21,
                 from drivers/media/dvb-frontends/si2168.c:17:
./include/linux/module.h:132:6: warning: ‘init_module’ specifies less restrictive attribute than its target ‘si2168_driver_init’: ‘cold’ [-Wmissing-attributes]
  132 |  int init_module(void) __attribute__((alias(#initfn)));
      |      ^~~~~~~~~~~
./include/linux/device.h:1355:1: note: in expansion of macro ‘module_init’
 1355 | module_init(__driver##_init); \
      | ^~~~~~~~~~~
./include/linux/i2c.h:751:2: note: in expansion of macro ‘module_driver’
  751 |  module_driver(__i2c_driver, i2c_add_driver, \
      |  ^~~~~~~~~~~~~
drivers/media/dvb-frontends/si2168.c:756:1: note: in expansion of macro ‘module_i2c_driver’
  756 | module_i2c_driver(si2168_driver);
      | ^~~~~~~~~~~~~~~~~
In file included from ./include/linux/i2c.h:30,
                 from ./drivers/media/dvb-core/dvb_frontend.h:38,
                 from drivers/media/dvb-frontends/si2168_priv.h:21,
                 from drivers/media/dvb-frontends/si2168.c:17:
drivers/media/dvb-frontends/si2168.c:756:19: note: ‘init_module’ target declared here
  756 | module_i2c_driver(si2168_driver);
      |                   ^~~~~~~~~~~~~
./include/linux/device.h:1351:19: note: in definition of macro ‘module_driver’
 1351 | static int __init __driver##_init(void) \
      |                   ^~~~~~~~
drivers/media/dvb-frontends/si2168.c:756:1: note: in expansion of macro ‘module_i2c_driver’
  756 | module_i2c_driver(si2168_driver);
      | ^~~~~~~~~~~~~~~~~
  CC [M]  drivers/media/dvb-frontends/stv0288.o
  CC [M]  drivers/media/dvb-frontends/stb6000.o
  CC [M]  drivers/media/dvb-frontends/s921.o
  CC [M]  drivers/media/dvb-frontends/stv6110.o
  CC [M]  drivers/media/dvb-frontends/stv0900_core.o
  CC [M]  drivers/media/dvb-frontends/stv0900_sw.o
  LD [M]  drivers/media/dvb-frontends/stv0900.o
  CC [M]  drivers/media/dvb-frontends/stv090x.o
  CC [M]  drivers/media/dvb-frontends/stv6110x.o
  CC [M]  drivers/media/dvb-frontends/m88ds3103.o
In file included from ./drivers/media/dvb-core/dvb_frontend.h:39,
                 from drivers/media/dvb-frontends/m88ds3103_priv.h:20,
                 from drivers/media/dvb-frontends/m88ds3103.c:17:
./include/linux/module.h:138:7: warning: ‘cleanup_module’ specifies less restrictive attribute than its target ‘m88ds3103_driver_exit’: ‘cold’ [-Wmissing-attributes]
  138 |  void cleanup_module(void) __attribute__((alias(#exitfn)));
      |       ^~~~~~~~~~~~~~
./include/linux/device.h:1360:1: note: in expansion of macro ‘module_exit’
 1360 | module_exit(__driver##_exit);
      | ^~~~~~~~~~~
./include/linux/i2c.h:751:2: note: in expansion of macro ‘module_driver’
  751 |  module_driver(__i2c_driver, i2c_add_driver, \
      |  ^~~~~~~~~~~~~
drivers/media/dvb-frontends/m88ds3103.c:1516:1: note: in expansion of macro ‘module_i2c_driver’
 1516 | module_i2c_driver(m88ds3103_driver);
      | ^~~~~~~~~~~~~~~~~
In file included from ./include/linux/i2c.h:30,
                 from ./drivers/media/dvb-core/dvb_frontend.h:38,
                 from drivers/media/dvb-frontends/m88ds3103_priv.h:20,
                 from drivers/media/dvb-frontends/m88ds3103.c:17:
drivers/media/dvb-frontends/m88ds3103.c:1516:19: note: ‘cleanup_module’ target declared here
 1516 | module_i2c_driver(m88ds3103_driver);
      |                   ^~~~~~~~~~~~~~~~
./include/linux/device.h:1356:20: note: in definition of macro ‘module_driver’
 1356 | static void __exit __driver##_exit(void) \
      |                    ^~~~~~~~
drivers/media/dvb-frontends/m88ds3103.c:1516:1: note: in expansion of macro ‘module_i2c_driver’
 1516 | module_i2c_driver(m88ds3103_driver);
      | ^~~~~~~~~~~~~~~~~
In file included from ./drivers/media/dvb-core/dvb_frontend.h:39,
                 from drivers/media/dvb-frontends/m88ds3103_priv.h:20,
                 from drivers/media/dvb-frontends/m88ds3103.c:17:
./include/linux/module.h:132:6: warning: ‘init_module’ specifies less restrictive attribute than its target ‘m88ds3103_driver_init’: ‘cold’ [-Wmissing-attributes]
  132 |  int init_module(void) __attribute__((alias(#initfn)));
      |      ^~~~~~~~~~~
./include/linux/device.h:1355:1: note: in expansion of macro ‘module_init’
 1355 | module_init(__driver##_init); \
      | ^~~~~~~~~~~
./include/linux/i2c.h:751:2: note: in expansion of macro ‘module_driver’
  751 |  module_driver(__i2c_driver, i2c_add_driver, \
      |  ^~~~~~~~~~~~~
drivers/media/dvb-frontends/m88ds3103.c:1516:1: note: in expansion of macro ‘module_i2c_driver’
 1516 | module_i2c_driver(m88ds3103_driver);
      | ^~~~~~~~~~~~~~~~~
In file included from ./include/linux/i2c.h:30,
                 from ./drivers/media/dvb-core/dvb_frontend.h:38,
                 from drivers/media/dvb-frontends/m88ds3103_priv.h:20,
                 from drivers/media/dvb-frontends/m88ds3103.c:17:
drivers/media/dvb-frontends/m88ds3103.c:1516:19: note: ‘init_module’ target declared here
 1516 | module_i2c_driver(m88ds3103_driver);
      |                   ^~~~~~~~~~~~~~~~
./include/linux/device.h:1351:19: note: in definition of macro ‘module_driver’
 1351 | static int __init __driver##_init(void) \
      |                   ^~~~~~~~
drivers/media/dvb-frontends/m88ds3103.c:1516:1: note: in expansion of macro ‘module_i2c_driver’
 1516 | module_i2c_driver(m88ds3103_driver);
      | ^~~~~~~~~~~~~~~~~
  CC [M]  drivers/media/dvb-frontends/mn88472.o
In file included from ./drivers/media/dvb-core/dvb_frontend.h:39,
                 from drivers/media/dvb-frontends/mn88472_priv.h:20,
                 from drivers/media/dvb-frontends/mn88472.c:17:
./include/linux/module.h:138:7: warning: ‘cleanup_module’ specifies less restrictive attribute than its target ‘mn88472_driver_exit’: ‘cold’ [-Wmissing-attributes]
  138 |  void cleanup_module(void) __attribute__((alias(#exitfn)));
      |       ^~~~~~~~~~~~~~
./include/linux/device.h:1360:1: note: in expansion of macro ‘module_exit’
 1360 | module_exit(__driver##_exit);
      | ^~~~~~~~~~~
./include/linux/i2c.h:751:2: note: in expansion of macro ‘module_driver’
  751 |  module_driver(__i2c_driver, i2c_add_driver, \
      |  ^~~~~~~~~~~~~
drivers/media/dvb-frontends/mn88472.c:608:1: note: in expansion of macro ‘module_i2c_driver’
  608 | module_i2c_driver(mn88472_driver);
      | ^~~~~~~~~~~~~~~~~
In file included from ./include/linux/i2c.h:30,
                 from ./drivers/media/dvb-core/dvb_frontend.h:38,
                 from drivers/media/dvb-frontends/mn88472_priv.h:20,
                 from drivers/media/dvb-frontends/mn88472.c:17:
drivers/media/dvb-frontends/mn88472.c:608:19: note: ‘cleanup_module’ target declared here
  608 | module_i2c_driver(mn88472_driver);
      |                   ^~~~~~~~~~~~~~
./include/linux/device.h:1356:20: note: in definition of macro ‘module_driver’
 1356 | static void __exit __driver##_exit(void) \
      |                    ^~~~~~~~
drivers/media/dvb-frontends/mn88472.c:608:1: note: in expansion of macro ‘module_i2c_driver’
  608 | module_i2c_driver(mn88472_driver);
      | ^~~~~~~~~~~~~~~~~
In file included from ./drivers/media/dvb-core/dvb_frontend.h:39,
                 from drivers/media/dvb-frontends/mn88472_priv.h:20,
                 from drivers/media/dvb-frontends/mn88472.c:17:
./include/linux/module.h:132:6: warning: ‘init_module’ specifies less restrictive attribute than its target ‘mn88472_driver_init’: ‘cold’ [-Wmissing-attributes]
  132 |  int init_module(void) __attribute__((alias(#initfn)));
      |      ^~~~~~~~~~~
./include/linux/device.h:1355:1: note: in expansion of macro ‘module_init’
 1355 | module_init(__driver##_init); \
      | ^~~~~~~~~~~
./include/linux/i2c.h:751:2: note: in expansion of macro ‘module_driver’
  751 |  module_driver(__i2c_driver, i2c_add_driver, \
      |  ^~~~~~~~~~~~~
drivers/media/dvb-frontends/mn88472.c:608:1: note: in expansion of macro ‘module_i2c_driver’
  608 | module_i2c_driver(mn88472_driver);
      | ^~~~~~~~~~~~~~~~~
In file included from ./include/linux/i2c.h:30,
                 from ./drivers/media/dvb-core/dvb_frontend.h:38,
                 from drivers/media/dvb-frontends/mn88472_priv.h:20,
                 from drivers/media/dvb-frontends/mn88472.c:17:
drivers/media/dvb-frontends/mn88472.c:608:19: note: ‘init_module’ target declared here
  608 | module_i2c_driver(mn88472_driver);
      |                   ^~~~~~~~~~~~~~
./include/linux/device.h:1351:19: note: in definition of macro ‘module_driver’
 1351 | static int __init __driver##_init(void) \
      |                   ^~~~~~~~
drivers/media/dvb-frontends/mn88472.c:608:1: note: in expansion of macro ‘module_i2c_driver’
  608 | module_i2c_driver(mn88472_driver);
      | ^~~~~~~~~~~~~~~~~
  CC [M]  drivers/media/dvb-frontends/mn88473.o
In file included from ./drivers/media/dvb-core/dvb_frontend.h:39,
                 from drivers/media/dvb-frontends/mn88473_priv.h:20,
                 from drivers/media/dvb-frontends/mn88473.c:17:
./include/linux/module.h:138:7: warning: ‘cleanup_module’ specifies less restrictive attribute than its target ‘mn88473_driver_exit’: ‘cold’ [-Wmissing-attributes]
  138 |  void cleanup_module(void) __attribute__((alias(#exitfn)));
      |       ^~~~~~~~~~~~~~
./include/linux/device.h:1360:1: note: in expansion of macro ‘module_exit’
 1360 | module_exit(__driver##_exit);
      | ^~~~~~~~~~~
./include/linux/i2c.h:751:2: note: in expansion of macro ‘module_driver’
  751 |  module_driver(__i2c_driver, i2c_add_driver, \
      |  ^~~~~~~~~~~~~
drivers/media/dvb-frontends/mn88473.c:602:1: note: in expansion of macro ‘module_i2c_driver’
  602 | module_i2c_driver(mn88473_driver);
      | ^~~~~~~~~~~~~~~~~
In file included from ./include/linux/i2c.h:30,
                 from ./drivers/media/dvb-core/dvb_frontend.h:38,
                 from drivers/media/dvb-frontends/mn88473_priv.h:20,
                 from drivers/media/dvb-frontends/mn88473.c:17:
drivers/media/dvb-frontends/mn88473.c:602:19: note: ‘cleanup_module’ target declared here
  602 | module_i2c_driver(mn88473_driver);
      |                   ^~~~~~~~~~~~~~
./include/linux/device.h:1356:20: note: in definition of macro ‘module_driver’
 1356 | static void __exit __driver##_exit(void) \
      |                    ^~~~~~~~
drivers/media/dvb-frontends/mn88473.c:602:1: note: in expansion of macro ‘module_i2c_driver’
  602 | module_i2c_driver(mn88473_driver);
      | ^~~~~~~~~~~~~~~~~
In file included from ./drivers/media/dvb-core/dvb_frontend.h:39,
                 from drivers/media/dvb-frontends/mn88473_priv.h:20,
                 from drivers/media/dvb-frontends/mn88473.c:17:
./include/linux/module.h:132:6: warning: ‘init_module’ specifies less restrictive attribute than its target ‘mn88473_driver_init’: ‘cold’ [-Wmissing-attributes]
  132 |  int init_module(void) __attribute__((alias(#initfn)));
      |      ^~~~~~~~~~~
./include/linux/device.h:1355:1: note: in expansion of macro ‘module_init’
 1355 | module_init(__driver##_init); \
      | ^~~~~~~~~~~
./include/linux/i2c.h:751:2: note: in expansion of macro ‘module_driver’
  751 |  module_driver(__i2c_driver, i2c_add_driver, \
      |  ^~~~~~~~~~~~~
drivers/media/dvb-frontends/mn88473.c:602:1: note: in expansion of macro ‘module_i2c_driver’
  602 | module_i2c_driver(mn88473_driver);
      | ^~~~~~~~~~~~~~~~~
In file included from ./include/linux/i2c.h:30,
                 from ./drivers/media/dvb-core/dvb_frontend.h:38,
                 from drivers/media/dvb-frontends/mn88473_priv.h:20,
                 from drivers/media/dvb-frontends/mn88473.c:17:
drivers/media/dvb-frontends/mn88473.c:602:19: note: ‘init_module’ target declared here
  602 | module_i2c_driver(mn88473_driver);
      |                   ^~~~~~~~~~~~~~
./include/linux/device.h:1351:19: note: in definition of macro ‘module_driver’
 1351 | static int __init __driver##_init(void) \
      |                   ^~~~~~~~
drivers/media/dvb-frontends/mn88473.c:602:1: note: in expansion of macro ‘module_i2c_driver’
  602 | module_i2c_driver(mn88473_driver);
      | ^~~~~~~~~~~~~~~~~
  CC [M]  drivers/media/dvb-frontends/isl6423.o
  CC [M]  drivers/media/dvb-frontends/ec100.o
  CC [M]  drivers/media/dvb-frontends/hd29l2.o
  CC [M]  drivers/media/dvb-frontends/ds3000.o
  CC [M]  drivers/media/dvb-frontends/ts2020.o
drivers/media/dvb-frontends/ts2020.c: In function ‘ts2020_stat_work’:
drivers/media/dvb-frontends/ts2020.c:447:40: warning: taking address of packed member of ‘struct dtv_stats’ may result in an unaligned pointer value [-Waddress-of-packed-member]
  447 |  ret = ts2020_get_tuner_gain(priv->fe, &c->strength.stat[0].svalue);
      |                                        ^~~~~~~~~~~~~~~~~~~~~~~~~~~
In file included from ./drivers/media/dvb-core/dvb_frontend.h:39,
                 from drivers/media/dvb-frontends/ts2020.c:22:
drivers/media/dvb-frontends/ts2020.c: At top level:
./include/linux/module.h:138:7: warning: ‘cleanup_module’ specifies less restrictive attribute than its target ‘ts2020_driver_exit’: ‘cold’ [-Wmissing-attributes]
  138 |  void cleanup_module(void) __attribute__((alias(#exitfn)));
      |       ^~~~~~~~~~~~~~
./include/linux/device.h:1360:1: note: in expansion of macro ‘module_exit’
 1360 | module_exit(__driver##_exit);
      | ^~~~~~~~~~~
./include/linux/i2c.h:751:2: note: in expansion of macro ‘module_driver’
  751 |  module_driver(__i2c_driver, i2c_add_driver, \
      |  ^~~~~~~~~~~~~
drivers/media/dvb-frontends/ts2020.c:740:1: note: in expansion of macro ‘module_i2c_driver’
  740 | module_i2c_driver(ts2020_driver);
      | ^~~~~~~~~~~~~~~~~
In file included from ./include/linux/i2c.h:30,
                 from ./drivers/media/dvb-core/dvb_frontend.h:38,
                 from drivers/media/dvb-frontends/ts2020.c:22:
drivers/media/dvb-frontends/ts2020.c:740:19: note: ‘cleanup_module’ target declared here
  740 | module_i2c_driver(ts2020_driver);
      |                   ^~~~~~~~~~~~~
./include/linux/device.h:1356:20: note: in definition of macro ‘module_driver’
 1356 | static void __exit __driver##_exit(void) \
      |                    ^~~~~~~~
drivers/media/dvb-frontends/ts2020.c:740:1: note: in expansion of macro ‘module_i2c_driver’
  740 | module_i2c_driver(ts2020_driver);
      | ^~~~~~~~~~~~~~~~~
In file included from ./drivers/media/dvb-core/dvb_frontend.h:39,
                 from drivers/media/dvb-frontends/ts2020.c:22:
./include/linux/module.h:132:6: warning: ‘init_module’ specifies less restrictive attribute than its target ‘ts2020_driver_init’: ‘cold’ [-Wmissing-attributes]
  132 |  int init_module(void) __attribute__((alias(#initfn)));
      |      ^~~~~~~~~~~
./include/linux/device.h:1355:1: note: in expansion of macro ‘module_init’
 1355 | module_init(__driver##_init); \
      | ^~~~~~~~~~~
./include/linux/i2c.h:751:2: note: in expansion of macro ‘module_driver’
  751 |  module_driver(__i2c_driver, i2c_add_driver, \
      |  ^~~~~~~~~~~~~
drivers/media/dvb-frontends/ts2020.c:740:1: note: in expansion of macro ‘module_i2c_driver’
  740 | module_i2c_driver(ts2020_driver);
      | ^~~~~~~~~~~~~~~~~
In file included from ./include/linux/i2c.h:30,
                 from ./drivers/media/dvb-core/dvb_frontend.h:38,
                 from drivers/media/dvb-frontends/ts2020.c:22:
drivers/media/dvb-frontends/ts2020.c:740:19: note: ‘init_module’ target declared here
  740 | module_i2c_driver(ts2020_driver);
      |                   ^~~~~~~~~~~~~
./include/linux/device.h:1351:19: note: in definition of macro ‘module_driver’
 1351 | static int __init __driver##_init(void) \
      |                   ^~~~~~~~
drivers/media/dvb-frontends/ts2020.c:740:1: note: in expansion of macro ‘module_i2c_driver’
  740 | module_i2c_driver(ts2020_driver);
      | ^~~~~~~~~~~~~~~~~
  CC [M]  drivers/media/dvb-frontends/mb86a16.o
  CC [M]  drivers/media/dvb-frontends/mb86a20s.o
  CC [M]  drivers/media/dvb-frontends/ix2505v.o
  CC [M]  drivers/media/dvb-frontends/stv0367.o
  CC [M]  drivers/media/dvb-frontends/cxd2820r_core.o
In file included from ./drivers/media/dvb-core/dvb_frontend.h:39,
                 from drivers/media/dvb-frontends/cxd2820r_priv.h:26,
                 from drivers/media/dvb-frontends/cxd2820r_core.c:22:
./include/linux/module.h:138:7: warning: ‘cleanup_module’ specifies less restrictive attribute than its target ‘cxd2820r_driver_exit’: ‘cold’ [-Wmissing-attributes]
  138 |  void cleanup_module(void) __attribute__((alias(#exitfn)));
      |       ^~~~~~~~~~~~~~
./include/linux/device.h:1360:1: note: in expansion of macro ‘module_exit’
 1360 | module_exit(__driver##_exit);
      | ^~~~~~~~~~~
./include/linux/i2c.h:751:2: note: in expansion of macro ‘module_driver’
  751 |  module_driver(__i2c_driver, i2c_add_driver, \
      |  ^~~~~~~~~~~~~
drivers/media/dvb-frontends/cxd2820r_core.c:758:1: note: in expansion of macro ‘module_i2c_driver’
  758 | module_i2c_driver(cxd2820r_driver);
      | ^~~~~~~~~~~~~~~~~
In file included from ./include/linux/i2c.h:30,
                 from ./drivers/media/dvb-core/dvb_frontend.h:38,
                 from drivers/media/dvb-frontends/cxd2820r_priv.h:26,
                 from drivers/media/dvb-frontends/cxd2820r_core.c:22:
drivers/media/dvb-frontends/cxd2820r_core.c:758:19: note: ‘cleanup_module’ target declared here
  758 | module_i2c_driver(cxd2820r_driver);
      |                   ^~~~~~~~~~~~~~~
./include/linux/device.h:1356:20: note: in definition of macro ‘module_driver’
 1356 | static void __exit __driver##_exit(void) \
      |                    ^~~~~~~~
drivers/media/dvb-frontends/cxd2820r_core.c:758:1: note: in expansion of macro ‘module_i2c_driver’
  758 | module_i2c_driver(cxd2820r_driver);
      | ^~~~~~~~~~~~~~~~~
In file included from ./drivers/media/dvb-core/dvb_frontend.h:39,
                 from drivers/media/dvb-frontends/cxd2820r_priv.h:26,
                 from drivers/media/dvb-frontends/cxd2820r_core.c:22:
./include/linux/module.h:132:6: warning: ‘init_module’ specifies less restrictive attribute than its target ‘cxd2820r_driver_init’: ‘cold’ [-Wmissing-attributes]
  132 |  int init_module(void) __attribute__((alias(#initfn)));
      |      ^~~~~~~~~~~
./include/linux/device.h:1355:1: note: in expansion of macro ‘module_init’
 1355 | module_init(__driver##_init); \
      | ^~~~~~~~~~~
./include/linux/i2c.h:751:2: note: in expansion of macro ‘module_driver’
  751 |  module_driver(__i2c_driver, i2c_add_driver, \
      |  ^~~~~~~~~~~~~
drivers/media/dvb-frontends/cxd2820r_core.c:758:1: note: in expansion of macro ‘module_i2c_driver’
  758 | module_i2c_driver(cxd2820r_driver);
      | ^~~~~~~~~~~~~~~~~
In file included from ./include/linux/i2c.h:30,
                 from ./drivers/media/dvb-core/dvb_frontend.h:38,
                 from drivers/media/dvb-frontends/cxd2820r_priv.h:26,
                 from drivers/media/dvb-frontends/cxd2820r_core.c:22:
drivers/media/dvb-frontends/cxd2820r_core.c:758:19: note: ‘init_module’ target declared here
  758 | module_i2c_driver(cxd2820r_driver);
      |                   ^~~~~~~~~~~~~~~
./include/linux/device.h:1351:19: note: in definition of macro ‘module_driver’
 1351 | static int __init __driver##_init(void) \
      |                   ^~~~~~~~
drivers/media/dvb-frontends/cxd2820r_core.c:758:1: note: in expansion of macro ‘module_i2c_driver’
  758 | module_i2c_driver(cxd2820r_driver);
      | ^~~~~~~~~~~~~~~~~
  CC [M]  drivers/media/dvb-frontends/cxd2820r_c.o
  CC [M]  drivers/media/dvb-frontends/cxd2820r_t.o
  CC [M]  drivers/media/dvb-frontends/cxd2820r_t2.o
  LD [M]  drivers/media/dvb-frontends/cxd2820r.o
  CC [M]  drivers/media/dvb-frontends/cxd2841er.o
  CC [M]  drivers/media/dvb-frontends/drxk_hard.o
drivers/media/dvb-frontends/drxk_hard.c: In function ‘drxk_get_stats’:
drivers/media/dvb-frontends/drxk_hard.c:6553:22: warning: taking address of packed member of ‘struct dtv_stats’ may result in an unaligned pointer value [-Waddress-of-packed-member]
 6553 |  get_strength(state, &c->strength.stat[0].uvalue);
      |                      ^~~~~~~~~~~~~~~~~~~~~~~~~~~
  LD [M]  drivers/media/dvb-frontends/drxk.o
  CC [M]  drivers/media/dvb-frontends/tda18271c2dd.o
  CC [M]  drivers/media/dvb-frontends/si2165.o
In file included from drivers/media/dvb-frontends/si2165.c:24:
./include/linux/module.h:138:7: warning: ‘cleanup_module’ specifies less restrictive attribute than its target ‘si2165_driver_exit’: ‘cold’ [-Wmissing-attributes]
  138 |  void cleanup_module(void) __attribute__((alias(#exitfn)));
      |       ^~~~~~~~~~~~~~
./include/linux/device.h:1360:1: note: in expansion of macro ‘module_exit’
 1360 | module_exit(__driver##_exit);
      | ^~~~~~~~~~~
./include/linux/i2c.h:751:2: note: in expansion of macro ‘module_driver’
  751 |  module_driver(__i2c_driver, i2c_add_driver, \
      |  ^~~~~~~~~~~~~
drivers/media/dvb-frontends/si2165.c:1174:1: note: in expansion of macro ‘module_i2c_driver’
 1174 | module_i2c_driver(si2165_driver);
      | ^~~~~~~~~~~~~~~~~
In file included from ./include/linux/i2c.h:30,
                 from ./drivers/media/dvb-core/dvb_frontend.h:38,
                 from drivers/media/dvb-frontends/si2165.c:30:
drivers/media/dvb-frontends/si2165.c:1174:19: note: ‘cleanup_module’ target declared here
 1174 | module_i2c_driver(si2165_driver);
      |                   ^~~~~~~~~~~~~
./include/linux/device.h:1356:20: note: in definition of macro ‘module_driver’
 1356 | static void __exit __driver##_exit(void) \
      |                    ^~~~~~~~
drivers/media/dvb-frontends/si2165.c:1174:1: note: in expansion of macro ‘module_i2c_driver’
 1174 | module_i2c_driver(si2165_driver);
      | ^~~~~~~~~~~~~~~~~
In file included from drivers/media/dvb-frontends/si2165.c:24:
./include/linux/module.h:132:6: warning: ‘init_module’ specifies less restrictive attribute than its target ‘si2165_driver_init’: ‘cold’ [-Wmissing-attributes]
  132 |  int init_module(void) __attribute__((alias(#initfn)));
      |      ^~~~~~~~~~~
./include/linux/device.h:1355:1: note: in expansion of macro ‘module_init’
 1355 | module_init(__driver##_init); \
      | ^~~~~~~~~~~
./include/linux/i2c.h:751:2: note: in expansion of macro ‘module_driver’
  751 |  module_driver(__i2c_driver, i2c_add_driver, \
      |  ^~~~~~~~~~~~~
drivers/media/dvb-frontends/si2165.c:1174:1: note: in expansion of macro ‘module_i2c_driver’
 1174 | module_i2c_driver(si2165_driver);
      | ^~~~~~~~~~~~~~~~~
In file included from ./include/linux/i2c.h:30,
                 from ./drivers/media/dvb-core/dvb_frontend.h:38,
                 from drivers/media/dvb-frontends/si2165.c:30:
drivers/media/dvb-frontends/si2165.c:1174:19: note: ‘init_module’ target declared here
 1174 | module_i2c_driver(si2165_driver);
      |                   ^~~~~~~~~~~~~
./include/linux/device.h:1351:19: note: in definition of macro ‘module_driver’
 1351 | static int __init __driver##_init(void) \
      |                   ^~~~~~~~
drivers/media/dvb-frontends/si2165.c:1174:1: note: in expansion of macro ‘module_i2c_driver’
 1174 | module_i2c_driver(si2165_driver);
      | ^~~~~~~~~~~~~~~~~
  CC [M]  drivers/media/dvb-frontends/a8293.o
In file included from ./drivers/media/dvb-core/dvb_frontend.h:39,
                 from drivers/media/dvb-frontends/a8293.h:20,
                 from drivers/media/dvb-frontends/a8293.c:17:
./include/linux/module.h:138:7: warning: ‘cleanup_module’ specifies less restrictive attribute than its target ‘a8293_driver_exit’: ‘cold’ [-Wmissing-attributes]
  138 |  void cleanup_module(void) __attribute__((alias(#exitfn)));
      |       ^~~~~~~~~~~~~~
./include/linux/device.h:1360:1: note: in expansion of macro ‘module_exit’
 1360 | module_exit(__driver##_exit);
      | ^~~~~~~~~~~
./include/linux/i2c.h:751:2: note: in expansion of macro ‘module_driver’
  751 |  module_driver(__i2c_driver, i2c_add_driver, \
      |  ^~~~~~~~~~~~~
drivers/media/dvb-frontends/a8293.c:136:1: note: in expansion of macro ‘module_i2c_driver’
  136 | module_i2c_driver(a8293_driver);
      | ^~~~~~~~~~~~~~~~~
In file included from ./include/linux/i2c.h:30,
                 from ./drivers/media/dvb-core/dvb_frontend.h:38,
                 from drivers/media/dvb-frontends/a8293.h:20,
                 from drivers/media/dvb-frontends/a8293.c:17:
drivers/media/dvb-frontends/a8293.c:136:19: note: ‘cleanup_module’ target declared here
  136 | module_i2c_driver(a8293_driver);
      |                   ^~~~~~~~~~~~
./include/linux/device.h:1356:20: note: in definition of macro ‘module_driver’
 1356 | static void __exit __driver##_exit(void) \
      |                    ^~~~~~~~
drivers/media/dvb-frontends/a8293.c:136:1: note: in expansion of macro ‘module_i2c_driver’
  136 | module_i2c_driver(a8293_driver);
      | ^~~~~~~~~~~~~~~~~
In file included from ./drivers/media/dvb-core/dvb_frontend.h:39,
                 from drivers/media/dvb-frontends/a8293.h:20,
                 from drivers/media/dvb-frontends/a8293.c:17:
./include/linux/module.h:132:6: warning: ‘init_module’ specifies less restrictive attribute than its target ‘a8293_driver_init’: ‘cold’ [-Wmissing-attributes]
  132 |  int init_module(void) __attribute__((alias(#initfn)));
      |      ^~~~~~~~~~~
./include/linux/device.h:1355:1: note: in expansion of macro ‘module_init’
 1355 | module_init(__driver##_init); \
      | ^~~~~~~~~~~
./include/linux/i2c.h:751:2: note: in expansion of macro ‘module_driver’
  751 |  module_driver(__i2c_driver, i2c_add_driver, \
      |  ^~~~~~~~~~~~~
drivers/media/dvb-frontends/a8293.c:136:1: note: in expansion of macro ‘module_i2c_driver’
  136 | module_i2c_driver(a8293_driver);
      | ^~~~~~~~~~~~~~~~~
In file included from ./include/linux/i2c.h:30,
                 from ./drivers/media/dvb-core/dvb_frontend.h:38,
                 from drivers/media/dvb-frontends/a8293.h:20,
                 from drivers/media/dvb-frontends/a8293.c:17:
drivers/media/dvb-frontends/a8293.c:136:19: note: ‘init_module’ target declared here
  136 | module_i2c_driver(a8293_driver);
      |                   ^~~~~~~~~~~~
./include/linux/device.h:1351:19: note: in definition of macro ‘module_driver’
 1351 | static int __init __driver##_init(void) \
      |                   ^~~~~~~~
drivers/media/dvb-frontends/a8293.c:136:1: note: in expansion of macro ‘module_i2c_driver’
  136 | module_i2c_driver(a8293_driver);
      | ^~~~~~~~~~~~~~~~~
  CC [M]  drivers/media/dvb-frontends/sp2.o
In file included from ./drivers/media/dvb-core/dvb_frontend.h:39,
                 from drivers/media/dvb-frontends/sp2_priv.h:21,
                 from drivers/media/dvb-frontends/sp2.c:24:
./include/linux/module.h:138:7: warning: ‘cleanup_module’ specifies less restrictive attribute than its target ‘sp2_driver_exit’: ‘cold’ [-Wmissing-attributes]
  138 |  void cleanup_module(void) __attribute__((alias(#exitfn)));
      |       ^~~~~~~~~~~~~~
./include/linux/device.h:1360:1: note: in expansion of macro ‘module_exit’
 1360 | module_exit(__driver##_exit);
      | ^~~~~~~~~~~
./include/linux/i2c.h:751:2: note: in expansion of macro ‘module_driver’
  751 |  module_driver(__i2c_driver, i2c_add_driver, \
      |  ^~~~~~~~~~~~~
drivers/media/dvb-frontends/sp2.c:436:1: note: in expansion of macro ‘module_i2c_driver’
  436 | module_i2c_driver(sp2_driver);
      | ^~~~~~~~~~~~~~~~~
In file included from ./include/media/media-devnode.h:33,
                 from ./include/media/media-device.h:29,
                 from ./drivers/media/dvb-core/dvbdev.h:30,
                 from ./drivers/media/dvb-core/dvb_ca_en50221.h:23,
                 from drivers/media/dvb-frontends/sp2.h:20,
                 from drivers/media/dvb-frontends/sp2_priv.h:20,
                 from drivers/media/dvb-frontends/sp2.c:24:
drivers/media/dvb-frontends/sp2.c:436:19: note: ‘cleanup_module’ target declared here
  436 | module_i2c_driver(sp2_driver);
      |                   ^~~~~~~~~~
./include/linux/device.h:1356:20: note: in definition of macro ‘module_driver’
 1356 | static void __exit __driver##_exit(void) \
      |                    ^~~~~~~~
drivers/media/dvb-frontends/sp2.c:436:1: note: in expansion of macro ‘module_i2c_driver’
  436 | module_i2c_driver(sp2_driver);
      | ^~~~~~~~~~~~~~~~~
In file included from ./drivers/media/dvb-core/dvb_frontend.h:39,
                 from drivers/media/dvb-frontends/sp2_priv.h:21,
                 from drivers/media/dvb-frontends/sp2.c:24:
./include/linux/module.h:132:6: warning: ‘init_module’ specifies less restrictive attribute than its target ‘sp2_driver_init’: ‘cold’ [-Wmissing-attributes]
  132 |  int init_module(void) __attribute__((alias(#initfn)));
      |      ^~~~~~~~~~~
./include/linux/device.h:1355:1: note: in expansion of macro ‘module_init’
 1355 | module_init(__driver##_init); \
      | ^~~~~~~~~~~
./include/linux/i2c.h:751:2: note: in expansion of macro ‘module_driver’
  751 |  module_driver(__i2c_driver, i2c_add_driver, \
      |  ^~~~~~~~~~~~~
drivers/media/dvb-frontends/sp2.c:436:1: note: in expansion of macro ‘module_i2c_driver’
  436 | module_i2c_driver(sp2_driver);
      | ^~~~~~~~~~~~~~~~~
In file included from ./include/media/media-devnode.h:33,
                 from ./include/media/media-device.h:29,
                 from ./drivers/media/dvb-core/dvbdev.h:30,
                 from ./drivers/media/dvb-core/dvb_ca_en50221.h:23,
                 from drivers/media/dvb-frontends/sp2.h:20,
                 from drivers/media/dvb-frontends/sp2_priv.h:20,
                 from drivers/media/dvb-frontends/sp2.c:24:
drivers/media/dvb-frontends/sp2.c:436:19: note: ‘init_module’ target declared here
  436 | module_i2c_driver(sp2_driver);
      |                   ^~~~~~~~~~
./include/linux/device.h:1351:19: note: in definition of macro ‘module_driver’
 1351 | static int __init __driver##_init(void) \
      |                   ^~~~~~~~
drivers/media/dvb-frontends/sp2.c:436:1: note: in expansion of macro ‘module_i2c_driver’
  436 | module_i2c_driver(sp2_driver);
      | ^~~~~~~~~~~~~~~~~
  CC [M]  drivers/media/dvb-frontends/tda10071.o
In file included from ./drivers/media/dvb-core/dvb_frontend.h:39,
                 from drivers/media/dvb-frontends/tda10071_priv.h:24,
                 from drivers/media/dvb-frontends/tda10071.c:21:
./include/linux/module.h:138:7: warning: ‘cleanup_module’ specifies less restrictive attribute than its target ‘tda10071_driver_exit’: ‘cold’ [-Wmissing-attributes]
  138 |  void cleanup_module(void) __attribute__((alias(#exitfn)));
      |       ^~~~~~~~~~~~~~
./include/linux/device.h:1360:1: note: in expansion of macro ‘module_exit’
 1360 | module_exit(__driver##_exit);
      | ^~~~~~~~~~~
./include/linux/i2c.h:751:2: note: in expansion of macro ‘module_driver’
  751 |  module_driver(__i2c_driver, i2c_add_driver, \
      |  ^~~~~~~~~~~~~
drivers/media/dvb-frontends/tda10071.c:1262:1: note: in expansion of macro ‘module_i2c_driver’
 1262 | module_i2c_driver(tda10071_driver);
      | ^~~~~~~~~~~~~~~~~
In file included from ./include/linux/i2c.h:30,
                 from ./drivers/media/dvb-core/dvb_frontend.h:38,
                 from drivers/media/dvb-frontends/tda10071_priv.h:24,
                 from drivers/media/dvb-frontends/tda10071.c:21:
drivers/media/dvb-frontends/tda10071.c:1262:19: note: ‘cleanup_module’ target declared here
 1262 | module_i2c_driver(tda10071_driver);
      |                   ^~~~~~~~~~~~~~~
./include/linux/device.h:1356:20: note: in definition of macro ‘module_driver’
 1356 | static void __exit __driver##_exit(void) \
      |                    ^~~~~~~~
drivers/media/dvb-frontends/tda10071.c:1262:1: note: in expansion of macro ‘module_i2c_driver’
 1262 | module_i2c_driver(tda10071_driver);
      | ^~~~~~~~~~~~~~~~~
In file included from ./drivers/media/dvb-core/dvb_frontend.h:39,
                 from drivers/media/dvb-frontends/tda10071_priv.h:24,
                 from drivers/media/dvb-frontends/tda10071.c:21:
./include/linux/module.h:132:6: warning: ‘init_module’ specifies less restrictive attribute than its target ‘tda10071_driver_init’: ‘cold’ [-Wmissing-attributes]
  132 |  int init_module(void) __attribute__((alias(#initfn)));
      |      ^~~~~~~~~~~
./include/linux/device.h:1355:1: note: in expansion of macro ‘module_init’
 1355 | module_init(__driver##_init); \
      | ^~~~~~~~~~~
./include/linux/i2c.h:751:2: note: in expansion of macro ‘module_driver’
  751 |  module_driver(__i2c_driver, i2c_add_driver, \
      |  ^~~~~~~~~~~~~
drivers/media/dvb-frontends/tda10071.c:1262:1: note: in expansion of macro ‘module_i2c_driver’
 1262 | module_i2c_driver(tda10071_driver);
      | ^~~~~~~~~~~~~~~~~
In file included from ./include/linux/i2c.h:30,
                 from ./drivers/media/dvb-core/dvb_frontend.h:38,
                 from drivers/media/dvb-frontends/tda10071_priv.h:24,
                 from drivers/media/dvb-frontends/tda10071.c:21:
drivers/media/dvb-frontends/tda10071.c:1262:19: note: ‘init_module’ target declared here
 1262 | module_i2c_driver(tda10071_driver);
      |                   ^~~~~~~~~~~~~~~
./include/linux/device.h:1351:19: note: in definition of macro ‘module_driver’
 1351 | static int __init __driver##_init(void) \
      |                   ^~~~~~~~
drivers/media/dvb-frontends/tda10071.c:1262:1: note: in expansion of macro ‘module_i2c_driver’
 1262 | module_i2c_driver(tda10071_driver);
      | ^~~~~~~~~~~~~~~~~
  CC [M]  drivers/media/dvb-frontends/rtl2830.o
In file included from ./drivers/media/dvb-core/dvb_frontend.h:39,
                 from drivers/media/dvb-frontends/rtl2830_priv.h:21,
                 from drivers/media/dvb-frontends/rtl2830.c:18:
./include/linux/module.h:138:7: warning: ‘cleanup_module’ specifies less restrictive attribute than its target ‘rtl2830_driver_exit’: ‘cold’ [-Wmissing-attributes]
  138 |  void cleanup_module(void) __attribute__((alias(#exitfn)));
      |       ^~~~~~~~~~~~~~
./include/linux/device.h:1360:1: note: in expansion of macro ‘module_exit’
 1360 | module_exit(__driver##_exit);
      | ^~~~~~~~~~~
./include/linux/i2c.h:751:2: note: in expansion of macro ‘module_driver’
  751 |  module_driver(__i2c_driver, i2c_add_driver, \
      |  ^~~~~~~~~~~~~
drivers/media/dvb-frontends/rtl2830.c:907:1: note: in expansion of macro ‘module_i2c_driver’
  907 | module_i2c_driver(rtl2830_driver);
      | ^~~~~~~~~~~~~~~~~
In file included from ./include/linux/i2c.h:30,
                 from ./drivers/media/dvb-core/dvb_frontend.h:38,
                 from drivers/media/dvb-frontends/rtl2830_priv.h:21,
                 from drivers/media/dvb-frontends/rtl2830.c:18:
drivers/media/dvb-frontends/rtl2830.c:907:19: note: ‘cleanup_module’ target declared here
  907 | module_i2c_driver(rtl2830_driver);
      |                   ^~~~~~~~~~~~~~
./include/linux/device.h:1356:20: note: in definition of macro ‘module_driver’
 1356 | static void __exit __driver##_exit(void) \
      |                    ^~~~~~~~
drivers/media/dvb-frontends/rtl2830.c:907:1: note: in expansion of macro ‘module_i2c_driver’
  907 | module_i2c_driver(rtl2830_driver);
      | ^~~~~~~~~~~~~~~~~
In file included from ./drivers/media/dvb-core/dvb_frontend.h:39,
                 from drivers/media/dvb-frontends/rtl2830_priv.h:21,
                 from drivers/media/dvb-frontends/rtl2830.c:18:
./include/linux/module.h:132:6: warning: ‘init_module’ specifies less restrictive attribute than its target ‘rtl2830_driver_init’: ‘cold’ [-Wmissing-attributes]
  132 |  int init_module(void) __attribute__((alias(#initfn)));
      |      ^~~~~~~~~~~
./include/linux/device.h:1355:1: note: in expansion of macro ‘module_init’
 1355 | module_init(__driver##_init); \
      | ^~~~~~~~~~~
./include/linux/i2c.h:751:2: note: in expansion of macro ‘module_driver’
  751 |  module_driver(__i2c_driver, i2c_add_driver, \
      |  ^~~~~~~~~~~~~
drivers/media/dvb-frontends/rtl2830.c:907:1: note: in expansion of macro ‘module_i2c_driver’
  907 | module_i2c_driver(rtl2830_driver);
      | ^~~~~~~~~~~~~~~~~
In file included from ./include/linux/i2c.h:30,
                 from ./drivers/media/dvb-core/dvb_frontend.h:38,
                 from drivers/media/dvb-frontends/rtl2830_priv.h:21,
                 from drivers/media/dvb-frontends/rtl2830.c:18:
drivers/media/dvb-frontends/rtl2830.c:907:19: note: ‘init_module’ target declared here
  907 | module_i2c_driver(rtl2830_driver);
      |                   ^~~~~~~~~~~~~~
./include/linux/device.h:1351:19: note: in definition of macro ‘module_driver’
 1351 | static int __init __driver##_init(void) \
      |                   ^~~~~~~~
drivers/media/dvb-frontends/rtl2830.c:907:1: note: in expansion of macro ‘module_i2c_driver’
  907 | module_i2c_driver(rtl2830_driver);
      | ^~~~~~~~~~~~~~~~~
  CC [M]  drivers/media/dvb-frontends/rtl2832.o
In file included from ./drivers/media/dvb-core/dvb_frontend.h:39,
                 from drivers/media/dvb-frontends/rtl2832_priv.h:29,
                 from drivers/media/dvb-frontends/rtl2832.c:22:
./include/linux/module.h:138:7: warning: ‘cleanup_module’ specifies less restrictive attribute than its target ‘rtl2832_driver_exit’: ‘cold’ [-Wmissing-attributes]
  138 |  void cleanup_module(void) __attribute__((alias(#exitfn)));
      |       ^~~~~~~~~~~~~~
./include/linux/device.h:1360:1: note: in expansion of macro ‘module_exit’
 1360 | module_exit(__driver##_exit);
      | ^~~~~~~~~~~
./include/linux/i2c.h:751:2: note: in expansion of macro ‘module_driver’
  751 |  module_driver(__i2c_driver, i2c_add_driver, \
      |  ^~~~~~~~~~~~~
drivers/media/dvb-frontends/rtl2832.c:1158:1: note: in expansion of macro ‘module_i2c_driver’
 1158 | module_i2c_driver(rtl2832_driver);
      | ^~~~~~~~~~~~~~~~~
In file included from ./include/linux/i2c.h:30,
                 from ./drivers/media/dvb-core/dvb_frontend.h:38,
                 from drivers/media/dvb-frontends/rtl2832_priv.h:29,
                 from drivers/media/dvb-frontends/rtl2832.c:22:
drivers/media/dvb-frontends/rtl2832.c:1158:19: note: ‘cleanup_module’ target declared here
 1158 | module_i2c_driver(rtl2832_driver);
      |                   ^~~~~~~~~~~~~~
./include/linux/device.h:1356:20: note: in definition of macro ‘module_driver’
 1356 | static void __exit __driver##_exit(void) \
      |                    ^~~~~~~~
drivers/media/dvb-frontends/rtl2832.c:1158:1: note: in expansion of macro ‘module_i2c_driver’
 1158 | module_i2c_driver(rtl2832_driver);
      | ^~~~~~~~~~~~~~~~~
In file included from ./drivers/media/dvb-core/dvb_frontend.h:39,
                 from drivers/media/dvb-frontends/rtl2832_priv.h:29,
                 from drivers/media/dvb-frontends/rtl2832.c:22:
./include/linux/module.h:132:6: warning: ‘init_module’ specifies less restrictive attribute than its target ‘rtl2832_driver_init’: ‘cold’ [-Wmissing-attributes]
  132 |  int init_module(void) __attribute__((alias(#initfn)));
      |      ^~~~~~~~~~~
./include/linux/device.h:1355:1: note: in expansion of macro ‘module_init’
 1355 | module_init(__driver##_init); \
      | ^~~~~~~~~~~
./include/linux/i2c.h:751:2: note: in expansion of macro ‘module_driver’
  751 |  module_driver(__i2c_driver, i2c_add_driver, \
      |  ^~~~~~~~~~~~~
drivers/media/dvb-frontends/rtl2832.c:1158:1: note: in expansion of macro ‘module_i2c_driver’
 1158 | module_i2c_driver(rtl2832_driver);
      | ^~~~~~~~~~~~~~~~~
In file included from ./include/linux/i2c.h:30,
                 from ./drivers/media/dvb-core/dvb_frontend.h:38,
                 from drivers/media/dvb-frontends/rtl2832_priv.h:29,
                 from drivers/media/dvb-frontends/rtl2832.c:22:
drivers/media/dvb-frontends/rtl2832.c:1158:19: note: ‘init_module’ target declared here
 1158 | module_i2c_driver(rtl2832_driver);
      |                   ^~~~~~~~~~~~~~
./include/linux/device.h:1351:19: note: in definition of macro ‘module_driver’
 1351 | static int __init __driver##_init(void) \
      |                   ^~~~~~~~
drivers/media/dvb-frontends/rtl2832.c:1158:1: note: in expansion of macro ‘module_i2c_driver’
 1158 | module_i2c_driver(rtl2832_driver);
      | ^~~~~~~~~~~~~~~~~
  CC [M]  drivers/media/dvb-frontends/m88rs2000.o
  CC [M]  drivers/media/dvb-frontends/af9033.o
In file included from ./drivers/media/dvb-core/dvb_frontend.h:39,
                 from drivers/media/dvb-frontends/af9033_priv.h:25,
                 from drivers/media/dvb-frontends/af9033.c:22:
./include/linux/module.h:138:7: warning: ‘cleanup_module’ specifies less restrictive attribute than its target ‘af9033_driver_exit’: ‘cold’ [-Wmissing-attributes]
  138 |  void cleanup_module(void) __attribute__((alias(#exitfn)));
      |       ^~~~~~~~~~~~~~
./include/linux/device.h:1360:1: note: in expansion of macro ‘module_exit’
 1360 | module_exit(__driver##_exit);
      | ^~~~~~~~~~~
./include/linux/i2c.h:751:2: note: in expansion of macro ‘module_driver’
  751 |  module_driver(__i2c_driver, i2c_add_driver, \
      |  ^~~~~~~~~~~~~
drivers/media/dvb-frontends/af9033.c:1383:1: note: in expansion of macro ‘module_i2c_driver’
 1383 | module_i2c_driver(af9033_driver);
      | ^~~~~~~~~~~~~~~~~
In file included from ./include/linux/i2c.h:30,
                 from ./drivers/media/dvb-core/dvb_frontend.h:38,
                 from drivers/media/dvb-frontends/af9033_priv.h:25,
                 from drivers/media/dvb-frontends/af9033.c:22:
drivers/media/dvb-frontends/af9033.c:1383:19: note: ‘cleanup_module’ target declared here
 1383 | module_i2c_driver(af9033_driver);
      |                   ^~~~~~~~~~~~~
./include/linux/device.h:1356:20: note: in definition of macro ‘module_driver’
 1356 | static void __exit __driver##_exit(void) \
      |                    ^~~~~~~~
drivers/media/dvb-frontends/af9033.c:1383:1: note: in expansion of macro ‘module_i2c_driver’
 1383 | module_i2c_driver(af9033_driver);
      | ^~~~~~~~~~~~~~~~~
In file included from ./drivers/media/dvb-core/dvb_frontend.h:39,
                 from drivers/media/dvb-frontends/af9033_priv.h:25,
                 from drivers/media/dvb-frontends/af9033.c:22:
./include/linux/module.h:132:6: warning: ‘init_module’ specifies less restrictive attribute than its target ‘af9033_driver_init’: ‘cold’ [-Wmissing-attributes]
  132 |  int init_module(void) __attribute__((alias(#initfn)));
      |      ^~~~~~~~~~~
./include/linux/device.h:1355:1: note: in expansion of macro ‘module_init’
 1355 | module_init(__driver##_init); \
      | ^~~~~~~~~~~
./include/linux/i2c.h:751:2: note: in expansion of macro ‘module_driver’
  751 |  module_driver(__i2c_driver, i2c_add_driver, \
      |  ^~~~~~~~~~~~~
drivers/media/dvb-frontends/af9033.c:1383:1: note: in expansion of macro ‘module_i2c_driver’
 1383 | module_i2c_driver(af9033_driver);
      | ^~~~~~~~~~~~~~~~~
In file included from ./include/linux/i2c.h:30,
                 from ./drivers/media/dvb-core/dvb_frontend.h:38,
                 from drivers/media/dvb-frontends/af9033_priv.h:25,
                 from drivers/media/dvb-frontends/af9033.c:22:
drivers/media/dvb-frontends/af9033.c:1383:19: note: ‘init_module’ target declared here
 1383 | module_i2c_driver(af9033_driver);
      |                   ^~~~~~~~~~~~~
./include/linux/device.h:1351:19: note: in definition of macro ‘module_driver’
 1351 | static int __init __driver##_init(void) \
      |                   ^~~~~~~~
drivers/media/dvb-frontends/af9033.c:1383:1: note: in expansion of macro ‘module_i2c_driver’
 1383 | module_i2c_driver(af9033_driver);
      | ^~~~~~~~~~~~~~~~~
  CC [M]  drivers/media/dvb-frontends/as102_fe.o
  CC [M]  drivers/media/dvb-frontends/gp8psk-fe.o
  CC [M]  drivers/media/dvb-frontends/tc90522.o
In file included from ./drivers/media/dvb-core/dvb_frontend.h:39,
                 from drivers/media/dvb-frontends/tc90522.h:28,
                 from drivers/media/dvb-frontends/tc90522.c:34:
./include/linux/module.h:138:7: warning: ‘cleanup_module’ specifies less restrictive attribute than its target ‘tc90522_driver_exit’: ‘cold’ [-Wmissing-attributes]
  138 |  void cleanup_module(void) __attribute__((alias(#exitfn)));
      |       ^~~~~~~~~~~~~~
./include/linux/device.h:1360:1: note: in expansion of macro ‘module_exit’
 1360 | module_exit(__driver##_exit);
      | ^~~~~~~~~~~
./include/linux/i2c.h:751:2: note: in expansion of macro ‘module_driver’
  751 |  module_driver(__i2c_driver, i2c_add_driver, \
      |  ^~~~~~~~~~~~~
drivers/media/dvb-frontends/tc90522.c:836:1: note: in expansion of macro ‘module_i2c_driver’
  836 | module_i2c_driver(tc90522_driver);
      | ^~~~~~~~~~~~~~~~~
In file included from ./include/linux/i2c.h:30,
                 from drivers/media/dvb-frontends/tc90522.h:27,
                 from drivers/media/dvb-frontends/tc90522.c:34:
drivers/media/dvb-frontends/tc90522.c:836:19: note: ‘cleanup_module’ target declared here
  836 | module_i2c_driver(tc90522_driver);
      |                   ^~~~~~~~~~~~~~
./include/linux/device.h:1356:20: note: in definition of macro ‘module_driver’
 1356 | static void __exit __driver##_exit(void) \
      |                    ^~~~~~~~
drivers/media/dvb-frontends/tc90522.c:836:1: note: in expansion of macro ‘module_i2c_driver’
  836 | module_i2c_driver(tc90522_driver);
      | ^~~~~~~~~~~~~~~~~
In file included from ./drivers/media/dvb-core/dvb_frontend.h:39,
                 from drivers/media/dvb-frontends/tc90522.h:28,
                 from drivers/media/dvb-frontends/tc90522.c:34:
./include/linux/module.h:132:6: warning: ‘init_module’ specifies less restrictive attribute than its target ‘tc90522_driver_init’: ‘cold’ [-Wmissing-attributes]
  132 |  int init_module(void) __attribute__((alias(#initfn)));
      |      ^~~~~~~~~~~
./include/linux/device.h:1355:1: note: in expansion of macro ‘module_init’
 1355 | module_init(__driver##_init); \
      | ^~~~~~~~~~~
./include/linux/i2c.h:751:2: note: in expansion of macro ‘module_driver’
  751 |  module_driver(__i2c_driver, i2c_add_driver, \
      |  ^~~~~~~~~~~~~
drivers/media/dvb-frontends/tc90522.c:836:1: note: in expansion of macro ‘module_i2c_driver’
  836 | module_i2c_driver(tc90522_driver);
      | ^~~~~~~~~~~~~~~~~
In file included from ./include/linux/i2c.h:30,
                 from drivers/media/dvb-frontends/tc90522.h:27,
                 from drivers/media/dvb-frontends/tc90522.c:34:
drivers/media/dvb-frontends/tc90522.c:836:19: note: ‘init_module’ target declared here
  836 | module_i2c_driver(tc90522_driver);
      |                   ^~~~~~~~~~~~~~
./include/linux/device.h:1351:19: note: in definition of macro ‘module_driver’
 1351 | static int __init __driver##_init(void) \
      |                   ^~~~~~~~
drivers/media/dvb-frontends/tc90522.c:836:1: note: in expansion of macro ‘module_i2c_driver’
  836 | module_i2c_driver(tc90522_driver);
      | ^~~~~~~~~~~~~~~~~
  CC [M]  drivers/media/dvb-frontends/horus3a.o
  CC [M]  drivers/media/dvb-frontends/ascot2e.o
  CC [M]  drivers/media/dvb-frontends/helene.o
  LD      drivers/media/dvb-frontends/cxd2880/built-in.o
  CC [M]  drivers/media/dvb-frontends/cxd2880/cxd2880_common.o
  CC [M]  drivers/media/dvb-frontends/cxd2880/cxd2880_devio_spi.o
  CC [M]  drivers/media/dvb-frontends/cxd2880/cxd2880_integ.o
  CC [M]  drivers/media/dvb-frontends/cxd2880/cxd2880_integ_dvbt2.o
  CC [M]  drivers/media/dvb-frontends/cxd2880/cxd2880_integ_dvbt.o
  CC [M]  drivers/media/dvb-frontends/cxd2880/cxd2880_io.o
  CC [M]  drivers/media/dvb-frontends/cxd2880/cxd2880_spi_device.o
  CC [M]  drivers/media/dvb-frontends/cxd2880/cxd2880_stopwatch_port.o
  CC [M]  drivers/media/dvb-frontends/cxd2880/cxd2880_tnrdmd.o
  CC [M]  drivers/media/dvb-frontends/cxd2880/cxd2880_tnrdmd_dvbt2.o
  CC [M]  drivers/media/dvb-frontends/cxd2880/cxd2880_tnrdmd_dvbt2_mon.o
  CC [M]  drivers/media/dvb-frontends/cxd2880/cxd2880_tnrdmd_dvbt.o
  CC [M]  drivers/media/dvb-frontends/cxd2880/cxd2880_tnrdmd_dvbt_mon.o
  CC [M]  drivers/media/dvb-frontends/cxd2880/cxd2880_tnrdmd_mon.o
  CC [M]  drivers/media/dvb-frontends/cxd2880/cxd2880_math.o
  CC [M]  drivers/media/dvb-frontends/cxd2880/cxd2880_top.o
  LD [M]  drivers/media/dvb-frontends/cxd2880/cxd2880.o
  LD      drivers/media/dvb-frontends/drx39xyj/built-in.o
  CC [M]  drivers/media/dvb-frontends/drx39xyj/drxj.o
  LD [M]  drivers/media/dvb-frontends/drx39xyj/drx39xyj.o
  LD      drivers/media/firewire/built-in.o
  LD      drivers/media/i2c/cx25840/built-in.o
  CC [M]  drivers/media/i2c/cx25840/cx25840-core.o
In file included from drivers/media/i2c/cx25840/cx25840-core.c:41:
./include/linux/module.h:138:7: warning: ‘cleanup_module’ specifies less restrictive attribute than its target ‘cx25840_driver_exit’: ‘cold’ [-Wmissing-attributes]
  138 |  void cleanup_module(void) __attribute__((alias(#exitfn)));
      |       ^~~~~~~~~~~~~~
./include/linux/device.h:1360:1: note: in expansion of macro ‘module_exit’
 1360 | module_exit(__driver##_exit);
      | ^~~~~~~~~~~
./include/linux/i2c.h:751:2: note: in expansion of macro ‘module_driver’
  751 |  module_driver(__i2c_driver, i2c_add_driver, \
      |  ^~~~~~~~~~~~~
drivers/media/i2c/cx25840/cx25840-core.c:5356:1: note: in expansion of macro ‘module_i2c_driver’
 5356 | module_i2c_driver(cx25840_driver);
      | ^~~~~~~~~~~~~~~~~
In file included from ./include/linux/i2c.h:30,
                 from drivers/media/i2c/cx25840/cx25840-core.c:44:
drivers/media/i2c/cx25840/cx25840-core.c:5356:19: note: ‘cleanup_module’ target declared here
 5356 | module_i2c_driver(cx25840_driver);
      |                   ^~~~~~~~~~~~~~
./include/linux/device.h:1356:20: note: in definition of macro ‘module_driver’
 1356 | static void __exit __driver##_exit(void) \
      |                    ^~~~~~~~
drivers/media/i2c/cx25840/cx25840-core.c:5356:1: note: in expansion of macro ‘module_i2c_driver’
 5356 | module_i2c_driver(cx25840_driver);
      | ^~~~~~~~~~~~~~~~~
In file included from drivers/media/i2c/cx25840/cx25840-core.c:41:
./include/linux/module.h:132:6: warning: ‘init_module’ specifies less restrictive attribute than its target ‘cx25840_driver_init’: ‘cold’ [-Wmissing-attributes]
  132 |  int init_module(void) __attribute__((alias(#initfn)));
      |      ^~~~~~~~~~~
./include/linux/device.h:1355:1: note: in expansion of macro ‘module_init’
 1355 | module_init(__driver##_init); \
      | ^~~~~~~~~~~
./include/linux/i2c.h:751:2: note: in expansion of macro ‘module_driver’
  751 |  module_driver(__i2c_driver, i2c_add_driver, \
      |  ^~~~~~~~~~~~~
drivers/media/i2c/cx25840/cx25840-core.c:5356:1: note: in expansion of macro ‘module_i2c_driver’
 5356 | module_i2c_driver(cx25840_driver);
      | ^~~~~~~~~~~~~~~~~
In file included from ./include/linux/i2c.h:30,
                 from drivers/media/i2c/cx25840/cx25840-core.c:44:
drivers/media/i2c/cx25840/cx25840-core.c:5356:19: note: ‘init_module’ target declared here
 5356 | module_i2c_driver(cx25840_driver);
      |                   ^~~~~~~~~~~~~~
./include/linux/device.h:1351:19: note: in definition of macro ‘module_driver’
 1351 | static int __init __driver##_init(void) \
      |                   ^~~~~~~~
drivers/media/i2c/cx25840/cx25840-core.c:5356:1: note: in expansion of macro ‘module_i2c_driver’
 5356 | module_i2c_driver(cx25840_driver);
      | ^~~~~~~~~~~~~~~~~
  CC [M]  drivers/media/i2c/cx25840/cx25840-audio.o
  CC [M]  drivers/media/i2c/cx25840/cx25840-firmware.o
  CC [M]  drivers/media/i2c/cx25840/cx25840-vbi.o
  CC [M]  drivers/media/i2c/cx25840/cx25840-ir.o
  LD [M]  drivers/media/i2c/cx25840/cx25840.o
  LD      drivers/media/i2c/soc_camera/built-in.o
  LD      drivers/media/i2c/built-in.o
  CC [M]  drivers/media/i2c/msp3400-driver.o
In file included from drivers/media/i2c/msp3400-driver.c:51:
./include/linux/module.h:138:7: warning: ‘cleanup_module’ specifies less restrictive attribute than its target ‘msp_driver_exit’: ‘cold’ [-Wmissing-attributes]
  138 |  void cleanup_module(void) __attribute__((alias(#exitfn)));
      |       ^~~~~~~~~~~~~~
./include/linux/device.h:1360:1: note: in expansion of macro ‘module_exit’
 1360 | module_exit(__driver##_exit);
      | ^~~~~~~~~~~
./include/linux/i2c.h:751:2: note: in expansion of macro ‘module_driver’
  751 |  module_driver(__i2c_driver, i2c_add_driver, \
      |  ^~~~~~~~~~~~~
drivers/media/i2c/msp3400-driver.c:912:1: note: in expansion of macro ‘module_i2c_driver’
  912 | module_i2c_driver(msp_driver);
      | ^~~~~~~~~~~~~~~~~
In file included from ./include/linux/i2c.h:30,
                 from drivers/media/i2c/msp3400-driver.c:53:
drivers/media/i2c/msp3400-driver.c:912:19: note: ‘cleanup_module’ target declared here
  912 | module_i2c_driver(msp_driver);
      |                   ^~~~~~~~~~
./include/linux/device.h:1356:20: note: in definition of macro ‘module_driver’
 1356 | static void __exit __driver##_exit(void) \
      |                    ^~~~~~~~
drivers/media/i2c/msp3400-driver.c:912:1: note: in expansion of macro ‘module_i2c_driver’
  912 | module_i2c_driver(msp_driver);
      | ^~~~~~~~~~~~~~~~~
In file included from drivers/media/i2c/msp3400-driver.c:51:
./include/linux/module.h:132:6: warning: ‘init_module’ specifies less restrictive attribute than its target ‘msp_driver_init’: ‘cold’ [-Wmissing-attributes]
  132 |  int init_module(void) __attribute__((alias(#initfn)));
      |      ^~~~~~~~~~~
./include/linux/device.h:1355:1: note: in expansion of macro ‘module_init’
 1355 | module_init(__driver##_init); \
      | ^~~~~~~~~~~
./include/linux/i2c.h:751:2: note: in expansion of macro ‘module_driver’
  751 |  module_driver(__i2c_driver, i2c_add_driver, \
      |  ^~~~~~~~~~~~~
drivers/media/i2c/msp3400-driver.c:912:1: note: in expansion of macro ‘module_i2c_driver’
  912 | module_i2c_driver(msp_driver);
      | ^~~~~~~~~~~~~~~~~
In file included from ./include/linux/i2c.h:30,
                 from drivers/media/i2c/msp3400-driver.c:53:
drivers/media/i2c/msp3400-driver.c:912:19: note: ‘init_module’ target declared here
  912 | module_i2c_driver(msp_driver);
      |                   ^~~~~~~~~~
./include/linux/device.h:1351:19: note: in definition of macro ‘module_driver’
 1351 | static int __init __driver##_init(void) \
      |                   ^~~~~~~~
drivers/media/i2c/msp3400-driver.c:912:1: note: in expansion of macro ‘module_i2c_driver’
  912 | module_i2c_driver(msp_driver);
      | ^~~~~~~~~~~~~~~~~
  CC [M]  drivers/media/i2c/msp3400-kthreads.o
  LD [M]  drivers/media/i2c/msp3400.o
  CC [M]  drivers/media/i2c/saa7115.o
In file included from drivers/media/i2c/saa7115.c:43:
./include/linux/module.h:138:7: warning: ‘cleanup_module’ specifies less restrictive attribute than its target ‘saa711x_driver_exit’: ‘cold’ [-Wmissing-attributes]
  138 |  void cleanup_module(void) __attribute__((alias(#exitfn)));
      |       ^~~~~~~~~~~~~~
./include/linux/device.h:1360:1: note: in expansion of macro ‘module_exit’
 1360 | module_exit(__driver##_exit);
      | ^~~~~~~~~~~
./include/linux/i2c.h:751:2: note: in expansion of macro ‘module_driver’
  751 |  module_driver(__i2c_driver, i2c_add_driver, \
      |  ^~~~~~~~~~~~~
drivers/media/i2c/saa7115.c:1966:1: note: in expansion of macro ‘module_i2c_driver’
 1966 | module_i2c_driver(saa711x_driver);
      | ^~~~~~~~~~~~~~~~~
In file included from ./include/linux/i2c.h:30,
                 from drivers/media/i2c/saa7115.c:45:
drivers/media/i2c/saa7115.c:1966:19: note: ‘cleanup_module’ target declared here
 1966 | module_i2c_driver(saa711x_driver);
      |                   ^~~~~~~~~~~~~~
./include/linux/device.h:1356:20: note: in definition of macro ‘module_driver’
 1356 | static void __exit __driver##_exit(void) \
      |                    ^~~~~~~~
drivers/media/i2c/saa7115.c:1966:1: note: in expansion of macro ‘module_i2c_driver’
 1966 | module_i2c_driver(saa711x_driver);
      | ^~~~~~~~~~~~~~~~~
In file included from drivers/media/i2c/saa7115.c:43:
./include/linux/module.h:132:6: warning: ‘init_module’ specifies less restrictive attribute than its target ‘saa711x_driver_init’: ‘cold’ [-Wmissing-attributes]
  132 |  int init_module(void) __attribute__((alias(#initfn)));
      |      ^~~~~~~~~~~
./include/linux/device.h:1355:1: note: in expansion of macro ‘module_init’
 1355 | module_init(__driver##_init); \
      | ^~~~~~~~~~~
./include/linux/i2c.h:751:2: note: in expansion of macro ‘module_driver’
  751 |  module_driver(__i2c_driver, i2c_add_driver, \
      |  ^~~~~~~~~~~~~
drivers/media/i2c/saa7115.c:1966:1: note: in expansion of macro ‘module_i2c_driver’
 1966 | module_i2c_driver(saa711x_driver);
      | ^~~~~~~~~~~~~~~~~
In file included from ./include/linux/i2c.h:30,
                 from drivers/media/i2c/saa7115.c:45:
drivers/media/i2c/saa7115.c:1966:19: note: ‘init_module’ target declared here
 1966 | module_i2c_driver(saa711x_driver);
      |                   ^~~~~~~~~~~~~~
./include/linux/device.h:1351:19: note: in definition of macro ‘module_driver’
 1351 | static int __init __driver##_init(void) \
      |                   ^~~~~~~~
drivers/media/i2c/saa7115.c:1966:1: note: in expansion of macro ‘module_i2c_driver’
 1966 | module_i2c_driver(saa711x_driver);
      | ^~~~~~~~~~~~~~~~~
  CC [M]  drivers/media/i2c/tvp5150.o
In file included from drivers/media/i2c/tvp5150.c:14:
./include/linux/module.h:138:7: warning: ‘cleanup_module’ specifies less restrictive attribute than its target ‘tvp5150_driver_exit’: ‘cold’ [-Wmissing-attributes]
  138 |  void cleanup_module(void) __attribute__((alias(#exitfn)));
      |       ^~~~~~~~~~~~~~
./include/linux/device.h:1360:1: note: in expansion of macro ‘module_exit’
 1360 | module_exit(__driver##_exit);
      | ^~~~~~~~~~~
./include/linux/i2c.h:751:2: note: in expansion of macro ‘module_driver’
  751 |  module_driver(__i2c_driver, i2c_add_driver, \
      |  ^~~~~~~~~~~~~
drivers/media/i2c/tvp5150.c:1602:1: note: in expansion of macro ‘module_i2c_driver’
 1602 | module_i2c_driver(tvp5150_driver);
      | ^~~~~~~~~~~~~~~~~
In file included from ./include/linux/i2c.h:30,
                 from drivers/media/i2c/tvp5150.c:9:
drivers/media/i2c/tvp5150.c:1602:19: note: ‘cleanup_module’ target declared here
 1602 | module_i2c_driver(tvp5150_driver);
      |                   ^~~~~~~~~~~~~~
./include/linux/device.h:1356:20: note: in definition of macro ‘module_driver’
 1356 | static void __exit __driver##_exit(void) \
      |                    ^~~~~~~~
drivers/media/i2c/tvp5150.c:1602:1: note: in expansion of macro ‘module_i2c_driver’
 1602 | module_i2c_driver(tvp5150_driver);
      | ^~~~~~~~~~~~~~~~~
In file included from drivers/media/i2c/tvp5150.c:14:
./include/linux/module.h:132:6: warning: ‘init_module’ specifies less restrictive attribute than its target ‘tvp5150_driver_init’: ‘cold’ [-Wmissing-attributes]
  132 |  int init_module(void) __attribute__((alias(#initfn)));
      |      ^~~~~~~~~~~
./include/linux/device.h:1355:1: note: in expansion of macro ‘module_init’
 1355 | module_init(__driver##_init); \
      | ^~~~~~~~~~~
./include/linux/i2c.h:751:2: note: in expansion of macro ‘module_driver’
  751 |  module_driver(__i2c_driver, i2c_add_driver, \
      |  ^~~~~~~~~~~~~
drivers/media/i2c/tvp5150.c:1602:1: note: in expansion of macro ‘module_i2c_driver’
 1602 | module_i2c_driver(tvp5150_driver);
      | ^~~~~~~~~~~~~~~~~
In file included from ./include/linux/i2c.h:30,
                 from drivers/media/i2c/tvp5150.c:9:
drivers/media/i2c/tvp5150.c:1602:19: note: ‘init_module’ target declared here
 1602 | module_i2c_driver(tvp5150_driver);
      |                   ^~~~~~~~~~~~~~
./include/linux/device.h:1351:19: note: in definition of macro ‘module_driver’
 1351 | static int __init __driver##_init(void) \
      |                   ^~~~~~~~
drivers/media/i2c/tvp5150.c:1602:1: note: in expansion of macro ‘module_i2c_driver’
 1602 | module_i2c_driver(tvp5150_driver);
      | ^~~~~~~~~~~~~~~~~
  CC [M]  drivers/media/i2c/tw2804.o
In file included from drivers/media/i2c/tw2804.c:18:
./include/linux/module.h:138:7: warning: ‘cleanup_module’ specifies less restrictive attribute than its target ‘tw2804_driver_exit’: ‘cold’ [-Wmissing-attributes]
  138 |  void cleanup_module(void) __attribute__((alias(#exitfn)));
      |       ^~~~~~~~~~~~~~
./include/linux/device.h:1360:1: note: in expansion of macro ‘module_exit’
 1360 | module_exit(__driver##_exit);
      | ^~~~~~~~~~~
./include/linux/i2c.h:751:2: note: in expansion of macro ‘module_driver’
  751 |  module_driver(__i2c_driver, i2c_add_driver, \
      |  ^~~~~~~~~~~~~
drivers/media/i2c/tw2804.c:445:1: note: in expansion of macro ‘module_i2c_driver’
  445 | module_i2c_driver(tw2804_driver);
      | ^~~~~~~~~~~~~~~~~
In file included from ./include/linux/i2c.h:30,
                 from drivers/media/i2c/tw2804.c:20:
drivers/media/i2c/tw2804.c:445:19: note: ‘cleanup_module’ target declared here
  445 | module_i2c_driver(tw2804_driver);
      |                   ^~~~~~~~~~~~~
./include/linux/device.h:1356:20: note: in definition of macro ‘module_driver’
 1356 | static void __exit __driver##_exit(void) \
      |                    ^~~~~~~~
drivers/media/i2c/tw2804.c:445:1: note: in expansion of macro ‘module_i2c_driver’
  445 | module_i2c_driver(tw2804_driver);
      | ^~~~~~~~~~~~~~~~~
In file included from drivers/media/i2c/tw2804.c:18:
./include/linux/module.h:132:6: warning: ‘init_module’ specifies less restrictive attribute than its target ‘tw2804_driver_init’: ‘cold’ [-Wmissing-attributes]
  132 |  int init_module(void) __attribute__((alias(#initfn)));
      |      ^~~~~~~~~~~
./include/linux/device.h:1355:1: note: in expansion of macro ‘module_init’
 1355 | module_init(__driver##_init); \
      | ^~~~~~~~~~~
./include/linux/i2c.h:751:2: note: in expansion of macro ‘module_driver’
  751 |  module_driver(__i2c_driver, i2c_add_driver, \
      |  ^~~~~~~~~~~~~
drivers/media/i2c/tw2804.c:445:1: note: in expansion of macro ‘module_i2c_driver’
  445 | module_i2c_driver(tw2804_driver);
      | ^~~~~~~~~~~~~~~~~
In file included from ./include/linux/i2c.h:30,
                 from drivers/media/i2c/tw2804.c:20:
drivers/media/i2c/tw2804.c:445:19: note: ‘init_module’ target declared here
  445 | module_i2c_driver(tw2804_driver);
      |                   ^~~~~~~~~~~~~
./include/linux/device.h:1351:19: note: in definition of macro ‘module_driver’
 1351 | static int __init __driver##_init(void) \
      |                   ^~~~~~~~
drivers/media/i2c/tw2804.c:445:1: note: in expansion of macro ‘module_i2c_driver’
  445 | module_i2c_driver(tw2804_driver);
      | ^~~~~~~~~~~~~~~~~
  CC [M]  drivers/media/i2c/tw9903.o
In file included from drivers/media/i2c/tw9903.c:18:
./include/linux/module.h:138:7: warning: ‘cleanup_module’ specifies less restrictive attribute than its target ‘tw9903_driver_exit’: ‘cold’ [-Wmissing-attributes]
  138 |  void cleanup_module(void) __attribute__((alias(#exitfn)));
      |       ^~~~~~~~~~~~~~
./include/linux/device.h:1360:1: note: in expansion of macro ‘module_exit’
 1360 | module_exit(__driver##_exit);
      | ^~~~~~~~~~~
./include/linux/i2c.h:751:2: note: in expansion of macro ‘module_driver’
  751 |  module_driver(__i2c_driver, i2c_add_driver, \
      |  ^~~~~~~~~~~~~
drivers/media/i2c/tw9903.c:275:1: note: in expansion of macro ‘module_i2c_driver’
  275 | module_i2c_driver(tw9903_driver);
      | ^~~~~~~~~~~~~~~~~
In file included from ./include/linux/i2c.h:30,
                 from drivers/media/i2c/tw9903.c:20:
drivers/media/i2c/tw9903.c:275:19: note: ‘cleanup_module’ target declared here
  275 | module_i2c_driver(tw9903_driver);
      |                   ^~~~~~~~~~~~~
./include/linux/device.h:1356:20: note: in definition of macro ‘module_driver’
 1356 | static void __exit __driver##_exit(void) \
      |                    ^~~~~~~~
drivers/media/i2c/tw9903.c:275:1: note: in expansion of macro ‘module_i2c_driver’
  275 | module_i2c_driver(tw9903_driver);
      | ^~~~~~~~~~~~~~~~~
In file included from drivers/media/i2c/tw9903.c:18:
./include/linux/module.h:132:6: warning: ‘init_module’ specifies less restrictive attribute than its target ‘tw9903_driver_init’: ‘cold’ [-Wmissing-attributes]
  132 |  int init_module(void) __attribute__((alias(#initfn)));
      |      ^~~~~~~~~~~
./include/linux/device.h:1355:1: note: in expansion of macro ‘module_init’
 1355 | module_init(__driver##_init); \
      | ^~~~~~~~~~~
./include/linux/i2c.h:751:2: note: in expansion of macro ‘module_driver’
  751 |  module_driver(__i2c_driver, i2c_add_driver, \
      |  ^~~~~~~~~~~~~
drivers/media/i2c/tw9903.c:275:1: note: in expansion of macro ‘module_i2c_driver’
  275 | module_i2c_driver(tw9903_driver);
      | ^~~~~~~~~~~~~~~~~
In file included from ./include/linux/i2c.h:30,
                 from drivers/media/i2c/tw9903.c:20:
drivers/media/i2c/tw9903.c:275:19: note: ‘init_module’ target declared here
  275 | module_i2c_driver(tw9903_driver);
      |                   ^~~~~~~~~~~~~
./include/linux/device.h:1351:19: note: in definition of macro ‘module_driver’
 1351 | static int __init __driver##_init(void) \
      |                   ^~~~~~~~
drivers/media/i2c/tw9903.c:275:1: note: in expansion of macro ‘module_i2c_driver’
  275 | module_i2c_driver(tw9903_driver);
      | ^~~~~~~~~~~~~~~~~
  CC [M]  drivers/media/i2c/tw9906.o
In file included from drivers/media/i2c/tw9906.c:18:
./include/linux/module.h:138:7: warning: ‘cleanup_module’ specifies less restrictive attribute than its target ‘tw9906_driver_exit’: ‘cold’ [-Wmissing-attributes]
  138 |  void cleanup_module(void) __attribute__((alias(#exitfn)));
      |       ^~~~~~~~~~~~~~
./include/linux/device.h:1360:1: note: in expansion of macro ‘module_exit’
 1360 | module_exit(__driver##_exit);
      | ^~~~~~~~~~~
./include/linux/i2c.h:751:2: note: in expansion of macro ‘module_driver’
  751 |  module_driver(__i2c_driver, i2c_add_driver, \
      |  ^~~~~~~~~~~~~
drivers/media/i2c/tw9906.c:243:1: note: in expansion of macro ‘module_i2c_driver’
  243 | module_i2c_driver(tw9906_driver);
      | ^~~~~~~~~~~~~~~~~
In file included from ./include/linux/i2c.h:30,
                 from drivers/media/i2c/tw9906.c:20:
drivers/media/i2c/tw9906.c:243:19: note: ‘cleanup_module’ target declared here
  243 | module_i2c_driver(tw9906_driver);
      |                   ^~~~~~~~~~~~~
./include/linux/device.h:1356:20: note: in definition of macro ‘module_driver’
 1356 | static void __exit __driver##_exit(void) \
      |                    ^~~~~~~~
drivers/media/i2c/tw9906.c:243:1: note: in expansion of macro ‘module_i2c_driver’
  243 | module_i2c_driver(tw9906_driver);
      | ^~~~~~~~~~~~~~~~~
In file included from drivers/media/i2c/tw9906.c:18:
./include/linux/module.h:132:6: warning: ‘init_module’ specifies less restrictive attribute than its target ‘tw9906_driver_init’: ‘cold’ [-Wmissing-attributes]
  132 |  int init_module(void) __attribute__((alias(#initfn)));
      |      ^~~~~~~~~~~
./include/linux/device.h:1355:1: note: in expansion of macro ‘module_init’
 1355 | module_init(__driver##_init); \
      | ^~~~~~~~~~~
./include/linux/i2c.h:751:2: note: in expansion of macro ‘module_driver’
  751 |  module_driver(__i2c_driver, i2c_add_driver, \
      |  ^~~~~~~~~~~~~
drivers/media/i2c/tw9906.c:243:1: note: in expansion of macro ‘module_i2c_driver’
  243 | module_i2c_driver(tw9906_driver);
      | ^~~~~~~~~~~~~~~~~
In file included from ./include/linux/i2c.h:30,
                 from drivers/media/i2c/tw9906.c:20:
drivers/media/i2c/tw9906.c:243:19: note: ‘init_module’ target declared here
  243 | module_i2c_driver(tw9906_driver);
      |                   ^~~~~~~~~~~~~
./include/linux/device.h:1351:19: note: in definition of macro ‘module_driver’
 1351 | static int __init __driver##_init(void) \
      |                   ^~~~~~~~
drivers/media/i2c/tw9906.c:243:1: note: in expansion of macro ‘module_i2c_driver’
  243 | module_i2c_driver(tw9906_driver);
      | ^~~~~~~~~~~~~~~~~
  CC [M]  drivers/media/i2c/cs53l32a.o
In file included from drivers/media/i2c/cs53l32a.c:23:
./include/linux/module.h:138:7: warning: ‘cleanup_module’ specifies less restrictive attribute than its target ‘cs53l32a_driver_exit’: ‘cold’ [-Wmissing-attributes]
  138 |  void cleanup_module(void) __attribute__((alias(#exitfn)));
      |       ^~~~~~~~~~~~~~
./include/linux/device.h:1360:1: note: in expansion of macro ‘module_exit’
 1360 | module_exit(__driver##_exit);
      | ^~~~~~~~~~~
./include/linux/i2c.h:751:2: note: in expansion of macro ‘module_driver’
  751 |  module_driver(__i2c_driver, i2c_add_driver, \
      |  ^~~~~~~~~~~~~
drivers/media/i2c/cs53l32a.c:231:1: note: in expansion of macro ‘module_i2c_driver’
  231 | module_i2c_driver(cs53l32a_driver);
      | ^~~~~~~~~~~~~~~~~
In file included from ./include/linux/i2c.h:30,
                 from drivers/media/i2c/cs53l32a.c:28:
drivers/media/i2c/cs53l32a.c:231:19: note: ‘cleanup_module’ target declared here
  231 | module_i2c_driver(cs53l32a_driver);
      |                   ^~~~~~~~~~~~~~~
./include/linux/device.h:1356:20: note: in definition of macro ‘module_driver’
 1356 | static void __exit __driver##_exit(void) \
      |                    ^~~~~~~~
drivers/media/i2c/cs53l32a.c:231:1: note: in expansion of macro ‘module_i2c_driver’
  231 | module_i2c_driver(cs53l32a_driver);
      | ^~~~~~~~~~~~~~~~~
In file included from drivers/media/i2c/cs53l32a.c:23:
./include/linux/module.h:132:6: warning: ‘init_module’ specifies less restrictive attribute than its target ‘cs53l32a_driver_init’: ‘cold’ [-Wmissing-attributes]
  132 |  int init_module(void) __attribute__((alias(#initfn)));
      |      ^~~~~~~~~~~
./include/linux/device.h:1355:1: note: in expansion of macro ‘module_init’
 1355 | module_init(__driver##_init); \
      | ^~~~~~~~~~~
./include/linux/i2c.h:751:2: note: in expansion of macro ‘module_driver’
  751 |  module_driver(__i2c_driver, i2c_add_driver, \
      |  ^~~~~~~~~~~~~
drivers/media/i2c/cs53l32a.c:231:1: note: in expansion of macro ‘module_i2c_driver’
  231 | module_i2c_driver(cs53l32a_driver);
      | ^~~~~~~~~~~~~~~~~
In file included from ./include/linux/i2c.h:30,
                 from drivers/media/i2c/cs53l32a.c:28:
drivers/media/i2c/cs53l32a.c:231:19: note: ‘init_module’ target declared here
  231 | module_i2c_driver(cs53l32a_driver);
      |                   ^~~~~~~~~~~~~~~
./include/linux/device.h:1351:19: note: in definition of macro ‘module_driver’
 1351 | static int __init __driver##_init(void) \
      |                   ^~~~~~~~
drivers/media/i2c/cs53l32a.c:231:1: note: in expansion of macro ‘module_i2c_driver’
  231 | module_i2c_driver(cs53l32a_driver);
      | ^~~~~~~~~~~~~~~~~
  CC [M]  drivers/media/i2c/uda1342.o
In file included from drivers/media/i2c/uda1342.c:18:
./include/linux/module.h:138:7: warning: ‘cleanup_module’ specifies less restrictive attribute than its target ‘uda1342_driver_exit’: ‘cold’ [-Wmissing-attributes]
  138 |  void cleanup_module(void) __attribute__((alias(#exitfn)));
      |       ^~~~~~~~~~~~~~
./include/linux/device.h:1360:1: note: in expansion of macro ‘module_exit’
 1360 | module_exit(__driver##_exit);
      | ^~~~~~~~~~~
./include/linux/i2c.h:751:2: note: in expansion of macro ‘module_driver’
  751 |  module_driver(__i2c_driver, i2c_add_driver, \
      |  ^~~~~~~~~~~~~
drivers/media/i2c/uda1342.c:110:1: note: in expansion of macro ‘module_i2c_driver’
  110 | module_i2c_driver(uda1342_driver);
      | ^~~~~~~~~~~~~~~~~
In file included from ./include/linux/i2c.h:30,
                 from drivers/media/i2c/uda1342.c:20:
drivers/media/i2c/uda1342.c:110:19: note: ‘cleanup_module’ target declared here
  110 | module_i2c_driver(uda1342_driver);
      |                   ^~~~~~~~~~~~~~
./include/linux/device.h:1356:20: note: in definition of macro ‘module_driver’
 1356 | static void __exit __driver##_exit(void) \
      |                    ^~~~~~~~
drivers/media/i2c/uda1342.c:110:1: note: in expansion of macro ‘module_i2c_driver’
  110 | module_i2c_driver(uda1342_driver);
      | ^~~~~~~~~~~~~~~~~
In file included from drivers/media/i2c/uda1342.c:18:
./include/linux/module.h:132:6: warning: ‘init_module’ specifies less restrictive attribute than its target ‘uda1342_driver_init’: ‘cold’ [-Wmissing-attributes]
  132 |  int init_module(void) __attribute__((alias(#initfn)));
      |      ^~~~~~~~~~~
./include/linux/device.h:1355:1: note: in expansion of macro ‘module_init’
 1355 | module_init(__driver##_init); \
      | ^~~~~~~~~~~
./include/linux/i2c.h:751:2: note: in expansion of macro ‘module_driver’
  751 |  module_driver(__i2c_driver, i2c_add_driver, \
      |  ^~~~~~~~~~~~~
drivers/media/i2c/uda1342.c:110:1: note: in expansion of macro ‘module_i2c_driver’
  110 | module_i2c_driver(uda1342_driver);
      | ^~~~~~~~~~~~~~~~~
In file included from ./include/linux/i2c.h:30,
                 from drivers/media/i2c/uda1342.c:20:
drivers/media/i2c/uda1342.c:110:19: note: ‘init_module’ target declared here
  110 | module_i2c_driver(uda1342_driver);
      |                   ^~~~~~~~~~~~~~
./include/linux/device.h:1351:19: note: in definition of macro ‘module_driver’
 1351 | static int __init __driver##_init(void) \
      |                   ^~~~~~~~
drivers/media/i2c/uda1342.c:110:1: note: in expansion of macro ‘module_i2c_driver’
  110 | module_i2c_driver(uda1342_driver);
      | ^~~~~~~~~~~~~~~~~
  CC [M]  drivers/media/i2c/wm8775.o
In file included from drivers/media/i2c/wm8775.c:28:
./include/linux/module.h:138:7: warning: ‘cleanup_module’ specifies less restrictive attribute than its target ‘wm8775_driver_exit’: ‘cold’ [-Wmissing-attributes]
  138 |  void cleanup_module(void) __attribute__((alias(#exitfn)));
      |       ^~~~~~~~~~~~~~
./include/linux/device.h:1360:1: note: in expansion of macro ‘module_exit’
 1360 | module_exit(__driver##_exit);
      | ^~~~~~~~~~~
./include/linux/i2c.h:751:2: note: in expansion of macro ‘module_driver’
  751 |  module_driver(__i2c_driver, i2c_add_driver, \
      |  ^~~~~~~~~~~~~
drivers/media/i2c/wm8775.c:321:1: note: in expansion of macro ‘module_i2c_driver’
  321 | module_i2c_driver(wm8775_driver);
      | ^~~~~~~~~~~~~~~~~
In file included from ./include/linux/i2c.h:30,
                 from drivers/media/i2c/wm8775.c:33:
drivers/media/i2c/wm8775.c:321:19: note: ‘cleanup_module’ target declared here
  321 | module_i2c_driver(wm8775_driver);
      |                   ^~~~~~~~~~~~~
./include/linux/device.h:1356:20: note: in definition of macro ‘module_driver’
 1356 | static void __exit __driver##_exit(void) \
      |                    ^~~~~~~~
drivers/media/i2c/wm8775.c:321:1: note: in expansion of macro ‘module_i2c_driver’
  321 | module_i2c_driver(wm8775_driver);
      | ^~~~~~~~~~~~~~~~~
In file included from drivers/media/i2c/wm8775.c:28:
./include/linux/module.h:132:6: warning: ‘init_module’ specifies less restrictive attribute than its target ‘wm8775_driver_init’: ‘cold’ [-Wmissing-attributes]
  132 |  int init_module(void) __attribute__((alias(#initfn)));
      |      ^~~~~~~~~~~
./include/linux/device.h:1355:1: note: in expansion of macro ‘module_init’
 1355 | module_init(__driver##_init); \
      | ^~~~~~~~~~~
./include/linux/i2c.h:751:2: note: in expansion of macro ‘module_driver’
  751 |  module_driver(__i2c_driver, i2c_add_driver, \
      |  ^~~~~~~~~~~~~
drivers/media/i2c/wm8775.c:321:1: note: in expansion of macro ‘module_i2c_driver’
  321 | module_i2c_driver(wm8775_driver);
      | ^~~~~~~~~~~~~~~~~
In file included from ./include/linux/i2c.h:30,
                 from drivers/media/i2c/wm8775.c:33:
drivers/media/i2c/wm8775.c:321:19: note: ‘init_module’ target declared here
  321 | module_i2c_driver(wm8775_driver);
      |                   ^~~~~~~~~~~~~
./include/linux/device.h:1351:19: note: in definition of macro ‘module_driver’
 1351 | static int __init __driver##_init(void) \
      |                   ^~~~~~~~
drivers/media/i2c/wm8775.c:321:1: note: in expansion of macro ‘module_i2c_driver’
  321 | module_i2c_driver(wm8775_driver);
      | ^~~~~~~~~~~~~~~~~
  CC [M]  drivers/media/i2c/sony-btf-mpx.o
In file included from drivers/media/i2c/sony-btf-mpx.c:18:
./include/linux/module.h:138:7: warning: ‘cleanup_module’ specifies less restrictive attribute than its target ‘sony_btf_mpx_driver_exit’: ‘cold’ [-Wmissing-attributes]
  138 |  void cleanup_module(void) __attribute__((alias(#exitfn)));
      |       ^~~~~~~~~~~~~~
./include/linux/device.h:1360:1: note: in expansion of macro ‘module_exit’
 1360 | module_exit(__driver##_exit);
      | ^~~~~~~~~~~
./include/linux/i2c.h:751:2: note: in expansion of macro ‘module_driver’
  751 |  module_driver(__i2c_driver, i2c_add_driver, \
      |  ^~~~~~~~~~~~~
drivers/media/i2c/sony-btf-mpx.c:397:1: note: in expansion of macro ‘module_i2c_driver’
  397 | module_i2c_driver(sony_btf_mpx_driver);
      | ^~~~~~~~~~~~~~~~~
In file included from ./include/linux/i2c.h:30,
                 from drivers/media/i2c/sony-btf-mpx.c:20:
drivers/media/i2c/sony-btf-mpx.c:397:19: note: ‘cleanup_module’ target declared here
  397 | module_i2c_driver(sony_btf_mpx_driver);
      |                   ^~~~~~~~~~~~~~~~~~~
./include/linux/device.h:1356:20: note: in definition of macro ‘module_driver’
 1356 | static void __exit __driver##_exit(void) \
      |                    ^~~~~~~~
drivers/media/i2c/sony-btf-mpx.c:397:1: note: in expansion of macro ‘module_i2c_driver’
  397 | module_i2c_driver(sony_btf_mpx_driver);
      | ^~~~~~~~~~~~~~~~~
In file included from drivers/media/i2c/sony-btf-mpx.c:18:
./include/linux/module.h:132:6: warning: ‘init_module’ specifies less restrictive attribute than its target ‘sony_btf_mpx_driver_init’: ‘cold’ [-Wmissing-attributes]
  132 |  int init_module(void) __attribute__((alias(#initfn)));
      |      ^~~~~~~~~~~
./include/linux/device.h:1355:1: note: in expansion of macro ‘module_init’
 1355 | module_init(__driver##_init); \
      | ^~~~~~~~~~~
./include/linux/i2c.h:751:2: note: in expansion of macro ‘module_driver’
  751 |  module_driver(__i2c_driver, i2c_add_driver, \
      |  ^~~~~~~~~~~~~
drivers/media/i2c/sony-btf-mpx.c:397:1: note: in expansion of macro ‘module_i2c_driver’
  397 | module_i2c_driver(sony_btf_mpx_driver);
      | ^~~~~~~~~~~~~~~~~
In file included from ./include/linux/i2c.h:30,
                 from drivers/media/i2c/sony-btf-mpx.c:20:
drivers/media/i2c/sony-btf-mpx.c:397:19: note: ‘init_module’ target declared here
  397 | module_i2c_driver(sony_btf_mpx_driver);
      |                   ^~~~~~~~~~~~~~~~~~~
./include/linux/device.h:1351:19: note: in definition of macro ‘module_driver’
 1351 | static int __init __driver##_init(void) \
      |                   ^~~~~~~~
drivers/media/i2c/sony-btf-mpx.c:397:1: note: in expansion of macro ‘module_i2c_driver’
  397 | module_i2c_driver(sony_btf_mpx_driver);
      | ^~~~~~~~~~~~~~~~~
  CC [M]  drivers/media/i2c/ov7640.o
In file included from drivers/media/i2c/ov7640.c:19:
./include/linux/module.h:138:7: warning: ‘cleanup_module’ specifies less restrictive attribute than its target ‘ov7640_driver_exit’: ‘cold’ [-Wmissing-attributes]
  138 |  void cleanup_module(void) __attribute__((alias(#exitfn)));
      |       ^~~~~~~~~~~~~~
./include/linux/device.h:1360:1: note: in expansion of macro ‘module_exit’
 1360 | module_exit(__driver##_exit);
      | ^~~~~~~~~~~
./include/linux/i2c.h:751:2: note: in expansion of macro ‘module_driver’
  751 |  module_driver(__i2c_driver, i2c_add_driver, \
      |  ^~~~~~~~~~~~~
drivers/media/i2c/ov7640.c:103:1: note: in expansion of macro ‘module_i2c_driver’
  103 | module_i2c_driver(ov7640_driver);
      | ^~~~~~~~~~~~~~~~~
In file included from ./include/linux/i2c.h:30,
                 from drivers/media/i2c/ov7640.c:20:
drivers/media/i2c/ov7640.c:103:19: note: ‘cleanup_module’ target declared here
  103 | module_i2c_driver(ov7640_driver);
      |                   ^~~~~~~~~~~~~
./include/linux/device.h:1356:20: note: in definition of macro ‘module_driver’
 1356 | static void __exit __driver##_exit(void) \
      |                    ^~~~~~~~
drivers/media/i2c/ov7640.c:103:1: note: in expansion of macro ‘module_i2c_driver’
  103 | module_i2c_driver(ov7640_driver);
      | ^~~~~~~~~~~~~~~~~
In file included from drivers/media/i2c/ov7640.c:19:
./include/linux/module.h:132:6: warning: ‘init_module’ specifies less restrictive attribute than its target ‘ov7640_driver_init’: ‘cold’ [-Wmissing-attributes]
  132 |  int init_module(void) __attribute__((alias(#initfn)));
      |      ^~~~~~~~~~~
./include/linux/device.h:1355:1: note: in expansion of macro ‘module_init’
 1355 | module_init(__driver##_init); \
      | ^~~~~~~~~~~
./include/linux/i2c.h:751:2: note: in expansion of macro ‘module_driver’
  751 |  module_driver(__i2c_driver, i2c_add_driver, \
      |  ^~~~~~~~~~~~~
drivers/media/i2c/ov7640.c:103:1: note: in expansion of macro ‘module_i2c_driver’
  103 | module_i2c_driver(ov7640_driver);
      | ^~~~~~~~~~~~~~~~~
In file included from ./include/linux/i2c.h:30,
                 from drivers/media/i2c/ov7640.c:20:
drivers/media/i2c/ov7640.c:103:19: note: ‘init_module’ target declared here
  103 | module_i2c_driver(ov7640_driver);
      |                   ^~~~~~~~~~~~~
./include/linux/device.h:1351:19: note: in definition of macro ‘module_driver’
 1351 | static int __init __driver##_init(void) \
      |                   ^~~~~~~~
drivers/media/i2c/ov7640.c:103:1: note: in expansion of macro ‘module_i2c_driver’
  103 | module_i2c_driver(ov7640_driver);
      | ^~~~~~~~~~~~~~~~~
  CC [M]  drivers/media/i2c/mt9v011.o
In file included from drivers/media/i2c/mt9v011.c:12:
./include/linux/module.h:138:7: warning: ‘cleanup_module’ specifies less restrictive attribute than its target ‘mt9v011_driver_exit’: ‘cold’ [-Wmissing-attributes]
  138 |  void cleanup_module(void) __attribute__((alias(#exitfn)));
      |       ^~~~~~~~~~~~~~
./include/linux/device.h:1360:1: note: in expansion of macro ‘module_exit’
 1360 | module_exit(__driver##_exit);
      | ^~~~~~~~~~~
./include/linux/i2c.h:751:2: note: in expansion of macro ‘module_driver’
  751 |  module_driver(__i2c_driver, i2c_add_driver, \
      |  ^~~~~~~~~~~~~
drivers/media/i2c/mt9v011.c:608:1: note: in expansion of macro ‘module_i2c_driver’
  608 | module_i2c_driver(mt9v011_driver);
      | ^~~~~~~~~~~~~~~~~
In file included from ./include/linux/i2c.h:30,
                 from drivers/media/i2c/mt9v011.c:8:
drivers/media/i2c/mt9v011.c:608:19: note: ‘cleanup_module’ target declared here
  608 | module_i2c_driver(mt9v011_driver);
      |                   ^~~~~~~~~~~~~~
./include/linux/device.h:1356:20: note: in definition of macro ‘module_driver’
 1356 | static void __exit __driver##_exit(void) \
      |                    ^~~~~~~~
drivers/media/i2c/mt9v011.c:608:1: note: in expansion of macro ‘module_i2c_driver’
  608 | module_i2c_driver(mt9v011_driver);
      | ^~~~~~~~~~~~~~~~~
In file included from drivers/media/i2c/mt9v011.c:12:
./include/linux/module.h:132:6: warning: ‘init_module’ specifies less restrictive attribute than its target ‘mt9v011_driver_init’: ‘cold’ [-Wmissing-attributes]
  132 |  int init_module(void) __attribute__((alias(#initfn)));
      |      ^~~~~~~~~~~
./include/linux/device.h:1355:1: note: in expansion of macro ‘module_init’
 1355 | module_init(__driver##_init); \
      | ^~~~~~~~~~~
./include/linux/i2c.h:751:2: note: in expansion of macro ‘module_driver’
  751 |  module_driver(__i2c_driver, i2c_add_driver, \
      |  ^~~~~~~~~~~~~
drivers/media/i2c/mt9v011.c:608:1: note: in expansion of macro ‘module_i2c_driver’
  608 | module_i2c_driver(mt9v011_driver);
      | ^~~~~~~~~~~~~~~~~
In file included from ./include/linux/i2c.h:30,
                 from drivers/media/i2c/mt9v011.c:8:
drivers/media/i2c/mt9v011.c:608:19: note: ‘init_module’ target declared here
  608 | module_i2c_driver(mt9v011_driver);
      |                   ^~~~~~~~~~~~~~
./include/linux/device.h:1351:19: note: in definition of macro ‘module_driver’
 1351 | static int __init __driver##_init(void) \
      |                   ^~~~~~~~
drivers/media/i2c/mt9v011.c:608:1: note: in expansion of macro ‘module_i2c_driver’
  608 | module_i2c_driver(mt9v011_driver);
      | ^~~~~~~~~~~~~~~~~
  CC [M]  drivers/media/i2c/ir-kbd-i2c.o
In file included from drivers/media/i2c/ir-kbd-i2c.c:39:
./include/linux/module.h:132:6: warning: ‘init_module’ specifies less restrictive attribute than its target ‘ir_kbd_driver_init’: ‘cold’ [-Wmissing-attributes]
  132 |  int init_module(void) __attribute__((alias(#initfn)));
      |      ^~~~~~~~~~~
./include/linux/device.h:1355:1: note: in expansion of macro ‘module_init’
 1355 | module_init(__driver##_init); \
      | ^~~~~~~~~~~
./include/linux/i2c.h:751:2: note: in expansion of macro ‘module_driver’
  751 |  module_driver(__i2c_driver, i2c_add_driver, \
      |  ^~~~~~~~~~~~~
drivers/media/i2c/ir-kbd-i2c.c:521:1: note: in expansion of macro ‘module_i2c_driver’
  521 | module_i2c_driver(ir_kbd_driver);
      | ^~~~~~~~~~~~~~~~~
In file included from ./include/linux/i2c.h:30,
                 from drivers/media/i2c/ir-kbd-i2c.c:47:
drivers/media/i2c/ir-kbd-i2c.c:521:19: note: ‘init_module’ target declared here
  521 | module_i2c_driver(ir_kbd_driver);
      |                   ^~~~~~~~~~~~~
./include/linux/device.h:1351:19: note: in definition of macro ‘module_driver’
 1351 | static int __init __driver##_init(void) \
      |                   ^~~~~~~~
drivers/media/i2c/ir-kbd-i2c.c:521:1: note: in expansion of macro ‘module_i2c_driver’
  521 | module_i2c_driver(ir_kbd_driver);
      | ^~~~~~~~~~~~~~~~~
In file included from drivers/media/i2c/ir-kbd-i2c.c:39:
./include/linux/module.h:138:7: warning: ‘cleanup_module’ specifies less restrictive attribute than its target ‘ir_kbd_driver_exit’: ‘cold’ [-Wmissing-attributes]
  138 |  void cleanup_module(void) __attribute__((alias(#exitfn)));
      |       ^~~~~~~~~~~~~~
./include/linux/device.h:1360:1: note: in expansion of macro ‘module_exit’
 1360 | module_exit(__driver##_exit);
      | ^~~~~~~~~~~
./include/linux/i2c.h:751:2: note: in expansion of macro ‘module_driver’
  751 |  module_driver(__i2c_driver, i2c_add_driver, \
      |  ^~~~~~~~~~~~~
drivers/media/i2c/ir-kbd-i2c.c:521:1: note: in expansion of macro ‘module_i2c_driver’
  521 | module_i2c_driver(ir_kbd_driver);
      | ^~~~~~~~~~~~~~~~~
In file included from ./include/linux/i2c.h:30,
                 from drivers/media/i2c/ir-kbd-i2c.c:47:
drivers/media/i2c/ir-kbd-i2c.c:521:19: note: ‘cleanup_module’ target declared here
  521 | module_i2c_driver(ir_kbd_driver);
      |                   ^~~~~~~~~~~~~
./include/linux/device.h:1356:20: note: in definition of macro ‘module_driver’
 1356 | static void __exit __driver##_exit(void) \
      |                    ^~~~~~~~
drivers/media/i2c/ir-kbd-i2c.c:521:1: note: in expansion of macro ‘module_i2c_driver’
  521 | module_i2c_driver(ir_kbd_driver);
      | ^~~~~~~~~~~~~~~~~
  LD      drivers/media/mmc/siano/built-in.o
  LD      drivers/media/mmc/built-in.o
  LD      drivers/media/pci/b2c2/built-in.o
  LD      drivers/media/pci/ddbridge/built-in.o
  LD      drivers/media/pci/dm1105/built-in.o
  LD      drivers/media/pci/mantis/built-in.o
  LD      drivers/media/pci/netup_unidvb/built-in.o
  LD      drivers/media/pci/ngene/built-in.o
  LD      drivers/media/pci/pluto2/built-in.o
  LD      drivers/media/pci/pt1/built-in.o
  LD      drivers/media/pci/pt3/built-in.o
  LD      drivers/media/pci/saa7146/built-in.o
  LD      drivers/media/pci/smipcie/built-in.o
  LD      drivers/media/pci/ttpci/built-in.o
  CC [M]  drivers/media/pci/ttpci/ttpci-eeprom.o
  LD      drivers/media/pci/built-in.o
  LD      drivers/media/platform/bcm2835/built-in.o
  CC [M]  drivers/media/platform/bcm2835/bcm2835-camera.o
In file included from drivers/media/platform/bcm2835/bcm2835-camera.c:18:
./include/linux/module.h:132:6: warning: ‘init_module’ specifies less restrictive attribute than its target ‘bm2835_mmal_init’: ‘cold’ [-Wmissing-attributes]
  132 |  int init_module(void) __attribute__((alias(#initfn)));
      |      ^~~~~~~~~~~
drivers/media/platform/bcm2835/bcm2835-camera.c:2021:1: note: in expansion of macro ‘module_init’
 2021 | module_init(bm2835_mmal_init);
      | ^~~~~~~~~~~
drivers/media/platform/bcm2835/bcm2835-camera.c:1893:19: note: ‘init_module’ target declared here
 1893 | static int __init bm2835_mmal_init(void)
      |                   ^~~~~~~~~~~~~~~~
In file included from drivers/media/platform/bcm2835/bcm2835-camera.c:18:
./include/linux/module.h:138:7: warning: ‘cleanup_module’ specifies less restrictive attribute than its target ‘bm2835_mmal_exit’: ‘cold’ [-Wmissing-attributes]
  138 |  void cleanup_module(void) __attribute__((alias(#exitfn)));
      |       ^~~~~~~~~~~~~~
drivers/media/platform/bcm2835/bcm2835-camera.c:2022:1: note: in expansion of macro ‘module_exit’
 2022 | module_exit(bm2835_mmal_exit);
      | ^~~~~~~~~~~
drivers/media/platform/bcm2835/bcm2835-camera.c:2009:20: note: ‘cleanup_module’ target declared here
 2009 | static void __exit bm2835_mmal_exit(void)
      |                    ^~~~~~~~~~~~~~~~
  CC [M]  drivers/media/platform/bcm2835/controls.o
  CC [M]  drivers/media/platform/bcm2835/mmal-vchiq.o
drivers/media/platform/bcm2835/mmal-vchiq.c: In function ‘create_component’:
drivers/media/platform/bcm2835/mmal-vchiq.c:990:2: warning: ‘strncpy’ specified bound 128 equals destination size [-Wstringop-truncation]
  990 |  strncpy(m.u.component_create.name, name,
      |  ^~~~~~~~~~~~~~~~~~~~~~~~~~~~~~~~~~~~~~~~
  991 |   sizeof(m.u.component_create.name));
      |   ~~~~~~~~~~~~~~~~~~~~~~~~~~~~~~~~~~
  LD [M]  drivers/media/platform/bcm2835/bcm2835-v4l2.o
  LD      drivers/media/platform/omap/built-in.o
  LD      drivers/media/platform/built-in.o
  LD      drivers/media/radio/si470x/built-in.o
  CC [M]  drivers/media/radio/si470x/radio-si470x-usb.o
In file included from drivers/media/radio/si470x/radio-si470x.h:30,
                 from drivers/media/radio/si470x/radio-si470x-usb.c:41:
./include/linux/module.h:138:7: warning: ‘cleanup_module’ specifies less restrictive attribute than its target ‘si470x_usb_driver_exit’: ‘cold’ [-Wmissing-attributes]
  138 |  void cleanup_module(void) __attribute__((alias(#exitfn)));
      |       ^~~~~~~~~~~~~~
./include/linux/device.h:1360:1: note: in expansion of macro ‘module_exit’
 1360 | module_exit(__driver##_exit);
      | ^~~~~~~~~~~
./include/linux/usb.h:1195:2: note: in expansion of macro ‘module_driver’
 1195 |  module_driver(__usb_driver, usb_register, \
      |  ^~~~~~~~~~~~~
drivers/media/radio/si470x/radio-si470x-usb.c:858:1: note: in expansion of macro ‘module_usb_driver’
  858 | module_usb_driver(si470x_usb_driver);
      | ^~~~~~~~~~~~~~~~~
In file included from ./include/linux/usb/ch9.h:35,
                 from ./include/linux/usb.h:5,
                 from drivers/media/radio/si470x/radio-si470x-usb.c:37:
drivers/media/radio/si470x/radio-si470x-usb.c:858:19: note: ‘cleanup_module’ target declared here
  858 | module_usb_driver(si470x_usb_driver);
      |                   ^~~~~~~~~~~~~~~~~
./include/linux/device.h:1356:20: note: in definition of macro ‘module_driver’
 1356 | static void __exit __driver##_exit(void) \
      |                    ^~~~~~~~
drivers/media/radio/si470x/radio-si470x-usb.c:858:1: note: in expansion of macro ‘module_usb_driver’
  858 | module_usb_driver(si470x_usb_driver);
      | ^~~~~~~~~~~~~~~~~
In file included from drivers/media/radio/si470x/radio-si470x.h:30,
                 from drivers/media/radio/si470x/radio-si470x-usb.c:41:
./include/linux/module.h:132:6: warning: ‘init_module’ specifies less restrictive attribute than its target ‘si470x_usb_driver_init’: ‘cold’ [-Wmissing-attributes]
  132 |  int init_module(void) __attribute__((alias(#initfn)));
      |      ^~~~~~~~~~~
./include/linux/device.h:1355:1: note: in expansion of macro ‘module_init’
 1355 | module_init(__driver##_init); \
      | ^~~~~~~~~~~
./include/linux/usb.h:1195:2: note: in expansion of macro ‘module_driver’
 1195 |  module_driver(__usb_driver, usb_register, \
      |  ^~~~~~~~~~~~~
drivers/media/radio/si470x/radio-si470x-usb.c:858:1: note: in expansion of macro ‘module_usb_driver’
  858 | module_usb_driver(si470x_usb_driver);
      | ^~~~~~~~~~~~~~~~~
In file included from ./include/linux/usb/ch9.h:35,
                 from ./include/linux/usb.h:5,
                 from drivers/media/radio/si470x/radio-si470x-usb.c:37:
drivers/media/radio/si470x/radio-si470x-usb.c:858:19: note: ‘init_module’ target declared here
  858 | module_usb_driver(si470x_usb_driver);
      |                   ^~~~~~~~~~~~~~~~~
./include/linux/device.h:1351:19: note: in definition of macro ‘module_driver’
 1351 | static int __init __driver##_init(void) \
      |                   ^~~~~~~~
drivers/media/radio/si470x/radio-si470x-usb.c:858:1: note: in expansion of macro ‘module_usb_driver’
  858 | module_usb_driver(si470x_usb_driver);
      | ^~~~~~~~~~~~~~~~~
  CC [M]  drivers/media/radio/si470x/radio-si470x-common.o
  LD [M]  drivers/media/radio/si470x/radio-usb-si470x.o
  CC [M]  drivers/media/radio/si470x/radio-si470x-i2c.o
In file included from drivers/media/radio/si470x/radio-si470x.h:30,
                 from drivers/media/radio/si470x/radio-si470x-i2c.c:37:
./include/linux/module.h:138:7: warning: ‘cleanup_module’ specifies less restrictive attribute than its target ‘si470x_i2c_driver_exit’: ‘cold’ [-Wmissing-attributes]
  138 |  void cleanup_module(void) __attribute__((alias(#exitfn)));
      |       ^~~~~~~~~~~~~~
./include/linux/device.h:1360:1: note: in expansion of macro ‘module_exit’
 1360 | module_exit(__driver##_exit);
      | ^~~~~~~~~~~
./include/linux/i2c.h:751:2: note: in expansion of macro ‘module_driver’
  751 |  module_driver(__i2c_driver, i2c_add_driver, \
      |  ^~~~~~~~~~~~~
drivers/media/radio/si470x/radio-si470x-i2c.c:521:1: note: in expansion of macro ‘module_i2c_driver’
  521 | module_i2c_driver(si470x_i2c_driver);
      | ^~~~~~~~~~~~~~~~~
In file included from ./include/linux/i2c.h:30,
                 from drivers/media/radio/si470x/radio-si470x-i2c.c:32:
drivers/media/radio/si470x/radio-si470x-i2c.c:521:19: note: ‘cleanup_module’ target declared here
  521 | module_i2c_driver(si470x_i2c_driver);
      |                   ^~~~~~~~~~~~~~~~~
./include/linux/device.h:1356:20: note: in definition of macro ‘module_driver’
 1356 | static void __exit __driver##_exit(void) \
      |                    ^~~~~~~~
drivers/media/radio/si470x/radio-si470x-i2c.c:521:1: note: in expansion of macro ‘module_i2c_driver’
  521 | module_i2c_driver(si470x_i2c_driver);
      | ^~~~~~~~~~~~~~~~~
In file included from drivers/media/radio/si470x/radio-si470x.h:30,
                 from drivers/media/radio/si470x/radio-si470x-i2c.c:37:
./include/linux/module.h:132:6: warning: ‘init_module’ specifies less restrictive attribute than its target ‘si470x_i2c_driver_init’: ‘cold’ [-Wmissing-attributes]
  132 |  int init_module(void) __attribute__((alias(#initfn)));
      |      ^~~~~~~~~~~
./include/linux/device.h:1355:1: note: in expansion of macro ‘module_init’
 1355 | module_init(__driver##_init); \
      | ^~~~~~~~~~~
./include/linux/i2c.h:751:2: note: in expansion of macro ‘module_driver’
  751 |  module_driver(__i2c_driver, i2c_add_driver, \
      |  ^~~~~~~~~~~~~
drivers/media/radio/si470x/radio-si470x-i2c.c:521:1: note: in expansion of macro ‘module_i2c_driver’
  521 | module_i2c_driver(si470x_i2c_driver);
      | ^~~~~~~~~~~~~~~~~
In file included from ./include/linux/i2c.h:30,
                 from drivers/media/radio/si470x/radio-si470x-i2c.c:32:
drivers/media/radio/si470x/radio-si470x-i2c.c:521:19: note: ‘init_module’ target declared here
  521 | module_i2c_driver(si470x_i2c_driver);
      |                   ^~~~~~~~~~~~~~~~~
./include/linux/device.h:1351:19: note: in definition of macro ‘module_driver’
 1351 | static int __init __driver##_init(void) \
      |                   ^~~~~~~~
drivers/media/radio/si470x/radio-si470x-i2c.c:521:1: note: in expansion of macro ‘module_i2c_driver’
  521 | module_i2c_driver(si470x_i2c_driver);
      | ^~~~~~~~~~~~~~~~~
  LD [M]  drivers/media/radio/si470x/radio-i2c-si470x.o
  LD      drivers/media/radio/si4713/built-in.o
  CC [M]  drivers/media/radio/si4713/si4713.o
In file included from drivers/media/radio/si4713/si4713.c:31:
./include/linux/module.h:138:7: warning: ‘cleanup_module’ specifies less restrictive attribute than its target ‘si4713_i2c_driver_exit’: ‘cold’ [-Wmissing-attributes]
  138 |  void cleanup_module(void) __attribute__((alias(#exitfn)));
      |       ^~~~~~~~~~~~~~
./include/linux/device.h:1360:1: note: in expansion of macro ‘module_exit’
 1360 | module_exit(__driver##_exit);
      | ^~~~~~~~~~~
./include/linux/i2c.h:751:2: note: in expansion of macro ‘module_driver’
  751 |  module_driver(__i2c_driver, i2c_add_driver, \
      |  ^~~~~~~~~~~~~
drivers/media/radio/si4713/si4713.c:1673:1: note: in expansion of macro ‘module_i2c_driver’
 1673 | module_i2c_driver(si4713_i2c_driver);
      | ^~~~~~~~~~~~~~~~~
In file included from ./include/linux/i2c.h:30,
                 from drivers/media/radio/si4713/si4713.c:28:
drivers/media/radio/si4713/si4713.c:1673:19: note: ‘cleanup_module’ target declared here
 1673 | module_i2c_driver(si4713_i2c_driver);
      |                   ^~~~~~~~~~~~~~~~~
./include/linux/device.h:1356:20: note: in definition of macro ‘module_driver’
 1356 | static void __exit __driver##_exit(void) \
      |                    ^~~~~~~~
drivers/media/radio/si4713/si4713.c:1673:1: note: in expansion of macro ‘module_i2c_driver’
 1673 | module_i2c_driver(si4713_i2c_driver);
      | ^~~~~~~~~~~~~~~~~
In file included from drivers/media/radio/si4713/si4713.c:31:
./include/linux/module.h:132:6: warning: ‘init_module’ specifies less restrictive attribute than its target ‘si4713_i2c_driver_init’: ‘cold’ [-Wmissing-attributes]
  132 |  int init_module(void) __attribute__((alias(#initfn)));
      |      ^~~~~~~~~~~
./include/linux/device.h:1355:1: note: in expansion of macro ‘module_init’
 1355 | module_init(__driver##_init); \
      | ^~~~~~~~~~~
./include/linux/i2c.h:751:2: note: in expansion of macro ‘module_driver’
  751 |  module_driver(__i2c_driver, i2c_add_driver, \
      |  ^~~~~~~~~~~~~
drivers/media/radio/si4713/si4713.c:1673:1: note: in expansion of macro ‘module_i2c_driver’
 1673 | module_i2c_driver(si4713_i2c_driver);
      | ^~~~~~~~~~~~~~~~~
In file included from ./include/linux/i2c.h:30,
                 from drivers/media/radio/si4713/si4713.c:28:
drivers/media/radio/si4713/si4713.c:1673:19: note: ‘init_module’ target declared here
 1673 | module_i2c_driver(si4713_i2c_driver);
      |                   ^~~~~~~~~~~~~~~~~
./include/linux/device.h:1351:19: note: in definition of macro ‘module_driver’
 1351 | static int __init __driver##_init(void) \
      |                   ^~~~~~~~
drivers/media/radio/si4713/si4713.c:1673:1: note: in expansion of macro ‘module_i2c_driver’
 1673 | module_i2c_driver(si4713_i2c_driver);
      | ^~~~~~~~~~~~~~~~~
  LD      drivers/media/radio/wl128x/built-in.o
  CC [M]  drivers/media/radio/wl128x/fmdrv_common.o
In file included from drivers/media/radio/wl128x/fmdrv_common.c:35:
./include/linux/module.h:132:6: warning: ‘init_module’ specifies less restrictive attribute than its target ‘fm_drv_init’: ‘cold’ [-Wmissing-attributes]
  132 |  int init_module(void) __attribute__((alias(#initfn)));
      |      ^~~~~~~~~~~
drivers/media/radio/wl128x/fmdrv_common.c:1679:1: note: in expansion of macro ‘module_init’
 1679 | module_init(fm_drv_init);
      | ^~~~~~~~~~~
drivers/media/radio/wl128x/fmdrv_common.c:1630:19: note: ‘init_module’ target declared here
 1630 | static int __init fm_drv_init(void)
      |                   ^~~~~~~~~~~
In file included from drivers/media/radio/wl128x/fmdrv_common.c:35:
./include/linux/module.h:138:7: warning: ‘cleanup_module’ specifies less restrictive attribute than its target ‘fm_drv_exit’: ‘cold’ [-Wmissing-attributes]
  138 |  void cleanup_module(void) __attribute__((alias(#exitfn)));
      |       ^~~~~~~~~~~~~~
drivers/media/radio/wl128x/fmdrv_common.c:1680:1: note: in expansion of macro ‘module_exit’
 1680 | module_exit(fm_drv_exit);
      | ^~~~~~~~~~~
drivers/media/radio/wl128x/fmdrv_common.c:1668:20: note: ‘cleanup_module’ target declared here
 1668 | static void __exit fm_drv_exit(void)
      |                    ^~~~~~~~~~~
  CC [M]  drivers/media/radio/wl128x/fmdrv_rx.o
  CC [M]  drivers/media/radio/wl128x/fmdrv_tx.o
  CC [M]  drivers/media/radio/wl128x/fmdrv_v4l2.o
  LD [M]  drivers/media/radio/wl128x/fm_drv.o
  LD      drivers/media/radio/built-in.o
  CC [M]  drivers/media/radio/radio-shark.o
In file included from drivers/media/radio/radio-shark.c:31:
./include/linux/module.h:138:7: warning: ‘cleanup_module’ specifies less restrictive attribute than its target ‘usb_shark_driver_exit’: ‘cold’ [-Wmissing-attributes]
  138 |  void cleanup_module(void) __attribute__((alias(#exitfn)));
      |       ^~~~~~~~~~~~~~
./include/linux/device.h:1360:1: note: in expansion of macro ‘module_exit’
 1360 | module_exit(__driver##_exit);
      | ^~~~~~~~~~~
./include/linux/usb.h:1195:2: note: in expansion of macro ‘module_driver’
 1195 |  module_driver(__usb_driver, usb_register, \
      |  ^~~~~~~~~~~~~
drivers/media/radio/radio-shark.c:423:1: note: in expansion of macro ‘module_usb_driver’
  423 | module_usb_driver(usb_shark_driver);
      | ^~~~~~~~~~~~~~~~~
In file included from ./include/linux/leds.h:15,
                 from drivers/media/radio/radio-shark.c:30:
drivers/media/radio/radio-shark.c:423:19: note: ‘cleanup_module’ target declared here
  423 | module_usb_driver(usb_shark_driver);
      |                   ^~~~~~~~~~~~~~~~
./include/linux/device.h:1356:20: note: in definition of macro ‘module_driver’
 1356 | static void __exit __driver##_exit(void) \
      |                    ^~~~~~~~
drivers/media/radio/radio-shark.c:423:1: note: in expansion of macro ‘module_usb_driver’
  423 | module_usb_driver(usb_shark_driver);
      | ^~~~~~~~~~~~~~~~~
In file included from drivers/media/radio/radio-shark.c:31:
./include/linux/module.h:132:6: warning: ‘init_module’ specifies less restrictive attribute than its target ‘usb_shark_driver_init’: ‘cold’ [-Wmissing-attributes]
  132 |  int init_module(void) __attribute__((alias(#initfn)));
      |      ^~~~~~~~~~~
./include/linux/device.h:1355:1: note: in expansion of macro ‘module_init’
 1355 | module_init(__driver##_init); \
      | ^~~~~~~~~~~
./include/linux/usb.h:1195:2: note: in expansion of macro ‘module_driver’
 1195 |  module_driver(__usb_driver, usb_register, \
      |  ^~~~~~~~~~~~~
drivers/media/radio/radio-shark.c:423:1: note: in expansion of macro ‘module_usb_driver’
  423 | module_usb_driver(usb_shark_driver);
      | ^~~~~~~~~~~~~~~~~
In file included from ./include/linux/leds.h:15,
                 from drivers/media/radio/radio-shark.c:30:
drivers/media/radio/radio-shark.c:423:19: note: ‘init_module’ target declared here
  423 | module_usb_driver(usb_shark_driver);
      |                   ^~~~~~~~~~~~~~~~
./include/linux/device.h:1351:19: note: in definition of macro ‘module_driver’
 1351 | static int __init __driver##_init(void) \
      |                   ^~~~~~~~
drivers/media/radio/radio-shark.c:423:1: note: in expansion of macro ‘module_usb_driver’
  423 | module_usb_driver(usb_shark_driver);
      | ^~~~~~~~~~~~~~~~~
  CC [M]  drivers/media/radio/radio-shark2.o
In file included from drivers/media/radio/radio-shark2.c:31:
./include/linux/module.h:138:7: warning: ‘cleanup_module’ specifies less restrictive attribute than its target ‘usb_shark_driver_exit’: ‘cold’ [-Wmissing-attributes]
  138 |  void cleanup_module(void) __attribute__((alias(#exitfn)));
      |       ^~~~~~~~~~~~~~
./include/linux/device.h:1360:1: note: in expansion of macro ‘module_exit’
 1360 | module_exit(__driver##_exit);
      | ^~~~~~~~~~~
./include/linux/usb.h:1195:2: note: in expansion of macro ‘module_driver’
 1195 |  module_driver(__usb_driver, usb_register, \
      |  ^~~~~~~~~~~~~
drivers/media/radio/radio-shark2.c:389:1: note: in expansion of macro ‘module_usb_driver’
  389 | module_usb_driver(usb_shark_driver);
      | ^~~~~~~~~~~~~~~~~
In file included from ./include/linux/leds.h:15,
                 from drivers/media/radio/radio-shark2.c:30:
drivers/media/radio/radio-shark2.c:389:19: note: ‘cleanup_module’ target declared here
  389 | module_usb_driver(usb_shark_driver);
      |                   ^~~~~~~~~~~~~~~~
./include/linux/device.h:1356:20: note: in definition of macro ‘module_driver’
 1356 | static void __exit __driver##_exit(void) \
      |                    ^~~~~~~~
drivers/media/radio/radio-shark2.c:389:1: note: in expansion of macro ‘module_usb_driver’
  389 | module_usb_driver(usb_shark_driver);
      | ^~~~~~~~~~~~~~~~~
In file included from drivers/media/radio/radio-shark2.c:31:
./include/linux/module.h:132:6: warning: ‘init_module’ specifies less restrictive attribute than its target ‘usb_shark_driver_init’: ‘cold’ [-Wmissing-attributes]
  132 |  int init_module(void) __attribute__((alias(#initfn)));
      |      ^~~~~~~~~~~
./include/linux/device.h:1355:1: note: in expansion of macro ‘module_init’
 1355 | module_init(__driver##_init); \
      | ^~~~~~~~~~~
./include/linux/usb.h:1195:2: note: in expansion of macro ‘module_driver’
 1195 |  module_driver(__usb_driver, usb_register, \
      |  ^~~~~~~~~~~~~
drivers/media/radio/radio-shark2.c:389:1: note: in expansion of macro ‘module_usb_driver’
  389 | module_usb_driver(usb_shark_driver);
      | ^~~~~~~~~~~~~~~~~
In file included from ./include/linux/leds.h:15,
                 from drivers/media/radio/radio-shark2.c:30:
drivers/media/radio/radio-shark2.c:389:19: note: ‘init_module’ target declared here
  389 | module_usb_driver(usb_shark_driver);
      |                   ^~~~~~~~~~~~~~~~
./include/linux/device.h:1351:19: note: in definition of macro ‘module_driver’
 1351 | static int __init __driver##_init(void) \
      |                   ^~~~~~~~
drivers/media/radio/radio-shark2.c:389:1: note: in expansion of macro ‘module_usb_driver’
  389 | module_usb_driver(usb_shark_driver);
      | ^~~~~~~~~~~~~~~~~
  CC [M]  drivers/media/radio/radio-tea5777.o
  LD [M]  drivers/media/radio/shark2.o
  CC [M]  drivers/media/radio/dsbr100.o
In file included from drivers/media/radio/dsbr100.c:38:
./include/linux/module.h:138:7: warning: ‘cleanup_module’ specifies less restrictive attribute than its target ‘usb_dsbr100_driver_exit’: ‘cold’ [-Wmissing-attributes]
  138 |  void cleanup_module(void) __attribute__((alias(#exitfn)));
      |       ^~~~~~~~~~~~~~
./include/linux/device.h:1360:1: note: in expansion of macro ‘module_exit’
 1360 | module_exit(__driver##_exit);
      | ^~~~~~~~~~~
./include/linux/usb.h:1195:2: note: in expansion of macro ‘module_driver’
 1195 |  module_driver(__usb_driver, usb_register, \
      |  ^~~~~~~~~~~~~
drivers/media/radio/dsbr100.c:433:1: note: in expansion of macro ‘module_usb_driver’
  433 | module_usb_driver(usb_dsbr100_driver);
      | ^~~~~~~~~~~~~~~~~
In file included from ./include/linux/input.h:22,
                 from drivers/media/radio/dsbr100.c:41:
drivers/media/radio/dsbr100.c:433:19: note: ‘cleanup_module’ target declared here
  433 | module_usb_driver(usb_dsbr100_driver);
      |                   ^~~~~~~~~~~~~~~~~~
./include/linux/device.h:1356:20: note: in definition of macro ‘module_driver’
 1356 | static void __exit __driver##_exit(void) \
      |                    ^~~~~~~~
drivers/media/radio/dsbr100.c:433:1: note: in expansion of macro ‘module_usb_driver’
  433 | module_usb_driver(usb_dsbr100_driver);
      | ^~~~~~~~~~~~~~~~~
In file included from drivers/media/radio/dsbr100.c:38:
./include/linux/module.h:132:6: warning: ‘init_module’ specifies less restrictive attribute than its target ‘usb_dsbr100_driver_init’: ‘cold’ [-Wmissing-attributes]
  132 |  int init_module(void) __attribute__((alias(#initfn)));
      |      ^~~~~~~~~~~
./include/linux/device.h:1355:1: note: in expansion of macro ‘module_init’
 1355 | module_init(__driver##_init); \
      | ^~~~~~~~~~~
./include/linux/usb.h:1195:2: note: in expansion of macro ‘module_driver’
 1195 |  module_driver(__usb_driver, usb_register, \
      |  ^~~~~~~~~~~~~
drivers/media/radio/dsbr100.c:433:1: note: in expansion of macro ‘module_usb_driver’
  433 | module_usb_driver(usb_dsbr100_driver);
      | ^~~~~~~~~~~~~~~~~
In file included from ./include/linux/input.h:22,
                 from drivers/media/radio/dsbr100.c:41:
drivers/media/radio/dsbr100.c:433:19: note: ‘init_module’ target declared here
  433 | module_usb_driver(usb_dsbr100_driver);
      |                   ^~~~~~~~~~~~~~~~~~
./include/linux/device.h:1351:19: note: in definition of macro ‘module_driver’
 1351 | static int __init __driver##_init(void) \
      |                   ^~~~~~~~
drivers/media/radio/dsbr100.c:433:1: note: in expansion of macro ‘module_usb_driver’
  433 | module_usb_driver(usb_dsbr100_driver);
      | ^~~~~~~~~~~~~~~~~
  CC [M]  drivers/media/radio/radio-mr800.o
In file included from drivers/media/radio/radio-mr800.c:58:
./include/linux/module.h:138:7: warning: ‘cleanup_module’ specifies less restrictive attribute than its target ‘usb_amradio_driver_exit’: ‘cold’ [-Wmissing-attributes]
  138 |  void cleanup_module(void) __attribute__((alias(#exitfn)));
      |       ^~~~~~~~~~~~~~
./include/linux/device.h:1360:1: note: in expansion of macro ‘module_exit’
 1360 | module_exit(__driver##_exit);
      | ^~~~~~~~~~~
./include/linux/usb.h:1195:2: note: in expansion of macro ‘module_driver’
 1195 |  module_driver(__usb_driver, usb_register, \
      |  ^~~~~~~~~~~~~
drivers/media/radio/radio-mr800.c:613:1: note: in expansion of macro ‘module_usb_driver’
  613 | module_usb_driver(usb_amradio_driver);
      | ^~~~~~~~~~~~~~~~~
In file included from ./include/linux/input.h:22,
                 from drivers/media/radio/radio-mr800.c:61:
drivers/media/radio/radio-mr800.c:613:19: note: ‘cleanup_module’ target declared here
  613 | module_usb_driver(usb_amradio_driver);
      |                   ^~~~~~~~~~~~~~~~~~
./include/linux/device.h:1356:20: note: in definition of macro ‘module_driver’
 1356 | static void __exit __driver##_exit(void) \
      |                    ^~~~~~~~
drivers/media/radio/radio-mr800.c:613:1: note: in expansion of macro ‘module_usb_driver’
  613 | module_usb_driver(usb_amradio_driver);
      | ^~~~~~~~~~~~~~~~~
In file included from drivers/media/radio/radio-mr800.c:58:
./include/linux/module.h:132:6: warning: ‘init_module’ specifies less restrictive attribute than its target ‘usb_amradio_driver_init’: ‘cold’ [-Wmissing-attributes]
  132 |  int init_module(void) __attribute__((alias(#initfn)));
      |      ^~~~~~~~~~~
./include/linux/device.h:1355:1: note: in expansion of macro ‘module_init’
 1355 | module_init(__driver##_init); \
      | ^~~~~~~~~~~
./include/linux/usb.h:1195:2: note: in expansion of macro ‘module_driver’
 1195 |  module_driver(__usb_driver, usb_register, \
      |  ^~~~~~~~~~~~~
drivers/media/radio/radio-mr800.c:613:1: note: in expansion of macro ‘module_usb_driver’
  613 | module_usb_driver(usb_amradio_driver);
      | ^~~~~~~~~~~~~~~~~
In file included from ./include/linux/input.h:22,
                 from drivers/media/radio/radio-mr800.c:61:
drivers/media/radio/radio-mr800.c:613:19: note: ‘init_module’ target declared here
  613 | module_usb_driver(usb_amradio_driver);
      |                   ^~~~~~~~~~~~~~~~~~
./include/linux/device.h:1351:19: note: in definition of macro ‘module_driver’
 1351 | static int __init __driver##_init(void) \
      |                   ^~~~~~~~
drivers/media/radio/radio-mr800.c:613:1: note: in expansion of macro ‘module_usb_driver’
  613 | module_usb_driver(usb_amradio_driver);
      | ^~~~~~~~~~~~~~~~~
  CC [M]  drivers/media/radio/radio-keene.o
In file included from drivers/media/radio/radio-keene.c:21:
./include/linux/module.h:138:7: warning: ‘cleanup_module’ specifies less restrictive attribute than its target ‘usb_keene_driver_exit’: ‘cold’ [-Wmissing-attributes]
  138 |  void cleanup_module(void) __attribute__((alias(#exitfn)));
      |       ^~~~~~~~~~~~~~
./include/linux/device.h:1360:1: note: in expansion of macro ‘module_exit’
 1360 | module_exit(__driver##_exit);
      | ^~~~~~~~~~~
./include/linux/usb.h:1195:2: note: in expansion of macro ‘module_driver’
 1195 |  module_driver(__usb_driver, usb_register, \
      |  ^~~~~~~~~~~~~
drivers/media/radio/radio-keene.c:418:1: note: in expansion of macro ‘module_usb_driver’
  418 | module_usb_driver(usb_keene_driver);
      | ^~~~~~~~~~~~~~~~~
In file included from ./include/linux/input.h:22,
                 from drivers/media/radio/radio-keene.c:24:
drivers/media/radio/radio-keene.c:418:19: note: ‘cleanup_module’ target declared here
  418 | module_usb_driver(usb_keene_driver);
      |                   ^~~~~~~~~~~~~~~~
./include/linux/device.h:1356:20: note: in definition of macro ‘module_driver’
 1356 | static void __exit __driver##_exit(void) \
      |                    ^~~~~~~~
drivers/media/radio/radio-keene.c:418:1: note: in expansion of macro ‘module_usb_driver’
  418 | module_usb_driver(usb_keene_driver);
      | ^~~~~~~~~~~~~~~~~
In file included from drivers/media/radio/radio-keene.c:21:
./include/linux/module.h:132:6: warning: ‘init_module’ specifies less restrictive attribute than its target ‘usb_keene_driver_init’: ‘cold’ [-Wmissing-attributes]
  132 |  int init_module(void) __attribute__((alias(#initfn)));
      |      ^~~~~~~~~~~
./include/linux/device.h:1355:1: note: in expansion of macro ‘module_init’
 1355 | module_init(__driver##_init); \
      | ^~~~~~~~~~~
./include/linux/usb.h:1195:2: note: in expansion of macro ‘module_driver’
 1195 |  module_driver(__usb_driver, usb_register, \
      |  ^~~~~~~~~~~~~
drivers/media/radio/radio-keene.c:418:1: note: in expansion of macro ‘module_usb_driver’
  418 | module_usb_driver(usb_keene_driver);
      | ^~~~~~~~~~~~~~~~~
In file included from ./include/linux/input.h:22,
                 from drivers/media/radio/radio-keene.c:24:
drivers/media/radio/radio-keene.c:418:19: note: ‘init_module’ target declared here
  418 | module_usb_driver(usb_keene_driver);
      |                   ^~~~~~~~~~~~~~~~
./include/linux/device.h:1351:19: note: in definition of macro ‘module_driver’
 1351 | static int __init __driver##_init(void) \
      |                   ^~~~~~~~
drivers/media/radio/radio-keene.c:418:1: note: in expansion of macro ‘module_usb_driver’
  418 | module_usb_driver(usb_keene_driver);
      | ^~~~~~~~~~~~~~~~~
  CC [M]  drivers/media/radio/radio-ma901.o
In file included from drivers/media/radio/radio-ma901.c:24:
./include/linux/module.h:138:7: warning: ‘cleanup_module’ specifies less restrictive attribute than its target ‘usb_ma901radio_driver_exit’: ‘cold’ [-Wmissing-attributes]
  138 |  void cleanup_module(void) __attribute__((alias(#exitfn)));
      |       ^~~~~~~~~~~~~~
./include/linux/device.h:1360:1: note: in expansion of macro ‘module_exit’
 1360 | module_exit(__driver##_exit);
      | ^~~~~~~~~~~
./include/linux/usb.h:1195:2: note: in expansion of macro ‘module_driver’
 1195 |  module_driver(__usb_driver, usb_register, \
      |  ^~~~~~~~~~~~~
drivers/media/radio/radio-ma901.c:470:1: note: in expansion of macro ‘module_usb_driver’
  470 | module_usb_driver(usb_ma901radio_driver);
      | ^~~~~~~~~~~~~~~~~
In file included from ./include/linux/input.h:22,
                 from drivers/media/radio/radio-ma901.c:27:
drivers/media/radio/radio-ma901.c:470:19: note: ‘cleanup_module’ target declared here
  470 | module_usb_driver(usb_ma901radio_driver);
      |                   ^~~~~~~~~~~~~~~~~~~~~
./include/linux/device.h:1356:20: note: in definition of macro ‘module_driver’
 1356 | static void __exit __driver##_exit(void) \
      |                    ^~~~~~~~
drivers/media/radio/radio-ma901.c:470:1: note: in expansion of macro ‘module_usb_driver’
  470 | module_usb_driver(usb_ma901radio_driver);
      | ^~~~~~~~~~~~~~~~~
In file included from drivers/media/radio/radio-ma901.c:24:
./include/linux/module.h:132:6: warning: ‘init_module’ specifies less restrictive attribute than its target ‘usb_ma901radio_driver_init’: ‘cold’ [-Wmissing-attributes]
  132 |  int init_module(void) __attribute__((alias(#initfn)));
      |      ^~~~~~~~~~~
./include/linux/device.h:1355:1: note: in expansion of macro ‘module_init’
 1355 | module_init(__driver##_init); \
      | ^~~~~~~~~~~
./include/linux/usb.h:1195:2: note: in expansion of macro ‘module_driver’
 1195 |  module_driver(__usb_driver, usb_register, \
      |  ^~~~~~~~~~~~~
drivers/media/radio/radio-ma901.c:470:1: note: in expansion of macro ‘module_usb_driver’
  470 | module_usb_driver(usb_ma901radio_driver);
      | ^~~~~~~~~~~~~~~~~
In file included from ./include/linux/input.h:22,
                 from drivers/media/radio/radio-ma901.c:27:
drivers/media/radio/radio-ma901.c:470:19: note: ‘init_module’ target declared here
  470 | module_usb_driver(usb_ma901radio_driver);
      |                   ^~~~~~~~~~~~~~~~~~~~~
./include/linux/device.h:1351:19: note: in definition of macro ‘module_driver’
 1351 | static int __init __driver##_init(void) \
      |                   ^~~~~~~~
drivers/media/radio/radio-ma901.c:470:1: note: in expansion of macro ‘module_usb_driver’
  470 | module_usb_driver(usb_ma901radio_driver);
      | ^~~~~~~~~~~~~~~~~
  CC [M]  drivers/media/radio/radio-tea5764.o
In file included from drivers/media/radio/radio-tea5764.c:36:
./include/linux/module.h:138:7: warning: ‘cleanup_module’ specifies less restrictive attribute than its target ‘tea5764_i2c_driver_exit’: ‘cold’ [-Wmissing-attributes]
  138 |  void cleanup_module(void) __attribute__((alias(#exitfn)));
      |       ^~~~~~~~~~~~~~
./include/linux/device.h:1360:1: note: in expansion of macro ‘module_exit’
 1360 | module_exit(__driver##_exit);
      | ^~~~~~~~~~~
./include/linux/i2c.h:751:2: note: in expansion of macro ‘module_driver’
  751 |  module_driver(__i2c_driver, i2c_add_driver, \
      |  ^~~~~~~~~~~~~
drivers/media/radio/radio-tea5764.c:535:1: note: in expansion of macro ‘module_i2c_driver’
  535 | module_i2c_driver(tea5764_i2c_driver);
      | ^~~~~~~~~~~~~~~~~
In file included from ./include/linux/i2c.h:30,
                 from drivers/media/radio/radio-tea5764.c:39:
drivers/media/radio/radio-tea5764.c:535:19: note: ‘cleanup_module’ target declared here
  535 | module_i2c_driver(tea5764_i2c_driver);
      |                   ^~~~~~~~~~~~~~~~~~
./include/linux/device.h:1356:20: note: in definition of macro ‘module_driver’
 1356 | static void __exit __driver##_exit(void) \
      |                    ^~~~~~~~
drivers/media/radio/radio-tea5764.c:535:1: note: in expansion of macro ‘module_i2c_driver’
  535 | module_i2c_driver(tea5764_i2c_driver);
      | ^~~~~~~~~~~~~~~~~
In file included from drivers/media/radio/radio-tea5764.c:36:
./include/linux/module.h:132:6: warning: ‘init_module’ specifies less restrictive attribute than its target ‘tea5764_i2c_driver_init’: ‘cold’ [-Wmissing-attributes]
  132 |  int init_module(void) __attribute__((alias(#initfn)));
      |      ^~~~~~~~~~~
./include/linux/device.h:1355:1: note: in expansion of macro ‘module_init’
 1355 | module_init(__driver##_init); \
      | ^~~~~~~~~~~
./include/linux/i2c.h:751:2: note: in expansion of macro ‘module_driver’
  751 |  module_driver(__i2c_driver, i2c_add_driver, \
      |  ^~~~~~~~~~~~~
drivers/media/radio/radio-tea5764.c:535:1: note: in expansion of macro ‘module_i2c_driver’
  535 | module_i2c_driver(tea5764_i2c_driver);
      | ^~~~~~~~~~~~~~~~~
In file included from ./include/linux/i2c.h:30,
                 from drivers/media/radio/radio-tea5764.c:39:
drivers/media/radio/radio-tea5764.c:535:19: note: ‘init_module’ target declared here
  535 | module_i2c_driver(tea5764_i2c_driver);
      |                   ^~~~~~~~~~~~~~~~~~
./include/linux/device.h:1351:19: note: in definition of macro ‘module_driver’
 1351 | static int __init __driver##_init(void) \
      |                   ^~~~~~~~
drivers/media/radio/radio-tea5764.c:535:1: note: in expansion of macro ‘module_i2c_driver’
  535 | module_i2c_driver(tea5764_i2c_driver);
      | ^~~~~~~~~~~~~~~~~
  CC [M]  drivers/media/radio/saa7706h.o
In file included from drivers/media/radio/saa7706h.c:19:
./include/linux/module.h:138:7: warning: ‘cleanup_module’ specifies less restrictive attribute than its target ‘saa7706h_driver_exit’: ‘cold’ [-Wmissing-attributes]
  138 |  void cleanup_module(void) __attribute__((alias(#exitfn)));
      |       ^~~~~~~~~~~~~~
./include/linux/device.h:1360:1: note: in expansion of macro ‘module_exit’
 1360 | module_exit(__driver##_exit);
      | ^~~~~~~~~~~
./include/linux/i2c.h:751:2: note: in expansion of macro ‘module_driver’
  751 |  module_driver(__i2c_driver, i2c_add_driver, \
      |  ^~~~~~~~~~~~~
drivers/media/radio/saa7706h.c:427:1: note: in expansion of macro ‘module_i2c_driver’
  427 | module_i2c_driver(saa7706h_driver);
      | ^~~~~~~~~~~~~~~~~
In file included from ./include/linux/i2c.h:30,
                 from drivers/media/radio/saa7706h.c:25:
drivers/media/radio/saa7706h.c:427:19: note: ‘cleanup_module’ target declared here
  427 | module_i2c_driver(saa7706h_driver);
      |                   ^~~~~~~~~~~~~~~
./include/linux/device.h:1356:20: note: in definition of macro ‘module_driver’
 1356 | static void __exit __driver##_exit(void) \
      |                    ^~~~~~~~
drivers/media/radio/saa7706h.c:427:1: note: in expansion of macro ‘module_i2c_driver’
  427 | module_i2c_driver(saa7706h_driver);
      | ^~~~~~~~~~~~~~~~~
In file included from drivers/media/radio/saa7706h.c:19:
./include/linux/module.h:132:6: warning: ‘init_module’ specifies less restrictive attribute than its target ‘saa7706h_driver_init’: ‘cold’ [-Wmissing-attributes]
  132 |  int init_module(void) __attribute__((alias(#initfn)));
      |      ^~~~~~~~~~~
./include/linux/device.h:1355:1: note: in expansion of macro ‘module_init’
 1355 | module_init(__driver##_init); \
      | ^~~~~~~~~~~
./include/linux/i2c.h:751:2: note: in expansion of macro ‘module_driver’
  751 |  module_driver(__i2c_driver, i2c_add_driver, \
      |  ^~~~~~~~~~~~~
drivers/media/radio/saa7706h.c:427:1: note: in expansion of macro ‘module_i2c_driver’
  427 | module_i2c_driver(saa7706h_driver);
      | ^~~~~~~~~~~~~~~~~
In file included from ./include/linux/i2c.h:30,
                 from drivers/media/radio/saa7706h.c:25:
drivers/media/radio/saa7706h.c:427:19: note: ‘init_module’ target declared here
  427 | module_i2c_driver(saa7706h_driver);
      |                   ^~~~~~~~~~~~~~~
./include/linux/device.h:1351:19: note: in definition of macro ‘module_driver’
 1351 | static int __init __driver##_init(void) \
      |                   ^~~~~~~~
drivers/media/radio/saa7706h.c:427:1: note: in expansion of macro ‘module_i2c_driver’
  427 | module_i2c_driver(saa7706h_driver);
      | ^~~~~~~~~~~~~~~~~
  CC [M]  drivers/media/radio/tef6862.o
In file included from drivers/media/radio/tef6862.c:19:
./include/linux/module.h:138:7: warning: ‘cleanup_module’ specifies less restrictive attribute than its target ‘tef6862_driver_exit’: ‘cold’ [-Wmissing-attributes]
  138 |  void cleanup_module(void) __attribute__((alias(#exitfn)));
      |       ^~~~~~~~~~~~~~
./include/linux/device.h:1360:1: note: in expansion of macro ‘module_exit’
 1360 | module_exit(__driver##_exit);
      | ^~~~~~~~~~~
./include/linux/i2c.h:751:2: note: in expansion of macro ‘module_driver’
  751 |  module_driver(__i2c_driver, i2c_add_driver, \
      |  ^~~~~~~~~~~~~
drivers/media/radio/tef6862.c:205:1: note: in expansion of macro ‘module_i2c_driver’
  205 | module_i2c_driver(tef6862_driver);
      | ^~~~~~~~~~~~~~~~~
In file included from ./include/linux/i2c.h:30,
                 from drivers/media/radio/tef6862.c:24:
drivers/media/radio/tef6862.c:205:19: note: ‘cleanup_module’ target declared here
  205 | module_i2c_driver(tef6862_driver);
      |                   ^~~~~~~~~~~~~~
./include/linux/device.h:1356:20: note: in definition of macro ‘module_driver’
 1356 | static void __exit __driver##_exit(void) \
      |                    ^~~~~~~~
drivers/media/radio/tef6862.c:205:1: note: in expansion of macro ‘module_i2c_driver’
  205 | module_i2c_driver(tef6862_driver);
      | ^~~~~~~~~~~~~~~~~
In file included from drivers/media/radio/tef6862.c:19:
./include/linux/module.h:132:6: warning: ‘init_module’ specifies less restrictive attribute than its target ‘tef6862_driver_init’: ‘cold’ [-Wmissing-attributes]
  132 |  int init_module(void) __attribute__((alias(#initfn)));
      |      ^~~~~~~~~~~
./include/linux/device.h:1355:1: note: in expansion of macro ‘module_init’
 1355 | module_init(__driver##_init); \
      | ^~~~~~~~~~~
./include/linux/i2c.h:751:2: note: in expansion of macro ‘module_driver’
  751 |  module_driver(__i2c_driver, i2c_add_driver, \
      |  ^~~~~~~~~~~~~
drivers/media/radio/tef6862.c:205:1: note: in expansion of macro ‘module_i2c_driver’
  205 | module_i2c_driver(tef6862_driver);
      | ^~~~~~~~~~~~~~~~~
In file included from ./include/linux/i2c.h:30,
                 from drivers/media/radio/tef6862.c:24:
drivers/media/radio/tef6862.c:205:19: note: ‘init_module’ target declared here
  205 | module_i2c_driver(tef6862_driver);
      |                   ^~~~~~~~~~~~~~
./include/linux/device.h:1351:19: note: in definition of macro ‘module_driver’
 1351 | static int __init __driver##_init(void) \
      |                   ^~~~~~~~
drivers/media/radio/tef6862.c:205:1: note: in expansion of macro ‘module_i2c_driver’
  205 | module_i2c_driver(tef6862_driver);
      | ^~~~~~~~~~~~~~~~~
  CC [M]  drivers/media/radio/radio-wl1273.o
In file included from drivers/media/radio/radio-wl1273.c:26:
./include/linux/module.h:132:6: warning: ‘init_module’ specifies less restrictive attribute than its target ‘wl1273_fm_radio_driver_init’: ‘cold’ [-Wmissing-attributes]
  132 |  int init_module(void) __attribute__((alias(#initfn)));
      |      ^~~~~~~~~~~
./include/linux/device.h:1355:1: note: in expansion of macro ‘module_init’
 1355 | module_init(__driver##_init); \
      | ^~~~~~~~~~~
./include/linux/platform_device.h:228:2: note: in expansion of macro ‘module_driver’
  228 |  module_driver(__platform_driver, platform_driver_register, \
      |  ^~~~~~~~~~~~~
drivers/media/radio/radio-wl1273.c:2163:1: note: in expansion of macro ‘module_platform_driver’
 2163 | module_platform_driver(wl1273_fm_radio_driver);
      | ^~~~~~~~~~~~~~~~~~~~~~
In file included from ./include/linux/i2c.h:30,
                 from ./include/linux/mfd/wl1273-core.h:27,
                 from drivers/media/radio/radio-wl1273.c:24:
drivers/media/radio/radio-wl1273.c:2163:24: note: ‘init_module’ target declared here
 2163 | module_platform_driver(wl1273_fm_radio_driver);
      |                        ^~~~~~~~~~~~~~~~~~~~~~
./include/linux/device.h:1351:19: note: in definition of macro ‘module_driver’
 1351 | static int __init __driver##_init(void) \
      |                   ^~~~~~~~
drivers/media/radio/radio-wl1273.c:2163:1: note: in expansion of macro ‘module_platform_driver’
 2163 | module_platform_driver(wl1273_fm_radio_driver);
      | ^~~~~~~~~~~~~~~~~~~~~~
In file included from drivers/media/radio/radio-wl1273.c:26:
./include/linux/module.h:138:7: warning: ‘cleanup_module’ specifies less restrictive attribute than its target ‘wl1273_fm_radio_driver_exit’: ‘cold’ [-Wmissing-attributes]
  138 |  void cleanup_module(void) __attribute__((alias(#exitfn)));
      |       ^~~~~~~~~~~~~~
./include/linux/device.h:1360:1: note: in expansion of macro ‘module_exit’
 1360 | module_exit(__driver##_exit);
      | ^~~~~~~~~~~
./include/linux/platform_device.h:228:2: note: in expansion of macro ‘module_driver’
  228 |  module_driver(__platform_driver, platform_driver_register, \
      |  ^~~~~~~~~~~~~
drivers/media/radio/radio-wl1273.c:2163:1: note: in expansion of macro ‘module_platform_driver’
 2163 | module_platform_driver(wl1273_fm_radio_driver);
      | ^~~~~~~~~~~~~~~~~~~~~~
In file included from ./include/linux/i2c.h:30,
                 from ./include/linux/mfd/wl1273-core.h:27,
                 from drivers/media/radio/radio-wl1273.c:24:
drivers/media/radio/radio-wl1273.c:2163:24: note: ‘cleanup_module’ target declared here
 2163 | module_platform_driver(wl1273_fm_radio_driver);
      |                        ^~~~~~~~~~~~~~~~~~~~~~
./include/linux/device.h:1356:20: note: in definition of macro ‘module_driver’
 1356 | static void __exit __driver##_exit(void) \
      |                    ^~~~~~~~
drivers/media/radio/radio-wl1273.c:2163:1: note: in expansion of macro ‘module_platform_driver’
 2163 | module_platform_driver(wl1273_fm_radio_driver);
      | ^~~~~~~~~~~~~~~~~~~~~~
  CC [M]  drivers/media/radio/tea575x.o
  LD      drivers/media/rc/keymaps/built-in.o
  CC [M]  drivers/media/rc/keymaps/rc-adstech-dvb-t-pci.o
In file included from drivers/media/rc/keymaps/rc-adstech-dvb-t-pci.c:14:
./include/linux/module.h:132:6: warning: ‘init_module’ specifies less restrictive attribute than its target ‘init_rc_map_adstech_dvb_t_pci’: ‘cold’ [-Wmissing-attributes]
  132 |  int init_module(void) __attribute__((alias(#initfn)));
      |      ^~~~~~~~~~~
drivers/media/rc/keymaps/rc-adstech-dvb-t-pci.c:86:1: note: in expansion of macro ‘module_init’
   86 | module_init(init_rc_map_adstech_dvb_t_pci)
      | ^~~~~~~~~~~
drivers/media/rc/keymaps/rc-adstech-dvb-t-pci.c:76:19: note: ‘init_module’ target declared here
   76 | static int __init init_rc_map_adstech_dvb_t_pci(void)
      |                   ^~~~~~~~~~~~~~~~~~~~~~~~~~~~~
In file included from drivers/media/rc/keymaps/rc-adstech-dvb-t-pci.c:14:
./include/linux/module.h:138:7: warning: ‘cleanup_module’ specifies less restrictive attribute than its target ‘exit_rc_map_adstech_dvb_t_pci’: ‘cold’ [-Wmissing-attributes]
  138 |  void cleanup_module(void) __attribute__((alias(#exitfn)));
      |       ^~~~~~~~~~~~~~
drivers/media/rc/keymaps/rc-adstech-dvb-t-pci.c:87:1: note: in expansion of macro ‘module_exit’
   87 | module_exit(exit_rc_map_adstech_dvb_t_pci)
      | ^~~~~~~~~~~
drivers/media/rc/keymaps/rc-adstech-dvb-t-pci.c:81:20: note: ‘cleanup_module’ target declared here
   81 | static void __exit exit_rc_map_adstech_dvb_t_pci(void)
      |                    ^~~~~~~~~~~~~~~~~~~~~~~~~~~~~
  CC [M]  drivers/media/rc/keymaps/rc-alink-dtu-m.o
In file included from drivers/media/rc/keymaps/rc-alink-dtu-m.c:22:
./include/linux/module.h:132:6: warning: ‘init_module’ specifies less restrictive attribute than its target ‘init_rc_map_alink_dtu_m’: ‘cold’ [-Wmissing-attributes]
  132 |  int init_module(void) __attribute__((alias(#initfn)));
      |      ^~~~~~~~~~~
drivers/media/rc/keymaps/rc-alink-dtu-m.c:65:1: note: in expansion of macro ‘module_init’
   65 | module_init(init_rc_map_alink_dtu_m)
      | ^~~~~~~~~~~
drivers/media/rc/keymaps/rc-alink-dtu-m.c:55:19: note: ‘init_module’ target declared here
   55 | static int __init init_rc_map_alink_dtu_m(void)
      |                   ^~~~~~~~~~~~~~~~~~~~~~~
In file included from drivers/media/rc/keymaps/rc-alink-dtu-m.c:22:
./include/linux/module.h:138:7: warning: ‘cleanup_module’ specifies less restrictive attribute than its target ‘exit_rc_map_alink_dtu_m’: ‘cold’ [-Wmissing-attributes]
  138 |  void cleanup_module(void) __attribute__((alias(#exitfn)));
      |       ^~~~~~~~~~~~~~
drivers/media/rc/keymaps/rc-alink-dtu-m.c:66:1: note: in expansion of macro ‘module_exit’
   66 | module_exit(exit_rc_map_alink_dtu_m)
      | ^~~~~~~~~~~
drivers/media/rc/keymaps/rc-alink-dtu-m.c:60:20: note: ‘cleanup_module’ target declared here
   60 | static void __exit exit_rc_map_alink_dtu_m(void)
      |                    ^~~~~~~~~~~~~~~~~~~~~~~
  CC [M]  drivers/media/rc/keymaps/rc-anysee.o
In file included from drivers/media/rc/keymaps/rc-anysee.c:22:
./include/linux/module.h:132:6: warning: ‘init_module’ specifies less restrictive attribute than its target ‘init_rc_map_anysee’: ‘cold’ [-Wmissing-attributes]
  132 |  int init_module(void) __attribute__((alias(#initfn)));
      |      ^~~~~~~~~~~
drivers/media/rc/keymaps/rc-anysee.c:90:1: note: in expansion of macro ‘module_init’
   90 | module_init(init_rc_map_anysee)
      | ^~~~~~~~~~~
drivers/media/rc/keymaps/rc-anysee.c:80:19: note: ‘init_module’ target declared here
   80 | static int __init init_rc_map_anysee(void)
      |                   ^~~~~~~~~~~~~~~~~~
In file included from drivers/media/rc/keymaps/rc-anysee.c:22:
./include/linux/module.h:138:7: warning: ‘cleanup_module’ specifies less restrictive attribute than its target ‘exit_rc_map_anysee’: ‘cold’ [-Wmissing-attributes]
  138 |  void cleanup_module(void) __attribute__((alias(#exitfn)));
      |       ^~~~~~~~~~~~~~
drivers/media/rc/keymaps/rc-anysee.c:91:1: note: in expansion of macro ‘module_exit’
   91 | module_exit(exit_rc_map_anysee)
      | ^~~~~~~~~~~
drivers/media/rc/keymaps/rc-anysee.c:85:20: note: ‘cleanup_module’ target declared here
   85 | static void __exit exit_rc_map_anysee(void)
      |                    ^~~~~~~~~~~~~~~~~~
  CC [M]  drivers/media/rc/keymaps/rc-apac-viewcomp.o
In file included from drivers/media/rc/keymaps/rc-apac-viewcomp.c:14:
./include/linux/module.h:132:6: warning: ‘init_module’ specifies less restrictive attribute than its target ‘init_rc_map_apac_viewcomp’: ‘cold’ [-Wmissing-attributes]
  132 |  int init_module(void) __attribute__((alias(#initfn)));
      |      ^~~~~~~~~~~
drivers/media/rc/keymaps/rc-apac-viewcomp.c:77:1: note: in expansion of macro ‘module_init’
   77 | module_init(init_rc_map_apac_viewcomp)
      | ^~~~~~~~~~~
drivers/media/rc/keymaps/rc-apac-viewcomp.c:67:19: note: ‘init_module’ target declared here
   67 | static int __init init_rc_map_apac_viewcomp(void)
      |                   ^~~~~~~~~~~~~~~~~~~~~~~~~
In file included from drivers/media/rc/keymaps/rc-apac-viewcomp.c:14:
./include/linux/module.h:138:7: warning: ‘cleanup_module’ specifies less restrictive attribute than its target ‘exit_rc_map_apac_viewcomp’: ‘cold’ [-Wmissing-attributes]
  138 |  void cleanup_module(void) __attribute__((alias(#exitfn)));
      |       ^~~~~~~~~~~~~~
drivers/media/rc/keymaps/rc-apac-viewcomp.c:78:1: note: in expansion of macro ‘module_exit’
   78 | module_exit(exit_rc_map_apac_viewcomp)
      | ^~~~~~~~~~~
drivers/media/rc/keymaps/rc-apac-viewcomp.c:72:20: note: ‘cleanup_module’ target declared here
   72 | static void __exit exit_rc_map_apac_viewcomp(void)
      |                    ^~~~~~~~~~~~~~~~~~~~~~~~~
  CC [M]  drivers/media/rc/keymaps/rc-asus-pc39.o
In file included from drivers/media/rc/keymaps/rc-asus-pc39.c:14:
./include/linux/module.h:132:6: warning: ‘init_module’ specifies less restrictive attribute than its target ‘init_rc_map_asus_pc39’: ‘cold’ [-Wmissing-attributes]
  132 |  int init_module(void) __attribute__((alias(#initfn)));
      |      ^~~~~~~~~~~
drivers/media/rc/keymaps/rc-asus-pc39.c:88:1: note: in expansion of macro ‘module_init’
   88 | module_init(init_rc_map_asus_pc39)
      | ^~~~~~~~~~~
drivers/media/rc/keymaps/rc-asus-pc39.c:78:19: note: ‘init_module’ target declared here
   78 | static int __init init_rc_map_asus_pc39(void)
      |                   ^~~~~~~~~~~~~~~~~~~~~
In file included from drivers/media/rc/keymaps/rc-asus-pc39.c:14:
./include/linux/module.h:138:7: warning: ‘cleanup_module’ specifies less restrictive attribute than its target ‘exit_rc_map_asus_pc39’: ‘cold’ [-Wmissing-attributes]
  138 |  void cleanup_module(void) __attribute__((alias(#exitfn)));
      |       ^~~~~~~~~~~~~~
drivers/media/rc/keymaps/rc-asus-pc39.c:89:1: note: in expansion of macro ‘module_exit’
   89 | module_exit(exit_rc_map_asus_pc39)
      | ^~~~~~~~~~~
drivers/media/rc/keymaps/rc-asus-pc39.c:83:20: note: ‘cleanup_module’ target declared here
   83 | static void __exit exit_rc_map_asus_pc39(void)
      |                    ^~~~~~~~~~~~~~~~~~~~~
  CC [M]  drivers/media/rc/keymaps/rc-asus-ps3-100.o
In file included from drivers/media/rc/keymaps/rc-asus-ps3-100.c:14:
./include/linux/module.h:132:6: warning: ‘init_module’ specifies less restrictive attribute than its target ‘init_rc_map_asus_ps3_100’: ‘cold’ [-Wmissing-attributes]
  132 |  int init_module(void) __attribute__((alias(#initfn)));
      |      ^~~~~~~~~~~
drivers/media/rc/keymaps/rc-asus-ps3-100.c:87:1: note: in expansion of macro ‘module_init’
   87 | module_init(init_rc_map_asus_ps3_100)
      | ^~~~~~~~~~~
drivers/media/rc/keymaps/rc-asus-ps3-100.c:77:19: note: ‘init_module’ target declared here
   77 | static int __init init_rc_map_asus_ps3_100(void)
      |                   ^~~~~~~~~~~~~~~~~~~~~~~~
In file included from drivers/media/rc/keymaps/rc-asus-ps3-100.c:14:
./include/linux/module.h:138:7: warning: ‘cleanup_module’ specifies less restrictive attribute than its target ‘exit_rc_map_asus_ps3_100’: ‘cold’ [-Wmissing-attributes]
  138 |  void cleanup_module(void) __attribute__((alias(#exitfn)));
      |       ^~~~~~~~~~~~~~
drivers/media/rc/keymaps/rc-asus-ps3-100.c:88:1: note: in expansion of macro ‘module_exit’
   88 | module_exit(exit_rc_map_asus_ps3_100)
      | ^~~~~~~~~~~
drivers/media/rc/keymaps/rc-asus-ps3-100.c:82:20: note: ‘cleanup_module’ target declared here
   82 | static void __exit exit_rc_map_asus_ps3_100(void)
      |                    ^~~~~~~~~~~~~~~~~~~~~~~~
  CC [M]  drivers/media/rc/keymaps/rc-ati-tv-wonder-hd-600.o
In file included from drivers/media/rc/keymaps/rc-ati-tv-wonder-hd-600.c:14:
./include/linux/module.h:132:6: warning: ‘init_module’ specifies less restrictive attribute than its target ‘init_rc_map_ati_tv_wonder_hd_600’: ‘cold’ [-Wmissing-attributes]
  132 |  int init_module(void) __attribute__((alias(#initfn)));
      |      ^~~~~~~~~~~
drivers/media/rc/keymaps/rc-ati-tv-wonder-hd-600.c:66:1: note: in expansion of macro ‘module_init’
   66 | module_init(init_rc_map_ati_tv_wonder_hd_600)
      | ^~~~~~~~~~~
drivers/media/rc/keymaps/rc-ati-tv-wonder-hd-600.c:56:19: note: ‘init_module’ target declared here
   56 | static int __init init_rc_map_ati_tv_wonder_hd_600(void)
      |                   ^~~~~~~~~~~~~~~~~~~~~~~~~~~~~~~~
In file included from drivers/media/rc/keymaps/rc-ati-tv-wonder-hd-600.c:14:
./include/linux/module.h:138:7: warning: ‘cleanup_module’ specifies less restrictive attribute than its target ‘exit_rc_map_ati_tv_wonder_hd_600’: ‘cold’ [-Wmissing-attributes]
  138 |  void cleanup_module(void) __attribute__((alias(#exitfn)));
      |       ^~~~~~~~~~~~~~
drivers/media/rc/keymaps/rc-ati-tv-wonder-hd-600.c:67:1: note: in expansion of macro ‘module_exit’
   67 | module_exit(exit_rc_map_ati_tv_wonder_hd_600)
      | ^~~~~~~~~~~
drivers/media/rc/keymaps/rc-ati-tv-wonder-hd-600.c:61:20: note: ‘cleanup_module’ target declared here
   61 | static void __exit exit_rc_map_ati_tv_wonder_hd_600(void)
      |                    ^~~~~~~~~~~~~~~~~~~~~~~~~~~~~~~~
  CC [M]  drivers/media/rc/keymaps/rc-ati-x10.o
In file included from drivers/media/rc/keymaps/rc-ati-x10.c:26:
./include/linux/module.h:132:6: warning: ‘init_module’ specifies less restrictive attribute than its target ‘init_rc_map_ati_x10’: ‘cold’ [-Wmissing-attributes]
  132 |  int init_module(void) __attribute__((alias(#initfn)));
      |      ^~~~~~~~~~~
drivers/media/rc/keymaps/rc-ati-x10.c:134:1: note: in expansion of macro ‘module_init’
  134 | module_init(init_rc_map_ati_x10)
      | ^~~~~~~~~~~
drivers/media/rc/keymaps/rc-ati-x10.c:124:19: note: ‘init_module’ target declared here
  124 | static int __init init_rc_map_ati_x10(void)
      |                   ^~~~~~~~~~~~~~~~~~~
In file included from drivers/media/rc/keymaps/rc-ati-x10.c:26:
./include/linux/module.h:138:7: warning: ‘cleanup_module’ specifies less restrictive attribute than its target ‘exit_rc_map_ati_x10’: ‘cold’ [-Wmissing-attributes]
  138 |  void cleanup_module(void) __attribute__((alias(#exitfn)));
      |       ^~~~~~~~~~~~~~
drivers/media/rc/keymaps/rc-ati-x10.c:135:1: note: in expansion of macro ‘module_exit’
  135 | module_exit(exit_rc_map_ati_x10)
      | ^~~~~~~~~~~
drivers/media/rc/keymaps/rc-ati-x10.c:129:20: note: ‘cleanup_module’ target declared here
  129 | static void __exit exit_rc_map_ati_x10(void)
      |                    ^~~~~~~~~~~~~~~~~~~
  CC [M]  drivers/media/rc/keymaps/rc-avermedia-a16d.o
In file included from drivers/media/rc/keymaps/rc-avermedia-a16d.c:14:
./include/linux/module.h:132:6: warning: ‘init_module’ specifies less restrictive attribute than its target ‘init_rc_map_avermedia_a16d’: ‘cold’ [-Wmissing-attributes]
  132 |  int init_module(void) __attribute__((alias(#initfn)));
      |      ^~~~~~~~~~~
drivers/media/rc/keymaps/rc-avermedia-a16d.c:72:1: note: in expansion of macro ‘module_init’
   72 | module_init(init_rc_map_avermedia_a16d)
      | ^~~~~~~~~~~
drivers/media/rc/keymaps/rc-avermedia-a16d.c:62:19: note: ‘init_module’ target declared here
   62 | static int __init init_rc_map_avermedia_a16d(void)
      |                   ^~~~~~~~~~~~~~~~~~~~~~~~~~
In file included from drivers/media/rc/keymaps/rc-avermedia-a16d.c:14:
./include/linux/module.h:138:7: warning: ‘cleanup_module’ specifies less restrictive attribute than its target ‘exit_rc_map_avermedia_a16d’: ‘cold’ [-Wmissing-attributes]
  138 |  void cleanup_module(void) __attribute__((alias(#exitfn)));
      |       ^~~~~~~~~~~~~~
drivers/media/rc/keymaps/rc-avermedia-a16d.c:73:1: note: in expansion of macro ‘module_exit’
   73 | module_exit(exit_rc_map_avermedia_a16d)
      | ^~~~~~~~~~~
drivers/media/rc/keymaps/rc-avermedia-a16d.c:67:20: note: ‘cleanup_module’ target declared here
   67 | static void __exit exit_rc_map_avermedia_a16d(void)
      |                    ^~~~~~~~~~~~~~~~~~~~~~~~~~
  CC [M]  drivers/media/rc/keymaps/rc-avermedia.o
In file included from drivers/media/rc/keymaps/rc-avermedia.c:14:
./include/linux/module.h:132:6: warning: ‘init_module’ specifies less restrictive attribute than its target ‘init_rc_map_avermedia’: ‘cold’ [-Wmissing-attributes]
  132 |  int init_module(void) __attribute__((alias(#initfn)));
      |      ^~~~~~~~~~~
drivers/media/rc/keymaps/rc-avermedia.c:83:1: note: in expansion of macro ‘module_init’
   83 | module_init(init_rc_map_avermedia)
      | ^~~~~~~~~~~
drivers/media/rc/keymaps/rc-avermedia.c:73:19: note: ‘init_module’ target declared here
   73 | static int __init init_rc_map_avermedia(void)
      |                   ^~~~~~~~~~~~~~~~~~~~~
In file included from drivers/media/rc/keymaps/rc-avermedia.c:14:
./include/linux/module.h:138:7: warning: ‘cleanup_module’ specifies less restrictive attribute than its target ‘exit_rc_map_avermedia’: ‘cold’ [-Wmissing-attributes]
  138 |  void cleanup_module(void) __attribute__((alias(#exitfn)));
      |       ^~~~~~~~~~~~~~
drivers/media/rc/keymaps/rc-avermedia.c:84:1: note: in expansion of macro ‘module_exit’
   84 | module_exit(exit_rc_map_avermedia)
      | ^~~~~~~~~~~
drivers/media/rc/keymaps/rc-avermedia.c:78:20: note: ‘cleanup_module’ target declared here
   78 | static void __exit exit_rc_map_avermedia(void)
      |                    ^~~~~~~~~~~~~~~~~~~~~
  CC [M]  drivers/media/rc/keymaps/rc-avermedia-cardbus.o
In file included from drivers/media/rc/keymaps/rc-avermedia-cardbus.c:14:
./include/linux/module.h:132:6: warning: ‘init_module’ specifies less restrictive attribute than its target ‘init_rc_map_avermedia_cardbus’: ‘cold’ [-Wmissing-attributes]
  132 |  int init_module(void) __attribute__((alias(#initfn)));
      |      ^~~~~~~~~~~
drivers/media/rc/keymaps/rc-avermedia-cardbus.c:94:1: note: in expansion of macro ‘module_init’
   94 | module_init(init_rc_map_avermedia_cardbus)
      | ^~~~~~~~~~~
drivers/media/rc/keymaps/rc-avermedia-cardbus.c:84:19: note: ‘init_module’ target declared here
   84 | static int __init init_rc_map_avermedia_cardbus(void)
      |                   ^~~~~~~~~~~~~~~~~~~~~~~~~~~~~
In file included from drivers/media/rc/keymaps/rc-avermedia-cardbus.c:14:
./include/linux/module.h:138:7: warning: ‘cleanup_module’ specifies less restrictive attribute than its target ‘exit_rc_map_avermedia_cardbus’: ‘cold’ [-Wmissing-attributes]
  138 |  void cleanup_module(void) __attribute__((alias(#exitfn)));
      |       ^~~~~~~~~~~~~~
drivers/media/rc/keymaps/rc-avermedia-cardbus.c:95:1: note: in expansion of macro ‘module_exit’
   95 | module_exit(exit_rc_map_avermedia_cardbus)
      | ^~~~~~~~~~~
drivers/media/rc/keymaps/rc-avermedia-cardbus.c:89:20: note: ‘cleanup_module’ target declared here
   89 | static void __exit exit_rc_map_avermedia_cardbus(void)
      |                    ^~~~~~~~~~~~~~~~~~~~~~~~~~~~~
  CC [M]  drivers/media/rc/keymaps/rc-avermedia-dvbt.o
In file included from drivers/media/rc/keymaps/rc-avermedia-dvbt.c:14:
./include/linux/module.h:132:6: warning: ‘init_module’ specifies less restrictive attribute than its target ‘init_rc_map_avermedia_dvbt’: ‘cold’ [-Wmissing-attributes]
  132 |  int init_module(void) __attribute__((alias(#initfn)));
      |      ^~~~~~~~~~~
drivers/media/rc/keymaps/rc-avermedia-dvbt.c:75:1: note: in expansion of macro ‘module_init’
   75 | module_init(init_rc_map_avermedia_dvbt)
      | ^~~~~~~~~~~
drivers/media/rc/keymaps/rc-avermedia-dvbt.c:65:19: note: ‘init_module’ target declared here
   65 | static int __init init_rc_map_avermedia_dvbt(void)
      |                   ^~~~~~~~~~~~~~~~~~~~~~~~~~
In file included from drivers/media/rc/keymaps/rc-avermedia-dvbt.c:14:
./include/linux/module.h:138:7: warning: ‘cleanup_module’ specifies less restrictive attribute than its target ‘exit_rc_map_avermedia_dvbt’: ‘cold’ [-Wmissing-attributes]
  138 |  void cleanup_module(void) __attribute__((alias(#exitfn)));
      |       ^~~~~~~~~~~~~~
drivers/media/rc/keymaps/rc-avermedia-dvbt.c:76:1: note: in expansion of macro ‘module_exit’
   76 | module_exit(exit_rc_map_avermedia_dvbt)
      | ^~~~~~~~~~~
drivers/media/rc/keymaps/rc-avermedia-dvbt.c:70:20: note: ‘cleanup_module’ target declared here
   70 | static void __exit exit_rc_map_avermedia_dvbt(void)
      |                    ^~~~~~~~~~~~~~~~~~~~~~~~~~
  CC [M]  drivers/media/rc/keymaps/rc-avermedia-m135a.o
In file included from drivers/media/rc/keymaps/rc-avermedia-m135a.c:13:
./include/linux/module.h:132:6: warning: ‘init_module’ specifies less restrictive attribute than its target ‘init_rc_map_avermedia_m135a’: ‘cold’ [-Wmissing-attributes]
  132 |  int init_module(void) __attribute__((alias(#initfn)));
      |      ^~~~~~~~~~~
drivers/media/rc/keymaps/rc-avermedia-m135a.c:144:1: note: in expansion of macro ‘module_init’
  144 | module_init(init_rc_map_avermedia_m135a)
      | ^~~~~~~~~~~
drivers/media/rc/keymaps/rc-avermedia-m135a.c:134:19: note: ‘init_module’ target declared here
  134 | static int __init init_rc_map_avermedia_m135a(void)
      |                   ^~~~~~~~~~~~~~~~~~~~~~~~~~~
In file included from drivers/media/rc/keymaps/rc-avermedia-m135a.c:13:
./include/linux/module.h:138:7: warning: ‘cleanup_module’ specifies less restrictive attribute than its target ‘exit_rc_map_avermedia_m135a’: ‘cold’ [-Wmissing-attributes]
  138 |  void cleanup_module(void) __attribute__((alias(#exitfn)));
      |       ^~~~~~~~~~~~~~
drivers/media/rc/keymaps/rc-avermedia-m135a.c:145:1: note: in expansion of macro ‘module_exit’
  145 | module_exit(exit_rc_map_avermedia_m135a)
      | ^~~~~~~~~~~
drivers/media/rc/keymaps/rc-avermedia-m135a.c:139:20: note: ‘cleanup_module’ target declared here
  139 | static void __exit exit_rc_map_avermedia_m135a(void)
      |                    ^~~~~~~~~~~~~~~~~~~~~~~~~~~
  CC [M]  drivers/media/rc/keymaps/rc-avermedia-m733a-rm-k6.o
In file included from drivers/media/rc/keymaps/rc-avermedia-m733a-rm-k6.c:12:
./include/linux/module.h:132:6: warning: ‘init_module’ specifies less restrictive attribute than its target ‘init_rc_map_avermedia_m733a_rm_k6’: ‘cold’ [-Wmissing-attributes]
  132 |  int init_module(void) __attribute__((alias(#initfn)));
      |      ^~~~~~~~~~~
drivers/media/rc/keymaps/rc-avermedia-m733a-rm-k6.c:92:1: note: in expansion of macro ‘module_init’
   92 | module_init(init_rc_map_avermedia_m733a_rm_k6)
      | ^~~~~~~~~~~
drivers/media/rc/keymaps/rc-avermedia-m733a-rm-k6.c:82:19: note: ‘init_module’ target declared here
   82 | static int __init init_rc_map_avermedia_m733a_rm_k6(void)
      |                   ^~~~~~~~~~~~~~~~~~~~~~~~~~~~~~~~~
In file included from drivers/media/rc/keymaps/rc-avermedia-m733a-rm-k6.c:12:
./include/linux/module.h:138:7: warning: ‘cleanup_module’ specifies less restrictive attribute than its target ‘exit_rc_map_avermedia_m733a_rm_k6’: ‘cold’ [-Wmissing-attributes]
  138 |  void cleanup_module(void) __attribute__((alias(#exitfn)));
      |       ^~~~~~~~~~~~~~
drivers/media/rc/keymaps/rc-avermedia-m733a-rm-k6.c:93:1: note: in expansion of macro ‘module_exit’
   93 | module_exit(exit_rc_map_avermedia_m733a_rm_k6)
      | ^~~~~~~~~~~
drivers/media/rc/keymaps/rc-avermedia-m733a-rm-k6.c:87:20: note: ‘cleanup_module’ target declared here
   87 | static void __exit exit_rc_map_avermedia_m733a_rm_k6(void)
      |                    ^~~~~~~~~~~~~~~~~~~~~~~~~~~~~~~~~
  CC [M]  drivers/media/rc/keymaps/rc-avermedia-rm-ks.o
In file included from drivers/media/rc/keymaps/rc-avermedia-rm-ks.c:22:
./include/linux/module.h:132:6: warning: ‘init_module’ specifies less restrictive attribute than its target ‘init_rc_map_avermedia_rm_ks’: ‘cold’ [-Wmissing-attributes]
  132 |  int init_module(void) __attribute__((alias(#initfn)));
      |      ^~~~~~~~~~~
drivers/media/rc/keymaps/rc-avermedia-rm-ks.c:76:1: note: in expansion of macro ‘module_init’
   76 | module_init(init_rc_map_avermedia_rm_ks)
      | ^~~~~~~~~~~
drivers/media/rc/keymaps/rc-avermedia-rm-ks.c:66:19: note: ‘init_module’ target declared here
   66 | static int __init init_rc_map_avermedia_rm_ks(void)
      |                   ^~~~~~~~~~~~~~~~~~~~~~~~~~~
In file included from drivers/media/rc/keymaps/rc-avermedia-rm-ks.c:22:
./include/linux/module.h:138:7: warning: ‘cleanup_module’ specifies less restrictive attribute than its target ‘exit_rc_map_avermedia_rm_ks’: ‘cold’ [-Wmissing-attributes]
  138 |  void cleanup_module(void) __attribute__((alias(#exitfn)));
      |       ^~~~~~~~~~~~~~
drivers/media/rc/keymaps/rc-avermedia-rm-ks.c:77:1: note: in expansion of macro ‘module_exit’
   77 | module_exit(exit_rc_map_avermedia_rm_ks)
      | ^~~~~~~~~~~
drivers/media/rc/keymaps/rc-avermedia-rm-ks.c:71:20: note: ‘cleanup_module’ target declared here
   71 | static void __exit exit_rc_map_avermedia_rm_ks(void)
      |                    ^~~~~~~~~~~~~~~~~~~~~~~~~~~
  CC [M]  drivers/media/rc/keymaps/rc-avertv-303.o
In file included from drivers/media/rc/keymaps/rc-avertv-303.c:14:
./include/linux/module.h:132:6: warning: ‘init_module’ specifies less restrictive attribute than its target ‘init_rc_map_avertv_303’: ‘cold’ [-Wmissing-attributes]
  132 |  int init_module(void) __attribute__((alias(#initfn)));
      |      ^~~~~~~~~~~
drivers/media/rc/keymaps/rc-avertv-303.c:82:1: note: in expansion of macro ‘module_init’
   82 | module_init(init_rc_map_avertv_303)
      | ^~~~~~~~~~~
drivers/media/rc/keymaps/rc-avertv-303.c:72:19: note: ‘init_module’ target declared here
   72 | static int __init init_rc_map_avertv_303(void)
      |                   ^~~~~~~~~~~~~~~~~~~~~~
In file included from drivers/media/rc/keymaps/rc-avertv-303.c:14:
./include/linux/module.h:138:7: warning: ‘cleanup_module’ specifies less restrictive attribute than its target ‘exit_rc_map_avertv_303’: ‘cold’ [-Wmissing-attributes]
  138 |  void cleanup_module(void) __attribute__((alias(#exitfn)));
      |       ^~~~~~~~~~~~~~
drivers/media/rc/keymaps/rc-avertv-303.c:83:1: note: in expansion of macro ‘module_exit’
   83 | module_exit(exit_rc_map_avertv_303)
      | ^~~~~~~~~~~
drivers/media/rc/keymaps/rc-avertv-303.c:77:20: note: ‘cleanup_module’ target declared here
   77 | static void __exit exit_rc_map_avertv_303(void)
      |                    ^~~~~~~~~~~~~~~~~~~~~~
  CC [M]  drivers/media/rc/keymaps/rc-azurewave-ad-tu700.o
In file included from drivers/media/rc/keymaps/rc-azurewave-ad-tu700.c:22:
./include/linux/module.h:132:6: warning: ‘init_module’ specifies less restrictive attribute than its target ‘init_rc_map_azurewave_ad_tu700’: ‘cold’ [-Wmissing-attributes]
  132 |  int init_module(void) __attribute__((alias(#initfn)));
      |      ^~~~~~~~~~~
drivers/media/rc/keymaps/rc-azurewave-ad-tu700.c:99:1: note: in expansion of macro ‘module_init’
   99 | module_init(init_rc_map_azurewave_ad_tu700)
      | ^~~~~~~~~~~
drivers/media/rc/keymaps/rc-azurewave-ad-tu700.c:89:19: note: ‘init_module’ target declared here
   89 | static int __init init_rc_map_azurewave_ad_tu700(void)
      |                   ^~~~~~~~~~~~~~~~~~~~~~~~~~~~~~
In file included from drivers/media/rc/keymaps/rc-azurewave-ad-tu700.c:22:
./include/linux/module.h:138:7: warning: ‘cleanup_module’ specifies less restrictive attribute than its target ‘exit_rc_map_azurewave_ad_tu700’: ‘cold’ [-Wmissing-attributes]
  138 |  void cleanup_module(void) __attribute__((alias(#exitfn)));
      |       ^~~~~~~~~~~~~~
drivers/media/rc/keymaps/rc-azurewave-ad-tu700.c:100:1: note: in expansion of macro ‘module_exit’
  100 | module_exit(exit_rc_map_azurewave_ad_tu700)
      | ^~~~~~~~~~~
drivers/media/rc/keymaps/rc-azurewave-ad-tu700.c:94:20: note: ‘cleanup_module’ target declared here
   94 | static void __exit exit_rc_map_azurewave_ad_tu700(void)
      |                    ^~~~~~~~~~~~~~~~~~~~~~~~~~~~~~
  CC [M]  drivers/media/rc/keymaps/rc-behold.o
In file included from drivers/media/rc/keymaps/rc-behold.c:14:
./include/linux/module.h:132:6: warning: ‘init_module’ specifies less restrictive attribute than its target ‘init_rc_map_behold’: ‘cold’ [-Wmissing-attributes]
  132 |  int init_module(void) __attribute__((alias(#initfn)));
      |      ^~~~~~~~~~~
drivers/media/rc/keymaps/rc-behold.c:138:1: note: in expansion of macro ‘module_init’
  138 | module_init(init_rc_map_behold)
      | ^~~~~~~~~~~
drivers/media/rc/keymaps/rc-behold.c:128:19: note: ‘init_module’ target declared here
  128 | static int __init init_rc_map_behold(void)
      |                   ^~~~~~~~~~~~~~~~~~
In file included from drivers/media/rc/keymaps/rc-behold.c:14:
./include/linux/module.h:138:7: warning: ‘cleanup_module’ specifies less restrictive attribute than its target ‘exit_rc_map_behold’: ‘cold’ [-Wmissing-attributes]
  138 |  void cleanup_module(void) __attribute__((alias(#exitfn)));
      |       ^~~~~~~~~~~~~~
drivers/media/rc/keymaps/rc-behold.c:139:1: note: in expansion of macro ‘module_exit’
  139 | module_exit(exit_rc_map_behold)
      | ^~~~~~~~~~~
drivers/media/rc/keymaps/rc-behold.c:133:20: note: ‘cleanup_module’ target declared here
  133 | static void __exit exit_rc_map_behold(void)
      |                    ^~~~~~~~~~~~~~~~~~
  CC [M]  drivers/media/rc/keymaps/rc-behold-columbus.o
In file included from drivers/media/rc/keymaps/rc-behold-columbus.c:14:
./include/linux/module.h:132:6: warning: ‘init_module’ specifies less restrictive attribute than its target ‘init_rc_map_behold_columbus’: ‘cold’ [-Wmissing-attributes]
  132 |  int init_module(void) __attribute__((alias(#initfn)));
      |      ^~~~~~~~~~~
drivers/media/rc/keymaps/rc-behold-columbus.c:105:1: note: in expansion of macro ‘module_init’
  105 | module_init(init_rc_map_behold_columbus)
      | ^~~~~~~~~~~
drivers/media/rc/keymaps/rc-behold-columbus.c:95:19: note: ‘init_module’ target declared here
   95 | static int __init init_rc_map_behold_columbus(void)
      |                   ^~~~~~~~~~~~~~~~~~~~~~~~~~~
In file included from drivers/media/rc/keymaps/rc-behold-columbus.c:14:
./include/linux/module.h:138:7: warning: ‘cleanup_module’ specifies less restrictive attribute than its target ‘exit_rc_map_behold_columbus’: ‘cold’ [-Wmissing-attributes]
  138 |  void cleanup_module(void) __attribute__((alias(#exitfn)));
      |       ^~~~~~~~~~~~~~
drivers/media/rc/keymaps/rc-behold-columbus.c:106:1: note: in expansion of macro ‘module_exit’
  106 | module_exit(exit_rc_map_behold_columbus)
      | ^~~~~~~~~~~
drivers/media/rc/keymaps/rc-behold-columbus.c:100:20: note: ‘cleanup_module’ target declared here
  100 | static void __exit exit_rc_map_behold_columbus(void)
      |                    ^~~~~~~~~~~~~~~~~~~~~~~~~~~
  CC [M]  drivers/media/rc/keymaps/rc-budget-ci-old.o
In file included from drivers/media/rc/keymaps/rc-budget-ci-old.c:14:
./include/linux/module.h:132:6: warning: ‘init_module’ specifies less restrictive attribute than its target ‘init_rc_map_budget_ci_old’: ‘cold’ [-Wmissing-attributes]
  132 |  int init_module(void) __attribute__((alias(#initfn)));
      |      ^~~~~~~~~~~
drivers/media/rc/keymaps/rc-budget-ci-old.c:90:1: note: in expansion of macro ‘module_init’
   90 | module_init(init_rc_map_budget_ci_old)
      | ^~~~~~~~~~~
drivers/media/rc/keymaps/rc-budget-ci-old.c:80:19: note: ‘init_module’ target declared here
   80 | static int __init init_rc_map_budget_ci_old(void)
      |                   ^~~~~~~~~~~~~~~~~~~~~~~~~
In file included from drivers/media/rc/keymaps/rc-budget-ci-old.c:14:
./include/linux/module.h:138:7: warning: ‘cleanup_module’ specifies less restrictive attribute than its target ‘exit_rc_map_budget_ci_old’: ‘cold’ [-Wmissing-attributes]
  138 |  void cleanup_module(void) __attribute__((alias(#exitfn)));
      |       ^~~~~~~~~~~~~~
drivers/media/rc/keymaps/rc-budget-ci-old.c:91:1: note: in expansion of macro ‘module_exit’
   91 | module_exit(exit_rc_map_budget_ci_old)
      | ^~~~~~~~~~~
drivers/media/rc/keymaps/rc-budget-ci-old.c:85:20: note: ‘cleanup_module’ target declared here
   85 | static void __exit exit_rc_map_budget_ci_old(void)
      |                    ^~~~~~~~~~~~~~~~~~~~~~~~~
  CC [M]  drivers/media/rc/keymaps/rc-cec.o
In file included from drivers/media/rc/keymaps/rc-cec.c:12:
./include/linux/module.h:132:6: warning: ‘init_module’ specifies less restrictive attribute than its target ‘init_rc_map_cec’: ‘cold’ [-Wmissing-attributes]
  132 |  int init_module(void) __attribute__((alias(#initfn)));
      |      ^~~~~~~~~~~
drivers/media/rc/keymaps/rc-cec.c:178:1: note: in expansion of macro ‘module_init’
  178 | module_init(init_rc_map_cec);
      | ^~~~~~~~~~~
drivers/media/rc/keymaps/rc-cec.c:168:19: note: ‘init_module’ target declared here
  168 | static int __init init_rc_map_cec(void)
      |                   ^~~~~~~~~~~~~~~
In file included from drivers/media/rc/keymaps/rc-cec.c:12:
./include/linux/module.h:138:7: warning: ‘cleanup_module’ specifies less restrictive attribute than its target ‘exit_rc_map_cec’: ‘cold’ [-Wmissing-attributes]
  138 |  void cleanup_module(void) __attribute__((alias(#exitfn)));
      |       ^~~~~~~~~~~~~~
drivers/media/rc/keymaps/rc-cec.c:179:1: note: in expansion of macro ‘module_exit’
  179 | module_exit(exit_rc_map_cec);
      | ^~~~~~~~~~~
drivers/media/rc/keymaps/rc-cec.c:173:20: note: ‘cleanup_module’ target declared here
  173 | static void __exit exit_rc_map_cec(void)
      |                    ^~~~~~~~~~~~~~~
  CC [M]  drivers/media/rc/keymaps/rc-cinergy-1400.o
In file included from drivers/media/rc/keymaps/rc-cinergy-1400.c:14:
./include/linux/module.h:132:6: warning: ‘init_module’ specifies less restrictive attribute than its target ‘init_rc_map_cinergy_1400’: ‘cold’ [-Wmissing-attributes]
  132 |  int init_module(void) __attribute__((alias(#initfn)));
      |      ^~~~~~~~~~~
drivers/media/rc/keymaps/rc-cinergy-1400.c:81:1: note: in expansion of macro ‘module_init’
   81 | module_init(init_rc_map_cinergy_1400)
      | ^~~~~~~~~~~
drivers/media/rc/keymaps/rc-cinergy-1400.c:71:19: note: ‘init_module’ target declared here
   71 | static int __init init_rc_map_cinergy_1400(void)
      |                   ^~~~~~~~~~~~~~~~~~~~~~~~
In file included from drivers/media/rc/keymaps/rc-cinergy-1400.c:14:
./include/linux/module.h:138:7: warning: ‘cleanup_module’ specifies less restrictive attribute than its target ‘exit_rc_map_cinergy_1400’: ‘cold’ [-Wmissing-attributes]
  138 |  void cleanup_module(void) __attribute__((alias(#exitfn)));
      |       ^~~~~~~~~~~~~~
drivers/media/rc/keymaps/rc-cinergy-1400.c:82:1: note: in expansion of macro ‘module_exit’
   82 | module_exit(exit_rc_map_cinergy_1400)
      | ^~~~~~~~~~~
drivers/media/rc/keymaps/rc-cinergy-1400.c:76:20: note: ‘cleanup_module’ target declared here
   76 | static void __exit exit_rc_map_cinergy_1400(void)
      |                    ^~~~~~~~~~~~~~~~~~~~~~~~
  CC [M]  drivers/media/rc/keymaps/rc-cinergy.o
In file included from drivers/media/rc/keymaps/rc-cinergy.c:14:
./include/linux/module.h:132:6: warning: ‘init_module’ specifies less restrictive attribute than its target ‘init_rc_map_cinergy’: ‘cold’ [-Wmissing-attributes]
  132 |  int init_module(void) __attribute__((alias(#initfn)));
      |      ^~~~~~~~~~~
drivers/media/rc/keymaps/rc-cinergy.c:75:1: note: in expansion of macro ‘module_init’
   75 | module_init(init_rc_map_cinergy)
      | ^~~~~~~~~~~
drivers/media/rc/keymaps/rc-cinergy.c:65:19: note: ‘init_module’ target declared here
   65 | static int __init init_rc_map_cinergy(void)
      |                   ^~~~~~~~~~~~~~~~~~~
In file included from drivers/media/rc/keymaps/rc-cinergy.c:14:
./include/linux/module.h:138:7: warning: ‘cleanup_module’ specifies less restrictive attribute than its target ‘exit_rc_map_cinergy’: ‘cold’ [-Wmissing-attributes]
  138 |  void cleanup_module(void) __attribute__((alias(#exitfn)));
      |       ^~~~~~~~~~~~~~
drivers/media/rc/keymaps/rc-cinergy.c:76:1: note: in expansion of macro ‘module_exit’
   76 | module_exit(exit_rc_map_cinergy)
      | ^~~~~~~~~~~
drivers/media/rc/keymaps/rc-cinergy.c:70:20: note: ‘cleanup_module’ target declared here
   70 | static void __exit exit_rc_map_cinergy(void)
      |                    ^~~~~~~~~~~~~~~~~~~
  CC [M]  drivers/media/rc/keymaps/rc-delock-61959.o
In file included from drivers/media/rc/keymaps/rc-delock-61959.c:12:
./include/linux/module.h:132:6: warning: ‘init_module’ specifies less restrictive attribute than its target ‘init_rc_map_delock_61959’: ‘cold’ [-Wmissing-attributes]
  132 |  int init_module(void) __attribute__((alias(#initfn)));
      |      ^~~~~~~~~~~
drivers/media/rc/keymaps/rc-delock-61959.c:78:1: note: in expansion of macro ‘module_init’
   78 | module_init(init_rc_map_delock_61959)
      | ^~~~~~~~~~~
drivers/media/rc/keymaps/rc-delock-61959.c:68:19: note: ‘init_module’ target declared here
   68 | static int __init init_rc_map_delock_61959(void)
      |                   ^~~~~~~~~~~~~~~~~~~~~~~~
In file included from drivers/media/rc/keymaps/rc-delock-61959.c:12:
./include/linux/module.h:138:7: warning: ‘cleanup_module’ specifies less restrictive attribute than its target ‘exit_rc_map_delock_61959’: ‘cold’ [-Wmissing-attributes]
  138 |  void cleanup_module(void) __attribute__((alias(#exitfn)));
      |       ^~~~~~~~~~~~~~
drivers/media/rc/keymaps/rc-delock-61959.c:79:1: note: in expansion of macro ‘module_exit’
   79 | module_exit(exit_rc_map_delock_61959)
      | ^~~~~~~~~~~
drivers/media/rc/keymaps/rc-delock-61959.c:73:20: note: ‘cleanup_module’ target declared here
   73 | static void __exit exit_rc_map_delock_61959(void)
      |                    ^~~~~~~~~~~~~~~~~~~~~~~~
  CC [M]  drivers/media/rc/keymaps/rc-dib0700-nec.o
In file included from drivers/media/rc/keymaps/rc-dib0700-nec.c:19:
./include/linux/module.h:132:6: warning: ‘init_module’ specifies less restrictive attribute than its target ‘init_rc_map’: ‘cold’ [-Wmissing-attributes]
  132 |  int init_module(void) __attribute__((alias(#initfn)));
      |      ^~~~~~~~~~~
drivers/media/rc/keymaps/rc-dib0700-nec.c:121:1: note: in expansion of macro ‘module_init’
  121 | module_init(init_rc_map)
      | ^~~~~~~~~~~
drivers/media/rc/keymaps/rc-dib0700-nec.c:111:19: note: ‘init_module’ target declared here
  111 | static int __init init_rc_map(void)
      |                   ^~~~~~~~~~~
In file included from drivers/media/rc/keymaps/rc-dib0700-nec.c:19:
./include/linux/module.h:138:7: warning: ‘cleanup_module’ specifies less restrictive attribute than its target ‘exit_rc_map’: ‘cold’ [-Wmissing-attributes]
  138 |  void cleanup_module(void) __attribute__((alias(#exitfn)));
      |       ^~~~~~~~~~~~~~
drivers/media/rc/keymaps/rc-dib0700-nec.c:122:1: note: in expansion of macro ‘module_exit’
  122 | module_exit(exit_rc_map)
      | ^~~~~~~~~~~
drivers/media/rc/keymaps/rc-dib0700-nec.c:116:20: note: ‘cleanup_module’ target declared here
  116 | static void __exit exit_rc_map(void)
      |                    ^~~~~~~~~~~
  CC [M]  drivers/media/rc/keymaps/rc-dib0700-rc5.o
In file included from drivers/media/rc/keymaps/rc-dib0700-rc5.c:19:
./include/linux/module.h:132:6: warning: ‘init_module’ specifies less restrictive attribute than its target ‘init_rc_map’: ‘cold’ [-Wmissing-attributes]
  132 |  int init_module(void) __attribute__((alias(#initfn)));
      |      ^~~~~~~~~~~
drivers/media/rc/keymaps/rc-dib0700-rc5.c:232:1: note: in expansion of macro ‘module_init’
  232 | module_init(init_rc_map)
      | ^~~~~~~~~~~
drivers/media/rc/keymaps/rc-dib0700-rc5.c:222:19: note: ‘init_module’ target declared here
  222 | static int __init init_rc_map(void)
      |                   ^~~~~~~~~~~
In file included from drivers/media/rc/keymaps/rc-dib0700-rc5.c:19:
./include/linux/module.h:138:7: warning: ‘cleanup_module’ specifies less restrictive attribute than its target ‘exit_rc_map’: ‘cold’ [-Wmissing-attributes]
  138 |  void cleanup_module(void) __attribute__((alias(#exitfn)));
      |       ^~~~~~~~~~~~~~
drivers/media/rc/keymaps/rc-dib0700-rc5.c:233:1: note: in expansion of macro ‘module_exit’
  233 | module_exit(exit_rc_map)
      | ^~~~~~~~~~~
drivers/media/rc/keymaps/rc-dib0700-rc5.c:227:20: note: ‘cleanup_module’ target declared here
  227 | static void __exit exit_rc_map(void)
      |                    ^~~~~~~~~~~
  CC [M]  drivers/media/rc/keymaps/rc-digitalnow-tinytwin.o
In file included from drivers/media/rc/keymaps/rc-digitalnow-tinytwin.c:22:
./include/linux/module.h:132:6: warning: ‘init_module’ specifies less restrictive attribute than its target ‘init_rc_map_digitalnow_tinytwin’: ‘cold’ [-Wmissing-attributes]
  132 |  int init_module(void) __attribute__((alias(#initfn)));
      |      ^~~~~~~~~~~
drivers/media/rc/keymaps/rc-digitalnow-tinytwin.c:95:1: note: in expansion of macro ‘module_init’
   95 | module_init(init_rc_map_digitalnow_tinytwin)
      | ^~~~~~~~~~~
drivers/media/rc/keymaps/rc-digitalnow-tinytwin.c:85:19: note: ‘init_module’ target declared here
   85 | static int __init init_rc_map_digitalnow_tinytwin(void)
      |                   ^~~~~~~~~~~~~~~~~~~~~~~~~~~~~~~
In file included from drivers/media/rc/keymaps/rc-digitalnow-tinytwin.c:22:
./include/linux/module.h:138:7: warning: ‘cleanup_module’ specifies less restrictive attribute than its target ‘exit_rc_map_digitalnow_tinytwin’: ‘cold’ [-Wmissing-attributes]
  138 |  void cleanup_module(void) __attribute__((alias(#exitfn)));
      |       ^~~~~~~~~~~~~~
drivers/media/rc/keymaps/rc-digitalnow-tinytwin.c:96:1: note: in expansion of macro ‘module_exit’
   96 | module_exit(exit_rc_map_digitalnow_tinytwin)
      | ^~~~~~~~~~~
drivers/media/rc/keymaps/rc-digitalnow-tinytwin.c:90:20: note: ‘cleanup_module’ target declared here
   90 | static void __exit exit_rc_map_digitalnow_tinytwin(void)
      |                    ^~~~~~~~~~~~~~~~~~~~~~~~~~~~~~~
  CC [M]  drivers/media/rc/keymaps/rc-digittrade.o
In file included from drivers/media/rc/keymaps/rc-digittrade.c:22:
./include/linux/module.h:132:6: warning: ‘init_module’ specifies less restrictive attribute than its target ‘init_rc_map_digittrade’: ‘cold’ [-Wmissing-attributes]
  132 |  int init_module(void) __attribute__((alias(#initfn)));
      |      ^~~~~~~~~~~
drivers/media/rc/keymaps/rc-digittrade.c:79:1: note: in expansion of macro ‘module_init’
   79 | module_init(init_rc_map_digittrade)
      | ^~~~~~~~~~~
drivers/media/rc/keymaps/rc-digittrade.c:69:19: note: ‘init_module’ target declared here
   69 | static int __init init_rc_map_digittrade(void)
      |                   ^~~~~~~~~~~~~~~~~~~~~~
In file included from drivers/media/rc/keymaps/rc-digittrade.c:22:
./include/linux/module.h:138:7: warning: ‘cleanup_module’ specifies less restrictive attribute than its target ‘exit_rc_map_digittrade’: ‘cold’ [-Wmissing-attributes]
  138 |  void cleanup_module(void) __attribute__((alias(#exitfn)));
      |       ^~~~~~~~~~~~~~
drivers/media/rc/keymaps/rc-digittrade.c:80:1: note: in expansion of macro ‘module_exit’
   80 | module_exit(exit_rc_map_digittrade)
      | ^~~~~~~~~~~
drivers/media/rc/keymaps/rc-digittrade.c:74:20: note: ‘cleanup_module’ target declared here
   74 | static void __exit exit_rc_map_digittrade(void)
      |                    ^~~~~~~~~~~~~~~~~~~~~~
  CC [M]  drivers/media/rc/keymaps/rc-dm1105-nec.o
In file included from drivers/media/rc/keymaps/rc-dm1105-nec.c:14:
./include/linux/module.h:132:6: warning: ‘init_module’ specifies less restrictive attribute than its target ‘init_rc_map_dm1105_nec’: ‘cold’ [-Wmissing-attributes]
  132 |  int init_module(void) __attribute__((alias(#initfn)));
      |      ^~~~~~~~~~~
drivers/media/rc/keymaps/rc-dm1105-nec.c:73:1: note: in expansion of macro ‘module_init’
   73 | module_init(init_rc_map_dm1105_nec)
      | ^~~~~~~~~~~
drivers/media/rc/keymaps/rc-dm1105-nec.c:63:19: note: ‘init_module’ target declared here
   63 | static int __init init_rc_map_dm1105_nec(void)
      |                   ^~~~~~~~~~~~~~~~~~~~~~
In file included from drivers/media/rc/keymaps/rc-dm1105-nec.c:14:
./include/linux/module.h:138:7: warning: ‘cleanup_module’ specifies less restrictive attribute than its target ‘exit_rc_map_dm1105_nec’: ‘cold’ [-Wmissing-attributes]
  138 |  void cleanup_module(void) __attribute__((alias(#exitfn)));
      |       ^~~~~~~~~~~~~~
drivers/media/rc/keymaps/rc-dm1105-nec.c:74:1: note: in expansion of macro ‘module_exit’
   74 | module_exit(exit_rc_map_dm1105_nec)
      | ^~~~~~~~~~~
drivers/media/rc/keymaps/rc-dm1105-nec.c:68:20: note: ‘cleanup_module’ target declared here
   68 | static void __exit exit_rc_map_dm1105_nec(void)
      |                    ^~~~~~~~~~~~~~~~~~~~~~
  CC [M]  drivers/media/rc/keymaps/rc-dntv-live-dvb-t.o
In file included from drivers/media/rc/keymaps/rc-dntv-live-dvb-t.c:14:
./include/linux/module.h:132:6: warning: ‘init_module’ specifies less restrictive attribute than its target ‘init_rc_map_dntv_live_dvb_t’: ‘cold’ [-Wmissing-attributes]
  132 |  int init_module(void) __attribute__((alias(#initfn)));
      |      ^~~~~~~~~~~
drivers/media/rc/keymaps/rc-dntv-live-dvb-t.c:75:1: note: in expansion of macro ‘module_init’
   75 | module_init(init_rc_map_dntv_live_dvb_t)
      | ^~~~~~~~~~~
drivers/media/rc/keymaps/rc-dntv-live-dvb-t.c:65:19: note: ‘init_module’ target declared here
   65 | static int __init init_rc_map_dntv_live_dvb_t(void)
      |                   ^~~~~~~~~~~~~~~~~~~~~~~~~~~
In file included from drivers/media/rc/keymaps/rc-dntv-live-dvb-t.c:14:
./include/linux/module.h:138:7: warning: ‘cleanup_module’ specifies less restrictive attribute than its target ‘exit_rc_map_dntv_live_dvb_t’: ‘cold’ [-Wmissing-attributes]
  138 |  void cleanup_module(void) __attribute__((alias(#exitfn)));
      |       ^~~~~~~~~~~~~~
drivers/media/rc/keymaps/rc-dntv-live-dvb-t.c:76:1: note: in expansion of macro ‘module_exit’
   76 | module_exit(exit_rc_map_dntv_live_dvb_t)
      | ^~~~~~~~~~~
drivers/media/rc/keymaps/rc-dntv-live-dvb-t.c:70:20: note: ‘cleanup_module’ target declared here
   70 | static void __exit exit_rc_map_dntv_live_dvb_t(void)
      |                    ^~~~~~~~~~~~~~~~~~~~~~~~~~~
  CC [M]  drivers/media/rc/keymaps/rc-dntv-live-dvbt-pro.o
In file included from drivers/media/rc/keymaps/rc-dntv-live-dvbt-pro.c:14:
./include/linux/module.h:132:6: warning: ‘init_module’ specifies less restrictive attribute than its target ‘init_rc_map_dntv_live_dvbt_pro’: ‘cold’ [-Wmissing-attributes]
  132 |  int init_module(void) __attribute__((alias(#initfn)));
      |      ^~~~~~~~~~~
drivers/media/rc/keymaps/rc-dntv-live-dvbt-pro.c:94:1: note: in expansion of macro ‘module_init’
   94 | module_init(init_rc_map_dntv_live_dvbt_pro)
      | ^~~~~~~~~~~
drivers/media/rc/keymaps/rc-dntv-live-dvbt-pro.c:84:19: note: ‘init_module’ target declared here
   84 | static int __init init_rc_map_dntv_live_dvbt_pro(void)
      |                   ^~~~~~~~~~~~~~~~~~~~~~~~~~~~~~
In file included from drivers/media/rc/keymaps/rc-dntv-live-dvbt-pro.c:14:
./include/linux/module.h:138:7: warning: ‘cleanup_module’ specifies less restrictive attribute than its target ‘exit_rc_map_dntv_live_dvbt_pro’: ‘cold’ [-Wmissing-attributes]
  138 |  void cleanup_module(void) __attribute__((alias(#exitfn)));
      |       ^~~~~~~~~~~~~~
drivers/media/rc/keymaps/rc-dntv-live-dvbt-pro.c:95:1: note: in expansion of macro ‘module_exit’
   95 | module_exit(exit_rc_map_dntv_live_dvbt_pro)
      | ^~~~~~~~~~~
drivers/media/rc/keymaps/rc-dntv-live-dvbt-pro.c:89:20: note: ‘cleanup_module’ target declared here
   89 | static void __exit exit_rc_map_dntv_live_dvbt_pro(void)
      |                    ^~~~~~~~~~~~~~~~~~~~~~~~~~~~~~
  CC [M]  drivers/media/rc/keymaps/rc-dtt200u.o
In file included from drivers/media/rc/keymaps/rc-dtt200u.c:12:
./include/linux/module.h:132:6: warning: ‘init_module’ specifies less restrictive attribute than its target ‘init_rc_map_dtt200u’: ‘cold’ [-Wmissing-attributes]
  132 |  int init_module(void) __attribute__((alias(#initfn)));
      |      ^~~~~~~~~~~
drivers/media/rc/keymaps/rc-dtt200u.c:55:1: note: in expansion of macro ‘module_init’
   55 | module_init(init_rc_map_dtt200u)
      | ^~~~~~~~~~~
drivers/media/rc/keymaps/rc-dtt200u.c:45:19: note: ‘init_module’ target declared here
   45 | static int __init init_rc_map_dtt200u(void)
      |                   ^~~~~~~~~~~~~~~~~~~
In file included from drivers/media/rc/keymaps/rc-dtt200u.c:12:
./include/linux/module.h:138:7: warning: ‘cleanup_module’ specifies less restrictive attribute than its target ‘exit_rc_map_dtt200u’: ‘cold’ [-Wmissing-attributes]
  138 |  void cleanup_module(void) __attribute__((alias(#exitfn)));
      |       ^~~~~~~~~~~~~~
drivers/media/rc/keymaps/rc-dtt200u.c:56:1: note: in expansion of macro ‘module_exit’
   56 | module_exit(exit_rc_map_dtt200u)
      | ^~~~~~~~~~~
drivers/media/rc/keymaps/rc-dtt200u.c:50:20: note: ‘cleanup_module’ target declared here
   50 | static void __exit exit_rc_map_dtt200u(void)
      |                    ^~~~~~~~~~~~~~~~~~~
  CC [M]  drivers/media/rc/keymaps/rc-dvbsky.o
In file included from drivers/media/rc/keymaps/rc-dvbsky.c:15:
./include/linux/module.h:132:6: warning: ‘init_module’ specifies less restrictive attribute than its target ‘init_rc_map_rc5_dvbsky’: ‘cold’ [-Wmissing-attributes]
  132 |  int init_module(void) __attribute__((alias(#initfn)));
      |      ^~~~~~~~~~~
drivers/media/rc/keymaps/rc-dvbsky.c:74:1: note: in expansion of macro ‘module_init’
   74 | module_init(init_rc_map_rc5_dvbsky)
      | ^~~~~~~~~~~
drivers/media/rc/keymaps/rc-dvbsky.c:64:19: note: ‘init_module’ target declared here
   64 | static int __init init_rc_map_rc5_dvbsky(void)
      |                   ^~~~~~~~~~~~~~~~~~~~~~
In file included from drivers/media/rc/keymaps/rc-dvbsky.c:15:
./include/linux/module.h:138:7: warning: ‘cleanup_module’ specifies less restrictive attribute than its target ‘exit_rc_map_rc5_dvbsky’: ‘cold’ [-Wmissing-attributes]
  138 |  void cleanup_module(void) __attribute__((alias(#exitfn)));
      |       ^~~~~~~~~~~~~~
drivers/media/rc/keymaps/rc-dvbsky.c:75:1: note: in expansion of macro ‘module_exit’
   75 | module_exit(exit_rc_map_rc5_dvbsky)
      | ^~~~~~~~~~~
drivers/media/rc/keymaps/rc-dvbsky.c:69:20: note: ‘cleanup_module’ target declared here
   69 | static void __exit exit_rc_map_rc5_dvbsky(void)
      |                    ^~~~~~~~~~~~~~~~~~~~~~
  CC [M]  drivers/media/rc/keymaps/rc-em-terratec.o
In file included from drivers/media/rc/keymaps/rc-em-terratec.c:14:
./include/linux/module.h:132:6: warning: ‘init_module’ specifies less restrictive attribute than its target ‘init_rc_map_em_terratec’: ‘cold’ [-Wmissing-attributes]
  132 |  int init_module(void) __attribute__((alias(#initfn)));
      |      ^~~~~~~~~~~
drivers/media/rc/keymaps/rc-em-terratec.c:66:1: note: in expansion of macro ‘module_init’
   66 | module_init(init_rc_map_em_terratec)
      | ^~~~~~~~~~~
drivers/media/rc/keymaps/rc-em-terratec.c:56:19: note: ‘init_module’ target declared here
   56 | static int __init init_rc_map_em_terratec(void)
      |                   ^~~~~~~~~~~~~~~~~~~~~~~
In file included from drivers/media/rc/keymaps/rc-em-terratec.c:14:
./include/linux/module.h:138:7: warning: ‘cleanup_module’ specifies less restrictive attribute than its target ‘exit_rc_map_em_terratec’: ‘cold’ [-Wmissing-attributes]
  138 |  void cleanup_module(void) __attribute__((alias(#exitfn)));
      |       ^~~~~~~~~~~~~~
drivers/media/rc/keymaps/rc-em-terratec.c:67:1: note: in expansion of macro ‘module_exit’
   67 | module_exit(exit_rc_map_em_terratec)
      | ^~~~~~~~~~~
drivers/media/rc/keymaps/rc-em-terratec.c:61:20: note: ‘cleanup_module’ target declared here
   61 | static void __exit exit_rc_map_em_terratec(void)
      |                    ^~~~~~~~~~~~~~~~~~~~~~~
  CC [M]  drivers/media/rc/keymaps/rc-encore-enltv2.o
In file included from drivers/media/rc/keymaps/rc-encore-enltv2.c:14:
./include/linux/module.h:132:6: warning: ‘init_module’ specifies less restrictive attribute than its target ‘init_rc_map_encore_enltv2’: ‘cold’ [-Wmissing-attributes]
  132 |  int init_module(void) __attribute__((alias(#initfn)));
      |      ^~~~~~~~~~~
drivers/media/rc/keymaps/rc-encore-enltv2.c:87:1: note: in expansion of macro ‘module_init’
   87 | module_init(init_rc_map_encore_enltv2)
      | ^~~~~~~~~~~
drivers/media/rc/keymaps/rc-encore-enltv2.c:77:19: note: ‘init_module’ target declared here
   77 | static int __init init_rc_map_encore_enltv2(void)
      |                   ^~~~~~~~~~~~~~~~~~~~~~~~~
In file included from drivers/media/rc/keymaps/rc-encore-enltv2.c:14:
./include/linux/module.h:138:7: warning: ‘cleanup_module’ specifies less restrictive attribute than its target ‘exit_rc_map_encore_enltv2’: ‘cold’ [-Wmissing-attributes]
  138 |  void cleanup_module(void) __attribute__((alias(#exitfn)));
      |       ^~~~~~~~~~~~~~
drivers/media/rc/keymaps/rc-encore-enltv2.c:88:1: note: in expansion of macro ‘module_exit’
   88 | module_exit(exit_rc_map_encore_enltv2)
      | ^~~~~~~~~~~
drivers/media/rc/keymaps/rc-encore-enltv2.c:82:20: note: ‘cleanup_module’ target declared here
   82 | static void __exit exit_rc_map_encore_enltv2(void)
      |                    ^~~~~~~~~~~~~~~~~~~~~~~~~
  CC [M]  drivers/media/rc/keymaps/rc-encore-enltv.o
In file included from drivers/media/rc/keymaps/rc-encore-enltv.c:14:
./include/linux/module.h:132:6: warning: ‘init_module’ specifies less restrictive attribute than its target ‘init_rc_map_encore_enltv’: ‘cold’ [-Wmissing-attributes]
  132 |  int init_module(void) __attribute__((alias(#initfn)));
      |      ^~~~~~~~~~~
drivers/media/rc/keymaps/rc-encore-enltv.c:109:1: note: in expansion of macro ‘module_init’
  109 | module_init(init_rc_map_encore_enltv)
      | ^~~~~~~~~~~
drivers/media/rc/keymaps/rc-encore-enltv.c:99:19: note: ‘init_module’ target declared here
   99 | static int __init init_rc_map_encore_enltv(void)
      |                   ^~~~~~~~~~~~~~~~~~~~~~~~
In file included from drivers/media/rc/keymaps/rc-encore-enltv.c:14:
./include/linux/module.h:138:7: warning: ‘cleanup_module’ specifies less restrictive attribute than its target ‘exit_rc_map_encore_enltv’: ‘cold’ [-Wmissing-attributes]
  138 |  void cleanup_module(void) __attribute__((alias(#exitfn)));
      |       ^~~~~~~~~~~~~~
drivers/media/rc/keymaps/rc-encore-enltv.c:110:1: note: in expansion of macro ‘module_exit’
  110 | module_exit(exit_rc_map_encore_enltv)
      | ^~~~~~~~~~~
drivers/media/rc/keymaps/rc-encore-enltv.c:104:20: note: ‘cleanup_module’ target declared here
  104 | static void __exit exit_rc_map_encore_enltv(void)
      |                    ^~~~~~~~~~~~~~~~~~~~~~~~
  CC [M]  drivers/media/rc/keymaps/rc-encore-enltv-fm53.o
In file included from drivers/media/rc/keymaps/rc-encore-enltv-fm53.c:14:
./include/linux/module.h:132:6: warning: ‘init_module’ specifies less restrictive attribute than its target ‘init_rc_map_encore_enltv_fm53’: ‘cold’ [-Wmissing-attributes]
  132 |  int init_module(void) __attribute__((alias(#initfn)));
      |      ^~~~~~~~~~~
drivers/media/rc/keymaps/rc-encore-enltv-fm53.c:78:1: note: in expansion of macro ‘module_init’
   78 | module_init(init_rc_map_encore_enltv_fm53)
      | ^~~~~~~~~~~
drivers/media/rc/keymaps/rc-encore-enltv-fm53.c:68:19: note: ‘init_module’ target declared here
   68 | static int __init init_rc_map_encore_enltv_fm53(void)
      |                   ^~~~~~~~~~~~~~~~~~~~~~~~~~~~~
In file included from drivers/media/rc/keymaps/rc-encore-enltv-fm53.c:14:
./include/linux/module.h:138:7: warning: ‘cleanup_module’ specifies less restrictive attribute than its target ‘exit_rc_map_encore_enltv_fm53’: ‘cold’ [-Wmissing-attributes]
  138 |  void cleanup_module(void) __attribute__((alias(#exitfn)));
      |       ^~~~~~~~~~~~~~
drivers/media/rc/keymaps/rc-encore-enltv-fm53.c:79:1: note: in expansion of macro ‘module_exit’
   79 | module_exit(exit_rc_map_encore_enltv_fm53)
      | ^~~~~~~~~~~
drivers/media/rc/keymaps/rc-encore-enltv-fm53.c:73:20: note: ‘cleanup_module’ target declared here
   73 | static void __exit exit_rc_map_encore_enltv_fm53(void)
      |                    ^~~~~~~~~~~~~~~~~~~~~~~~~~~~~
  CC [M]  drivers/media/rc/keymaps/rc-evga-indtube.o
In file included from drivers/media/rc/keymaps/rc-evga-indtube.c:14:
./include/linux/module.h:132:6: warning: ‘init_module’ specifies less restrictive attribute than its target ‘init_rc_map_evga_indtube’: ‘cold’ [-Wmissing-attributes]
  132 |  int init_module(void) __attribute__((alias(#initfn)));
      |      ^~~~~~~~~~~
drivers/media/rc/keymaps/rc-evga-indtube.c:58:1: note: in expansion of macro ‘module_init’
   58 | module_init(init_rc_map_evga_indtube)
      | ^~~~~~~~~~~
drivers/media/rc/keymaps/rc-evga-indtube.c:48:19: note: ‘init_module’ target declared here
   48 | static int __init init_rc_map_evga_indtube(void)
      |                   ^~~~~~~~~~~~~~~~~~~~~~~~
In file included from drivers/media/rc/keymaps/rc-evga-indtube.c:14:
./include/linux/module.h:138:7: warning: ‘cleanup_module’ specifies less restrictive attribute than its target ‘exit_rc_map_evga_indtube’: ‘cold’ [-Wmissing-attributes]
  138 |  void cleanup_module(void) __attribute__((alias(#exitfn)));
      |       ^~~~~~~~~~~~~~
drivers/media/rc/keymaps/rc-evga-indtube.c:59:1: note: in expansion of macro ‘module_exit’
   59 | module_exit(exit_rc_map_evga_indtube)
      | ^~~~~~~~~~~
drivers/media/rc/keymaps/rc-evga-indtube.c:53:20: note: ‘cleanup_module’ target declared here
   53 | static void __exit exit_rc_map_evga_indtube(void)
      |                    ^~~~~~~~~~~~~~~~~~~~~~~~
  CC [M]  drivers/media/rc/keymaps/rc-eztv.o
In file included from drivers/media/rc/keymaps/rc-eztv.c:14:
./include/linux/module.h:132:6: warning: ‘init_module’ specifies less restrictive attribute than its target ‘init_rc_map_eztv’: ‘cold’ [-Wmissing-attributes]
  132 |  int init_module(void) __attribute__((alias(#initfn)));
      |      ^~~~~~~~~~~
drivers/media/rc/keymaps/rc-eztv.c:93:1: note: in expansion of macro ‘module_init’
   93 | module_init(init_rc_map_eztv)
      | ^~~~~~~~~~~
drivers/media/rc/keymaps/rc-eztv.c:83:19: note: ‘init_module’ target declared here
   83 | static int __init init_rc_map_eztv(void)
      |                   ^~~~~~~~~~~~~~~~
In file included from drivers/media/rc/keymaps/rc-eztv.c:14:
./include/linux/module.h:138:7: warning: ‘cleanup_module’ specifies less restrictive attribute than its target ‘exit_rc_map_eztv’: ‘cold’ [-Wmissing-attributes]
  138 |  void cleanup_module(void) __attribute__((alias(#exitfn)));
      |       ^~~~~~~~~~~~~~
drivers/media/rc/keymaps/rc-eztv.c:94:1: note: in expansion of macro ‘module_exit’
   94 | module_exit(exit_rc_map_eztv)
      | ^~~~~~~~~~~
drivers/media/rc/keymaps/rc-eztv.c:88:20: note: ‘cleanup_module’ target declared here
   88 | static void __exit exit_rc_map_eztv(void)
      |                    ^~~~~~~~~~~~~~~~
  CC [M]  drivers/media/rc/keymaps/rc-flydvb.o
In file included from drivers/media/rc/keymaps/rc-flydvb.c:14:
./include/linux/module.h:132:6: warning: ‘init_module’ specifies less restrictive attribute than its target ‘init_rc_map_flydvb’: ‘cold’ [-Wmissing-attributes]
  132 |  int init_module(void) __attribute__((alias(#initfn)));
      |      ^~~~~~~~~~~
drivers/media/rc/keymaps/rc-flydvb.c:74:1: note: in expansion of macro ‘module_init’
   74 | module_init(init_rc_map_flydvb)
      | ^~~~~~~~~~~
drivers/media/rc/keymaps/rc-flydvb.c:64:19: note: ‘init_module’ target declared here
   64 | static int __init init_rc_map_flydvb(void)
      |                   ^~~~~~~~~~~~~~~~~~
In file included from drivers/media/rc/keymaps/rc-flydvb.c:14:
./include/linux/module.h:138:7: warning: ‘cleanup_module’ specifies less restrictive attribute than its target ‘exit_rc_map_flydvb’: ‘cold’ [-Wmissing-attributes]
  138 |  void cleanup_module(void) __attribute__((alias(#exitfn)));
      |       ^~~~~~~~~~~~~~
drivers/media/rc/keymaps/rc-flydvb.c:75:1: note: in expansion of macro ‘module_exit’
   75 | module_exit(exit_rc_map_flydvb)
      | ^~~~~~~~~~~
drivers/media/rc/keymaps/rc-flydvb.c:69:20: note: ‘cleanup_module’ target declared here
   69 | static void __exit exit_rc_map_flydvb(void)
      |                    ^~~~~~~~~~~~~~~~~~
  CC [M]  drivers/media/rc/keymaps/rc-flyvideo.o
In file included from drivers/media/rc/keymaps/rc-flyvideo.c:14:
./include/linux/module.h:132:6: warning: ‘init_module’ specifies less restrictive attribute than its target ‘init_rc_map_flyvideo’: ‘cold’ [-Wmissing-attributes]
  132 |  int init_module(void) __attribute__((alias(#initfn)));
      |      ^~~~~~~~~~~
drivers/media/rc/keymaps/rc-flyvideo.c:67:1: note: in expansion of macro ‘module_init’
   67 | module_init(init_rc_map_flyvideo)
      | ^~~~~~~~~~~
drivers/media/rc/keymaps/rc-flyvideo.c:57:19: note: ‘init_module’ target declared here
   57 | static int __init init_rc_map_flyvideo(void)
      |                   ^~~~~~~~~~~~~~~~~~~~
In file included from drivers/media/rc/keymaps/rc-flyvideo.c:14:
./include/linux/module.h:138:7: warning: ‘cleanup_module’ specifies less restrictive attribute than its target ‘exit_rc_map_flyvideo’: ‘cold’ [-Wmissing-attributes]
  138 |  void cleanup_module(void) __attribute__((alias(#exitfn)));
      |       ^~~~~~~~~~~~~~
drivers/media/rc/keymaps/rc-flyvideo.c:68:1: note: in expansion of macro ‘module_exit’
   68 | module_exit(exit_rc_map_flyvideo)
      | ^~~~~~~~~~~
drivers/media/rc/keymaps/rc-flyvideo.c:62:20: note: ‘cleanup_module’ target declared here
   62 | static void __exit exit_rc_map_flyvideo(void)
      |                    ^~~~~~~~~~~~~~~~~~~~
  CC [M]  drivers/media/rc/keymaps/rc-fusionhdtv-mce.o
In file included from drivers/media/rc/keymaps/rc-fusionhdtv-mce.c:14:
./include/linux/module.h:132:6: warning: ‘init_module’ specifies less restrictive attribute than its target ‘init_rc_map_fusionhdtv_mce’: ‘cold’ [-Wmissing-attributes]
  132 |  int init_module(void) __attribute__((alias(#initfn)));
      |      ^~~~~~~~~~~
drivers/media/rc/keymaps/rc-fusionhdtv-mce.c:95:1: note: in expansion of macro ‘module_init’
   95 | module_init(init_rc_map_fusionhdtv_mce)
      | ^~~~~~~~~~~
drivers/media/rc/keymaps/rc-fusionhdtv-mce.c:85:19: note: ‘init_module’ target declared here
   85 | static int __init init_rc_map_fusionhdtv_mce(void)
      |                   ^~~~~~~~~~~~~~~~~~~~~~~~~~
In file included from drivers/media/rc/keymaps/rc-fusionhdtv-mce.c:14:
./include/linux/module.h:138:7: warning: ‘cleanup_module’ specifies less restrictive attribute than its target ‘exit_rc_map_fusionhdtv_mce’: ‘cold’ [-Wmissing-attributes]
  138 |  void cleanup_module(void) __attribute__((alias(#exitfn)));
      |       ^~~~~~~~~~~~~~
drivers/media/rc/keymaps/rc-fusionhdtv-mce.c:96:1: note: in expansion of macro ‘module_exit’
   96 | module_exit(exit_rc_map_fusionhdtv_mce)
      | ^~~~~~~~~~~
drivers/media/rc/keymaps/rc-fusionhdtv-mce.c:90:20: note: ‘cleanup_module’ target declared here
   90 | static void __exit exit_rc_map_fusionhdtv_mce(void)
      |                    ^~~~~~~~~~~~~~~~~~~~~~~~~~
  CC [M]  drivers/media/rc/keymaps/rc-gadmei-rm008z.o
In file included from drivers/media/rc/keymaps/rc-gadmei-rm008z.c:14:
./include/linux/module.h:132:6: warning: ‘init_module’ specifies less restrictive attribute than its target ‘init_rc_map_gadmei_rm008z’: ‘cold’ [-Wmissing-attributes]
  132 |  int init_module(void) __attribute__((alias(#initfn)));
      |      ^~~~~~~~~~~
drivers/media/rc/keymaps/rc-gadmei-rm008z.c:78:1: note: in expansion of macro ‘module_init’
   78 | module_init(init_rc_map_gadmei_rm008z)
      | ^~~~~~~~~~~
drivers/media/rc/keymaps/rc-gadmei-rm008z.c:68:19: note: ‘init_module’ target declared here
   68 | static int __init init_rc_map_gadmei_rm008z(void)
      |                   ^~~~~~~~~~~~~~~~~~~~~~~~~
In file included from drivers/media/rc/keymaps/rc-gadmei-rm008z.c:14:
./include/linux/module.h:138:7: warning: ‘cleanup_module’ specifies less restrictive attribute than its target ‘exit_rc_map_gadmei_rm008z’: ‘cold’ [-Wmissing-attributes]
  138 |  void cleanup_module(void) __attribute__((alias(#exitfn)));
      |       ^~~~~~~~~~~~~~
drivers/media/rc/keymaps/rc-gadmei-rm008z.c:79:1: note: in expansion of macro ‘module_exit’
   79 | module_exit(exit_rc_map_gadmei_rm008z)
      | ^~~~~~~~~~~
drivers/media/rc/keymaps/rc-gadmei-rm008z.c:73:20: note: ‘cleanup_module’ target declared here
   73 | static void __exit exit_rc_map_gadmei_rm008z(void)
      |                    ^~~~~~~~~~~~~~~~~~~~~~~~~
  CC [M]  drivers/media/rc/keymaps/rc-genius-tvgo-a11mce.o
In file included from drivers/media/rc/keymaps/rc-genius-tvgo-a11mce.c:14:
./include/linux/module.h:132:6: warning: ‘init_module’ specifies less restrictive attribute than its target ‘init_rc_map_genius_tvgo_a11mce’: ‘cold’ [-Wmissing-attributes]
  132 |  int init_module(void) __attribute__((alias(#initfn)));
      |      ^~~~~~~~~~~
drivers/media/rc/keymaps/rc-genius-tvgo-a11mce.c:81:1: note: in expansion of macro ‘module_init’
   81 | module_init(init_rc_map_genius_tvgo_a11mce)
      | ^~~~~~~~~~~
drivers/media/rc/keymaps/rc-genius-tvgo-a11mce.c:71:19: note: ‘init_module’ target declared here
   71 | static int __init init_rc_map_genius_tvgo_a11mce(void)
      |                   ^~~~~~~~~~~~~~~~~~~~~~~~~~~~~~
In file included from drivers/media/rc/keymaps/rc-genius-tvgo-a11mce.c:14:
./include/linux/module.h:138:7: warning: ‘cleanup_module’ specifies less restrictive attribute than its target ‘exit_rc_map_genius_tvgo_a11mce’: ‘cold’ [-Wmissing-attributes]
  138 |  void cleanup_module(void) __attribute__((alias(#exitfn)));
      |       ^~~~~~~~~~~~~~
drivers/media/rc/keymaps/rc-genius-tvgo-a11mce.c:82:1: note: in expansion of macro ‘module_exit’
   82 | module_exit(exit_rc_map_genius_tvgo_a11mce)
      | ^~~~~~~~~~~
drivers/media/rc/keymaps/rc-genius-tvgo-a11mce.c:76:20: note: ‘cleanup_module’ target declared here
   76 | static void __exit exit_rc_map_genius_tvgo_a11mce(void)
      |                    ^~~~~~~~~~~~~~~~~~~~~~~~~~~~~~
  CC [M]  drivers/media/rc/keymaps/rc-gotview7135.o
In file included from drivers/media/rc/keymaps/rc-gotview7135.c:14:
./include/linux/module.h:132:6: warning: ‘init_module’ specifies less restrictive attribute than its target ‘init_rc_map_gotview7135’: ‘cold’ [-Wmissing-attributes]
  132 |  int init_module(void) __attribute__((alias(#initfn)));
      |      ^~~~~~~~~~~
drivers/media/rc/keymaps/rc-gotview7135.c:76:1: note: in expansion of macro ‘module_init’
   76 | module_init(init_rc_map_gotview7135)
      | ^~~~~~~~~~~
drivers/media/rc/keymaps/rc-gotview7135.c:66:19: note: ‘init_module’ target declared here
   66 | static int __init init_rc_map_gotview7135(void)
      |                   ^~~~~~~~~~~~~~~~~~~~~~~
In file included from drivers/media/rc/keymaps/rc-gotview7135.c:14:
./include/linux/module.h:138:7: warning: ‘cleanup_module’ specifies less restrictive attribute than its target ‘exit_rc_map_gotview7135’: ‘cold’ [-Wmissing-attributes]
  138 |  void cleanup_module(void) __attribute__((alias(#exitfn)));
      |       ^~~~~~~~~~~~~~
drivers/media/rc/keymaps/rc-gotview7135.c:77:1: note: in expansion of macro ‘module_exit’
   77 | module_exit(exit_rc_map_gotview7135)
      | ^~~~~~~~~~~
drivers/media/rc/keymaps/rc-gotview7135.c:71:20: note: ‘cleanup_module’ target declared here
   71 | static void __exit exit_rc_map_gotview7135(void)
      |                    ^~~~~~~~~~~~~~~~~~~~~~~
  CC [M]  drivers/media/rc/keymaps/rc-imon-mce.o
In file included from drivers/media/rc/keymaps/rc-imon-mce.c:13:
./include/linux/module.h:132:6: warning: ‘init_module’ specifies less restrictive attribute than its target ‘init_rc_map_imon_mce’: ‘cold’ [-Wmissing-attributes]
  132 |  int init_module(void) __attribute__((alias(#initfn)));
      |      ^~~~~~~~~~~
drivers/media/rc/keymaps/rc-imon-mce.c:139:1: note: in expansion of macro ‘module_init’
  139 | module_init(init_rc_map_imon_mce)
      | ^~~~~~~~~~~
drivers/media/rc/keymaps/rc-imon-mce.c:129:19: note: ‘init_module’ target declared here
  129 | static int __init init_rc_map_imon_mce(void)
      |                   ^~~~~~~~~~~~~~~~~~~~
In file included from drivers/media/rc/keymaps/rc-imon-mce.c:13:
./include/linux/module.h:138:7: warning: ‘cleanup_module’ specifies less restrictive attribute than its target ‘exit_rc_map_imon_mce’: ‘cold’ [-Wmissing-attributes]
  138 |  void cleanup_module(void) __attribute__((alias(#exitfn)));
      |       ^~~~~~~~~~~~~~
drivers/media/rc/keymaps/rc-imon-mce.c:140:1: note: in expansion of macro ‘module_exit’
  140 | module_exit(exit_rc_map_imon_mce)
      | ^~~~~~~~~~~
drivers/media/rc/keymaps/rc-imon-mce.c:134:20: note: ‘cleanup_module’ target declared here
  134 | static void __exit exit_rc_map_imon_mce(void)
      |                    ^~~~~~~~~~~~~~~~~~~~
  CC [M]  drivers/media/rc/keymaps/rc-imon-pad.o
In file included from drivers/media/rc/keymaps/rc-imon-pad.c:13:
./include/linux/module.h:132:6: warning: ‘init_module’ specifies less restrictive attribute than its target ‘init_rc_map_imon_pad’: ‘cold’ [-Wmissing-attributes]
  132 |  int init_module(void) __attribute__((alias(#initfn)));
      |      ^~~~~~~~~~~
drivers/media/rc/keymaps/rc-imon-pad.c:153:1: note: in expansion of macro ‘module_init’
  153 | module_init(init_rc_map_imon_pad)
      | ^~~~~~~~~~~
drivers/media/rc/keymaps/rc-imon-pad.c:143:19: note: ‘init_module’ target declared here
  143 | static int __init init_rc_map_imon_pad(void)
      |                   ^~~~~~~~~~~~~~~~~~~~
In file included from drivers/media/rc/keymaps/rc-imon-pad.c:13:
./include/linux/module.h:138:7: warning: ‘cleanup_module’ specifies less restrictive attribute than its target ‘exit_rc_map_imon_pad’: ‘cold’ [-Wmissing-attributes]
  138 |  void cleanup_module(void) __attribute__((alias(#exitfn)));
      |       ^~~~~~~~~~~~~~
drivers/media/rc/keymaps/rc-imon-pad.c:154:1: note: in expansion of macro ‘module_exit’
  154 | module_exit(exit_rc_map_imon_pad)
      | ^~~~~~~~~~~
drivers/media/rc/keymaps/rc-imon-pad.c:148:20: note: ‘cleanup_module’ target declared here
  148 | static void __exit exit_rc_map_imon_pad(void)
      |                    ^~~~~~~~~~~~~~~~~~~~
  CC [M]  drivers/media/rc/keymaps/rc-iodata-bctv7e.o
In file included from drivers/media/rc/keymaps/rc-iodata-bctv7e.c:14:
./include/linux/module.h:132:6: warning: ‘init_module’ specifies less restrictive attribute than its target ‘init_rc_map_iodata_bctv7e’: ‘cold’ [-Wmissing-attributes]
  132 |  int init_module(void) __attribute__((alias(#initfn)));
      |      ^~~~~~~~~~~
drivers/media/rc/keymaps/rc-iodata-bctv7e.c:85:1: note: in expansion of macro ‘module_init’
   85 | module_init(init_rc_map_iodata_bctv7e)
      | ^~~~~~~~~~~
drivers/media/rc/keymaps/rc-iodata-bctv7e.c:75:19: note: ‘init_module’ target declared here
   75 | static int __init init_rc_map_iodata_bctv7e(void)
      |                   ^~~~~~~~~~~~~~~~~~~~~~~~~
In file included from drivers/media/rc/keymaps/rc-iodata-bctv7e.c:14:
./include/linux/module.h:138:7: warning: ‘cleanup_module’ specifies less restrictive attribute than its target ‘exit_rc_map_iodata_bctv7e’: ‘cold’ [-Wmissing-attributes]
  138 |  void cleanup_module(void) __attribute__((alias(#exitfn)));
      |       ^~~~~~~~~~~~~~
drivers/media/rc/keymaps/rc-iodata-bctv7e.c:86:1: note: in expansion of macro ‘module_exit’
   86 | module_exit(exit_rc_map_iodata_bctv7e)
      | ^~~~~~~~~~~
drivers/media/rc/keymaps/rc-iodata-bctv7e.c:80:20: note: ‘cleanup_module’ target declared here
   80 | static void __exit exit_rc_map_iodata_bctv7e(void)
      |                    ^~~~~~~~~~~~~~~~~~~~~~~~~
  CC [M]  drivers/media/rc/keymaps/rc-it913x-v1.o
In file included from drivers/media/rc/keymaps/rc-it913x-v1.c:12:
./include/linux/module.h:132:6: warning: ‘init_module’ specifies less restrictive attribute than its target ‘init_rc_it913x_v1_map’: ‘cold’ [-Wmissing-attributes]
  132 |  int init_module(void) __attribute__((alias(#initfn)));
      |      ^~~~~~~~~~~
drivers/media/rc/keymaps/rc-it913x-v1.c:91:1: note: in expansion of macro ‘module_init’
   91 | module_init(init_rc_it913x_v1_map)
      | ^~~~~~~~~~~
drivers/media/rc/keymaps/rc-it913x-v1.c:81:19: note: ‘init_module’ target declared here
   81 | static int __init init_rc_it913x_v1_map(void)
      |                   ^~~~~~~~~~~~~~~~~~~~~
In file included from drivers/media/rc/keymaps/rc-it913x-v1.c:12:
./include/linux/module.h:138:7: warning: ‘cleanup_module’ specifies less restrictive attribute than its target ‘exit_rc_it913x_v1_map’: ‘cold’ [-Wmissing-attributes]
  138 |  void cleanup_module(void) __attribute__((alias(#exitfn)));
      |       ^~~~~~~~~~~~~~
drivers/media/rc/keymaps/rc-it913x-v1.c:92:1: note: in expansion of macro ‘module_exit’
   92 | module_exit(exit_rc_it913x_v1_map)
      | ^~~~~~~~~~~
drivers/media/rc/keymaps/rc-it913x-v1.c:86:20: note: ‘cleanup_module’ target declared here
   86 | static void __exit exit_rc_it913x_v1_map(void)
      |                    ^~~~~~~~~~~~~~~~~~~~~
  CC [M]  drivers/media/rc/keymaps/rc-it913x-v2.o
In file included from drivers/media/rc/keymaps/rc-it913x-v2.c:12:
./include/linux/module.h:132:6: warning: ‘init_module’ specifies less restrictive attribute than its target ‘init_rc_it913x_v2_map’: ‘cold’ [-Wmissing-attributes]
  132 |  int init_module(void) __attribute__((alias(#initfn)));
      |      ^~~~~~~~~~~
drivers/media/rc/keymaps/rc-it913x-v2.c:90:1: note: in expansion of macro ‘module_init’
   90 | module_init(init_rc_it913x_v2_map)
      | ^~~~~~~~~~~
drivers/media/rc/keymaps/rc-it913x-v2.c:80:19: note: ‘init_module’ target declared here
   80 | static int __init init_rc_it913x_v2_map(void)
      |                   ^~~~~~~~~~~~~~~~~~~~~
In file included from drivers/media/rc/keymaps/rc-it913x-v2.c:12:
./include/linux/module.h:138:7: warning: ‘cleanup_module’ specifies less restrictive attribute than its target ‘exit_rc_it913x_v2_map’: ‘cold’ [-Wmissing-attributes]
  138 |  void cleanup_module(void) __attribute__((alias(#exitfn)));
      |       ^~~~~~~~~~~~~~
drivers/media/rc/keymaps/rc-it913x-v2.c:91:1: note: in expansion of macro ‘module_exit’
   91 | module_exit(exit_rc_it913x_v2_map)
      | ^~~~~~~~~~~
drivers/media/rc/keymaps/rc-it913x-v2.c:85:20: note: ‘cleanup_module’ target declared here
   85 | static void __exit exit_rc_it913x_v2_map(void)
      |                    ^~~~~~~~~~~~~~~~~~~~~
  CC [M]  drivers/media/rc/keymaps/rc-kaiomy.o
In file included from drivers/media/rc/keymaps/rc-kaiomy.c:14:
./include/linux/module.h:132:6: warning: ‘init_module’ specifies less restrictive attribute than its target ‘init_rc_map_kaiomy’: ‘cold’ [-Wmissing-attributes]
  132 |  int init_module(void) __attribute__((alias(#initfn)));
      |      ^~~~~~~~~~~
drivers/media/rc/keymaps/rc-kaiomy.c:84:1: note: in expansion of macro ‘module_init’
   84 | module_init(init_rc_map_kaiomy)
      | ^~~~~~~~~~~
drivers/media/rc/keymaps/rc-kaiomy.c:74:19: note: ‘init_module’ target declared here
   74 | static int __init init_rc_map_kaiomy(void)
      |                   ^~~~~~~~~~~~~~~~~~
In file included from drivers/media/rc/keymaps/rc-kaiomy.c:14:
./include/linux/module.h:138:7: warning: ‘cleanup_module’ specifies less restrictive attribute than its target ‘exit_rc_map_kaiomy’: ‘cold’ [-Wmissing-attributes]
  138 |  void cleanup_module(void) __attribute__((alias(#exitfn)));
      |       ^~~~~~~~~~~~~~
drivers/media/rc/keymaps/rc-kaiomy.c:85:1: note: in expansion of macro ‘module_exit’
   85 | module_exit(exit_rc_map_kaiomy)
      | ^~~~~~~~~~~
drivers/media/rc/keymaps/rc-kaiomy.c:79:20: note: ‘cleanup_module’ target declared here
   79 | static void __exit exit_rc_map_kaiomy(void)
      |                    ^~~~~~~~~~~~~~~~~~
  CC [M]  drivers/media/rc/keymaps/rc-kworld-315u.o
In file included from drivers/media/rc/keymaps/rc-kworld-315u.c:14:
./include/linux/module.h:132:6: warning: ‘init_module’ specifies less restrictive attribute than its target ‘init_rc_map_kworld_315u’: ‘cold’ [-Wmissing-attributes]
  132 |  int init_module(void) __attribute__((alias(#initfn)));
      |      ^~~~~~~~~~~
drivers/media/rc/keymaps/rc-kworld-315u.c:80:1: note: in expansion of macro ‘module_init’
   80 | module_init(init_rc_map_kworld_315u)
      | ^~~~~~~~~~~
drivers/media/rc/keymaps/rc-kworld-315u.c:70:19: note: ‘init_module’ target declared here
   70 | static int __init init_rc_map_kworld_315u(void)
      |                   ^~~~~~~~~~~~~~~~~~~~~~~
In file included from drivers/media/rc/keymaps/rc-kworld-315u.c:14:
./include/linux/module.h:138:7: warning: ‘cleanup_module’ specifies less restrictive attribute than its target ‘exit_rc_map_kworld_315u’: ‘cold’ [-Wmissing-attributes]
  138 |  void cleanup_module(void) __attribute__((alias(#exitfn)));
      |       ^~~~~~~~~~~~~~
drivers/media/rc/keymaps/rc-kworld-315u.c:81:1: note: in expansion of macro ‘module_exit’
   81 | module_exit(exit_rc_map_kworld_315u)
      | ^~~~~~~~~~~
drivers/media/rc/keymaps/rc-kworld-315u.c:75:20: note: ‘cleanup_module’ target declared here
   75 | static void __exit exit_rc_map_kworld_315u(void)
      |                    ^~~~~~~~~~~~~~~~~~~~~~~
  CC [M]  drivers/media/rc/keymaps/rc-kworld-pc150u.o
In file included from drivers/media/rc/keymaps/rc-kworld-pc150u.c:16:
./include/linux/module.h:132:6: warning: ‘init_module’ specifies less restrictive attribute than its target ‘init_rc_map_kworld_pc150u’: ‘cold’ [-Wmissing-attributes]
  132 |  int init_module(void) __attribute__((alias(#initfn)));
      |      ^~~~~~~~~~~
drivers/media/rc/keymaps/rc-kworld-pc150u.c:98:1: note: in expansion of macro ‘module_init’
   98 | module_init(init_rc_map_kworld_pc150u)
      | ^~~~~~~~~~~
drivers/media/rc/keymaps/rc-kworld-pc150u.c:88:19: note: ‘init_module’ target declared here
   88 | static int __init init_rc_map_kworld_pc150u(void)
      |                   ^~~~~~~~~~~~~~~~~~~~~~~~~
In file included from drivers/media/rc/keymaps/rc-kworld-pc150u.c:16:
./include/linux/module.h:138:7: warning: ‘cleanup_module’ specifies less restrictive attribute than its target ‘exit_rc_map_kworld_pc150u’: ‘cold’ [-Wmissing-attributes]
  138 |  void cleanup_module(void) __attribute__((alias(#exitfn)));
      |       ^~~~~~~~~~~~~~
drivers/media/rc/keymaps/rc-kworld-pc150u.c:99:1: note: in expansion of macro ‘module_exit’
   99 | module_exit(exit_rc_map_kworld_pc150u)
      | ^~~~~~~~~~~
drivers/media/rc/keymaps/rc-kworld-pc150u.c:93:20: note: ‘cleanup_module’ target declared here
   93 | static void __exit exit_rc_map_kworld_pc150u(void)
      |                    ^~~~~~~~~~~~~~~~~~~~~~~~~
  CC [M]  drivers/media/rc/keymaps/rc-kworld-plus-tv-analog.o
In file included from drivers/media/rc/keymaps/rc-kworld-plus-tv-analog.c:14:
./include/linux/module.h:132:6: warning: ‘init_module’ specifies less restrictive attribute than its target ‘init_rc_map_kworld_plus_tv_analog’: ‘cold’ [-Wmissing-attributes]
  132 |  int init_module(void) __attribute__((alias(#initfn)));
      |      ^~~~~~~~~~~
drivers/media/rc/keymaps/rc-kworld-plus-tv-analog.c:96:1: note: in expansion of macro ‘module_init’
   96 | module_init(init_rc_map_kworld_plus_tv_analog)
      | ^~~~~~~~~~~
drivers/media/rc/keymaps/rc-kworld-plus-tv-analog.c:86:19: note: ‘init_module’ target declared here
   86 | static int __init init_rc_map_kworld_plus_tv_analog(void)
      |                   ^~~~~~~~~~~~~~~~~~~~~~~~~~~~~~~~~
In file included from drivers/media/rc/keymaps/rc-kworld-plus-tv-analog.c:14:
./include/linux/module.h:138:7: warning: ‘cleanup_module’ specifies less restrictive attribute than its target ‘exit_rc_map_kworld_plus_tv_analog’: ‘cold’ [-Wmissing-attributes]
  138 |  void cleanup_module(void) __attribute__((alias(#exitfn)));
      |       ^~~~~~~~~~~~~~
drivers/media/rc/keymaps/rc-kworld-plus-tv-analog.c:97:1: note: in expansion of macro ‘module_exit’
   97 | module_exit(exit_rc_map_kworld_plus_tv_analog)
      | ^~~~~~~~~~~
drivers/media/rc/keymaps/rc-kworld-plus-tv-analog.c:91:20: note: ‘cleanup_module’ target declared here
   91 | static void __exit exit_rc_map_kworld_plus_tv_analog(void)
      |                    ^~~~~~~~~~~~~~~~~~~~~~~~~~~~~~~~~
  CC [M]  drivers/media/rc/keymaps/rc-leadtek-y04g0051.o
In file included from drivers/media/rc/keymaps/rc-leadtek-y04g0051.c:22:
./include/linux/module.h:132:6: warning: ‘init_module’ specifies less restrictive attribute than its target ‘init_rc_map_leadtek_y04g0051’: ‘cold’ [-Wmissing-attributes]
  132 |  int init_module(void) __attribute__((alias(#initfn)));
      |      ^~~~~~~~~~~
drivers/media/rc/keymaps/rc-leadtek-y04g0051.c:96:1: note: in expansion of macro ‘module_init’
   96 | module_init(init_rc_map_leadtek_y04g0051)
      | ^~~~~~~~~~~
drivers/media/rc/keymaps/rc-leadtek-y04g0051.c:86:19: note: ‘init_module’ target declared here
   86 | static int __init init_rc_map_leadtek_y04g0051(void)
      |                   ^~~~~~~~~~~~~~~~~~~~~~~~~~~~
In file included from drivers/media/rc/keymaps/rc-leadtek-y04g0051.c:22:
./include/linux/module.h:138:7: warning: ‘cleanup_module’ specifies less restrictive attribute than its target ‘exit_rc_map_leadtek_y04g0051’: ‘cold’ [-Wmissing-attributes]
  138 |  void cleanup_module(void) __attribute__((alias(#exitfn)));
      |       ^~~~~~~~~~~~~~
drivers/media/rc/keymaps/rc-leadtek-y04g0051.c:97:1: note: in expansion of macro ‘module_exit’
   97 | module_exit(exit_rc_map_leadtek_y04g0051)
      | ^~~~~~~~~~~
drivers/media/rc/keymaps/rc-leadtek-y04g0051.c:91:20: note: ‘cleanup_module’ target declared here
   91 | static void __exit exit_rc_map_leadtek_y04g0051(void)
      |                    ^~~~~~~~~~~~~~~~~~~~~~~~~~~~
  CC [M]  drivers/media/rc/keymaps/rc-lirc.o
In file included from drivers/media/rc/keymaps/rc-lirc.c:13:
./include/linux/module.h:132:6: warning: ‘init_module’ specifies less restrictive attribute than its target ‘init_rc_map_lirc’: ‘cold’ [-Wmissing-attributes]
  132 |  int init_module(void) __attribute__((alias(#initfn)));
      |      ^~~~~~~~~~~
drivers/media/rc/keymaps/rc-lirc.c:38:1: note: in expansion of macro ‘module_init’
   38 | module_init(init_rc_map_lirc)
      | ^~~~~~~~~~~
drivers/media/rc/keymaps/rc-lirc.c:28:19: note: ‘init_module’ target declared here
   28 | static int __init init_rc_map_lirc(void)
      |                   ^~~~~~~~~~~~~~~~
In file included from drivers/media/rc/keymaps/rc-lirc.c:13:
./include/linux/module.h:138:7: warning: ‘cleanup_module’ specifies less restrictive attribute than its target ‘exit_rc_map_lirc’: ‘cold’ [-Wmissing-attributes]
  138 |  void cleanup_module(void) __attribute__((alias(#exitfn)));
      |       ^~~~~~~~~~~~~~
drivers/media/rc/keymaps/rc-lirc.c:39:1: note: in expansion of macro ‘module_exit’
   39 | module_exit(exit_rc_map_lirc)
      | ^~~~~~~~~~~
drivers/media/rc/keymaps/rc-lirc.c:33:20: note: ‘cleanup_module’ target declared here
   33 | static void __exit exit_rc_map_lirc(void)
      |                    ^~~~~~~~~~~~~~~~
  CC [M]  drivers/media/rc/keymaps/rc-lme2510.o
In file included from drivers/media/rc/keymaps/rc-lme2510.c:13:
./include/linux/module.h:132:6: warning: ‘init_module’ specifies less restrictive attribute than its target ‘init_rc_lme2510_map’: ‘cold’ [-Wmissing-attributes]
  132 |  int init_module(void) __attribute__((alias(#initfn)));
      |      ^~~~~~~~~~~
drivers/media/rc/keymaps/rc-lme2510.c:107:1: note: in expansion of macro ‘module_init’
  107 | module_init(init_rc_lme2510_map)
      | ^~~~~~~~~~~
drivers/media/rc/keymaps/rc-lme2510.c:97:19: note: ‘init_module’ target declared here
   97 | static int __init init_rc_lme2510_map(void)
      |                   ^~~~~~~~~~~~~~~~~~~
In file included from drivers/media/rc/keymaps/rc-lme2510.c:13:
./include/linux/module.h:138:7: warning: ‘cleanup_module’ specifies less restrictive attribute than its target ‘exit_rc_lme2510_map’: ‘cold’ [-Wmissing-attributes]
  138 |  void cleanup_module(void) __attribute__((alias(#exitfn)));
      |       ^~~~~~~~~~~~~~
drivers/media/rc/keymaps/rc-lme2510.c:108:1: note: in expansion of macro ‘module_exit’
  108 | module_exit(exit_rc_lme2510_map)
      | ^~~~~~~~~~~
drivers/media/rc/keymaps/rc-lme2510.c:102:20: note: ‘cleanup_module’ target declared here
  102 | static void __exit exit_rc_lme2510_map(void)
      |                    ^~~~~~~~~~~~~~~~~~~
  CC [M]  drivers/media/rc/keymaps/rc-manli.o
In file included from drivers/media/rc/keymaps/rc-manli.c:14:
./include/linux/module.h:132:6: warning: ‘init_module’ specifies less restrictive attribute than its target ‘init_rc_map_manli’: ‘cold’ [-Wmissing-attributes]
  132 |  int init_module(void) __attribute__((alias(#initfn)));
      |      ^~~~~~~~~~~
drivers/media/rc/keymaps/rc-manli.c:131:1: note: in expansion of macro ‘module_init’
  131 | module_init(init_rc_map_manli)
      | ^~~~~~~~~~~
drivers/media/rc/keymaps/rc-manli.c:121:19: note: ‘init_module’ target declared here
  121 | static int __init init_rc_map_manli(void)
      |                   ^~~~~~~~~~~~~~~~~
In file included from drivers/media/rc/keymaps/rc-manli.c:14:
./include/linux/module.h:138:7: warning: ‘cleanup_module’ specifies less restrictive attribute than its target ‘exit_rc_map_manli’: ‘cold’ [-Wmissing-attributes]
  138 |  void cleanup_module(void) __attribute__((alias(#exitfn)));
      |       ^~~~~~~~~~~~~~
drivers/media/rc/keymaps/rc-manli.c:132:1: note: in expansion of macro ‘module_exit’
  132 | module_exit(exit_rc_map_manli)
      | ^~~~~~~~~~~
drivers/media/rc/keymaps/rc-manli.c:126:20: note: ‘cleanup_module’ target declared here
  126 | static void __exit exit_rc_map_manli(void)
      |                    ^~~~~~~~~~~~~~~~~
  CC [M]  drivers/media/rc/keymaps/rc-medion-x10.o
In file included from drivers/media/rc/keymaps/rc-medion-x10.c:24:
./include/linux/module.h:132:6: warning: ‘init_module’ specifies less restrictive attribute than its target ‘init_rc_map_medion_x10’: ‘cold’ [-Wmissing-attributes]
  132 |  int init_module(void) __attribute__((alias(#initfn)));
      |      ^~~~~~~~~~~
drivers/media/rc/keymaps/rc-medion-x10.c:113:1: note: in expansion of macro ‘module_init’
  113 | module_init(init_rc_map_medion_x10)
      | ^~~~~~~~~~~
drivers/media/rc/keymaps/rc-medion-x10.c:103:19: note: ‘init_module’ target declared here
  103 | static int __init init_rc_map_medion_x10(void)
      |                   ^~~~~~~~~~~~~~~~~~~~~~
In file included from drivers/media/rc/keymaps/rc-medion-x10.c:24:
./include/linux/module.h:138:7: warning: ‘cleanup_module’ specifies less restrictive attribute than its target ‘exit_rc_map_medion_x10’: ‘cold’ [-Wmissing-attributes]
  138 |  void cleanup_module(void) __attribute__((alias(#exitfn)));
      |       ^~~~~~~~~~~~~~
drivers/media/rc/keymaps/rc-medion-x10.c:114:1: note: in expansion of macro ‘module_exit’
  114 | module_exit(exit_rc_map_medion_x10)
      | ^~~~~~~~~~~
drivers/media/rc/keymaps/rc-medion-x10.c:108:20: note: ‘cleanup_module’ target declared here
  108 | static void __exit exit_rc_map_medion_x10(void)
      |                    ^~~~~~~~~~~~~~~~~~~~~~
  CC [M]  drivers/media/rc/keymaps/rc-medion-x10-digitainer.o
In file included from drivers/media/rc/keymaps/rc-medion-x10-digitainer.c:26:
./include/linux/module.h:132:6: warning: ‘init_module’ specifies less restrictive attribute than its target ‘init_rc_map_medion_x10_digitainer’: ‘cold’ [-Wmissing-attributes]
  132 |  int init_module(void) __attribute__((alias(#initfn)));
      |      ^~~~~~~~~~~
drivers/media/rc/keymaps/rc-medion-x10-digitainer.c:118:1: note: in expansion of macro ‘module_init’
  118 | module_init(init_rc_map_medion_x10_digitainer)
      | ^~~~~~~~~~~
drivers/media/rc/keymaps/rc-medion-x10-digitainer.c:108:19: note: ‘init_module’ target declared here
  108 | static int __init init_rc_map_medion_x10_digitainer(void)
      |                   ^~~~~~~~~~~~~~~~~~~~~~~~~~~~~~~~~
In file included from drivers/media/rc/keymaps/rc-medion-x10-digitainer.c:26:
./include/linux/module.h:138:7: warning: ‘cleanup_module’ specifies less restrictive attribute than its target ‘exit_rc_map_medion_x10_digitainer’: ‘cold’ [-Wmissing-attributes]
  138 |  void cleanup_module(void) __attribute__((alias(#exitfn)));
      |       ^~~~~~~~~~~~~~
drivers/media/rc/keymaps/rc-medion-x10-digitainer.c:119:1: note: in expansion of macro ‘module_exit’
  119 | module_exit(exit_rc_map_medion_x10_digitainer)
      | ^~~~~~~~~~~
drivers/media/rc/keymaps/rc-medion-x10-digitainer.c:113:20: note: ‘cleanup_module’ target declared here
  113 | static void __exit exit_rc_map_medion_x10_digitainer(void)
      |                    ^~~~~~~~~~~~~~~~~~~~~~~~~~~~~~~~~
  CC [M]  drivers/media/rc/keymaps/rc-medion-x10-or2x.o
In file included from drivers/media/rc/keymaps/rc-medion-x10-or2x.c:26:
./include/linux/module.h:132:6: warning: ‘init_module’ specifies less restrictive attribute than its target ‘init_rc_map_medion_x10_or2x’: ‘cold’ [-Wmissing-attributes]
  132 |  int init_module(void) __attribute__((alias(#initfn)));
      |      ^~~~~~~~~~~
drivers/media/rc/keymaps/rc-medion-x10-or2x.c:103:1: note: in expansion of macro ‘module_init’
  103 | module_init(init_rc_map_medion_x10_or2x)
      | ^~~~~~~~~~~
drivers/media/rc/keymaps/rc-medion-x10-or2x.c:93:19: note: ‘init_module’ target declared here
   93 | static int __init init_rc_map_medion_x10_or2x(void)
      |                   ^~~~~~~~~~~~~~~~~~~~~~~~~~~
In file included from drivers/media/rc/keymaps/rc-medion-x10-or2x.c:26:
./include/linux/module.h:138:7: warning: ‘cleanup_module’ specifies less restrictive attribute than its target ‘exit_rc_map_medion_x10_or2x’: ‘cold’ [-Wmissing-attributes]
  138 |  void cleanup_module(void) __attribute__((alias(#exitfn)));
      |       ^~~~~~~~~~~~~~
drivers/media/rc/keymaps/rc-medion-x10-or2x.c:104:1: note: in expansion of macro ‘module_exit’
  104 | module_exit(exit_rc_map_medion_x10_or2x)
      | ^~~~~~~~~~~
drivers/media/rc/keymaps/rc-medion-x10-or2x.c:98:20: note: ‘cleanup_module’ target declared here
   98 | static void __exit exit_rc_map_medion_x10_or2x(void)
      |                    ^~~~~~~~~~~~~~~~~~~~~~~~~~~
  CC [M]  drivers/media/rc/keymaps/rc-msi-digivox-ii.o
In file included from drivers/media/rc/keymaps/rc-msi-digivox-ii.c:22:
./include/linux/module.h:132:6: warning: ‘init_module’ specifies less restrictive attribute than its target ‘init_rc_map_msi_digivox_ii’: ‘cold’ [-Wmissing-attributes]
  132 |  int init_module(void) __attribute__((alias(#initfn)));
      |      ^~~~~~~~~~~
drivers/media/rc/keymaps/rc-msi-digivox-ii.c:64:1: note: in expansion of macro ‘module_init’
   64 | module_init(init_rc_map_msi_digivox_ii)
      | ^~~~~~~~~~~
drivers/media/rc/keymaps/rc-msi-digivox-ii.c:54:19: note: ‘init_module’ target declared here
   54 | static int __init init_rc_map_msi_digivox_ii(void)
      |                   ^~~~~~~~~~~~~~~~~~~~~~~~~~
In file included from drivers/media/rc/keymaps/rc-msi-digivox-ii.c:22:
./include/linux/module.h:138:7: warning: ‘cleanup_module’ specifies less restrictive attribute than its target ‘exit_rc_map_msi_digivox_ii’: ‘cold’ [-Wmissing-attributes]
  138 |  void cleanup_module(void) __attribute__((alias(#exitfn)));
      |       ^~~~~~~~~~~~~~
drivers/media/rc/keymaps/rc-msi-digivox-ii.c:65:1: note: in expansion of macro ‘module_exit’
   65 | module_exit(exit_rc_map_msi_digivox_ii)
      | ^~~~~~~~~~~
drivers/media/rc/keymaps/rc-msi-digivox-ii.c:59:20: note: ‘cleanup_module’ target declared here
   59 | static void __exit exit_rc_map_msi_digivox_ii(void)
      |                    ^~~~~~~~~~~~~~~~~~~~~~~~~~
  CC [M]  drivers/media/rc/keymaps/rc-msi-digivox-iii.o
In file included from drivers/media/rc/keymaps/rc-msi-digivox-iii.c:22:
./include/linux/module.h:132:6: warning: ‘init_module’ specifies less restrictive attribute than its target ‘init_rc_map_msi_digivox_iii’: ‘cold’ [-Wmissing-attributes]
  132 |  int init_module(void) __attribute__((alias(#initfn)));
      |      ^~~~~~~~~~~
drivers/media/rc/keymaps/rc-msi-digivox-iii.c:82:1: note: in expansion of macro ‘module_init’
   82 | module_init(init_rc_map_msi_digivox_iii)
      | ^~~~~~~~~~~
drivers/media/rc/keymaps/rc-msi-digivox-iii.c:72:19: note: ‘init_module’ target declared here
   72 | static int __init init_rc_map_msi_digivox_iii(void)
      |                   ^~~~~~~~~~~~~~~~~~~~~~~~~~~
In file included from drivers/media/rc/keymaps/rc-msi-digivox-iii.c:22:
./include/linux/module.h:138:7: warning: ‘cleanup_module’ specifies less restrictive attribute than its target ‘exit_rc_map_msi_digivox_iii’: ‘cold’ [-Wmissing-attributes]
  138 |  void cleanup_module(void) __attribute__((alias(#exitfn)));
      |       ^~~~~~~~~~~~~~
drivers/media/rc/keymaps/rc-msi-digivox-iii.c:83:1: note: in expansion of macro ‘module_exit’
   83 | module_exit(exit_rc_map_msi_digivox_iii)
      | ^~~~~~~~~~~
drivers/media/rc/keymaps/rc-msi-digivox-iii.c:77:20: note: ‘cleanup_module’ target declared here
   77 | static void __exit exit_rc_map_msi_digivox_iii(void)
      |                    ^~~~~~~~~~~~~~~~~~~~~~~~~~~
  CC [M]  drivers/media/rc/keymaps/rc-msi-tvanywhere.o
In file included from drivers/media/rc/keymaps/rc-msi-tvanywhere.c:14:
./include/linux/module.h:132:6: warning: ‘init_module’ specifies less restrictive attribute than its target ‘init_rc_map_msi_tvanywhere’: ‘cold’ [-Wmissing-attributes]
  132 |  int init_module(void) __attribute__((alias(#initfn)));
      |      ^~~~~~~~~~~
drivers/media/rc/keymaps/rc-msi-tvanywhere.c:66:1: note: in expansion of macro ‘module_init’
   66 | module_init(init_rc_map_msi_tvanywhere)
      | ^~~~~~~~~~~
drivers/media/rc/keymaps/rc-msi-tvanywhere.c:56:19: note: ‘init_module’ target declared here
   56 | static int __init init_rc_map_msi_tvanywhere(void)
      |                   ^~~~~~~~~~~~~~~~~~~~~~~~~~
In file included from drivers/media/rc/keymaps/rc-msi-tvanywhere.c:14:
./include/linux/module.h:138:7: warning: ‘cleanup_module’ specifies less restrictive attribute than its target ‘exit_rc_map_msi_tvanywhere’: ‘cold’ [-Wmissing-attributes]
  138 |  void cleanup_module(void) __attribute__((alias(#exitfn)));
      |       ^~~~~~~~~~~~~~
drivers/media/rc/keymaps/rc-msi-tvanywhere.c:67:1: note: in expansion of macro ‘module_exit’
   67 | module_exit(exit_rc_map_msi_tvanywhere)
      | ^~~~~~~~~~~
drivers/media/rc/keymaps/rc-msi-tvanywhere.c:61:20: note: ‘cleanup_module’ target declared here
   61 | static void __exit exit_rc_map_msi_tvanywhere(void)
      |                    ^~~~~~~~~~~~~~~~~~~~~~~~~~
  CC [M]  drivers/media/rc/keymaps/rc-msi-tvanywhere-plus.o
In file included from drivers/media/rc/keymaps/rc-msi-tvanywhere-plus.c:14:
./include/linux/module.h:132:6: warning: ‘init_module’ specifies less restrictive attribute than its target ‘init_rc_map_msi_tvanywhere_plus’: ‘cold’ [-Wmissing-attributes]
  132 |  int init_module(void) __attribute__((alias(#initfn)));
      |      ^~~~~~~~~~~
drivers/media/rc/keymaps/rc-msi-tvanywhere-plus.c:120:1: note: in expansion of macro ‘module_init’
  120 | module_init(init_rc_map_msi_tvanywhere_plus)
      | ^~~~~~~~~~~
drivers/media/rc/keymaps/rc-msi-tvanywhere-plus.c:110:19: note: ‘init_module’ target declared here
  110 | static int __init init_rc_map_msi_tvanywhere_plus(void)
      |                   ^~~~~~~~~~~~~~~~~~~~~~~~~~~~~~~
In file included from drivers/media/rc/keymaps/rc-msi-tvanywhere-plus.c:14:
./include/linux/module.h:138:7: warning: ‘cleanup_module’ specifies less restrictive attribute than its target ‘exit_rc_map_msi_tvanywhere_plus’: ‘cold’ [-Wmissing-attributes]
  138 |  void cleanup_module(void) __attribute__((alias(#exitfn)));
      |       ^~~~~~~~~~~~~~
drivers/media/rc/keymaps/rc-msi-tvanywhere-plus.c:121:1: note: in expansion of macro ‘module_exit’
  121 | module_exit(exit_rc_map_msi_tvanywhere_plus)
      | ^~~~~~~~~~~
drivers/media/rc/keymaps/rc-msi-tvanywhere-plus.c:115:20: note: ‘cleanup_module’ target declared here
  115 | static void __exit exit_rc_map_msi_tvanywhere_plus(void)
      |                    ^~~~~~~~~~~~~~~~~~~~~~~~~~~~~~~
  CC [M]  drivers/media/rc/keymaps/rc-nebula.o
In file included from drivers/media/rc/keymaps/rc-nebula.c:14:
./include/linux/module.h:132:6: warning: ‘init_module’ specifies less restrictive attribute than its target ‘init_rc_map_nebula’: ‘cold’ [-Wmissing-attributes]
  132 |  int init_module(void) __attribute__((alias(#initfn)));
      |      ^~~~~~~~~~~
drivers/media/rc/keymaps/rc-nebula.c:93:1: note: in expansion of macro ‘module_init’
   93 | module_init(init_rc_map_nebula)
      | ^~~~~~~~~~~
drivers/media/rc/keymaps/rc-nebula.c:83:19: note: ‘init_module’ target declared here
   83 | static int __init init_rc_map_nebula(void)
      |                   ^~~~~~~~~~~~~~~~~~
In file included from drivers/media/rc/keymaps/rc-nebula.c:14:
./include/linux/module.h:138:7: warning: ‘cleanup_module’ specifies less restrictive attribute than its target ‘exit_rc_map_nebula’: ‘cold’ [-Wmissing-attributes]
  138 |  void cleanup_module(void) __attribute__((alias(#exitfn)));
      |       ^~~~~~~~~~~~~~
drivers/media/rc/keymaps/rc-nebula.c:94:1: note: in expansion of macro ‘module_exit’
   94 | module_exit(exit_rc_map_nebula)
      | ^~~~~~~~~~~
drivers/media/rc/keymaps/rc-nebula.c:88:20: note: ‘cleanup_module’ target declared here
   88 | static void __exit exit_rc_map_nebula(void)
      |                    ^~~~~~~~~~~~~~~~~~
  CC [M]  drivers/media/rc/keymaps/rc-nec-terratec-cinergy-xs.o
In file included from drivers/media/rc/keymaps/rc-nec-terratec-cinergy-xs.c:14:
./include/linux/module.h:132:6: warning: ‘init_module’ specifies less restrictive attribute than its target ‘init_rc_map_nec_terratec_cinergy_xs’: ‘cold’ [-Wmissing-attributes]
  132 |  int init_module(void) __attribute__((alias(#initfn)));
      |      ^~~~~~~~~~~
drivers/media/rc/keymaps/rc-nec-terratec-cinergy-xs.c:154:1: note: in expansion of macro ‘module_init’
  154 | module_init(init_rc_map_nec_terratec_cinergy_xs)
      | ^~~~~~~~~~~
drivers/media/rc/keymaps/rc-nec-terratec-cinergy-xs.c:144:19: note: ‘init_module’ target declared here
  144 | static int __init init_rc_map_nec_terratec_cinergy_xs(void)
      |                   ^~~~~~~~~~~~~~~~~~~~~~~~~~~~~~~~~~~
In file included from drivers/media/rc/keymaps/rc-nec-terratec-cinergy-xs.c:14:
./include/linux/module.h:138:7: warning: ‘cleanup_module’ specifies less restrictive attribute than its target ‘exit_rc_map_nec_terratec_cinergy_xs’: ‘cold’ [-Wmissing-attributes]
  138 |  void cleanup_module(void) __attribute__((alias(#exitfn)));
      |       ^~~~~~~~~~~~~~
drivers/media/rc/keymaps/rc-nec-terratec-cinergy-xs.c:155:1: note: in expansion of macro ‘module_exit’
  155 | module_exit(exit_rc_map_nec_terratec_cinergy_xs)
      | ^~~~~~~~~~~
drivers/media/rc/keymaps/rc-nec-terratec-cinergy-xs.c:149:20: note: ‘cleanup_module’ target declared here
  149 | static void __exit exit_rc_map_nec_terratec_cinergy_xs(void)
      |                    ^~~~~~~~~~~~~~~~~~~~~~~~~~~~~~~~~~~
  CC [M]  drivers/media/rc/keymaps/rc-norwood.o
In file included from drivers/media/rc/keymaps/rc-norwood.c:14:
./include/linux/module.h:132:6: warning: ‘init_module’ specifies less restrictive attribute than its target ‘init_rc_map_norwood’: ‘cold’ [-Wmissing-attributes]
  132 |  int init_module(void) __attribute__((alias(#initfn)));
      |      ^~~~~~~~~~~
drivers/media/rc/keymaps/rc-norwood.c:82:1: note: in expansion of macro ‘module_init’
   82 | module_init(init_rc_map_norwood)
      | ^~~~~~~~~~~
drivers/media/rc/keymaps/rc-norwood.c:72:19: note: ‘init_module’ target declared here
   72 | static int __init init_rc_map_norwood(void)
      |                   ^~~~~~~~~~~~~~~~~~~
In file included from drivers/media/rc/keymaps/rc-norwood.c:14:
./include/linux/module.h:138:7: warning: ‘cleanup_module’ specifies less restrictive attribute than its target ‘exit_rc_map_norwood’: ‘cold’ [-Wmissing-attributes]
  138 |  void cleanup_module(void) __attribute__((alias(#exitfn)));
      |       ^~~~~~~~~~~~~~
drivers/media/rc/keymaps/rc-norwood.c:83:1: note: in expansion of macro ‘module_exit’
   83 | module_exit(exit_rc_map_norwood)
      | ^~~~~~~~~~~
drivers/media/rc/keymaps/rc-norwood.c:77:20: note: ‘cleanup_module’ target declared here
   77 | static void __exit exit_rc_map_norwood(void)
      |                    ^~~~~~~~~~~~~~~~~~~
  CC [M]  drivers/media/rc/keymaps/rc-npgtech.o
In file included from drivers/media/rc/keymaps/rc-npgtech.c:14:
./include/linux/module.h:132:6: warning: ‘init_module’ specifies less restrictive attribute than its target ‘init_rc_map_npgtech’: ‘cold’ [-Wmissing-attributes]
  132 |  int init_module(void) __attribute__((alias(#initfn)));
      |      ^~~~~~~~~~~
drivers/media/rc/keymaps/rc-npgtech.c:77:1: note: in expansion of macro ‘module_init’
   77 | module_init(init_rc_map_npgtech)
      | ^~~~~~~~~~~
drivers/media/rc/keymaps/rc-npgtech.c:67:19: note: ‘init_module’ target declared here
   67 | static int __init init_rc_map_npgtech(void)
      |                   ^~~~~~~~~~~~~~~~~~~
In file included from drivers/media/rc/keymaps/rc-npgtech.c:14:
./include/linux/module.h:138:7: warning: ‘cleanup_module’ specifies less restrictive attribute than its target ‘exit_rc_map_npgtech’: ‘cold’ [-Wmissing-attributes]
  138 |  void cleanup_module(void) __attribute__((alias(#exitfn)));
      |       ^~~~~~~~~~~~~~
drivers/media/rc/keymaps/rc-npgtech.c:78:1: note: in expansion of macro ‘module_exit’
   78 | module_exit(exit_rc_map_npgtech)
      | ^~~~~~~~~~~
drivers/media/rc/keymaps/rc-npgtech.c:72:20: note: ‘cleanup_module’ target declared here
   72 | static void __exit exit_rc_map_npgtech(void)
      |                    ^~~~~~~~~~~~~~~~~~~
  CC [M]  drivers/media/rc/keymaps/rc-pctv-sedna.o
In file included from drivers/media/rc/keymaps/rc-pctv-sedna.c:14:
./include/linux/module.h:132:6: warning: ‘init_module’ specifies less restrictive attribute than its target ‘init_rc_map_pctv_sedna’: ‘cold’ [-Wmissing-attributes]
  132 |  int init_module(void) __attribute__((alias(#initfn)));
      |      ^~~~~~~~~~~
drivers/media/rc/keymaps/rc-pctv-sedna.c:77:1: note: in expansion of macro ‘module_init’
   77 | module_init(init_rc_map_pctv_sedna)
      | ^~~~~~~~~~~
drivers/media/rc/keymaps/rc-pctv-sedna.c:67:19: note: ‘init_module’ target declared here
   67 | static int __init init_rc_map_pctv_sedna(void)
      |                   ^~~~~~~~~~~~~~~~~~~~~~
In file included from drivers/media/rc/keymaps/rc-pctv-sedna.c:14:
./include/linux/module.h:138:7: warning: ‘cleanup_module’ specifies less restrictive attribute than its target ‘exit_rc_map_pctv_sedna’: ‘cold’ [-Wmissing-attributes]
  138 |  void cleanup_module(void) __attribute__((alias(#exitfn)));
      |       ^~~~~~~~~~~~~~
drivers/media/rc/keymaps/rc-pctv-sedna.c:78:1: note: in expansion of macro ‘module_exit’
   78 | module_exit(exit_rc_map_pctv_sedna)
      | ^~~~~~~~~~~
drivers/media/rc/keymaps/rc-pctv-sedna.c:72:20: note: ‘cleanup_module’ target declared here
   72 | static void __exit exit_rc_map_pctv_sedna(void)
      |                    ^~~~~~~~~~~~~~~~~~~~~~
  CC [M]  drivers/media/rc/keymaps/rc-pinnacle-color.o
In file included from drivers/media/rc/keymaps/rc-pinnacle-color.c:14:
./include/linux/module.h:132:6: warning: ‘init_module’ specifies less restrictive attribute than its target ‘init_rc_map_pinnacle_color’: ‘cold’ [-Wmissing-attributes]
  132 |  int init_module(void) __attribute__((alias(#initfn)));
      |      ^~~~~~~~~~~
drivers/media/rc/keymaps/rc-pinnacle-color.c:91:1: note: in expansion of macro ‘module_init’
   91 | module_init(init_rc_map_pinnacle_color)
      | ^~~~~~~~~~~
drivers/media/rc/keymaps/rc-pinnacle-color.c:81:19: note: ‘init_module’ target declared here
   81 | static int __init init_rc_map_pinnacle_color(void)
      |                   ^~~~~~~~~~~~~~~~~~~~~~~~~~
In file included from drivers/media/rc/keymaps/rc-pinnacle-color.c:14:
./include/linux/module.h:138:7: warning: ‘cleanup_module’ specifies less restrictive attribute than its target ‘exit_rc_map_pinnacle_color’: ‘cold’ [-Wmissing-attributes]
  138 |  void cleanup_module(void) __attribute__((alias(#exitfn)));
      |       ^~~~~~~~~~~~~~
drivers/media/rc/keymaps/rc-pinnacle-color.c:92:1: note: in expansion of macro ‘module_exit’
   92 | module_exit(exit_rc_map_pinnacle_color)
      | ^~~~~~~~~~~
drivers/media/rc/keymaps/rc-pinnacle-color.c:86:20: note: ‘cleanup_module’ target declared here
   86 | static void __exit exit_rc_map_pinnacle_color(void)
      |                    ^~~~~~~~~~~~~~~~~~~~~~~~~~
  CC [M]  drivers/media/rc/keymaps/rc-pinnacle-grey.o
In file included from drivers/media/rc/keymaps/rc-pinnacle-grey.c:14:
./include/linux/module.h:132:6: warning: ‘init_module’ specifies less restrictive attribute than its target ‘init_rc_map_pinnacle_grey’: ‘cold’ [-Wmissing-attributes]
  132 |  int init_module(void) __attribute__((alias(#initfn)));
      |      ^~~~~~~~~~~
drivers/media/rc/keymaps/rc-pinnacle-grey.c:86:1: note: in expansion of macro ‘module_init’
   86 | module_init(init_rc_map_pinnacle_grey)
      | ^~~~~~~~~~~
drivers/media/rc/keymaps/rc-pinnacle-grey.c:76:19: note: ‘init_module’ target declared here
   76 | static int __init init_rc_map_pinnacle_grey(void)
      |                   ^~~~~~~~~~~~~~~~~~~~~~~~~
In file included from drivers/media/rc/keymaps/rc-pinnacle-grey.c:14:
./include/linux/module.h:138:7: warning: ‘cleanup_module’ specifies less restrictive attribute than its target ‘exit_rc_map_pinnacle_grey’: ‘cold’ [-Wmissing-attributes]
  138 |  void cleanup_module(void) __attribute__((alias(#exitfn)));
      |       ^~~~~~~~~~~~~~
drivers/media/rc/keymaps/rc-pinnacle-grey.c:87:1: note: in expansion of macro ‘module_exit’
   87 | module_exit(exit_rc_map_pinnacle_grey)
      | ^~~~~~~~~~~
drivers/media/rc/keymaps/rc-pinnacle-grey.c:81:20: note: ‘cleanup_module’ target declared here
   81 | static void __exit exit_rc_map_pinnacle_grey(void)
      |                    ^~~~~~~~~~~~~~~~~~~~~~~~~
  CC [M]  drivers/media/rc/keymaps/rc-pinnacle-pctv-hd.o
In file included from drivers/media/rc/keymaps/rc-pinnacle-pctv-hd.c:14:
./include/linux/module.h:132:6: warning: ‘init_module’ specifies less restrictive attribute than its target ‘init_rc_map_pinnacle_pctv_hd’: ‘cold’ [-Wmissing-attributes]
  132 |  int init_module(void) __attribute__((alias(#initfn)));
      |      ^~~~~~~~~~~
drivers/media/rc/keymaps/rc-pinnacle-pctv-hd.c:67:1: note: in expansion of macro ‘module_init’
   67 | module_init(init_rc_map_pinnacle_pctv_hd)
      | ^~~~~~~~~~~
drivers/media/rc/keymaps/rc-pinnacle-pctv-hd.c:57:19: note: ‘init_module’ target declared here
   57 | static int __init init_rc_map_pinnacle_pctv_hd(void)
      |                   ^~~~~~~~~~~~~~~~~~~~~~~~~~~~
In file included from drivers/media/rc/keymaps/rc-pinnacle-pctv-hd.c:14:
./include/linux/module.h:138:7: warning: ‘cleanup_module’ specifies less restrictive attribute than its target ‘exit_rc_map_pinnacle_pctv_hd’: ‘cold’ [-Wmissing-attributes]
  138 |  void cleanup_module(void) __attribute__((alias(#exitfn)));
      |       ^~~~~~~~~~~~~~
drivers/media/rc/keymaps/rc-pinnacle-pctv-hd.c:68:1: note: in expansion of macro ‘module_exit’
   68 | module_exit(exit_rc_map_pinnacle_pctv_hd)
      | ^~~~~~~~~~~
drivers/media/rc/keymaps/rc-pinnacle-pctv-hd.c:62:20: note: ‘cleanup_module’ target declared here
   62 | static void __exit exit_rc_map_pinnacle_pctv_hd(void)
      |                    ^~~~~~~~~~~~~~~~~~~~~~~~~~~~
  CC [M]  drivers/media/rc/keymaps/rc-pixelview.o
In file included from drivers/media/rc/keymaps/rc-pixelview.c:14:
./include/linux/module.h:132:6: warning: ‘init_module’ specifies less restrictive attribute than its target ‘init_rc_map_pixelview’: ‘cold’ [-Wmissing-attributes]
  132 |  int init_module(void) __attribute__((alias(#initfn)));
      |      ^~~~~~~~~~~
drivers/media/rc/keymaps/rc-pixelview.c:79:1: note: in expansion of macro ‘module_init’
   79 | module_init(init_rc_map_pixelview)
      | ^~~~~~~~~~~
drivers/media/rc/keymaps/rc-pixelview.c:69:19: note: ‘init_module’ target declared here
   69 | static int __init init_rc_map_pixelview(void)
      |                   ^~~~~~~~~~~~~~~~~~~~~
In file included from drivers/media/rc/keymaps/rc-pixelview.c:14:
./include/linux/module.h:138:7: warning: ‘cleanup_module’ specifies less restrictive attribute than its target ‘exit_rc_map_pixelview’: ‘cold’ [-Wmissing-attributes]
  138 |  void cleanup_module(void) __attribute__((alias(#exitfn)));
      |       ^~~~~~~~~~~~~~
drivers/media/rc/keymaps/rc-pixelview.c:80:1: note: in expansion of macro ‘module_exit’
   80 | module_exit(exit_rc_map_pixelview)
      | ^~~~~~~~~~~
drivers/media/rc/keymaps/rc-pixelview.c:74:20: note: ‘cleanup_module’ target declared here
   74 | static void __exit exit_rc_map_pixelview(void)
      |                    ^~~~~~~~~~~~~~~~~~~~~
  CC [M]  drivers/media/rc/keymaps/rc-pixelview-mk12.o
In file included from drivers/media/rc/keymaps/rc-pixelview-mk12.c:14:
./include/linux/module.h:132:6: warning: ‘init_module’ specifies less restrictive attribute than its target ‘init_rc_map_pixelview’: ‘cold’ [-Wmissing-attributes]
  132 |  int init_module(void) __attribute__((alias(#initfn)));
      |      ^~~~~~~~~~~
drivers/media/rc/keymaps/rc-pixelview-mk12.c:80:1: note: in expansion of macro ‘module_init’
   80 | module_init(init_rc_map_pixelview)
      | ^~~~~~~~~~~
drivers/media/rc/keymaps/rc-pixelview-mk12.c:70:19: note: ‘init_module’ target declared here
   70 | static int __init init_rc_map_pixelview(void)
      |                   ^~~~~~~~~~~~~~~~~~~~~
In file included from drivers/media/rc/keymaps/rc-pixelview-mk12.c:14:
./include/linux/module.h:138:7: warning: ‘cleanup_module’ specifies less restrictive attribute than its target ‘exit_rc_map_pixelview’: ‘cold’ [-Wmissing-attributes]
  138 |  void cleanup_module(void) __attribute__((alias(#exitfn)));
      |       ^~~~~~~~~~~~~~
drivers/media/rc/keymaps/rc-pixelview-mk12.c:81:1: note: in expansion of macro ‘module_exit’
   81 | module_exit(exit_rc_map_pixelview)
      | ^~~~~~~~~~~
drivers/media/rc/keymaps/rc-pixelview-mk12.c:75:20: note: ‘cleanup_module’ target declared here
   75 | static void __exit exit_rc_map_pixelview(void)
      |                    ^~~~~~~~~~~~~~~~~~~~~
  CC [M]  drivers/media/rc/keymaps/rc-pixelview-002t.o
In file included from drivers/media/rc/keymaps/rc-pixelview-002t.c:14:
./include/linux/module.h:132:6: warning: ‘init_module’ specifies less restrictive attribute than its target ‘init_rc_map_pixelview’: ‘cold’ [-Wmissing-attributes]
  132 |  int init_module(void) __attribute__((alias(#initfn)));
      |      ^~~~~~~~~~~
drivers/media/rc/keymaps/rc-pixelview-002t.c:74:1: note: in expansion of macro ‘module_init’
   74 | module_init(init_rc_map_pixelview)
      | ^~~~~~~~~~~
drivers/media/rc/keymaps/rc-pixelview-002t.c:64:19: note: ‘init_module’ target declared here
   64 | static int __init init_rc_map_pixelview(void)
      |                   ^~~~~~~~~~~~~~~~~~~~~
In file included from drivers/media/rc/keymaps/rc-pixelview-002t.c:14:
./include/linux/module.h:138:7: warning: ‘cleanup_module’ specifies less restrictive attribute than its target ‘exit_rc_map_pixelview’: ‘cold’ [-Wmissing-attributes]
  138 |  void cleanup_module(void) __attribute__((alias(#exitfn)));
      |       ^~~~~~~~~~~~~~
drivers/media/rc/keymaps/rc-pixelview-002t.c:75:1: note: in expansion of macro ‘module_exit’
   75 | module_exit(exit_rc_map_pixelview)
      | ^~~~~~~~~~~
drivers/media/rc/keymaps/rc-pixelview-002t.c:69:20: note: ‘cleanup_module’ target declared here
   69 | static void __exit exit_rc_map_pixelview(void)
      |                    ^~~~~~~~~~~~~~~~~~~~~
  CC [M]  drivers/media/rc/keymaps/rc-pixelview-new.o
In file included from drivers/media/rc/keymaps/rc-pixelview-new.c:14:
./include/linux/module.h:132:6: warning: ‘init_module’ specifies less restrictive attribute than its target ‘init_rc_map_pixelview_new’: ‘cold’ [-Wmissing-attributes]
  132 |  int init_module(void) __attribute__((alias(#initfn)));
      |      ^~~~~~~~~~~
drivers/media/rc/keymaps/rc-pixelview-new.c:80:1: note: in expansion of macro ‘module_init’
   80 | module_init(init_rc_map_pixelview_new)
      | ^~~~~~~~~~~
drivers/media/rc/keymaps/rc-pixelview-new.c:70:19: note: ‘init_module’ target declared here
   70 | static int __init init_rc_map_pixelview_new(void)
      |                   ^~~~~~~~~~~~~~~~~~~~~~~~~
In file included from drivers/media/rc/keymaps/rc-pixelview-new.c:14:
./include/linux/module.h:138:7: warning: ‘cleanup_module’ specifies less restrictive attribute than its target ‘exit_rc_map_pixelview_new’: ‘cold’ [-Wmissing-attributes]
  138 |  void cleanup_module(void) __attribute__((alias(#exitfn)));
      |       ^~~~~~~~~~~~~~
drivers/media/rc/keymaps/rc-pixelview-new.c:81:1: note: in expansion of macro ‘module_exit’
   81 | module_exit(exit_rc_map_pixelview_new)
      | ^~~~~~~~~~~
drivers/media/rc/keymaps/rc-pixelview-new.c:75:20: note: ‘cleanup_module’ target declared here
   75 | static void __exit exit_rc_map_pixelview_new(void)
      |                    ^~~~~~~~~~~~~~~~~~~~~~~~~
  CC [M]  drivers/media/rc/keymaps/rc-powercolor-real-angel.o
In file included from drivers/media/rc/keymaps/rc-powercolor-real-angel.c:14:
./include/linux/module.h:132:6: warning: ‘init_module’ specifies less restrictive attribute than its target ‘init_rc_map_powercolor_real_angel’: ‘cold’ [-Wmissing-attributes]
  132 |  int init_module(void) __attribute__((alias(#initfn)));
      |      ^~~~~~~~~~~
drivers/media/rc/keymaps/rc-powercolor-real-angel.c:78:1: note: in expansion of macro ‘module_init’
   78 | module_init(init_rc_map_powercolor_real_angel)
      | ^~~~~~~~~~~
drivers/media/rc/keymaps/rc-powercolor-real-angel.c:68:19: note: ‘init_module’ target declared here
   68 | static int __init init_rc_map_powercolor_real_angel(void)
      |                   ^~~~~~~~~~~~~~~~~~~~~~~~~~~~~~~~~
In file included from drivers/media/rc/keymaps/rc-powercolor-real-angel.c:14:
./include/linux/module.h:138:7: warning: ‘cleanup_module’ specifies less restrictive attribute than its target ‘exit_rc_map_powercolor_real_angel’: ‘cold’ [-Wmissing-attributes]
  138 |  void cleanup_module(void) __attribute__((alias(#exitfn)));
      |       ^~~~~~~~~~~~~~
drivers/media/rc/keymaps/rc-powercolor-real-angel.c:79:1: note: in expansion of macro ‘module_exit’
   79 | module_exit(exit_rc_map_powercolor_real_angel)
      | ^~~~~~~~~~~
drivers/media/rc/keymaps/rc-powercolor-real-angel.c:73:20: note: ‘cleanup_module’ target declared here
   73 | static void __exit exit_rc_map_powercolor_real_angel(void)
      |                    ^~~~~~~~~~~~~~~~~~~~~~~~~~~~~~~~~
  CC [M]  drivers/media/rc/keymaps/rc-proteus-2309.o
In file included from drivers/media/rc/keymaps/rc-proteus-2309.c:14:
./include/linux/module.h:132:6: warning: ‘init_module’ specifies less restrictive attribute than its target ‘init_rc_map_proteus_2309’: ‘cold’ [-Wmissing-attributes]
  132 |  int init_module(void) __attribute__((alias(#initfn)));
      |      ^~~~~~~~~~~
drivers/media/rc/keymaps/rc-proteus-2309.c:66:1: note: in expansion of macro ‘module_init’
   66 | module_init(init_rc_map_proteus_2309)
      | ^~~~~~~~~~~
drivers/media/rc/keymaps/rc-proteus-2309.c:56:19: note: ‘init_module’ target declared here
   56 | static int __init init_rc_map_proteus_2309(void)
      |                   ^~~~~~~~~~~~~~~~~~~~~~~~
In file included from drivers/media/rc/keymaps/rc-proteus-2309.c:14:
./include/linux/module.h:138:7: warning: ‘cleanup_module’ specifies less restrictive attribute than its target ‘exit_rc_map_proteus_2309’: ‘cold’ [-Wmissing-attributes]
  138 |  void cleanup_module(void) __attribute__((alias(#exitfn)));
      |       ^~~~~~~~~~~~~~
drivers/media/rc/keymaps/rc-proteus-2309.c:67:1: note: in expansion of macro ‘module_exit’
   67 | module_exit(exit_rc_map_proteus_2309)
      | ^~~~~~~~~~~
drivers/media/rc/keymaps/rc-proteus-2309.c:61:20: note: ‘cleanup_module’ target declared here
   61 | static void __exit exit_rc_map_proteus_2309(void)
      |                    ^~~~~~~~~~~~~~~~~~~~~~~~
  CC [M]  drivers/media/rc/keymaps/rc-purpletv.o
In file included from drivers/media/rc/keymaps/rc-purpletv.c:14:
./include/linux/module.h:132:6: warning: ‘init_module’ specifies less restrictive attribute than its target ‘init_rc_map_purpletv’: ‘cold’ [-Wmissing-attributes]
  132 |  int init_module(void) __attribute__((alias(#initfn)));
      |      ^~~~~~~~~~~
drivers/media/rc/keymaps/rc-purpletv.c:78:1: note: in expansion of macro ‘module_init’
   78 | module_init(init_rc_map_purpletv)
      | ^~~~~~~~~~~
drivers/media/rc/keymaps/rc-purpletv.c:68:19: note: ‘init_module’ target declared here
   68 | static int __init init_rc_map_purpletv(void)
      |                   ^~~~~~~~~~~~~~~~~~~~
In file included from drivers/media/rc/keymaps/rc-purpletv.c:14:
./include/linux/module.h:138:7: warning: ‘cleanup_module’ specifies less restrictive attribute than its target ‘exit_rc_map_purpletv’: ‘cold’ [-Wmissing-attributes]
  138 |  void cleanup_module(void) __attribute__((alias(#exitfn)));
      |       ^~~~~~~~~~~~~~
drivers/media/rc/keymaps/rc-purpletv.c:79:1: note: in expansion of macro ‘module_exit’
   79 | module_exit(exit_rc_map_purpletv)
      | ^~~~~~~~~~~
drivers/media/rc/keymaps/rc-purpletv.c:73:20: note: ‘cleanup_module’ target declared here
   73 | static void __exit exit_rc_map_purpletv(void)
      |                    ^~~~~~~~~~~~~~~~~~~~
  CC [M]  drivers/media/rc/keymaps/rc-pv951.o
In file included from drivers/media/rc/keymaps/rc-pv951.c:14:
./include/linux/module.h:132:6: warning: ‘init_module’ specifies less restrictive attribute than its target ‘init_rc_map_pv951’: ‘cold’ [-Wmissing-attributes]
  132 |  int init_module(void) __attribute__((alias(#initfn)));
      |      ^~~~~~~~~~~
drivers/media/rc/keymaps/rc-pv951.c:75:1: note: in expansion of macro ‘module_init’
   75 | module_init(init_rc_map_pv951)
      | ^~~~~~~~~~~
drivers/media/rc/keymaps/rc-pv951.c:65:19: note: ‘init_module’ target declared here
   65 | static int __init init_rc_map_pv951(void)
      |                   ^~~~~~~~~~~~~~~~~
In file included from drivers/media/rc/keymaps/rc-pv951.c:14:
./include/linux/module.h:138:7: warning: ‘cleanup_module’ specifies less restrictive attribute than its target ‘exit_rc_map_pv951’: ‘cold’ [-Wmissing-attributes]
  138 |  void cleanup_module(void) __attribute__((alias(#exitfn)));
      |       ^~~~~~~~~~~~~~
drivers/media/rc/keymaps/rc-pv951.c:76:1: note: in expansion of macro ‘module_exit’
   76 | module_exit(exit_rc_map_pv951)
      | ^~~~~~~~~~~
drivers/media/rc/keymaps/rc-pv951.c:70:20: note: ‘cleanup_module’ target declared here
   70 | static void __exit exit_rc_map_pv951(void)
      |                    ^~~~~~~~~~~~~~~~~
  CC [M]  drivers/media/rc/keymaps/rc-hauppauge.o
In file included from drivers/media/rc/keymaps/rc-hauppauge.c:20:
./include/linux/module.h:132:6: warning: ‘init_module’ specifies less restrictive attribute than its target ‘init_rc_map_rc5_hauppauge_new’: ‘cold’ [-Wmissing-attributes]
  132 |  int init_module(void) __attribute__((alias(#initfn)));
      |      ^~~~~~~~~~~
drivers/media/rc/keymaps/rc-hauppauge.c:289:1: note: in expansion of macro ‘module_init’
  289 | module_init(init_rc_map_rc5_hauppauge_new)
      | ^~~~~~~~~~~
drivers/media/rc/keymaps/rc-hauppauge.c:279:19: note: ‘init_module’ target declared here
  279 | static int __init init_rc_map_rc5_hauppauge_new(void)
      |                   ^~~~~~~~~~~~~~~~~~~~~~~~~~~~~
In file included from drivers/media/rc/keymaps/rc-hauppauge.c:20:
./include/linux/module.h:138:7: warning: ‘cleanup_module’ specifies less restrictive attribute than its target ‘exit_rc_map_rc5_hauppauge_new’: ‘cold’ [-Wmissing-attributes]
  138 |  void cleanup_module(void) __attribute__((alias(#exitfn)));
      |       ^~~~~~~~~~~~~~
drivers/media/rc/keymaps/rc-hauppauge.c:290:1: note: in expansion of macro ‘module_exit’
  290 | module_exit(exit_rc_map_rc5_hauppauge_new)
      | ^~~~~~~~~~~
drivers/media/rc/keymaps/rc-hauppauge.c:284:20: note: ‘cleanup_module’ target declared here
  284 | static void __exit exit_rc_map_rc5_hauppauge_new(void)
      |                    ^~~~~~~~~~~~~~~~~~~~~~~~~~~~~
  CC [M]  drivers/media/rc/keymaps/rc-rc6-mce.o
In file included from drivers/media/rc/keymaps/rc-rc6-mce.c:16:
./include/linux/module.h:132:6: warning: ‘init_module’ specifies less restrictive attribute than its target ‘init_rc_map_rc6_mce’: ‘cold’ [-Wmissing-attributes]
  132 |  int init_module(void) __attribute__((alias(#initfn)));
      |      ^~~~~~~~~~~
drivers/media/rc/keymaps/rc-rc6-mce.c:115:1: note: in expansion of macro ‘module_init’
  115 | module_init(init_rc_map_rc6_mce)
      | ^~~~~~~~~~~
drivers/media/rc/keymaps/rc-rc6-mce.c:105:19: note: ‘init_module’ target declared here
  105 | static int __init init_rc_map_rc6_mce(void)
      |                   ^~~~~~~~~~~~~~~~~~~
In file included from drivers/media/rc/keymaps/rc-rc6-mce.c:16:
./include/linux/module.h:138:7: warning: ‘cleanup_module’ specifies less restrictive attribute than its target ‘exit_rc_map_rc6_mce’: ‘cold’ [-Wmissing-attributes]
  138 |  void cleanup_module(void) __attribute__((alias(#exitfn)));
      |       ^~~~~~~~~~~~~~
drivers/media/rc/keymaps/rc-rc6-mce.c:116:1: note: in expansion of macro ‘module_exit’
  116 | module_exit(exit_rc_map_rc6_mce)
      | ^~~~~~~~~~~
drivers/media/rc/keymaps/rc-rc6-mce.c:110:20: note: ‘cleanup_module’ target declared here
  110 | static void __exit exit_rc_map_rc6_mce(void)
      |                    ^~~~~~~~~~~~~~~~~~~
  CC [M]  drivers/media/rc/keymaps/rc-real-audio-220-32-keys.o
In file included from drivers/media/rc/keymaps/rc-real-audio-220-32-keys.c:14:
./include/linux/module.h:132:6: warning: ‘init_module’ specifies less restrictive attribute than its target ‘init_rc_map_real_audio_220_32_keys’: ‘cold’ [-Wmissing-attributes]
  132 |  int init_module(void) __attribute__((alias(#initfn)));
      |      ^~~~~~~~~~~
drivers/media/rc/keymaps/rc-real-audio-220-32-keys.c:75:1: note: in expansion of macro ‘module_init’
   75 | module_init(init_rc_map_real_audio_220_32_keys)
      | ^~~~~~~~~~~
drivers/media/rc/keymaps/rc-real-audio-220-32-keys.c:65:19: note: ‘init_module’ target declared here
   65 | static int __init init_rc_map_real_audio_220_32_keys(void)
      |                   ^~~~~~~~~~~~~~~~~~~~~~~~~~~~~~~~~~
In file included from drivers/media/rc/keymaps/rc-real-audio-220-32-keys.c:14:
./include/linux/module.h:138:7: warning: ‘cleanup_module’ specifies less restrictive attribute than its target ‘exit_rc_map_real_audio_220_32_keys’: ‘cold’ [-Wmissing-attributes]
  138 |  void cleanup_module(void) __attribute__((alias(#exitfn)));
      |       ^~~~~~~~~~~~~~
drivers/media/rc/keymaps/rc-real-audio-220-32-keys.c:76:1: note: in expansion of macro ‘module_exit’
   76 | module_exit(exit_rc_map_real_audio_220_32_keys)
      | ^~~~~~~~~~~
drivers/media/rc/keymaps/rc-real-audio-220-32-keys.c:70:20: note: ‘cleanup_module’ target declared here
   70 | static void __exit exit_rc_map_real_audio_220_32_keys(void)
      |                    ^~~~~~~~~~~~~~~~~~~~~~~~~~~~~~~~~~
  CC [M]  drivers/media/rc/keymaps/rc-reddo.o
In file included from drivers/media/rc/keymaps/rc-reddo.c:22:
./include/linux/module.h:132:6: warning: ‘init_module’ specifies less restrictive attribute than its target ‘init_rc_map_reddo’: ‘cold’ [-Wmissing-attributes]
  132 |  int init_module(void) __attribute__((alias(#initfn)));
      |      ^~~~~~~~~~~
drivers/media/rc/keymaps/rc-reddo.c:82:1: note: in expansion of macro ‘module_init’
   82 | module_init(init_rc_map_reddo)
      | ^~~~~~~~~~~
drivers/media/rc/keymaps/rc-reddo.c:72:19: note: ‘init_module’ target declared here
   72 | static int __init init_rc_map_reddo(void)
      |                   ^~~~~~~~~~~~~~~~~
In file included from drivers/media/rc/keymaps/rc-reddo.c:22:
./include/linux/module.h:138:7: warning: ‘cleanup_module’ specifies less restrictive attribute than its target ‘exit_rc_map_reddo’: ‘cold’ [-Wmissing-attributes]
  138 |  void cleanup_module(void) __attribute__((alias(#exitfn)));
      |       ^~~~~~~~~~~~~~
drivers/media/rc/keymaps/rc-reddo.c:83:1: note: in expansion of macro ‘module_exit’
   83 | module_exit(exit_rc_map_reddo)
      | ^~~~~~~~~~~
drivers/media/rc/keymaps/rc-reddo.c:77:20: note: ‘cleanup_module’ target declared here
   77 | static void __exit exit_rc_map_reddo(void)
      |                    ^~~~~~~~~~~~~~~~~
  CC [M]  drivers/media/rc/keymaps/rc-snapstream-firefly.o
In file included from drivers/media/rc/keymaps/rc-snapstream-firefly.c:21:
./include/linux/module.h:132:6: warning: ‘init_module’ specifies less restrictive attribute than its target ‘init_rc_map_snapstream_firefly’: ‘cold’ [-Wmissing-attributes]
  132 |  int init_module(void) __attribute__((alias(#initfn)));
      |      ^~~~~~~~~~~
drivers/media/rc/keymaps/rc-snapstream-firefly.c:103:1: note: in expansion of macro ‘module_init’
  103 | module_init(init_rc_map_snapstream_firefly)
      | ^~~~~~~~~~~
drivers/media/rc/keymaps/rc-snapstream-firefly.c:93:19: note: ‘init_module’ target declared here
   93 | static int __init init_rc_map_snapstream_firefly(void)
      |                   ^~~~~~~~~~~~~~~~~~~~~~~~~~~~~~
In file included from drivers/media/rc/keymaps/rc-snapstream-firefly.c:21:
./include/linux/module.h:138:7: warning: ‘cleanup_module’ specifies less restrictive attribute than its target ‘exit_rc_map_snapstream_firefly’: ‘cold’ [-Wmissing-attributes]
  138 |  void cleanup_module(void) __attribute__((alias(#exitfn)));
      |       ^~~~~~~~~~~~~~
drivers/media/rc/keymaps/rc-snapstream-firefly.c:104:1: note: in expansion of macro ‘module_exit’
  104 | module_exit(exit_rc_map_snapstream_firefly)
      | ^~~~~~~~~~~
drivers/media/rc/keymaps/rc-snapstream-firefly.c:98:20: note: ‘cleanup_module’ target declared here
   98 | static void __exit exit_rc_map_snapstream_firefly(void)
      |                    ^~~~~~~~~~~~~~~~~~~~~~~~~~~~~~
  CC [M]  drivers/media/rc/keymaps/rc-streamzap.o
In file included from drivers/media/rc/keymaps/rc-streamzap.c:13:
./include/linux/module.h:132:6: warning: ‘init_module’ specifies less restrictive attribute than its target ‘init_rc_map_streamzap’: ‘cold’ [-Wmissing-attributes]
  132 |  int init_module(void) __attribute__((alias(#initfn)));
      |      ^~~~~~~~~~~
drivers/media/rc/keymaps/rc-streamzap.c:77:1: note: in expansion of macro ‘module_init’
   77 | module_init(init_rc_map_streamzap)
      | ^~~~~~~~~~~
drivers/media/rc/keymaps/rc-streamzap.c:67:19: note: ‘init_module’ target declared here
   67 | static int __init init_rc_map_streamzap(void)
      |                   ^~~~~~~~~~~~~~~~~~~~~
In file included from drivers/media/rc/keymaps/rc-streamzap.c:13:
./include/linux/module.h:138:7: warning: ‘cleanup_module’ specifies less restrictive attribute than its target ‘exit_rc_map_streamzap’: ‘cold’ [-Wmissing-attributes]
  138 |  void cleanup_module(void) __attribute__((alias(#exitfn)));
      |       ^~~~~~~~~~~~~~
drivers/media/rc/keymaps/rc-streamzap.c:78:1: note: in expansion of macro ‘module_exit’
   78 | module_exit(exit_rc_map_streamzap)
      | ^~~~~~~~~~~
drivers/media/rc/keymaps/rc-streamzap.c:72:20: note: ‘cleanup_module’ target declared here
   72 | static void __exit exit_rc_map_streamzap(void)
      |                    ^~~~~~~~~~~~~~~~~~~~~
  CC [M]  drivers/media/rc/keymaps/rc-tbs-nec.o
In file included from drivers/media/rc/keymaps/rc-tbs-nec.c:14:
./include/linux/module.h:132:6: warning: ‘init_module’ specifies less restrictive attribute than its target ‘init_rc_map_tbs_nec’: ‘cold’ [-Wmissing-attributes]
  132 |  int init_module(void) __attribute__((alias(#initfn)));
      |      ^~~~~~~~~~~
drivers/media/rc/keymaps/rc-tbs-nec.c:72:1: note: in expansion of macro ‘module_init’
   72 | module_init(init_rc_map_tbs_nec)
      | ^~~~~~~~~~~
drivers/media/rc/keymaps/rc-tbs-nec.c:62:19: note: ‘init_module’ target declared here
   62 | static int __init init_rc_map_tbs_nec(void)
      |                   ^~~~~~~~~~~~~~~~~~~
In file included from drivers/media/rc/keymaps/rc-tbs-nec.c:14:
./include/linux/module.h:138:7: warning: ‘cleanup_module’ specifies less restrictive attribute than its target ‘exit_rc_map_tbs_nec’: ‘cold’ [-Wmissing-attributes]
  138 |  void cleanup_module(void) __attribute__((alias(#exitfn)));
      |       ^~~~~~~~~~~~~~
drivers/media/rc/keymaps/rc-tbs-nec.c:73:1: note: in expansion of macro ‘module_exit’
   73 | module_exit(exit_rc_map_tbs_nec)
      | ^~~~~~~~~~~
drivers/media/rc/keymaps/rc-tbs-nec.c:67:20: note: ‘cleanup_module’ target declared here
   67 | static void __exit exit_rc_map_tbs_nec(void)
      |                    ^~~~~~~~~~~~~~~~~~~
  CC [M]  drivers/media/rc/keymaps/rc-technisat-ts35.o
In file included from drivers/media/rc/keymaps/rc-technisat-ts35.c:12:
./include/linux/module.h:132:6: warning: ‘init_module’ specifies less restrictive attribute than its target ‘init_rc_map’: ‘cold’ [-Wmissing-attributes]
  132 |  int init_module(void) __attribute__((alias(#initfn)));
      |      ^~~~~~~~~~~
drivers/media/rc/keymaps/rc-technisat-ts35.c:73:1: note: in expansion of macro ‘module_init’
   73 | module_init(init_rc_map)
      | ^~~~~~~~~~~
drivers/media/rc/keymaps/rc-technisat-ts35.c:63:19: note: ‘init_module’ target declared here
   63 | static int __init init_rc_map(void)
      |                   ^~~~~~~~~~~
In file included from drivers/media/rc/keymaps/rc-technisat-ts35.c:12:
./include/linux/module.h:138:7: warning: ‘cleanup_module’ specifies less restrictive attribute than its target ‘exit_rc_map’: ‘cold’ [-Wmissing-attributes]
  138 |  void cleanup_module(void) __attribute__((alias(#exitfn)));
      |       ^~~~~~~~~~~~~~
drivers/media/rc/keymaps/rc-technisat-ts35.c:74:1: note: in expansion of macro ‘module_exit’
   74 | module_exit(exit_rc_map)
      | ^~~~~~~~~~~
drivers/media/rc/keymaps/rc-technisat-ts35.c:68:20: note: ‘cleanup_module’ target declared here
   68 | static void __exit exit_rc_map(void)
      |                    ^~~~~~~~~~~
  CC [M]  drivers/media/rc/keymaps/rc-technisat-usb2.o
In file included from drivers/media/rc/keymaps/rc-technisat-usb2.c:33:
./include/linux/module.h:132:6: warning: ‘init_module’ specifies less restrictive attribute than its target ‘init_rc_map’: ‘cold’ [-Wmissing-attributes]
  132 |  int init_module(void) __attribute__((alias(#initfn)));
      |      ^~~~~~~~~~~
drivers/media/rc/keymaps/rc-technisat-usb2.c:90:1: note: in expansion of macro ‘module_init’
   90 | module_init(init_rc_map)
      | ^~~~~~~~~~~
drivers/media/rc/keymaps/rc-technisat-usb2.c:80:19: note: ‘init_module’ target declared here
   80 | static int __init init_rc_map(void)
      |                   ^~~~~~~~~~~
In file included from drivers/media/rc/keymaps/rc-technisat-usb2.c:33:
./include/linux/module.h:138:7: warning: ‘cleanup_module’ specifies less restrictive attribute than its target ‘exit_rc_map’: ‘cold’ [-Wmissing-attributes]
  138 |  void cleanup_module(void) __attribute__((alias(#exitfn)));
      |       ^~~~~~~~~~~~~~
drivers/media/rc/keymaps/rc-technisat-usb2.c:91:1: note: in expansion of macro ‘module_exit’
   91 | module_exit(exit_rc_map)
      | ^~~~~~~~~~~
drivers/media/rc/keymaps/rc-technisat-usb2.c:85:20: note: ‘cleanup_module’ target declared here
   85 | static void __exit exit_rc_map(void)
      |                    ^~~~~~~~~~~
  CC [M]  drivers/media/rc/keymaps/rc-terratec-cinergy-c-pci.o
In file included from drivers/media/rc/keymaps/rc-terratec-cinergy-c-pci.c:12:
./include/linux/module.h:132:6: warning: ‘init_module’ specifies less restrictive attribute than its target ‘init_rc_map_terratec_cinergy_c_pci’: ‘cold’ [-Wmissing-attributes]
  132 |  int init_module(void) __attribute__((alias(#initfn)));
      |      ^~~~~~~~~~~
drivers/media/rc/keymaps/rc-terratec-cinergy-c-pci.c:85:1: note: in expansion of macro ‘module_init’
   85 | module_init(init_rc_map_terratec_cinergy_c_pci);
      | ^~~~~~~~~~~
drivers/media/rc/keymaps/rc-terratec-cinergy-c-pci.c:75:19: note: ‘init_module’ target declared here
   75 | static int __init init_rc_map_terratec_cinergy_c_pci(void)
      |                   ^~~~~~~~~~~~~~~~~~~~~~~~~~~~~~~~~~
In file included from drivers/media/rc/keymaps/rc-terratec-cinergy-c-pci.c:12:
./include/linux/module.h:138:7: warning: ‘cleanup_module’ specifies less restrictive attribute than its target ‘exit_rc_map_terratec_cinergy_c_pci’: ‘cold’ [-Wmissing-attributes]
  138 |  void cleanup_module(void) __attribute__((alias(#exitfn)));
      |       ^~~~~~~~~~~~~~
drivers/media/rc/keymaps/rc-terratec-cinergy-c-pci.c:86:1: note: in expansion of macro ‘module_exit’
   86 | module_exit(exit_rc_map_terratec_cinergy_c_pci);
      | ^~~~~~~~~~~
drivers/media/rc/keymaps/rc-terratec-cinergy-c-pci.c:80:20: note: ‘cleanup_module’ target declared here
   80 | static void __exit exit_rc_map_terratec_cinergy_c_pci(void)
      |                    ^~~~~~~~~~~~~~~~~~~~~~~~~~~~~~~~~~
  CC [M]  drivers/media/rc/keymaps/rc-terratec-cinergy-s2-hd.o
In file included from drivers/media/rc/keymaps/rc-terratec-cinergy-s2-hd.c:10:
./include/linux/module.h:132:6: warning: ‘init_module’ specifies less restrictive attribute than its target ‘init_rc_map_terratec_cinergy_s2_hd’: ‘cold’ [-Wmissing-attributes]
  132 |  int init_module(void) __attribute__((alias(#initfn)));
      |      ^~~~~~~~~~~
drivers/media/rc/keymaps/rc-terratec-cinergy-s2-hd.c:83:1: note: in expansion of macro ‘module_init’
   83 | module_init(init_rc_map_terratec_cinergy_s2_hd);
      | ^~~~~~~~~~~
drivers/media/rc/keymaps/rc-terratec-cinergy-s2-hd.c:73:19: note: ‘init_module’ target declared here
   73 | static int __init init_rc_map_terratec_cinergy_s2_hd(void)
      |                   ^~~~~~~~~~~~~~~~~~~~~~~~~~~~~~~~~~
In file included from drivers/media/rc/keymaps/rc-terratec-cinergy-s2-hd.c:10:
./include/linux/module.h:138:7: warning: ‘cleanup_module’ specifies less restrictive attribute than its target ‘exit_rc_map_terratec_cinergy_s2_hd’: ‘cold’ [-Wmissing-attributes]
  138 |  void cleanup_module(void) __attribute__((alias(#exitfn)));
      |       ^~~~~~~~~~~~~~
drivers/media/rc/keymaps/rc-terratec-cinergy-s2-hd.c:84:1: note: in expansion of macro ‘module_exit’
   84 | module_exit(exit_rc_map_terratec_cinergy_s2_hd);
      | ^~~~~~~~~~~
drivers/media/rc/keymaps/rc-terratec-cinergy-s2-hd.c:78:20: note: ‘cleanup_module’ target declared here
   78 | static void __exit exit_rc_map_terratec_cinergy_s2_hd(void)
      |                    ^~~~~~~~~~~~~~~~~~~~~~~~~~~~~~~~~~
  CC [M]  drivers/media/rc/keymaps/rc-terratec-cinergy-xs.o
In file included from drivers/media/rc/keymaps/rc-terratec-cinergy-xs.c:14:
./include/linux/module.h:132:6: warning: ‘init_module’ specifies less restrictive attribute than its target ‘init_rc_map_terratec_cinergy_xs’: ‘cold’ [-Wmissing-attributes]
  132 |  int init_module(void) __attribute__((alias(#initfn)));
      |      ^~~~~~~~~~~
drivers/media/rc/keymaps/rc-terratec-cinergy-xs.c:89:1: note: in expansion of macro ‘module_init’
   89 | module_init(init_rc_map_terratec_cinergy_xs)
      | ^~~~~~~~~~~
drivers/media/rc/keymaps/rc-terratec-cinergy-xs.c:79:19: note: ‘init_module’ target declared here
   79 | static int __init init_rc_map_terratec_cinergy_xs(void)
      |                   ^~~~~~~~~~~~~~~~~~~~~~~~~~~~~~~
In file included from drivers/media/rc/keymaps/rc-terratec-cinergy-xs.c:14:
./include/linux/module.h:138:7: warning: ‘cleanup_module’ specifies less restrictive attribute than its target ‘exit_rc_map_terratec_cinergy_xs’: ‘cold’ [-Wmissing-attributes]
  138 |  void cleanup_module(void) __attribute__((alias(#exitfn)));
      |       ^~~~~~~~~~~~~~
drivers/media/rc/keymaps/rc-terratec-cinergy-xs.c:90:1: note: in expansion of macro ‘module_exit’
   90 | module_exit(exit_rc_map_terratec_cinergy_xs)
      | ^~~~~~~~~~~
drivers/media/rc/keymaps/rc-terratec-cinergy-xs.c:84:20: note: ‘cleanup_module’ target declared here
   84 | static void __exit exit_rc_map_terratec_cinergy_xs(void)
      |                    ^~~~~~~~~~~~~~~~~~~~~~~~~~~~~~~
  CC [M]  drivers/media/rc/keymaps/rc-terratec-slim.o
In file included from drivers/media/rc/keymaps/rc-terratec-slim.c:22:
./include/linux/module.h:132:6: warning: ‘init_module’ specifies less restrictive attribute than its target ‘init_rc_map_terratec_slim’: ‘cold’ [-Wmissing-attributes]
  132 |  int init_module(void) __attribute__((alias(#initfn)));
      |      ^~~~~~~~~~~
drivers/media/rc/keymaps/rc-terratec-slim.c:76:1: note: in expansion of macro ‘module_init’
   76 | module_init(init_rc_map_terratec_slim)
      | ^~~~~~~~~~~
drivers/media/rc/keymaps/rc-terratec-slim.c:66:19: note: ‘init_module’ target declared here
   66 | static int __init init_rc_map_terratec_slim(void)
      |                   ^~~~~~~~~~~~~~~~~~~~~~~~~
In file included from drivers/media/rc/keymaps/rc-terratec-slim.c:22:
./include/linux/module.h:138:7: warning: ‘cleanup_module’ specifies less restrictive attribute than its target ‘exit_rc_map_terratec_slim’: ‘cold’ [-Wmissing-attributes]
  138 |  void cleanup_module(void) __attribute__((alias(#exitfn)));
      |       ^~~~~~~~~~~~~~
drivers/media/rc/keymaps/rc-terratec-slim.c:77:1: note: in expansion of macro ‘module_exit’
   77 | module_exit(exit_rc_map_terratec_slim)
      | ^~~~~~~~~~~
drivers/media/rc/keymaps/rc-terratec-slim.c:71:20: note: ‘cleanup_module’ target declared here
   71 | static void __exit exit_rc_map_terratec_slim(void)
      |                    ^~~~~~~~~~~~~~~~~~~~~~~~~
  CC [M]  drivers/media/rc/keymaps/rc-terratec-slim-2.o
In file included from drivers/media/rc/keymaps/rc-terratec-slim-2.c:23:
./include/linux/module.h:132:6: warning: ‘init_module’ specifies less restrictive attribute than its target ‘init_rc_map_terratec_slim_2’: ‘cold’ [-Wmissing-attributes]
  132 |  int init_module(void) __attribute__((alias(#initfn)));
      |      ^~~~~~~~~~~
drivers/media/rc/keymaps/rc-terratec-slim-2.c:69:1: note: in expansion of macro ‘module_init’
   69 | module_init(init_rc_map_terratec_slim_2)
      | ^~~~~~~~~~~
drivers/media/rc/keymaps/rc-terratec-slim-2.c:59:19: note: ‘init_module’ target declared here
   59 | static int __init init_rc_map_terratec_slim_2(void)
      |                   ^~~~~~~~~~~~~~~~~~~~~~~~~~~
In file included from drivers/media/rc/keymaps/rc-terratec-slim-2.c:23:
./include/linux/module.h:138:7: warning: ‘cleanup_module’ specifies less restrictive attribute than its target ‘exit_rc_map_terratec_slim_2’: ‘cold’ [-Wmissing-attributes]
  138 |  void cleanup_module(void) __attribute__((alias(#exitfn)));
      |       ^~~~~~~~~~~~~~
drivers/media/rc/keymaps/rc-terratec-slim-2.c:70:1: note: in expansion of macro ‘module_exit’
   70 | module_exit(exit_rc_map_terratec_slim_2)
      | ^~~~~~~~~~~
drivers/media/rc/keymaps/rc-terratec-slim-2.c:64:20: note: ‘cleanup_module’ target declared here
   64 | static void __exit exit_rc_map_terratec_slim_2(void)
      |                    ^~~~~~~~~~~~~~~~~~~~~~~~~~~
  CC [M]  drivers/media/rc/keymaps/rc-tevii-nec.o
In file included from drivers/media/rc/keymaps/rc-tevii-nec.c:14:
./include/linux/module.h:132:6: warning: ‘init_module’ specifies less restrictive attribute than its target ‘init_rc_map_tevii_nec’: ‘cold’ [-Wmissing-attributes]
  132 |  int init_module(void) __attribute__((alias(#initfn)));
      |      ^~~~~~~~~~~
drivers/media/rc/keymaps/rc-tevii-nec.c:85:1: note: in expansion of macro ‘module_init’
   85 | module_init(init_rc_map_tevii_nec)
      | ^~~~~~~~~~~
drivers/media/rc/keymaps/rc-tevii-nec.c:75:19: note: ‘init_module’ target declared here
   75 | static int __init init_rc_map_tevii_nec(void)
      |                   ^~~~~~~~~~~~~~~~~~~~~
In file included from drivers/media/rc/keymaps/rc-tevii-nec.c:14:
./include/linux/module.h:138:7: warning: ‘cleanup_module’ specifies less restrictive attribute than its target ‘exit_rc_map_tevii_nec’: ‘cold’ [-Wmissing-attributes]
  138 |  void cleanup_module(void) __attribute__((alias(#exitfn)));
      |       ^~~~~~~~~~~~~~
drivers/media/rc/keymaps/rc-tevii-nec.c:86:1: note: in expansion of macro ‘module_exit’
   86 | module_exit(exit_rc_map_tevii_nec)
      | ^~~~~~~~~~~
drivers/media/rc/keymaps/rc-tevii-nec.c:80:20: note: ‘cleanup_module’ target declared here
   80 | static void __exit exit_rc_map_tevii_nec(void)
      |                    ^~~~~~~~~~~~~~~~~~~~~
  CC [M]  drivers/media/rc/keymaps/rc-tivo.o
In file included from drivers/media/rc/keymaps/rc-tivo.c:12:
./include/linux/module.h:132:6: warning: ‘init_module’ specifies less restrictive attribute than its target ‘init_rc_map_tivo’: ‘cold’ [-Wmissing-attributes]
  132 |  int init_module(void) __attribute__((alias(#initfn)));
      |      ^~~~~~~~~~~
drivers/media/rc/keymaps/rc-tivo.c:95:1: note: in expansion of macro ‘module_init’
   95 | module_init(init_rc_map_tivo)
      | ^~~~~~~~~~~
drivers/media/rc/keymaps/rc-tivo.c:85:19: note: ‘init_module’ target declared here
   85 | static int __init init_rc_map_tivo(void)
      |                   ^~~~~~~~~~~~~~~~
In file included from drivers/media/rc/keymaps/rc-tivo.c:12:
./include/linux/module.h:138:7: warning: ‘cleanup_module’ specifies less restrictive attribute than its target ‘exit_rc_map_tivo’: ‘cold’ [-Wmissing-attributes]
  138 |  void cleanup_module(void) __attribute__((alias(#exitfn)));
      |       ^~~~~~~~~~~~~~
drivers/media/rc/keymaps/rc-tivo.c:96:1: note: in expansion of macro ‘module_exit’
   96 | module_exit(exit_rc_map_tivo)
      | ^~~~~~~~~~~
drivers/media/rc/keymaps/rc-tivo.c:90:20: note: ‘cleanup_module’ target declared here
   90 | static void __exit exit_rc_map_tivo(void)
      |                    ^~~~~~~~~~~~~~~~
  CC [M]  drivers/media/rc/keymaps/rc-total-media-in-hand.o
In file included from drivers/media/rc/keymaps/rc-total-media-in-hand.c:22:
./include/linux/module.h:132:6: warning: ‘init_module’ specifies less restrictive attribute than its target ‘init_rc_map_total_media_in_hand’: ‘cold’ [-Wmissing-attributes]
  132 |  int init_module(void) __attribute__((alias(#initfn)));
      |      ^~~~~~~~~~~
drivers/media/rc/keymaps/rc-total-media-in-hand.c:82:1: note: in expansion of macro ‘module_init’
   82 | module_init(init_rc_map_total_media_in_hand)
      | ^~~~~~~~~~~
drivers/media/rc/keymaps/rc-total-media-in-hand.c:72:19: note: ‘init_module’ target declared here
   72 | static int __init init_rc_map_total_media_in_hand(void)
      |                   ^~~~~~~~~~~~~~~~~~~~~~~~~~~~~~~
In file included from drivers/media/rc/keymaps/rc-total-media-in-hand.c:22:
./include/linux/module.h:138:7: warning: ‘cleanup_module’ specifies less restrictive attribute than its target ‘exit_rc_map_total_media_in_hand’: ‘cold’ [-Wmissing-attributes]
  138 |  void cleanup_module(void) __attribute__((alias(#exitfn)));
      |       ^~~~~~~~~~~~~~
drivers/media/rc/keymaps/rc-total-media-in-hand.c:83:1: note: in expansion of macro ‘module_exit’
   83 | module_exit(exit_rc_map_total_media_in_hand)
      | ^~~~~~~~~~~
drivers/media/rc/keymaps/rc-total-media-in-hand.c:77:20: note: ‘cleanup_module’ target declared here
   77 | static void __exit exit_rc_map_total_media_in_hand(void)
      |                    ^~~~~~~~~~~~~~~~~~~~~~~~~~~~~~~
  CC [M]  drivers/media/rc/keymaps/rc-total-media-in-hand-02.o
In file included from drivers/media/rc/keymaps/rc-total-media-in-hand-02.c:22:
./include/linux/module.h:132:6: warning: ‘init_module’ specifies less restrictive attribute than its target ‘init_rc_map_total_media_in_hand_02’: ‘cold’ [-Wmissing-attributes]
  132 |  int init_module(void) __attribute__((alias(#initfn)));
      |      ^~~~~~~~~~~
drivers/media/rc/keymaps/rc-total-media-in-hand-02.c:82:1: note: in expansion of macro ‘module_init’
   82 | module_init(init_rc_map_total_media_in_hand_02)
      | ^~~~~~~~~~~
drivers/media/rc/keymaps/rc-total-media-in-hand-02.c:72:19: note: ‘init_module’ target declared here
   72 | static int __init init_rc_map_total_media_in_hand_02(void)
      |                   ^~~~~~~~~~~~~~~~~~~~~~~~~~~~~~~~~~
In file included from drivers/media/rc/keymaps/rc-total-media-in-hand-02.c:22:
./include/linux/module.h:138:7: warning: ‘cleanup_module’ specifies less restrictive attribute than its target ‘exit_rc_map_total_media_in_hand_02’: ‘cold’ [-Wmissing-attributes]
  138 |  void cleanup_module(void) __attribute__((alias(#exitfn)));
      |       ^~~~~~~~~~~~~~
drivers/media/rc/keymaps/rc-total-media-in-hand-02.c:83:1: note: in expansion of macro ‘module_exit’
   83 | module_exit(exit_rc_map_total_media_in_hand_02)
      | ^~~~~~~~~~~
drivers/media/rc/keymaps/rc-total-media-in-hand-02.c:77:20: note: ‘cleanup_module’ target declared here
   77 | static void __exit exit_rc_map_total_media_in_hand_02(void)
      |                    ^~~~~~~~~~~~~~~~~~~~~~~~~~~~~~~~~~
  CC [M]  drivers/media/rc/keymaps/rc-trekstor.o
In file included from drivers/media/rc/keymaps/rc-trekstor.c:22:
./include/linux/module.h:132:6: warning: ‘init_module’ specifies less restrictive attribute than its target ‘init_rc_map_trekstor’: ‘cold’ [-Wmissing-attributes]
  132 |  int init_module(void) __attribute__((alias(#initfn)));
      |      ^~~~~~~~~~~
drivers/media/rc/keymaps/rc-trekstor.c:77:1: note: in expansion of macro ‘module_init’
   77 | module_init(init_rc_map_trekstor)
      | ^~~~~~~~~~~
drivers/media/rc/keymaps/rc-trekstor.c:67:19: note: ‘init_module’ target declared here
   67 | static int __init init_rc_map_trekstor(void)
      |                   ^~~~~~~~~~~~~~~~~~~~
In file included from drivers/media/rc/keymaps/rc-trekstor.c:22:
./include/linux/module.h:138:7: warning: ‘cleanup_module’ specifies less restrictive attribute than its target ‘exit_rc_map_trekstor’: ‘cold’ [-Wmissing-attributes]
  138 |  void cleanup_module(void) __attribute__((alias(#exitfn)));
      |       ^~~~~~~~~~~~~~
drivers/media/rc/keymaps/rc-trekstor.c:78:1: note: in expansion of macro ‘module_exit’
   78 | module_exit(exit_rc_map_trekstor)
      | ^~~~~~~~~~~
drivers/media/rc/keymaps/rc-trekstor.c:72:20: note: ‘cleanup_module’ target declared here
   72 | static void __exit exit_rc_map_trekstor(void)
      |                    ^~~~~~~~~~~~~~~~~~~~
  CC [M]  drivers/media/rc/keymaps/rc-tt-1500.o
In file included from drivers/media/rc/keymaps/rc-tt-1500.c:14:
./include/linux/module.h:132:6: warning: ‘init_module’ specifies less restrictive attribute than its target ‘init_rc_map_tt_1500’: ‘cold’ [-Wmissing-attributes]
  132 |  int init_module(void) __attribute__((alias(#initfn)));
      |      ^~~~~~~~~~~
drivers/media/rc/keymaps/rc-tt-1500.c:79:1: note: in expansion of macro ‘module_init’
   79 | module_init(init_rc_map_tt_1500)
      | ^~~~~~~~~~~
drivers/media/rc/keymaps/rc-tt-1500.c:69:19: note: ‘init_module’ target declared here
   69 | static int __init init_rc_map_tt_1500(void)
      |                   ^~~~~~~~~~~~~~~~~~~
In file included from drivers/media/rc/keymaps/rc-tt-1500.c:14:
./include/linux/module.h:138:7: warning: ‘cleanup_module’ specifies less restrictive attribute than its target ‘exit_rc_map_tt_1500’: ‘cold’ [-Wmissing-attributes]
  138 |  void cleanup_module(void) __attribute__((alias(#exitfn)));
      |       ^~~~~~~~~~~~~~
drivers/media/rc/keymaps/rc-tt-1500.c:80:1: note: in expansion of macro ‘module_exit’
   80 | module_exit(exit_rc_map_tt_1500)
      | ^~~~~~~~~~~
drivers/media/rc/keymaps/rc-tt-1500.c:74:20: note: ‘cleanup_module’ target declared here
   74 | static void __exit exit_rc_map_tt_1500(void)
      |                    ^~~~~~~~~~~~~~~~~~~
  CC [M]  drivers/media/rc/keymaps/rc-twinhan-dtv-cab-ci.o
In file included from drivers/media/rc/keymaps/rc-twinhan-dtv-cab-ci.c:12:
./include/linux/module.h:132:6: warning: ‘init_module’ specifies less restrictive attribute than its target ‘init_rc_map_twinhan_dtv_cab_ci’: ‘cold’ [-Wmissing-attributes]
  132 |  int init_module(void) __attribute__((alias(#initfn)));
      |      ^~~~~~~~~~~
drivers/media/rc/keymaps/rc-twinhan-dtv-cab-ci.c:95:1: note: in expansion of macro ‘module_init’
   95 | module_init(init_rc_map_twinhan_dtv_cab_ci);
      | ^~~~~~~~~~~
drivers/media/rc/keymaps/rc-twinhan-dtv-cab-ci.c:85:19: note: ‘init_module’ target declared here
   85 | static int __init init_rc_map_twinhan_dtv_cab_ci(void)
      |                   ^~~~~~~~~~~~~~~~~~~~~~~~~~~~~~
In file included from drivers/media/rc/keymaps/rc-twinhan-dtv-cab-ci.c:12:
./include/linux/module.h:138:7: warning: ‘cleanup_module’ specifies less restrictive attribute than its target ‘exit_rc_map_twinhan_dtv_cab_ci’: ‘cold’ [-Wmissing-attributes]
  138 |  void cleanup_module(void) __attribute__((alias(#exitfn)));
      |       ^~~~~~~~~~~~~~
drivers/media/rc/keymaps/rc-twinhan-dtv-cab-ci.c:96:1: note: in expansion of macro ‘module_exit’
   96 | module_exit(exit_rc_map_twinhan_dtv_cab_ci);
      | ^~~~~~~~~~~
drivers/media/rc/keymaps/rc-twinhan-dtv-cab-ci.c:90:20: note: ‘cleanup_module’ target declared here
   90 | static void __exit exit_rc_map_twinhan_dtv_cab_ci(void)
      |                    ^~~~~~~~~~~~~~~~~~~~~~~~~~~~~~
  CC [M]  drivers/media/rc/keymaps/rc-twinhan1027.o
In file included from drivers/media/rc/keymaps/rc-twinhan1027.c:2:
./include/linux/module.h:132:6: warning: ‘init_module’ specifies less restrictive attribute than its target ‘init_rc_map_twinhan_vp1027’: ‘cold’ [-Wmissing-attributes]
  132 |  int init_module(void) __attribute__((alias(#initfn)));
      |      ^~~~~~~~~~~
drivers/media/rc/keymaps/rc-twinhan1027.c:84:1: note: in expansion of macro ‘module_init’
   84 | module_init(init_rc_map_twinhan_vp1027)
      | ^~~~~~~~~~~
drivers/media/rc/keymaps/rc-twinhan1027.c:74:19: note: ‘init_module’ target declared here
   74 | static int __init init_rc_map_twinhan_vp1027(void)
      |                   ^~~~~~~~~~~~~~~~~~~~~~~~~~
In file included from drivers/media/rc/keymaps/rc-twinhan1027.c:2:
./include/linux/module.h:138:7: warning: ‘cleanup_module’ specifies less restrictive attribute than its target ‘exit_rc_map_twinhan_vp1027’: ‘cold’ [-Wmissing-attributes]
  138 |  void cleanup_module(void) __attribute__((alias(#exitfn)));
      |       ^~~~~~~~~~~~~~
drivers/media/rc/keymaps/rc-twinhan1027.c:85:1: note: in expansion of macro ‘module_exit’
   85 | module_exit(exit_rc_map_twinhan_vp1027)
      | ^~~~~~~~~~~
drivers/media/rc/keymaps/rc-twinhan1027.c:79:20: note: ‘cleanup_module’ target declared here
   79 | static void __exit exit_rc_map_twinhan_vp1027(void)
      |                    ^~~~~~~~~~~~~~~~~~~~~~~~~~
  CC [M]  drivers/media/rc/keymaps/rc-videomate-m1f.o
In file included from drivers/media/rc/keymaps/rc-videomate-m1f.c:14:
./include/linux/module.h:132:6: warning: ‘init_module’ specifies less restrictive attribute than its target ‘init_rc_map_videomate_k100’: ‘cold’ [-Wmissing-attributes]
  132 |  int init_module(void) __attribute__((alias(#initfn)));
      |      ^~~~~~~~~~~
drivers/media/rc/keymaps/rc-videomate-m1f.c:89:1: note: in expansion of macro ‘module_init’
   89 | module_init(init_rc_map_videomate_k100)
      | ^~~~~~~~~~~
drivers/media/rc/keymaps/rc-videomate-m1f.c:79:19: note: ‘init_module’ target declared here
   79 | static int __init init_rc_map_videomate_k100(void)
      |                   ^~~~~~~~~~~~~~~~~~~~~~~~~~
In file included from drivers/media/rc/keymaps/rc-videomate-m1f.c:14:
./include/linux/module.h:138:7: warning: ‘cleanup_module’ specifies less restrictive attribute than its target ‘exit_rc_map_videomate_k100’: ‘cold’ [-Wmissing-attributes]
  138 |  void cleanup_module(void) __attribute__((alias(#exitfn)));
      |       ^~~~~~~~~~~~~~
drivers/media/rc/keymaps/rc-videomate-m1f.c:90:1: note: in expansion of macro ‘module_exit’
   90 | module_exit(exit_rc_map_videomate_k100)
      | ^~~~~~~~~~~
drivers/media/rc/keymaps/rc-videomate-m1f.c:84:20: note: ‘cleanup_module’ target declared here
   84 | static void __exit exit_rc_map_videomate_k100(void)
      |                    ^~~~~~~~~~~~~~~~~~~~~~~~~~
  CC [M]  drivers/media/rc/keymaps/rc-videomate-s350.o
In file included from drivers/media/rc/keymaps/rc-videomate-s350.c:14:
./include/linux/module.h:132:6: warning: ‘init_module’ specifies less restrictive attribute than its target ‘init_rc_map_videomate_s350’: ‘cold’ [-Wmissing-attributes]
  132 |  int init_module(void) __attribute__((alias(#initfn)));
      |      ^~~~~~~~~~~
drivers/media/rc/keymaps/rc-videomate-s350.c:82:1: note: in expansion of macro ‘module_init’
   82 | module_init(init_rc_map_videomate_s350)
      | ^~~~~~~~~~~
drivers/media/rc/keymaps/rc-videomate-s350.c:72:19: note: ‘init_module’ target declared here
   72 | static int __init init_rc_map_videomate_s350(void)
      |                   ^~~~~~~~~~~~~~~~~~~~~~~~~~
In file included from drivers/media/rc/keymaps/rc-videomate-s350.c:14:
./include/linux/module.h:138:7: warning: ‘cleanup_module’ specifies less restrictive attribute than its target ‘exit_rc_map_videomate_s350’: ‘cold’ [-Wmissing-attributes]
  138 |  void cleanup_module(void) __attribute__((alias(#exitfn)));
      |       ^~~~~~~~~~~~~~
drivers/media/rc/keymaps/rc-videomate-s350.c:83:1: note: in expansion of macro ‘module_exit’
   83 | module_exit(exit_rc_map_videomate_s350)
      | ^~~~~~~~~~~
drivers/media/rc/keymaps/rc-videomate-s350.c:77:20: note: ‘cleanup_module’ target declared here
   77 | static void __exit exit_rc_map_videomate_s350(void)
      |                    ^~~~~~~~~~~~~~~~~~~~~~~~~~
  CC [M]  drivers/media/rc/keymaps/rc-videomate-tv-pvr.o
In file included from drivers/media/rc/keymaps/rc-videomate-tv-pvr.c:14:
./include/linux/module.h:132:6: warning: ‘init_module’ specifies less restrictive attribute than its target ‘init_rc_map_videomate_tv_pvr’: ‘cold’ [-Wmissing-attributes]
  132 |  int init_module(void) __attribute__((alias(#initfn)));
      |      ^~~~~~~~~~~
drivers/media/rc/keymaps/rc-videomate-tv-pvr.c:84:1: note: in expansion of macro ‘module_init’
   84 | module_init(init_rc_map_videomate_tv_pvr)
      | ^~~~~~~~~~~
drivers/media/rc/keymaps/rc-videomate-tv-pvr.c:74:19: note: ‘init_module’ target declared here
   74 | static int __init init_rc_map_videomate_tv_pvr(void)
      |                   ^~~~~~~~~~~~~~~~~~~~~~~~~~~~
In file included from drivers/media/rc/keymaps/rc-videomate-tv-pvr.c:14:
./include/linux/module.h:138:7: warning: ‘cleanup_module’ specifies less restrictive attribute than its target ‘exit_rc_map_videomate_tv_pvr’: ‘cold’ [-Wmissing-attributes]
  138 |  void cleanup_module(void) __attribute__((alias(#exitfn)));
      |       ^~~~~~~~~~~~~~
drivers/media/rc/keymaps/rc-videomate-tv-pvr.c:85:1: note: in expansion of macro ‘module_exit’
   85 | module_exit(exit_rc_map_videomate_tv_pvr)
      | ^~~~~~~~~~~
drivers/media/rc/keymaps/rc-videomate-tv-pvr.c:79:20: note: ‘cleanup_module’ target declared here
   79 | static void __exit exit_rc_map_videomate_tv_pvr(void)
      |                    ^~~~~~~~~~~~~~~~~~~~~~~~~~~~
  CC [M]  drivers/media/rc/keymaps/rc-winfast.o
In file included from drivers/media/rc/keymaps/rc-winfast.c:14:
./include/linux/module.h:132:6: warning: ‘init_module’ specifies less restrictive attribute than its target ‘init_rc_map_winfast’: ‘cold’ [-Wmissing-attributes]
  132 |  int init_module(void) __attribute__((alias(#initfn)));
      |      ^~~~~~~~~~~
drivers/media/rc/keymaps/rc-winfast.c:99:1: note: in expansion of macro ‘module_init’
   99 | module_init(init_rc_map_winfast)
      | ^~~~~~~~~~~
drivers/media/rc/keymaps/rc-winfast.c:89:19: note: ‘init_module’ target declared here
   89 | static int __init init_rc_map_winfast(void)
      |                   ^~~~~~~~~~~~~~~~~~~
In file included from drivers/media/rc/keymaps/rc-winfast.c:14:
./include/linux/module.h:138:7: warning: ‘cleanup_module’ specifies less restrictive attribute than its target ‘exit_rc_map_winfast’: ‘cold’ [-Wmissing-attributes]
  138 |  void cleanup_module(void) __attribute__((alias(#exitfn)));
      |       ^~~~~~~~~~~~~~
drivers/media/rc/keymaps/rc-winfast.c:100:1: note: in expansion of macro ‘module_exit’
  100 | module_exit(exit_rc_map_winfast)
      | ^~~~~~~~~~~
drivers/media/rc/keymaps/rc-winfast.c:94:20: note: ‘cleanup_module’ target declared here
   94 | static void __exit exit_rc_map_winfast(void)
      |                    ^~~~~~~~~~~~~~~~~~~
  CC [M]  drivers/media/rc/keymaps/rc-winfast-usbii-deluxe.o
In file included from drivers/media/rc/keymaps/rc-winfast-usbii-deluxe.c:14:
./include/linux/module.h:132:6: warning: ‘init_module’ specifies less restrictive attribute than its target ‘init_rc_map_winfast_usbii_deluxe’: ‘cold’ [-Wmissing-attributes]
  132 |  int init_module(void) __attribute__((alias(#initfn)));
      |      ^~~~~~~~~~~
drivers/media/rc/keymaps/rc-winfast-usbii-deluxe.c:79:1: note: in expansion of macro ‘module_init’
   79 | module_init(init_rc_map_winfast_usbii_deluxe)
      | ^~~~~~~~~~~
drivers/media/rc/keymaps/rc-winfast-usbii-deluxe.c:69:19: note: ‘init_module’ target declared here
   69 | static int __init init_rc_map_winfast_usbii_deluxe(void)
      |                   ^~~~~~~~~~~~~~~~~~~~~~~~~~~~~~~~
In file included from drivers/media/rc/keymaps/rc-winfast-usbii-deluxe.c:14:
./include/linux/module.h:138:7: warning: ‘cleanup_module’ specifies less restrictive attribute than its target ‘exit_rc_map_winfast_usbii_deluxe’: ‘cold’ [-Wmissing-attributes]
  138 |  void cleanup_module(void) __attribute__((alias(#exitfn)));
      |       ^~~~~~~~~~~~~~
drivers/media/rc/keymaps/rc-winfast-usbii-deluxe.c:80:1: note: in expansion of macro ‘module_exit’
   80 | module_exit(exit_rc_map_winfast_usbii_deluxe)
      | ^~~~~~~~~~~
drivers/media/rc/keymaps/rc-winfast-usbii-deluxe.c:74:20: note: ‘cleanup_module’ target declared here
   74 | static void __exit exit_rc_map_winfast_usbii_deluxe(void)
      |                    ^~~~~~~~~~~~~~~~~~~~~~~~~~~~~~~~
  CC [M]  drivers/media/rc/keymaps/rc-su3000.o
In file included from drivers/media/rc/keymaps/rc-su3000.c:12:
./include/linux/module.h:132:6: warning: ‘init_module’ specifies less restrictive attribute than its target ‘init_rc_map_su3000’: ‘cold’ [-Wmissing-attributes]
  132 |  int init_module(void) __attribute__((alias(#initfn)));
      |      ^~~~~~~~~~~
drivers/media/rc/keymaps/rc-su3000.c:71:1: note: in expansion of macro ‘module_init’
   71 | module_init(init_rc_map_su3000)
      | ^~~~~~~~~~~
drivers/media/rc/keymaps/rc-su3000.c:61:19: note: ‘init_module’ target declared here
   61 | static int __init init_rc_map_su3000(void)
      |                   ^~~~~~~~~~~~~~~~~~
In file included from drivers/media/rc/keymaps/rc-su3000.c:12:
./include/linux/module.h:138:7: warning: ‘cleanup_module’ specifies less restrictive attribute than its target ‘exit_rc_map_su3000’: ‘cold’ [-Wmissing-attributes]
  138 |  void cleanup_module(void) __attribute__((alias(#exitfn)));
      |       ^~~~~~~~~~~~~~
drivers/media/rc/keymaps/rc-su3000.c:72:1: note: in expansion of macro ‘module_exit’
   72 | module_exit(exit_rc_map_su3000)
      | ^~~~~~~~~~~
drivers/media/rc/keymaps/rc-su3000.c:66:20: note: ‘cleanup_module’ target declared here
   66 | static void __exit exit_rc_map_su3000(void)
      |                    ^~~~~~~~~~~~~~~~~~
  LD      drivers/media/rc/built-in.o
  CC [M]  drivers/media/rc/rc-main.o
In file included from drivers/media/rc/rc-main.c:24:
./include/linux/module.h:132:6: warning: ‘init_module’ specifies less restrictive attribute than its target ‘rc_core_init’: ‘cold’ [-Wmissing-attributes]
  132 |  int init_module(void) __attribute__((alias(#initfn)));
      |      ^~~~~~~~~~~
./include/linux/module.h:115:30: note: in expansion of macro ‘module_init’
  115 | #define subsys_initcall(fn)  module_init(fn)
      |                              ^~~~~~~~~~~
drivers/media/rc/rc-main.c:1590:1: note: in expansion of macro ‘subsys_initcall’
 1590 | subsys_initcall(rc_core_init);
      | ^~~~~~~~~~~~~~~
drivers/media/rc/rc-main.c:1569:19: note: ‘init_module’ target declared here
 1569 | static int __init rc_core_init(void)
      |                   ^~~~~~~~~~~~
In file included from drivers/media/rc/rc-main.c:24:
./include/linux/module.h:138:7: warning: ‘cleanup_module’ specifies less restrictive attribute than its target ‘rc_core_exit’: ‘cold’ [-Wmissing-attributes]
  138 |  void cleanup_module(void) __attribute__((alias(#exitfn)));
      |       ^~~~~~~~~~~~~~
drivers/media/rc/rc-main.c:1591:1: note: in expansion of macro ‘module_exit’
 1591 | module_exit(rc_core_exit);
      | ^~~~~~~~~~~
drivers/media/rc/rc-main.c:1583:20: note: ‘cleanup_module’ target declared here
 1583 | static void __exit rc_core_exit(void)
      |                    ^~~~~~~~~~~~
  CC [M]  drivers/media/rc/rc-ir-raw.o
  LD [M]  drivers/media/rc/rc-core.o
  CC [M]  drivers/media/rc/lirc_dev.o
In file included from drivers/media/rc/lirc_dev.c:24:
./include/linux/module.h:132:6: warning: ‘init_module’ specifies less restrictive attribute than its target ‘lirc_dev_init’: ‘cold’ [-Wmissing-attributes]
  132 |  int init_module(void) __attribute__((alias(#initfn)));
      |      ^~~~~~~~~~~
drivers/media/rc/lirc_dev.c:809:1: note: in expansion of macro ‘module_init’
  809 | module_init(lirc_dev_init);
      | ^~~~~~~~~~~
drivers/media/rc/lirc_dev.c:775:19: note: ‘init_module’ target declared here
  775 | static int __init lirc_dev_init(void)
      |                   ^~~~~~~~~~~~~
In file included from drivers/media/rc/lirc_dev.c:24:
./include/linux/module.h:138:7: warning: ‘cleanup_module’ specifies less restrictive attribute than its target ‘lirc_dev_exit’: ‘cold’ [-Wmissing-attributes]
  138 |  void cleanup_module(void) __attribute__((alias(#exitfn)));
      |       ^~~~~~~~~~~~~~
drivers/media/rc/lirc_dev.c:810:1: note: in expansion of macro ‘module_exit’
  810 | module_exit(lirc_dev_exit);
      | ^~~~~~~~~~~
drivers/media/rc/lirc_dev.c:802:20: note: ‘cleanup_module’ target declared here
  802 | static void __exit lirc_dev_exit(void)
      |                    ^~~~~~~~~~~~~
  CC [M]  drivers/media/rc/ir-nec-decoder.o
In file included from drivers/media/rc/ir-nec-decoder.c:16:
./include/linux/module.h:132:6: warning: ‘init_module’ specifies less restrictive attribute than its target ‘ir_nec_decode_init’: ‘cold’ [-Wmissing-attributes]
  132 |  int init_module(void) __attribute__((alias(#initfn)));
      |      ^~~~~~~~~~~
drivers/media/rc/ir-nec-decoder.c:222:1: note: in expansion of macro ‘module_init’
  222 | module_init(ir_nec_decode_init);
      | ^~~~~~~~~~~
drivers/media/rc/ir-nec-decoder.c:209:19: note: ‘init_module’ target declared here
  209 | static int __init ir_nec_decode_init(void)
      |                   ^~~~~~~~~~~~~~~~~~
In file included from drivers/media/rc/ir-nec-decoder.c:16:
./include/linux/module.h:138:7: warning: ‘cleanup_module’ specifies less restrictive attribute than its target ‘ir_nec_decode_exit’: ‘cold’ [-Wmissing-attributes]
  138 |  void cleanup_module(void) __attribute__((alias(#exitfn)));
      |       ^~~~~~~~~~~~~~
drivers/media/rc/ir-nec-decoder.c:223:1: note: in expansion of macro ‘module_exit’
  223 | module_exit(ir_nec_decode_exit);
      | ^~~~~~~~~~~
drivers/media/rc/ir-nec-decoder.c:217:20: note: ‘cleanup_module’ target declared here
  217 | static void __exit ir_nec_decode_exit(void)
      |                    ^~~~~~~~~~~~~~~~~~
  CC [M]  drivers/media/rc/ir-rc5-decoder.o
In file included from drivers/media/rc/ir-rc5-decoder.c:22:
./include/linux/module.h:132:6: warning: ‘init_module’ specifies less restrictive attribute than its target ‘ir_rc5_decode_init’: ‘cold’ [-Wmissing-attributes]
  132 |  int init_module(void) __attribute__((alias(#initfn)));
      |      ^~~~~~~~~~~
drivers/media/rc/ir-rc5-decoder.c:202:1: note: in expansion of macro ‘module_init’
  202 | module_init(ir_rc5_decode_init);
      | ^~~~~~~~~~~
drivers/media/rc/ir-rc5-decoder.c:189:19: note: ‘init_module’ target declared here
  189 | static int __init ir_rc5_decode_init(void)
      |                   ^~~~~~~~~~~~~~~~~~
In file included from drivers/media/rc/ir-rc5-decoder.c:22:
./include/linux/module.h:138:7: warning: ‘cleanup_module’ specifies less restrictive attribute than its target ‘ir_rc5_decode_exit’: ‘cold’ [-Wmissing-attributes]
  138 |  void cleanup_module(void) __attribute__((alias(#exitfn)));
      |       ^~~~~~~~~~~~~~
drivers/media/rc/ir-rc5-decoder.c:203:1: note: in expansion of macro ‘module_exit’
  203 | module_exit(ir_rc5_decode_exit);
      | ^~~~~~~~~~~
drivers/media/rc/ir-rc5-decoder.c:197:20: note: ‘cleanup_module’ target declared here
  197 | static void __exit ir_rc5_decode_exit(void)
      |                    ^~~~~~~~~~~~~~~~~~
  CC [M]  drivers/media/rc/ir-rc6-decoder.o
In file included from drivers/media/rc/ir-rc6-decoder.c:16:
./include/linux/module.h:132:6: warning: ‘init_module’ specifies less restrictive attribute than its target ‘ir_rc6_decode_init’: ‘cold’ [-Wmissing-attributes]
  132 |  int init_module(void) __attribute__((alias(#initfn)));
      |      ^~~~~~~~~~~
drivers/media/rc/ir-rc6-decoder.c:309:1: note: in expansion of macro ‘module_init’
  309 | module_init(ir_rc6_decode_init);
      | ^~~~~~~~~~~
drivers/media/rc/ir-rc6-decoder.c:296:19: note: ‘init_module’ target declared here
  296 | static int __init ir_rc6_decode_init(void)
      |                   ^~~~~~~~~~~~~~~~~~
In file included from drivers/media/rc/ir-rc6-decoder.c:16:
./include/linux/module.h:138:7: warning: ‘cleanup_module’ specifies less restrictive attribute than its target ‘ir_rc6_decode_exit’: ‘cold’ [-Wmissing-attributes]
  138 |  void cleanup_module(void) __attribute__((alias(#exitfn)));
      |       ^~~~~~~~~~~~~~
drivers/media/rc/ir-rc6-decoder.c:310:1: note: in expansion of macro ‘module_exit’
  310 | module_exit(ir_rc6_decode_exit);
      | ^~~~~~~~~~~
drivers/media/rc/ir-rc6-decoder.c:304:20: note: ‘cleanup_module’ target declared here
  304 | static void __exit ir_rc6_decode_exit(void)
      |                    ^~~~~~~~~~~~~~~~~~
  CC [M]  drivers/media/rc/ir-jvc-decoder.o
In file included from drivers/media/rc/ir-jvc-decoder.c:16:
./include/linux/module.h:132:6: warning: ‘init_module’ specifies less restrictive attribute than its target ‘ir_jvc_decode_init’: ‘cold’ [-Wmissing-attributes]
  132 |  int init_module(void) __attribute__((alias(#initfn)));
      |      ^~~~~~~~~~~
drivers/media/rc/ir-jvc-decoder.c:191:1: note: in expansion of macro ‘module_init’
  191 | module_init(ir_jvc_decode_init);
      | ^~~~~~~~~~~
drivers/media/rc/ir-jvc-decoder.c:178:19: note: ‘init_module’ target declared here
  178 | static int __init ir_jvc_decode_init(void)
      |                   ^~~~~~~~~~~~~~~~~~
In file included from drivers/media/rc/ir-jvc-decoder.c:16:
./include/linux/module.h:138:7: warning: ‘cleanup_module’ specifies less restrictive attribute than its target ‘ir_jvc_decode_exit’: ‘cold’ [-Wmissing-attributes]
  138 |  void cleanup_module(void) __attribute__((alias(#exitfn)));
      |       ^~~~~~~~~~~~~~
drivers/media/rc/ir-jvc-decoder.c:192:1: note: in expansion of macro ‘module_exit’
  192 | module_exit(ir_jvc_decode_exit);
      | ^~~~~~~~~~~
drivers/media/rc/ir-jvc-decoder.c:186:20: note: ‘cleanup_module’ target declared here
  186 | static void __exit ir_jvc_decode_exit(void)
      |                    ^~~~~~~~~~~~~~~~~~
  CC [M]  drivers/media/rc/ir-sony-decoder.o
In file included from drivers/media/rc/ir-sony-decoder.c:16:
./include/linux/module.h:132:6: warning: ‘init_module’ specifies less restrictive attribute than its target ‘ir_sony_decode_init’: ‘cold’ [-Wmissing-attributes]
  132 |  int init_module(void) __attribute__((alias(#initfn)));
      |      ^~~~~~~~~~~
drivers/media/rc/ir-sony-decoder.c:190:1: note: in expansion of macro ‘module_init’
  190 | module_init(ir_sony_decode_init);
      | ^~~~~~~~~~~
drivers/media/rc/ir-sony-decoder.c:177:19: note: ‘init_module’ target declared here
  177 | static int __init ir_sony_decode_init(void)
      |                   ^~~~~~~~~~~~~~~~~~~
In file included from drivers/media/rc/ir-sony-decoder.c:16:
./include/linux/module.h:138:7: warning: ‘cleanup_module’ specifies less restrictive attribute than its target ‘ir_sony_decode_exit’: ‘cold’ [-Wmissing-attributes]
  138 |  void cleanup_module(void) __attribute__((alias(#exitfn)));
      |       ^~~~~~~~~~~~~~
drivers/media/rc/ir-sony-decoder.c:191:1: note: in expansion of macro ‘module_exit’
  191 | module_exit(ir_sony_decode_exit);
      | ^~~~~~~~~~~
drivers/media/rc/ir-sony-decoder.c:185:20: note: ‘cleanup_module’ target declared here
  185 | static void __exit ir_sony_decode_exit(void)
      |                    ^~~~~~~~~~~~~~~~~~~
  CC [M]  drivers/media/rc/ir-sanyo-decoder.o
In file included from drivers/media/rc/ir-sanyo-decoder.c:24:
./include/linux/module.h:132:6: warning: ‘init_module’ specifies less restrictive attribute than its target ‘ir_sanyo_decode_init’: ‘cold’ [-Wmissing-attributes]
  132 |  int init_module(void) __attribute__((alias(#initfn)));
      |      ^~~~~~~~~~~
drivers/media/rc/ir-sanyo-decoder.c:196:1: note: in expansion of macro ‘module_init’
  196 | module_init(ir_sanyo_decode_init);
      | ^~~~~~~~~~~
drivers/media/rc/ir-sanyo-decoder.c:183:19: note: ‘init_module’ target declared here
  183 | static int __init ir_sanyo_decode_init(void)
      |                   ^~~~~~~~~~~~~~~~~~~~
In file included from drivers/media/rc/ir-sanyo-decoder.c:24:
./include/linux/module.h:138:7: warning: ‘cleanup_module’ specifies less restrictive attribute than its target ‘ir_sanyo_decode_exit’: ‘cold’ [-Wmissing-attributes]
  138 |  void cleanup_module(void) __attribute__((alias(#exitfn)));
      |       ^~~~~~~~~~~~~~
drivers/media/rc/ir-sanyo-decoder.c:197:1: note: in expansion of macro ‘module_exit’
  197 | module_exit(ir_sanyo_decode_exit);
      | ^~~~~~~~~~~
drivers/media/rc/ir-sanyo-decoder.c:191:20: note: ‘cleanup_module’ target declared here
  191 | static void __exit ir_sanyo_decode_exit(void)
      |                    ^~~~~~~~~~~~~~~~~~~~
  CC [M]  drivers/media/rc/ir-sharp-decoder.o
In file included from drivers/media/rc/ir-sharp-decoder.c:19:
./include/linux/module.h:132:6: warning: ‘init_module’ specifies less restrictive attribute than its target ‘ir_sharp_decode_init’: ‘cold’ [-Wmissing-attributes]
  132 |  int init_module(void) __attribute__((alias(#initfn)));
      |      ^~~~~~~~~~~
drivers/media/rc/ir-sharp-decoder.c:194:1: note: in expansion of macro ‘module_init’
  194 | module_init(ir_sharp_decode_init);
      | ^~~~~~~~~~~
drivers/media/rc/ir-sharp-decoder.c:181:19: note: ‘init_module’ target declared here
  181 | static int __init ir_sharp_decode_init(void)
      |                   ^~~~~~~~~~~~~~~~~~~~
In file included from drivers/media/rc/ir-sharp-decoder.c:19:
./include/linux/module.h:138:7: warning: ‘cleanup_module’ specifies less restrictive attribute than its target ‘ir_sharp_decode_exit’: ‘cold’ [-Wmissing-attributes]
  138 |  void cleanup_module(void) __attribute__((alias(#exitfn)));
      |       ^~~~~~~~~~~~~~
drivers/media/rc/ir-sharp-decoder.c:195:1: note: in expansion of macro ‘module_exit’
  195 | module_exit(ir_sharp_decode_exit);
      | ^~~~~~~~~~~
drivers/media/rc/ir-sharp-decoder.c:189:20: note: ‘cleanup_module’ target declared here
  189 | static void __exit ir_sharp_decode_exit(void)
      |                    ^~~~~~~~~~~~~~~~~~~~
  CC [M]  drivers/media/rc/ir-mce_kbd-decoder.o
In file included from drivers/media/rc/ir-mce_kbd-decoder.c:17:
./include/linux/module.h:132:6: warning: ‘init_module’ specifies less restrictive attribute than its target ‘ir_mce_kbd_decode_init’: ‘cold’ [-Wmissing-attributes]
  132 |  int init_module(void) __attribute__((alias(#initfn)));
      |      ^~~~~~~~~~~
drivers/media/rc/ir-mce_kbd-decoder.c:441:1: note: in expansion of macro ‘module_init’
  441 | module_init(ir_mce_kbd_decode_init);
      | ^~~~~~~~~~~
drivers/media/rc/ir-mce_kbd-decoder.c:428:19: note: ‘init_module’ target declared here
  428 | static int __init ir_mce_kbd_decode_init(void)
      |                   ^~~~~~~~~~~~~~~~~~~~~~
In file included from drivers/media/rc/ir-mce_kbd-decoder.c:17:
./include/linux/module.h:138:7: warning: ‘cleanup_module’ specifies less restrictive attribute than its target ‘ir_mce_kbd_decode_exit’: ‘cold’ [-Wmissing-attributes]
  138 |  void cleanup_module(void) __attribute__((alias(#exitfn)));
      |       ^~~~~~~~~~~~~~
drivers/media/rc/ir-mce_kbd-decoder.c:442:1: note: in expansion of macro ‘module_exit’
  442 | module_exit(ir_mce_kbd_decode_exit);
      | ^~~~~~~~~~~
drivers/media/rc/ir-mce_kbd-decoder.c:436:20: note: ‘cleanup_module’ target declared here
  436 | static void __exit ir_mce_kbd_decode_exit(void)
      |                    ^~~~~~~~~~~~~~~~~~~~~~
  CC [M]  drivers/media/rc/ir-lirc-codec.o
In file included from drivers/media/rc/ir-lirc-codec.c:17:
./include/linux/module.h:132:6: warning: ‘init_module’ specifies less restrictive attribute than its target ‘ir_lirc_codec_init’: ‘cold’ [-Wmissing-attributes]
  132 |  int init_module(void) __attribute__((alias(#initfn)));
      |      ^~~~~~~~~~~
drivers/media/rc/ir-lirc-codec.c:450:1: note: in expansion of macro ‘module_init’
  450 | module_init(ir_lirc_codec_init);
      | ^~~~~~~~~~~
drivers/media/rc/ir-lirc-codec.c:437:19: note: ‘init_module’ target declared here
  437 | static int __init ir_lirc_codec_init(void)
      |                   ^~~~~~~~~~~~~~~~~~
In file included from drivers/media/rc/ir-lirc-codec.c:17:
./include/linux/module.h:138:7: warning: ‘cleanup_module’ specifies less restrictive attribute than its target ‘ir_lirc_codec_exit’: ‘cold’ [-Wmissing-attributes]
  138 |  void cleanup_module(void) __attribute__((alias(#exitfn)));
      |       ^~~~~~~~~~~~~~
drivers/media/rc/ir-lirc-codec.c:451:1: note: in expansion of macro ‘module_exit’
  451 | module_exit(ir_lirc_codec_exit);
      | ^~~~~~~~~~~
drivers/media/rc/ir-lirc-codec.c:445:20: note: ‘cleanup_module’ target declared here
  445 | static void __exit ir_lirc_codec_exit(void)
      |                    ^~~~~~~~~~~~~~~~~~
  CC [M]  drivers/media/rc/ir-xmp-decoder.o
In file included from drivers/media/rc/ir-xmp-decoder.c:20:
./include/linux/module.h:132:6: warning: ‘init_module’ specifies less restrictive attribute than its target ‘ir_xmp_decode_init’: ‘cold’ [-Wmissing-attributes]
  132 |  int init_module(void) __attribute__((alias(#initfn)));
      |      ^~~~~~~~~~~
drivers/media/rc/ir-xmp-decoder.c:216:1: note: in expansion of macro ‘module_init’
  216 | module_init(ir_xmp_decode_init);
      | ^~~~~~~~~~~
drivers/media/rc/ir-xmp-decoder.c:203:19: note: ‘init_module’ target declared here
  203 | static int __init ir_xmp_decode_init(void)
      |                   ^~~~~~~~~~~~~~~~~~
In file included from drivers/media/rc/ir-xmp-decoder.c:20:
./include/linux/module.h:138:7: warning: ‘cleanup_module’ specifies less restrictive attribute than its target ‘ir_xmp_decode_exit’: ‘cold’ [-Wmissing-attributes]
  138 |  void cleanup_module(void) __attribute__((alias(#exitfn)));
      |       ^~~~~~~~~~~~~~
drivers/media/rc/ir-xmp-decoder.c:217:1: note: in expansion of macro ‘module_exit’
  217 | module_exit(ir_xmp_decode_exit);
      | ^~~~~~~~~~~
drivers/media/rc/ir-xmp-decoder.c:211:20: note: ‘cleanup_module’ target declared here
  211 | static void __exit ir_xmp_decode_exit(void)
      |                    ^~~~~~~~~~~~~~~~~~
  CC [M]  drivers/media/rc/ati_remote.o
In file included from drivers/media/rc/ati_remote.c:93:
./include/linux/module.h:138:7: warning: ‘cleanup_module’ specifies less restrictive attribute than its target ‘ati_remote_driver_exit’: ‘cold’ [-Wmissing-attributes]
  138 |  void cleanup_module(void) __attribute__((alias(#exitfn)));
      |       ^~~~~~~~~~~~~~
./include/linux/device.h:1360:1: note: in expansion of macro ‘module_exit’
 1360 | module_exit(__driver##_exit);
      | ^~~~~~~~~~~
./include/linux/usb.h:1195:2: note: in expansion of macro ‘module_driver’
 1195 |  module_driver(__usb_driver, usb_register, \
      |  ^~~~~~~~~~~~~
drivers/media/rc/ati_remote.c:982:1: note: in expansion of macro ‘module_usb_driver’
  982 | module_usb_driver(ati_remote_driver);
      | ^~~~~~~~~~~~~~~~~
In file included from ./include/linux/usb/ch9.h:35,
                 from ./include/linux/usb.h:5,
                 from ./include/linux/usb/input.h:12,
                 from drivers/media/rc/ati_remote.c:95:
drivers/media/rc/ati_remote.c:982:19: note: ‘cleanup_module’ target declared here
  982 | module_usb_driver(ati_remote_driver);
      |                   ^~~~~~~~~~~~~~~~~
./include/linux/device.h:1356:20: note: in definition of macro ‘module_driver’
 1356 | static void __exit __driver##_exit(void) \
      |                    ^~~~~~~~
drivers/media/rc/ati_remote.c:982:1: note: in expansion of macro ‘module_usb_driver’
  982 | module_usb_driver(ati_remote_driver);
      | ^~~~~~~~~~~~~~~~~
In file included from drivers/media/rc/ati_remote.c:93:
./include/linux/module.h:132:6: warning: ‘init_module’ specifies less restrictive attribute than its target ‘ati_remote_driver_init’: ‘cold’ [-Wmissing-attributes]
  132 |  int init_module(void) __attribute__((alias(#initfn)));
      |      ^~~~~~~~~~~
./include/linux/device.h:1355:1: note: in expansion of macro ‘module_init’
 1355 | module_init(__driver##_init); \
      | ^~~~~~~~~~~
./include/linux/usb.h:1195:2: note: in expansion of macro ‘module_driver’
 1195 |  module_driver(__usb_driver, usb_register, \
      |  ^~~~~~~~~~~~~
drivers/media/rc/ati_remote.c:982:1: note: in expansion of macro ‘module_usb_driver’
  982 | module_usb_driver(ati_remote_driver);
      | ^~~~~~~~~~~~~~~~~
In file included from ./include/linux/usb/ch9.h:35,
                 from ./include/linux/usb.h:5,
                 from ./include/linux/usb/input.h:12,
                 from drivers/media/rc/ati_remote.c:95:
drivers/media/rc/ati_remote.c:982:19: note: ‘init_module’ target declared here
  982 | module_usb_driver(ati_remote_driver);
      |                   ^~~~~~~~~~~~~~~~~
./include/linux/device.h:1351:19: note: in definition of macro ‘module_driver’
 1351 | static int __init __driver##_init(void) \
      |                   ^~~~~~~~
drivers/media/rc/ati_remote.c:982:1: note: in expansion of macro ‘module_usb_driver’
  982 | module_usb_driver(ati_remote_driver);
      | ^~~~~~~~~~~~~~~~~
  CC [M]  drivers/media/rc/imon.o
In file included from drivers/media/rc/imon.c:34:
./include/linux/module.h:138:7: warning: ‘cleanup_module’ specifies less restrictive attribute than its target ‘imon_driver_exit’: ‘cold’ [-Wmissing-attributes]
  138 |  void cleanup_module(void) __attribute__((alias(#exitfn)));
      |       ^~~~~~~~~~~~~~
./include/linux/device.h:1360:1: note: in expansion of macro ‘module_exit’
 1360 | module_exit(__driver##_exit);
      | ^~~~~~~~~~~
./include/linux/usb.h:1195:2: note: in expansion of macro ‘module_driver’
 1195 |  module_driver(__usb_driver, usb_register, \
      |  ^~~~~~~~~~~~~
drivers/media/rc/imon.c:2589:1: note: in expansion of macro ‘module_usb_driver’
 2589 | module_usb_driver(imon_driver);
      | ^~~~~~~~~~~~~~~~~
In file included from ./include/linux/input.h:22,
                 from drivers/media/rc/imon.c:39:
drivers/media/rc/imon.c:2589:19: note: ‘cleanup_module’ target declared here
 2589 | module_usb_driver(imon_driver);
      |                   ^~~~~~~~~~~
./include/linux/device.h:1356:20: note: in definition of macro ‘module_driver’
 1356 | static void __exit __driver##_exit(void) \
      |                    ^~~~~~~~
drivers/media/rc/imon.c:2589:1: note: in expansion of macro ‘module_usb_driver’
 2589 | module_usb_driver(imon_driver);
      | ^~~~~~~~~~~~~~~~~
In file included from drivers/media/rc/imon.c:34:
./include/linux/module.h:132:6: warning: ‘init_module’ specifies less restrictive attribute than its target ‘imon_driver_init’: ‘cold’ [-Wmissing-attributes]
  132 |  int init_module(void) __attribute__((alias(#initfn)));
      |      ^~~~~~~~~~~
./include/linux/device.h:1355:1: note: in expansion of macro ‘module_init’
 1355 | module_init(__driver##_init); \
      | ^~~~~~~~~~~
./include/linux/usb.h:1195:2: note: in expansion of macro ‘module_driver’
 1195 |  module_driver(__usb_driver, usb_register, \
      |  ^~~~~~~~~~~~~
drivers/media/rc/imon.c:2589:1: note: in expansion of macro ‘module_usb_driver’
 2589 | module_usb_driver(imon_driver);
      | ^~~~~~~~~~~~~~~~~
In file included from ./include/linux/input.h:22,
                 from drivers/media/rc/imon.c:39:
drivers/media/rc/imon.c:2589:19: note: ‘init_module’ target declared here
 2589 | module_usb_driver(imon_driver);
      |                   ^~~~~~~~~~~
./include/linux/device.h:1351:19: note: in definition of macro ‘module_driver’
 1351 | static int __init __driver##_init(void) \
      |                   ^~~~~~~~
drivers/media/rc/imon.c:2589:1: note: in expansion of macro ‘module_usb_driver’
 2589 | module_usb_driver(imon_driver);
      | ^~~~~~~~~~~~~~~~~
  CC [M]  drivers/media/rc/mceusb.o
In file included from drivers/media/rc/mceusb.c:41:
./include/linux/module.h:132:6: warning: ‘init_module’ specifies less restrictive attribute than its target ‘mceusb_dev_driver_init’: ‘cold’ [-Wmissing-attributes]
  132 |  int init_module(void) __attribute__((alias(#initfn)));
      |      ^~~~~~~~~~~
./include/linux/device.h:1355:1: note: in expansion of macro ‘module_init’
 1355 | module_init(__driver##_init); \
      | ^~~~~~~~~~~
./include/linux/usb.h:1195:2: note: in expansion of macro ‘module_driver’
 1195 |  module_driver(__usb_driver, usb_register, \
      |  ^~~~~~~~~~~~~
drivers/media/rc/mceusb.c:1485:1: note: in expansion of macro ‘module_usb_driver’
 1485 | module_usb_driver(mceusb_dev_driver);
      | ^~~~~~~~~~~~~~~~~
In file included from drivers/media/rc/mceusb.c:40:
drivers/media/rc/mceusb.c:1485:19: note: ‘init_module’ target declared here
 1485 | module_usb_driver(mceusb_dev_driver);
      |                   ^~~~~~~~~~~~~~~~~
./include/linux/device.h:1351:19: note: in definition of macro ‘module_driver’
 1351 | static int __init __driver##_init(void) \
      |                   ^~~~~~~~
drivers/media/rc/mceusb.c:1485:1: note: in expansion of macro ‘module_usb_driver’
 1485 | module_usb_driver(mceusb_dev_driver);
      | ^~~~~~~~~~~~~~~~~
In file included from drivers/media/rc/mceusb.c:41:
./include/linux/module.h:138:7: warning: ‘cleanup_module’ specifies less restrictive attribute than its target ‘mceusb_dev_driver_exit’: ‘cold’ [-Wmissing-attributes]
  138 |  void cleanup_module(void) __attribute__((alias(#exitfn)));
      |       ^~~~~~~~~~~~~~
./include/linux/device.h:1360:1: note: in expansion of macro ‘module_exit’
 1360 | module_exit(__driver##_exit);
      | ^~~~~~~~~~~
./include/linux/usb.h:1195:2: note: in expansion of macro ‘module_driver’
 1195 |  module_driver(__usb_driver, usb_register, \
      |  ^~~~~~~~~~~~~
drivers/media/rc/mceusb.c:1485:1: note: in expansion of macro ‘module_usb_driver’
 1485 | module_usb_driver(mceusb_dev_driver);
      | ^~~~~~~~~~~~~~~~~
In file included from drivers/media/rc/mceusb.c:40:
drivers/media/rc/mceusb.c:1485:19: note: ‘cleanup_module’ target declared here
 1485 | module_usb_driver(mceusb_dev_driver);
      |                   ^~~~~~~~~~~~~~~~~
./include/linux/device.h:1356:20: note: in definition of macro ‘module_driver’
 1356 | static void __exit __driver##_exit(void) \
      |                    ^~~~~~~~
drivers/media/rc/mceusb.c:1485:1: note: in expansion of macro ‘module_usb_driver’
 1485 | module_usb_driver(mceusb_dev_driver);
      | ^~~~~~~~~~~~~~~~~
  CC [M]  drivers/media/rc/redrat3.o
In file included from drivers/media/rc/redrat3.c:51:
./include/linux/module.h:132:6: warning: ‘init_module’ specifies less restrictive attribute than its target ‘redrat3_dev_driver_init’: ‘cold’ [-Wmissing-attributes]
  132 |  int init_module(void) __attribute__((alias(#initfn)));
      |      ^~~~~~~~~~~
./include/linux/device.h:1355:1: note: in expansion of macro ‘module_init’
 1355 | module_init(__driver##_init); \
      | ^~~~~~~~~~~
./include/linux/usb.h:1195:2: note: in expansion of macro ‘module_driver’
 1195 |  module_driver(__usb_driver, usb_register, \
      |  ^~~~~~~~~~~~~
drivers/media/rc/redrat3.c:1139:1: note: in expansion of macro ‘module_usb_driver’
 1139 | module_usb_driver(redrat3_dev_driver);
      | ^~~~~~~~~~~~~~~~~
In file included from drivers/media/rc/redrat3.c:49:
drivers/media/rc/redrat3.c:1139:19: note: ‘init_module’ target declared here
 1139 | module_usb_driver(redrat3_dev_driver);
      |                   ^~~~~~~~~~~~~~~~~~
./include/linux/device.h:1351:19: note: in definition of macro ‘module_driver’
 1351 | static int __init __driver##_init(void) \
      |                   ^~~~~~~~
drivers/media/rc/redrat3.c:1139:1: note: in expansion of macro ‘module_usb_driver’
 1139 | module_usb_driver(redrat3_dev_driver);
      | ^~~~~~~~~~~~~~~~~
In file included from drivers/media/rc/redrat3.c:51:
./include/linux/module.h:138:7: warning: ‘cleanup_module’ specifies less restrictive attribute than its target ‘redrat3_dev_driver_exit’: ‘cold’ [-Wmissing-attributes]
  138 |  void cleanup_module(void) __attribute__((alias(#exitfn)));
      |       ^~~~~~~~~~~~~~
./include/linux/device.h:1360:1: note: in expansion of macro ‘module_exit’
 1360 | module_exit(__driver##_exit);
      | ^~~~~~~~~~~
./include/linux/usb.h:1195:2: note: in expansion of macro ‘module_driver’
 1195 |  module_driver(__usb_driver, usb_register, \
      |  ^~~~~~~~~~~~~
drivers/media/rc/redrat3.c:1139:1: note: in expansion of macro ‘module_usb_driver’
 1139 | module_usb_driver(redrat3_dev_driver);
      | ^~~~~~~~~~~~~~~~~
In file included from drivers/media/rc/redrat3.c:49:
drivers/media/rc/redrat3.c:1139:19: note: ‘cleanup_module’ target declared here
 1139 | module_usb_driver(redrat3_dev_driver);
      |                   ^~~~~~~~~~~~~~~~~~
./include/linux/device.h:1356:20: note: in definition of macro ‘module_driver’
 1356 | static void __exit __driver##_exit(void) \
      |                    ^~~~~~~~
drivers/media/rc/redrat3.c:1139:1: note: in expansion of macro ‘module_usb_driver’
 1139 | module_usb_driver(redrat3_dev_driver);
      | ^~~~~~~~~~~~~~~~~
  CC [M]  drivers/media/rc/streamzap.o
In file included from drivers/media/rc/streamzap.c:35:
./include/linux/module.h:138:7: warning: ‘cleanup_module’ specifies less restrictive attribute than its target ‘streamzap_driver_exit’: ‘cold’ [-Wmissing-attributes]
  138 |  void cleanup_module(void) __attribute__((alias(#exitfn)));
      |       ^~~~~~~~~~~~~~
./include/linux/device.h:1360:1: note: in expansion of macro ‘module_exit’
 1360 | module_exit(__driver##_exit);
      | ^~~~~~~~~~~
./include/linux/usb.h:1195:2: note: in expansion of macro ‘module_driver’
 1195 |  module_driver(__usb_driver, usb_register, \
      |  ^~~~~~~~~~~~~
drivers/media/rc/streamzap.c:509:1: note: in expansion of macro ‘module_usb_driver’
  509 | module_usb_driver(streamzap_driver);
      | ^~~~~~~~~~~~~~~~~
In file included from drivers/media/rc/streamzap.c:34:
drivers/media/rc/streamzap.c:509:19: note: ‘cleanup_module’ target declared here
  509 | module_usb_driver(streamzap_driver);
      |                   ^~~~~~~~~~~~~~~~
./include/linux/device.h:1356:20: note: in definition of macro ‘module_driver’
 1356 | static void __exit __driver##_exit(void) \
      |                    ^~~~~~~~
drivers/media/rc/streamzap.c:509:1: note: in expansion of macro ‘module_usb_driver’
  509 | module_usb_driver(streamzap_driver);
      | ^~~~~~~~~~~~~~~~~
In file included from drivers/media/rc/streamzap.c:35:
./include/linux/module.h:132:6: warning: ‘init_module’ specifies less restrictive attribute than its target ‘streamzap_driver_init’: ‘cold’ [-Wmissing-attributes]
  132 |  int init_module(void) __attribute__((alias(#initfn)));
      |      ^~~~~~~~~~~
./include/linux/device.h:1355:1: note: in expansion of macro ‘module_init’
 1355 | module_init(__driver##_init); \
      | ^~~~~~~~~~~
./include/linux/usb.h:1195:2: note: in expansion of macro ‘module_driver’
 1195 |  module_driver(__usb_driver, usb_register, \
      |  ^~~~~~~~~~~~~
drivers/media/rc/streamzap.c:509:1: note: in expansion of macro ‘module_usb_driver’
  509 | module_usb_driver(streamzap_driver);
      | ^~~~~~~~~~~~~~~~~
In file included from drivers/media/rc/streamzap.c:34:
drivers/media/rc/streamzap.c:509:19: note: ‘init_module’ target declared here
  509 | module_usb_driver(streamzap_driver);
      |                   ^~~~~~~~~~~~~~~~
./include/linux/device.h:1351:19: note: in definition of macro ‘module_driver’
 1351 | static int __init __driver##_init(void) \
      |                   ^~~~~~~~
drivers/media/rc/streamzap.c:509:1: note: in expansion of macro ‘module_usb_driver’
  509 | module_usb_driver(streamzap_driver);
      | ^~~~~~~~~~~~~~~~~
  CC [M]  drivers/media/rc/rc-loopback.o
In file included from drivers/media/rc/rc-loopback.c:27:
./include/linux/module.h:132:6: warning: ‘init_module’ specifies less restrictive attribute than its target ‘loop_init’: ‘cold’ [-Wmissing-attributes]
  132 |  int init_module(void) __attribute__((alias(#initfn)));
      |      ^~~~~~~~~~~
drivers/media/rc/rc-loopback.c:238:1: note: in expansion of macro ‘module_init’
  238 | module_init(loop_init);
      | ^~~~~~~~~~~
drivers/media/rc/rc-loopback.c:179:19: note: ‘init_module’ target declared here
  179 | static int __init loop_init(void)
      |                   ^~~~~~~~~
In file included from drivers/media/rc/rc-loopback.c:27:
./include/linux/module.h:138:7: warning: ‘cleanup_module’ specifies less restrictive attribute than its target ‘loop_exit’: ‘cold’ [-Wmissing-attributes]
  138 |  void cleanup_module(void) __attribute__((alias(#exitfn)));
      |       ^~~~~~~~~~~~~~
drivers/media/rc/rc-loopback.c:239:1: note: in expansion of macro ‘module_exit’
  239 | module_exit(loop_exit);
      | ^~~~~~~~~~~
drivers/media/rc/rc-loopback.c:233:20: note: ‘cleanup_module’ target declared here
  233 | static void __exit loop_exit(void)
      |                    ^~~~~~~~~
  CC [M]  drivers/media/rc/gpio-ir-recv.o
In file included from drivers/media/rc/gpio-ir-recv.c:15:
./include/linux/module.h:138:7: warning: ‘cleanup_module’ specifies less restrictive attribute than its target ‘gpio_ir_recv_driver_exit’: ‘cold’ [-Wmissing-attributes]
  138 |  void cleanup_module(void) __attribute__((alias(#exitfn)));
      |       ^~~~~~~~~~~~~~
./include/linux/device.h:1360:1: note: in expansion of macro ‘module_exit’
 1360 | module_exit(__driver##_exit);
      | ^~~~~~~~~~~
./include/linux/platform_device.h:228:2: note: in expansion of macro ‘module_driver’
  228 |  module_driver(__platform_driver, platform_driver_register, \
      |  ^~~~~~~~~~~~~
drivers/media/rc/gpio-ir-recv.c:271:1: note: in expansion of macro ‘module_platform_driver’
  271 | module_platform_driver(gpio_ir_recv_driver);
      | ^~~~~~~~~~~~~~~~~~~~~~
In file included from ./include/linux/gpio/driver.h:4,
                 from ./include/asm-generic/gpio.h:12,
                 from ./arch/arm/include/asm/gpio.h:9,
                 from ./include/linux/gpio.h:48,
                 from drivers/media/rc/gpio-ir-recv.c:17:
drivers/media/rc/gpio-ir-recv.c:271:24: note: ‘cleanup_module’ target declared here
  271 | module_platform_driver(gpio_ir_recv_driver);
      |                        ^~~~~~~~~~~~~~~~~~~
./include/linux/device.h:1356:20: note: in definition of macro ‘module_driver’
 1356 | static void __exit __driver##_exit(void) \
      |                    ^~~~~~~~
drivers/media/rc/gpio-ir-recv.c:271:1: note: in expansion of macro ‘module_platform_driver’
  271 | module_platform_driver(gpio_ir_recv_driver);
      | ^~~~~~~~~~~~~~~~~~~~~~
In file included from drivers/media/rc/gpio-ir-recv.c:15:
./include/linux/module.h:132:6: warning: ‘init_module’ specifies less restrictive attribute than its target ‘gpio_ir_recv_driver_init’: ‘cold’ [-Wmissing-attributes]
  132 |  int init_module(void) __attribute__((alias(#initfn)));
      |      ^~~~~~~~~~~
./include/linux/device.h:1355:1: note: in expansion of macro ‘module_init’
 1355 | module_init(__driver##_init); \
      | ^~~~~~~~~~~
./include/linux/platform_device.h:228:2: note: in expansion of macro ‘module_driver’
  228 |  module_driver(__platform_driver, platform_driver_register, \
      |  ^~~~~~~~~~~~~
drivers/media/rc/gpio-ir-recv.c:271:1: note: in expansion of macro ‘module_platform_driver’
  271 | module_platform_driver(gpio_ir_recv_driver);
      | ^~~~~~~~~~~~~~~~~~~~~~
In file included from ./include/linux/gpio/driver.h:4,
                 from ./include/asm-generic/gpio.h:12,
                 from ./arch/arm/include/asm/gpio.h:9,
                 from ./include/linux/gpio.h:48,
                 from drivers/media/rc/gpio-ir-recv.c:17:
drivers/media/rc/gpio-ir-recv.c:271:24: note: ‘init_module’ target declared here
  271 | module_platform_driver(gpio_ir_recv_driver);
      |                        ^~~~~~~~~~~~~~~~~~~
./include/linux/device.h:1351:19: note: in definition of macro ‘module_driver’
 1351 | static int __init __driver##_init(void) \
      |                   ^~~~~~~~
drivers/media/rc/gpio-ir-recv.c:271:1: note: in expansion of macro ‘module_platform_driver’
  271 | module_platform_driver(gpio_ir_recv_driver);
      | ^~~~~~~~~~~~~~~~~~~~~~
  CC [M]  drivers/media/rc/iguanair.o
In file included from drivers/media/rc/iguanair.c:23:
./include/linux/module.h:132:6: warning: ‘init_module’ specifies less restrictive attribute than its target ‘iguanair_driver_init’: ‘cold’ [-Wmissing-attributes]
  132 |  int init_module(void) __attribute__((alias(#initfn)));
      |      ^~~~~~~~~~~
./include/linux/device.h:1355:1: note: in expansion of macro ‘module_init’
 1355 | module_init(__driver##_init); \
      | ^~~~~~~~~~~
./include/linux/usb.h:1195:2: note: in expansion of macro ‘module_driver’
 1195 |  module_driver(__usb_driver, usb_register, \
      |  ^~~~~~~~~~~~~
drivers/media/rc/iguanair.c:612:1: note: in expansion of macro ‘module_usb_driver’
  612 | module_usb_driver(iguanair_driver);
      | ^~~~~~~~~~~~~~~~~
In file included from drivers/media/rc/iguanair.c:21:
drivers/media/rc/iguanair.c:612:19: note: ‘init_module’ target declared here
  612 | module_usb_driver(iguanair_driver);
      |                   ^~~~~~~~~~~~~~~
./include/linux/device.h:1351:19: note: in definition of macro ‘module_driver’
 1351 | static int __init __driver##_init(void) \
      |                   ^~~~~~~~
drivers/media/rc/iguanair.c:612:1: note: in expansion of macro ‘module_usb_driver’
  612 | module_usb_driver(iguanair_driver);
      | ^~~~~~~~~~~~~~~~~
In file included from drivers/media/rc/iguanair.c:23:
./include/linux/module.h:138:7: warning: ‘cleanup_module’ specifies less restrictive attribute than its target ‘iguanair_driver_exit’: ‘cold’ [-Wmissing-attributes]
  138 |  void cleanup_module(void) __attribute__((alias(#exitfn)));
      |       ^~~~~~~~~~~~~~
./include/linux/device.h:1360:1: note: in expansion of macro ‘module_exit’
 1360 | module_exit(__driver##_exit);
      | ^~~~~~~~~~~
./include/linux/usb.h:1195:2: note: in expansion of macro ‘module_driver’
 1195 |  module_driver(__usb_driver, usb_register, \
      |  ^~~~~~~~~~~~~
drivers/media/rc/iguanair.c:612:1: note: in expansion of macro ‘module_usb_driver’
  612 | module_usb_driver(iguanair_driver);
      | ^~~~~~~~~~~~~~~~~
In file included from drivers/media/rc/iguanair.c:21:
drivers/media/rc/iguanair.c:612:19: note: ‘cleanup_module’ target declared here
  612 | module_usb_driver(iguanair_driver);
      |                   ^~~~~~~~~~~~~~~
./include/linux/device.h:1356:20: note: in definition of macro ‘module_driver’
 1356 | static void __exit __driver##_exit(void) \
      |                    ^~~~~~~~
drivers/media/rc/iguanair.c:612:1: note: in expansion of macro ‘module_usb_driver’
  612 | module_usb_driver(iguanair_driver);
      | ^~~~~~~~~~~~~~~~~
  CC [M]  drivers/media/rc/ttusbir.o
In file included from drivers/media/rc/ttusbir.c:21:
./include/linux/module.h:132:6: warning: ‘init_module’ specifies less restrictive attribute than its target ‘ttusbir_driver_init’: ‘cold’ [-Wmissing-attributes]
  132 |  int init_module(void) __attribute__((alias(#initfn)));
      |      ^~~~~~~~~~~
./include/linux/device.h:1355:1: note: in expansion of macro ‘module_init’
 1355 | module_init(__driver##_init); \
      | ^~~~~~~~~~~
./include/linux/usb.h:1195:2: note: in expansion of macro ‘module_driver’
 1195 |  module_driver(__usb_driver, usb_register, \
      |  ^~~~~~~~~~~~~
drivers/media/rc/ttusbir.c:443:1: note: in expansion of macro ‘module_usb_driver’
  443 | module_usb_driver(ttusbir_driver);
      | ^~~~~~~~~~~~~~~~~
In file included from ./include/linux/usb/ch9.h:35,
                 from ./include/linux/usb.h:5,
                 from drivers/media/rc/ttusbir.c:22:
drivers/media/rc/ttusbir.c:443:19: note: ‘init_module’ target declared here
  443 | module_usb_driver(ttusbir_driver);
      |                   ^~~~~~~~~~~~~~
./include/linux/device.h:1351:19: note: in definition of macro ‘module_driver’
 1351 | static int __init __driver##_init(void) \
      |                   ^~~~~~~~
drivers/media/rc/ttusbir.c:443:1: note: in expansion of macro ‘module_usb_driver’
  443 | module_usb_driver(ttusbir_driver);
      | ^~~~~~~~~~~~~~~~~
In file included from drivers/media/rc/ttusbir.c:21:
./include/linux/module.h:138:7: warning: ‘cleanup_module’ specifies less restrictive attribute than its target ‘ttusbir_driver_exit’: ‘cold’ [-Wmissing-attributes]
  138 |  void cleanup_module(void) __attribute__((alias(#exitfn)));
      |       ^~~~~~~~~~~~~~
./include/linux/device.h:1360:1: note: in expansion of macro ‘module_exit’
 1360 | module_exit(__driver##_exit);
      | ^~~~~~~~~~~
./include/linux/usb.h:1195:2: note: in expansion of macro ‘module_driver’
 1195 |  module_driver(__usb_driver, usb_register, \
      |  ^~~~~~~~~~~~~
drivers/media/rc/ttusbir.c:443:1: note: in expansion of macro ‘module_usb_driver’
  443 | module_usb_driver(ttusbir_driver);
      | ^~~~~~~~~~~~~~~~~
In file included from ./include/linux/usb/ch9.h:35,
                 from ./include/linux/usb.h:5,
                 from drivers/media/rc/ttusbir.c:22:
drivers/media/rc/ttusbir.c:443:19: note: ‘cleanup_module’ target declared here
  443 | module_usb_driver(ttusbir_driver);
      |                   ^~~~~~~~~~~~~~
./include/linux/device.h:1356:20: note: in definition of macro ‘module_driver’
 1356 | static void __exit __driver##_exit(void) \
      |                    ^~~~~~~~
drivers/media/rc/ttusbir.c:443:1: note: in expansion of macro ‘module_usb_driver’
  443 | module_usb_driver(ttusbir_driver);
      | ^~~~~~~~~~~~~~~~~
  LD      drivers/media/spi/built-in.o
  CC [M]  drivers/media/spi/cxd2880-spi.o
In file included from drivers/media/dvb-core/dvb_frontend.h:39,
                 from drivers/media/spi/cxd2880-spi.c:31:
./include/linux/module.h:138:7: warning: ‘cleanup_module’ specifies less restrictive attribute than its target ‘cxd2880_spi_driver_exit’: ‘cold’ [-Wmissing-attributes]
  138 |  void cleanup_module(void) __attribute__((alias(#exitfn)));
      |       ^~~~~~~~~~~~~~
./include/linux/device.h:1360:1: note: in expansion of macro ‘module_exit’
 1360 | module_exit(__driver##_exit);
      | ^~~~~~~~~~~
./include/linux/spi/spi.h:290:2: note: in expansion of macro ‘module_driver’
  290 |  module_driver(__spi_driver, spi_register_driver, \
      |  ^~~~~~~~~~~~~
drivers/media/spi/cxd2880-spi.c:723:1: note: in expansion of macro ‘module_spi_driver’
  723 | module_spi_driver(cxd2880_spi_driver);
      | ^~~~~~~~~~~~~~~~~
In file included from ./include/linux/spi/spi.h:18,
                 from drivers/media/spi/cxd2880-spi.c:27:
drivers/media/spi/cxd2880-spi.c:723:19: note: ‘cleanup_module’ target declared here
  723 | module_spi_driver(cxd2880_spi_driver);
      |                   ^~~~~~~~~~~~~~~~~~
./include/linux/device.h:1356:20: note: in definition of macro ‘module_driver’
 1356 | static void __exit __driver##_exit(void) \
      |                    ^~~~~~~~
drivers/media/spi/cxd2880-spi.c:723:1: note: in expansion of macro ‘module_spi_driver’
  723 | module_spi_driver(cxd2880_spi_driver);
      | ^~~~~~~~~~~~~~~~~
In file included from drivers/media/dvb-core/dvb_frontend.h:39,
                 from drivers/media/spi/cxd2880-spi.c:31:
./include/linux/module.h:132:6: warning: ‘init_module’ specifies less restrictive attribute than its target ‘cxd2880_spi_driver_init’: ‘cold’ [-Wmissing-attributes]
  132 |  int init_module(void) __attribute__((alias(#initfn)));
      |      ^~~~~~~~~~~
./include/linux/device.h:1355:1: note: in expansion of macro ‘module_init’
 1355 | module_init(__driver##_init); \
      | ^~~~~~~~~~~
./include/linux/spi/spi.h:290:2: note: in expansion of macro ‘module_driver’
  290 |  module_driver(__spi_driver, spi_register_driver, \
      |  ^~~~~~~~~~~~~
drivers/media/spi/cxd2880-spi.c:723:1: note: in expansion of macro ‘module_spi_driver’
  723 | module_spi_driver(cxd2880_spi_driver);
      | ^~~~~~~~~~~~~~~~~
In file included from ./include/linux/spi/spi.h:18,
                 from drivers/media/spi/cxd2880-spi.c:27:
drivers/media/spi/cxd2880-spi.c:723:19: note: ‘init_module’ target declared here
  723 | module_spi_driver(cxd2880_spi_driver);
      |                   ^~~~~~~~~~~~~~~~~~
./include/linux/device.h:1351:19: note: in definition of macro ‘module_driver’
 1351 | static int __init __driver##_init(void) \
      |                   ^~~~~~~~
drivers/media/spi/cxd2880-spi.c:723:1: note: in expansion of macro ‘module_spi_driver’
  723 | module_spi_driver(cxd2880_spi_driver);
      | ^~~~~~~~~~~~~~~~~
  LD      drivers/media/tuners/built-in.o
  CC [M]  drivers/media/tuners/tuner-xc2028.o
  CC [M]  drivers/media/tuners/tuner-simple.o
  CC [M]  drivers/media/tuners/tuner-types.o
  CC [M]  drivers/media/tuners/mt20xx.o
  CC [M]  drivers/media/tuners/tda8290.o
  CC [M]  drivers/media/tuners/tea5767.o
  CC [M]  drivers/media/tuners/tea5761.o
  CC [M]  drivers/media/tuners/tda9887.o
  CC [M]  drivers/media/tuners/tda827x.o
  CC [M]  drivers/media/tuners/tda18271-maps.o
  CC [M]  drivers/media/tuners/tda18271-common.o
  CC [M]  drivers/media/tuners/tda18271-fe.o
  LD [M]  drivers/media/tuners/tda18271.o
  CC [M]  drivers/media/tuners/xc5000.o
  CC [M]  drivers/media/tuners/xc4000.o
  CC [M]  drivers/media/tuners/msi001.o
In file included from drivers/media/tuners/msi001.c:18:
./include/linux/module.h:138:7: warning: ‘cleanup_module’ specifies less restrictive attribute than its target ‘msi001_driver_exit’: ‘cold’ [-Wmissing-attributes]
  138 |  void cleanup_module(void) __attribute__((alias(#exitfn)));
      |       ^~~~~~~~~~~~~~
./include/linux/device.h:1360:1: note: in expansion of macro ‘module_exit’
 1360 | module_exit(__driver##_exit);
      | ^~~~~~~~~~~
./include/linux/spi/spi.h:290:2: note: in expansion of macro ‘module_driver’
  290 |  module_driver(__spi_driver, spi_register_driver, \
      |  ^~~~~~~~~~~~~
drivers/media/tuners/msi001.c:522:1: note: in expansion of macro ‘module_spi_driver’
  522 | module_spi_driver(msi001_driver);
      | ^~~~~~~~~~~~~~~~~
In file included from ./include/media/media-devnode.h:33,
                 from ./include/media/media-device.h:29,
                 from ./include/media/v4l2-device.h:24,
                 from drivers/media/tuners/msi001.c:20:
drivers/media/tuners/msi001.c:522:19: note: ‘cleanup_module’ target declared here
  522 | module_spi_driver(msi001_driver);
      |                   ^~~~~~~~~~~~~
./include/linux/device.h:1356:20: note: in definition of macro ‘module_driver’
 1356 | static void __exit __driver##_exit(void) \
      |                    ^~~~~~~~
drivers/media/tuners/msi001.c:522:1: note: in expansion of macro ‘module_spi_driver’
  522 | module_spi_driver(msi001_driver);
      | ^~~~~~~~~~~~~~~~~
In file included from drivers/media/tuners/msi001.c:18:
./include/linux/module.h:132:6: warning: ‘init_module’ specifies less restrictive attribute than its target ‘msi001_driver_init’: ‘cold’ [-Wmissing-attributes]
  132 |  int init_module(void) __attribute__((alias(#initfn)));
      |      ^~~~~~~~~~~
./include/linux/device.h:1355:1: note: in expansion of macro ‘module_init’
 1355 | module_init(__driver##_init); \
      | ^~~~~~~~~~~
./include/linux/spi/spi.h:290:2: note: in expansion of macro ‘module_driver’
  290 |  module_driver(__spi_driver, spi_register_driver, \
      |  ^~~~~~~~~~~~~
drivers/media/tuners/msi001.c:522:1: note: in expansion of macro ‘module_spi_driver’
  522 | module_spi_driver(msi001_driver);
      | ^~~~~~~~~~~~~~~~~
In file included from ./include/media/media-devnode.h:33,
                 from ./include/media/media-device.h:29,
                 from ./include/media/v4l2-device.h:24,
                 from drivers/media/tuners/msi001.c:20:
drivers/media/tuners/msi001.c:522:19: note: ‘init_module’ target declared here
  522 | module_spi_driver(msi001_driver);
      |                   ^~~~~~~~~~~~~
./include/linux/device.h:1351:19: note: in definition of macro ‘module_driver’
 1351 | static int __init __driver##_init(void) \
      |                   ^~~~~~~~
drivers/media/tuners/msi001.c:522:1: note: in expansion of macro ‘module_spi_driver’
  522 | module_spi_driver(msi001_driver);
      | ^~~~~~~~~~~~~~~~~
  CC [M]  drivers/media/tuners/mt2060.o
  CC [M]  drivers/media/tuners/mt2063.o
  CC [M]  drivers/media/tuners/mt2266.o
  CC [M]  drivers/media/tuners/qt1010.o
  CC [M]  drivers/media/tuners/mt2131.o
  CC [M]  drivers/media/tuners/mxl5005s.o
  CC [M]  drivers/media/tuners/mxl5007t.o
  CC [M]  drivers/media/tuners/mc44s803.o
  CC [M]  drivers/media/tuners/max2165.o
  CC [M]  drivers/media/tuners/tda18218.o
  CC [M]  drivers/media/tuners/tda18212.o
In file included from ./drivers/media/dvb-core/dvb_frontend.h:39,
                 from drivers/media/tuners/tda18212.h:24,
                 from drivers/media/tuners/tda18212.c:21:
./include/linux/module.h:138:7: warning: ‘cleanup_module’ specifies less restrictive attribute than its target ‘tda18212_driver_exit’: ‘cold’ [-Wmissing-attributes]
  138 |  void cleanup_module(void) __attribute__((alias(#exitfn)));
      |       ^~~~~~~~~~~~~~
./include/linux/device.h:1360:1: note: in expansion of macro ‘module_exit’
 1360 | module_exit(__driver##_exit);
      | ^~~~~~~~~~~
./include/linux/i2c.h:751:2: note: in expansion of macro ‘module_driver’
  751 |  module_driver(__i2c_driver, i2c_add_driver, \
      |  ^~~~~~~~~~~~~
drivers/media/tuners/tda18212.c:287:1: note: in expansion of macro ‘module_i2c_driver’
  287 | module_i2c_driver(tda18212_driver);
      | ^~~~~~~~~~~~~~~~~
In file included from ./include/linux/i2c.h:30,
                 from ./drivers/media/dvb-core/dvb_frontend.h:38,
                 from drivers/media/tuners/tda18212.h:24,
                 from drivers/media/tuners/tda18212.c:21:
drivers/media/tuners/tda18212.c:287:19: note: ‘cleanup_module’ target declared here
  287 | module_i2c_driver(tda18212_driver);
      |                   ^~~~~~~~~~~~~~~
./include/linux/device.h:1356:20: note: in definition of macro ‘module_driver’
 1356 | static void __exit __driver##_exit(void) \
      |                    ^~~~~~~~
drivers/media/tuners/tda18212.c:287:1: note: in expansion of macro ‘module_i2c_driver’
  287 | module_i2c_driver(tda18212_driver);
      | ^~~~~~~~~~~~~~~~~
In file included from ./drivers/media/dvb-core/dvb_frontend.h:39,
                 from drivers/media/tuners/tda18212.h:24,
                 from drivers/media/tuners/tda18212.c:21:
./include/linux/module.h:132:6: warning: ‘init_module’ specifies less restrictive attribute than its target ‘tda18212_driver_init’: ‘cold’ [-Wmissing-attributes]
  132 |  int init_module(void) __attribute__((alias(#initfn)));
      |      ^~~~~~~~~~~
./include/linux/device.h:1355:1: note: in expansion of macro ‘module_init’
 1355 | module_init(__driver##_init); \
      | ^~~~~~~~~~~
./include/linux/i2c.h:751:2: note: in expansion of macro ‘module_driver’
  751 |  module_driver(__i2c_driver, i2c_add_driver, \
      |  ^~~~~~~~~~~~~
drivers/media/tuners/tda18212.c:287:1: note: in expansion of macro ‘module_i2c_driver’
  287 | module_i2c_driver(tda18212_driver);
      | ^~~~~~~~~~~~~~~~~
In file included from ./include/linux/i2c.h:30,
                 from ./drivers/media/dvb-core/dvb_frontend.h:38,
                 from drivers/media/tuners/tda18212.h:24,
                 from drivers/media/tuners/tda18212.c:21:
drivers/media/tuners/tda18212.c:287:19: note: ‘init_module’ target declared here
  287 | module_i2c_driver(tda18212_driver);
      |                   ^~~~~~~~~~~~~~~
./include/linux/device.h:1351:19: note: in definition of macro ‘module_driver’
 1351 | static int __init __driver##_init(void) \
      |                   ^~~~~~~~
drivers/media/tuners/tda18212.c:287:1: note: in expansion of macro ‘module_i2c_driver’
  287 | module_i2c_driver(tda18212_driver);
      | ^~~~~~~~~~~~~~~~~
  CC [M]  drivers/media/tuners/e4000.o
In file included from ./drivers/media/dvb-core/dvb_frontend.h:39,
                 from drivers/media/tuners/e4000.h:24,
                 from drivers/media/tuners/e4000_priv.h:24,
                 from drivers/media/tuners/e4000.c:21:
./include/linux/module.h:138:7: warning: ‘cleanup_module’ specifies less restrictive attribute than its target ‘e4000_driver_exit’: ‘cold’ [-Wmissing-attributes]
  138 |  void cleanup_module(void) __attribute__((alias(#exitfn)));
      |       ^~~~~~~~~~~~~~
./include/linux/device.h:1360:1: note: in expansion of macro ‘module_exit’
 1360 | module_exit(__driver##_exit);
      | ^~~~~~~~~~~
./include/linux/i2c.h:751:2: note: in expansion of macro ‘module_driver’
  751 |  module_driver(__i2c_driver, i2c_add_driver, \
      |  ^~~~~~~~~~~~~
drivers/media/tuners/e4000.c:763:1: note: in expansion of macro ‘module_i2c_driver’
  763 | module_i2c_driver(e4000_driver);
      | ^~~~~~~~~~~~~~~~~
In file included from ./include/linux/i2c.h:30,
                 from ./drivers/media/dvb-core/dvb_frontend.h:38,
                 from drivers/media/tuners/e4000.h:24,
                 from drivers/media/tuners/e4000_priv.h:24,
                 from drivers/media/tuners/e4000.c:21:
drivers/media/tuners/e4000.c:763:19: note: ‘cleanup_module’ target declared here
  763 | module_i2c_driver(e4000_driver);
      |                   ^~~~~~~~~~~~
./include/linux/device.h:1356:20: note: in definition of macro ‘module_driver’
 1356 | static void __exit __driver##_exit(void) \
      |                    ^~~~~~~~
drivers/media/tuners/e4000.c:763:1: note: in expansion of macro ‘module_i2c_driver’
  763 | module_i2c_driver(e4000_driver);
      | ^~~~~~~~~~~~~~~~~
In file included from ./drivers/media/dvb-core/dvb_frontend.h:39,
                 from drivers/media/tuners/e4000.h:24,
                 from drivers/media/tuners/e4000_priv.h:24,
                 from drivers/media/tuners/e4000.c:21:
./include/linux/module.h:132:6: warning: ‘init_module’ specifies less restrictive attribute than its target ‘e4000_driver_init’: ‘cold’ [-Wmissing-attributes]
  132 |  int init_module(void) __attribute__((alias(#initfn)));
      |      ^~~~~~~~~~~
./include/linux/device.h:1355:1: note: in expansion of macro ‘module_init’
 1355 | module_init(__driver##_init); \
      | ^~~~~~~~~~~
./include/linux/i2c.h:751:2: note: in expansion of macro ‘module_driver’
  751 |  module_driver(__i2c_driver, i2c_add_driver, \
      |  ^~~~~~~~~~~~~
drivers/media/tuners/e4000.c:763:1: note: in expansion of macro ‘module_i2c_driver’
  763 | module_i2c_driver(e4000_driver);
      | ^~~~~~~~~~~~~~~~~
In file included from ./include/linux/i2c.h:30,
                 from ./drivers/media/dvb-core/dvb_frontend.h:38,
                 from drivers/media/tuners/e4000.h:24,
                 from drivers/media/tuners/e4000_priv.h:24,
                 from drivers/media/tuners/e4000.c:21:
drivers/media/tuners/e4000.c:763:19: note: ‘init_module’ target declared here
  763 | module_i2c_driver(e4000_driver);
      |                   ^~~~~~~~~~~~
./include/linux/device.h:1351:19: note: in definition of macro ‘module_driver’
 1351 | static int __init __driver##_init(void) \
      |                   ^~~~~~~~
drivers/media/tuners/e4000.c:763:1: note: in expansion of macro ‘module_i2c_driver’
  763 | module_i2c_driver(e4000_driver);
      | ^~~~~~~~~~~~~~~~~
  CC [M]  drivers/media/tuners/fc2580.o
In file included from ./drivers/media/dvb-core/dvb_frontend.h:39,
                 from drivers/media/tuners/fc2580.h:24,
                 from drivers/media/tuners/fc2580_priv.h:24,
                 from drivers/media/tuners/fc2580.c:21:
./include/linux/module.h:138:7: warning: ‘cleanup_module’ specifies less restrictive attribute than its target ‘fc2580_driver_exit’: ‘cold’ [-Wmissing-attributes]
  138 |  void cleanup_module(void) __attribute__((alias(#exitfn)));
      |       ^~~~~~~~~~~~~~
./include/linux/device.h:1360:1: note: in expansion of macro ‘module_exit’
 1360 | module_exit(__driver##_exit);
      | ^~~~~~~~~~~
./include/linux/i2c.h:751:2: note: in expansion of macro ‘module_driver’
  751 |  module_driver(__i2c_driver, i2c_add_driver, \
      |  ^~~~~~~~~~~~~
drivers/media/tuners/fc2580.c:643:1: note: in expansion of macro ‘module_i2c_driver’
  643 | module_i2c_driver(fc2580_driver);
      | ^~~~~~~~~~~~~~~~~
In file included from ./include/linux/i2c.h:30,
                 from ./drivers/media/dvb-core/dvb_frontend.h:38,
                 from drivers/media/tuners/fc2580.h:24,
                 from drivers/media/tuners/fc2580_priv.h:24,
                 from drivers/media/tuners/fc2580.c:21:
drivers/media/tuners/fc2580.c:643:19: note: ‘cleanup_module’ target declared here
  643 | module_i2c_driver(fc2580_driver);
      |                   ^~~~~~~~~~~~~
./include/linux/device.h:1356:20: note: in definition of macro ‘module_driver’
 1356 | static void __exit __driver##_exit(void) \
      |                    ^~~~~~~~
drivers/media/tuners/fc2580.c:643:1: note: in expansion of macro ‘module_i2c_driver’
  643 | module_i2c_driver(fc2580_driver);
      | ^~~~~~~~~~~~~~~~~
In file included from ./drivers/media/dvb-core/dvb_frontend.h:39,
                 from drivers/media/tuners/fc2580.h:24,
                 from drivers/media/tuners/fc2580_priv.h:24,
                 from drivers/media/tuners/fc2580.c:21:
./include/linux/module.h:132:6: warning: ‘init_module’ specifies less restrictive attribute than its target ‘fc2580_driver_init’: ‘cold’ [-Wmissing-attributes]
  132 |  int init_module(void) __attribute__((alias(#initfn)));
      |      ^~~~~~~~~~~
./include/linux/device.h:1355:1: note: in expansion of macro ‘module_init’
 1355 | module_init(__driver##_init); \
      | ^~~~~~~~~~~
./include/linux/i2c.h:751:2: note: in expansion of macro ‘module_driver’
  751 |  module_driver(__i2c_driver, i2c_add_driver, \
      |  ^~~~~~~~~~~~~
drivers/media/tuners/fc2580.c:643:1: note: in expansion of macro ‘module_i2c_driver’
  643 | module_i2c_driver(fc2580_driver);
      | ^~~~~~~~~~~~~~~~~
In file included from ./include/linux/i2c.h:30,
                 from ./drivers/media/dvb-core/dvb_frontend.h:38,
                 from drivers/media/tuners/fc2580.h:24,
                 from drivers/media/tuners/fc2580_priv.h:24,
                 from drivers/media/tuners/fc2580.c:21:
drivers/media/tuners/fc2580.c:643:19: note: ‘init_module’ target declared here
  643 | module_i2c_driver(fc2580_driver);
      |                   ^~~~~~~~~~~~~
./include/linux/device.h:1351:19: note: in definition of macro ‘module_driver’
 1351 | static int __init __driver##_init(void) \
      |                   ^~~~~~~~
drivers/media/tuners/fc2580.c:643:1: note: in expansion of macro ‘module_i2c_driver’
  643 | module_i2c_driver(fc2580_driver);
      | ^~~~~~~~~~~~~~~~~
  CC [M]  drivers/media/tuners/tua9001.o
In file included from ./drivers/media/dvb-core/dvb_frontend.h:39,
                 from drivers/media/tuners/tua9001.h:20,
                 from drivers/media/tuners/tua9001_priv.h:20,
                 from drivers/media/tuners/tua9001.c:17:
./include/linux/module.h:138:7: warning: ‘cleanup_module’ specifies less restrictive attribute than its target ‘tua9001_driver_exit’: ‘cold’ [-Wmissing-attributes]
  138 |  void cleanup_module(void) __attribute__((alias(#exitfn)));
      |       ^~~~~~~~~~~~~~
./include/linux/device.h:1360:1: note: in expansion of macro ‘module_exit’
 1360 | module_exit(__driver##_exit);
      | ^~~~~~~~~~~
./include/linux/i2c.h:751:2: note: in expansion of macro ‘module_driver’
  751 |  module_driver(__i2c_driver, i2c_add_driver, \
      |  ^~~~~~~~~~~~~
drivers/media/tuners/tua9001.c:278:1: note: in expansion of macro ‘module_i2c_driver’
  278 | module_i2c_driver(tua9001_driver);
      | ^~~~~~~~~~~~~~~~~
In file included from ./include/linux/i2c.h:30,
                 from ./drivers/media/dvb-core/dvb_frontend.h:38,
                 from drivers/media/tuners/tua9001.h:20,
                 from drivers/media/tuners/tua9001_priv.h:20,
                 from drivers/media/tuners/tua9001.c:17:
drivers/media/tuners/tua9001.c:278:19: note: ‘cleanup_module’ target declared here
  278 | module_i2c_driver(tua9001_driver);
      |                   ^~~~~~~~~~~~~~
./include/linux/device.h:1356:20: note: in definition of macro ‘module_driver’
 1356 | static void __exit __driver##_exit(void) \
      |                    ^~~~~~~~
drivers/media/tuners/tua9001.c:278:1: note: in expansion of macro ‘module_i2c_driver’
  278 | module_i2c_driver(tua9001_driver);
      | ^~~~~~~~~~~~~~~~~
In file included from ./drivers/media/dvb-core/dvb_frontend.h:39,
                 from drivers/media/tuners/tua9001.h:20,
                 from drivers/media/tuners/tua9001_priv.h:20,
                 from drivers/media/tuners/tua9001.c:17:
./include/linux/module.h:132:6: warning: ‘init_module’ specifies less restrictive attribute than its target ‘tua9001_driver_init’: ‘cold’ [-Wmissing-attributes]
  132 |  int init_module(void) __attribute__((alias(#initfn)));
      |      ^~~~~~~~~~~
./include/linux/device.h:1355:1: note: in expansion of macro ‘module_init’
 1355 | module_init(__driver##_init); \
      | ^~~~~~~~~~~
./include/linux/i2c.h:751:2: note: in expansion of macro ‘module_driver’
  751 |  module_driver(__i2c_driver, i2c_add_driver, \
      |  ^~~~~~~~~~~~~
drivers/media/tuners/tua9001.c:278:1: note: in expansion of macro ‘module_i2c_driver’
  278 | module_i2c_driver(tua9001_driver);
      | ^~~~~~~~~~~~~~~~~
In file included from ./include/linux/i2c.h:30,
                 from ./drivers/media/dvb-core/dvb_frontend.h:38,
                 from drivers/media/tuners/tua9001.h:20,
                 from drivers/media/tuners/tua9001_priv.h:20,
                 from drivers/media/tuners/tua9001.c:17:
drivers/media/tuners/tua9001.c:278:19: note: ‘init_module’ target declared here
  278 | module_i2c_driver(tua9001_driver);
      |                   ^~~~~~~~~~~~~~
./include/linux/device.h:1351:19: note: in definition of macro ‘module_driver’
 1351 | static int __init __driver##_init(void) \
      |                   ^~~~~~~~
drivers/media/tuners/tua9001.c:278:1: note: in expansion of macro ‘module_i2c_driver’
  278 | module_i2c_driver(tua9001_driver);
      | ^~~~~~~~~~~~~~~~~
  CC [M]  drivers/media/tuners/si2157.o
In file included from ./drivers/media/dvb-core/dvb_frontend.h:39,
                 from drivers/media/tuners/si2157.h:21,
                 from drivers/media/tuners/si2157_priv.h:22,
                 from drivers/media/tuners/si2157.c:17:
./include/linux/module.h:138:7: warning: ‘cleanup_module’ specifies less restrictive attribute than its target ‘si2157_driver_exit’: ‘cold’ [-Wmissing-attributes]
  138 |  void cleanup_module(void) __attribute__((alias(#exitfn)));
      |       ^~~~~~~~~~~~~~
./include/linux/device.h:1360:1: note: in expansion of macro ‘module_exit’
 1360 | module_exit(__driver##_exit);
      | ^~~~~~~~~~~
./include/linux/i2c.h:751:2: note: in expansion of macro ‘module_driver’
  751 |  module_driver(__i2c_driver, i2c_add_driver, \
      |  ^~~~~~~~~~~~~
drivers/media/tuners/si2157.c:525:1: note: in expansion of macro ‘module_i2c_driver’
  525 | module_i2c_driver(si2157_driver);
      | ^~~~~~~~~~~~~~~~~
In file included from ./include/media/media-devnode.h:33,
                 from ./include/media/media-device.h:29,
                 from ./include/media/v4l2-mc.h:22,
                 from drivers/media/tuners/si2157_priv.h:21,
                 from drivers/media/tuners/si2157.c:17:
drivers/media/tuners/si2157.c:525:19: note: ‘cleanup_module’ target declared here
  525 | module_i2c_driver(si2157_driver);
      |                   ^~~~~~~~~~~~~
./include/linux/device.h:1356:20: note: in definition of macro ‘module_driver’
 1356 | static void __exit __driver##_exit(void) \
      |                    ^~~~~~~~
drivers/media/tuners/si2157.c:525:1: note: in expansion of macro ‘module_i2c_driver’
  525 | module_i2c_driver(si2157_driver);
      | ^~~~~~~~~~~~~~~~~
In file included from ./drivers/media/dvb-core/dvb_frontend.h:39,
                 from drivers/media/tuners/si2157.h:21,
                 from drivers/media/tuners/si2157_priv.h:22,
                 from drivers/media/tuners/si2157.c:17:
./include/linux/module.h:132:6: warning: ‘init_module’ specifies less restrictive attribute than its target ‘si2157_driver_init’: ‘cold’ [-Wmissing-attributes]
  132 |  int init_module(void) __attribute__((alias(#initfn)));
      |      ^~~~~~~~~~~
./include/linux/device.h:1355:1: note: in expansion of macro ‘module_init’
 1355 | module_init(__driver##_init); \
      | ^~~~~~~~~~~
./include/linux/i2c.h:751:2: note: in expansion of macro ‘module_driver’
  751 |  module_driver(__i2c_driver, i2c_add_driver, \
      |  ^~~~~~~~~~~~~
drivers/media/tuners/si2157.c:525:1: note: in expansion of macro ‘module_i2c_driver’
  525 | module_i2c_driver(si2157_driver);
      | ^~~~~~~~~~~~~~~~~
In file included from ./include/media/media-devnode.h:33,
                 from ./include/media/media-device.h:29,
                 from ./include/media/v4l2-mc.h:22,
                 from drivers/media/tuners/si2157_priv.h:21,
                 from drivers/media/tuners/si2157.c:17:
drivers/media/tuners/si2157.c:525:19: note: ‘init_module’ target declared here
  525 | module_i2c_driver(si2157_driver);
      |                   ^~~~~~~~~~~~~
./include/linux/device.h:1351:19: note: in definition of macro ‘module_driver’
 1351 | static int __init __driver##_init(void) \
      |                   ^~~~~~~~
drivers/media/tuners/si2157.c:525:1: note: in expansion of macro ‘module_i2c_driver’
  525 | module_i2c_driver(si2157_driver);
      | ^~~~~~~~~~~~~~~~~
  CC [M]  drivers/media/tuners/fc0011.o
  CC [M]  drivers/media/tuners/fc0012.o
  CC [M]  drivers/media/tuners/fc0013.o
  CC [M]  drivers/media/tuners/it913x.o
In file included from ./drivers/media/dvb-core/dvb_frontend.h:39,
                 from drivers/media/tuners/it913x.h:26,
                 from drivers/media/tuners/it913x.c:23:
./include/linux/module.h:138:7: warning: ‘cleanup_module’ specifies less restrictive attribute than its target ‘it913x_driver_exit’: ‘cold’ [-Wmissing-attributes]
  138 |  void cleanup_module(void) __attribute__((alias(#exitfn)));
      |       ^~~~~~~~~~~~~~
./include/linux/device.h:1360:1: note: in expansion of macro ‘module_exit’
 1360 | module_exit(__driver##_exit);
      | ^~~~~~~~~~~
./include/linux/i2c.h:751:2: note: in expansion of macro ‘module_driver’
  751 |  module_driver(__i2c_driver, i2c_add_driver, \
      |  ^~~~~~~~~~~~~
drivers/media/tuners/it913x.c:474:1: note: in expansion of macro ‘module_i2c_driver’
  474 | module_i2c_driver(it913x_driver);
      | ^~~~~~~~~~~~~~~~~
In file included from ./include/linux/i2c.h:30,
                 from ./drivers/media/dvb-core/dvb_frontend.h:38,
                 from drivers/media/tuners/it913x.h:26,
                 from drivers/media/tuners/it913x.c:23:
drivers/media/tuners/it913x.c:474:19: note: ‘cleanup_module’ target declared here
  474 | module_i2c_driver(it913x_driver);
      |                   ^~~~~~~~~~~~~
./include/linux/device.h:1356:20: note: in definition of macro ‘module_driver’
 1356 | static void __exit __driver##_exit(void) \
      |                    ^~~~~~~~
drivers/media/tuners/it913x.c:474:1: note: in expansion of macro ‘module_i2c_driver’
  474 | module_i2c_driver(it913x_driver);
      | ^~~~~~~~~~~~~~~~~
In file included from ./drivers/media/dvb-core/dvb_frontend.h:39,
                 from drivers/media/tuners/it913x.h:26,
                 from drivers/media/tuners/it913x.c:23:
./include/linux/module.h:132:6: warning: ‘init_module’ specifies less restrictive attribute than its target ‘it913x_driver_init’: ‘cold’ [-Wmissing-attributes]
  132 |  int init_module(void) __attribute__((alias(#initfn)));
      |      ^~~~~~~~~~~
./include/linux/device.h:1355:1: note: in expansion of macro ‘module_init’
 1355 | module_init(__driver##_init); \
      | ^~~~~~~~~~~
./include/linux/i2c.h:751:2: note: in expansion of macro ‘module_driver’
  751 |  module_driver(__i2c_driver, i2c_add_driver, \
      |  ^~~~~~~~~~~~~
drivers/media/tuners/it913x.c:474:1: note: in expansion of macro ‘module_i2c_driver’
  474 | module_i2c_driver(it913x_driver);
      | ^~~~~~~~~~~~~~~~~
In file included from ./include/linux/i2c.h:30,
                 from ./drivers/media/dvb-core/dvb_frontend.h:38,
                 from drivers/media/tuners/it913x.h:26,
                 from drivers/media/tuners/it913x.c:23:
drivers/media/tuners/it913x.c:474:19: note: ‘init_module’ target declared here
  474 | module_i2c_driver(it913x_driver);
      |                   ^~~~~~~~~~~~~
./include/linux/device.h:1351:19: note: in definition of macro ‘module_driver’
 1351 | static int __init __driver##_init(void) \
      |                   ^~~~~~~~
drivers/media/tuners/it913x.c:474:1: note: in expansion of macro ‘module_i2c_driver’
  474 | module_i2c_driver(it913x_driver);
      | ^~~~~~~~~~~~~~~~~
  CC [M]  drivers/media/tuners/r820t.o
  CC [M]  drivers/media/tuners/mxl301rf.o
In file included from ./drivers/media/dvb-core/dvb_frontend.h:39,
                 from drivers/media/tuners/mxl301rf.h:20,
                 from drivers/media/tuners/mxl301rf.c:32:
./include/linux/module.h:138:7: warning: ‘cleanup_module’ specifies less restrictive attribute than its target ‘mxl301rf_driver_exit’: ‘cold’ [-Wmissing-attributes]
  138 |  void cleanup_module(void) __attribute__((alias(#exitfn)));
      |       ^~~~~~~~~~~~~~
./include/linux/device.h:1360:1: note: in expansion of macro ‘module_exit’
 1360 | module_exit(__driver##_exit);
      | ^~~~~~~~~~~
./include/linux/i2c.h:751:2: note: in expansion of macro ‘module_driver’
  751 |  module_driver(__i2c_driver, i2c_add_driver, \
      |  ^~~~~~~~~~~~~
drivers/media/tuners/mxl301rf.c:345:1: note: in expansion of macro ‘module_i2c_driver’
  345 | module_i2c_driver(mxl301rf_driver);
      | ^~~~~~~~~~~~~~~~~
In file included from ./include/linux/i2c.h:30,
                 from ./drivers/media/dvb-core/dvb_frontend.h:38,
                 from drivers/media/tuners/mxl301rf.h:20,
                 from drivers/media/tuners/mxl301rf.c:32:
drivers/media/tuners/mxl301rf.c:345:19: note: ‘cleanup_module’ target declared here
  345 | module_i2c_driver(mxl301rf_driver);
      |                   ^~~~~~~~~~~~~~~
./include/linux/device.h:1356:20: note: in definition of macro ‘module_driver’
 1356 | static void __exit __driver##_exit(void) \
      |                    ^~~~~~~~
drivers/media/tuners/mxl301rf.c:345:1: note: in expansion of macro ‘module_i2c_driver’
  345 | module_i2c_driver(mxl301rf_driver);
      | ^~~~~~~~~~~~~~~~~
In file included from ./drivers/media/dvb-core/dvb_frontend.h:39,
                 from drivers/media/tuners/mxl301rf.h:20,
                 from drivers/media/tuners/mxl301rf.c:32:
./include/linux/module.h:132:6: warning: ‘init_module’ specifies less restrictive attribute than its target ‘mxl301rf_driver_init’: ‘cold’ [-Wmissing-attributes]
  132 |  int init_module(void) __attribute__((alias(#initfn)));
      |      ^~~~~~~~~~~
./include/linux/device.h:1355:1: note: in expansion of macro ‘module_init’
 1355 | module_init(__driver##_init); \
      | ^~~~~~~~~~~
./include/linux/i2c.h:751:2: note: in expansion of macro ‘module_driver’
  751 |  module_driver(__i2c_driver, i2c_add_driver, \
      |  ^~~~~~~~~~~~~
drivers/media/tuners/mxl301rf.c:345:1: note: in expansion of macro ‘module_i2c_driver’
  345 | module_i2c_driver(mxl301rf_driver);
      | ^~~~~~~~~~~~~~~~~
In file included from ./include/linux/i2c.h:30,
                 from ./drivers/media/dvb-core/dvb_frontend.h:38,
                 from drivers/media/tuners/mxl301rf.h:20,
                 from drivers/media/tuners/mxl301rf.c:32:
drivers/media/tuners/mxl301rf.c:345:19: note: ‘init_module’ target declared here
  345 | module_i2c_driver(mxl301rf_driver);
      |                   ^~~~~~~~~~~~~~~
./include/linux/device.h:1351:19: note: in definition of macro ‘module_driver’
 1351 | static int __init __driver##_init(void) \
      |                   ^~~~~~~~
drivers/media/tuners/mxl301rf.c:345:1: note: in expansion of macro ‘module_i2c_driver’
  345 | module_i2c_driver(mxl301rf_driver);
      | ^~~~~~~~~~~~~~~~~
  CC [M]  drivers/media/tuners/qm1d1c0042.o
In file included from ./drivers/media/dvb-core/dvb_frontend.h:39,
                 from drivers/media/tuners/qm1d1c0042.h:20,
                 from drivers/media/tuners/qm1d1c0042.c:32:
./include/linux/module.h:138:7: warning: ‘cleanup_module’ specifies less restrictive attribute than its target ‘qm1d1c0042_driver_exit’: ‘cold’ [-Wmissing-attributes]
  138 |  void cleanup_module(void) __attribute__((alias(#exitfn)));
      |       ^~~~~~~~~~~~~~
./include/linux/device.h:1360:1: note: in expansion of macro ‘module_exit’
 1360 | module_exit(__driver##_exit);
      | ^~~~~~~~~~~
./include/linux/i2c.h:751:2: note: in expansion of macro ‘module_driver’
  751 |  module_driver(__i2c_driver, i2c_add_driver, \
      |  ^~~~~~~~~~~~~
drivers/media/tuners/qm1d1c0042.c:460:1: note: in expansion of macro ‘module_i2c_driver’
  460 | module_i2c_driver(qm1d1c0042_driver);
      | ^~~~~~~~~~~~~~~~~
In file included from ./include/linux/i2c.h:30,
                 from ./drivers/media/dvb-core/dvb_frontend.h:38,
                 from drivers/media/tuners/qm1d1c0042.h:20,
                 from drivers/media/tuners/qm1d1c0042.c:32:
drivers/media/tuners/qm1d1c0042.c:460:19: note: ‘cleanup_module’ target declared here
  460 | module_i2c_driver(qm1d1c0042_driver);
      |                   ^~~~~~~~~~~~~~~~~
./include/linux/device.h:1356:20: note: in definition of macro ‘module_driver’
 1356 | static void __exit __driver##_exit(void) \
      |                    ^~~~~~~~
drivers/media/tuners/qm1d1c0042.c:460:1: note: in expansion of macro ‘module_i2c_driver’
  460 | module_i2c_driver(qm1d1c0042_driver);
      | ^~~~~~~~~~~~~~~~~
In file included from ./drivers/media/dvb-core/dvb_frontend.h:39,
                 from drivers/media/tuners/qm1d1c0042.h:20,
                 from drivers/media/tuners/qm1d1c0042.c:32:
./include/linux/module.h:132:6: warning: ‘init_module’ specifies less restrictive attribute than its target ‘qm1d1c0042_driver_init’: ‘cold’ [-Wmissing-attributes]
  132 |  int init_module(void) __attribute__((alias(#initfn)));
      |      ^~~~~~~~~~~
./include/linux/device.h:1355:1: note: in expansion of macro ‘module_init’
 1355 | module_init(__driver##_init); \
      | ^~~~~~~~~~~
./include/linux/i2c.h:751:2: note: in expansion of macro ‘module_driver’
  751 |  module_driver(__i2c_driver, i2c_add_driver, \
      |  ^~~~~~~~~~~~~
drivers/media/tuners/qm1d1c0042.c:460:1: note: in expansion of macro ‘module_i2c_driver’
  460 | module_i2c_driver(qm1d1c0042_driver);
      | ^~~~~~~~~~~~~~~~~
In file included from ./include/linux/i2c.h:30,
                 from ./drivers/media/dvb-core/dvb_frontend.h:38,
                 from drivers/media/tuners/qm1d1c0042.h:20,
                 from drivers/media/tuners/qm1d1c0042.c:32:
drivers/media/tuners/qm1d1c0042.c:460:19: note: ‘init_module’ target declared here
  460 | module_i2c_driver(qm1d1c0042_driver);
      |                   ^~~~~~~~~~~~~~~~~
./include/linux/device.h:1351:19: note: in definition of macro ‘module_driver’
 1351 | static int __init __driver##_init(void) \
      |                   ^~~~~~~~
drivers/media/tuners/qm1d1c0042.c:460:1: note: in expansion of macro ‘module_i2c_driver’
  460 | module_i2c_driver(qm1d1c0042_driver);
      | ^~~~~~~~~~~~~~~~~
  CC [M]  drivers/media/tuners/m88rs6000t.o
In file included from ./drivers/media/dvb-core/dvb_frontend.h:39,
                 from drivers/media/tuners/m88rs6000t.h:20,
                 from drivers/media/tuners/m88rs6000t.c:17:
./include/linux/module.h:138:7: warning: ‘cleanup_module’ specifies less restrictive attribute than its target ‘m88rs6000t_driver_exit’: ‘cold’ [-Wmissing-attributes]
  138 |  void cleanup_module(void) __attribute__((alias(#exitfn)));
      |       ^~~~~~~~~~~~~~
./include/linux/device.h:1360:1: note: in expansion of macro ‘module_exit’
 1360 | module_exit(__driver##_exit);
      | ^~~~~~~~~~~
./include/linux/i2c.h:751:2: note: in expansion of macro ‘module_driver’
  751 |  module_driver(__i2c_driver, i2c_add_driver, \
      |  ^~~~~~~~~~~~~
drivers/media/tuners/m88rs6000t.c:738:1: note: in expansion of macro ‘module_i2c_driver’
  738 | module_i2c_driver(m88rs6000t_driver);
      | ^~~~~~~~~~~~~~~~~
In file included from ./include/linux/i2c.h:30,
                 from ./drivers/media/dvb-core/dvb_frontend.h:38,
                 from drivers/media/tuners/m88rs6000t.h:20,
                 from drivers/media/tuners/m88rs6000t.c:17:
drivers/media/tuners/m88rs6000t.c:738:19: note: ‘cleanup_module’ target declared here
  738 | module_i2c_driver(m88rs6000t_driver);
      |                   ^~~~~~~~~~~~~~~~~
./include/linux/device.h:1356:20: note: in definition of macro ‘module_driver’
 1356 | static void __exit __driver##_exit(void) \
      |                    ^~~~~~~~
drivers/media/tuners/m88rs6000t.c:738:1: note: in expansion of macro ‘module_i2c_driver’
  738 | module_i2c_driver(m88rs6000t_driver);
      | ^~~~~~~~~~~~~~~~~
In file included from ./drivers/media/dvb-core/dvb_frontend.h:39,
                 from drivers/media/tuners/m88rs6000t.h:20,
                 from drivers/media/tuners/m88rs6000t.c:17:
./include/linux/module.h:132:6: warning: ‘init_module’ specifies less restrictive attribute than its target ‘m88rs6000t_driver_init’: ‘cold’ [-Wmissing-attributes]
  132 |  int init_module(void) __attribute__((alias(#initfn)));
      |      ^~~~~~~~~~~
./include/linux/device.h:1355:1: note: in expansion of macro ‘module_init’
 1355 | module_init(__driver##_init); \
      | ^~~~~~~~~~~
./include/linux/i2c.h:751:2: note: in expansion of macro ‘module_driver’
  751 |  module_driver(__i2c_driver, i2c_add_driver, \
      |  ^~~~~~~~~~~~~
drivers/media/tuners/m88rs6000t.c:738:1: note: in expansion of macro ‘module_i2c_driver’
  738 | module_i2c_driver(m88rs6000t_driver);
      | ^~~~~~~~~~~~~~~~~
In file included from ./include/linux/i2c.h:30,
                 from ./drivers/media/dvb-core/dvb_frontend.h:38,
                 from drivers/media/tuners/m88rs6000t.h:20,
                 from drivers/media/tuners/m88rs6000t.c:17:
drivers/media/tuners/m88rs6000t.c:738:19: note: ‘init_module’ target declared here
  738 | module_i2c_driver(m88rs6000t_driver);
      |                   ^~~~~~~~~~~~~~~~~
./include/linux/device.h:1351:19: note: in definition of macro ‘module_driver’
 1351 | static int __init __driver##_init(void) \
      |                   ^~~~~~~~
drivers/media/tuners/m88rs6000t.c:738:1: note: in expansion of macro ‘module_i2c_driver’
  738 | module_i2c_driver(m88rs6000t_driver);
      | ^~~~~~~~~~~~~~~~~
  LD      drivers/media/usb/as102/built-in.o
  CC [M]  drivers/media/usb/as102/as102_drv.o
In file included from drivers/media/usb/as102/as102_drv.c:19:
./include/linux/module.h:132:6: warning: ‘init_module’ specifies less restrictive attribute than its target ‘as102_usb_driver_init’: ‘cold’ [-Wmissing-attributes]
  132 |  int init_module(void) __attribute__((alias(#initfn)));
      |      ^~~~~~~~~~~
./include/linux/device.h:1355:1: note: in expansion of macro ‘module_init’
 1355 | module_init(__driver##_init); \
      | ^~~~~~~~~~~
./include/linux/usb.h:1195:2: note: in expansion of macro ‘module_driver’
 1195 |  module_driver(__usb_driver, usb_register, \
      |  ^~~~~~~~~~~~~
drivers/media/usb/as102/as102_drv.c:397:1: note: in expansion of macro ‘module_usb_driver’
  397 | module_usb_driver(as102_usb_driver);
      | ^~~~~~~~~~~~~~~~~
In file included from ./include/linux/usb/ch9.h:35,
                 from ./include/linux/usb.h:5,
                 from drivers/media/usb/as102/as102_drv.c:23:
drivers/media/usb/as102/as102_drv.c:397:19: note: ‘init_module’ target declared here
  397 | module_usb_driver(as102_usb_driver);
      |                   ^~~~~~~~~~~~~~~~
./include/linux/device.h:1351:19: note: in definition of macro ‘module_driver’
 1351 | static int __init __driver##_init(void) \
      |                   ^~~~~~~~
drivers/media/usb/as102/as102_drv.c:397:1: note: in expansion of macro ‘module_usb_driver’
  397 | module_usb_driver(as102_usb_driver);
      | ^~~~~~~~~~~~~~~~~
In file included from drivers/media/usb/as102/as102_drv.c:19:
./include/linux/module.h:138:7: warning: ‘cleanup_module’ specifies less restrictive attribute than its target ‘as102_usb_driver_exit’: ‘cold’ [-Wmissing-attributes]
  138 |  void cleanup_module(void) __attribute__((alias(#exitfn)));
      |       ^~~~~~~~~~~~~~
./include/linux/device.h:1360:1: note: in expansion of macro ‘module_exit’
 1360 | module_exit(__driver##_exit);
      | ^~~~~~~~~~~
./include/linux/usb.h:1195:2: note: in expansion of macro ‘module_driver’
 1195 |  module_driver(__usb_driver, usb_register, \
      |  ^~~~~~~~~~~~~
drivers/media/usb/as102/as102_drv.c:397:1: note: in expansion of macro ‘module_usb_driver’
  397 | module_usb_driver(as102_usb_driver);
      | ^~~~~~~~~~~~~~~~~
In file included from ./include/linux/usb/ch9.h:35,
                 from ./include/linux/usb.h:5,
                 from drivers/media/usb/as102/as102_drv.c:23:
drivers/media/usb/as102/as102_drv.c:397:19: note: ‘cleanup_module’ target declared here
  397 | module_usb_driver(as102_usb_driver);
      |                   ^~~~~~~~~~~~~~~~
./include/linux/device.h:1356:20: note: in definition of macro ‘module_driver’
 1356 | static void __exit __driver##_exit(void) \
      |                    ^~~~~~~~
drivers/media/usb/as102/as102_drv.c:397:1: note: in expansion of macro ‘module_usb_driver’
  397 | module_usb_driver(as102_usb_driver);
      | ^~~~~~~~~~~~~~~~~
  CC [M]  drivers/media/usb/as102/as102_fw.o
  CC [M]  drivers/media/usb/as102/as10x_cmd.o
  CC [M]  drivers/media/usb/as102/as10x_cmd_stream.o
  CC [M]  drivers/media/usb/as102/as102_usb_drv.o
  CC [M]  drivers/media/usb/as102/as10x_cmd_cfg.o
  LD [M]  drivers/media/usb/as102/dvb-as102.o
  LD      drivers/media/usb/au0828/built-in.o
  CC [M]  drivers/media/usb/au0828/au0828-core.o
In file included from drivers/media/dvb-core/dvb_frontend.h:39,
                 from drivers/media/usb/au0828/au0828.h:43,
                 from drivers/media/usb/au0828/au0828-core.c:22:
./include/linux/module.h:132:6: warning: ‘init_module’ specifies less restrictive attribute than its target ‘au0828_init’: ‘cold’ [-Wmissing-attributes]
  132 |  int init_module(void) __attribute__((alias(#initfn)));
      |      ^~~~~~~~~~~
drivers/media/usb/au0828/au0828-core.c:757:1: note: in expansion of macro ‘module_init’
  757 | module_init(au0828_init);
      | ^~~~~~~~~~~
drivers/media/usb/au0828/au0828-core.c:722:19: note: ‘init_module’ target declared here
  722 | static int __init au0828_init(void)
      |                   ^~~~~~~~~~~
In file included from drivers/media/dvb-core/dvb_frontend.h:39,
                 from drivers/media/usb/au0828/au0828.h:43,
                 from drivers/media/usb/au0828/au0828-core.c:22:
./include/linux/module.h:138:7: warning: ‘cleanup_module’ specifies less restrictive attribute than its target ‘au0828_exit’: ‘cold’ [-Wmissing-attributes]
  138 |  void cleanup_module(void) __attribute__((alias(#exitfn)));
      |       ^~~~~~~~~~~~~~
drivers/media/usb/au0828/au0828-core.c:758:1: note: in expansion of macro ‘module_exit’
  758 | module_exit(au0828_exit);
      | ^~~~~~~~~~~
drivers/media/usb/au0828/au0828-core.c:752:20: note: ‘cleanup_module’ target declared here
  752 | static void __exit au0828_exit(void)
      |                    ^~~~~~~~~~~
  CC [M]  drivers/media/usb/au0828/au0828-i2c.o
  CC [M]  drivers/media/usb/au0828/au0828-cards.o
  CC [M]  drivers/media/usb/au0828/au0828-dvb.o
  CC [M]  drivers/media/usb/au0828/au0828-video.o
  CC [M]  drivers/media/usb/au0828/au0828-vbi.o
  CC [M]  drivers/media/usb/au0828/au0828-input.o
  LD [M]  drivers/media/usb/au0828/au0828.o
  LD      drivers/media/usb/b2c2/built-in.o
  CC [M]  drivers/media/usb/b2c2/flexcop-usb.o
In file included from drivers/media/dvb-core/dvb_net.h:25,
                 from drivers/media/common/b2c2/flexcop-common.h:18,
                 from drivers/media/usb/b2c2/flexcop-usb.c:8:
./include/linux/module.h:138:7: warning: ‘cleanup_module’ specifies less restrictive attribute than its target ‘flexcop_usb_driver_exit’: ‘cold’ [-Wmissing-attributes]
  138 |  void cleanup_module(void) __attribute__((alias(#exitfn)));
      |       ^~~~~~~~~~~~~~
./include/linux/device.h:1360:1: note: in expansion of macro ‘module_exit’
 1360 | module_exit(__driver##_exit);
      | ^~~~~~~~~~~
./include/linux/usb.h:1195:2: note: in expansion of macro ‘module_driver’
 1195 |  module_driver(__usb_driver, usb_register, \
      |  ^~~~~~~~~~~~~
drivers/media/usb/b2c2/flexcop-usb.c:614:1: note: in expansion of macro ‘module_usb_driver’
  614 | module_usb_driver(flexcop_usb_driver);
      | ^~~~~~~~~~~~~~~~~
In file included from ./include/linux/usb/ch9.h:35,
                 from ./include/linux/usb.h:5,
                 from drivers/media/usb/b2c2/flexcop-usb.h:9,
                 from drivers/media/usb/b2c2/flexcop-usb.c:7:
drivers/media/usb/b2c2/flexcop-usb.c:614:19: note: ‘cleanup_module’ target declared here
  614 | module_usb_driver(flexcop_usb_driver);
      |                   ^~~~~~~~~~~~~~~~~~
./include/linux/device.h:1356:20: note: in definition of macro ‘module_driver’
 1356 | static void __exit __driver##_exit(void) \
      |                    ^~~~~~~~
drivers/media/usb/b2c2/flexcop-usb.c:614:1: note: in expansion of macro ‘module_usb_driver’
  614 | module_usb_driver(flexcop_usb_driver);
      | ^~~~~~~~~~~~~~~~~
In file included from drivers/media/dvb-core/dvb_net.h:25,
                 from drivers/media/common/b2c2/flexcop-common.h:18,
                 from drivers/media/usb/b2c2/flexcop-usb.c:8:
./include/linux/module.h:132:6: warning: ‘init_module’ specifies less restrictive attribute than its target ‘flexcop_usb_driver_init’: ‘cold’ [-Wmissing-attributes]
  132 |  int init_module(void) __attribute__((alias(#initfn)));
      |      ^~~~~~~~~~~
./include/linux/device.h:1355:1: note: in expansion of macro ‘module_init’
 1355 | module_init(__driver##_init); \
      | ^~~~~~~~~~~
./include/linux/usb.h:1195:2: note: in expansion of macro ‘module_driver’
 1195 |  module_driver(__usb_driver, usb_register, \
      |  ^~~~~~~~~~~~~
drivers/media/usb/b2c2/flexcop-usb.c:614:1: note: in expansion of macro ‘module_usb_driver’
  614 | module_usb_driver(flexcop_usb_driver);
      | ^~~~~~~~~~~~~~~~~
In file included from ./include/linux/usb/ch9.h:35,
                 from ./include/linux/usb.h:5,
                 from drivers/media/usb/b2c2/flexcop-usb.h:9,
                 from drivers/media/usb/b2c2/flexcop-usb.c:7:
drivers/media/usb/b2c2/flexcop-usb.c:614:19: note: ‘init_module’ target declared here
  614 | module_usb_driver(flexcop_usb_driver);
      |                   ^~~~~~~~~~~~~~~~~~
./include/linux/device.h:1351:19: note: in definition of macro ‘module_driver’
 1351 | static int __init __driver##_init(void) \
      |                   ^~~~~~~~
drivers/media/usb/b2c2/flexcop-usb.c:614:1: note: in expansion of macro ‘module_usb_driver’
  614 | module_usb_driver(flexcop_usb_driver);
      | ^~~~~~~~~~~~~~~~~
  LD [M]  drivers/media/usb/b2c2/b2c2-flexcop-usb.o
  LD      drivers/media/usb/cpia2/built-in.o
  CC [M]  drivers/media/usb/cpia2/cpia2_v4l.o
In file included from drivers/media/usb/cpia2/cpia2_v4l.c:34:
./include/linux/module.h:132:6: warning: ‘init_module’ specifies less restrictive attribute than its target ‘cpia2_init’: ‘cold’ [-Wmissing-attributes]
  132 |  int init_module(void) __attribute__((alias(#initfn)));
      |      ^~~~~~~~~~~
drivers/media/usb/cpia2/cpia2_v4l.c:1267:1: note: in expansion of macro ‘module_init’
 1267 | module_init(cpia2_init);
      | ^~~~~~~~~~~
drivers/media/usb/cpia2/cpia2_v4l.c:1246:19: note: ‘init_module’ target declared here
 1246 | static int __init cpia2_init(void)
      |                   ^~~~~~~~~~
In file included from drivers/media/usb/cpia2/cpia2_v4l.c:34:
./include/linux/module.h:138:7: warning: ‘cleanup_module’ specifies less restrictive attribute than its target ‘cpia2_exit’: ‘cold’ [-Wmissing-attributes]
  138 |  void cleanup_module(void) __attribute__((alias(#exitfn)));
      |       ^~~~~~~~~~~~~~
drivers/media/usb/cpia2/cpia2_v4l.c:1268:1: note: in expansion of macro ‘module_exit’
 1268 | module_exit(cpia2_exit);
      | ^~~~~~~~~~~
drivers/media/usb/cpia2/cpia2_v4l.c:1261:20: note: ‘cleanup_module’ target declared here
 1261 | static void __exit cpia2_exit(void)
      |                    ^~~~~~~~~~
  CC [M]  drivers/media/usb/cpia2/cpia2_usb.o
  CC [M]  drivers/media/usb/cpia2/cpia2_core.o
  LD [M]  drivers/media/usb/cpia2/cpia2.o
  LD      drivers/media/usb/cx231xx/built-in.o
  CC [M]  drivers/media/usb/cx231xx/cx231xx-video.o
  CC [M]  drivers/media/usb/cx231xx/cx231xx-i2c.o
  CC [M]  drivers/media/usb/cx231xx/cx231xx-cards.o
In file included from drivers/media/dvb-core/dvb_net.h:25,
                 from ./include/media/videobuf-dvb.h:4,
                 from drivers/media/usb/cx231xx/cx231xx.h:41,
                 from drivers/media/usb/cx231xx/cx231xx-cards.c:23:
./include/linux/module.h:138:7: warning: ‘cleanup_module’ specifies less restrictive attribute than its target ‘cx231xx_usb_driver_exit’: ‘cold’ [-Wmissing-attributes]
  138 |  void cleanup_module(void) __attribute__((alias(#exitfn)));
      |       ^~~~~~~~~~~~~~
./include/linux/device.h:1360:1: note: in expansion of macro ‘module_exit’
 1360 | module_exit(__driver##_exit);
      | ^~~~~~~~~~~
./include/linux/usb.h:1195:2: note: in expansion of macro ‘module_driver’
 1195 |  module_driver(__usb_driver, usb_register, \
      |  ^~~~~~~~~~~~~
drivers/media/usb/cx231xx/cx231xx-cards.c:1816:1: note: in expansion of macro ‘module_usb_driver’
 1816 | module_usb_driver(cx231xx_usb_driver);
      | ^~~~~~~~~~~~~~~~~
In file included from ./include/linux/i2c.h:30,
                 from drivers/media/usb/cx231xx/cx231xx.h:28,
                 from drivers/media/usb/cx231xx/cx231xx-cards.c:23:
drivers/media/usb/cx231xx/cx231xx-cards.c:1816:19: note: ‘cleanup_module’ target declared here
 1816 | module_usb_driver(cx231xx_usb_driver);
      |                   ^~~~~~~~~~~~~~~~~~
./include/linux/device.h:1356:20: note: in definition of macro ‘module_driver’
 1356 | static void __exit __driver##_exit(void) \
      |                    ^~~~~~~~
drivers/media/usb/cx231xx/cx231xx-cards.c:1816:1: note: in expansion of macro ‘module_usb_driver’
 1816 | module_usb_driver(cx231xx_usb_driver);
      | ^~~~~~~~~~~~~~~~~
In file included from drivers/media/dvb-core/dvb_net.h:25,
                 from ./include/media/videobuf-dvb.h:4,
                 from drivers/media/usb/cx231xx/cx231xx.h:41,
                 from drivers/media/usb/cx231xx/cx231xx-cards.c:23:
./include/linux/module.h:132:6: warning: ‘init_module’ specifies less restrictive attribute than its target ‘cx231xx_usb_driver_init’: ‘cold’ [-Wmissing-attributes]
  132 |  int init_module(void) __attribute__((alias(#initfn)));
      |      ^~~~~~~~~~~
./include/linux/device.h:1355:1: note: in expansion of macro ‘module_init’
 1355 | module_init(__driver##_init); \
      | ^~~~~~~~~~~
./include/linux/usb.h:1195:2: note: in expansion of macro ‘module_driver’
 1195 |  module_driver(__usb_driver, usb_register, \
      |  ^~~~~~~~~~~~~
drivers/media/usb/cx231xx/cx231xx-cards.c:1816:1: note: in expansion of macro ‘module_usb_driver’
 1816 | module_usb_driver(cx231xx_usb_driver);
      | ^~~~~~~~~~~~~~~~~
In file included from ./include/linux/i2c.h:30,
                 from drivers/media/usb/cx231xx/cx231xx.h:28,
                 from drivers/media/usb/cx231xx/cx231xx-cards.c:23:
drivers/media/usb/cx231xx/cx231xx-cards.c:1816:19: note: ‘init_module’ target declared here
 1816 | module_usb_driver(cx231xx_usb_driver);
      |                   ^~~~~~~~~~~~~~~~~~
./include/linux/device.h:1351:19: note: in definition of macro ‘module_driver’
 1351 | static int __init __driver##_init(void) \
      |                   ^~~~~~~~
drivers/media/usb/cx231xx/cx231xx-cards.c:1816:1: note: in expansion of macro ‘module_usb_driver’
 1816 | module_usb_driver(cx231xx_usb_driver);
      | ^~~~~~~~~~~~~~~~~
  CC [M]  drivers/media/usb/cx231xx/cx231xx-core.o
  CC [M]  drivers/media/usb/cx231xx/cx231xx-avcore.o
  CC [M]  drivers/media/usb/cx231xx/cx231xx-417.o
  CC [M]  drivers/media/usb/cx231xx/cx231xx-pcb-cfg.o
  CC [M]  drivers/media/usb/cx231xx/cx231xx-vbi.o
  CC [M]  drivers/media/usb/cx231xx/cx231xx-input.o
  LD [M]  drivers/media/usb/cx231xx/cx231xx.o
  CC [M]  drivers/media/usb/cx231xx/cx231xx-audio.o
In file included from drivers/media/dvb-core/dvb_net.h:25,
                 from ./include/media/videobuf-dvb.h:4,
                 from drivers/media/usb/cx231xx/cx231xx.h:41,
                 from drivers/media/usb/cx231xx/cx231xx-audio.c:23:
./include/linux/module.h:132:6: warning: ‘init_module’ specifies less restrictive attribute than its target ‘cx231xx_alsa_register’: ‘cold’ [-Wmissing-attributes]
  132 |  int init_module(void) __attribute__((alias(#initfn)));
      |      ^~~~~~~~~~~
drivers/media/usb/cx231xx/cx231xx-audio.c:792:1: note: in expansion of macro ‘module_init’
  792 | module_init(cx231xx_alsa_register);
      | ^~~~~~~~~~~
drivers/media/usb/cx231xx/cx231xx-audio.c:778:19: note: ‘init_module’ target declared here
  778 | static int __init cx231xx_alsa_register(void)
      |                   ^~~~~~~~~~~~~~~~~~~~~
In file included from drivers/media/dvb-core/dvb_net.h:25,
                 from ./include/media/videobuf-dvb.h:4,
                 from drivers/media/usb/cx231xx/cx231xx.h:41,
                 from drivers/media/usb/cx231xx/cx231xx-audio.c:23:
./include/linux/module.h:138:7: warning: ‘cleanup_module’ specifies less restrictive attribute than its target ‘cx231xx_alsa_unregister’: ‘cold’ [-Wmissing-attributes]
  138 |  void cleanup_module(void) __attribute__((alias(#exitfn)));
      |       ^~~~~~~~~~~~~~
drivers/media/usb/cx231xx/cx231xx-audio.c:793:1: note: in expansion of macro ‘module_exit’
  793 | module_exit(cx231xx_alsa_unregister);
      | ^~~~~~~~~~~
drivers/media/usb/cx231xx/cx231xx-audio.c:783:20: note: ‘cleanup_module’ target declared here
  783 | static void __exit cx231xx_alsa_unregister(void)
      |                    ^~~~~~~~~~~~~~~~~~~~~~~
  LD [M]  drivers/media/usb/cx231xx/cx231xx-alsa.o
  CC [M]  drivers/media/usb/cx231xx/cx231xx-dvb.o
In file included from drivers/media/dvb-core/dvb_net.h:25,
                 from ./include/media/videobuf-dvb.h:4,
                 from drivers/media/usb/cx231xx/cx231xx.h:41,
                 from drivers/media/usb/cx231xx/cx231xx-dvb.c:22:
./include/linux/module.h:132:6: warning: ‘init_module’ specifies less restrictive attribute than its target ‘cx231xx_dvb_register’: ‘cold’ [-Wmissing-attributes]
  132 |  int init_module(void) __attribute__((alias(#initfn)));
      |      ^~~~~~~~~~~
drivers/media/usb/cx231xx/cx231xx-dvb.c:1017:1: note: in expansion of macro ‘module_init’
 1017 | module_init(cx231xx_dvb_register);
      | ^~~~~~~~~~~
drivers/media/usb/cx231xx/cx231xx-dvb.c:1007:19: note: ‘init_module’ target declared here
 1007 | static int __init cx231xx_dvb_register(void)
      |                   ^~~~~~~~~~~~~~~~~~~~
In file included from drivers/media/dvb-core/dvb_net.h:25,
                 from ./include/media/videobuf-dvb.h:4,
                 from drivers/media/usb/cx231xx/cx231xx.h:41,
                 from drivers/media/usb/cx231xx/cx231xx-dvb.c:22:
./include/linux/module.h:138:7: warning: ‘cleanup_module’ specifies less restrictive attribute than its target ‘cx231xx_dvb_unregister’: ‘cold’ [-Wmissing-attributes]
  138 |  void cleanup_module(void) __attribute__((alias(#exitfn)));
      |       ^~~~~~~~~~~~~~
drivers/media/usb/cx231xx/cx231xx-dvb.c:1018:1: note: in expansion of macro ‘module_exit’
 1018 | module_exit(cx231xx_dvb_unregister);
      | ^~~~~~~~~~~
drivers/media/usb/cx231xx/cx231xx-dvb.c:1012:20: note: ‘cleanup_module’ target declared here
 1012 | static void __exit cx231xx_dvb_unregister(void)
      |                    ^~~~~~~~~~~~~~~~~~~~~~
  LD      drivers/media/usb/dvb-usb/built-in.o
  CC [M]  drivers/media/usb/dvb-usb/dvb-usb-firmware.o
  CC [M]  drivers/media/usb/dvb-usb/dvb-usb-init.o
  CC [M]  drivers/media/usb/dvb-usb/dvb-usb-urb.o
  CC [M]  drivers/media/usb/dvb-usb/dvb-usb-i2c.o
  CC [M]  drivers/media/usb/dvb-usb/dvb-usb-dvb.o
  CC [M]  drivers/media/usb/dvb-usb/dvb-usb-remote.o
  CC [M]  drivers/media/usb/dvb-usb/usb-urb.o
  LD [M]  drivers/media/usb/dvb-usb/dvb-usb.o
  CC [M]  drivers/media/usb/dvb-usb/vp7045.o
In file included from ./drivers/media/dvb-core/dvb_frontend.h:39,
                 from drivers/media/usb/dvb-usb/dvb-usb.h:19,
                 from drivers/media/usb/dvb-usb/vp7045.h:18,
                 from drivers/media/usb/dvb-usb/vp7045.c:15:
./include/linux/module.h:138:7: warning: ‘cleanup_module’ specifies less restrictive attribute than its target ‘vp7045_usb_driver_exit’: ‘cold’ [-Wmissing-attributes]
  138 |  void cleanup_module(void) __attribute__((alias(#exitfn)));
      |       ^~~~~~~~~~~~~~
./include/linux/device.h:1360:1: note: in expansion of macro ‘module_exit’
 1360 | module_exit(__driver##_exit);
      | ^~~~~~~~~~~
./include/linux/usb.h:1195:2: note: in expansion of macro ‘module_driver’
 1195 |  module_driver(__usb_driver, usb_register, \
      |  ^~~~~~~~~~~~~
drivers/media/usb/dvb-usb/vp7045.c:297:1: note: in expansion of macro ‘module_usb_driver’
  297 | module_usb_driver(vp7045_usb_driver);
      | ^~~~~~~~~~~~~~~~~
In file included from ./include/linux/input.h:22,
                 from drivers/media/usb/dvb-usb/dvb-usb.h:13,
                 from drivers/media/usb/dvb-usb/vp7045.h:18,
                 from drivers/media/usb/dvb-usb/vp7045.c:15:
drivers/media/usb/dvb-usb/vp7045.c:297:19: note: ‘cleanup_module’ target declared here
  297 | module_usb_driver(vp7045_usb_driver);
      |                   ^~~~~~~~~~~~~~~~~
./include/linux/device.h:1356:20: note: in definition of macro ‘module_driver’
 1356 | static void __exit __driver##_exit(void) \
      |                    ^~~~~~~~
drivers/media/usb/dvb-usb/vp7045.c:297:1: note: in expansion of macro ‘module_usb_driver’
  297 | module_usb_driver(vp7045_usb_driver);
      | ^~~~~~~~~~~~~~~~~
In file included from ./drivers/media/dvb-core/dvb_frontend.h:39,
                 from drivers/media/usb/dvb-usb/dvb-usb.h:19,
                 from drivers/media/usb/dvb-usb/vp7045.h:18,
                 from drivers/media/usb/dvb-usb/vp7045.c:15:
./include/linux/module.h:132:6: warning: ‘init_module’ specifies less restrictive attribute than its target ‘vp7045_usb_driver_init’: ‘cold’ [-Wmissing-attributes]
  132 |  int init_module(void) __attribute__((alias(#initfn)));
      |      ^~~~~~~~~~~
./include/linux/device.h:1355:1: note: in expansion of macro ‘module_init’
 1355 | module_init(__driver##_init); \
      | ^~~~~~~~~~~
./include/linux/usb.h:1195:2: note: in expansion of macro ‘module_driver’
 1195 |  module_driver(__usb_driver, usb_register, \
      |  ^~~~~~~~~~~~~
drivers/media/usb/dvb-usb/vp7045.c:297:1: note: in expansion of macro ‘module_usb_driver’
  297 | module_usb_driver(vp7045_usb_driver);
      | ^~~~~~~~~~~~~~~~~
In file included from ./include/linux/input.h:22,
                 from drivers/media/usb/dvb-usb/dvb-usb.h:13,
                 from drivers/media/usb/dvb-usb/vp7045.h:18,
                 from drivers/media/usb/dvb-usb/vp7045.c:15:
drivers/media/usb/dvb-usb/vp7045.c:297:19: note: ‘init_module’ target declared here
  297 | module_usb_driver(vp7045_usb_driver);
      |                   ^~~~~~~~~~~~~~~~~
./include/linux/device.h:1351:19: note: in definition of macro ‘module_driver’
 1351 | static int __init __driver##_init(void) \
      |                   ^~~~~~~~
drivers/media/usb/dvb-usb/vp7045.c:297:1: note: in expansion of macro ‘module_usb_driver’
  297 | module_usb_driver(vp7045_usb_driver);
      | ^~~~~~~~~~~~~~~~~
  CC [M]  drivers/media/usb/dvb-usb/vp7045-fe.o
  LD [M]  drivers/media/usb/dvb-usb/dvb-usb-vp7045.o
  CC [M]  drivers/media/usb/dvb-usb/vp702x.o
In file included from ./drivers/media/dvb-core/dvb_frontend.h:39,
                 from drivers/media/usb/dvb-usb/dvb-usb.h:19,
                 from drivers/media/usb/dvb-usb/vp702x.h:5,
                 from drivers/media/usb/dvb-usb/vp702x.c:17:
./include/linux/module.h:138:7: warning: ‘cleanup_module’ specifies less restrictive attribute than its target ‘vp702x_usb_driver_exit’: ‘cold’ [-Wmissing-attributes]
  138 |  void cleanup_module(void) __attribute__((alias(#exitfn)));
      |       ^~~~~~~~~~~~~~
./include/linux/device.h:1360:1: note: in expansion of macro ‘module_exit’
 1360 | module_exit(__driver##_exit);
      | ^~~~~~~~~~~
./include/linux/usb.h:1195:2: note: in expansion of macro ‘module_driver’
 1195 |  module_driver(__usb_driver, usb_register, \
      |  ^~~~~~~~~~~~~
drivers/media/usb/dvb-usb/vp702x.c:440:1: note: in expansion of macro ‘module_usb_driver’
  440 | module_usb_driver(vp702x_usb_driver);
      | ^~~~~~~~~~~~~~~~~
In file included from ./include/linux/input.h:22,
                 from drivers/media/usb/dvb-usb/dvb-usb.h:13,
                 from drivers/media/usb/dvb-usb/vp702x.h:5,
                 from drivers/media/usb/dvb-usb/vp702x.c:17:
drivers/media/usb/dvb-usb/vp702x.c:440:19: note: ‘cleanup_module’ target declared here
  440 | module_usb_driver(vp702x_usb_driver);
      |                   ^~~~~~~~~~~~~~~~~
./include/linux/device.h:1356:20: note: in definition of macro ‘module_driver’
 1356 | static void __exit __driver##_exit(void) \
      |                    ^~~~~~~~
drivers/media/usb/dvb-usb/vp702x.c:440:1: note: in expansion of macro ‘module_usb_driver’
  440 | module_usb_driver(vp702x_usb_driver);
      | ^~~~~~~~~~~~~~~~~
In file included from ./drivers/media/dvb-core/dvb_frontend.h:39,
                 from drivers/media/usb/dvb-usb/dvb-usb.h:19,
                 from drivers/media/usb/dvb-usb/vp702x.h:5,
                 from drivers/media/usb/dvb-usb/vp702x.c:17:
./include/linux/module.h:132:6: warning: ‘init_module’ specifies less restrictive attribute than its target ‘vp702x_usb_driver_init’: ‘cold’ [-Wmissing-attributes]
  132 |  int init_module(void) __attribute__((alias(#initfn)));
      |      ^~~~~~~~~~~
./include/linux/device.h:1355:1: note: in expansion of macro ‘module_init’
 1355 | module_init(__driver##_init); \
      | ^~~~~~~~~~~
./include/linux/usb.h:1195:2: note: in expansion of macro ‘module_driver’
 1195 |  module_driver(__usb_driver, usb_register, \
      |  ^~~~~~~~~~~~~
drivers/media/usb/dvb-usb/vp702x.c:440:1: note: in expansion of macro ‘module_usb_driver’
  440 | module_usb_driver(vp702x_usb_driver);
      | ^~~~~~~~~~~~~~~~~
In file included from ./include/linux/input.h:22,
                 from drivers/media/usb/dvb-usb/dvb-usb.h:13,
                 from drivers/media/usb/dvb-usb/vp702x.h:5,
                 from drivers/media/usb/dvb-usb/vp702x.c:17:
drivers/media/usb/dvb-usb/vp702x.c:440:19: note: ‘init_module’ target declared here
  440 | module_usb_driver(vp702x_usb_driver);
      |                   ^~~~~~~~~~~~~~~~~
./include/linux/device.h:1351:19: note: in definition of macro ‘module_driver’
 1351 | static int __init __driver##_init(void) \
      |                   ^~~~~~~~
drivers/media/usb/dvb-usb/vp702x.c:440:1: note: in expansion of macro ‘module_usb_driver’
  440 | module_usb_driver(vp702x_usb_driver);
      | ^~~~~~~~~~~~~~~~~
  CC [M]  drivers/media/usb/dvb-usb/vp702x-fe.o
  LD [M]  drivers/media/usb/dvb-usb/dvb-usb-vp702x.o
  CC [M]  drivers/media/usb/dvb-usb/gp8psk.o
In file included from ./drivers/media/dvb-core/dvb_frontend.h:39,
                 from drivers/media/usb/dvb-usb/dvb-usb.h:19,
                 from drivers/media/usb/dvb-usb/gp8psk.h:21,
                 from drivers/media/usb/dvb-usb/gp8psk.c:17:
./include/linux/module.h:138:7: warning: ‘cleanup_module’ specifies less restrictive attribute than its target ‘gp8psk_usb_driver_exit’: ‘cold’ [-Wmissing-attributes]
  138 |  void cleanup_module(void) __attribute__((alias(#exitfn)));
      |       ^~~~~~~~~~~~~~
./include/linux/device.h:1360:1: note: in expansion of macro ‘module_exit’
 1360 | module_exit(__driver##_exit);
      | ^~~~~~~~~~~
./include/linux/usb.h:1195:2: note: in expansion of macro ‘module_driver’
 1195 |  module_driver(__usb_driver, usb_register, \
      |  ^~~~~~~~~~~~~
drivers/media/usb/dvb-usb/gp8psk.c:389:1: note: in expansion of macro ‘module_usb_driver’
  389 | module_usb_driver(gp8psk_usb_driver);
      | ^~~~~~~~~~~~~~~~~
In file included from ./include/linux/input.h:22,
                 from drivers/media/usb/dvb-usb/dvb-usb.h:13,
                 from drivers/media/usb/dvb-usb/gp8psk.h:21,
                 from drivers/media/usb/dvb-usb/gp8psk.c:17:
drivers/media/usb/dvb-usb/gp8psk.c:389:19: note: ‘cleanup_module’ target declared here
  389 | module_usb_driver(gp8psk_usb_driver);
      |                   ^~~~~~~~~~~~~~~~~
./include/linux/device.h:1356:20: note: in definition of macro ‘module_driver’
 1356 | static void __exit __driver##_exit(void) \
      |                    ^~~~~~~~
drivers/media/usb/dvb-usb/gp8psk.c:389:1: note: in expansion of macro ‘module_usb_driver’
  389 | module_usb_driver(gp8psk_usb_driver);
      | ^~~~~~~~~~~~~~~~~
In file included from ./drivers/media/dvb-core/dvb_frontend.h:39,
                 from drivers/media/usb/dvb-usb/dvb-usb.h:19,
                 from drivers/media/usb/dvb-usb/gp8psk.h:21,
                 from drivers/media/usb/dvb-usb/gp8psk.c:17:
./include/linux/module.h:132:6: warning: ‘init_module’ specifies less restrictive attribute than its target ‘gp8psk_usb_driver_init’: ‘cold’ [-Wmissing-attributes]
  132 |  int init_module(void) __attribute__((alias(#initfn)));
      |      ^~~~~~~~~~~
./include/linux/device.h:1355:1: note: in expansion of macro ‘module_init’
 1355 | module_init(__driver##_init); \
      | ^~~~~~~~~~~
./include/linux/usb.h:1195:2: note: in expansion of macro ‘module_driver’
 1195 |  module_driver(__usb_driver, usb_register, \
      |  ^~~~~~~~~~~~~
drivers/media/usb/dvb-usb/gp8psk.c:389:1: note: in expansion of macro ‘module_usb_driver’
  389 | module_usb_driver(gp8psk_usb_driver);
      | ^~~~~~~~~~~~~~~~~
In file included from ./include/linux/input.h:22,
                 from drivers/media/usb/dvb-usb/dvb-usb.h:13,
                 from drivers/media/usb/dvb-usb/gp8psk.h:21,
                 from drivers/media/usb/dvb-usb/gp8psk.c:17:
drivers/media/usb/dvb-usb/gp8psk.c:389:19: note: ‘init_module’ target declared here
  389 | module_usb_driver(gp8psk_usb_driver);
      |                   ^~~~~~~~~~~~~~~~~
./include/linux/device.h:1351:19: note: in definition of macro ‘module_driver’
 1351 | static int __init __driver##_init(void) \
      |                   ^~~~~~~~
drivers/media/usb/dvb-usb/gp8psk.c:389:1: note: in expansion of macro ‘module_usb_driver’
  389 | module_usb_driver(gp8psk_usb_driver);
      | ^~~~~~~~~~~~~~~~~
  LD [M]  drivers/media/usb/dvb-usb/dvb-usb-gp8psk.o
  CC [M]  drivers/media/usb/dvb-usb/dtt200u.o
In file included from ./drivers/media/dvb-core/dvb_frontend.h:39,
                 from drivers/media/usb/dvb-usb/dvb-usb.h:19,
                 from drivers/media/usb/dvb-usb/dtt200u.h:17,
                 from drivers/media/usb/dvb-usb/dtt200u.c:14:
./include/linux/module.h:138:7: warning: ‘cleanup_module’ specifies less restrictive attribute than its target ‘dtt200u_usb_driver_exit’: ‘cold’ [-Wmissing-attributes]
  138 |  void cleanup_module(void) __attribute__((alias(#exitfn)));
      |       ^~~~~~~~~~~~~~
./include/linux/device.h:1360:1: note: in expansion of macro ‘module_exit’
 1360 | module_exit(__driver##_exit);
      | ^~~~~~~~~~~
./include/linux/usb.h:1195:2: note: in expansion of macro ‘module_driver’
 1195 |  module_driver(__usb_driver, usb_register, \
      |  ^~~~~~~~~~~~~
drivers/media/usb/dvb-usb/dtt200u.c:416:1: note: in expansion of macro ‘module_usb_driver’
  416 | module_usb_driver(dtt200u_usb_driver);
      | ^~~~~~~~~~~~~~~~~
In file included from ./include/linux/input.h:22,
                 from drivers/media/usb/dvb-usb/dvb-usb.h:13,
                 from drivers/media/usb/dvb-usb/dtt200u.h:17,
                 from drivers/media/usb/dvb-usb/dtt200u.c:14:
drivers/media/usb/dvb-usb/dtt200u.c:416:19: note: ‘cleanup_module’ target declared here
  416 | module_usb_driver(dtt200u_usb_driver);
      |                   ^~~~~~~~~~~~~~~~~~
./include/linux/device.h:1356:20: note: in definition of macro ‘module_driver’
 1356 | static void __exit __driver##_exit(void) \
      |                    ^~~~~~~~
drivers/media/usb/dvb-usb/dtt200u.c:416:1: note: in expansion of macro ‘module_usb_driver’
  416 | module_usb_driver(dtt200u_usb_driver);
      | ^~~~~~~~~~~~~~~~~
In file included from ./drivers/media/dvb-core/dvb_frontend.h:39,
                 from drivers/media/usb/dvb-usb/dvb-usb.h:19,
                 from drivers/media/usb/dvb-usb/dtt200u.h:17,
                 from drivers/media/usb/dvb-usb/dtt200u.c:14:
./include/linux/module.h:132:6: warning: ‘init_module’ specifies less restrictive attribute than its target ‘dtt200u_usb_driver_init’: ‘cold’ [-Wmissing-attributes]
  132 |  int init_module(void) __attribute__((alias(#initfn)));
      |      ^~~~~~~~~~~
./include/linux/device.h:1355:1: note: in expansion of macro ‘module_init’
 1355 | module_init(__driver##_init); \
      | ^~~~~~~~~~~
./include/linux/usb.h:1195:2: note: in expansion of macro ‘module_driver’
 1195 |  module_driver(__usb_driver, usb_register, \
      |  ^~~~~~~~~~~~~
drivers/media/usb/dvb-usb/dtt200u.c:416:1: note: in expansion of macro ‘module_usb_driver’
  416 | module_usb_driver(dtt200u_usb_driver);
      | ^~~~~~~~~~~~~~~~~
In file included from ./include/linux/input.h:22,
                 from drivers/media/usb/dvb-usb/dvb-usb.h:13,
                 from drivers/media/usb/dvb-usb/dtt200u.h:17,
                 from drivers/media/usb/dvb-usb/dtt200u.c:14:
drivers/media/usb/dvb-usb/dtt200u.c:416:19: note: ‘init_module’ target declared here
  416 | module_usb_driver(dtt200u_usb_driver);
      |                   ^~~~~~~~~~~~~~~~~~
./include/linux/device.h:1351:19: note: in definition of macro ‘module_driver’
 1351 | static int __init __driver##_init(void) \
      |                   ^~~~~~~~
drivers/media/usb/dvb-usb/dtt200u.c:416:1: note: in expansion of macro ‘module_usb_driver’
  416 | module_usb_driver(dtt200u_usb_driver);
      | ^~~~~~~~~~~~~~~~~
  CC [M]  drivers/media/usb/dvb-usb/dtt200u-fe.o
  LD [M]  drivers/media/usb/dvb-usb/dvb-usb-dtt200u.o
  CC [M]  drivers/media/usb/dvb-usb/dibusb-common.o
  LD [M]  drivers/media/usb/dvb-usb/dvb-usb-dibusb-common.o
  CC [M]  drivers/media/usb/dvb-usb/dibusb-mc-common.o
  LD [M]  drivers/media/usb/dvb-usb/dvb-usb-dibusb-mc-common.o
  CC [M]  drivers/media/usb/dvb-usb/a800.o
In file included from ./drivers/media/dvb-core/dvb_frontend.h:39,
                 from drivers/media/usb/dvb-usb/dvb-usb.h:19,
                 from drivers/media/usb/dvb-usb/dibusb.h:17,
                 from drivers/media/usb/dvb-usb/a800.c:16:
./include/linux/module.h:138:7: warning: ‘cleanup_module’ specifies less restrictive attribute than its target ‘a800_driver_exit’: ‘cold’ [-Wmissing-attributes]
  138 |  void cleanup_module(void) __attribute__((alias(#exitfn)));
      |       ^~~~~~~~~~~~~~
./include/linux/device.h:1360:1: note: in expansion of macro ‘module_exit’
 1360 | module_exit(__driver##_exit);
      | ^~~~~~~~~~~
./include/linux/usb.h:1195:2: note: in expansion of macro ‘module_driver’
 1195 |  module_driver(__usb_driver, usb_register, \
      |  ^~~~~~~~~~~~~
drivers/media/usb/dvb-usb/a800.c:186:1: note: in expansion of macro ‘module_usb_driver’
  186 | module_usb_driver(a800_driver);
      | ^~~~~~~~~~~~~~~~~
In file included from ./include/linux/input.h:22,
                 from drivers/media/usb/dvb-usb/dvb-usb.h:13,
                 from drivers/media/usb/dvb-usb/dibusb.h:17,
                 from drivers/media/usb/dvb-usb/a800.c:16:
drivers/media/usb/dvb-usb/a800.c:186:19: note: ‘cleanup_module’ target declared here
  186 | module_usb_driver(a800_driver);
      |                   ^~~~~~~~~~~
./include/linux/device.h:1356:20: note: in definition of macro ‘module_driver’
 1356 | static void __exit __driver##_exit(void) \
      |                    ^~~~~~~~
drivers/media/usb/dvb-usb/a800.c:186:1: note: in expansion of macro ‘module_usb_driver’
  186 | module_usb_driver(a800_driver);
      | ^~~~~~~~~~~~~~~~~
In file included from ./drivers/media/dvb-core/dvb_frontend.h:39,
                 from drivers/media/usb/dvb-usb/dvb-usb.h:19,
                 from drivers/media/usb/dvb-usb/dibusb.h:17,
                 from drivers/media/usb/dvb-usb/a800.c:16:
./include/linux/module.h:132:6: warning: ‘init_module’ specifies less restrictive attribute than its target ‘a800_driver_init’: ‘cold’ [-Wmissing-attributes]
  132 |  int init_module(void) __attribute__((alias(#initfn)));
      |      ^~~~~~~~~~~
./include/linux/device.h:1355:1: note: in expansion of macro ‘module_init’
 1355 | module_init(__driver##_init); \
      | ^~~~~~~~~~~
./include/linux/usb.h:1195:2: note: in expansion of macro ‘module_driver’
 1195 |  module_driver(__usb_driver, usb_register, \
      |  ^~~~~~~~~~~~~
drivers/media/usb/dvb-usb/a800.c:186:1: note: in expansion of macro ‘module_usb_driver’
  186 | module_usb_driver(a800_driver);
      | ^~~~~~~~~~~~~~~~~
In file included from ./include/linux/input.h:22,
                 from drivers/media/usb/dvb-usb/dvb-usb.h:13,
                 from drivers/media/usb/dvb-usb/dibusb.h:17,
                 from drivers/media/usb/dvb-usb/a800.c:16:
drivers/media/usb/dvb-usb/a800.c:186:19: note: ‘init_module’ target declared here
  186 | module_usb_driver(a800_driver);
      |                   ^~~~~~~~~~~
./include/linux/device.h:1351:19: note: in definition of macro ‘module_driver’
 1351 | static int __init __driver##_init(void) \
      |                   ^~~~~~~~
drivers/media/usb/dvb-usb/a800.c:186:1: note: in expansion of macro ‘module_usb_driver’
  186 | module_usb_driver(a800_driver);
      | ^~~~~~~~~~~~~~~~~
  LD [M]  drivers/media/usb/dvb-usb/dvb-usb-a800.o
  CC [M]  drivers/media/usb/dvb-usb/dibusb-mb.o
In file included from ./drivers/media/dvb-core/dvb_frontend.h:39,
                 from drivers/media/usb/dvb-usb/dvb-usb.h:19,
                 from drivers/media/usb/dvb-usb/dibusb.h:17,
                 from drivers/media/usb/dvb-usb/dibusb-mb.c:15:
./include/linux/module.h:138:7: warning: ‘cleanup_module’ specifies less restrictive attribute than its target ‘dibusb_driver_exit’: ‘cold’ [-Wmissing-attributes]
  138 |  void cleanup_module(void) __attribute__((alias(#exitfn)));
      |       ^~~~~~~~~~~~~~
./include/linux/device.h:1360:1: note: in expansion of macro ‘module_exit’
 1360 | module_exit(__driver##_exit);
      | ^~~~~~~~~~~
./include/linux/usb.h:1195:2: note: in expansion of macro ‘module_driver’
 1195 |  module_driver(__usb_driver, usb_register, \
      |  ^~~~~~~~~~~~~
drivers/media/usb/dvb-usb/dibusb-mb.c:466:1: note: in expansion of macro ‘module_usb_driver’
  466 | module_usb_driver(dibusb_driver);
      | ^~~~~~~~~~~~~~~~~
In file included from ./include/linux/input.h:22,
                 from drivers/media/usb/dvb-usb/dvb-usb.h:13,
                 from drivers/media/usb/dvb-usb/dibusb.h:17,
                 from drivers/media/usb/dvb-usb/dibusb-mb.c:15:
drivers/media/usb/dvb-usb/dibusb-mb.c:466:19: note: ‘cleanup_module’ target declared here
  466 | module_usb_driver(dibusb_driver);
      |                   ^~~~~~~~~~~~~
./include/linux/device.h:1356:20: note: in definition of macro ‘module_driver’
 1356 | static void __exit __driver##_exit(void) \
      |                    ^~~~~~~~
drivers/media/usb/dvb-usb/dibusb-mb.c:466:1: note: in expansion of macro ‘module_usb_driver’
  466 | module_usb_driver(dibusb_driver);
      | ^~~~~~~~~~~~~~~~~
In file included from ./drivers/media/dvb-core/dvb_frontend.h:39,
                 from drivers/media/usb/dvb-usb/dvb-usb.h:19,
                 from drivers/media/usb/dvb-usb/dibusb.h:17,
                 from drivers/media/usb/dvb-usb/dibusb-mb.c:15:
./include/linux/module.h:132:6: warning: ‘init_module’ specifies less restrictive attribute than its target ‘dibusb_driver_init’: ‘cold’ [-Wmissing-attributes]
  132 |  int init_module(void) __attribute__((alias(#initfn)));
      |      ^~~~~~~~~~~
./include/linux/device.h:1355:1: note: in expansion of macro ‘module_init’
 1355 | module_init(__driver##_init); \
      | ^~~~~~~~~~~
./include/linux/usb.h:1195:2: note: in expansion of macro ‘module_driver’
 1195 |  module_driver(__usb_driver, usb_register, \
      |  ^~~~~~~~~~~~~
drivers/media/usb/dvb-usb/dibusb-mb.c:466:1: note: in expansion of macro ‘module_usb_driver’
  466 | module_usb_driver(dibusb_driver);
      | ^~~~~~~~~~~~~~~~~
In file included from ./include/linux/input.h:22,
                 from drivers/media/usb/dvb-usb/dvb-usb.h:13,
                 from drivers/media/usb/dvb-usb/dibusb.h:17,
                 from drivers/media/usb/dvb-usb/dibusb-mb.c:15:
drivers/media/usb/dvb-usb/dibusb-mb.c:466:19: note: ‘init_module’ target declared here
  466 | module_usb_driver(dibusb_driver);
      |                   ^~~~~~~~~~~~~
./include/linux/device.h:1351:19: note: in definition of macro ‘module_driver’
 1351 | static int __init __driver##_init(void) \
      |                   ^~~~~~~~
drivers/media/usb/dvb-usb/dibusb-mb.c:466:1: note: in expansion of macro ‘module_usb_driver’
  466 | module_usb_driver(dibusb_driver);
      | ^~~~~~~~~~~~~~~~~
  LD [M]  drivers/media/usb/dvb-usb/dvb-usb-dibusb-mb.o
  CC [M]  drivers/media/usb/dvb-usb/dibusb-mc.o
In file included from ./drivers/media/dvb-core/dvb_frontend.h:39,
                 from drivers/media/usb/dvb-usb/dvb-usb.h:19,
                 from drivers/media/usb/dvb-usb/dibusb.h:17,
                 from drivers/media/usb/dvb-usb/dibusb-mc.c:15:
./include/linux/module.h:138:7: warning: ‘cleanup_module’ specifies less restrictive attribute than its target ‘dibusb_mc_driver_exit’: ‘cold’ [-Wmissing-attributes]
  138 |  void cleanup_module(void) __attribute__((alias(#exitfn)));
      |       ^~~~~~~~~~~~~~
./include/linux/device.h:1360:1: note: in expansion of macro ‘module_exit’
 1360 | module_exit(__driver##_exit);
      | ^~~~~~~~~~~
./include/linux/usb.h:1195:2: note: in expansion of macro ‘module_driver’
 1195 |  module_driver(__usb_driver, usb_register, \
      |  ^~~~~~~~~~~~~
drivers/media/usb/dvb-usb/dibusb-mc.c:144:1: note: in expansion of macro ‘module_usb_driver’
  144 | module_usb_driver(dibusb_mc_driver);
      | ^~~~~~~~~~~~~~~~~
In file included from ./include/linux/input.h:22,
                 from drivers/media/usb/dvb-usb/dvb-usb.h:13,
                 from drivers/media/usb/dvb-usb/dibusb.h:17,
                 from drivers/media/usb/dvb-usb/dibusb-mc.c:15:
drivers/media/usb/dvb-usb/dibusb-mc.c:144:19: note: ‘cleanup_module’ target declared here
  144 | module_usb_driver(dibusb_mc_driver);
      |                   ^~~~~~~~~~~~~~~~
./include/linux/device.h:1356:20: note: in definition of macro ‘module_driver’
 1356 | static void __exit __driver##_exit(void) \
      |                    ^~~~~~~~
drivers/media/usb/dvb-usb/dibusb-mc.c:144:1: note: in expansion of macro ‘module_usb_driver’
  144 | module_usb_driver(dibusb_mc_driver);
      | ^~~~~~~~~~~~~~~~~
In file included from ./drivers/media/dvb-core/dvb_frontend.h:39,
                 from drivers/media/usb/dvb-usb/dvb-usb.h:19,
                 from drivers/media/usb/dvb-usb/dibusb.h:17,
                 from drivers/media/usb/dvb-usb/dibusb-mc.c:15:
./include/linux/module.h:132:6: warning: ‘init_module’ specifies less restrictive attribute than its target ‘dibusb_mc_driver_init’: ‘cold’ [-Wmissing-attributes]
  132 |  int init_module(void) __attribute__((alias(#initfn)));
      |      ^~~~~~~~~~~
./include/linux/device.h:1355:1: note: in expansion of macro ‘module_init’
 1355 | module_init(__driver##_init); \
      | ^~~~~~~~~~~
./include/linux/usb.h:1195:2: note: in expansion of macro ‘module_driver’
 1195 |  module_driver(__usb_driver, usb_register, \
      |  ^~~~~~~~~~~~~
drivers/media/usb/dvb-usb/dibusb-mc.c:144:1: note: in expansion of macro ‘module_usb_driver’
  144 | module_usb_driver(dibusb_mc_driver);
      | ^~~~~~~~~~~~~~~~~
In file included from ./include/linux/input.h:22,
                 from drivers/media/usb/dvb-usb/dvb-usb.h:13,
                 from drivers/media/usb/dvb-usb/dibusb.h:17,
                 from drivers/media/usb/dvb-usb/dibusb-mc.c:15:
drivers/media/usb/dvb-usb/dibusb-mc.c:144:19: note: ‘init_module’ target declared here
  144 | module_usb_driver(dibusb_mc_driver);
      |                   ^~~~~~~~~~~~~~~~
./include/linux/device.h:1351:19: note: in definition of macro ‘module_driver’
 1351 | static int __init __driver##_init(void) \
      |                   ^~~~~~~~
drivers/media/usb/dvb-usb/dibusb-mc.c:144:1: note: in expansion of macro ‘module_usb_driver’
  144 | module_usb_driver(dibusb_mc_driver);
      | ^~~~~~~~~~~~~~~~~
  LD [M]  drivers/media/usb/dvb-usb/dvb-usb-dibusb-mc.o
  CC [M]  drivers/media/usb/dvb-usb/nova-t-usb2.o
In file included from ./drivers/media/dvb-core/dvb_frontend.h:39,
                 from drivers/media/usb/dvb-usb/dvb-usb.h:19,
                 from drivers/media/usb/dvb-usb/dibusb.h:17,
                 from drivers/media/usb/dvb-usb/nova-t-usb2.c:12:
./include/linux/module.h:138:7: warning: ‘cleanup_module’ specifies less restrictive attribute than its target ‘nova_t_driver_exit’: ‘cold’ [-Wmissing-attributes]
  138 |  void cleanup_module(void) __attribute__((alias(#exitfn)));
      |       ^~~~~~~~~~~~~~
./include/linux/device.h:1360:1: note: in expansion of macro ‘module_exit’
 1360 | module_exit(__driver##_exit);
      | ^~~~~~~~~~~
./include/linux/usb.h:1195:2: note: in expansion of macro ‘module_driver’
 1195 |  module_driver(__usb_driver, usb_register, \
      |  ^~~~~~~~~~~~~
drivers/media/usb/dvb-usb/nova-t-usb2.c:239:1: note: in expansion of macro ‘module_usb_driver’
  239 | module_usb_driver(nova_t_driver);
      | ^~~~~~~~~~~~~~~~~
In file included from ./include/linux/input.h:22,
                 from drivers/media/usb/dvb-usb/dvb-usb.h:13,
                 from drivers/media/usb/dvb-usb/dibusb.h:17,
                 from drivers/media/usb/dvb-usb/nova-t-usb2.c:12:
drivers/media/usb/dvb-usb/nova-t-usb2.c:239:19: note: ‘cleanup_module’ target declared here
  239 | module_usb_driver(nova_t_driver);
      |                   ^~~~~~~~~~~~~
./include/linux/device.h:1356:20: note: in definition of macro ‘module_driver’
 1356 | static void __exit __driver##_exit(void) \
      |                    ^~~~~~~~
drivers/media/usb/dvb-usb/nova-t-usb2.c:239:1: note: in expansion of macro ‘module_usb_driver’
  239 | module_usb_driver(nova_t_driver);
      | ^~~~~~~~~~~~~~~~~
In file included from ./drivers/media/dvb-core/dvb_frontend.h:39,
                 from drivers/media/usb/dvb-usb/dvb-usb.h:19,
                 from drivers/media/usb/dvb-usb/dibusb.h:17,
                 from drivers/media/usb/dvb-usb/nova-t-usb2.c:12:
./include/linux/module.h:132:6: warning: ‘init_module’ specifies less restrictive attribute than its target ‘nova_t_driver_init’: ‘cold’ [-Wmissing-attributes]
  132 |  int init_module(void) __attribute__((alias(#initfn)));
      |      ^~~~~~~~~~~
./include/linux/device.h:1355:1: note: in expansion of macro ‘module_init’
 1355 | module_init(__driver##_init); \
      | ^~~~~~~~~~~
./include/linux/usb.h:1195:2: note: in expansion of macro ‘module_driver’
 1195 |  module_driver(__usb_driver, usb_register, \
      |  ^~~~~~~~~~~~~
drivers/media/usb/dvb-usb/nova-t-usb2.c:239:1: note: in expansion of macro ‘module_usb_driver’
  239 | module_usb_driver(nova_t_driver);
      | ^~~~~~~~~~~~~~~~~
In file included from ./include/linux/input.h:22,
                 from drivers/media/usb/dvb-usb/dvb-usb.h:13,
                 from drivers/media/usb/dvb-usb/dibusb.h:17,
                 from drivers/media/usb/dvb-usb/nova-t-usb2.c:12:
drivers/media/usb/dvb-usb/nova-t-usb2.c:239:19: note: ‘init_module’ target declared here
  239 | module_usb_driver(nova_t_driver);
      |                   ^~~~~~~~~~~~~
./include/linux/device.h:1351:19: note: in definition of macro ‘module_driver’
 1351 | static int __init __driver##_init(void) \
      |                   ^~~~~~~~
drivers/media/usb/dvb-usb/nova-t-usb2.c:239:1: note: in expansion of macro ‘module_usb_driver’
  239 | module_usb_driver(nova_t_driver);
      | ^~~~~~~~~~~~~~~~~
  LD [M]  drivers/media/usb/dvb-usb/dvb-usb-nova-t-usb2.o
  CC [M]  drivers/media/usb/dvb-usb/umt-010.o
In file included from ./drivers/media/dvb-core/dvb_frontend.h:39,
                 from drivers/media/usb/dvb-usb/dvb-usb.h:19,
                 from drivers/media/usb/dvb-usb/dibusb.h:17,
                 from drivers/media/usb/dvb-usb/umt-010.c:12:
./include/linux/module.h:138:7: warning: ‘cleanup_module’ specifies less restrictive attribute than its target ‘umt_driver_exit’: ‘cold’ [-Wmissing-attributes]
  138 |  void cleanup_module(void) __attribute__((alias(#exitfn)));
      |       ^~~~~~~~~~~~~~
./include/linux/device.h:1360:1: note: in expansion of macro ‘module_exit’
 1360 | module_exit(__driver##_exit);
      | ^~~~~~~~~~~
./include/linux/usb.h:1195:2: note: in expansion of macro ‘module_driver’
 1195 |  module_driver(__usb_driver, usb_register, \
      |  ^~~~~~~~~~~~~
drivers/media/usb/dvb-usb/umt-010.c:146:1: note: in expansion of macro ‘module_usb_driver’
  146 | module_usb_driver(umt_driver);
      | ^~~~~~~~~~~~~~~~~
In file included from ./include/linux/input.h:22,
                 from drivers/media/usb/dvb-usb/dvb-usb.h:13,
                 from drivers/media/usb/dvb-usb/dibusb.h:17,
                 from drivers/media/usb/dvb-usb/umt-010.c:12:
drivers/media/usb/dvb-usb/umt-010.c:146:19: note: ‘cleanup_module’ target declared here
  146 | module_usb_driver(umt_driver);
      |                   ^~~~~~~~~~
./include/linux/device.h:1356:20: note: in definition of macro ‘module_driver’
 1356 | static void __exit __driver##_exit(void) \
      |                    ^~~~~~~~
drivers/media/usb/dvb-usb/umt-010.c:146:1: note: in expansion of macro ‘module_usb_driver’
  146 | module_usb_driver(umt_driver);
      | ^~~~~~~~~~~~~~~~~
In file included from ./drivers/media/dvb-core/dvb_frontend.h:39,
                 from drivers/media/usb/dvb-usb/dvb-usb.h:19,
                 from drivers/media/usb/dvb-usb/dibusb.h:17,
                 from drivers/media/usb/dvb-usb/umt-010.c:12:
./include/linux/module.h:132:6: warning: ‘init_module’ specifies less restrictive attribute than its target ‘umt_driver_init’: ‘cold’ [-Wmissing-attributes]
  132 |  int init_module(void) __attribute__((alias(#initfn)));
      |      ^~~~~~~~~~~
./include/linux/device.h:1355:1: note: in expansion of macro ‘module_init’
 1355 | module_init(__driver##_init); \
      | ^~~~~~~~~~~
./include/linux/usb.h:1195:2: note: in expansion of macro ‘module_driver’
 1195 |  module_driver(__usb_driver, usb_register, \
      |  ^~~~~~~~~~~~~
drivers/media/usb/dvb-usb/umt-010.c:146:1: note: in expansion of macro ‘module_usb_driver’
  146 | module_usb_driver(umt_driver);
      | ^~~~~~~~~~~~~~~~~
In file included from ./include/linux/input.h:22,
                 from drivers/media/usb/dvb-usb/dvb-usb.h:13,
                 from drivers/media/usb/dvb-usb/dibusb.h:17,
                 from drivers/media/usb/dvb-usb/umt-010.c:12:
drivers/media/usb/dvb-usb/umt-010.c:146:19: note: ‘init_module’ target declared here
  146 | module_usb_driver(umt_driver);
      |                   ^~~~~~~~~~
./include/linux/device.h:1351:19: note: in definition of macro ‘module_driver’
 1351 | static int __init __driver##_init(void) \
      |                   ^~~~~~~~
drivers/media/usb/dvb-usb/umt-010.c:146:1: note: in expansion of macro ‘module_usb_driver’
  146 | module_usb_driver(umt_driver);
      | ^~~~~~~~~~~~~~~~~
  LD [M]  drivers/media/usb/dvb-usb/dvb-usb-umt-010.o
  CC [M]  drivers/media/usb/dvb-usb/m920x.o
In file included from ./drivers/media/dvb-core/dvb_frontend.h:39,
                 from drivers/media/usb/dvb-usb/dvb-usb.h:19,
                 from drivers/media/usb/dvb-usb/m920x.h:5,
                 from drivers/media/usb/dvb-usb/m920x.c:12:
./include/linux/module.h:138:7: warning: ‘cleanup_module’ specifies less restrictive attribute than its target ‘m920x_driver_exit’: ‘cold’ [-Wmissing-attributes]
  138 |  void cleanup_module(void) __attribute__((alias(#exitfn)));
      |       ^~~~~~~~~~~~~~
./include/linux/device.h:1360:1: note: in expansion of macro ‘module_exit’
 1360 | module_exit(__driver##_exit);
      | ^~~~~~~~~~~
./include/linux/usb.h:1195:2: note: in expansion of macro ‘module_driver’
 1195 |  module_driver(__usb_driver, usb_register, \
      |  ^~~~~~~~~~~~~
drivers/media/usb/dvb-usb/m920x.c:1266:1: note: in expansion of macro ‘module_usb_driver’
 1266 | module_usb_driver(m920x_driver);
      | ^~~~~~~~~~~~~~~~~
In file included from ./include/linux/input.h:22,
                 from drivers/media/usb/dvb-usb/dvb-usb.h:13,
                 from drivers/media/usb/dvb-usb/m920x.h:5,
                 from drivers/media/usb/dvb-usb/m920x.c:12:
drivers/media/usb/dvb-usb/m920x.c:1266:19: note: ‘cleanup_module’ target declared here
 1266 | module_usb_driver(m920x_driver);
      |                   ^~~~~~~~~~~~
./include/linux/device.h:1356:20: note: in definition of macro ‘module_driver’
 1356 | static void __exit __driver##_exit(void) \
      |                    ^~~~~~~~
drivers/media/usb/dvb-usb/m920x.c:1266:1: note: in expansion of macro ‘module_usb_driver’
 1266 | module_usb_driver(m920x_driver);
      | ^~~~~~~~~~~~~~~~~
In file included from ./drivers/media/dvb-core/dvb_frontend.h:39,
                 from drivers/media/usb/dvb-usb/dvb-usb.h:19,
                 from drivers/media/usb/dvb-usb/m920x.h:5,
                 from drivers/media/usb/dvb-usb/m920x.c:12:
./include/linux/module.h:132:6: warning: ‘init_module’ specifies less restrictive attribute than its target ‘m920x_driver_init’: ‘cold’ [-Wmissing-attributes]
  132 |  int init_module(void) __attribute__((alias(#initfn)));
      |      ^~~~~~~~~~~
./include/linux/device.h:1355:1: note: in expansion of macro ‘module_init’
 1355 | module_init(__driver##_init); \
      | ^~~~~~~~~~~
./include/linux/usb.h:1195:2: note: in expansion of macro ‘module_driver’
 1195 |  module_driver(__usb_driver, usb_register, \
      |  ^~~~~~~~~~~~~
drivers/media/usb/dvb-usb/m920x.c:1266:1: note: in expansion of macro ‘module_usb_driver’
 1266 | module_usb_driver(m920x_driver);
      | ^~~~~~~~~~~~~~~~~
In file included from ./include/linux/input.h:22,
                 from drivers/media/usb/dvb-usb/dvb-usb.h:13,
                 from drivers/media/usb/dvb-usb/m920x.h:5,
                 from drivers/media/usb/dvb-usb/m920x.c:12:
drivers/media/usb/dvb-usb/m920x.c:1266:19: note: ‘init_module’ target declared here
 1266 | module_usb_driver(m920x_driver);
      |                   ^~~~~~~~~~~~
./include/linux/device.h:1351:19: note: in definition of macro ‘module_driver’
 1351 | static int __init __driver##_init(void) \
      |                   ^~~~~~~~
drivers/media/usb/dvb-usb/m920x.c:1266:1: note: in expansion of macro ‘module_usb_driver’
 1266 | module_usb_driver(m920x_driver);
      | ^~~~~~~~~~~~~~~~~
  LD [M]  drivers/media/usb/dvb-usb/dvb-usb-m920x.o
  CC [M]  drivers/media/usb/dvb-usb/digitv.o
In file included from ./drivers/media/dvb-core/dvb_frontend.h:39,
                 from drivers/media/usb/dvb-usb/dvb-usb.h:19,
                 from drivers/media/usb/dvb-usb/digitv.h:5,
                 from drivers/media/usb/dvb-usb/digitv.c:14:
./include/linux/module.h:138:7: warning: ‘cleanup_module’ specifies less restrictive attribute than its target ‘digitv_driver_exit’: ‘cold’ [-Wmissing-attributes]
  138 |  void cleanup_module(void) __attribute__((alias(#exitfn)));
      |       ^~~~~~~~~~~~~~
./include/linux/device.h:1360:1: note: in expansion of macro ‘module_exit’
 1360 | module_exit(__driver##_exit);
      | ^~~~~~~~~~~
./include/linux/usb.h:1195:2: note: in expansion of macro ‘module_driver’
 1195 |  module_driver(__usb_driver, usb_register, \
      |  ^~~~~~~~~~~~~
drivers/media/usb/dvb-usb/digitv.c:356:1: note: in expansion of macro ‘module_usb_driver’
  356 | module_usb_driver(digitv_driver);
      | ^~~~~~~~~~~~~~~~~
In file included from ./include/linux/input.h:22,
                 from drivers/media/usb/dvb-usb/dvb-usb.h:13,
                 from drivers/media/usb/dvb-usb/digitv.h:5,
                 from drivers/media/usb/dvb-usb/digitv.c:14:
drivers/media/usb/dvb-usb/digitv.c:356:19: note: ‘cleanup_module’ target declared here
  356 | module_usb_driver(digitv_driver);
      |                   ^~~~~~~~~~~~~
./include/linux/device.h:1356:20: note: in definition of macro ‘module_driver’
 1356 | static void __exit __driver##_exit(void) \
      |                    ^~~~~~~~
drivers/media/usb/dvb-usb/digitv.c:356:1: note: in expansion of macro ‘module_usb_driver’
  356 | module_usb_driver(digitv_driver);
      | ^~~~~~~~~~~~~~~~~
In file included from ./drivers/media/dvb-core/dvb_frontend.h:39,
                 from drivers/media/usb/dvb-usb/dvb-usb.h:19,
                 from drivers/media/usb/dvb-usb/digitv.h:5,
                 from drivers/media/usb/dvb-usb/digitv.c:14:
./include/linux/module.h:132:6: warning: ‘init_module’ specifies less restrictive attribute than its target ‘digitv_driver_init’: ‘cold’ [-Wmissing-attributes]
  132 |  int init_module(void) __attribute__((alias(#initfn)));
      |      ^~~~~~~~~~~
./include/linux/device.h:1355:1: note: in expansion of macro ‘module_init’
 1355 | module_init(__driver##_init); \
      | ^~~~~~~~~~~
./include/linux/usb.h:1195:2: note: in expansion of macro ‘module_driver’
 1195 |  module_driver(__usb_driver, usb_register, \
      |  ^~~~~~~~~~~~~
drivers/media/usb/dvb-usb/digitv.c:356:1: note: in expansion of macro ‘module_usb_driver’
  356 | module_usb_driver(digitv_driver);
      | ^~~~~~~~~~~~~~~~~
In file included from ./include/linux/input.h:22,
                 from drivers/media/usb/dvb-usb/dvb-usb.h:13,
                 from drivers/media/usb/dvb-usb/digitv.h:5,
                 from drivers/media/usb/dvb-usb/digitv.c:14:
drivers/media/usb/dvb-usb/digitv.c:356:19: note: ‘init_module’ target declared here
  356 | module_usb_driver(digitv_driver);
      |                   ^~~~~~~~~~~~~
./include/linux/device.h:1351:19: note: in definition of macro ‘module_driver’
 1351 | static int __init __driver##_init(void) \
      |                   ^~~~~~~~
drivers/media/usb/dvb-usb/digitv.c:356:1: note: in expansion of macro ‘module_usb_driver’
  356 | module_usb_driver(digitv_driver);
      | ^~~~~~~~~~~~~~~~~
  LD [M]  drivers/media/usb/dvb-usb/dvb-usb-digitv.o
  CC [M]  drivers/media/usb/dvb-usb/cxusb.o
In file included from ./drivers/media/dvb-core/dvb_frontend.h:39,
                 from drivers/media/usb/dvb-usb/dvb-usb.h:19,
                 from drivers/media/usb/dvb-usb/cxusb.h:5,
                 from drivers/media/usb/dvb-usb/cxusb.c:30:
./include/linux/module.h:138:7: warning: ‘cleanup_module’ specifies less restrictive attribute than its target ‘cxusb_driver_exit’: ‘cold’ [-Wmissing-attributes]
  138 |  void cleanup_module(void) __attribute__((alias(#exitfn)));
      |       ^~~~~~~~~~~~~~
./include/linux/device.h:1360:1: note: in expansion of macro ‘module_exit’
 1360 | module_exit(__driver##_exit);
      | ^~~~~~~~~~~
./include/linux/usb.h:1195:2: note: in expansion of macro ‘module_driver’
 1195 |  module_driver(__usb_driver, usb_register, \
      |  ^~~~~~~~~~~~~
drivers/media/usb/dvb-usb/cxusb.c:2317:1: note: in expansion of macro ‘module_usb_driver’
 2317 | module_usb_driver(cxusb_driver);
      | ^~~~~~~~~~~~~~~~~
In file included from ./include/media/media-devnode.h:33,
                 from ./include/media/media-device.h:29,
                 from ./include/media/v4l2-mc.h:22,
                 from ./include/media/tuner.h:23,
                 from drivers/media/usb/dvb-usb/cxusb.c:26:
drivers/media/usb/dvb-usb/cxusb.c:2317:19: note: ‘cleanup_module’ target declared here
 2317 | module_usb_driver(cxusb_driver);
      |                   ^~~~~~~~~~~~
./include/linux/device.h:1356:20: note: in definition of macro ‘module_driver’
 1356 | static void __exit __driver##_exit(void) \
      |                    ^~~~~~~~
drivers/media/usb/dvb-usb/cxusb.c:2317:1: note: in expansion of macro ‘module_usb_driver’
 2317 | module_usb_driver(cxusb_driver);
      | ^~~~~~~~~~~~~~~~~
In file included from ./drivers/media/dvb-core/dvb_frontend.h:39,
                 from drivers/media/usb/dvb-usb/dvb-usb.h:19,
                 from drivers/media/usb/dvb-usb/cxusb.h:5,
                 from drivers/media/usb/dvb-usb/cxusb.c:30:
./include/linux/module.h:132:6: warning: ‘init_module’ specifies less restrictive attribute than its target ‘cxusb_driver_init’: ‘cold’ [-Wmissing-attributes]
  132 |  int init_module(void) __attribute__((alias(#initfn)));
      |      ^~~~~~~~~~~
./include/linux/device.h:1355:1: note: in expansion of macro ‘module_init’
 1355 | module_init(__driver##_init); \
      | ^~~~~~~~~~~
./include/linux/usb.h:1195:2: note: in expansion of macro ‘module_driver’
 1195 |  module_driver(__usb_driver, usb_register, \
      |  ^~~~~~~~~~~~~
drivers/media/usb/dvb-usb/cxusb.c:2317:1: note: in expansion of macro ‘module_usb_driver’
 2317 | module_usb_driver(cxusb_driver);
      | ^~~~~~~~~~~~~~~~~
In file included from ./include/media/media-devnode.h:33,
                 from ./include/media/media-device.h:29,
                 from ./include/media/v4l2-mc.h:22,
                 from ./include/media/tuner.h:23,
                 from drivers/media/usb/dvb-usb/cxusb.c:26:
drivers/media/usb/dvb-usb/cxusb.c:2317:19: note: ‘init_module’ target declared here
 2317 | module_usb_driver(cxusb_driver);
      |                   ^~~~~~~~~~~~
./include/linux/device.h:1351:19: note: in definition of macro ‘module_driver’
 1351 | static int __init __driver##_init(void) \
      |                   ^~~~~~~~
drivers/media/usb/dvb-usb/cxusb.c:2317:1: note: in expansion of macro ‘module_usb_driver’
 2317 | module_usb_driver(cxusb_driver);
      | ^~~~~~~~~~~~~~~~~
  LD [M]  drivers/media/usb/dvb-usb/dvb-usb-cxusb.o
  CC [M]  drivers/media/usb/dvb-usb/ttusb2.o
In file included from ./drivers/media/dvb-core/dvb_frontend.h:39,
                 from drivers/media/usb/dvb-usb/dvb-usb.h:19,
                 from drivers/media/usb/dvb-usb/ttusb2.c:26:
./include/linux/module.h:138:7: warning: ‘cleanup_module’ specifies less restrictive attribute than its target ‘ttusb2_driver_exit’: ‘cold’ [-Wmissing-attributes]
  138 |  void cleanup_module(void) __attribute__((alias(#exitfn)));
      |       ^~~~~~~~~~~~~~
./include/linux/device.h:1360:1: note: in expansion of macro ‘module_exit’
 1360 | module_exit(__driver##_exit);
      | ^~~~~~~~~~~
./include/linux/usb.h:1195:2: note: in expansion of macro ‘module_driver’
 1195 |  module_driver(__usb_driver, usb_register, \
      |  ^~~~~~~~~~~~~
drivers/media/usb/dvb-usb/ttusb2.c:840:1: note: in expansion of macro ‘module_usb_driver’
  840 | module_usb_driver(ttusb2_driver);
      | ^~~~~~~~~~~~~~~~~
In file included from ./include/linux/input.h:22,
                 from drivers/media/usb/dvb-usb/dvb-usb.h:13,
                 from drivers/media/usb/dvb-usb/ttusb2.c:26:
drivers/media/usb/dvb-usb/ttusb2.c:840:19: note: ‘cleanup_module’ target declared here
  840 | module_usb_driver(ttusb2_driver);
      |                   ^~~~~~~~~~~~~
./include/linux/device.h:1356:20: note: in definition of macro ‘module_driver’
 1356 | static void __exit __driver##_exit(void) \
      |                    ^~~~~~~~
drivers/media/usb/dvb-usb/ttusb2.c:840:1: note: in expansion of macro ‘module_usb_driver’
  840 | module_usb_driver(ttusb2_driver);
      | ^~~~~~~~~~~~~~~~~
In file included from ./drivers/media/dvb-core/dvb_frontend.h:39,
                 from drivers/media/usb/dvb-usb/dvb-usb.h:19,
                 from drivers/media/usb/dvb-usb/ttusb2.c:26:
./include/linux/module.h:132:6: warning: ‘init_module’ specifies less restrictive attribute than its target ‘ttusb2_driver_init’: ‘cold’ [-Wmissing-attributes]
  132 |  int init_module(void) __attribute__((alias(#initfn)));
      |      ^~~~~~~~~~~
./include/linux/device.h:1355:1: note: in expansion of macro ‘module_init’
 1355 | module_init(__driver##_init); \
      | ^~~~~~~~~~~
./include/linux/usb.h:1195:2: note: in expansion of macro ‘module_driver’
 1195 |  module_driver(__usb_driver, usb_register, \
      |  ^~~~~~~~~~~~~
drivers/media/usb/dvb-usb/ttusb2.c:840:1: note: in expansion of macro ‘module_usb_driver’
  840 | module_usb_driver(ttusb2_driver);
      | ^~~~~~~~~~~~~~~~~
In file included from ./include/linux/input.h:22,
                 from drivers/media/usb/dvb-usb/dvb-usb.h:13,
                 from drivers/media/usb/dvb-usb/ttusb2.c:26:
drivers/media/usb/dvb-usb/ttusb2.c:840:19: note: ‘init_module’ target declared here
  840 | module_usb_driver(ttusb2_driver);
      |                   ^~~~~~~~~~~~~
./include/linux/device.h:1351:19: note: in definition of macro ‘module_driver’
 1351 | static int __init __driver##_init(void) \
      |                   ^~~~~~~~
drivers/media/usb/dvb-usb/ttusb2.c:840:1: note: in expansion of macro ‘module_usb_driver’
  840 | module_usb_driver(ttusb2_driver);
      | ^~~~~~~~~~~~~~~~~
  LD [M]  drivers/media/usb/dvb-usb/dvb-usb-ttusb2.o
  CC [M]  drivers/media/usb/dvb-usb/dib0700_core.o
In file included from ./drivers/media/dvb-core/dvb_frontend.h:39,
                 from drivers/media/usb/dvb-usb/dvb-usb.h:19,
                 from drivers/media/usb/dvb-usb/dib0700.h:13,
                 from drivers/media/usb/dvb-usb/dib0700_core.c:9:
./include/linux/module.h:132:6: warning: ‘init_module’ specifies less restrictive attribute than its target ‘dib0700_driver_init’: ‘cold’ [-Wmissing-attributes]
  132 |  int init_module(void) __attribute__((alias(#initfn)));
      |      ^~~~~~~~~~~
./include/linux/device.h:1355:1: note: in expansion of macro ‘module_init’
 1355 | module_init(__driver##_init); \
      | ^~~~~~~~~~~
./include/linux/usb.h:1195:2: note: in expansion of macro ‘module_driver’
 1195 |  module_driver(__usb_driver, usb_register, \
      |  ^~~~~~~~~~~~~
drivers/media/usb/dvb-usb/dib0700_core.c:912:1: note: in expansion of macro ‘module_usb_driver’
  912 | module_usb_driver(dib0700_driver);
      | ^~~~~~~~~~~~~~~~~
In file included from ./include/linux/input.h:22,
                 from drivers/media/usb/dvb-usb/dvb-usb.h:13,
                 from drivers/media/usb/dvb-usb/dib0700.h:13,
                 from drivers/media/usb/dvb-usb/dib0700_core.c:9:
drivers/media/usb/dvb-usb/dib0700_core.c:912:19: note: ‘init_module’ target declared here
  912 | module_usb_driver(dib0700_driver);
      |                   ^~~~~~~~~~~~~~
./include/linux/device.h:1351:19: note: in definition of macro ‘module_driver’
 1351 | static int __init __driver##_init(void) \
      |                   ^~~~~~~~
drivers/media/usb/dvb-usb/dib0700_core.c:912:1: note: in expansion of macro ‘module_usb_driver’
  912 | module_usb_driver(dib0700_driver);
      | ^~~~~~~~~~~~~~~~~
In file included from ./drivers/media/dvb-core/dvb_frontend.h:39,
                 from drivers/media/usb/dvb-usb/dvb-usb.h:19,
                 from drivers/media/usb/dvb-usb/dib0700.h:13,
                 from drivers/media/usb/dvb-usb/dib0700_core.c:9:
./include/linux/module.h:138:7: warning: ‘cleanup_module’ specifies less restrictive attribute than its target ‘dib0700_driver_exit’: ‘cold’ [-Wmissing-attributes]
  138 |  void cleanup_module(void) __attribute__((alias(#exitfn)));
      |       ^~~~~~~~~~~~~~
./include/linux/device.h:1360:1: note: in expansion of macro ‘module_exit’
 1360 | module_exit(__driver##_exit);
      | ^~~~~~~~~~~
./include/linux/usb.h:1195:2: note: in expansion of macro ‘module_driver’
 1195 |  module_driver(__usb_driver, usb_register, \
      |  ^~~~~~~~~~~~~
drivers/media/usb/dvb-usb/dib0700_core.c:912:1: note: in expansion of macro ‘module_usb_driver’
  912 | module_usb_driver(dib0700_driver);
      | ^~~~~~~~~~~~~~~~~
In file included from ./include/linux/input.h:22,
                 from drivers/media/usb/dvb-usb/dvb-usb.h:13,
                 from drivers/media/usb/dvb-usb/dib0700.h:13,
                 from drivers/media/usb/dvb-usb/dib0700_core.c:9:
drivers/media/usb/dvb-usb/dib0700_core.c:912:19: note: ‘cleanup_module’ target declared here
  912 | module_usb_driver(dib0700_driver);
      |                   ^~~~~~~~~~~~~~
./include/linux/device.h:1356:20: note: in definition of macro ‘module_driver’
 1356 | static void __exit __driver##_exit(void) \
      |                    ^~~~~~~~
drivers/media/usb/dvb-usb/dib0700_core.c:912:1: note: in expansion of macro ‘module_usb_driver’
  912 | module_usb_driver(dib0700_driver);
      | ^~~~~~~~~~~~~~~~~
  CC [M]  drivers/media/usb/dvb-usb/dib0700_devices.o
  LD [M]  drivers/media/usb/dvb-usb/dvb-usb-dib0700.o
  CC [M]  drivers/media/usb/dvb-usb/opera1.o
In file included from ./drivers/media/dvb-core/dvb_frontend.h:39,
                 from drivers/media/usb/dvb-usb/dvb-usb.h:19,
                 from drivers/media/usb/dvb-usb/opera1.c:15:
./include/linux/module.h:138:7: warning: ‘cleanup_module’ specifies less restrictive attribute than its target ‘opera1_driver_exit’: ‘cold’ [-Wmissing-attributes]
  138 |  void cleanup_module(void) __attribute__((alias(#exitfn)));
      |       ^~~~~~~~~~~~~~
./include/linux/device.h:1360:1: note: in expansion of macro ‘module_exit’
 1360 | module_exit(__driver##_exit);
      | ^~~~~~~~~~~
./include/linux/usb.h:1195:2: note: in expansion of macro ‘module_driver’
 1195 |  module_driver(__usb_driver, usb_register, \
      |  ^~~~~~~~~~~~~
drivers/media/usb/dvb-usb/opera1.c:578:1: note: in expansion of macro ‘module_usb_driver’
  578 | module_usb_driver(opera1_driver);
      | ^~~~~~~~~~~~~~~~~
In file included from ./include/linux/input.h:22,
                 from drivers/media/usb/dvb-usb/dvb-usb.h:13,
                 from drivers/media/usb/dvb-usb/opera1.c:15:
drivers/media/usb/dvb-usb/opera1.c:578:19: note: ‘cleanup_module’ target declared here
  578 | module_usb_driver(opera1_driver);
      |                   ^~~~~~~~~~~~~
./include/linux/device.h:1356:20: note: in definition of macro ‘module_driver’
 1356 | static void __exit __driver##_exit(void) \
      |                    ^~~~~~~~
drivers/media/usb/dvb-usb/opera1.c:578:1: note: in expansion of macro ‘module_usb_driver’
  578 | module_usb_driver(opera1_driver);
      | ^~~~~~~~~~~~~~~~~
In file included from ./drivers/media/dvb-core/dvb_frontend.h:39,
                 from drivers/media/usb/dvb-usb/dvb-usb.h:19,
                 from drivers/media/usb/dvb-usb/opera1.c:15:
./include/linux/module.h:132:6: warning: ‘init_module’ specifies less restrictive attribute than its target ‘opera1_driver_init’: ‘cold’ [-Wmissing-attributes]
  132 |  int init_module(void) __attribute__((alias(#initfn)));
      |      ^~~~~~~~~~~
./include/linux/device.h:1355:1: note: in expansion of macro ‘module_init’
 1355 | module_init(__driver##_init); \
      | ^~~~~~~~~~~
./include/linux/usb.h:1195:2: note: in expansion of macro ‘module_driver’
 1195 |  module_driver(__usb_driver, usb_register, \
      |  ^~~~~~~~~~~~~
drivers/media/usb/dvb-usb/opera1.c:578:1: note: in expansion of macro ‘module_usb_driver’
  578 | module_usb_driver(opera1_driver);
      | ^~~~~~~~~~~~~~~~~
In file included from ./include/linux/input.h:22,
                 from drivers/media/usb/dvb-usb/dvb-usb.h:13,
                 from drivers/media/usb/dvb-usb/opera1.c:15:
drivers/media/usb/dvb-usb/opera1.c:578:19: note: ‘init_module’ target declared here
  578 | module_usb_driver(opera1_driver);
      |                   ^~~~~~~~~~~~~
./include/linux/device.h:1351:19: note: in definition of macro ‘module_driver’
 1351 | static int __init __driver##_init(void) \
      |                   ^~~~~~~~
drivers/media/usb/dvb-usb/opera1.c:578:1: note: in expansion of macro ‘module_usb_driver’
  578 | module_usb_driver(opera1_driver);
      | ^~~~~~~~~~~~~~~~~
  LD [M]  drivers/media/usb/dvb-usb/dvb-usb-opera.o
  CC [M]  drivers/media/usb/dvb-usb/af9005.o
In file included from ./drivers/media/dvb-core/dvb_frontend.h:39,
                 from drivers/media/usb/dvb-usb/dvb-usb.h:19,
                 from drivers/media/usb/dvb-usb/af9005.h:28,
                 from drivers/media/usb/dvb-usb/af9005.c:24:
./include/linux/module.h:138:7: warning: ‘cleanup_module’ specifies less restrictive attribute than its target ‘af9005_usb_module_exit’: ‘cold’ [-Wmissing-attributes]
  138 |  void cleanup_module(void) __attribute__((alias(#exitfn)));
      |       ^~~~~~~~~~~~~~
drivers/media/usb/dvb-usb/af9005.c:1145:1: note: in expansion of macro ‘module_exit’
 1145 | module_exit(af9005_usb_module_exit);
      | ^~~~~~~~~~~
drivers/media/usb/dvb-usb/af9005.c:1131:20: note: ‘cleanup_module’ target declared here
 1131 | static void __exit af9005_usb_module_exit(void)
      |                    ^~~~~~~~~~~~~~~~~~~~~~
In file included from ./drivers/media/dvb-core/dvb_frontend.h:39,
                 from drivers/media/usb/dvb-usb/dvb-usb.h:19,
                 from drivers/media/usb/dvb-usb/af9005.h:28,
                 from drivers/media/usb/dvb-usb/af9005.c:24:
./include/linux/module.h:132:6: warning: ‘init_module’ specifies less restrictive attribute than its target ‘af9005_usb_module_init’: ‘cold’ [-Wmissing-attributes]
  132 |  int init_module(void) __attribute__((alias(#initfn)));
      |      ^~~~~~~~~~~
drivers/media/usb/dvb-usb/af9005.c:1144:1: note: in expansion of macro ‘module_init’
 1144 | module_init(af9005_usb_module_init);
      | ^~~~~~~~~~~
drivers/media/usb/dvb-usb/af9005.c:1107:19: note: ‘init_module’ target declared here
 1107 | static int __init af9005_usb_module_init(void)
      |                   ^~~~~~~~~~~~~~~~~~~~~~
  CC [M]  drivers/media/usb/dvb-usb/af9005-fe.o
  LD [M]  drivers/media/usb/dvb-usb/dvb-usb-af9005.o
  CC [M]  drivers/media/usb/dvb-usb/af9005-remote.o
  LD [M]  drivers/media/usb/dvb-usb/dvb-usb-af9005-remote.o
  CC [M]  drivers/media/usb/dvb-usb/pctv452e.o
In file included from ./drivers/media/dvb-core/dvb_frontend.h:39,
                 from drivers/media/usb/dvb-usb/dvb-usb.h:19,
                 from drivers/media/usb/dvb-usb/pctv452e.c:17:
./include/linux/module.h:138:7: warning: ‘cleanup_module’ specifies less restrictive attribute than its target ‘pctv452e_usb_driver_exit’: ‘cold’ [-Wmissing-attributes]
  138 |  void cleanup_module(void) __attribute__((alias(#exitfn)));
      |       ^~~~~~~~~~~~~~
./include/linux/device.h:1360:1: note: in expansion of macro ‘module_exit’
 1360 | module_exit(__driver##_exit);
      | ^~~~~~~~~~~
./include/linux/usb.h:1195:2: note: in expansion of macro ‘module_driver’
 1195 |  module_driver(__usb_driver, usb_register, \
      |  ^~~~~~~~~~~~~
drivers/media/usb/dvb-usb/pctv452e.c:1088:1: note: in expansion of macro ‘module_usb_driver’
 1088 | module_usb_driver(pctv452e_usb_driver);
      | ^~~~~~~~~~~~~~~~~
In file included from ./include/linux/input.h:22,
                 from drivers/media/usb/dvb-usb/dvb-usb.h:13,
                 from drivers/media/usb/dvb-usb/pctv452e.c:17:
drivers/media/usb/dvb-usb/pctv452e.c:1088:19: note: ‘cleanup_module’ target declared here
 1088 | module_usb_driver(pctv452e_usb_driver);
      |                   ^~~~~~~~~~~~~~~~~~~
./include/linux/device.h:1356:20: note: in definition of macro ‘module_driver’
 1356 | static void __exit __driver##_exit(void) \
      |                    ^~~~~~~~
drivers/media/usb/dvb-usb/pctv452e.c:1088:1: note: in expansion of macro ‘module_usb_driver’
 1088 | module_usb_driver(pctv452e_usb_driver);
      | ^~~~~~~~~~~~~~~~~
In file included from ./drivers/media/dvb-core/dvb_frontend.h:39,
                 from drivers/media/usb/dvb-usb/dvb-usb.h:19,
                 from drivers/media/usb/dvb-usb/pctv452e.c:17:
./include/linux/module.h:132:6: warning: ‘init_module’ specifies less restrictive attribute than its target ‘pctv452e_usb_driver_init’: ‘cold’ [-Wmissing-attributes]
  132 |  int init_module(void) __attribute__((alias(#initfn)));
      |      ^~~~~~~~~~~
./include/linux/device.h:1355:1: note: in expansion of macro ‘module_init’
 1355 | module_init(__driver##_init); \
      | ^~~~~~~~~~~
./include/linux/usb.h:1195:2: note: in expansion of macro ‘module_driver’
 1195 |  module_driver(__usb_driver, usb_register, \
      |  ^~~~~~~~~~~~~
drivers/media/usb/dvb-usb/pctv452e.c:1088:1: note: in expansion of macro ‘module_usb_driver’
 1088 | module_usb_driver(pctv452e_usb_driver);
      | ^~~~~~~~~~~~~~~~~
In file included from ./include/linux/input.h:22,
                 from drivers/media/usb/dvb-usb/dvb-usb.h:13,
                 from drivers/media/usb/dvb-usb/pctv452e.c:17:
drivers/media/usb/dvb-usb/pctv452e.c:1088:19: note: ‘init_module’ target declared here
 1088 | module_usb_driver(pctv452e_usb_driver);
      |                   ^~~~~~~~~~~~~~~~~~~
./include/linux/device.h:1351:19: note: in definition of macro ‘module_driver’
 1351 | static int __init __driver##_init(void) \
      |                   ^~~~~~~~
drivers/media/usb/dvb-usb/pctv452e.c:1088:1: note: in expansion of macro ‘module_usb_driver’
 1088 | module_usb_driver(pctv452e_usb_driver);
      | ^~~~~~~~~~~~~~~~~
  LD [M]  drivers/media/usb/dvb-usb/dvb-usb-pctv452e.o
  CC [M]  drivers/media/usb/dvb-usb/dw2102.o
In file included from ./drivers/media/dvb-core/dvb_frontend.h:39,
                 from drivers/media/usb/dvb-usb/dvb-usb.h:19,
                 from drivers/media/usb/dvb-usb/dw2102.h:5,
                 from drivers/media/usb/dvb-usb/dw2102.c:17:
./include/linux/module.h:138:7: warning: ‘cleanup_module’ specifies less restrictive attribute than its target ‘dw2102_driver_exit’: ‘cold’ [-Wmissing-attributes]
  138 |  void cleanup_module(void) __attribute__((alias(#exitfn)));
      |       ^~~~~~~~~~~~~~
./include/linux/device.h:1360:1: note: in expansion of macro ‘module_exit’
 1360 | module_exit(__driver##_exit);
      | ^~~~~~~~~~~
./include/linux/usb.h:1195:2: note: in expansion of macro ‘module_driver’
 1195 |  module_driver(__usb_driver, usb_register, \
      |  ^~~~~~~~~~~~~
drivers/media/usb/dvb-usb/dw2102.c:2443:1: note: in expansion of macro ‘module_usb_driver’
 2443 | module_usb_driver(dw2102_driver);
      | ^~~~~~~~~~~~~~~~~
In file included from ./include/linux/input.h:22,
                 from drivers/media/usb/dvb-usb/dvb-usb.h:13,
                 from drivers/media/usb/dvb-usb/dw2102.h:5,
                 from drivers/media/usb/dvb-usb/dw2102.c:17:
drivers/media/usb/dvb-usb/dw2102.c:2443:19: note: ‘cleanup_module’ target declared here
 2443 | module_usb_driver(dw2102_driver);
      |                   ^~~~~~~~~~~~~
./include/linux/device.h:1356:20: note: in definition of macro ‘module_driver’
 1356 | static void __exit __driver##_exit(void) \
      |                    ^~~~~~~~
drivers/media/usb/dvb-usb/dw2102.c:2443:1: note: in expansion of macro ‘module_usb_driver’
 2443 | module_usb_driver(dw2102_driver);
      | ^~~~~~~~~~~~~~~~~
In file included from ./drivers/media/dvb-core/dvb_frontend.h:39,
                 from drivers/media/usb/dvb-usb/dvb-usb.h:19,
                 from drivers/media/usb/dvb-usb/dw2102.h:5,
                 from drivers/media/usb/dvb-usb/dw2102.c:17:
./include/linux/module.h:132:6: warning: ‘init_module’ specifies less restrictive attribute than its target ‘dw2102_driver_init’: ‘cold’ [-Wmissing-attributes]
  132 |  int init_module(void) __attribute__((alias(#initfn)));
      |      ^~~~~~~~~~~
./include/linux/device.h:1355:1: note: in expansion of macro ‘module_init’
 1355 | module_init(__driver##_init); \
      | ^~~~~~~~~~~
./include/linux/usb.h:1195:2: note: in expansion of macro ‘module_driver’
 1195 |  module_driver(__usb_driver, usb_register, \
      |  ^~~~~~~~~~~~~
drivers/media/usb/dvb-usb/dw2102.c:2443:1: note: in expansion of macro ‘module_usb_driver’
 2443 | module_usb_driver(dw2102_driver);
      | ^~~~~~~~~~~~~~~~~
In file included from ./include/linux/input.h:22,
                 from drivers/media/usb/dvb-usb/dvb-usb.h:13,
                 from drivers/media/usb/dvb-usb/dw2102.h:5,
                 from drivers/media/usb/dvb-usb/dw2102.c:17:
drivers/media/usb/dvb-usb/dw2102.c:2443:19: note: ‘init_module’ target declared here
 2443 | module_usb_driver(dw2102_driver);
      |                   ^~~~~~~~~~~~~
./include/linux/device.h:1351:19: note: in definition of macro ‘module_driver’
 1351 | static int __init __driver##_init(void) \
      |                   ^~~~~~~~
drivers/media/usb/dvb-usb/dw2102.c:2443:1: note: in expansion of macro ‘module_usb_driver’
 2443 | module_usb_driver(dw2102_driver);
      | ^~~~~~~~~~~~~~~~~
  LD [M]  drivers/media/usb/dvb-usb/dvb-usb-dw2102.o
  CC [M]  drivers/media/usb/dvb-usb/dtv5100.o
In file included from ./drivers/media/dvb-core/dvb_frontend.h:39,
                 from drivers/media/usb/dvb-usb/dvb-usb.h:19,
                 from drivers/media/usb/dvb-usb/dtv5100.h:26,
                 from drivers/media/usb/dvb-usb/dtv5100.c:24:
./include/linux/module.h:138:7: warning: ‘cleanup_module’ specifies less restrictive attribute than its target ‘dtv5100_driver_exit’: ‘cold’ [-Wmissing-attributes]
  138 |  void cleanup_module(void) __attribute__((alias(#exitfn)));
      |       ^~~~~~~~~~~~~~
./include/linux/device.h:1360:1: note: in expansion of macro ‘module_exit’
 1360 | module_exit(__driver##_exit);
      | ^~~~~~~~~~~
./include/linux/usb.h:1195:2: note: in expansion of macro ‘module_driver’
 1195 |  module_driver(__usb_driver, usb_register, \
      |  ^~~~~~~~~~~~~
drivers/media/usb/dvb-usb/dtv5100.c:226:1: note: in expansion of macro ‘module_usb_driver’
  226 | module_usb_driver(dtv5100_driver);
      | ^~~~~~~~~~~~~~~~~
In file included from ./include/linux/input.h:22,
                 from drivers/media/usb/dvb-usb/dvb-usb.h:13,
                 from drivers/media/usb/dvb-usb/dtv5100.h:26,
                 from drivers/media/usb/dvb-usb/dtv5100.c:24:
drivers/media/usb/dvb-usb/dtv5100.c:226:19: note: ‘cleanup_module’ target declared here
  226 | module_usb_driver(dtv5100_driver);
      |                   ^~~~~~~~~~~~~~
./include/linux/device.h:1356:20: note: in definition of macro ‘module_driver’
 1356 | static void __exit __driver##_exit(void) \
      |                    ^~~~~~~~
drivers/media/usb/dvb-usb/dtv5100.c:226:1: note: in expansion of macro ‘module_usb_driver’
  226 | module_usb_driver(dtv5100_driver);
      | ^~~~~~~~~~~~~~~~~
In file included from ./drivers/media/dvb-core/dvb_frontend.h:39,
                 from drivers/media/usb/dvb-usb/dvb-usb.h:19,
                 from drivers/media/usb/dvb-usb/dtv5100.h:26,
                 from drivers/media/usb/dvb-usb/dtv5100.c:24:
./include/linux/module.h:132:6: warning: ‘init_module’ specifies less restrictive attribute than its target ‘dtv5100_driver_init’: ‘cold’ [-Wmissing-attributes]
  132 |  int init_module(void) __attribute__((alias(#initfn)));
      |      ^~~~~~~~~~~
./include/linux/device.h:1355:1: note: in expansion of macro ‘module_init’
 1355 | module_init(__driver##_init); \
      | ^~~~~~~~~~~
./include/linux/usb.h:1195:2: note: in expansion of macro ‘module_driver’
 1195 |  module_driver(__usb_driver, usb_register, \
      |  ^~~~~~~~~~~~~
drivers/media/usb/dvb-usb/dtv5100.c:226:1: note: in expansion of macro ‘module_usb_driver’
  226 | module_usb_driver(dtv5100_driver);
      | ^~~~~~~~~~~~~~~~~
In file included from ./include/linux/input.h:22,
                 from drivers/media/usb/dvb-usb/dvb-usb.h:13,
                 from drivers/media/usb/dvb-usb/dtv5100.h:26,
                 from drivers/media/usb/dvb-usb/dtv5100.c:24:
drivers/media/usb/dvb-usb/dtv5100.c:226:19: note: ‘init_module’ target declared here
  226 | module_usb_driver(dtv5100_driver);
      |                   ^~~~~~~~~~~~~~
./include/linux/device.h:1351:19: note: in definition of macro ‘module_driver’
 1351 | static int __init __driver##_init(void) \
      |                   ^~~~~~~~
drivers/media/usb/dvb-usb/dtv5100.c:226:1: note: in expansion of macro ‘module_usb_driver’
  226 | module_usb_driver(dtv5100_driver);
      | ^~~~~~~~~~~~~~~~~
  LD [M]  drivers/media/usb/dvb-usb/dvb-usb-dtv5100.o
  CC [M]  drivers/media/usb/dvb-usb/cinergyT2-core.o
In file included from ./drivers/media/dvb-core/dvb_frontend.h:39,
                 from drivers/media/usb/dvb-usb/dvb-usb.h:19,
                 from drivers/media/usb/dvb-usb/cinergyT2.h:36,
                 from drivers/media/usb/dvb-usb/cinergyT2-core.c:30:
./include/linux/module.h:138:7: warning: ‘cleanup_module’ specifies less restrictive attribute than its target ‘cinergyt2_driver_exit’: ‘cold’ [-Wmissing-attributes]
  138 |  void cleanup_module(void) __attribute__((alias(#exitfn)));
      |       ^~~~~~~~~~~~~~
./include/linux/device.h:1360:1: note: in expansion of macro ‘module_exit’
 1360 | module_exit(__driver##_exit);
      | ^~~~~~~~~~~
./include/linux/usb.h:1195:2: note: in expansion of macro ‘module_driver’
 1195 |  module_driver(__usb_driver, usb_register, \
      |  ^~~~~~~~~~~~~
drivers/media/usb/dvb-usb/cinergyT2-core.c:276:1: note: in expansion of macro ‘module_usb_driver’
  276 | module_usb_driver(cinergyt2_driver);
      | ^~~~~~~~~~~~~~~~~
In file included from ./include/linux/usb/ch9.h:35,
                 from ./include/linux/usb.h:5,
                 from ./include/linux/usb/input.h:12,
                 from drivers/media/usb/dvb-usb/cinergyT2.h:33,
                 from drivers/media/usb/dvb-usb/cinergyT2-core.c:30:
drivers/media/usb/dvb-usb/cinergyT2-core.c:276:19: note: ‘cleanup_module’ target declared here
  276 | module_usb_driver(cinergyt2_driver);
      |                   ^~~~~~~~~~~~~~~~
./include/linux/device.h:1356:20: note: in definition of macro ‘module_driver’
 1356 | static void __exit __driver##_exit(void) \
      |                    ^~~~~~~~
drivers/media/usb/dvb-usb/cinergyT2-core.c:276:1: note: in expansion of macro ‘module_usb_driver’
  276 | module_usb_driver(cinergyt2_driver);
      | ^~~~~~~~~~~~~~~~~
In file included from ./drivers/media/dvb-core/dvb_frontend.h:39,
                 from drivers/media/usb/dvb-usb/dvb-usb.h:19,
                 from drivers/media/usb/dvb-usb/cinergyT2.h:36,
                 from drivers/media/usb/dvb-usb/cinergyT2-core.c:30:
./include/linux/module.h:132:6: warning: ‘init_module’ specifies less restrictive attribute than its target ‘cinergyt2_driver_init’: ‘cold’ [-Wmissing-attributes]
  132 |  int init_module(void) __attribute__((alias(#initfn)));
      |      ^~~~~~~~~~~
./include/linux/device.h:1355:1: note: in expansion of macro ‘module_init’
 1355 | module_init(__driver##_init); \
      | ^~~~~~~~~~~
./include/linux/usb.h:1195:2: note: in expansion of macro ‘module_driver’
 1195 |  module_driver(__usb_driver, usb_register, \
      |  ^~~~~~~~~~~~~
drivers/media/usb/dvb-usb/cinergyT2-core.c:276:1: note: in expansion of macro ‘module_usb_driver’
  276 | module_usb_driver(cinergyt2_driver);
      | ^~~~~~~~~~~~~~~~~
In file included from ./include/linux/usb/ch9.h:35,
                 from ./include/linux/usb.h:5,
                 from ./include/linux/usb/input.h:12,
                 from drivers/media/usb/dvb-usb/cinergyT2.h:33,
                 from drivers/media/usb/dvb-usb/cinergyT2-core.c:30:
drivers/media/usb/dvb-usb/cinergyT2-core.c:276:19: note: ‘init_module’ target declared here
  276 | module_usb_driver(cinergyt2_driver);
      |                   ^~~~~~~~~~~~~~~~
./include/linux/device.h:1351:19: note: in definition of macro ‘module_driver’
 1351 | static int __init __driver##_init(void) \
      |                   ^~~~~~~~
drivers/media/usb/dvb-usb/cinergyT2-core.c:276:1: note: in expansion of macro ‘module_usb_driver’
  276 | module_usb_driver(cinergyt2_driver);
      | ^~~~~~~~~~~~~~~~~
  CC [M]  drivers/media/usb/dvb-usb/cinergyT2-fe.o
  LD [M]  drivers/media/usb/dvb-usb/dvb-usb-cinergyT2.o
  CC [M]  drivers/media/usb/dvb-usb/friio.o
In file included from ./drivers/media/dvb-core/dvb_frontend.h:39,
                 from drivers/media/usb/dvb-usb/dvb-usb.h:19,
                 from drivers/media/usb/dvb-usb/friio.h:31,
                 from drivers/media/usb/dvb-usb/friio.c:13:
./include/linux/module.h:138:7: warning: ‘cleanup_module’ specifies less restrictive attribute than its target ‘friio_driver_exit’: ‘cold’ [-Wmissing-attributes]
  138 |  void cleanup_module(void) __attribute__((alias(#exitfn)));
      |       ^~~~~~~~~~~~~~
./include/linux/device.h:1360:1: note: in expansion of macro ‘module_exit’
 1360 | module_exit(__driver##_exit);
      | ^~~~~~~~~~~
./include/linux/usb.h:1195:2: note: in expansion of macro ‘module_driver’
 1195 |  module_driver(__usb_driver, usb_register, \
      |  ^~~~~~~~~~~~~
drivers/media/usb/dvb-usb/friio.c:517:1: note: in expansion of macro ‘module_usb_driver’
  517 | module_usb_driver(friio_driver);
      | ^~~~~~~~~~~~~~~~~
In file included from ./include/linux/input.h:22,
                 from drivers/media/usb/dvb-usb/dvb-usb.h:13,
                 from drivers/media/usb/dvb-usb/friio.h:31,
                 from drivers/media/usb/dvb-usb/friio.c:13:
drivers/media/usb/dvb-usb/friio.c:517:19: note: ‘cleanup_module’ target declared here
  517 | module_usb_driver(friio_driver);
      |                   ^~~~~~~~~~~~
./include/linux/device.h:1356:20: note: in definition of macro ‘module_driver’
 1356 | static void __exit __driver##_exit(void) \
      |                    ^~~~~~~~
drivers/media/usb/dvb-usb/friio.c:517:1: note: in expansion of macro ‘module_usb_driver’
  517 | module_usb_driver(friio_driver);
      | ^~~~~~~~~~~~~~~~~
In file included from ./drivers/media/dvb-core/dvb_frontend.h:39,
                 from drivers/media/usb/dvb-usb/dvb-usb.h:19,
                 from drivers/media/usb/dvb-usb/friio.h:31,
                 from drivers/media/usb/dvb-usb/friio.c:13:
./include/linux/module.h:132:6: warning: ‘init_module’ specifies less restrictive attribute than its target ‘friio_driver_init’: ‘cold’ [-Wmissing-attributes]
  132 |  int init_module(void) __attribute__((alias(#initfn)));
      |      ^~~~~~~~~~~
./include/linux/device.h:1355:1: note: in expansion of macro ‘module_init’
 1355 | module_init(__driver##_init); \
      | ^~~~~~~~~~~
./include/linux/usb.h:1195:2: note: in expansion of macro ‘module_driver’
 1195 |  module_driver(__usb_driver, usb_register, \
      |  ^~~~~~~~~~~~~
drivers/media/usb/dvb-usb/friio.c:517:1: note: in expansion of macro ‘module_usb_driver’
  517 | module_usb_driver(friio_driver);
      | ^~~~~~~~~~~~~~~~~
In file included from ./include/linux/input.h:22,
                 from drivers/media/usb/dvb-usb/dvb-usb.h:13,
                 from drivers/media/usb/dvb-usb/friio.h:31,
                 from drivers/media/usb/dvb-usb/friio.c:13:
drivers/media/usb/dvb-usb/friio.c:517:19: note: ‘init_module’ target declared here
  517 | module_usb_driver(friio_driver);
      |                   ^~~~~~~~~~~~
./include/linux/device.h:1351:19: note: in definition of macro ‘module_driver’
 1351 | static int __init __driver##_init(void) \
      |                   ^~~~~~~~
drivers/media/usb/dvb-usb/friio.c:517:1: note: in expansion of macro ‘module_usb_driver’
  517 | module_usb_driver(friio_driver);
      | ^~~~~~~~~~~~~~~~~
  CC [M]  drivers/media/usb/dvb-usb/friio-fe.o
  LD [M]  drivers/media/usb/dvb-usb/dvb-usb-friio.o
  CC [M]  drivers/media/usb/dvb-usb/az6027.o
In file included from ./drivers/media/dvb-core/dvb_frontend.h:39,
                 from drivers/media/usb/dvb-usb/dvb-usb.h:19,
                 from drivers/media/usb/dvb-usb/az6027.h:5,
                 from drivers/media/usb/dvb-usb/az6027.c:12:
./include/linux/module.h:138:7: warning: ‘cleanup_module’ specifies less restrictive attribute than its target ‘az6027_usb_driver_exit’: ‘cold’ [-Wmissing-attributes]
  138 |  void cleanup_module(void) __attribute__((alias(#exitfn)));
      |       ^~~~~~~~~~~~~~
./include/linux/device.h:1360:1: note: in expansion of macro ‘module_exit’
 1360 | module_exit(__driver##_exit);
      | ^~~~~~~~~~~
./include/linux/usb.h:1195:2: note: in expansion of macro ‘module_driver’
 1195 |  module_driver(__usb_driver, usb_register, \
      |  ^~~~~~~~~~~~~
drivers/media/usb/dvb-usb/az6027.c:1189:1: note: in expansion of macro ‘module_usb_driver’
 1189 | module_usb_driver(az6027_usb_driver);
      | ^~~~~~~~~~~~~~~~~
In file included from ./include/linux/input.h:22,
                 from drivers/media/usb/dvb-usb/dvb-usb.h:13,
                 from drivers/media/usb/dvb-usb/az6027.h:5,
                 from drivers/media/usb/dvb-usb/az6027.c:12:
drivers/media/usb/dvb-usb/az6027.c:1189:19: note: ‘cleanup_module’ target declared here
 1189 | module_usb_driver(az6027_usb_driver);
      |                   ^~~~~~~~~~~~~~~~~
./include/linux/device.h:1356:20: note: in definition of macro ‘module_driver’
 1356 | static void __exit __driver##_exit(void) \
      |                    ^~~~~~~~
drivers/media/usb/dvb-usb/az6027.c:1189:1: note: in expansion of macro ‘module_usb_driver’
 1189 | module_usb_driver(az6027_usb_driver);
      | ^~~~~~~~~~~~~~~~~
In file included from ./drivers/media/dvb-core/dvb_frontend.h:39,
                 from drivers/media/usb/dvb-usb/dvb-usb.h:19,
                 from drivers/media/usb/dvb-usb/az6027.h:5,
                 from drivers/media/usb/dvb-usb/az6027.c:12:
./include/linux/module.h:132:6: warning: ‘init_module’ specifies less restrictive attribute than its target ‘az6027_usb_driver_init’: ‘cold’ [-Wmissing-attributes]
  132 |  int init_module(void) __attribute__((alias(#initfn)));
      |      ^~~~~~~~~~~
./include/linux/device.h:1355:1: note: in expansion of macro ‘module_init’
 1355 | module_init(__driver##_init); \
      | ^~~~~~~~~~~
./include/linux/usb.h:1195:2: note: in expansion of macro ‘module_driver’
 1195 |  module_driver(__usb_driver, usb_register, \
      |  ^~~~~~~~~~~~~
drivers/media/usb/dvb-usb/az6027.c:1189:1: note: in expansion of macro ‘module_usb_driver’
 1189 | module_usb_driver(az6027_usb_driver);
      | ^~~~~~~~~~~~~~~~~
In file included from ./include/linux/input.h:22,
                 from drivers/media/usb/dvb-usb/dvb-usb.h:13,
                 from drivers/media/usb/dvb-usb/az6027.h:5,
                 from drivers/media/usb/dvb-usb/az6027.c:12:
drivers/media/usb/dvb-usb/az6027.c:1189:19: note: ‘init_module’ target declared here
 1189 | module_usb_driver(az6027_usb_driver);
      |                   ^~~~~~~~~~~~~~~~~
./include/linux/device.h:1351:19: note: in definition of macro ‘module_driver’
 1351 | static int __init __driver##_init(void) \
      |                   ^~~~~~~~
drivers/media/usb/dvb-usb/az6027.c:1189:1: note: in expansion of macro ‘module_usb_driver’
 1189 | module_usb_driver(az6027_usb_driver);
      | ^~~~~~~~~~~~~~~~~
  LD [M]  drivers/media/usb/dvb-usb/dvb-usb-az6027.o
  CC [M]  drivers/media/usb/dvb-usb/technisat-usb2.o
In file included from ./drivers/media/dvb-core/dvb_frontend.h:39,
                 from drivers/media/usb/dvb-usb/dvb-usb.h:19,
                 from drivers/media/usb/dvb-usb/technisat-usb2.c:34:
./include/linux/module.h:138:7: warning: ‘cleanup_module’ specifies less restrictive attribute than its target ‘technisat_usb2_driver_exit’: ‘cold’ [-Wmissing-attributes]
  138 |  void cleanup_module(void) __attribute__((alias(#exitfn)));
      |       ^~~~~~~~~~~~~~
./include/linux/device.h:1360:1: note: in expansion of macro ‘module_exit’
 1360 | module_exit(__driver##_exit);
      | ^~~~~~~~~~~
./include/linux/usb.h:1195:2: note: in expansion of macro ‘module_driver’
 1195 |  module_driver(__usb_driver, usb_register, \
      |  ^~~~~~~~~~~~~
drivers/media/usb/dvb-usb/technisat-usb2.c:807:1: note: in expansion of macro ‘module_usb_driver’
  807 | module_usb_driver(technisat_usb2_driver);
      | ^~~~~~~~~~~~~~~~~
In file included from ./include/linux/input.h:22,
                 from drivers/media/usb/dvb-usb/dvb-usb.h:13,
                 from drivers/media/usb/dvb-usb/technisat-usb2.c:34:
drivers/media/usb/dvb-usb/technisat-usb2.c:807:19: note: ‘cleanup_module’ target declared here
  807 | module_usb_driver(technisat_usb2_driver);
      |                   ^~~~~~~~~~~~~~~~~~~~~
./include/linux/device.h:1356:20: note: in definition of macro ‘module_driver’
 1356 | static void __exit __driver##_exit(void) \
      |                    ^~~~~~~~
drivers/media/usb/dvb-usb/technisat-usb2.c:807:1: note: in expansion of macro ‘module_usb_driver’
  807 | module_usb_driver(technisat_usb2_driver);
      | ^~~~~~~~~~~~~~~~~
In file included from ./drivers/media/dvb-core/dvb_frontend.h:39,
                 from drivers/media/usb/dvb-usb/dvb-usb.h:19,
                 from drivers/media/usb/dvb-usb/technisat-usb2.c:34:
./include/linux/module.h:132:6: warning: ‘init_module’ specifies less restrictive attribute than its target ‘technisat_usb2_driver_init’: ‘cold’ [-Wmissing-attributes]
  132 |  int init_module(void) __attribute__((alias(#initfn)));
      |      ^~~~~~~~~~~
./include/linux/device.h:1355:1: note: in expansion of macro ‘module_init’
 1355 | module_init(__driver##_init); \
      | ^~~~~~~~~~~
./include/linux/usb.h:1195:2: note: in expansion of macro ‘module_driver’
 1195 |  module_driver(__usb_driver, usb_register, \
      |  ^~~~~~~~~~~~~
drivers/media/usb/dvb-usb/technisat-usb2.c:807:1: note: in expansion of macro ‘module_usb_driver’
  807 | module_usb_driver(technisat_usb2_driver);
      | ^~~~~~~~~~~~~~~~~
In file included from ./include/linux/input.h:22,
                 from drivers/media/usb/dvb-usb/dvb-usb.h:13,
                 from drivers/media/usb/dvb-usb/technisat-usb2.c:34:
drivers/media/usb/dvb-usb/technisat-usb2.c:807:19: note: ‘init_module’ target declared here
  807 | module_usb_driver(technisat_usb2_driver);
      |                   ^~~~~~~~~~~~~~~~~~~~~
./include/linux/device.h:1351:19: note: in definition of macro ‘module_driver’
 1351 | static int __init __driver##_init(void) \
      |                   ^~~~~~~~
drivers/media/usb/dvb-usb/technisat-usb2.c:807:1: note: in expansion of macro ‘module_usb_driver’
  807 | module_usb_driver(technisat_usb2_driver);
      | ^~~~~~~~~~~~~~~~~
  LD [M]  drivers/media/usb/dvb-usb/dvb-usb-technisat-usb2.o
  LD      drivers/media/usb/dvb-usb-v2/built-in.o
  CC [M]  drivers/media/usb/dvb-usb-v2/dvb_usb_core.o
  CC [M]  drivers/media/usb/dvb-usb-v2/dvb_usb_urb.o
  CC [M]  drivers/media/usb/dvb-usb-v2/usb_urb.o
  LD [M]  drivers/media/usb/dvb-usb-v2/dvb_usb_v2.o
  CC [M]  drivers/media/usb/dvb-usb-v2/af9015.o
In file included from ./drivers/media/dvb-core/dvb_frontend.h:39,
                 from drivers/media/usb/dvb-usb-v2/dvb_usb.h:30,
                 from drivers/media/usb/dvb-usb-v2/af9015.h:28,
                 from drivers/media/usb/dvb-usb-v2/af9015.c:24:
./include/linux/module.h:138:7: warning: ‘cleanup_module’ specifies less restrictive attribute than its target ‘af9015_usb_driver_exit’: ‘cold’ [-Wmissing-attributes]
  138 |  void cleanup_module(void) __attribute__((alias(#exitfn)));
      |       ^~~~~~~~~~~~~~
./include/linux/device.h:1360:1: note: in expansion of macro ‘module_exit’
 1360 | module_exit(__driver##_exit);
      | ^~~~~~~~~~~
./include/linux/usb.h:1195:2: note: in expansion of macro ‘module_driver’
 1195 |  module_driver(__usb_driver, usb_register, \
      |  ^~~~~~~~~~~~~
drivers/media/usb/dvb-usb-v2/af9015.c:1505:1: note: in expansion of macro ‘module_usb_driver’
 1505 | module_usb_driver(af9015_usb_driver);
      | ^~~~~~~~~~~~~~~~~
In file included from ./include/linux/usb/ch9.h:35,
                 from ./include/linux/usb.h:5,
                 from ./include/linux/usb/input.h:12,
                 from drivers/media/usb/dvb-usb-v2/dvb_usb.h:25,
                 from drivers/media/usb/dvb-usb-v2/af9015.h:28,
                 from drivers/media/usb/dvb-usb-v2/af9015.c:24:
drivers/media/usb/dvb-usb-v2/af9015.c:1505:19: note: ‘cleanup_module’ target declared here
 1505 | module_usb_driver(af9015_usb_driver);
      |                   ^~~~~~~~~~~~~~~~~
./include/linux/device.h:1356:20: note: in definition of macro ‘module_driver’
 1356 | static void __exit __driver##_exit(void) \
      |                    ^~~~~~~~
drivers/media/usb/dvb-usb-v2/af9015.c:1505:1: note: in expansion of macro ‘module_usb_driver’
 1505 | module_usb_driver(af9015_usb_driver);
      | ^~~~~~~~~~~~~~~~~
In file included from ./drivers/media/dvb-core/dvb_frontend.h:39,
                 from drivers/media/usb/dvb-usb-v2/dvb_usb.h:30,
                 from drivers/media/usb/dvb-usb-v2/af9015.h:28,
                 from drivers/media/usb/dvb-usb-v2/af9015.c:24:
./include/linux/module.h:132:6: warning: ‘init_module’ specifies less restrictive attribute than its target ‘af9015_usb_driver_init’: ‘cold’ [-Wmissing-attributes]
  132 |  int init_module(void) __attribute__((alias(#initfn)));
      |      ^~~~~~~~~~~
./include/linux/device.h:1355:1: note: in expansion of macro ‘module_init’
 1355 | module_init(__driver##_init); \
      | ^~~~~~~~~~~
./include/linux/usb.h:1195:2: note: in expansion of macro ‘module_driver’
 1195 |  module_driver(__usb_driver, usb_register, \
      |  ^~~~~~~~~~~~~
drivers/media/usb/dvb-usb-v2/af9015.c:1505:1: note: in expansion of macro ‘module_usb_driver’
 1505 | module_usb_driver(af9015_usb_driver);
      | ^~~~~~~~~~~~~~~~~
In file included from ./include/linux/usb/ch9.h:35,
                 from ./include/linux/usb.h:5,
                 from ./include/linux/usb/input.h:12,
                 from drivers/media/usb/dvb-usb-v2/dvb_usb.h:25,
                 from drivers/media/usb/dvb-usb-v2/af9015.h:28,
                 from drivers/media/usb/dvb-usb-v2/af9015.c:24:
drivers/media/usb/dvb-usb-v2/af9015.c:1505:19: note: ‘init_module’ target declared here
 1505 | module_usb_driver(af9015_usb_driver);
      |                   ^~~~~~~~~~~~~~~~~
./include/linux/device.h:1351:19: note: in definition of macro ‘module_driver’
 1351 | static int __init __driver##_init(void) \
      |                   ^~~~~~~~
drivers/media/usb/dvb-usb-v2/af9015.c:1505:1: note: in expansion of macro ‘module_usb_driver’
 1505 | module_usb_driver(af9015_usb_driver);
      | ^~~~~~~~~~~~~~~~~
  LD [M]  drivers/media/usb/dvb-usb-v2/dvb-usb-af9015.o
  CC [M]  drivers/media/usb/dvb-usb-v2/af9035.o
In file included from ./drivers/media/dvb-core/dvb_frontend.h:39,
                 from drivers/media/usb/dvb-usb-v2/dvb_usb.h:30,
                 from drivers/media/usb/dvb-usb-v2/af9035.h:25,
                 from drivers/media/usb/dvb-usb-v2/af9035.c:22:
./include/linux/module.h:138:7: warning: ‘cleanup_module’ specifies less restrictive attribute than its target ‘af9035_usb_driver_exit’: ‘cold’ [-Wmissing-attributes]
  138 |  void cleanup_module(void) __attribute__((alias(#exitfn)));
      |       ^~~~~~~~~~~~~~
./include/linux/device.h:1360:1: note: in expansion of macro ‘module_exit’
 1360 | module_exit(__driver##_exit);
      | ^~~~~~~~~~~
./include/linux/usb.h:1195:2: note: in expansion of macro ‘module_driver’
 1195 |  module_driver(__usb_driver, usb_register, \
      |  ^~~~~~~~~~~~~
drivers/media/usb/dvb-usb-v2/af9035.c:2158:1: note: in expansion of macro ‘module_usb_driver’
 2158 | module_usb_driver(af9035_usb_driver);
      | ^~~~~~~~~~~~~~~~~
In file included from ./include/linux/usb/ch9.h:35,
                 from ./include/linux/usb.h:5,
                 from ./include/linux/usb/input.h:12,
                 from drivers/media/usb/dvb-usb-v2/dvb_usb.h:25,
                 from drivers/media/usb/dvb-usb-v2/af9035.h:25,
                 from drivers/media/usb/dvb-usb-v2/af9035.c:22:
drivers/media/usb/dvb-usb-v2/af9035.c:2158:19: note: ‘cleanup_module’ target declared here
 2158 | module_usb_driver(af9035_usb_driver);
      |                   ^~~~~~~~~~~~~~~~~
./include/linux/device.h:1356:20: note: in definition of macro ‘module_driver’
 1356 | static void __exit __driver##_exit(void) \
      |                    ^~~~~~~~
drivers/media/usb/dvb-usb-v2/af9035.c:2158:1: note: in expansion of macro ‘module_usb_driver’
 2158 | module_usb_driver(af9035_usb_driver);
      | ^~~~~~~~~~~~~~~~~
In file included from ./drivers/media/dvb-core/dvb_frontend.h:39,
                 from drivers/media/usb/dvb-usb-v2/dvb_usb.h:30,
                 from drivers/media/usb/dvb-usb-v2/af9035.h:25,
                 from drivers/media/usb/dvb-usb-v2/af9035.c:22:
./include/linux/module.h:132:6: warning: ‘init_module’ specifies less restrictive attribute than its target ‘af9035_usb_driver_init’: ‘cold’ [-Wmissing-attributes]
  132 |  int init_module(void) __attribute__((alias(#initfn)));
      |      ^~~~~~~~~~~
./include/linux/device.h:1355:1: note: in expansion of macro ‘module_init’
 1355 | module_init(__driver##_init); \
      | ^~~~~~~~~~~
./include/linux/usb.h:1195:2: note: in expansion of macro ‘module_driver’
 1195 |  module_driver(__usb_driver, usb_register, \
      |  ^~~~~~~~~~~~~
drivers/media/usb/dvb-usb-v2/af9035.c:2158:1: note: in expansion of macro ‘module_usb_driver’
 2158 | module_usb_driver(af9035_usb_driver);
      | ^~~~~~~~~~~~~~~~~
In file included from ./include/linux/usb/ch9.h:35,
                 from ./include/linux/usb.h:5,
                 from ./include/linux/usb/input.h:12,
                 from drivers/media/usb/dvb-usb-v2/dvb_usb.h:25,
                 from drivers/media/usb/dvb-usb-v2/af9035.h:25,
                 from drivers/media/usb/dvb-usb-v2/af9035.c:22:
drivers/media/usb/dvb-usb-v2/af9035.c:2158:19: note: ‘init_module’ target declared here
 2158 | module_usb_driver(af9035_usb_driver);
      |                   ^~~~~~~~~~~~~~~~~
./include/linux/device.h:1351:19: note: in definition of macro ‘module_driver’
 1351 | static int __init __driver##_init(void) \
      |                   ^~~~~~~~
drivers/media/usb/dvb-usb-v2/af9035.c:2158:1: note: in expansion of macro ‘module_usb_driver’
 2158 | module_usb_driver(af9035_usb_driver);
      | ^~~~~~~~~~~~~~~~~
  LD [M]  drivers/media/usb/dvb-usb-v2/dvb-usb-af9035.o
  CC [M]  drivers/media/usb/dvb-usb-v2/anysee.o
In file included from ./drivers/media/dvb-core/dvb_frontend.h:39,
                 from drivers/media/usb/dvb-usb-v2/dvb_usb.h:30,
                 from drivers/media/usb/dvb-usb-v2/anysee.h:38,
                 from drivers/media/usb/dvb-usb-v2/anysee.c:34:
./include/linux/module.h:138:7: warning: ‘cleanup_module’ specifies less restrictive attribute than its target ‘anysee_usb_driver_exit’: ‘cold’ [-Wmissing-attributes]
  138 |  void cleanup_module(void) __attribute__((alias(#exitfn)));
      |       ^~~~~~~~~~~~~~
./include/linux/device.h:1360:1: note: in expansion of macro ‘module_exit’
 1360 | module_exit(__driver##_exit);
      | ^~~~~~~~~~~
./include/linux/usb.h:1195:2: note: in expansion of macro ‘module_driver’
 1195 |  module_driver(__usb_driver, usb_register, \
      |  ^~~~~~~~~~~~~
drivers/media/usb/dvb-usb-v2/anysee.c:1438:1: note: in expansion of macro ‘module_usb_driver’
 1438 | module_usb_driver(anysee_usb_driver);
      | ^~~~~~~~~~~~~~~~~
In file included from ./include/linux/usb/ch9.h:35,
                 from ./include/linux/usb.h:5,
                 from ./include/linux/usb/input.h:12,
                 from drivers/media/usb/dvb-usb-v2/dvb_usb.h:25,
                 from drivers/media/usb/dvb-usb-v2/anysee.h:38,
                 from drivers/media/usb/dvb-usb-v2/anysee.c:34:
drivers/media/usb/dvb-usb-v2/anysee.c:1438:19: note: ‘cleanup_module’ target declared here
 1438 | module_usb_driver(anysee_usb_driver);
      |                   ^~~~~~~~~~~~~~~~~
./include/linux/device.h:1356:20: note: in definition of macro ‘module_driver’
 1356 | static void __exit __driver##_exit(void) \
      |                    ^~~~~~~~
drivers/media/usb/dvb-usb-v2/anysee.c:1438:1: note: in expansion of macro ‘module_usb_driver’
 1438 | module_usb_driver(anysee_usb_driver);
      | ^~~~~~~~~~~~~~~~~
In file included from ./drivers/media/dvb-core/dvb_frontend.h:39,
                 from drivers/media/usb/dvb-usb-v2/dvb_usb.h:30,
                 from drivers/media/usb/dvb-usb-v2/anysee.h:38,
                 from drivers/media/usb/dvb-usb-v2/anysee.c:34:
./include/linux/module.h:132:6: warning: ‘init_module’ specifies less restrictive attribute than its target ‘anysee_usb_driver_init’: ‘cold’ [-Wmissing-attributes]
  132 |  int init_module(void) __attribute__((alias(#initfn)));
      |      ^~~~~~~~~~~
./include/linux/device.h:1355:1: note: in expansion of macro ‘module_init’
 1355 | module_init(__driver##_init); \
      | ^~~~~~~~~~~
./include/linux/usb.h:1195:2: note: in expansion of macro ‘module_driver’
 1195 |  module_driver(__usb_driver, usb_register, \
      |  ^~~~~~~~~~~~~
drivers/media/usb/dvb-usb-v2/anysee.c:1438:1: note: in expansion of macro ‘module_usb_driver’
 1438 | module_usb_driver(anysee_usb_driver);
      | ^~~~~~~~~~~~~~~~~
In file included from ./include/linux/usb/ch9.h:35,
                 from ./include/linux/usb.h:5,
                 from ./include/linux/usb/input.h:12,
                 from drivers/media/usb/dvb-usb-v2/dvb_usb.h:25,
                 from drivers/media/usb/dvb-usb-v2/anysee.h:38,
                 from drivers/media/usb/dvb-usb-v2/anysee.c:34:
drivers/media/usb/dvb-usb-v2/anysee.c:1438:19: note: ‘init_module’ target declared here
 1438 | module_usb_driver(anysee_usb_driver);
      |                   ^~~~~~~~~~~~~~~~~
./include/linux/device.h:1351:19: note: in definition of macro ‘module_driver’
 1351 | static int __init __driver##_init(void) \
      |                   ^~~~~~~~
drivers/media/usb/dvb-usb-v2/anysee.c:1438:1: note: in expansion of macro ‘module_usb_driver’
 1438 | module_usb_driver(anysee_usb_driver);
      | ^~~~~~~~~~~~~~~~~
  LD [M]  drivers/media/usb/dvb-usb-v2/dvb-usb-anysee.o
  CC [M]  drivers/media/usb/dvb-usb-v2/au6610.o
In file included from ./drivers/media/dvb-core/dvb_frontend.h:39,
                 from drivers/media/usb/dvb-usb-v2/dvb_usb.h:30,
                 from drivers/media/usb/dvb-usb-v2/au6610.h:23,
                 from drivers/media/usb/dvb-usb-v2/au6610.c:21:
./include/linux/module.h:138:7: warning: ‘cleanup_module’ specifies less restrictive attribute than its target ‘au6610_driver_exit’: ‘cold’ [-Wmissing-attributes]
  138 |  void cleanup_module(void) __attribute__((alias(#exitfn)));
      |       ^~~~~~~~~~~~~~
./include/linux/device.h:1360:1: note: in expansion of macro ‘module_exit’
 1360 | module_exit(__driver##_exit);
      | ^~~~~~~~~~~
./include/linux/usb.h:1195:2: note: in expansion of macro ‘module_driver’
 1195 |  module_driver(__usb_driver, usb_register, \
      |  ^~~~~~~~~~~~~
drivers/media/usb/dvb-usb-v2/au6610.c:208:1: note: in expansion of macro ‘module_usb_driver’
  208 | module_usb_driver(au6610_driver);
      | ^~~~~~~~~~~~~~~~~
In file included from ./include/linux/usb/ch9.h:35,
                 from ./include/linux/usb.h:5,
                 from ./include/linux/usb/input.h:12,
                 from drivers/media/usb/dvb-usb-v2/dvb_usb.h:25,
                 from drivers/media/usb/dvb-usb-v2/au6610.h:23,
                 from drivers/media/usb/dvb-usb-v2/au6610.c:21:
drivers/media/usb/dvb-usb-v2/au6610.c:208:19: note: ‘cleanup_module’ target declared here
  208 | module_usb_driver(au6610_driver);
      |                   ^~~~~~~~~~~~~
./include/linux/device.h:1356:20: note: in definition of macro ‘module_driver’
 1356 | static void __exit __driver##_exit(void) \
      |                    ^~~~~~~~
drivers/media/usb/dvb-usb-v2/au6610.c:208:1: note: in expansion of macro ‘module_usb_driver’
  208 | module_usb_driver(au6610_driver);
      | ^~~~~~~~~~~~~~~~~
In file included from ./drivers/media/dvb-core/dvb_frontend.h:39,
                 from drivers/media/usb/dvb-usb-v2/dvb_usb.h:30,
                 from drivers/media/usb/dvb-usb-v2/au6610.h:23,
                 from drivers/media/usb/dvb-usb-v2/au6610.c:21:
./include/linux/module.h:132:6: warning: ‘init_module’ specifies less restrictive attribute than its target ‘au6610_driver_init’: ‘cold’ [-Wmissing-attributes]
  132 |  int init_module(void) __attribute__((alias(#initfn)));
      |      ^~~~~~~~~~~
./include/linux/device.h:1355:1: note: in expansion of macro ‘module_init’
 1355 | module_init(__driver##_init); \
      | ^~~~~~~~~~~
./include/linux/usb.h:1195:2: note: in expansion of macro ‘module_driver’
 1195 |  module_driver(__usb_driver, usb_register, \
      |  ^~~~~~~~~~~~~
drivers/media/usb/dvb-usb-v2/au6610.c:208:1: note: in expansion of macro ‘module_usb_driver’
  208 | module_usb_driver(au6610_driver);
      | ^~~~~~~~~~~~~~~~~
In file included from ./include/linux/usb/ch9.h:35,
                 from ./include/linux/usb.h:5,
                 from ./include/linux/usb/input.h:12,
                 from drivers/media/usb/dvb-usb-v2/dvb_usb.h:25,
                 from drivers/media/usb/dvb-usb-v2/au6610.h:23,
                 from drivers/media/usb/dvb-usb-v2/au6610.c:21:
drivers/media/usb/dvb-usb-v2/au6610.c:208:19: note: ‘init_module’ target declared here
  208 | module_usb_driver(au6610_driver);
      |                   ^~~~~~~~~~~~~
./include/linux/device.h:1351:19: note: in definition of macro ‘module_driver’
 1351 | static int __init __driver##_init(void) \
      |                   ^~~~~~~~
drivers/media/usb/dvb-usb-v2/au6610.c:208:1: note: in expansion of macro ‘module_usb_driver’
  208 | module_usb_driver(au6610_driver);
      | ^~~~~~~~~~~~~~~~~
  LD [M]  drivers/media/usb/dvb-usb-v2/dvb-usb-au6610.o
  CC [M]  drivers/media/usb/dvb-usb-v2/az6007.o
In file included from ./drivers/media/dvb-core/dvb_frontend.h:39,
                 from ./drivers/media/tuners/mt2063.h:4,
                 from drivers/media/usb/dvb-usb-v2/az6007.c:25:
./include/linux/module.h:138:7: warning: ‘cleanup_module’ specifies less restrictive attribute than its target ‘az6007_usb_driver_exit’: ‘cold’ [-Wmissing-attributes]
  138 |  void cleanup_module(void) __attribute__((alias(#exitfn)));
      |       ^~~~~~~~~~~~~~
./include/linux/device.h:1360:1: note: in expansion of macro ‘module_exit’
 1360 | module_exit(__driver##_exit);
      | ^~~~~~~~~~~
./include/linux/usb.h:1195:2: note: in expansion of macro ‘module_driver’
 1195 |  module_driver(__usb_driver, usb_register, \
      |  ^~~~~~~~~~~~~
drivers/media/usb/dvb-usb-v2/az6007.c:983:1: note: in expansion of macro ‘module_usb_driver’
  983 | module_usb_driver(az6007_usb_driver);
      | ^~~~~~~~~~~~~~~~~
In file included from ./include/linux/i2c.h:30,
                 from ./drivers/media/dvb-frontends/drxk.h:5,
                 from drivers/media/usb/dvb-usb-v2/az6007.c:24:
drivers/media/usb/dvb-usb-v2/az6007.c:983:19: note: ‘cleanup_module’ target declared here
  983 | module_usb_driver(az6007_usb_driver);
      |                   ^~~~~~~~~~~~~~~~~
./include/linux/device.h:1356:20: note: in definition of macro ‘module_driver’
 1356 | static void __exit __driver##_exit(void) \
      |                    ^~~~~~~~
drivers/media/usb/dvb-usb-v2/az6007.c:983:1: note: in expansion of macro ‘module_usb_driver’
  983 | module_usb_driver(az6007_usb_driver);
      | ^~~~~~~~~~~~~~~~~
In file included from ./drivers/media/dvb-core/dvb_frontend.h:39,
                 from ./drivers/media/tuners/mt2063.h:4,
                 from drivers/media/usb/dvb-usb-v2/az6007.c:25:
./include/linux/module.h:132:6: warning: ‘init_module’ specifies less restrictive attribute than its target ‘az6007_usb_driver_init’: ‘cold’ [-Wmissing-attributes]
  132 |  int init_module(void) __attribute__((alias(#initfn)));
      |      ^~~~~~~~~~~
./include/linux/device.h:1355:1: note: in expansion of macro ‘module_init’
 1355 | module_init(__driver##_init); \
      | ^~~~~~~~~~~
./include/linux/usb.h:1195:2: note: in expansion of macro ‘module_driver’
 1195 |  module_driver(__usb_driver, usb_register, \
      |  ^~~~~~~~~~~~~
drivers/media/usb/dvb-usb-v2/az6007.c:983:1: note: in expansion of macro ‘module_usb_driver’
  983 | module_usb_driver(az6007_usb_driver);
      | ^~~~~~~~~~~~~~~~~
In file included from ./include/linux/i2c.h:30,
                 from ./drivers/media/dvb-frontends/drxk.h:5,
                 from drivers/media/usb/dvb-usb-v2/az6007.c:24:
drivers/media/usb/dvb-usb-v2/az6007.c:983:19: note: ‘init_module’ target declared here
  983 | module_usb_driver(az6007_usb_driver);
      |                   ^~~~~~~~~~~~~~~~~
./include/linux/device.h:1351:19: note: in definition of macro ‘module_driver’
 1351 | static int __init __driver##_init(void) \
      |                   ^~~~~~~~
drivers/media/usb/dvb-usb-v2/az6007.c:983:1: note: in expansion of macro ‘module_usb_driver’
  983 | module_usb_driver(az6007_usb_driver);
      | ^~~~~~~~~~~~~~~~~
  LD [M]  drivers/media/usb/dvb-usb-v2/dvb-usb-az6007.o
  CC [M]  drivers/media/usb/dvb-usb-v2/ce6230.o
In file included from ./drivers/media/dvb-core/dvb_frontend.h:39,
                 from drivers/media/usb/dvb-usb-v2/dvb_usb.h:30,
                 from drivers/media/usb/dvb-usb-v2/ce6230.h:25,
                 from drivers/media/usb/dvb-usb-v2/ce6230.c:22:
./include/linux/module.h:138:7: warning: ‘cleanup_module’ specifies less restrictive attribute than its target ‘ce6230_usb_driver_exit’: ‘cold’ [-Wmissing-attributes]
  138 |  void cleanup_module(void) __attribute__((alias(#exitfn)));
      |       ^~~~~~~~~~~~~~
./include/linux/device.h:1360:1: note: in expansion of macro ‘module_exit’
 1360 | module_exit(__driver##_exit);
      | ^~~~~~~~~~~
./include/linux/usb.h:1195:2: note: in expansion of macro ‘module_driver’
 1195 |  module_driver(__usb_driver, usb_register, \
      |  ^~~~~~~~~~~~~
drivers/media/usb/dvb-usb-v2/ce6230.c:288:1: note: in expansion of macro ‘module_usb_driver’
  288 | module_usb_driver(ce6230_usb_driver);
      | ^~~~~~~~~~~~~~~~~
In file included from ./include/linux/usb/ch9.h:35,
                 from ./include/linux/usb.h:5,
                 from ./include/linux/usb/input.h:12,
                 from drivers/media/usb/dvb-usb-v2/dvb_usb.h:25,
                 from drivers/media/usb/dvb-usb-v2/ce6230.h:25,
                 from drivers/media/usb/dvb-usb-v2/ce6230.c:22:
drivers/media/usb/dvb-usb-v2/ce6230.c:288:19: note: ‘cleanup_module’ target declared here
  288 | module_usb_driver(ce6230_usb_driver);
      |                   ^~~~~~~~~~~~~~~~~
./include/linux/device.h:1356:20: note: in definition of macro ‘module_driver’
 1356 | static void __exit __driver##_exit(void) \
      |                    ^~~~~~~~
drivers/media/usb/dvb-usb-v2/ce6230.c:288:1: note: in expansion of macro ‘module_usb_driver’
  288 | module_usb_driver(ce6230_usb_driver);
      | ^~~~~~~~~~~~~~~~~
In file included from ./drivers/media/dvb-core/dvb_frontend.h:39,
                 from drivers/media/usb/dvb-usb-v2/dvb_usb.h:30,
                 from drivers/media/usb/dvb-usb-v2/ce6230.h:25,
                 from drivers/media/usb/dvb-usb-v2/ce6230.c:22:
./include/linux/module.h:132:6: warning: ‘init_module’ specifies less restrictive attribute than its target ‘ce6230_usb_driver_init’: ‘cold’ [-Wmissing-attributes]
  132 |  int init_module(void) __attribute__((alias(#initfn)));
      |      ^~~~~~~~~~~
./include/linux/device.h:1355:1: note: in expansion of macro ‘module_init’
 1355 | module_init(__driver##_init); \
      | ^~~~~~~~~~~
./include/linux/usb.h:1195:2: note: in expansion of macro ‘module_driver’
 1195 |  module_driver(__usb_driver, usb_register, \
      |  ^~~~~~~~~~~~~
drivers/media/usb/dvb-usb-v2/ce6230.c:288:1: note: in expansion of macro ‘module_usb_driver’
  288 | module_usb_driver(ce6230_usb_driver);
      | ^~~~~~~~~~~~~~~~~
In file included from ./include/linux/usb/ch9.h:35,
                 from ./include/linux/usb.h:5,
                 from ./include/linux/usb/input.h:12,
                 from drivers/media/usb/dvb-usb-v2/dvb_usb.h:25,
                 from drivers/media/usb/dvb-usb-v2/ce6230.h:25,
                 from drivers/media/usb/dvb-usb-v2/ce6230.c:22:
drivers/media/usb/dvb-usb-v2/ce6230.c:288:19: note: ‘init_module’ target declared here
  288 | module_usb_driver(ce6230_usb_driver);
      |                   ^~~~~~~~~~~~~~~~~
./include/linux/device.h:1351:19: note: in definition of macro ‘module_driver’
 1351 | static int __init __driver##_init(void) \
      |                   ^~~~~~~~
drivers/media/usb/dvb-usb-v2/ce6230.c:288:1: note: in expansion of macro ‘module_usb_driver’
  288 | module_usb_driver(ce6230_usb_driver);
      | ^~~~~~~~~~~~~~~~~
  LD [M]  drivers/media/usb/dvb-usb-v2/dvb-usb-ce6230.o
  CC [M]  drivers/media/usb/dvb-usb-v2/ec168.o
In file included from ./drivers/media/dvb-core/dvb_frontend.h:39,
                 from drivers/media/usb/dvb-usb-v2/dvb_usb.h:30,
                 from drivers/media/usb/dvb-usb-v2/ec168.h:25,
                 from drivers/media/usb/dvb-usb-v2/ec168.c:22:
./include/linux/module.h:138:7: warning: ‘cleanup_module’ specifies less restrictive attribute than its target ‘ec168_driver_exit’: ‘cold’ [-Wmissing-attributes]
  138 |  void cleanup_module(void) __attribute__((alias(#exitfn)));
      |       ^~~~~~~~~~~~~~
./include/linux/device.h:1360:1: note: in expansion of macro ‘module_exit’
 1360 | module_exit(__driver##_exit);
      | ^~~~~~~~~~~
./include/linux/usb.h:1195:2: note: in expansion of macro ‘module_driver’
 1195 |  module_driver(__usb_driver, usb_register, \
      |  ^~~~~~~~~~~~~
drivers/media/usb/dvb-usb-v2/ec168.c:380:1: note: in expansion of macro ‘module_usb_driver’
  380 | module_usb_driver(ec168_driver);
      | ^~~~~~~~~~~~~~~~~
In file included from ./include/linux/usb/ch9.h:35,
                 from ./include/linux/usb.h:5,
                 from ./include/linux/usb/input.h:12,
                 from drivers/media/usb/dvb-usb-v2/dvb_usb.h:25,
                 from drivers/media/usb/dvb-usb-v2/ec168.h:25,
                 from drivers/media/usb/dvb-usb-v2/ec168.c:22:
drivers/media/usb/dvb-usb-v2/ec168.c:380:19: note: ‘cleanup_module’ target declared here
  380 | module_usb_driver(ec168_driver);
      |                   ^~~~~~~~~~~~
./include/linux/device.h:1356:20: note: in definition of macro ‘module_driver’
 1356 | static void __exit __driver##_exit(void) \
      |                    ^~~~~~~~
drivers/media/usb/dvb-usb-v2/ec168.c:380:1: note: in expansion of macro ‘module_usb_driver’
  380 | module_usb_driver(ec168_driver);
      | ^~~~~~~~~~~~~~~~~
In file included from ./drivers/media/dvb-core/dvb_frontend.h:39,
                 from drivers/media/usb/dvb-usb-v2/dvb_usb.h:30,
                 from drivers/media/usb/dvb-usb-v2/ec168.h:25,
                 from drivers/media/usb/dvb-usb-v2/ec168.c:22:
./include/linux/module.h:132:6: warning: ‘init_module’ specifies less restrictive attribute than its target ‘ec168_driver_init’: ‘cold’ [-Wmissing-attributes]
  132 |  int init_module(void) __attribute__((alias(#initfn)));
      |      ^~~~~~~~~~~
./include/linux/device.h:1355:1: note: in expansion of macro ‘module_init’
 1355 | module_init(__driver##_init); \
      | ^~~~~~~~~~~
./include/linux/usb.h:1195:2: note: in expansion of macro ‘module_driver’
 1195 |  module_driver(__usb_driver, usb_register, \
      |  ^~~~~~~~~~~~~
drivers/media/usb/dvb-usb-v2/ec168.c:380:1: note: in expansion of macro ‘module_usb_driver’
  380 | module_usb_driver(ec168_driver);
      | ^~~~~~~~~~~~~~~~~
In file included from ./include/linux/usb/ch9.h:35,
                 from ./include/linux/usb.h:5,
                 from ./include/linux/usb/input.h:12,
                 from drivers/media/usb/dvb-usb-v2/dvb_usb.h:25,
                 from drivers/media/usb/dvb-usb-v2/ec168.h:25,
                 from drivers/media/usb/dvb-usb-v2/ec168.c:22:
drivers/media/usb/dvb-usb-v2/ec168.c:380:19: note: ‘init_module’ target declared here
  380 | module_usb_driver(ec168_driver);
      |                   ^~~~~~~~~~~~
./include/linux/device.h:1351:19: note: in definition of macro ‘module_driver’
 1351 | static int __init __driver##_init(void) \
      |                   ^~~~~~~~
drivers/media/usb/dvb-usb-v2/ec168.c:380:1: note: in expansion of macro ‘module_usb_driver’
  380 | module_usb_driver(ec168_driver);
      | ^~~~~~~~~~~~~~~~~
  LD [M]  drivers/media/usb/dvb-usb-v2/dvb-usb-ec168.o
  CC [M]  drivers/media/usb/dvb-usb-v2/lmedm04.o
In file included from ./drivers/media/dvb-core/dvb_frontend.h:39,
                 from drivers/media/usb/dvb-usb-v2/dvb_usb.h:30,
                 from drivers/media/usb/dvb-usb-v2/lmedm04.c:74:
./include/linux/module.h:138:7: warning: ‘cleanup_module’ specifies less restrictive attribute than its target ‘lme2510_driver_exit’: ‘cold’ [-Wmissing-attributes]
  138 |  void cleanup_module(void) __attribute__((alias(#exitfn)));
      |       ^~~~~~~~~~~~~~
./include/linux/device.h:1360:1: note: in expansion of macro ‘module_exit’
 1360 | module_exit(__driver##_exit);
      | ^~~~~~~~~~~
./include/linux/usb.h:1195:2: note: in expansion of macro ‘module_driver’
 1195 |  module_driver(__usb_driver, usb_register, \
      |  ^~~~~~~~~~~~~
drivers/media/usb/dvb-usb-v2/lmedm04.c:1345:1: note: in expansion of macro ‘module_usb_driver’
 1345 | module_usb_driver(lme2510_driver);
      | ^~~~~~~~~~~~~~~~~
In file included from ./include/linux/usb/ch9.h:35,
                 from ./include/linux/usb.h:5,
                 from drivers/media/usb/dvb-usb-v2/lmedm04.c:70:
drivers/media/usb/dvb-usb-v2/lmedm04.c:1345:19: note: ‘cleanup_module’ target declared here
 1345 | module_usb_driver(lme2510_driver);
      |                   ^~~~~~~~~~~~~~
./include/linux/device.h:1356:20: note: in definition of macro ‘module_driver’
 1356 | static void __exit __driver##_exit(void) \
      |                    ^~~~~~~~
drivers/media/usb/dvb-usb-v2/lmedm04.c:1345:1: note: in expansion of macro ‘module_usb_driver’
 1345 | module_usb_driver(lme2510_driver);
      | ^~~~~~~~~~~~~~~~~
In file included from ./drivers/media/dvb-core/dvb_frontend.h:39,
                 from drivers/media/usb/dvb-usb-v2/dvb_usb.h:30,
                 from drivers/media/usb/dvb-usb-v2/lmedm04.c:74:
./include/linux/module.h:132:6: warning: ‘init_module’ specifies less restrictive attribute than its target ‘lme2510_driver_init’: ‘cold’ [-Wmissing-attributes]
  132 |  int init_module(void) __attribute__((alias(#initfn)));
      |      ^~~~~~~~~~~
./include/linux/device.h:1355:1: note: in expansion of macro ‘module_init’
 1355 | module_init(__driver##_init); \
      | ^~~~~~~~~~~
./include/linux/usb.h:1195:2: note: in expansion of macro ‘module_driver’
 1195 |  module_driver(__usb_driver, usb_register, \
      |  ^~~~~~~~~~~~~
drivers/media/usb/dvb-usb-v2/lmedm04.c:1345:1: note: in expansion of macro ‘module_usb_driver’
 1345 | module_usb_driver(lme2510_driver);
      | ^~~~~~~~~~~~~~~~~
In file included from ./include/linux/usb/ch9.h:35,
                 from ./include/linux/usb.h:5,
                 from drivers/media/usb/dvb-usb-v2/lmedm04.c:70:
drivers/media/usb/dvb-usb-v2/lmedm04.c:1345:19: note: ‘init_module’ target declared here
 1345 | module_usb_driver(lme2510_driver);
      |                   ^~~~~~~~~~~~~~
./include/linux/device.h:1351:19: note: in definition of macro ‘module_driver’
 1351 | static int __init __driver##_init(void) \
      |                   ^~~~~~~~
drivers/media/usb/dvb-usb-v2/lmedm04.c:1345:1: note: in expansion of macro ‘module_usb_driver’
 1345 | module_usb_driver(lme2510_driver);
      | ^~~~~~~~~~~~~~~~~
  LD [M]  drivers/media/usb/dvb-usb-v2/dvb-usb-lmedm04.o
  CC [M]  drivers/media/usb/dvb-usb-v2/gl861.o
In file included from ./drivers/media/dvb-core/dvb_frontend.h:39,
                 from drivers/media/usb/dvb-usb-v2/dvb_usb.h:30,
                 from drivers/media/usb/dvb-usb-v2/gl861.h:4,
                 from drivers/media/usb/dvb-usb-v2/gl861.c:9:
./include/linux/module.h:138:7: warning: ‘cleanup_module’ specifies less restrictive attribute than its target ‘gl861_usb_driver_exit’: ‘cold’ [-Wmissing-attributes]
  138 |  void cleanup_module(void) __attribute__((alias(#exitfn)));
      |       ^~~~~~~~~~~~~~
./include/linux/device.h:1360:1: note: in expansion of macro ‘module_exit’
 1360 | module_exit(__driver##_exit);
      | ^~~~~~~~~~~
./include/linux/usb.h:1195:2: note: in expansion of macro ‘module_driver’
 1195 |  module_driver(__usb_driver, usb_register, \
      |  ^~~~~~~~~~~~~
drivers/media/usb/dvb-usb-v2/gl861.c:172:1: note: in expansion of macro ‘module_usb_driver’
  172 | module_usb_driver(gl861_usb_driver);
      | ^~~~~~~~~~~~~~~~~
In file included from ./include/linux/usb/ch9.h:35,
                 from ./include/linux/usb.h:5,
                 from ./include/linux/usb/input.h:12,
                 from drivers/media/usb/dvb-usb-v2/dvb_usb.h:25,
                 from drivers/media/usb/dvb-usb-v2/gl861.h:4,
                 from drivers/media/usb/dvb-usb-v2/gl861.c:9:
drivers/media/usb/dvb-usb-v2/gl861.c:172:19: note: ‘cleanup_module’ target declared here
  172 | module_usb_driver(gl861_usb_driver);
      |                   ^~~~~~~~~~~~~~~~
./include/linux/device.h:1356:20: note: in definition of macro ‘module_driver’
 1356 | static void __exit __driver##_exit(void) \
      |                    ^~~~~~~~
drivers/media/usb/dvb-usb-v2/gl861.c:172:1: note: in expansion of macro ‘module_usb_driver’
  172 | module_usb_driver(gl861_usb_driver);
      | ^~~~~~~~~~~~~~~~~
In file included from ./drivers/media/dvb-core/dvb_frontend.h:39,
                 from drivers/media/usb/dvb-usb-v2/dvb_usb.h:30,
                 from drivers/media/usb/dvb-usb-v2/gl861.h:4,
                 from drivers/media/usb/dvb-usb-v2/gl861.c:9:
./include/linux/module.h:132:6: warning: ‘init_module’ specifies less restrictive attribute than its target ‘gl861_usb_driver_init’: ‘cold’ [-Wmissing-attributes]
  132 |  int init_module(void) __attribute__((alias(#initfn)));
      |      ^~~~~~~~~~~
./include/linux/device.h:1355:1: note: in expansion of macro ‘module_init’
 1355 | module_init(__driver##_init); \
      | ^~~~~~~~~~~
./include/linux/usb.h:1195:2: note: in expansion of macro ‘module_driver’
 1195 |  module_driver(__usb_driver, usb_register, \
      |  ^~~~~~~~~~~~~
drivers/media/usb/dvb-usb-v2/gl861.c:172:1: note: in expansion of macro ‘module_usb_driver’
  172 | module_usb_driver(gl861_usb_driver);
      | ^~~~~~~~~~~~~~~~~
In file included from ./include/linux/usb/ch9.h:35,
                 from ./include/linux/usb.h:5,
                 from ./include/linux/usb/input.h:12,
                 from drivers/media/usb/dvb-usb-v2/dvb_usb.h:25,
                 from drivers/media/usb/dvb-usb-v2/gl861.h:4,
                 from drivers/media/usb/dvb-usb-v2/gl861.c:9:
drivers/media/usb/dvb-usb-v2/gl861.c:172:19: note: ‘init_module’ target declared here
  172 | module_usb_driver(gl861_usb_driver);
      |                   ^~~~~~~~~~~~~~~~
./include/linux/device.h:1351:19: note: in definition of macro ‘module_driver’
 1351 | static int __init __driver##_init(void) \
      |                   ^~~~~~~~
drivers/media/usb/dvb-usb-v2/gl861.c:172:1: note: in expansion of macro ‘module_usb_driver’
  172 | module_usb_driver(gl861_usb_driver);
      | ^~~~~~~~~~~~~~~~~
  LD [M]  drivers/media/usb/dvb-usb-v2/dvb-usb-gl861.o
  CC [M]  drivers/media/usb/dvb-usb-v2/mxl111sf.o
In file included from ./drivers/media/dvb-core/dvb_frontend.h:39,
                 from drivers/media/usb/dvb-usb-v2/dvb_usb.h:30,
                 from drivers/media/usb/dvb-usb-v2/mxl111sf.h:18,
                 from drivers/media/usb/dvb-usb-v2/mxl111sf.c:15:
./include/linux/module.h:138:7: warning: ‘cleanup_module’ specifies less restrictive attribute than its target ‘mxl111sf_usb_driver_exit’: ‘cold’ [-Wmissing-attributes]
  138 |  void cleanup_module(void) __attribute__((alias(#exitfn)));
      |       ^~~~~~~~~~~~~~
./include/linux/device.h:1360:1: note: in expansion of macro ‘module_exit’
 1360 | module_exit(__driver##_exit);
      | ^~~~~~~~~~~
./include/linux/usb.h:1195:2: note: in expansion of macro ‘module_driver’
 1195 |  module_driver(__usb_driver, usb_register, \
      |  ^~~~~~~~~~~~~
drivers/media/usb/dvb-usb-v2/mxl111sf.c:1448:1: note: in expansion of macro ‘module_usb_driver’
 1448 | module_usb_driver(mxl111sf_usb_driver);
      | ^~~~~~~~~~~~~~~~~
In file included from ./include/linux/i2c.h:30,
                 from drivers/media/usb/dvb-usb-v2/mxl111sf.c:12:
drivers/media/usb/dvb-usb-v2/mxl111sf.c:1448:19: note: ‘cleanup_module’ target declared here
 1448 | module_usb_driver(mxl111sf_usb_driver);
      |                   ^~~~~~~~~~~~~~~~~~~
./include/linux/device.h:1356:20: note: in definition of macro ‘module_driver’
 1356 | static void __exit __driver##_exit(void) \
      |                    ^~~~~~~~
drivers/media/usb/dvb-usb-v2/mxl111sf.c:1448:1: note: in expansion of macro ‘module_usb_driver’
 1448 | module_usb_driver(mxl111sf_usb_driver);
      | ^~~~~~~~~~~~~~~~~
In file included from ./drivers/media/dvb-core/dvb_frontend.h:39,
                 from drivers/media/usb/dvb-usb-v2/dvb_usb.h:30,
                 from drivers/media/usb/dvb-usb-v2/mxl111sf.h:18,
                 from drivers/media/usb/dvb-usb-v2/mxl111sf.c:15:
./include/linux/module.h:132:6: warning: ‘init_module’ specifies less restrictive attribute than its target ‘mxl111sf_usb_driver_init’: ‘cold’ [-Wmissing-attributes]
  132 |  int init_module(void) __attribute__((alias(#initfn)));
      |      ^~~~~~~~~~~
./include/linux/device.h:1355:1: note: in expansion of macro ‘module_init’
 1355 | module_init(__driver##_init); \
      | ^~~~~~~~~~~
./include/linux/usb.h:1195:2: note: in expansion of macro ‘module_driver’
 1195 |  module_driver(__usb_driver, usb_register, \
      |  ^~~~~~~~~~~~~
drivers/media/usb/dvb-usb-v2/mxl111sf.c:1448:1: note: in expansion of macro ‘module_usb_driver’
 1448 | module_usb_driver(mxl111sf_usb_driver);
      | ^~~~~~~~~~~~~~~~~
In file included from ./include/linux/i2c.h:30,
                 from drivers/media/usb/dvb-usb-v2/mxl111sf.c:12:
drivers/media/usb/dvb-usb-v2/mxl111sf.c:1448:19: note: ‘init_module’ target declared here
 1448 | module_usb_driver(mxl111sf_usb_driver);
      |                   ^~~~~~~~~~~~~~~~~~~
./include/linux/device.h:1351:19: note: in definition of macro ‘module_driver’
 1351 | static int __init __driver##_init(void) \
      |                   ^~~~~~~~
drivers/media/usb/dvb-usb-v2/mxl111sf.c:1448:1: note: in expansion of macro ‘module_usb_driver’
 1448 | module_usb_driver(mxl111sf_usb_driver);
      | ^~~~~~~~~~~~~~~~~
  CC [M]  drivers/media/usb/dvb-usb-v2/mxl111sf-phy.o
  CC [M]  drivers/media/usb/dvb-usb-v2/mxl111sf-i2c.o
  CC [M]  drivers/media/usb/dvb-usb-v2/mxl111sf-gpio.o
  LD [M]  drivers/media/usb/dvb-usb-v2/dvb-usb-mxl111sf.o
  CC [M]  drivers/media/usb/dvb-usb-v2/mxl111sf-demod.o
  CC [M]  drivers/media/usb/dvb-usb-v2/mxl111sf-tuner.o
  CC [M]  drivers/media/usb/dvb-usb-v2/rtl28xxu.o
In file included from ./drivers/media/dvb-core/dvb_frontend.h:39,
                 from drivers/media/usb/dvb-usb-v2/dvb_usb.h:30,
                 from drivers/media/usb/dvb-usb-v2/rtl28xxu.h:27,
                 from drivers/media/usb/dvb-usb-v2/rtl28xxu.c:23:
./include/linux/module.h:138:7: warning: ‘cleanup_module’ specifies less restrictive attribute than its target ‘rtl28xxu_usb_driver_exit’: ‘cold’ [-Wmissing-attributes]
  138 |  void cleanup_module(void) __attribute__((alias(#exitfn)));
      |       ^~~~~~~~~~~~~~
./include/linux/device.h:1360:1: note: in expansion of macro ‘module_exit’
 1360 | module_exit(__driver##_exit);
      | ^~~~~~~~~~~
./include/linux/usb.h:1195:2: note: in expansion of macro ‘module_driver’
 1195 |  module_driver(__usb_driver, usb_register, \
      |  ^~~~~~~~~~~~~
drivers/media/usb/dvb-usb-v2/rtl28xxu.c:1961:1: note: in expansion of macro ‘module_usb_driver’
 1961 | module_usb_driver(rtl28xxu_usb_driver);
      | ^~~~~~~~~~~~~~~~~
In file included from ./include/linux/platform_device.h:14,
                 from drivers/media/usb/dvb-usb-v2/rtl28xxu.h:25,
                 from drivers/media/usb/dvb-usb-v2/rtl28xxu.c:23:
drivers/media/usb/dvb-usb-v2/rtl28xxu.c:1961:19: note: ‘cleanup_module’ target declared here
 1961 | module_usb_driver(rtl28xxu_usb_driver);
      |                   ^~~~~~~~~~~~~~~~~~~
./include/linux/device.h:1356:20: note: in definition of macro ‘module_driver’
 1356 | static void __exit __driver##_exit(void) \
      |                    ^~~~~~~~
drivers/media/usb/dvb-usb-v2/rtl28xxu.c:1961:1: note: in expansion of macro ‘module_usb_driver’
 1961 | module_usb_driver(rtl28xxu_usb_driver);
      | ^~~~~~~~~~~~~~~~~
In file included from ./drivers/media/dvb-core/dvb_frontend.h:39,
                 from drivers/media/usb/dvb-usb-v2/dvb_usb.h:30,
                 from drivers/media/usb/dvb-usb-v2/rtl28xxu.h:27,
                 from drivers/media/usb/dvb-usb-v2/rtl28xxu.c:23:
./include/linux/module.h:132:6: warning: ‘init_module’ specifies less restrictive attribute than its target ‘rtl28xxu_usb_driver_init’: ‘cold’ [-Wmissing-attributes]
  132 |  int init_module(void) __attribute__((alias(#initfn)));
      |      ^~~~~~~~~~~
./include/linux/device.h:1355:1: note: in expansion of macro ‘module_init’
 1355 | module_init(__driver##_init); \
      | ^~~~~~~~~~~
./include/linux/usb.h:1195:2: note: in expansion of macro ‘module_driver’
 1195 |  module_driver(__usb_driver, usb_register, \
      |  ^~~~~~~~~~~~~
drivers/media/usb/dvb-usb-v2/rtl28xxu.c:1961:1: note: in expansion of macro ‘module_usb_driver’
 1961 | module_usb_driver(rtl28xxu_usb_driver);
      | ^~~~~~~~~~~~~~~~~
In file included from ./include/linux/platform_device.h:14,
                 from drivers/media/usb/dvb-usb-v2/rtl28xxu.h:25,
                 from drivers/media/usb/dvb-usb-v2/rtl28xxu.c:23:
drivers/media/usb/dvb-usb-v2/rtl28xxu.c:1961:19: note: ‘init_module’ target declared here
 1961 | module_usb_driver(rtl28xxu_usb_driver);
      |                   ^~~~~~~~~~~~~~~~~~~
./include/linux/device.h:1351:19: note: in definition of macro ‘module_driver’
 1351 | static int __init __driver##_init(void) \
      |                   ^~~~~~~~
drivers/media/usb/dvb-usb-v2/rtl28xxu.c:1961:1: note: in expansion of macro ‘module_usb_driver’
 1961 | module_usb_driver(rtl28xxu_usb_driver);
      | ^~~~~~~~~~~~~~~~~
  LD [M]  drivers/media/usb/dvb-usb-v2/dvb-usb-rtl28xxu.o
  CC [M]  drivers/media/usb/dvb-usb-v2/dvbsky.o
In file included from ./drivers/media/dvb-core/dvb_frontend.h:39,
                 from drivers/media/usb/dvb-usb-v2/dvb_usb.h:30,
                 from drivers/media/usb/dvb-usb-v2/dvbsky.c:21:
./include/linux/module.h:138:7: warning: ‘cleanup_module’ specifies less restrictive attribute than its target ‘dvbsky_usb_driver_exit’: ‘cold’ [-Wmissing-attributes]
  138 |  void cleanup_module(void) __attribute__((alias(#exitfn)));
      |       ^~~~~~~~~~~~~~
./include/linux/device.h:1360:1: note: in expansion of macro ‘module_exit’
 1360 | module_exit(__driver##_exit);
      | ^~~~~~~~~~~
./include/linux/usb.h:1195:2: note: in expansion of macro ‘module_driver’
 1195 |  module_driver(__usb_driver, usb_register, \
      |  ^~~~~~~~~~~~~
drivers/media/usb/dvb-usb-v2/dvbsky.c:877:1: note: in expansion of macro ‘module_usb_driver’
  877 | module_usb_driver(dvbsky_usb_driver);
      | ^~~~~~~~~~~~~~~~~
In file included from ./include/linux/usb/ch9.h:35,
                 from ./include/linux/usb.h:5,
                 from ./include/linux/usb/input.h:12,
                 from drivers/media/usb/dvb-usb-v2/dvb_usb.h:25,
                 from drivers/media/usb/dvb-usb-v2/dvbsky.c:21:
drivers/media/usb/dvb-usb-v2/dvbsky.c:877:19: note: ‘cleanup_module’ target declared here
  877 | module_usb_driver(dvbsky_usb_driver);
      |                   ^~~~~~~~~~~~~~~~~
./include/linux/device.h:1356:20: note: in definition of macro ‘module_driver’
 1356 | static void __exit __driver##_exit(void) \
      |                    ^~~~~~~~
drivers/media/usb/dvb-usb-v2/dvbsky.c:877:1: note: in expansion of macro ‘module_usb_driver’
  877 | module_usb_driver(dvbsky_usb_driver);
      | ^~~~~~~~~~~~~~~~~
In file included from ./drivers/media/dvb-core/dvb_frontend.h:39,
                 from drivers/media/usb/dvb-usb-v2/dvb_usb.h:30,
                 from drivers/media/usb/dvb-usb-v2/dvbsky.c:21:
./include/linux/module.h:132:6: warning: ‘init_module’ specifies less restrictive attribute than its target ‘dvbsky_usb_driver_init’: ‘cold’ [-Wmissing-attributes]
  132 |  int init_module(void) __attribute__((alias(#initfn)));
      |      ^~~~~~~~~~~
./include/linux/device.h:1355:1: note: in expansion of macro ‘module_init’
 1355 | module_init(__driver##_init); \
      | ^~~~~~~~~~~
./include/linux/usb.h:1195:2: note: in expansion of macro ‘module_driver’
 1195 |  module_driver(__usb_driver, usb_register, \
      |  ^~~~~~~~~~~~~
drivers/media/usb/dvb-usb-v2/dvbsky.c:877:1: note: in expansion of macro ‘module_usb_driver’
  877 | module_usb_driver(dvbsky_usb_driver);
      | ^~~~~~~~~~~~~~~~~
In file included from ./include/linux/usb/ch9.h:35,
                 from ./include/linux/usb.h:5,
                 from ./include/linux/usb/input.h:12,
                 from drivers/media/usb/dvb-usb-v2/dvb_usb.h:25,
                 from drivers/media/usb/dvb-usb-v2/dvbsky.c:21:
drivers/media/usb/dvb-usb-v2/dvbsky.c:877:19: note: ‘init_module’ target declared here
  877 | module_usb_driver(dvbsky_usb_driver);
      |                   ^~~~~~~~~~~~~~~~~
./include/linux/device.h:1351:19: note: in definition of macro ‘module_driver’
 1351 | static int __init __driver##_init(void) \
      |                   ^~~~~~~~
drivers/media/usb/dvb-usb-v2/dvbsky.c:877:1: note: in expansion of macro ‘module_usb_driver’
  877 | module_usb_driver(dvbsky_usb_driver);
      | ^~~~~~~~~~~~~~~~~
  LD [M]  drivers/media/usb/dvb-usb-v2/dvb-usb-dvbsky.o
  LD      drivers/media/usb/em28xx/built-in.o
  CC [M]  drivers/media/usb/em28xx/em28xx-core.o
  CC [M]  drivers/media/usb/em28xx/em28xx-i2c.o
  CC [M]  drivers/media/usb/em28xx/em28xx-cards.o
In file included from drivers/media/usb/em28xx/em28xx-cards.c:27:
./include/linux/module.h:138:7: warning: ‘cleanup_module’ specifies less restrictive attribute than its target ‘em28xx_usb_driver_exit’: ‘cold’ [-Wmissing-attributes]
  138 |  void cleanup_module(void) __attribute__((alias(#exitfn)));
      |       ^~~~~~~~~~~~~~
./include/linux/device.h:1360:1: note: in expansion of macro ‘module_exit’
 1360 | module_exit(__driver##_exit);
      | ^~~~~~~~~~~
./include/linux/usb.h:1195:2: note: in expansion of macro ‘module_driver’
 1195 |  module_driver(__usb_driver, usb_register, \
      |  ^~~~~~~~~~~~~
drivers/media/usb/em28xx/em28xx-cards.c:3774:1: note: in expansion of macro ‘module_usb_driver’
 3774 | module_usb_driver(em28xx_usb_driver);
      | ^~~~~~~~~~~~~~~~~
In file included from ./include/linux/i2c.h:30,
                 from drivers/media/usb/em28xx/em28xx-cards.c:30:
drivers/media/usb/em28xx/em28xx-cards.c:3774:19: note: ‘cleanup_module’ target declared here
 3774 | module_usb_driver(em28xx_usb_driver);
      |                   ^~~~~~~~~~~~~~~~~
./include/linux/device.h:1356:20: note: in definition of macro ‘module_driver’
 1356 | static void __exit __driver##_exit(void) \
      |                    ^~~~~~~~
drivers/media/usb/em28xx/em28xx-cards.c:3774:1: note: in expansion of macro ‘module_usb_driver’
 3774 | module_usb_driver(em28xx_usb_driver);
      | ^~~~~~~~~~~~~~~~~
In file included from drivers/media/usb/em28xx/em28xx-cards.c:27:
./include/linux/module.h:132:6: warning: ‘init_module’ specifies less restrictive attribute than its target ‘em28xx_usb_driver_init’: ‘cold’ [-Wmissing-attributes]
  132 |  int init_module(void) __attribute__((alias(#initfn)));
      |      ^~~~~~~~~~~
./include/linux/device.h:1355:1: note: in expansion of macro ‘module_init’
 1355 | module_init(__driver##_init); \
      | ^~~~~~~~~~~
./include/linux/usb.h:1195:2: note: in expansion of macro ‘module_driver’
 1195 |  module_driver(__usb_driver, usb_register, \
      |  ^~~~~~~~~~~~~
drivers/media/usb/em28xx/em28xx-cards.c:3774:1: note: in expansion of macro ‘module_usb_driver’
 3774 | module_usb_driver(em28xx_usb_driver);
      | ^~~~~~~~~~~~~~~~~
In file included from ./include/linux/i2c.h:30,
                 from drivers/media/usb/em28xx/em28xx-cards.c:30:
drivers/media/usb/em28xx/em28xx-cards.c:3774:19: note: ‘init_module’ target declared here
 3774 | module_usb_driver(em28xx_usb_driver);
      |                   ^~~~~~~~~~~~~~~~~
./include/linux/device.h:1351:19: note: in definition of macro ‘module_driver’
 1351 | static int __init __driver##_init(void) \
      |                   ^~~~~~~~
drivers/media/usb/em28xx/em28xx-cards.c:3774:1: note: in expansion of macro ‘module_usb_driver’
 3774 | module_usb_driver(em28xx_usb_driver);
      | ^~~~~~~~~~~~~~~~~
  CC [M]  drivers/media/usb/em28xx/em28xx-camera.o
  LD [M]  drivers/media/usb/em28xx/em28xx.o
  CC [M]  drivers/media/usb/em28xx/em28xx-video.o
In file included from drivers/media/usb/em28xx/em28xx-video.c:31:
./include/linux/module.h:132:6: warning: ‘init_module’ specifies less restrictive attribute than its target ‘em28xx_video_register’: ‘cold’ [-Wmissing-attributes]
  132 |  int init_module(void) __attribute__((alias(#initfn)));
      |      ^~~~~~~~~~~
drivers/media/usb/em28xx/em28xx-video.c:2791:1: note: in expansion of macro ‘module_init’
 2791 | module_init(em28xx_video_register);
      | ^~~~~~~~~~~
drivers/media/usb/em28xx/em28xx-video.c:2781:19: note: ‘init_module’ target declared here
 2781 | static int __init em28xx_video_register(void)
      |                   ^~~~~~~~~~~~~~~~~~~~~
In file included from drivers/media/usb/em28xx/em28xx-video.c:31:
./include/linux/module.h:138:7: warning: ‘cleanup_module’ specifies less restrictive attribute than its target ‘em28xx_video_unregister’: ‘cold’ [-Wmissing-attributes]
  138 |  void cleanup_module(void) __attribute__((alias(#exitfn)));
      |       ^~~~~~~~~~~~~~
drivers/media/usb/em28xx/em28xx-video.c:2792:1: note: in expansion of macro ‘module_exit’
 2792 | module_exit(em28xx_video_unregister);
      | ^~~~~~~~~~~
drivers/media/usb/em28xx/em28xx-video.c:2786:20: note: ‘cleanup_module’ target declared here
 2786 | static void __exit em28xx_video_unregister(void)
      |                    ^~~~~~~~~~~~~~~~~~~~~~~
  CC [M]  drivers/media/usb/em28xx/em28xx-vbi.o
  LD [M]  drivers/media/usb/em28xx/em28xx-v4l.o
  CC [M]  drivers/media/usb/em28xx/em28xx-audio.o
In file included from drivers/media/usb/em28xx/em28xx-audio.c:37:
./include/linux/module.h:132:6: warning: ‘init_module’ specifies less restrictive attribute than its target ‘em28xx_alsa_register’: ‘cold’ [-Wmissing-attributes]
  132 |  int init_module(void) __attribute__((alias(#initfn)));
      |      ^~~~~~~~~~~
drivers/media/usb/em28xx/em28xx-audio.c:1052:1: note: in expansion of macro ‘module_init’
 1052 | module_init(em28xx_alsa_register);
      | ^~~~~~~~~~~
drivers/media/usb/em28xx/em28xx-audio.c:1036:19: note: ‘init_module’ target declared here
 1036 | static int __init em28xx_alsa_register(void)
      |                   ^~~~~~~~~~~~~~~~~~~~
In file included from drivers/media/usb/em28xx/em28xx-audio.c:37:
./include/linux/module.h:138:7: warning: ‘cleanup_module’ specifies less restrictive attribute than its target ‘em28xx_alsa_unregister’: ‘cold’ [-Wmissing-attributes]
  138 |  void cleanup_module(void) __attribute__((alias(#exitfn)));
      |       ^~~~~~~~~~~~~~
drivers/media/usb/em28xx/em28xx-audio.c:1053:1: note: in expansion of macro ‘module_exit’
 1053 | module_exit(em28xx_alsa_unregister);
      | ^~~~~~~~~~~
drivers/media/usb/em28xx/em28xx-audio.c:1041:20: note: ‘cleanup_module’ target declared here
 1041 | static void __exit em28xx_alsa_unregister(void)
      |                    ^~~~~~~~~~~~~~~~~~~~~~
  LD [M]  drivers/media/usb/em28xx/em28xx-alsa.o
  CC [M]  drivers/media/usb/em28xx/em28xx-dvb.o
In file included from drivers/media/dvb-core/dvb_frontend.h:39,
                 from drivers/media/tuners/tuner-xc2028.h:10,
                 from drivers/media/usb/em28xx/em28xx.h:45,
                 from drivers/media/usb/em28xx/em28xx-dvb.c:28:
./include/linux/module.h:132:6: warning: ‘init_module’ specifies less restrictive attribute than its target ‘em28xx_dvb_register’: ‘cold’ [-Wmissing-attributes]
  132 |  int init_module(void) __attribute__((alias(#initfn)));
      |      ^~~~~~~~~~~
drivers/media/usb/em28xx/em28xx-dvb.c:2122:1: note: in expansion of macro ‘module_init’
 2122 | module_init(em28xx_dvb_register);
      | ^~~~~~~~~~~
drivers/media/usb/em28xx/em28xx-dvb.c:2112:19: note: ‘init_module’ target declared here
 2112 | static int __init em28xx_dvb_register(void)
      |                   ^~~~~~~~~~~~~~~~~~~
In file included from drivers/media/dvb-core/dvb_frontend.h:39,
                 from drivers/media/tuners/tuner-xc2028.h:10,
                 from drivers/media/usb/em28xx/em28xx.h:45,
                 from drivers/media/usb/em28xx/em28xx-dvb.c:28:
./include/linux/module.h:138:7: warning: ‘cleanup_module’ specifies less restrictive attribute than its target ‘em28xx_dvb_unregister’: ‘cold’ [-Wmissing-attributes]
  138 |  void cleanup_module(void) __attribute__((alias(#exitfn)));
      |       ^~~~~~~~~~~~~~
drivers/media/usb/em28xx/em28xx-dvb.c:2123:1: note: in expansion of macro ‘module_exit’
 2123 | module_exit(em28xx_dvb_unregister);
      | ^~~~~~~~~~~
drivers/media/usb/em28xx/em28xx-dvb.c:2117:20: note: ‘cleanup_module’ target declared here
 2117 | static void __exit em28xx_dvb_unregister(void)
      |                    ^~~~~~~~~~~~~~~~~~~~~
  CC [M]  drivers/media/usb/em28xx/em28xx-input.o
In file included from drivers/media/usb/em28xx/em28xx-input.c:24:
./include/linux/module.h:132:6: warning: ‘init_module’ specifies less restrictive attribute than its target ‘em28xx_rc_register’: ‘cold’ [-Wmissing-attributes]
  132 |  int init_module(void) __attribute__((alias(#initfn)));
      |      ^~~~~~~~~~~
drivers/media/usb/em28xx/em28xx-input.c:916:1: note: in expansion of macro ‘module_init’
  916 | module_init(em28xx_rc_register);
      | ^~~~~~~~~~~
drivers/media/usb/em28xx/em28xx-input.c:901:19: note: ‘init_module’ target declared here
  901 | static int __init em28xx_rc_register(void)
      |                   ^~~~~~~~~~~~~~~~~~
In file included from drivers/media/usb/em28xx/em28xx-input.c:24:
./include/linux/module.h:138:7: warning: ‘cleanup_module’ specifies less restrictive attribute than its target ‘em28xx_rc_unregister’: ‘cold’ [-Wmissing-attributes]
  138 |  void cleanup_module(void) __attribute__((alias(#exitfn)));
      |       ^~~~~~~~~~~~~~
drivers/media/usb/em28xx/em28xx-input.c:917:1: note: in expansion of macro ‘module_exit’
  917 | module_exit(em28xx_rc_unregister);
      | ^~~~~~~~~~~
drivers/media/usb/em28xx/em28xx-input.c:906:20: note: ‘cleanup_module’ target declared here
  906 | static void __exit em28xx_rc_unregister(void)
      |                    ^~~~~~~~~~~~~~~~~~~~
  LD [M]  drivers/media/usb/em28xx/em28xx-rc.o
  LD      drivers/media/usb/go7007/built-in.o
  CC [M]  drivers/media/usb/go7007/go7007-v4l2.o
drivers/media/usb/go7007/go7007-v4l2.c: In function ‘vidioc_enum_input’:
drivers/media/usb/go7007/go7007-v4l2.c:637:2: warning: ‘strncpy’ specified bound 32 equals destination size [-Wstringop-truncation]
  637 |  strncpy(inp->name, go->board_info->inputs[inp->index].name,
      |  ^~~~~~~~~~~~~~~~~~~~~~~~~~~~~~~~~~~~~~~~~~~~~~~~~~~~~~~~~~~
  638 |    sizeof(inp->name));
      |    ~~~~~~~~~~~~~~~~~~
  CC [M]  drivers/media/usb/go7007/go7007-driver.o
  CC [M]  drivers/media/usb/go7007/go7007-i2c.o
  CC [M]  drivers/media/usb/go7007/go7007-fw.o
  CC [M]  drivers/media/usb/go7007/snd-go7007.o
  LD [M]  drivers/media/usb/go7007/go7007.o
  CC [M]  drivers/media/usb/go7007/go7007-usb.o
In file included from drivers/media/usb/go7007/go7007-usb.c:16:
./include/linux/module.h:138:7: warning: ‘cleanup_module’ specifies less restrictive attribute than its target ‘go7007_usb_driver_exit’: ‘cold’ [-Wmissing-attributes]
  138 |  void cleanup_module(void) __attribute__((alias(#exitfn)));
      |       ^~~~~~~~~~~~~~
./include/linux/device.h:1360:1: note: in expansion of macro ‘module_exit’
 1360 | module_exit(__driver##_exit);
      | ^~~~~~~~~~~
./include/linux/usb.h:1195:2: note: in expansion of macro ‘module_driver’
 1195 |  module_driver(__usb_driver, usb_register, \
      |  ^~~~~~~~~~~~~
drivers/media/usb/go7007/go7007-usb.c:1348:1: note: in expansion of macro ‘module_usb_driver’
 1348 | module_usb_driver(go7007_usb_driver);
      | ^~~~~~~~~~~~~~~~~
In file included from ./include/linux/usb/ch9.h:35,
                 from ./include/linux/usb.h:5,
                 from drivers/media/usb/go7007/go7007-usb.c:23:
drivers/media/usb/go7007/go7007-usb.c:1348:19: note: ‘cleanup_module’ target declared here
 1348 | module_usb_driver(go7007_usb_driver);
      |                   ^~~~~~~~~~~~~~~~~
./include/linux/device.h:1356:20: note: in definition of macro ‘module_driver’
 1356 | static void __exit __driver##_exit(void) \
      |                    ^~~~~~~~
drivers/media/usb/go7007/go7007-usb.c:1348:1: note: in expansion of macro ‘module_usb_driver’
 1348 | module_usb_driver(go7007_usb_driver);
      | ^~~~~~~~~~~~~~~~~
In file included from drivers/media/usb/go7007/go7007-usb.c:16:
./include/linux/module.h:132:6: warning: ‘init_module’ specifies less restrictive attribute than its target ‘go7007_usb_driver_init’: ‘cold’ [-Wmissing-attributes]
  132 |  int init_module(void) __attribute__((alias(#initfn)));
      |      ^~~~~~~~~~~
./include/linux/device.h:1355:1: note: in expansion of macro ‘module_init’
 1355 | module_init(__driver##_init); \
      | ^~~~~~~~~~~
./include/linux/usb.h:1195:2: note: in expansion of macro ‘module_driver’
 1195 |  module_driver(__usb_driver, usb_register, \
      |  ^~~~~~~~~~~~~
drivers/media/usb/go7007/go7007-usb.c:1348:1: note: in expansion of macro ‘module_usb_driver’
 1348 | module_usb_driver(go7007_usb_driver);
      | ^~~~~~~~~~~~~~~~~
In file included from ./include/linux/usb/ch9.h:35,
                 from ./include/linux/usb.h:5,
                 from drivers/media/usb/go7007/go7007-usb.c:23:
drivers/media/usb/go7007/go7007-usb.c:1348:19: note: ‘init_module’ target declared here
 1348 | module_usb_driver(go7007_usb_driver);
      |                   ^~~~~~~~~~~~~~~~~
./include/linux/device.h:1351:19: note: in definition of macro ‘module_driver’
 1351 | static int __init __driver##_init(void) \
      |                   ^~~~~~~~
drivers/media/usb/go7007/go7007-usb.c:1348:1: note: in expansion of macro ‘module_usb_driver’
 1348 | module_usb_driver(go7007_usb_driver);
      | ^~~~~~~~~~~~~~~~~
  CC [M]  drivers/media/usb/go7007/go7007-loader.o
In file included from drivers/media/usb/go7007/go7007-loader.c:14:
./include/linux/module.h:138:7: warning: ‘cleanup_module’ specifies less restrictive attribute than its target ‘go7007_loader_driver_exit’: ‘cold’ [-Wmissing-attributes]
  138 |  void cleanup_module(void) __attribute__((alias(#exitfn)));
      |       ^~~~~~~~~~~~~~
./include/linux/device.h:1360:1: note: in expansion of macro ‘module_exit’
 1360 | module_exit(__driver##_exit);
      | ^~~~~~~~~~~
./include/linux/usb.h:1195:2: note: in expansion of macro ‘module_driver’
 1195 |  module_driver(__usb_driver, usb_register, \
      |  ^~~~~~~~~~~~~
drivers/media/usb/go7007/go7007-loader.c:137:1: note: in expansion of macro ‘module_usb_driver’
  137 | module_usb_driver(go7007_loader_driver);
      | ^~~~~~~~~~~~~~~~~
In file included from ./include/linux/usb/ch9.h:35,
                 from ./include/linux/usb.h:5,
                 from drivers/media/usb/go7007/go7007-loader.c:16:
drivers/media/usb/go7007/go7007-loader.c:137:19: note: ‘cleanup_module’ target declared here
  137 | module_usb_driver(go7007_loader_driver);
      |                   ^~~~~~~~~~~~~~~~~~~~
./include/linux/device.h:1356:20: note: in definition of macro ‘module_driver’
 1356 | static void __exit __driver##_exit(void) \
      |                    ^~~~~~~~
drivers/media/usb/go7007/go7007-loader.c:137:1: note: in expansion of macro ‘module_usb_driver’
  137 | module_usb_driver(go7007_loader_driver);
      | ^~~~~~~~~~~~~~~~~
In file included from drivers/media/usb/go7007/go7007-loader.c:14:
./include/linux/module.h:132:6: warning: ‘init_module’ specifies less restrictive attribute than its target ‘go7007_loader_driver_init’: ‘cold’ [-Wmissing-attributes]
  132 |  int init_module(void) __attribute__((alias(#initfn)));
      |      ^~~~~~~~~~~
./include/linux/device.h:1355:1: note: in expansion of macro ‘module_init’
 1355 | module_init(__driver##_init); \
      | ^~~~~~~~~~~
./include/linux/usb.h:1195:2: note: in expansion of macro ‘module_driver’
 1195 |  module_driver(__usb_driver, usb_register, \
      |  ^~~~~~~~~~~~~
drivers/media/usb/go7007/go7007-loader.c:137:1: note: in expansion of macro ‘module_usb_driver’
  137 | module_usb_driver(go7007_loader_driver);
      | ^~~~~~~~~~~~~~~~~
In file included from ./include/linux/usb/ch9.h:35,
                 from ./include/linux/usb.h:5,
                 from drivers/media/usb/go7007/go7007-loader.c:16:
drivers/media/usb/go7007/go7007-loader.c:137:19: note: ‘init_module’ target declared here
  137 | module_usb_driver(go7007_loader_driver);
      |                   ^~~~~~~~~~~~~~~~~~~~
./include/linux/device.h:1351:19: note: in definition of macro ‘module_driver’
 1351 | static int __init __driver##_init(void) \
      |                   ^~~~~~~~
drivers/media/usb/go7007/go7007-loader.c:137:1: note: in expansion of macro ‘module_usb_driver’
  137 | module_usb_driver(go7007_loader_driver);
      | ^~~~~~~~~~~~~~~~~
  CC [M]  drivers/media/usb/go7007/s2250-board.o
In file included from drivers/media/usb/go7007/s2250-board.c:14:
./include/linux/module.h:138:7: warning: ‘cleanup_module’ specifies less restrictive attribute than its target ‘s2250_driver_exit’: ‘cold’ [-Wmissing-attributes]
  138 |  void cleanup_module(void) __attribute__((alias(#exitfn)));
      |       ^~~~~~~~~~~~~~
./include/linux/device.h:1360:1: note: in expansion of macro ‘module_exit’
 1360 | module_exit(__driver##_exit);
      | ^~~~~~~~~~~
./include/linux/i2c.h:751:2: note: in expansion of macro ‘module_driver’
  751 |  module_driver(__i2c_driver, i2c_add_driver, \
      |  ^~~~~~~~~~~~~
drivers/media/usb/go7007/s2250-board.c:639:1: note: in expansion of macro ‘module_i2c_driver’
  639 | module_i2c_driver(s2250_driver);
      | ^~~~~~~~~~~~~~~~~
In file included from ./include/linux/usb/ch9.h:35,
                 from ./include/linux/usb.h:5,
                 from drivers/media/usb/go7007/s2250-board.c:15:
drivers/media/usb/go7007/s2250-board.c:639:19: note: ‘cleanup_module’ target declared here
  639 | module_i2c_driver(s2250_driver);
      |                   ^~~~~~~~~~~~
./include/linux/device.h:1356:20: note: in definition of macro ‘module_driver’
 1356 | static void __exit __driver##_exit(void) \
      |                    ^~~~~~~~
drivers/media/usb/go7007/s2250-board.c:639:1: note: in expansion of macro ‘module_i2c_driver’
  639 | module_i2c_driver(s2250_driver);
      | ^~~~~~~~~~~~~~~~~
In file included from drivers/media/usb/go7007/s2250-board.c:14:
./include/linux/module.h:132:6: warning: ‘init_module’ specifies less restrictive attribute than its target ‘s2250_driver_init’: ‘cold’ [-Wmissing-attributes]
  132 |  int init_module(void) __attribute__((alias(#initfn)));
      |      ^~~~~~~~~~~
./include/linux/device.h:1355:1: note: in expansion of macro ‘module_init’
 1355 | module_init(__driver##_init); \
      | ^~~~~~~~~~~
./include/linux/i2c.h:751:2: note: in expansion of macro ‘module_driver’
  751 |  module_driver(__i2c_driver, i2c_add_driver, \
      |  ^~~~~~~~~~~~~
drivers/media/usb/go7007/s2250-board.c:639:1: note: in expansion of macro ‘module_i2c_driver’
  639 | module_i2c_driver(s2250_driver);
      | ^~~~~~~~~~~~~~~~~
In file included from ./include/linux/usb/ch9.h:35,
                 from ./include/linux/usb.h:5,
                 from drivers/media/usb/go7007/s2250-board.c:15:
drivers/media/usb/go7007/s2250-board.c:639:19: note: ‘init_module’ target declared here
  639 | module_i2c_driver(s2250_driver);
      |                   ^~~~~~~~~~~~
./include/linux/device.h:1351:19: note: in definition of macro ‘module_driver’
 1351 | static int __init __driver##_init(void) \
      |                   ^~~~~~~~
drivers/media/usb/go7007/s2250-board.c:639:1: note: in expansion of macro ‘module_i2c_driver’
  639 | module_i2c_driver(s2250_driver);
      | ^~~~~~~~~~~~~~~~~
  LD [M]  drivers/media/usb/go7007/s2250.o
  LD      drivers/media/usb/gspca/built-in.o
  CC [M]  drivers/media/usb/gspca/gspca.o
In file included from drivers/media/usb/gspca/gspca.h:4,
                 from drivers/media/usb/gspca/gspca.c:45:
./include/linux/module.h:132:6: warning: ‘init_module’ specifies less restrictive attribute than its target ‘gspca_init’: ‘cold’ [-Wmissing-attributes]
  132 |  int init_module(void) __attribute__((alias(#initfn)));
      |      ^~~~~~~~~~~
drivers/media/usb/gspca/gspca.c:2287:1: note: in expansion of macro ‘module_init’
 2287 | module_init(gspca_init);
      | ^~~~~~~~~~~
drivers/media/usb/gspca/gspca.c:2278:19: note: ‘init_module’ target declared here
 2278 | static int __init gspca_init(void)
      |                   ^~~~~~~~~~
In file included from drivers/media/usb/gspca/gspca.h:4,
                 from drivers/media/usb/gspca/gspca.c:45:
./include/linux/module.h:138:7: warning: ‘cleanup_module’ specifies less restrictive attribute than its target ‘gspca_exit’: ‘cold’ [-Wmissing-attributes]
  138 |  void cleanup_module(void) __attribute__((alias(#exitfn)));
      |       ^~~~~~~~~~~~~~
drivers/media/usb/gspca/gspca.c:2288:1: note: in expansion of macro ‘module_exit’
 2288 | module_exit(gspca_exit);
      | ^~~~~~~~~~~
drivers/media/usb/gspca/gspca.c:2283:20: note: ‘cleanup_module’ target declared here
 2283 | static void __exit gspca_exit(void)
      |                    ^~~~~~~~~~
  CC [M]  drivers/media/usb/gspca/autogain_functions.o
  LD [M]  drivers/media/usb/gspca/gspca_main.o
  CC [M]  drivers/media/usb/gspca/benq.o
In file included from drivers/media/usb/gspca/gspca.h:4,
                 from drivers/media/usb/gspca/benq.c:25:
./include/linux/module.h:138:7: warning: ‘cleanup_module’ specifies less restrictive attribute than its target ‘sd_driver_exit’: ‘cold’ [-Wmissing-attributes]
  138 |  void cleanup_module(void) __attribute__((alias(#exitfn)));
      |       ^~~~~~~~~~~~~~
./include/linux/device.h:1360:1: note: in expansion of macro ‘module_exit’
 1360 | module_exit(__driver##_exit);
      | ^~~~~~~~~~~
./include/linux/usb.h:1195:2: note: in expansion of macro ‘module_driver’
 1195 |  module_driver(__usb_driver, usb_register, \
      |  ^~~~~~~~~~~~~
drivers/media/usb/gspca/benq.c:287:1: note: in expansion of macro ‘module_usb_driver’
  287 | module_usb_driver(sd_driver);
      | ^~~~~~~~~~~~~~~~~
In file included from ./include/linux/usb/ch9.h:35,
                 from ./include/linux/usb.h:5,
                 from drivers/media/usb/gspca/gspca.h:6,
                 from drivers/media/usb/gspca/benq.c:25:
drivers/media/usb/gspca/benq.c:287:19: note: ‘cleanup_module’ target declared here
  287 | module_usb_driver(sd_driver);
      |                   ^~~~~~~~~
./include/linux/device.h:1356:20: note: in definition of macro ‘module_driver’
 1356 | static void __exit __driver##_exit(void) \
      |                    ^~~~~~~~
drivers/media/usb/gspca/benq.c:287:1: note: in expansion of macro ‘module_usb_driver’
  287 | module_usb_driver(sd_driver);
      | ^~~~~~~~~~~~~~~~~
In file included from drivers/media/usb/gspca/gspca.h:4,
                 from drivers/media/usb/gspca/benq.c:25:
./include/linux/module.h:132:6: warning: ‘init_module’ specifies less restrictive attribute than its target ‘sd_driver_init’: ‘cold’ [-Wmissing-attributes]
  132 |  int init_module(void) __attribute__((alias(#initfn)));
      |      ^~~~~~~~~~~
./include/linux/device.h:1355:1: note: in expansion of macro ‘module_init’
 1355 | module_init(__driver##_init); \
      | ^~~~~~~~~~~
./include/linux/usb.h:1195:2: note: in expansion of macro ‘module_driver’
 1195 |  module_driver(__usb_driver, usb_register, \
      |  ^~~~~~~~~~~~~
drivers/media/usb/gspca/benq.c:287:1: note: in expansion of macro ‘module_usb_driver’
  287 | module_usb_driver(sd_driver);
      | ^~~~~~~~~~~~~~~~~
In file included from ./include/linux/usb/ch9.h:35,
                 from ./include/linux/usb.h:5,
                 from drivers/media/usb/gspca/gspca.h:6,
                 from drivers/media/usb/gspca/benq.c:25:
drivers/media/usb/gspca/benq.c:287:19: note: ‘init_module’ target declared here
  287 | module_usb_driver(sd_driver);
      |                   ^~~~~~~~~
./include/linux/device.h:1351:19: note: in definition of macro ‘module_driver’
 1351 | static int __init __driver##_init(void) \
      |                   ^~~~~~~~
drivers/media/usb/gspca/benq.c:287:1: note: in expansion of macro ‘module_usb_driver’
  287 | module_usb_driver(sd_driver);
      | ^~~~~~~~~~~~~~~~~
  LD [M]  drivers/media/usb/gspca/gspca_benq.o
  CC [M]  drivers/media/usb/gspca/conex.o
In file included from drivers/media/usb/gspca/gspca.h:4,
                 from drivers/media/usb/gspca/conex.c:26:
./include/linux/module.h:138:7: warning: ‘cleanup_module’ specifies less restrictive attribute than its target ‘sd_driver_exit’: ‘cold’ [-Wmissing-attributes]
  138 |  void cleanup_module(void) __attribute__((alias(#exitfn)));
      |       ^~~~~~~~~~~~~~
./include/linux/device.h:1360:1: note: in expansion of macro ‘module_exit’
 1360 | module_exit(__driver##_exit);
      | ^~~~~~~~~~~
./include/linux/usb.h:1195:2: note: in expansion of macro ‘module_driver’
 1195 |  module_driver(__usb_driver, usb_register, \
      |  ^~~~~~~~~~~~~
drivers/media/usb/gspca/conex.c:965:1: note: in expansion of macro ‘module_usb_driver’
  965 | module_usb_driver(sd_driver);
      | ^~~~~~~~~~~~~~~~~
In file included from ./include/linux/usb/ch9.h:35,
                 from ./include/linux/usb.h:5,
                 from drivers/media/usb/gspca/gspca.h:6,
                 from drivers/media/usb/gspca/conex.c:26:
drivers/media/usb/gspca/conex.c:965:19: note: ‘cleanup_module’ target declared here
  965 | module_usb_driver(sd_driver);
      |                   ^~~~~~~~~
./include/linux/device.h:1356:20: note: in definition of macro ‘module_driver’
 1356 | static void __exit __driver##_exit(void) \
      |                    ^~~~~~~~
drivers/media/usb/gspca/conex.c:965:1: note: in expansion of macro ‘module_usb_driver’
  965 | module_usb_driver(sd_driver);
      | ^~~~~~~~~~~~~~~~~
In file included from drivers/media/usb/gspca/gspca.h:4,
                 from drivers/media/usb/gspca/conex.c:26:
./include/linux/module.h:132:6: warning: ‘init_module’ specifies less restrictive attribute than its target ‘sd_driver_init’: ‘cold’ [-Wmissing-attributes]
  132 |  int init_module(void) __attribute__((alias(#initfn)));
      |      ^~~~~~~~~~~
./include/linux/device.h:1355:1: note: in expansion of macro ‘module_init’
 1355 | module_init(__driver##_init); \
      | ^~~~~~~~~~~
./include/linux/usb.h:1195:2: note: in expansion of macro ‘module_driver’
 1195 |  module_driver(__usb_driver, usb_register, \
      |  ^~~~~~~~~~~~~
drivers/media/usb/gspca/conex.c:965:1: note: in expansion of macro ‘module_usb_driver’
  965 | module_usb_driver(sd_driver);
      | ^~~~~~~~~~~~~~~~~
In file included from ./include/linux/usb/ch9.h:35,
                 from ./include/linux/usb.h:5,
                 from drivers/media/usb/gspca/gspca.h:6,
                 from drivers/media/usb/gspca/conex.c:26:
drivers/media/usb/gspca/conex.c:965:19: note: ‘init_module’ target declared here
  965 | module_usb_driver(sd_driver);
      |                   ^~~~~~~~~
./include/linux/device.h:1351:19: note: in definition of macro ‘module_driver’
 1351 | static int __init __driver##_init(void) \
      |                   ^~~~~~~~
drivers/media/usb/gspca/conex.c:965:1: note: in expansion of macro ‘module_usb_driver’
  965 | module_usb_driver(sd_driver);
      | ^~~~~~~~~~~~~~~~~
  LD [M]  drivers/media/usb/gspca/gspca_conex.o
  CC [M]  drivers/media/usb/gspca/cpia1.o
In file included from drivers/media/usb/gspca/gspca.h:4,
                 from drivers/media/usb/gspca/cpia1.c:34:
./include/linux/module.h:138:7: warning: ‘cleanup_module’ specifies less restrictive attribute than its target ‘sd_driver_exit’: ‘cold’ [-Wmissing-attributes]
  138 |  void cleanup_module(void) __attribute__((alias(#exitfn)));
      |       ^~~~~~~~~~~~~~
./include/linux/device.h:1360:1: note: in expansion of macro ‘module_exit’
 1360 | module_exit(__driver##_exit);
      | ^~~~~~~~~~~
./include/linux/usb.h:1195:2: note: in expansion of macro ‘module_driver’
 1195 |  module_driver(__usb_driver, usb_register, \
      |  ^~~~~~~~~~~~~
drivers/media/usb/gspca/cpia1.c:1902:1: note: in expansion of macro ‘module_usb_driver’
 1902 | module_usb_driver(sd_driver);
      | ^~~~~~~~~~~~~~~~~
In file included from ./include/linux/input.h:22,
                 from drivers/media/usb/gspca/cpia1.c:33:
drivers/media/usb/gspca/cpia1.c:1902:19: note: ‘cleanup_module’ target declared here
 1902 | module_usb_driver(sd_driver);
      |                   ^~~~~~~~~
./include/linux/device.h:1356:20: note: in definition of macro ‘module_driver’
 1356 | static void __exit __driver##_exit(void) \
      |                    ^~~~~~~~
drivers/media/usb/gspca/cpia1.c:1902:1: note: in expansion of macro ‘module_usb_driver’
 1902 | module_usb_driver(sd_driver);
      | ^~~~~~~~~~~~~~~~~
In file included from drivers/media/usb/gspca/gspca.h:4,
                 from drivers/media/usb/gspca/cpia1.c:34:
./include/linux/module.h:132:6: warning: ‘init_module’ specifies less restrictive attribute than its target ‘sd_driver_init’: ‘cold’ [-Wmissing-attributes]
  132 |  int init_module(void) __attribute__((alias(#initfn)));
      |      ^~~~~~~~~~~
./include/linux/device.h:1355:1: note: in expansion of macro ‘module_init’
 1355 | module_init(__driver##_init); \
      | ^~~~~~~~~~~
./include/linux/usb.h:1195:2: note: in expansion of macro ‘module_driver’
 1195 |  module_driver(__usb_driver, usb_register, \
      |  ^~~~~~~~~~~~~
drivers/media/usb/gspca/cpia1.c:1902:1: note: in expansion of macro ‘module_usb_driver’
 1902 | module_usb_driver(sd_driver);
      | ^~~~~~~~~~~~~~~~~
In file included from ./include/linux/input.h:22,
                 from drivers/media/usb/gspca/cpia1.c:33:
drivers/media/usb/gspca/cpia1.c:1902:19: note: ‘init_module’ target declared here
 1902 | module_usb_driver(sd_driver);
      |                   ^~~~~~~~~
./include/linux/device.h:1351:19: note: in definition of macro ‘module_driver’
 1351 | static int __init __driver##_init(void) \
      |                   ^~~~~~~~
drivers/media/usb/gspca/cpia1.c:1902:1: note: in expansion of macro ‘module_usb_driver’
 1902 | module_usb_driver(sd_driver);
      | ^~~~~~~~~~~~~~~~~
  LD [M]  drivers/media/usb/gspca/gspca_cpia1.o
  CC [M]  drivers/media/usb/gspca/dtcs033.o
In file included from drivers/media/usb/gspca/gspca.h:4,
                 from drivers/media/usb/gspca/dtcs033.c:19:
./include/linux/module.h:138:7: warning: ‘cleanup_module’ specifies less restrictive attribute than its target ‘sd_driver_exit’: ‘cold’ [-Wmissing-attributes]
  138 |  void cleanup_module(void) __attribute__((alias(#exitfn)));
      |       ^~~~~~~~~~~~~~
./include/linux/device.h:1360:1: note: in expansion of macro ‘module_exit’
 1360 | module_exit(__driver##_exit);
      | ^~~~~~~~~~~
./include/linux/usb.h:1195:2: note: in expansion of macro ‘module_driver’
 1195 |  module_driver(__usb_driver, usb_register, \
      |  ^~~~~~~~~~~~~
drivers/media/usb/gspca/dtcs033.c:290:1: note: in expansion of macro ‘module_usb_driver’
  290 | module_usb_driver(sd_driver);
      | ^~~~~~~~~~~~~~~~~
In file included from ./include/linux/usb/ch9.h:35,
                 from ./include/linux/usb.h:5,
                 from drivers/media/usb/gspca/gspca.h:6,
                 from drivers/media/usb/gspca/dtcs033.c:19:
drivers/media/usb/gspca/dtcs033.c:290:19: note: ‘cleanup_module’ target declared here
  290 | module_usb_driver(sd_driver);
      |                   ^~~~~~~~~
./include/linux/device.h:1356:20: note: in definition of macro ‘module_driver’
 1356 | static void __exit __driver##_exit(void) \
      |                    ^~~~~~~~
drivers/media/usb/gspca/dtcs033.c:290:1: note: in expansion of macro ‘module_usb_driver’
  290 | module_usb_driver(sd_driver);
      | ^~~~~~~~~~~~~~~~~
In file included from drivers/media/usb/gspca/gspca.h:4,
                 from drivers/media/usb/gspca/dtcs033.c:19:
./include/linux/module.h:132:6: warning: ‘init_module’ specifies less restrictive attribute than its target ‘sd_driver_init’: ‘cold’ [-Wmissing-attributes]
  132 |  int init_module(void) __attribute__((alias(#initfn)));
      |      ^~~~~~~~~~~
./include/linux/device.h:1355:1: note: in expansion of macro ‘module_init’
 1355 | module_init(__driver##_init); \
      | ^~~~~~~~~~~
./include/linux/usb.h:1195:2: note: in expansion of macro ‘module_driver’
 1195 |  module_driver(__usb_driver, usb_register, \
      |  ^~~~~~~~~~~~~
drivers/media/usb/gspca/dtcs033.c:290:1: note: in expansion of macro ‘module_usb_driver’
  290 | module_usb_driver(sd_driver);
      | ^~~~~~~~~~~~~~~~~
In file included from ./include/linux/usb/ch9.h:35,
                 from ./include/linux/usb.h:5,
                 from drivers/media/usb/gspca/gspca.h:6,
                 from drivers/media/usb/gspca/dtcs033.c:19:
drivers/media/usb/gspca/dtcs033.c:290:19: note: ‘init_module’ target declared here
  290 | module_usb_driver(sd_driver);
      |                   ^~~~~~~~~
./include/linux/device.h:1351:19: note: in definition of macro ‘module_driver’
 1351 | static int __init __driver##_init(void) \
      |                   ^~~~~~~~
drivers/media/usb/gspca/dtcs033.c:290:1: note: in expansion of macro ‘module_usb_driver’
  290 | module_usb_driver(sd_driver);
      | ^~~~~~~~~~~~~~~~~
  LD [M]  drivers/media/usb/gspca/gspca_dtcs033.o
  CC [M]  drivers/media/usb/gspca/etoms.o
In file included from drivers/media/usb/gspca/gspca.h:4,
                 from drivers/media/usb/gspca/etoms.c:25:
./include/linux/module.h:138:7: warning: ‘cleanup_module’ specifies less restrictive attribute than its target ‘sd_driver_exit’: ‘cold’ [-Wmissing-attributes]
  138 |  void cleanup_module(void) __attribute__((alias(#exitfn)));
      |       ^~~~~~~~~~~~~~
./include/linux/device.h:1360:1: note: in expansion of macro ‘module_exit’
 1360 | module_exit(__driver##_exit);
      | ^~~~~~~~~~~
./include/linux/usb.h:1195:2: note: in expansion of macro ‘module_driver’
 1195 |  module_driver(__usb_driver, usb_register, \
      |  ^~~~~~~~~~~~~
drivers/media/usb/gspca/etoms.c:795:1: note: in expansion of macro ‘module_usb_driver’
  795 | module_usb_driver(sd_driver);
      | ^~~~~~~~~~~~~~~~~
In file included from ./include/linux/usb/ch9.h:35,
                 from ./include/linux/usb.h:5,
                 from drivers/media/usb/gspca/gspca.h:6,
                 from drivers/media/usb/gspca/etoms.c:25:
drivers/media/usb/gspca/etoms.c:795:19: note: ‘cleanup_module’ target declared here
  795 | module_usb_driver(sd_driver);
      |                   ^~~~~~~~~
./include/linux/device.h:1356:20: note: in definition of macro ‘module_driver’
 1356 | static void __exit __driver##_exit(void) \
      |                    ^~~~~~~~
drivers/media/usb/gspca/etoms.c:795:1: note: in expansion of macro ‘module_usb_driver’
  795 | module_usb_driver(sd_driver);
      | ^~~~~~~~~~~~~~~~~
In file included from drivers/media/usb/gspca/gspca.h:4,
                 from drivers/media/usb/gspca/etoms.c:25:
./include/linux/module.h:132:6: warning: ‘init_module’ specifies less restrictive attribute than its target ‘sd_driver_init’: ‘cold’ [-Wmissing-attributes]
  132 |  int init_module(void) __attribute__((alias(#initfn)));
      |      ^~~~~~~~~~~
./include/linux/device.h:1355:1: note: in expansion of macro ‘module_init’
 1355 | module_init(__driver##_init); \
      | ^~~~~~~~~~~
./include/linux/usb.h:1195:2: note: in expansion of macro ‘module_driver’
 1195 |  module_driver(__usb_driver, usb_register, \
      |  ^~~~~~~~~~~~~
drivers/media/usb/gspca/etoms.c:795:1: note: in expansion of macro ‘module_usb_driver’
  795 | module_usb_driver(sd_driver);
      | ^~~~~~~~~~~~~~~~~
In file included from ./include/linux/usb/ch9.h:35,
                 from ./include/linux/usb.h:5,
                 from drivers/media/usb/gspca/gspca.h:6,
                 from drivers/media/usb/gspca/etoms.c:25:
drivers/media/usb/gspca/etoms.c:795:19: note: ‘init_module’ target declared here
  795 | module_usb_driver(sd_driver);
      |                   ^~~~~~~~~
./include/linux/device.h:1351:19: note: in definition of macro ‘module_driver’
 1351 | static int __init __driver##_init(void) \
      |                   ^~~~~~~~
drivers/media/usb/gspca/etoms.c:795:1: note: in expansion of macro ‘module_usb_driver’
  795 | module_usb_driver(sd_driver);
      | ^~~~~~~~~~~~~~~~~
  LD [M]  drivers/media/usb/gspca/gspca_etoms.o
  CC [M]  drivers/media/usb/gspca/finepix.o
In file included from drivers/media/usb/gspca/gspca.h:4,
                 from drivers/media/usb/gspca/finepix.c:25:
./include/linux/module.h:138:7: warning: ‘cleanup_module’ specifies less restrictive attribute than its target ‘sd_driver_exit’: ‘cold’ [-Wmissing-attributes]
  138 |  void cleanup_module(void) __attribute__((alias(#exitfn)));
      |       ^~~~~~~~~~~~~~
./include/linux/device.h:1360:1: note: in expansion of macro ‘module_exit’
 1360 | module_exit(__driver##_exit);
      | ^~~~~~~~~~~
./include/linux/usb.h:1195:2: note: in expansion of macro ‘module_driver’
 1195 |  module_driver(__usb_driver, usb_register, \
      |  ^~~~~~~~~~~~~
drivers/media/usb/gspca/finepix.c:306:1: note: in expansion of macro ‘module_usb_driver’
  306 | module_usb_driver(sd_driver);
      | ^~~~~~~~~~~~~~~~~
In file included from ./include/linux/usb/ch9.h:35,
                 from ./include/linux/usb.h:5,
                 from drivers/media/usb/gspca/gspca.h:6,
                 from drivers/media/usb/gspca/finepix.c:25:
drivers/media/usb/gspca/finepix.c:306:19: note: ‘cleanup_module’ target declared here
  306 | module_usb_driver(sd_driver);
      |                   ^~~~~~~~~
./include/linux/device.h:1356:20: note: in definition of macro ‘module_driver’
 1356 | static void __exit __driver##_exit(void) \
      |                    ^~~~~~~~
drivers/media/usb/gspca/finepix.c:306:1: note: in expansion of macro ‘module_usb_driver’
  306 | module_usb_driver(sd_driver);
      | ^~~~~~~~~~~~~~~~~
In file included from drivers/media/usb/gspca/gspca.h:4,
                 from drivers/media/usb/gspca/finepix.c:25:
./include/linux/module.h:132:6: warning: ‘init_module’ specifies less restrictive attribute than its target ‘sd_driver_init’: ‘cold’ [-Wmissing-attributes]
  132 |  int init_module(void) __attribute__((alias(#initfn)));
      |      ^~~~~~~~~~~
./include/linux/device.h:1355:1: note: in expansion of macro ‘module_init’
 1355 | module_init(__driver##_init); \
      | ^~~~~~~~~~~
./include/linux/usb.h:1195:2: note: in expansion of macro ‘module_driver’
 1195 |  module_driver(__usb_driver, usb_register, \
      |  ^~~~~~~~~~~~~
drivers/media/usb/gspca/finepix.c:306:1: note: in expansion of macro ‘module_usb_driver’
  306 | module_usb_driver(sd_driver);
      | ^~~~~~~~~~~~~~~~~
In file included from ./include/linux/usb/ch9.h:35,
                 from ./include/linux/usb.h:5,
                 from drivers/media/usb/gspca/gspca.h:6,
                 from drivers/media/usb/gspca/finepix.c:25:
drivers/media/usb/gspca/finepix.c:306:19: note: ‘init_module’ target declared here
  306 | module_usb_driver(sd_driver);
      |                   ^~~~~~~~~
./include/linux/device.h:1351:19: note: in definition of macro ‘module_driver’
 1351 | static int __init __driver##_init(void) \
      |                   ^~~~~~~~
drivers/media/usb/gspca/finepix.c:306:1: note: in expansion of macro ‘module_usb_driver’
  306 | module_usb_driver(sd_driver);
      | ^~~~~~~~~~~~~~~~~
  LD [M]  drivers/media/usb/gspca/gspca_finepix.o
  CC [M]  drivers/media/usb/gspca/jeilinj.o
In file included from drivers/media/usb/gspca/gspca.h:4,
                 from drivers/media/usb/gspca/jeilinj.c:32:
./include/linux/module.h:138:7: warning: ‘cleanup_module’ specifies less restrictive attribute than its target ‘sd_driver_exit’: ‘cold’ [-Wmissing-attributes]
  138 |  void cleanup_module(void) __attribute__((alias(#exitfn)));
      |       ^~~~~~~~~~~~~~
./include/linux/device.h:1360:1: note: in expansion of macro ‘module_exit’
 1360 | module_exit(__driver##_exit);
      | ^~~~~~~~~~~
./include/linux/usb.h:1195:2: note: in expansion of macro ‘module_driver’
 1195 |  module_driver(__usb_driver, usb_register, \
      |  ^~~~~~~~~~~~~
drivers/media/usb/gspca/jeilinj.c:549:1: note: in expansion of macro ‘module_usb_driver’
  549 | module_usb_driver(sd_driver);
      | ^~~~~~~~~~~~~~~~~
In file included from ./include/linux/usb/ch9.h:35,
                 from ./include/linux/usb.h:5,
                 from drivers/media/usb/gspca/gspca.h:6,
                 from drivers/media/usb/gspca/jeilinj.c:32:
drivers/media/usb/gspca/jeilinj.c:549:19: note: ‘cleanup_module’ target declared here
  549 | module_usb_driver(sd_driver);
      |                   ^~~~~~~~~
./include/linux/device.h:1356:20: note: in definition of macro ‘module_driver’
 1356 | static void __exit __driver##_exit(void) \
      |                    ^~~~~~~~
drivers/media/usb/gspca/jeilinj.c:549:1: note: in expansion of macro ‘module_usb_driver’
  549 | module_usb_driver(sd_driver);
      | ^~~~~~~~~~~~~~~~~
In file included from drivers/media/usb/gspca/gspca.h:4,
                 from drivers/media/usb/gspca/jeilinj.c:32:
./include/linux/module.h:132:6: warning: ‘init_module’ specifies less restrictive attribute than its target ‘sd_driver_init’: ‘cold’ [-Wmissing-attributes]
  132 |  int init_module(void) __attribute__((alias(#initfn)));
      |      ^~~~~~~~~~~
./include/linux/device.h:1355:1: note: in expansion of macro ‘module_init’
 1355 | module_init(__driver##_init); \
      | ^~~~~~~~~~~
./include/linux/usb.h:1195:2: note: in expansion of macro ‘module_driver’
 1195 |  module_driver(__usb_driver, usb_register, \
      |  ^~~~~~~~~~~~~
drivers/media/usb/gspca/jeilinj.c:549:1: note: in expansion of macro ‘module_usb_driver’
  549 | module_usb_driver(sd_driver);
      | ^~~~~~~~~~~~~~~~~
In file included from ./include/linux/usb/ch9.h:35,
                 from ./include/linux/usb.h:5,
                 from drivers/media/usb/gspca/gspca.h:6,
                 from drivers/media/usb/gspca/jeilinj.c:32:
drivers/media/usb/gspca/jeilinj.c:549:19: note: ‘init_module’ target declared here
  549 | module_usb_driver(sd_driver);
      |                   ^~~~~~~~~
./include/linux/device.h:1351:19: note: in definition of macro ‘module_driver’
 1351 | static int __init __driver##_init(void) \
      |                   ^~~~~~~~
drivers/media/usb/gspca/jeilinj.c:549:1: note: in expansion of macro ‘module_usb_driver’
  549 | module_usb_driver(sd_driver);
      | ^~~~~~~~~~~~~~~~~
  LD [M]  drivers/media/usb/gspca/gspca_jeilinj.o
  CC [M]  drivers/media/usb/gspca/jl2005bcd.o
In file included from drivers/media/usb/gspca/gspca.h:4,
                 from drivers/media/usb/gspca/jl2005bcd.c:25:
./include/linux/module.h:138:7: warning: ‘cleanup_module’ specifies less restrictive attribute than its target ‘sd_driver_exit’: ‘cold’ [-Wmissing-attributes]
  138 |  void cleanup_module(void) __attribute__((alias(#exitfn)));
      |       ^~~~~~~~~~~~~~
./include/linux/device.h:1360:1: note: in expansion of macro ‘module_exit’
 1360 | module_exit(__driver##_exit);
      | ^~~~~~~~~~~
./include/linux/usb.h:1195:2: note: in expansion of macro ‘module_driver’
 1195 |  module_driver(__usb_driver, usb_register, \
      |  ^~~~~~~~~~~~~
drivers/media/usb/gspca/jl2005bcd.c:535:1: note: in expansion of macro ‘module_usb_driver’
  535 | module_usb_driver(sd_driver);
      | ^~~~~~~~~~~~~~~~~
In file included from ./include/linux/usb/ch9.h:35,
                 from ./include/linux/usb.h:5,
                 from drivers/media/usb/gspca/gspca.h:6,
                 from drivers/media/usb/gspca/jl2005bcd.c:25:
drivers/media/usb/gspca/jl2005bcd.c:535:19: note: ‘cleanup_module’ target declared here
  535 | module_usb_driver(sd_driver);
      |                   ^~~~~~~~~
./include/linux/device.h:1356:20: note: in definition of macro ‘module_driver’
 1356 | static void __exit __driver##_exit(void) \
      |                    ^~~~~~~~
drivers/media/usb/gspca/jl2005bcd.c:535:1: note: in expansion of macro ‘module_usb_driver’
  535 | module_usb_driver(sd_driver);
      | ^~~~~~~~~~~~~~~~~
In file included from drivers/media/usb/gspca/gspca.h:4,
                 from drivers/media/usb/gspca/jl2005bcd.c:25:
./include/linux/module.h:132:6: warning: ‘init_module’ specifies less restrictive attribute than its target ‘sd_driver_init’: ‘cold’ [-Wmissing-attributes]
  132 |  int init_module(void) __attribute__((alias(#initfn)));
      |      ^~~~~~~~~~~
./include/linux/device.h:1355:1: note: in expansion of macro ‘module_init’
 1355 | module_init(__driver##_init); \
      | ^~~~~~~~~~~
./include/linux/usb.h:1195:2: note: in expansion of macro ‘module_driver’
 1195 |  module_driver(__usb_driver, usb_register, \
      |  ^~~~~~~~~~~~~
drivers/media/usb/gspca/jl2005bcd.c:535:1: note: in expansion of macro ‘module_usb_driver’
  535 | module_usb_driver(sd_driver);
      | ^~~~~~~~~~~~~~~~~
In file included from ./include/linux/usb/ch9.h:35,
                 from ./include/linux/usb.h:5,
                 from drivers/media/usb/gspca/gspca.h:6,
                 from drivers/media/usb/gspca/jl2005bcd.c:25:
drivers/media/usb/gspca/jl2005bcd.c:535:19: note: ‘init_module’ target declared here
  535 | module_usb_driver(sd_driver);
      |                   ^~~~~~~~~
./include/linux/device.h:1351:19: note: in definition of macro ‘module_driver’
 1351 | static int __init __driver##_init(void) \
      |                   ^~~~~~~~
drivers/media/usb/gspca/jl2005bcd.c:535:1: note: in expansion of macro ‘module_usb_driver’
  535 | module_usb_driver(sd_driver);
      | ^~~~~~~~~~~~~~~~~
  LD [M]  drivers/media/usb/gspca/gspca_jl2005bcd.o
  CC [M]  drivers/media/usb/gspca/kinect.o
In file included from drivers/media/usb/gspca/gspca.h:4,
                 from drivers/media/usb/gspca/kinect.c:31:
./include/linux/module.h:138:7: warning: ‘cleanup_module’ specifies less restrictive attribute than its target ‘sd_driver_exit’: ‘cold’ [-Wmissing-attributes]
  138 |  void cleanup_module(void) __attribute__((alias(#exitfn)));
      |       ^~~~~~~~~~~~~~
./include/linux/device.h:1360:1: note: in expansion of macro ‘module_exit’
 1360 | module_exit(__driver##_exit);
      | ^~~~~~~~~~~
./include/linux/usb.h:1195:2: note: in expansion of macro ‘module_driver’
 1195 |  module_driver(__usb_driver, usb_register, \
      |  ^~~~~~~~~~~~~
drivers/media/usb/gspca/kinect.c:483:1: note: in expansion of macro ‘module_usb_driver’
  483 | module_usb_driver(sd_driver);
      | ^~~~~~~~~~~~~~~~~
In file included from ./include/linux/usb/ch9.h:35,
                 from ./include/linux/usb.h:5,
                 from drivers/media/usb/gspca/gspca.h:6,
                 from drivers/media/usb/gspca/kinect.c:31:
drivers/media/usb/gspca/kinect.c:483:19: note: ‘cleanup_module’ target declared here
  483 | module_usb_driver(sd_driver);
      |                   ^~~~~~~~~
./include/linux/device.h:1356:20: note: in definition of macro ‘module_driver’
 1356 | static void __exit __driver##_exit(void) \
      |                    ^~~~~~~~
drivers/media/usb/gspca/kinect.c:483:1: note: in expansion of macro ‘module_usb_driver’
  483 | module_usb_driver(sd_driver);
      | ^~~~~~~~~~~~~~~~~
In file included from drivers/media/usb/gspca/gspca.h:4,
                 from drivers/media/usb/gspca/kinect.c:31:
./include/linux/module.h:132:6: warning: ‘init_module’ specifies less restrictive attribute than its target ‘sd_driver_init’: ‘cold’ [-Wmissing-attributes]
  132 |  int init_module(void) __attribute__((alias(#initfn)));
      |      ^~~~~~~~~~~
./include/linux/device.h:1355:1: note: in expansion of macro ‘module_init’
 1355 | module_init(__driver##_init); \
      | ^~~~~~~~~~~
./include/linux/usb.h:1195:2: note: in expansion of macro ‘module_driver’
 1195 |  module_driver(__usb_driver, usb_register, \
      |  ^~~~~~~~~~~~~
drivers/media/usb/gspca/kinect.c:483:1: note: in expansion of macro ‘module_usb_driver’
  483 | module_usb_driver(sd_driver);
      | ^~~~~~~~~~~~~~~~~
In file included from ./include/linux/usb/ch9.h:35,
                 from ./include/linux/usb.h:5,
                 from drivers/media/usb/gspca/gspca.h:6,
                 from drivers/media/usb/gspca/kinect.c:31:
drivers/media/usb/gspca/kinect.c:483:19: note: ‘init_module’ target declared here
  483 | module_usb_driver(sd_driver);
      |                   ^~~~~~~~~
./include/linux/device.h:1351:19: note: in definition of macro ‘module_driver’
 1351 | static int __init __driver##_init(void) \
      |                   ^~~~~~~~
drivers/media/usb/gspca/kinect.c:483:1: note: in expansion of macro ‘module_usb_driver’
  483 | module_usb_driver(sd_driver);
      | ^~~~~~~~~~~~~~~~~
  LD [M]  drivers/media/usb/gspca/gspca_kinect.o
  CC [M]  drivers/media/usb/gspca/konica.o
In file included from drivers/media/usb/gspca/gspca.h:4,
                 from drivers/media/usb/gspca/konica.c:36:
./include/linux/module.h:138:7: warning: ‘cleanup_module’ specifies less restrictive attribute than its target ‘sd_driver_exit’: ‘cold’ [-Wmissing-attributes]
  138 |  void cleanup_module(void) __attribute__((alias(#exitfn)));
      |       ^~~~~~~~~~~~~~
./include/linux/device.h:1360:1: note: in expansion of macro ‘module_exit’
 1360 | module_exit(__driver##_exit);
      | ^~~~~~~~~~~
./include/linux/usb.h:1195:2: note: in expansion of macro ‘module_driver’
 1195 |  module_driver(__usb_driver, usb_register, \
      |  ^~~~~~~~~~~~~
drivers/media/usb/gspca/konica.c:484:1: note: in expansion of macro ‘module_usb_driver’
  484 | module_usb_driver(sd_driver);
      | ^~~~~~~~~~~~~~~~~
In file included from ./include/linux/input.h:22,
                 from drivers/media/usb/gspca/konica.c:35:
drivers/media/usb/gspca/konica.c:484:19: note: ‘cleanup_module’ target declared here
  484 | module_usb_driver(sd_driver);
      |                   ^~~~~~~~~
./include/linux/device.h:1356:20: note: in definition of macro ‘module_driver’
 1356 | static void __exit __driver##_exit(void) \
      |                    ^~~~~~~~
drivers/media/usb/gspca/konica.c:484:1: note: in expansion of macro ‘module_usb_driver’
  484 | module_usb_driver(sd_driver);
      | ^~~~~~~~~~~~~~~~~
In file included from drivers/media/usb/gspca/gspca.h:4,
                 from drivers/media/usb/gspca/konica.c:36:
./include/linux/module.h:132:6: warning: ‘init_module’ specifies less restrictive attribute than its target ‘sd_driver_init’: ‘cold’ [-Wmissing-attributes]
  132 |  int init_module(void) __attribute__((alias(#initfn)));
      |      ^~~~~~~~~~~
./include/linux/device.h:1355:1: note: in expansion of macro ‘module_init’
 1355 | module_init(__driver##_init); \
      | ^~~~~~~~~~~
./include/linux/usb.h:1195:2: note: in expansion of macro ‘module_driver’
 1195 |  module_driver(__usb_driver, usb_register, \
      |  ^~~~~~~~~~~~~
drivers/media/usb/gspca/konica.c:484:1: note: in expansion of macro ‘module_usb_driver’
  484 | module_usb_driver(sd_driver);
      | ^~~~~~~~~~~~~~~~~
In file included from ./include/linux/input.h:22,
                 from drivers/media/usb/gspca/konica.c:35:
drivers/media/usb/gspca/konica.c:484:19: note: ‘init_module’ target declared here
  484 | module_usb_driver(sd_driver);
      |                   ^~~~~~~~~
./include/linux/device.h:1351:19: note: in definition of macro ‘module_driver’
 1351 | static int __init __driver##_init(void) \
      |                   ^~~~~~~~
drivers/media/usb/gspca/konica.c:484:1: note: in expansion of macro ‘module_usb_driver’
  484 | module_usb_driver(sd_driver);
      | ^~~~~~~~~~~~~~~~~
  LD [M]  drivers/media/usb/gspca/gspca_konica.o
  CC [M]  drivers/media/usb/gspca/mars.o
In file included from drivers/media/usb/gspca/gspca.h:4,
                 from drivers/media/usb/gspca/mars.c:26:
./include/linux/module.h:138:7: warning: ‘cleanup_module’ specifies less restrictive attribute than its target ‘sd_driver_exit’: ‘cold’ [-Wmissing-attributes]
  138 |  void cleanup_module(void) __attribute__((alias(#exitfn)));
      |       ^~~~~~~~~~~~~~
./include/linux/device.h:1360:1: note: in expansion of macro ‘module_exit’
 1360 | module_exit(__driver##_exit);
      | ^~~~~~~~~~~
./include/linux/usb.h:1195:2: note: in expansion of macro ‘module_driver’
 1195 |  module_driver(__usb_driver, usb_register, \
      |  ^~~~~~~~~~~~~
drivers/media/usb/gspca/mars.c:440:1: note: in expansion of macro ‘module_usb_driver’
  440 | module_usb_driver(sd_driver);
      | ^~~~~~~~~~~~~~~~~
In file included from ./include/linux/usb/ch9.h:35,
                 from ./include/linux/usb.h:5,
                 from drivers/media/usb/gspca/gspca.h:6,
                 from drivers/media/usb/gspca/mars.c:26:
drivers/media/usb/gspca/mars.c:440:19: note: ‘cleanup_module’ target declared here
  440 | module_usb_driver(sd_driver);
      |                   ^~~~~~~~~
./include/linux/device.h:1356:20: note: in definition of macro ‘module_driver’
 1356 | static void __exit __driver##_exit(void) \
      |                    ^~~~~~~~
drivers/media/usb/gspca/mars.c:440:1: note: in expansion of macro ‘module_usb_driver’
  440 | module_usb_driver(sd_driver);
      | ^~~~~~~~~~~~~~~~~
In file included from drivers/media/usb/gspca/gspca.h:4,
                 from drivers/media/usb/gspca/mars.c:26:
./include/linux/module.h:132:6: warning: ‘init_module’ specifies less restrictive attribute than its target ‘sd_driver_init’: ‘cold’ [-Wmissing-attributes]
  132 |  int init_module(void) __attribute__((alias(#initfn)));
      |      ^~~~~~~~~~~
./include/linux/device.h:1355:1: note: in expansion of macro ‘module_init’
 1355 | module_init(__driver##_init); \
      | ^~~~~~~~~~~
./include/linux/usb.h:1195:2: note: in expansion of macro ‘module_driver’
 1195 |  module_driver(__usb_driver, usb_register, \
      |  ^~~~~~~~~~~~~
drivers/media/usb/gspca/mars.c:440:1: note: in expansion of macro ‘module_usb_driver’
  440 | module_usb_driver(sd_driver);
      | ^~~~~~~~~~~~~~~~~
In file included from ./include/linux/usb/ch9.h:35,
                 from ./include/linux/usb.h:5,
                 from drivers/media/usb/gspca/gspca.h:6,
                 from drivers/media/usb/gspca/mars.c:26:
drivers/media/usb/gspca/mars.c:440:19: note: ‘init_module’ target declared here
  440 | module_usb_driver(sd_driver);
      |                   ^~~~~~~~~
./include/linux/device.h:1351:19: note: in definition of macro ‘module_driver’
 1351 | static int __init __driver##_init(void) \
      |                   ^~~~~~~~
drivers/media/usb/gspca/mars.c:440:1: note: in expansion of macro ‘module_usb_driver’
  440 | module_usb_driver(sd_driver);
      | ^~~~~~~~~~~~~~~~~
  LD [M]  drivers/media/usb/gspca/gspca_mars.o
  CC [M]  drivers/media/usb/gspca/mr97310a.o
In file included from drivers/media/usb/gspca/gspca.h:4,
                 from drivers/media/usb/gspca/mr97310a.c:47:
./include/linux/module.h:138:7: warning: ‘cleanup_module’ specifies less restrictive attribute than its target ‘sd_driver_exit’: ‘cold’ [-Wmissing-attributes]
  138 |  void cleanup_module(void) __attribute__((alias(#exitfn)));
      |       ^~~~~~~~~~~~~~
./include/linux/device.h:1360:1: note: in expansion of macro ‘module_exit’
 1360 | module_exit(__driver##_exit);
      | ^~~~~~~~~~~
./include/linux/usb.h:1195:2: note: in expansion of macro ‘module_driver’
 1195 |  module_driver(__usb_driver, usb_register, \
      |  ^~~~~~~~~~~~~
drivers/media/usb/gspca/mr97310a.c:1091:1: note: in expansion of macro ‘module_usb_driver’
 1091 | module_usb_driver(sd_driver);
      | ^~~~~~~~~~~~~~~~~
In file included from ./include/linux/usb/ch9.h:35,
                 from ./include/linux/usb.h:5,
                 from drivers/media/usb/gspca/gspca.h:6,
                 from drivers/media/usb/gspca/mr97310a.c:47:
drivers/media/usb/gspca/mr97310a.c:1091:19: note: ‘cleanup_module’ target declared here
 1091 | module_usb_driver(sd_driver);
      |                   ^~~~~~~~~
./include/linux/device.h:1356:20: note: in definition of macro ‘module_driver’
 1356 | static void __exit __driver##_exit(void) \
      |                    ^~~~~~~~
drivers/media/usb/gspca/mr97310a.c:1091:1: note: in expansion of macro ‘module_usb_driver’
 1091 | module_usb_driver(sd_driver);
      | ^~~~~~~~~~~~~~~~~
In file included from drivers/media/usb/gspca/gspca.h:4,
                 from drivers/media/usb/gspca/mr97310a.c:47:
./include/linux/module.h:132:6: warning: ‘init_module’ specifies less restrictive attribute than its target ‘sd_driver_init’: ‘cold’ [-Wmissing-attributes]
  132 |  int init_module(void) __attribute__((alias(#initfn)));
      |      ^~~~~~~~~~~
./include/linux/device.h:1355:1: note: in expansion of macro ‘module_init’
 1355 | module_init(__driver##_init); \
      | ^~~~~~~~~~~
./include/linux/usb.h:1195:2: note: in expansion of macro ‘module_driver’
 1195 |  module_driver(__usb_driver, usb_register, \
      |  ^~~~~~~~~~~~~
drivers/media/usb/gspca/mr97310a.c:1091:1: note: in expansion of macro ‘module_usb_driver’
 1091 | module_usb_driver(sd_driver);
      | ^~~~~~~~~~~~~~~~~
In file included from ./include/linux/usb/ch9.h:35,
                 from ./include/linux/usb.h:5,
                 from drivers/media/usb/gspca/gspca.h:6,
                 from drivers/media/usb/gspca/mr97310a.c:47:
drivers/media/usb/gspca/mr97310a.c:1091:19: note: ‘init_module’ target declared here
 1091 | module_usb_driver(sd_driver);
      |                   ^~~~~~~~~
./include/linux/device.h:1351:19: note: in definition of macro ‘module_driver’
 1351 | static int __init __driver##_init(void) \
      |                   ^~~~~~~~
drivers/media/usb/gspca/mr97310a.c:1091:1: note: in expansion of macro ‘module_usb_driver’
 1091 | module_usb_driver(sd_driver);
      | ^~~~~~~~~~~~~~~~~
  LD [M]  drivers/media/usb/gspca/gspca_mr97310a.o
  CC [M]  drivers/media/usb/gspca/nw80x.o
In file included from drivers/media/usb/gspca/gspca.h:4,
                 from drivers/media/usb/gspca/nw80x.c:27:
./include/linux/module.h:138:7: warning: ‘cleanup_module’ specifies less restrictive attribute than its target ‘sd_driver_exit’: ‘cold’ [-Wmissing-attributes]
  138 |  void cleanup_module(void) __attribute__((alias(#exitfn)));
      |       ^~~~~~~~~~~~~~
./include/linux/device.h:1360:1: note: in expansion of macro ‘module_exit’
 1360 | module_exit(__driver##_exit);
      | ^~~~~~~~~~~
./include/linux/usb.h:1195:2: note: in expansion of macro ‘module_driver’
 1195 |  module_driver(__usb_driver, usb_register, \
      |  ^~~~~~~~~~~~~
drivers/media/usb/gspca/nw80x.c:2095:1: note: in expansion of macro ‘module_usb_driver’
 2095 | module_usb_driver(sd_driver);
      | ^~~~~~~~~~~~~~~~~
In file included from ./include/linux/usb/ch9.h:35,
                 from ./include/linux/usb.h:5,
                 from drivers/media/usb/gspca/gspca.h:6,
                 from drivers/media/usb/gspca/nw80x.c:27:
drivers/media/usb/gspca/nw80x.c:2095:19: note: ‘cleanup_module’ target declared here
 2095 | module_usb_driver(sd_driver);
      |                   ^~~~~~~~~
./include/linux/device.h:1356:20: note: in definition of macro ‘module_driver’
 1356 | static void __exit __driver##_exit(void) \
      |                    ^~~~~~~~
drivers/media/usb/gspca/nw80x.c:2095:1: note: in expansion of macro ‘module_usb_driver’
 2095 | module_usb_driver(sd_driver);
      | ^~~~~~~~~~~~~~~~~
In file included from drivers/media/usb/gspca/gspca.h:4,
                 from drivers/media/usb/gspca/nw80x.c:27:
./include/linux/module.h:132:6: warning: ‘init_module’ specifies less restrictive attribute than its target ‘sd_driver_init’: ‘cold’ [-Wmissing-attributes]
  132 |  int init_module(void) __attribute__((alias(#initfn)));
      |      ^~~~~~~~~~~
./include/linux/device.h:1355:1: note: in expansion of macro ‘module_init’
 1355 | module_init(__driver##_init); \
      | ^~~~~~~~~~~
./include/linux/usb.h:1195:2: note: in expansion of macro ‘module_driver’
 1195 |  module_driver(__usb_driver, usb_register, \
      |  ^~~~~~~~~~~~~
drivers/media/usb/gspca/nw80x.c:2095:1: note: in expansion of macro ‘module_usb_driver’
 2095 | module_usb_driver(sd_driver);
      | ^~~~~~~~~~~~~~~~~
In file included from ./include/linux/usb/ch9.h:35,
                 from ./include/linux/usb.h:5,
                 from drivers/media/usb/gspca/gspca.h:6,
                 from drivers/media/usb/gspca/nw80x.c:27:
drivers/media/usb/gspca/nw80x.c:2095:19: note: ‘init_module’ target declared here
 2095 | module_usb_driver(sd_driver);
      |                   ^~~~~~~~~
./include/linux/device.h:1351:19: note: in definition of macro ‘module_driver’
 1351 | static int __init __driver##_init(void) \
      |                   ^~~~~~~~
drivers/media/usb/gspca/nw80x.c:2095:1: note: in expansion of macro ‘module_usb_driver’
 2095 | module_usb_driver(sd_driver);
      | ^~~~~~~~~~~~~~~~~
  LD [M]  drivers/media/usb/gspca/gspca_nw80x.o
  CC [M]  drivers/media/usb/gspca/ov519.o
In file included from drivers/media/usb/gspca/gspca.h:4,
                 from drivers/media/usb/gspca/ov519.c:45:
./include/linux/module.h:138:7: warning: ‘cleanup_module’ specifies less restrictive attribute than its target ‘sd_driver_exit’: ‘cold’ [-Wmissing-attributes]
  138 |  void cleanup_module(void) __attribute__((alias(#exitfn)));
      |       ^~~~~~~~~~~~~~
./include/linux/device.h:1360:1: note: in expansion of macro ‘module_exit’
 1360 | module_exit(__driver##_exit);
      | ^~~~~~~~~~~
./include/linux/usb.h:1195:2: note: in expansion of macro ‘module_driver’
 1195 |  module_driver(__usb_driver, usb_register, \
      |  ^~~~~~~~~~~~~
drivers/media/usb/gspca/ov519.c:5012:1: note: in expansion of macro ‘module_usb_driver’
 5012 | module_usb_driver(sd_driver);
      | ^~~~~~~~~~~~~~~~~
In file included from ./include/linux/input.h:22,
                 from drivers/media/usb/gspca/ov519.c:44:
drivers/media/usb/gspca/ov519.c:5012:19: note: ‘cleanup_module’ target declared here
 5012 | module_usb_driver(sd_driver);
      |                   ^~~~~~~~~
./include/linux/device.h:1356:20: note: in definition of macro ‘module_driver’
 1356 | static void __exit __driver##_exit(void) \
      |                    ^~~~~~~~
drivers/media/usb/gspca/ov519.c:5012:1: note: in expansion of macro ‘module_usb_driver’
 5012 | module_usb_driver(sd_driver);
      | ^~~~~~~~~~~~~~~~~
In file included from drivers/media/usb/gspca/gspca.h:4,
                 from drivers/media/usb/gspca/ov519.c:45:
./include/linux/module.h:132:6: warning: ‘init_module’ specifies less restrictive attribute than its target ‘sd_driver_init’: ‘cold’ [-Wmissing-attributes]
  132 |  int init_module(void) __attribute__((alias(#initfn)));
      |      ^~~~~~~~~~~
./include/linux/device.h:1355:1: note: in expansion of macro ‘module_init’
 1355 | module_init(__driver##_init); \
      | ^~~~~~~~~~~
./include/linux/usb.h:1195:2: note: in expansion of macro ‘module_driver’
 1195 |  module_driver(__usb_driver, usb_register, \
      |  ^~~~~~~~~~~~~
drivers/media/usb/gspca/ov519.c:5012:1: note: in expansion of macro ‘module_usb_driver’
 5012 | module_usb_driver(sd_driver);
      | ^~~~~~~~~~~~~~~~~
In file included from ./include/linux/input.h:22,
                 from drivers/media/usb/gspca/ov519.c:44:
drivers/media/usb/gspca/ov519.c:5012:19: note: ‘init_module’ target declared here
 5012 | module_usb_driver(sd_driver);
      |                   ^~~~~~~~~
./include/linux/device.h:1351:19: note: in definition of macro ‘module_driver’
 1351 | static int __init __driver##_init(void) \
      |                   ^~~~~~~~
drivers/media/usb/gspca/ov519.c:5012:1: note: in expansion of macro ‘module_usb_driver’
 5012 | module_usb_driver(sd_driver);
      | ^~~~~~~~~~~~~~~~~
  LD [M]  drivers/media/usb/gspca/gspca_ov519.o
  CC [M]  drivers/media/usb/gspca/ov534.o
In file included from drivers/media/usb/gspca/gspca.h:4,
                 from drivers/media/usb/gspca/ov534.c:37:
./include/linux/module.h:138:7: warning: ‘cleanup_module’ specifies less restrictive attribute than its target ‘sd_driver_exit’: ‘cold’ [-Wmissing-attributes]
  138 |  void cleanup_module(void) __attribute__((alias(#exitfn)));
      |       ^~~~~~~~~~~~~~
./include/linux/device.h:1360:1: note: in expansion of macro ‘module_exit’
 1360 | module_exit(__driver##_exit);
      | ^~~~~~~~~~~
./include/linux/usb.h:1195:2: note: in expansion of macro ‘module_driver’
 1195 |  module_driver(__usb_driver, usb_register, \
      |  ^~~~~~~~~~~~~
drivers/media/usb/gspca/ov534.c:1549:1: note: in expansion of macro ‘module_usb_driver’
 1549 | module_usb_driver(sd_driver);
      | ^~~~~~~~~~~~~~~~~
In file included from ./include/linux/usb/ch9.h:35,
                 from ./include/linux/usb.h:5,
                 from drivers/media/usb/gspca/gspca.h:6,
                 from drivers/media/usb/gspca/ov534.c:37:
drivers/media/usb/gspca/ov534.c:1549:19: note: ‘cleanup_module’ target declared here
 1549 | module_usb_driver(sd_driver);
      |                   ^~~~~~~~~
./include/linux/device.h:1356:20: note: in definition of macro ‘module_driver’
 1356 | static void __exit __driver##_exit(void) \
      |                    ^~~~~~~~
drivers/media/usb/gspca/ov534.c:1549:1: note: in expansion of macro ‘module_usb_driver’
 1549 | module_usb_driver(sd_driver);
      | ^~~~~~~~~~~~~~~~~
In file included from drivers/media/usb/gspca/gspca.h:4,
                 from drivers/media/usb/gspca/ov534.c:37:
./include/linux/module.h:132:6: warning: ‘init_module’ specifies less restrictive attribute than its target ‘sd_driver_init’: ‘cold’ [-Wmissing-attributes]
  132 |  int init_module(void) __attribute__((alias(#initfn)));
      |      ^~~~~~~~~~~
./include/linux/device.h:1355:1: note: in expansion of macro ‘module_init’
 1355 | module_init(__driver##_init); \
      | ^~~~~~~~~~~
./include/linux/usb.h:1195:2: note: in expansion of macro ‘module_driver’
 1195 |  module_driver(__usb_driver, usb_register, \
      |  ^~~~~~~~~~~~~
drivers/media/usb/gspca/ov534.c:1549:1: note: in expansion of macro ‘module_usb_driver’
 1549 | module_usb_driver(sd_driver);
      | ^~~~~~~~~~~~~~~~~
In file included from ./include/linux/usb/ch9.h:35,
                 from ./include/linux/usb.h:5,
                 from drivers/media/usb/gspca/gspca.h:6,
                 from drivers/media/usb/gspca/ov534.c:37:
drivers/media/usb/gspca/ov534.c:1549:19: note: ‘init_module’ target declared here
 1549 | module_usb_driver(sd_driver);
      |                   ^~~~~~~~~
./include/linux/device.h:1351:19: note: in definition of macro ‘module_driver’
 1351 | static int __init __driver##_init(void) \
      |                   ^~~~~~~~
drivers/media/usb/gspca/ov534.c:1549:1: note: in expansion of macro ‘module_usb_driver’
 1549 | module_usb_driver(sd_driver);
      | ^~~~~~~~~~~~~~~~~
  LD [M]  drivers/media/usb/gspca/gspca_ov534.o
  CC [M]  drivers/media/usb/gspca/ov534_9.o
In file included from drivers/media/usb/gspca/gspca.h:4,
                 from drivers/media/usb/gspca/ov534_9.c:31:
./include/linux/module.h:138:7: warning: ‘cleanup_module’ specifies less restrictive attribute than its target ‘sd_driver_exit’: ‘cold’ [-Wmissing-attributes]
  138 |  void cleanup_module(void) __attribute__((alias(#exitfn)));
      |       ^~~~~~~~~~~~~~
./include/linux/device.h:1360:1: note: in expansion of macro ‘module_exit’
 1360 | module_exit(__driver##_exit);
      | ^~~~~~~~~~~
./include/linux/usb.h:1195:2: note: in expansion of macro ‘module_driver’
 1195 |  module_driver(__usb_driver, usb_register, \
      |  ^~~~~~~~~~~~~
drivers/media/usb/gspca/ov534_9.c:1832:1: note: in expansion of macro ‘module_usb_driver’
 1832 | module_usb_driver(sd_driver);
      | ^~~~~~~~~~~~~~~~~
In file included from ./include/linux/usb/ch9.h:35,
                 from ./include/linux/usb.h:5,
                 from drivers/media/usb/gspca/gspca.h:6,
                 from drivers/media/usb/gspca/ov534_9.c:31:
drivers/media/usb/gspca/ov534_9.c:1832:19: note: ‘cleanup_module’ target declared here
 1832 | module_usb_driver(sd_driver);
      |                   ^~~~~~~~~
./include/linux/device.h:1356:20: note: in definition of macro ‘module_driver’
 1356 | static void __exit __driver##_exit(void) \
      |                    ^~~~~~~~
drivers/media/usb/gspca/ov534_9.c:1832:1: note: in expansion of macro ‘module_usb_driver’
 1832 | module_usb_driver(sd_driver);
      | ^~~~~~~~~~~~~~~~~
In file included from drivers/media/usb/gspca/gspca.h:4,
                 from drivers/media/usb/gspca/ov534_9.c:31:
./include/linux/module.h:132:6: warning: ‘init_module’ specifies less restrictive attribute than its target ‘sd_driver_init’: ‘cold’ [-Wmissing-attributes]
  132 |  int init_module(void) __attribute__((alias(#initfn)));
      |      ^~~~~~~~~~~
./include/linux/device.h:1355:1: note: in expansion of macro ‘module_init’
 1355 | module_init(__driver##_init); \
      | ^~~~~~~~~~~
./include/linux/usb.h:1195:2: note: in expansion of macro ‘module_driver’
 1195 |  module_driver(__usb_driver, usb_register, \
      |  ^~~~~~~~~~~~~
drivers/media/usb/gspca/ov534_9.c:1832:1: note: in expansion of macro ‘module_usb_driver’
 1832 | module_usb_driver(sd_driver);
      | ^~~~~~~~~~~~~~~~~
In file included from ./include/linux/usb/ch9.h:35,
                 from ./include/linux/usb.h:5,
                 from drivers/media/usb/gspca/gspca.h:6,
                 from drivers/media/usb/gspca/ov534_9.c:31:
drivers/media/usb/gspca/ov534_9.c:1832:19: note: ‘init_module’ target declared here
 1832 | module_usb_driver(sd_driver);
      |                   ^~~~~~~~~
./include/linux/device.h:1351:19: note: in definition of macro ‘module_driver’
 1351 | static int __init __driver##_init(void) \
      |                   ^~~~~~~~
drivers/media/usb/gspca/ov534_9.c:1832:1: note: in expansion of macro ‘module_usb_driver’
 1832 | module_usb_driver(sd_driver);
      | ^~~~~~~~~~~~~~~~~
  LD [M]  drivers/media/usb/gspca/gspca_ov534_9.o
  CC [M]  drivers/media/usb/gspca/pac207.o
In file included from drivers/media/usb/gspca/gspca.h:4,
                 from drivers/media/usb/gspca/pac207.c:31:
./include/linux/module.h:138:7: warning: ‘cleanup_module’ specifies less restrictive attribute than its target ‘sd_driver_exit’: ‘cold’ [-Wmissing-attributes]
  138 |  void cleanup_module(void) __attribute__((alias(#exitfn)));
      |       ^~~~~~~~~~~~~~
./include/linux/device.h:1360:1: note: in expansion of macro ‘module_exit’
 1360 | module_exit(__driver##_exit);
      | ^~~~~~~~~~~
./include/linux/usb.h:1195:2: note: in expansion of macro ‘module_driver’
 1195 |  module_driver(__usb_driver, usb_register, \
      |  ^~~~~~~~~~~~~
drivers/media/usb/gspca/pac207.c:489:1: note: in expansion of macro ‘module_usb_driver’
  489 | module_usb_driver(sd_driver);
      | ^~~~~~~~~~~~~~~~~
In file included from ./include/linux/input.h:22,
                 from drivers/media/usb/gspca/pac207.c:30:
drivers/media/usb/gspca/pac207.c:489:19: note: ‘cleanup_module’ target declared here
  489 | module_usb_driver(sd_driver);
      |                   ^~~~~~~~~
./include/linux/device.h:1356:20: note: in definition of macro ‘module_driver’
 1356 | static void __exit __driver##_exit(void) \
      |                    ^~~~~~~~
drivers/media/usb/gspca/pac207.c:489:1: note: in expansion of macro ‘module_usb_driver’
  489 | module_usb_driver(sd_driver);
      | ^~~~~~~~~~~~~~~~~
In file included from drivers/media/usb/gspca/gspca.h:4,
                 from drivers/media/usb/gspca/pac207.c:31:
./include/linux/module.h:132:6: warning: ‘init_module’ specifies less restrictive attribute than its target ‘sd_driver_init’: ‘cold’ [-Wmissing-attributes]
  132 |  int init_module(void) __attribute__((alias(#initfn)));
      |      ^~~~~~~~~~~
./include/linux/device.h:1355:1: note: in expansion of macro ‘module_init’
 1355 | module_init(__driver##_init); \
      | ^~~~~~~~~~~
./include/linux/usb.h:1195:2: note: in expansion of macro ‘module_driver’
 1195 |  module_driver(__usb_driver, usb_register, \
      |  ^~~~~~~~~~~~~
drivers/media/usb/gspca/pac207.c:489:1: note: in expansion of macro ‘module_usb_driver’
  489 | module_usb_driver(sd_driver);
      | ^~~~~~~~~~~~~~~~~
In file included from ./include/linux/input.h:22,
                 from drivers/media/usb/gspca/pac207.c:30:
drivers/media/usb/gspca/pac207.c:489:19: note: ‘init_module’ target declared here
  489 | module_usb_driver(sd_driver);
      |                   ^~~~~~~~~
./include/linux/device.h:1351:19: note: in definition of macro ‘module_driver’
 1351 | static int __init __driver##_init(void) \
      |                   ^~~~~~~~
drivers/media/usb/gspca/pac207.c:489:1: note: in expansion of macro ‘module_usb_driver’
  489 | module_usb_driver(sd_driver);
      | ^~~~~~~~~~~~~~~~~
  LD [M]  drivers/media/usb/gspca/gspca_pac207.o
  CC [M]  drivers/media/usb/gspca/pac7302.o
In file included from drivers/media/usb/gspca/gspca.h:4,
                 from drivers/media/usb/gspca/pac7302.c:96:
./include/linux/module.h:138:7: warning: ‘cleanup_module’ specifies less restrictive attribute than its target ‘sd_driver_exit’: ‘cold’ [-Wmissing-attributes]
  138 |  void cleanup_module(void) __attribute__((alias(#exitfn)));
      |       ^~~~~~~~~~~~~~
./include/linux/device.h:1360:1: note: in expansion of macro ‘module_exit’
 1360 | module_exit(__driver##_exit);
      | ^~~~~~~~~~~
./include/linux/usb.h:1195:2: note: in expansion of macro ‘module_driver’
 1195 |  module_driver(__usb_driver, usb_register, \
      |  ^~~~~~~~~~~~~
drivers/media/usb/gspca/pac7302.c:966:1: note: in expansion of macro ‘module_usb_driver’
  966 | module_usb_driver(sd_driver);
      | ^~~~~~~~~~~~~~~~~
In file included from ./include/linux/input.h:22,
                 from drivers/media/usb/gspca/pac7302.c:95:
drivers/media/usb/gspca/pac7302.c:966:19: note: ‘cleanup_module’ target declared here
  966 | module_usb_driver(sd_driver);
      |                   ^~~~~~~~~
./include/linux/device.h:1356:20: note: in definition of macro ‘module_driver’
 1356 | static void __exit __driver##_exit(void) \
      |                    ^~~~~~~~
drivers/media/usb/gspca/pac7302.c:966:1: note: in expansion of macro ‘module_usb_driver’
  966 | module_usb_driver(sd_driver);
      | ^~~~~~~~~~~~~~~~~
In file included from drivers/media/usb/gspca/gspca.h:4,
                 from drivers/media/usb/gspca/pac7302.c:96:
./include/linux/module.h:132:6: warning: ‘init_module’ specifies less restrictive attribute than its target ‘sd_driver_init’: ‘cold’ [-Wmissing-attributes]
  132 |  int init_module(void) __attribute__((alias(#initfn)));
      |      ^~~~~~~~~~~
./include/linux/device.h:1355:1: note: in expansion of macro ‘module_init’
 1355 | module_init(__driver##_init); \
      | ^~~~~~~~~~~
./include/linux/usb.h:1195:2: note: in expansion of macro ‘module_driver’
 1195 |  module_driver(__usb_driver, usb_register, \
      |  ^~~~~~~~~~~~~
drivers/media/usb/gspca/pac7302.c:966:1: note: in expansion of macro ‘module_usb_driver’
  966 | module_usb_driver(sd_driver);
      | ^~~~~~~~~~~~~~~~~
In file included from ./include/linux/input.h:22,
                 from drivers/media/usb/gspca/pac7302.c:95:
drivers/media/usb/gspca/pac7302.c:966:19: note: ‘init_module’ target declared here
  966 | module_usb_driver(sd_driver);
      |                   ^~~~~~~~~
./include/linux/device.h:1351:19: note: in definition of macro ‘module_driver’
 1351 | static int __init __driver##_init(void) \
      |                   ^~~~~~~~
drivers/media/usb/gspca/pac7302.c:966:1: note: in expansion of macro ‘module_usb_driver’
  966 | module_usb_driver(sd_driver);
      | ^~~~~~~~~~~~~~~~~
  LD [M]  drivers/media/usb/gspca/gspca_pac7302.o
  CC [M]  drivers/media/usb/gspca/pac7311.o
In file included from drivers/media/usb/gspca/gspca.h:4,
                 from drivers/media/usb/gspca/pac7311.c:65:
./include/linux/module.h:138:7: warning: ‘cleanup_module’ specifies less restrictive attribute than its target ‘sd_driver_exit’: ‘cold’ [-Wmissing-attributes]
  138 |  void cleanup_module(void) __attribute__((alias(#exitfn)));
      |       ^~~~~~~~~~~~~~
./include/linux/device.h:1360:1: note: in expansion of macro ‘module_exit’
 1360 | module_exit(__driver##_exit);
      | ^~~~~~~~~~~
./include/linux/usb.h:1195:2: note: in expansion of macro ‘module_driver’
 1195 |  module_driver(__usb_driver, usb_register, \
      |  ^~~~~~~~~~~~~
drivers/media/usb/gspca/pac7311.c:700:1: note: in expansion of macro ‘module_usb_driver’
  700 | module_usb_driver(sd_driver);
      | ^~~~~~~~~~~~~~~~~
In file included from ./include/linux/input.h:22,
                 from drivers/media/usb/gspca/pac7311.c:64:
drivers/media/usb/gspca/pac7311.c:700:19: note: ‘cleanup_module’ target declared here
  700 | module_usb_driver(sd_driver);
      |                   ^~~~~~~~~
./include/linux/device.h:1356:20: note: in definition of macro ‘module_driver’
 1356 | static void __exit __driver##_exit(void) \
      |                    ^~~~~~~~
drivers/media/usb/gspca/pac7311.c:700:1: note: in expansion of macro ‘module_usb_driver’
  700 | module_usb_driver(sd_driver);
      | ^~~~~~~~~~~~~~~~~
In file included from drivers/media/usb/gspca/gspca.h:4,
                 from drivers/media/usb/gspca/pac7311.c:65:
./include/linux/module.h:132:6: warning: ‘init_module’ specifies less restrictive attribute than its target ‘sd_driver_init’: ‘cold’ [-Wmissing-attributes]
  132 |  int init_module(void) __attribute__((alias(#initfn)));
      |      ^~~~~~~~~~~
./include/linux/device.h:1355:1: note: in expansion of macro ‘module_init’
 1355 | module_init(__driver##_init); \
      | ^~~~~~~~~~~
./include/linux/usb.h:1195:2: note: in expansion of macro ‘module_driver’
 1195 |  module_driver(__usb_driver, usb_register, \
      |  ^~~~~~~~~~~~~
drivers/media/usb/gspca/pac7311.c:700:1: note: in expansion of macro ‘module_usb_driver’
  700 | module_usb_driver(sd_driver);
      | ^~~~~~~~~~~~~~~~~
In file included from ./include/linux/input.h:22,
                 from drivers/media/usb/gspca/pac7311.c:64:
drivers/media/usb/gspca/pac7311.c:700:19: note: ‘init_module’ target declared here
  700 | module_usb_driver(sd_driver);
      |                   ^~~~~~~~~
./include/linux/device.h:1351:19: note: in definition of macro ‘module_driver’
 1351 | static int __init __driver##_init(void) \
      |                   ^~~~~~~~
drivers/media/usb/gspca/pac7311.c:700:1: note: in expansion of macro ‘module_usb_driver’
  700 | module_usb_driver(sd_driver);
      | ^~~~~~~~~~~~~~~~~
  LD [M]  drivers/media/usb/gspca/gspca_pac7311.o
  CC [M]  drivers/media/usb/gspca/se401.o
In file included from drivers/media/usb/gspca/gspca.h:4,
                 from drivers/media/usb/gspca/se401.c:41:
./include/linux/module.h:138:7: warning: ‘cleanup_module’ specifies less restrictive attribute than its target ‘sd_driver_exit’: ‘cold’ [-Wmissing-attributes]
  138 |  void cleanup_module(void) __attribute__((alias(#exitfn)));
      |       ^~~~~~~~~~~~~~
./include/linux/device.h:1360:1: note: in expansion of macro ‘module_exit’
 1360 | module_exit(__driver##_exit);
      | ^~~~~~~~~~~
./include/linux/usb.h:1195:2: note: in expansion of macro ‘module_driver’
 1195 |  module_driver(__usb_driver, usb_register, \
      |  ^~~~~~~~~~~~~
drivers/media/usb/gspca/se401.c:739:1: note: in expansion of macro ‘module_usb_driver’
  739 | module_usb_driver(sd_driver);
      | ^~~~~~~~~~~~~~~~~
In file included from ./include/linux/input.h:22,
                 from drivers/media/usb/gspca/se401.c:39:
drivers/media/usb/gspca/se401.c:739:19: note: ‘cleanup_module’ target declared here
  739 | module_usb_driver(sd_driver);
      |                   ^~~~~~~~~
./include/linux/device.h:1356:20: note: in definition of macro ‘module_driver’
 1356 | static void __exit __driver##_exit(void) \
      |                    ^~~~~~~~
drivers/media/usb/gspca/se401.c:739:1: note: in expansion of macro ‘module_usb_driver’
  739 | module_usb_driver(sd_driver);
      | ^~~~~~~~~~~~~~~~~
In file included from drivers/media/usb/gspca/gspca.h:4,
                 from drivers/media/usb/gspca/se401.c:41:
./include/linux/module.h:132:6: warning: ‘init_module’ specifies less restrictive attribute than its target ‘sd_driver_init’: ‘cold’ [-Wmissing-attributes]
  132 |  int init_module(void) __attribute__((alias(#initfn)));
      |      ^~~~~~~~~~~
./include/linux/device.h:1355:1: note: in expansion of macro ‘module_init’
 1355 | module_init(__driver##_init); \
      | ^~~~~~~~~~~
./include/linux/usb.h:1195:2: note: in expansion of macro ‘module_driver’
 1195 |  module_driver(__usb_driver, usb_register, \
      |  ^~~~~~~~~~~~~
drivers/media/usb/gspca/se401.c:739:1: note: in expansion of macro ‘module_usb_driver’
  739 | module_usb_driver(sd_driver);
      | ^~~~~~~~~~~~~~~~~
In file included from ./include/linux/input.h:22,
                 from drivers/media/usb/gspca/se401.c:39:
drivers/media/usb/gspca/se401.c:739:19: note: ‘init_module’ target declared here
  739 | module_usb_driver(sd_driver);
      |                   ^~~~~~~~~
./include/linux/device.h:1351:19: note: in definition of macro ‘module_driver’
 1351 | static int __init __driver##_init(void) \
      |                   ^~~~~~~~
drivers/media/usb/gspca/se401.c:739:1: note: in expansion of macro ‘module_usb_driver’
  739 | module_usb_driver(sd_driver);
      | ^~~~~~~~~~~~~~~~~
  LD [M]  drivers/media/usb/gspca/gspca_se401.o
  CC [M]  drivers/media/usb/gspca/sn9c2028.o
In file included from drivers/media/usb/gspca/gspca.h:4,
                 from drivers/media/usb/gspca/sn9c2028.c:25:
./include/linux/module.h:138:7: warning: ‘cleanup_module’ specifies less restrictive attribute than its target ‘sd_driver_exit’: ‘cold’ [-Wmissing-attributes]
  138 |  void cleanup_module(void) __attribute__((alias(#exitfn)));
      |       ^~~~~~~~~~~~~~
./include/linux/device.h:1360:1: note: in expansion of macro ‘module_exit’
 1360 | module_exit(__driver##_exit);
      | ^~~~~~~~~~~
./include/linux/usb.h:1195:2: note: in expansion of macro ‘module_driver’
 1195 |  module_driver(__usb_driver, usb_register, \
      |  ^~~~~~~~~~~~~
drivers/media/usb/gspca/sn9c2028.c:974:1: note: in expansion of macro ‘module_usb_driver’
  974 | module_usb_driver(sd_driver);
      | ^~~~~~~~~~~~~~~~~
In file included from ./include/linux/usb/ch9.h:35,
                 from ./include/linux/usb.h:5,
                 from drivers/media/usb/gspca/gspca.h:6,
                 from drivers/media/usb/gspca/sn9c2028.c:25:
drivers/media/usb/gspca/sn9c2028.c:974:19: note: ‘cleanup_module’ target declared here
  974 | module_usb_driver(sd_driver);
      |                   ^~~~~~~~~
./include/linux/device.h:1356:20: note: in definition of macro ‘module_driver’
 1356 | static void __exit __driver##_exit(void) \
      |                    ^~~~~~~~
drivers/media/usb/gspca/sn9c2028.c:974:1: note: in expansion of macro ‘module_usb_driver’
  974 | module_usb_driver(sd_driver);
      | ^~~~~~~~~~~~~~~~~
In file included from drivers/media/usb/gspca/gspca.h:4,
                 from drivers/media/usb/gspca/sn9c2028.c:25:
./include/linux/module.h:132:6: warning: ‘init_module’ specifies less restrictive attribute than its target ‘sd_driver_init’: ‘cold’ [-Wmissing-attributes]
  132 |  int init_module(void) __attribute__((alias(#initfn)));
      |      ^~~~~~~~~~~
./include/linux/device.h:1355:1: note: in expansion of macro ‘module_init’
 1355 | module_init(__driver##_init); \
      | ^~~~~~~~~~~
./include/linux/usb.h:1195:2: note: in expansion of macro ‘module_driver’
 1195 |  module_driver(__usb_driver, usb_register, \
      |  ^~~~~~~~~~~~~
drivers/media/usb/gspca/sn9c2028.c:974:1: note: in expansion of macro ‘module_usb_driver’
  974 | module_usb_driver(sd_driver);
      | ^~~~~~~~~~~~~~~~~
In file included from ./include/linux/usb/ch9.h:35,
                 from ./include/linux/usb.h:5,
                 from drivers/media/usb/gspca/gspca.h:6,
                 from drivers/media/usb/gspca/sn9c2028.c:25:
drivers/media/usb/gspca/sn9c2028.c:974:19: note: ‘init_module’ target declared here
  974 | module_usb_driver(sd_driver);
      |                   ^~~~~~~~~
./include/linux/device.h:1351:19: note: in definition of macro ‘module_driver’
 1351 | static int __init __driver##_init(void) \
      |                   ^~~~~~~~
drivers/media/usb/gspca/sn9c2028.c:974:1: note: in expansion of macro ‘module_usb_driver’
  974 | module_usb_driver(sd_driver);
      | ^~~~~~~~~~~~~~~~~
  LD [M]  drivers/media/usb/gspca/gspca_sn9c2028.o
  CC [M]  drivers/media/usb/gspca/sn9c20x.o
In file included from drivers/media/usb/gspca/gspca.h:4,
                 from drivers/media/usb/gspca/sn9c20x.c:27:
./include/linux/module.h:138:7: warning: ‘cleanup_module’ specifies less restrictive attribute than its target ‘sd_driver_exit’: ‘cold’ [-Wmissing-attributes]
  138 |  void cleanup_module(void) __attribute__((alias(#exitfn)));
      |       ^~~~~~~~~~~~~~
./include/linux/device.h:1360:1: note: in expansion of macro ‘module_exit’
 1360 | module_exit(__driver##_exit);
      | ^~~~~~~~~~~
./include/linux/usb.h:1195:2: note: in expansion of macro ‘module_driver’
 1195 |  module_driver(__usb_driver, usb_register, \
      |  ^~~~~~~~~~~~~
drivers/media/usb/gspca/sn9c20x.c:2392:1: note: in expansion of macro ‘module_usb_driver’
 2392 | module_usb_driver(sd_driver);
      | ^~~~~~~~~~~~~~~~~
In file included from ./include/linux/input.h:22,
                 from drivers/media/usb/gspca/sn9c20x.c:25:
drivers/media/usb/gspca/sn9c20x.c:2392:19: note: ‘cleanup_module’ target declared here
 2392 | module_usb_driver(sd_driver);
      |                   ^~~~~~~~~
./include/linux/device.h:1356:20: note: in definition of macro ‘module_driver’
 1356 | static void __exit __driver##_exit(void) \
      |                    ^~~~~~~~
drivers/media/usb/gspca/sn9c20x.c:2392:1: note: in expansion of macro ‘module_usb_driver’
 2392 | module_usb_driver(sd_driver);
      | ^~~~~~~~~~~~~~~~~
In file included from drivers/media/usb/gspca/gspca.h:4,
                 from drivers/media/usb/gspca/sn9c20x.c:27:
./include/linux/module.h:132:6: warning: ‘init_module’ specifies less restrictive attribute than its target ‘sd_driver_init’: ‘cold’ [-Wmissing-attributes]
  132 |  int init_module(void) __attribute__((alias(#initfn)));
      |      ^~~~~~~~~~~
./include/linux/device.h:1355:1: note: in expansion of macro ‘module_init’
 1355 | module_init(__driver##_init); \
      | ^~~~~~~~~~~
./include/linux/usb.h:1195:2: note: in expansion of macro ‘module_driver’
 1195 |  module_driver(__usb_driver, usb_register, \
      |  ^~~~~~~~~~~~~
drivers/media/usb/gspca/sn9c20x.c:2392:1: note: in expansion of macro ‘module_usb_driver’
 2392 | module_usb_driver(sd_driver);
      | ^~~~~~~~~~~~~~~~~
In file included from ./include/linux/input.h:22,
                 from drivers/media/usb/gspca/sn9c20x.c:25:
drivers/media/usb/gspca/sn9c20x.c:2392:19: note: ‘init_module’ target declared here
 2392 | module_usb_driver(sd_driver);
      |                   ^~~~~~~~~
./include/linux/device.h:1351:19: note: in definition of macro ‘module_driver’
 1351 | static int __init __driver##_init(void) \
      |                   ^~~~~~~~
drivers/media/usb/gspca/sn9c20x.c:2392:1: note: in expansion of macro ‘module_usb_driver’
 2392 | module_usb_driver(sd_driver);
      | ^~~~~~~~~~~~~~~~~
  LD [M]  drivers/media/usb/gspca/gspca_sn9c20x.o
  CC [M]  drivers/media/usb/gspca/sonixb.o
In file included from drivers/media/usb/gspca/gspca.h:4,
                 from drivers/media/usb/gspca/sonixb.c:53:
./include/linux/module.h:138:7: warning: ‘cleanup_module’ specifies less restrictive attribute than its target ‘sd_driver_exit’: ‘cold’ [-Wmissing-attributes]
  138 |  void cleanup_module(void) __attribute__((alias(#exitfn)));
      |       ^~~~~~~~~~~~~~
./include/linux/device.h:1360:1: note: in expansion of macro ‘module_exit’
 1360 | module_exit(__driver##_exit);
      | ^~~~~~~~~~~
./include/linux/usb.h:1195:2: note: in expansion of macro ‘module_driver’
 1195 |  module_driver(__usb_driver, usb_register, \
      |  ^~~~~~~~~~~~~
drivers/media/usb/gspca/sonixb.c:1477:1: note: in expansion of macro ‘module_usb_driver’
 1477 | module_usb_driver(sd_driver);
      | ^~~~~~~~~~~~~~~~~
In file included from ./include/linux/input.h:22,
                 from drivers/media/usb/gspca/sonixb.c:52:
drivers/media/usb/gspca/sonixb.c:1477:19: note: ‘cleanup_module’ target declared here
 1477 | module_usb_driver(sd_driver);
      |                   ^~~~~~~~~
./include/linux/device.h:1356:20: note: in definition of macro ‘module_driver’
 1356 | static void __exit __driver##_exit(void) \
      |                    ^~~~~~~~
drivers/media/usb/gspca/sonixb.c:1477:1: note: in expansion of macro ‘module_usb_driver’
 1477 | module_usb_driver(sd_driver);
      | ^~~~~~~~~~~~~~~~~
In file included from drivers/media/usb/gspca/gspca.h:4,
                 from drivers/media/usb/gspca/sonixb.c:53:
./include/linux/module.h:132:6: warning: ‘init_module’ specifies less restrictive attribute than its target ‘sd_driver_init’: ‘cold’ [-Wmissing-attributes]
  132 |  int init_module(void) __attribute__((alias(#initfn)));
      |      ^~~~~~~~~~~
./include/linux/device.h:1355:1: note: in expansion of macro ‘module_init’
 1355 | module_init(__driver##_init); \
      | ^~~~~~~~~~~
./include/linux/usb.h:1195:2: note: in expansion of macro ‘module_driver’
 1195 |  module_driver(__usb_driver, usb_register, \
      |  ^~~~~~~~~~~~~
drivers/media/usb/gspca/sonixb.c:1477:1: note: in expansion of macro ‘module_usb_driver’
 1477 | module_usb_driver(sd_driver);
      | ^~~~~~~~~~~~~~~~~
In file included from ./include/linux/input.h:22,
                 from drivers/media/usb/gspca/sonixb.c:52:
drivers/media/usb/gspca/sonixb.c:1477:19: note: ‘init_module’ target declared here
 1477 | module_usb_driver(sd_driver);
      |                   ^~~~~~~~~
./include/linux/device.h:1351:19: note: in definition of macro ‘module_driver’
 1351 | static int __init __driver##_init(void) \
      |                   ^~~~~~~~
drivers/media/usb/gspca/sonixb.c:1477:1: note: in expansion of macro ‘module_usb_driver’
 1477 | module_usb_driver(sd_driver);
      | ^~~~~~~~~~~~~~~~~
  LD [M]  drivers/media/usb/gspca/gspca_sonixb.o
  CC [M]  drivers/media/usb/gspca/sonixj.o
In file included from drivers/media/usb/gspca/gspca.h:4,
                 from drivers/media/usb/gspca/sonixj.c:27:
./include/linux/module.h:138:7: warning: ‘cleanup_module’ specifies less restrictive attribute than its target ‘sd_driver_exit’: ‘cold’ [-Wmissing-attributes]
  138 |  void cleanup_module(void) __attribute__((alias(#exitfn)));
      |       ^~~~~~~~~~~~~~
./include/linux/device.h:1360:1: note: in expansion of macro ‘module_exit’
 1360 | module_exit(__driver##_exit);
      | ^~~~~~~~~~~
./include/linux/usb.h:1195:2: note: in expansion of macro ‘module_driver’
 1195 |  module_driver(__usb_driver, usb_register, \
      |  ^~~~~~~~~~~~~
drivers/media/usb/gspca/sonixj.c:2987:1: note: in expansion of macro ‘module_usb_driver’
 2987 | module_usb_driver(sd_driver);
      | ^~~~~~~~~~~~~~~~~
In file included from ./include/linux/input.h:22,
                 from drivers/media/usb/gspca/sonixj.c:26:
drivers/media/usb/gspca/sonixj.c:2987:19: note: ‘cleanup_module’ target declared here
 2987 | module_usb_driver(sd_driver);
      |                   ^~~~~~~~~
./include/linux/device.h:1356:20: note: in definition of macro ‘module_driver’
 1356 | static void __exit __driver##_exit(void) \
      |                    ^~~~~~~~
drivers/media/usb/gspca/sonixj.c:2987:1: note: in expansion of macro ‘module_usb_driver’
 2987 | module_usb_driver(sd_driver);
      | ^~~~~~~~~~~~~~~~~
In file included from drivers/media/usb/gspca/gspca.h:4,
                 from drivers/media/usb/gspca/sonixj.c:27:
./include/linux/module.h:132:6: warning: ‘init_module’ specifies less restrictive attribute than its target ‘sd_driver_init’: ‘cold’ [-Wmissing-attributes]
  132 |  int init_module(void) __attribute__((alias(#initfn)));
      |      ^~~~~~~~~~~
./include/linux/device.h:1355:1: note: in expansion of macro ‘module_init’
 1355 | module_init(__driver##_init); \
      | ^~~~~~~~~~~
./include/linux/usb.h:1195:2: note: in expansion of macro ‘module_driver’
 1195 |  module_driver(__usb_driver, usb_register, \
      |  ^~~~~~~~~~~~~
drivers/media/usb/gspca/sonixj.c:2987:1: note: in expansion of macro ‘module_usb_driver’
 2987 | module_usb_driver(sd_driver);
      | ^~~~~~~~~~~~~~~~~
In file included from ./include/linux/input.h:22,
                 from drivers/media/usb/gspca/sonixj.c:26:
drivers/media/usb/gspca/sonixj.c:2987:19: note: ‘init_module’ target declared here
 2987 | module_usb_driver(sd_driver);
      |                   ^~~~~~~~~
./include/linux/device.h:1351:19: note: in definition of macro ‘module_driver’
 1351 | static int __init __driver##_init(void) \
      |                   ^~~~~~~~
drivers/media/usb/gspca/sonixj.c:2987:1: note: in expansion of macro ‘module_usb_driver’
 2987 | module_usb_driver(sd_driver);
      | ^~~~~~~~~~~~~~~~~
  LD [M]  drivers/media/usb/gspca/gspca_sonixj.o
  CC [M]  drivers/media/usb/gspca/spca500.o
In file included from drivers/media/usb/gspca/gspca.h:4,
                 from drivers/media/usb/gspca/spca500.c:26:
./include/linux/module.h:138:7: warning: ‘cleanup_module’ specifies less restrictive attribute than its target ‘sd_driver_exit’: ‘cold’ [-Wmissing-attributes]
  138 |  void cleanup_module(void) __attribute__((alias(#exitfn)));
      |       ^~~~~~~~~~~~~~
./include/linux/device.h:1360:1: note: in expansion of macro ‘module_exit’
 1360 | module_exit(__driver##_exit);
      | ^~~~~~~~~~~
./include/linux/usb.h:1195:2: note: in expansion of macro ‘module_driver’
 1195 |  module_driver(__usb_driver, usb_register, \
      |  ^~~~~~~~~~~~~
drivers/media/usb/gspca/spca500.c:991:1: note: in expansion of macro ‘module_usb_driver’
  991 | module_usb_driver(sd_driver);
      | ^~~~~~~~~~~~~~~~~
In file included from ./include/linux/usb/ch9.h:35,
                 from ./include/linux/usb.h:5,
                 from drivers/media/usb/gspca/gspca.h:6,
                 from drivers/media/usb/gspca/spca500.c:26:
drivers/media/usb/gspca/spca500.c:991:19: note: ‘cleanup_module’ target declared here
  991 | module_usb_driver(sd_driver);
      |                   ^~~~~~~~~
./include/linux/device.h:1356:20: note: in definition of macro ‘module_driver’
 1356 | static void __exit __driver##_exit(void) \
      |                    ^~~~~~~~
drivers/media/usb/gspca/spca500.c:991:1: note: in expansion of macro ‘module_usb_driver’
  991 | module_usb_driver(sd_driver);
      | ^~~~~~~~~~~~~~~~~
In file included from drivers/media/usb/gspca/gspca.h:4,
                 from drivers/media/usb/gspca/spca500.c:26:
./include/linux/module.h:132:6: warning: ‘init_module’ specifies less restrictive attribute than its target ‘sd_driver_init’: ‘cold’ [-Wmissing-attributes]
  132 |  int init_module(void) __attribute__((alias(#initfn)));
      |      ^~~~~~~~~~~
./include/linux/device.h:1355:1: note: in expansion of macro ‘module_init’
 1355 | module_init(__driver##_init); \
      | ^~~~~~~~~~~
./include/linux/usb.h:1195:2: note: in expansion of macro ‘module_driver’
 1195 |  module_driver(__usb_driver, usb_register, \
      |  ^~~~~~~~~~~~~
drivers/media/usb/gspca/spca500.c:991:1: note: in expansion of macro ‘module_usb_driver’
  991 | module_usb_driver(sd_driver);
      | ^~~~~~~~~~~~~~~~~
In file included from ./include/linux/usb/ch9.h:35,
                 from ./include/linux/usb.h:5,
                 from drivers/media/usb/gspca/gspca.h:6,
                 from drivers/media/usb/gspca/spca500.c:26:
drivers/media/usb/gspca/spca500.c:991:19: note: ‘init_module’ target declared here
  991 | module_usb_driver(sd_driver);
      |                   ^~~~~~~~~
./include/linux/device.h:1351:19: note: in definition of macro ‘module_driver’
 1351 | static int __init __driver##_init(void) \
      |                   ^~~~~~~~
drivers/media/usb/gspca/spca500.c:991:1: note: in expansion of macro ‘module_usb_driver’
  991 | module_usb_driver(sd_driver);
      | ^~~~~~~~~~~~~~~~~
  LD [M]  drivers/media/usb/gspca/gspca_spca500.o
  CC [M]  drivers/media/usb/gspca/spca501.o
In file included from drivers/media/usb/gspca/gspca.h:4,
                 from drivers/media/usb/gspca/spca501.c:26:
./include/linux/module.h:138:7: warning: ‘cleanup_module’ specifies less restrictive attribute than its target ‘sd_driver_exit’: ‘cold’ [-Wmissing-attributes]
  138 |  void cleanup_module(void) __attribute__((alias(#exitfn)));
      |       ^~~~~~~~~~~~~~
./include/linux/device.h:1360:1: note: in expansion of macro ‘module_exit’
 1360 | module_exit(__driver##_exit);
      | ^~~~~~~~~~~
./include/linux/usb.h:1195:2: note: in expansion of macro ‘module_driver’
 1195 |  module_driver(__usb_driver, usb_register, \
      |  ^~~~~~~~~~~~~
drivers/media/usb/gspca/spca501.c:2050:1: note: in expansion of macro ‘module_usb_driver’
 2050 | module_usb_driver(sd_driver);
      | ^~~~~~~~~~~~~~~~~
In file included from ./include/linux/usb/ch9.h:35,
                 from ./include/linux/usb.h:5,
                 from drivers/media/usb/gspca/gspca.h:6,
                 from drivers/media/usb/gspca/spca501.c:26:
drivers/media/usb/gspca/spca501.c:2050:19: note: ‘cleanup_module’ target declared here
 2050 | module_usb_driver(sd_driver);
      |                   ^~~~~~~~~
./include/linux/device.h:1356:20: note: in definition of macro ‘module_driver’
 1356 | static void __exit __driver##_exit(void) \
      |                    ^~~~~~~~
drivers/media/usb/gspca/spca501.c:2050:1: note: in expansion of macro ‘module_usb_driver’
 2050 | module_usb_driver(sd_driver);
      | ^~~~~~~~~~~~~~~~~
In file included from drivers/media/usb/gspca/gspca.h:4,
                 from drivers/media/usb/gspca/spca501.c:26:
./include/linux/module.h:132:6: warning: ‘init_module’ specifies less restrictive attribute than its target ‘sd_driver_init’: ‘cold’ [-Wmissing-attributes]
  132 |  int init_module(void) __attribute__((alias(#initfn)));
      |      ^~~~~~~~~~~
./include/linux/device.h:1355:1: note: in expansion of macro ‘module_init’
 1355 | module_init(__driver##_init); \
      | ^~~~~~~~~~~
./include/linux/usb.h:1195:2: note: in expansion of macro ‘module_driver’
 1195 |  module_driver(__usb_driver, usb_register, \
      |  ^~~~~~~~~~~~~
drivers/media/usb/gspca/spca501.c:2050:1: note: in expansion of macro ‘module_usb_driver’
 2050 | module_usb_driver(sd_driver);
      | ^~~~~~~~~~~~~~~~~
In file included from ./include/linux/usb/ch9.h:35,
                 from ./include/linux/usb.h:5,
                 from drivers/media/usb/gspca/gspca.h:6,
                 from drivers/media/usb/gspca/spca501.c:26:
drivers/media/usb/gspca/spca501.c:2050:19: note: ‘init_module’ target declared here
 2050 | module_usb_driver(sd_driver);
      |                   ^~~~~~~~~
./include/linux/device.h:1351:19: note: in definition of macro ‘module_driver’
 1351 | static int __init __driver##_init(void) \
      |                   ^~~~~~~~
drivers/media/usb/gspca/spca501.c:2050:1: note: in expansion of macro ‘module_usb_driver’
 2050 | module_usb_driver(sd_driver);
      | ^~~~~~~~~~~~~~~~~
  LD [M]  drivers/media/usb/gspca/gspca_spca501.o
  CC [M]  drivers/media/usb/gspca/spca505.o
In file included from drivers/media/usb/gspca/gspca.h:4,
                 from drivers/media/usb/gspca/spca505.c:26:
./include/linux/module.h:138:7: warning: ‘cleanup_module’ specifies less restrictive attribute than its target ‘sd_driver_exit’: ‘cold’ [-Wmissing-attributes]
  138 |  void cleanup_module(void) __attribute__((alias(#exitfn)));
      |       ^~~~~~~~~~~~~~
./include/linux/device.h:1360:1: note: in expansion of macro ‘module_exit’
 1360 | module_exit(__driver##_exit);
      | ^~~~~~~~~~~
./include/linux/usb.h:1195:2: note: in expansion of macro ‘module_driver’
 1195 |  module_driver(__usb_driver, usb_register, \
      |  ^~~~~~~~~~~~~
drivers/media/usb/gspca/spca505.c:805:1: note: in expansion of macro ‘module_usb_driver’
  805 | module_usb_driver(sd_driver);
      | ^~~~~~~~~~~~~~~~~
In file included from ./include/linux/usb/ch9.h:35,
                 from ./include/linux/usb.h:5,
                 from drivers/media/usb/gspca/gspca.h:6,
                 from drivers/media/usb/gspca/spca505.c:26:
drivers/media/usb/gspca/spca505.c:805:19: note: ‘cleanup_module’ target declared here
  805 | module_usb_driver(sd_driver);
      |                   ^~~~~~~~~
./include/linux/device.h:1356:20: note: in definition of macro ‘module_driver’
 1356 | static void __exit __driver##_exit(void) \
      |                    ^~~~~~~~
drivers/media/usb/gspca/spca505.c:805:1: note: in expansion of macro ‘module_usb_driver’
  805 | module_usb_driver(sd_driver);
      | ^~~~~~~~~~~~~~~~~
In file included from drivers/media/usb/gspca/gspca.h:4,
                 from drivers/media/usb/gspca/spca505.c:26:
./include/linux/module.h:132:6: warning: ‘init_module’ specifies less restrictive attribute than its target ‘sd_driver_init’: ‘cold’ [-Wmissing-attributes]
  132 |  int init_module(void) __attribute__((alias(#initfn)));
      |      ^~~~~~~~~~~
./include/linux/device.h:1355:1: note: in expansion of macro ‘module_init’
 1355 | module_init(__driver##_init); \
      | ^~~~~~~~~~~
./include/linux/usb.h:1195:2: note: in expansion of macro ‘module_driver’
 1195 |  module_driver(__usb_driver, usb_register, \
      |  ^~~~~~~~~~~~~
drivers/media/usb/gspca/spca505.c:805:1: note: in expansion of macro ‘module_usb_driver’
  805 | module_usb_driver(sd_driver);
      | ^~~~~~~~~~~~~~~~~
In file included from ./include/linux/usb/ch9.h:35,
                 from ./include/linux/usb.h:5,
                 from drivers/media/usb/gspca/gspca.h:6,
                 from drivers/media/usb/gspca/spca505.c:26:
drivers/media/usb/gspca/spca505.c:805:19: note: ‘init_module’ target declared here
  805 | module_usb_driver(sd_driver);
      |                   ^~~~~~~~~
./include/linux/device.h:1351:19: note: in definition of macro ‘module_driver’
 1351 | static int __init __driver##_init(void) \
      |                   ^~~~~~~~
drivers/media/usb/gspca/spca505.c:805:1: note: in expansion of macro ‘module_usb_driver’
  805 | module_usb_driver(sd_driver);
      | ^~~~~~~~~~~~~~~~~
  LD [M]  drivers/media/usb/gspca/gspca_spca505.o
  CC [M]  drivers/media/usb/gspca/spca506.o
In file included from drivers/media/usb/gspca/gspca.h:4,
                 from drivers/media/usb/gspca/spca506.c:26:
./include/linux/module.h:138:7: warning: ‘cleanup_module’ specifies less restrictive attribute than its target ‘sd_driver_exit’: ‘cold’ [-Wmissing-attributes]
  138 |  void cleanup_module(void) __attribute__((alias(#exitfn)));
      |       ^~~~~~~~~~~~~~
./include/linux/device.h:1360:1: note: in expansion of macro ‘module_exit’
 1360 | module_exit(__driver##_exit);
      | ^~~~~~~~~~~
./include/linux/usb.h:1195:2: note: in expansion of macro ‘module_driver’
 1195 |  module_driver(__usb_driver, usb_register, \
      |  ^~~~~~~~~~~~~
drivers/media/usb/gspca/spca506.c:611:1: note: in expansion of macro ‘module_usb_driver’
  611 | module_usb_driver(sd_driver);
      | ^~~~~~~~~~~~~~~~~
In file included from ./include/linux/usb/ch9.h:35,
                 from ./include/linux/usb.h:5,
                 from drivers/media/usb/gspca/gspca.h:6,
                 from drivers/media/usb/gspca/spca506.c:26:
drivers/media/usb/gspca/spca506.c:611:19: note: ‘cleanup_module’ target declared here
  611 | module_usb_driver(sd_driver);
      |                   ^~~~~~~~~
./include/linux/device.h:1356:20: note: in definition of macro ‘module_driver’
 1356 | static void __exit __driver##_exit(void) \
      |                    ^~~~~~~~
drivers/media/usb/gspca/spca506.c:611:1: note: in expansion of macro ‘module_usb_driver’
  611 | module_usb_driver(sd_driver);
      | ^~~~~~~~~~~~~~~~~
In file included from drivers/media/usb/gspca/gspca.h:4,
                 from drivers/media/usb/gspca/spca506.c:26:
./include/linux/module.h:132:6: warning: ‘init_module’ specifies less restrictive attribute than its target ‘sd_driver_init’: ‘cold’ [-Wmissing-attributes]
  132 |  int init_module(void) __attribute__((alias(#initfn)));
      |      ^~~~~~~~~~~
./include/linux/device.h:1355:1: note: in expansion of macro ‘module_init’
 1355 | module_init(__driver##_init); \
      | ^~~~~~~~~~~
./include/linux/usb.h:1195:2: note: in expansion of macro ‘module_driver’
 1195 |  module_driver(__usb_driver, usb_register, \
      |  ^~~~~~~~~~~~~
drivers/media/usb/gspca/spca506.c:611:1: note: in expansion of macro ‘module_usb_driver’
  611 | module_usb_driver(sd_driver);
      | ^~~~~~~~~~~~~~~~~
In file included from ./include/linux/usb/ch9.h:35,
                 from ./include/linux/usb.h:5,
                 from drivers/media/usb/gspca/gspca.h:6,
                 from drivers/media/usb/gspca/spca506.c:26:
drivers/media/usb/gspca/spca506.c:611:19: note: ‘init_module’ target declared here
  611 | module_usb_driver(sd_driver);
      |                   ^~~~~~~~~
./include/linux/device.h:1351:19: note: in definition of macro ‘module_driver’
 1351 | static int __init __driver##_init(void) \
      |                   ^~~~~~~~
drivers/media/usb/gspca/spca506.c:611:1: note: in expansion of macro ‘module_usb_driver’
  611 | module_usb_driver(sd_driver);
      | ^~~~~~~~~~~~~~~~~
  LD [M]  drivers/media/usb/gspca/gspca_spca506.o
  CC [M]  drivers/media/usb/gspca/spca508.o
In file included from drivers/media/usb/gspca/gspca.h:4,
                 from drivers/media/usb/gspca/spca508.c:25:
./include/linux/module.h:138:7: warning: ‘cleanup_module’ specifies less restrictive attribute than its target ‘sd_driver_exit’: ‘cold’ [-Wmissing-attributes]
  138 |  void cleanup_module(void) __attribute__((alias(#exitfn)));
      |       ^~~~~~~~~~~~~~
./include/linux/device.h:1360:1: note: in expansion of macro ‘module_exit’
 1360 | module_exit(__driver##_exit);
      | ^~~~~~~~~~~
./include/linux/usb.h:1195:2: note: in expansion of macro ‘module_driver’
 1195 |  module_driver(__usb_driver, usb_register, \
      |  ^~~~~~~~~~~~~
drivers/media/usb/gspca/spca508.c:1535:1: note: in expansion of macro ‘module_usb_driver’
 1535 | module_usb_driver(sd_driver);
      | ^~~~~~~~~~~~~~~~~
In file included from ./include/linux/usb/ch9.h:35,
                 from ./include/linux/usb.h:5,
                 from drivers/media/usb/gspca/gspca.h:6,
                 from drivers/media/usb/gspca/spca508.c:25:
drivers/media/usb/gspca/spca508.c:1535:19: note: ‘cleanup_module’ target declared here
 1535 | module_usb_driver(sd_driver);
      |                   ^~~~~~~~~
./include/linux/device.h:1356:20: note: in definition of macro ‘module_driver’
 1356 | static void __exit __driver##_exit(void) \
      |                    ^~~~~~~~
drivers/media/usb/gspca/spca508.c:1535:1: note: in expansion of macro ‘module_usb_driver’
 1535 | module_usb_driver(sd_driver);
      | ^~~~~~~~~~~~~~~~~
In file included from drivers/media/usb/gspca/gspca.h:4,
                 from drivers/media/usb/gspca/spca508.c:25:
./include/linux/module.h:132:6: warning: ‘init_module’ specifies less restrictive attribute than its target ‘sd_driver_init’: ‘cold’ [-Wmissing-attributes]
  132 |  int init_module(void) __attribute__((alias(#initfn)));
      |      ^~~~~~~~~~~
./include/linux/device.h:1355:1: note: in expansion of macro ‘module_init’
 1355 | module_init(__driver##_init); \
      | ^~~~~~~~~~~
./include/linux/usb.h:1195:2: note: in expansion of macro ‘module_driver’
 1195 |  module_driver(__usb_driver, usb_register, \
      |  ^~~~~~~~~~~~~
drivers/media/usb/gspca/spca508.c:1535:1: note: in expansion of macro ‘module_usb_driver’
 1535 | module_usb_driver(sd_driver);
      | ^~~~~~~~~~~~~~~~~
In file included from ./include/linux/usb/ch9.h:35,
                 from ./include/linux/usb.h:5,
                 from drivers/media/usb/gspca/gspca.h:6,
                 from drivers/media/usb/gspca/spca508.c:25:
drivers/media/usb/gspca/spca508.c:1535:19: note: ‘init_module’ target declared here
 1535 | module_usb_driver(sd_driver);
      |                   ^~~~~~~~~
./include/linux/device.h:1351:19: note: in definition of macro ‘module_driver’
 1351 | static int __init __driver##_init(void) \
      |                   ^~~~~~~~
drivers/media/usb/gspca/spca508.c:1535:1: note: in expansion of macro ‘module_usb_driver’
 1535 | module_usb_driver(sd_driver);
      | ^~~~~~~~~~~~~~~~~
  LD [M]  drivers/media/usb/gspca/gspca_spca508.o
  CC [M]  drivers/media/usb/gspca/spca561.o
In file included from drivers/media/usb/gspca/gspca.h:4,
                 from drivers/media/usb/gspca/spca561.c:28:
./include/linux/module.h:138:7: warning: ‘cleanup_module’ specifies less restrictive attribute than its target ‘sd_driver_exit’: ‘cold’ [-Wmissing-attributes]
  138 |  void cleanup_module(void) __attribute__((alias(#exitfn)));
      |       ^~~~~~~~~~~~~~
./include/linux/device.h:1360:1: note: in expansion of macro ‘module_exit’
 1360 | module_exit(__driver##_exit);
      | ^~~~~~~~~~~
./include/linux/usb.h:1195:2: note: in expansion of macro ‘module_driver’
 1195 |  module_driver(__usb_driver, usb_register, \
      |  ^~~~~~~~~~~~~
drivers/media/usb/gspca/spca561.c:932:1: note: in expansion of macro ‘module_usb_driver’
  932 | module_usb_driver(sd_driver);
      | ^~~~~~~~~~~~~~~~~
In file included from ./include/linux/input.h:22,
                 from drivers/media/usb/gspca/spca561.c:27:
drivers/media/usb/gspca/spca561.c:932:19: note: ‘cleanup_module’ target declared here
  932 | module_usb_driver(sd_driver);
      |                   ^~~~~~~~~
./include/linux/device.h:1356:20: note: in definition of macro ‘module_driver’
 1356 | static void __exit __driver##_exit(void) \
      |                    ^~~~~~~~
drivers/media/usb/gspca/spca561.c:932:1: note: in expansion of macro ‘module_usb_driver’
  932 | module_usb_driver(sd_driver);
      | ^~~~~~~~~~~~~~~~~
In file included from drivers/media/usb/gspca/gspca.h:4,
                 from drivers/media/usb/gspca/spca561.c:28:
./include/linux/module.h:132:6: warning: ‘init_module’ specifies less restrictive attribute than its target ‘sd_driver_init’: ‘cold’ [-Wmissing-attributes]
  132 |  int init_module(void) __attribute__((alias(#initfn)));
      |      ^~~~~~~~~~~
./include/linux/device.h:1355:1: note: in expansion of macro ‘module_init’
 1355 | module_init(__driver##_init); \
      | ^~~~~~~~~~~
./include/linux/usb.h:1195:2: note: in expansion of macro ‘module_driver’
 1195 |  module_driver(__usb_driver, usb_register, \
      |  ^~~~~~~~~~~~~
drivers/media/usb/gspca/spca561.c:932:1: note: in expansion of macro ‘module_usb_driver’
  932 | module_usb_driver(sd_driver);
      | ^~~~~~~~~~~~~~~~~
In file included from ./include/linux/input.h:22,
                 from drivers/media/usb/gspca/spca561.c:27:
drivers/media/usb/gspca/spca561.c:932:19: note: ‘init_module’ target declared here
  932 | module_usb_driver(sd_driver);
      |                   ^~~~~~~~~
./include/linux/device.h:1351:19: note: in definition of macro ‘module_driver’
 1351 | static int __init __driver##_init(void) \
      |                   ^~~~~~~~
drivers/media/usb/gspca/spca561.c:932:1: note: in expansion of macro ‘module_usb_driver’
  932 | module_usb_driver(sd_driver);
      | ^~~~~~~~~~~~~~~~~
  LD [M]  drivers/media/usb/gspca/gspca_spca561.o
  CC [M]  drivers/media/usb/gspca/spca1528.o
In file included from drivers/media/usb/gspca/gspca.h:4,
                 from drivers/media/usb/gspca/spca1528.c:25:
./include/linux/module.h:138:7: warning: ‘cleanup_module’ specifies less restrictive attribute than its target ‘sd_driver_exit’: ‘cold’ [-Wmissing-attributes]
  138 |  void cleanup_module(void) __attribute__((alias(#exitfn)));
      |       ^~~~~~~~~~~~~~
./include/linux/device.h:1360:1: note: in expansion of macro ‘module_exit’
 1360 | module_exit(__driver##_exit);
      | ^~~~~~~~~~~
./include/linux/usb.h:1195:2: note: in expansion of macro ‘module_driver’
 1195 |  module_driver(__usb_driver, usb_register, \
      |  ^~~~~~~~~~~~~
drivers/media/usb/gspca/spca1528.c:445:1: note: in expansion of macro ‘module_usb_driver’
  445 | module_usb_driver(sd_driver);
      | ^~~~~~~~~~~~~~~~~
In file included from ./include/linux/usb/ch9.h:35,
                 from ./include/linux/usb.h:5,
                 from drivers/media/usb/gspca/gspca.h:6,
                 from drivers/media/usb/gspca/spca1528.c:25:
drivers/media/usb/gspca/spca1528.c:445:19: note: ‘cleanup_module’ target declared here
  445 | module_usb_driver(sd_driver);
      |                   ^~~~~~~~~
./include/linux/device.h:1356:20: note: in definition of macro ‘module_driver’
 1356 | static void __exit __driver##_exit(void) \
      |                    ^~~~~~~~
drivers/media/usb/gspca/spca1528.c:445:1: note: in expansion of macro ‘module_usb_driver’
  445 | module_usb_driver(sd_driver);
      | ^~~~~~~~~~~~~~~~~
In file included from drivers/media/usb/gspca/gspca.h:4,
                 from drivers/media/usb/gspca/spca1528.c:25:
./include/linux/module.h:132:6: warning: ‘init_module’ specifies less restrictive attribute than its target ‘sd_driver_init’: ‘cold’ [-Wmissing-attributes]
  132 |  int init_module(void) __attribute__((alias(#initfn)));
      |      ^~~~~~~~~~~
./include/linux/device.h:1355:1: note: in expansion of macro ‘module_init’
 1355 | module_init(__driver##_init); \
      | ^~~~~~~~~~~
./include/linux/usb.h:1195:2: note: in expansion of macro ‘module_driver’
 1195 |  module_driver(__usb_driver, usb_register, \
      |  ^~~~~~~~~~~~~
drivers/media/usb/gspca/spca1528.c:445:1: note: in expansion of macro ‘module_usb_driver’
  445 | module_usb_driver(sd_driver);
      | ^~~~~~~~~~~~~~~~~
In file included from ./include/linux/usb/ch9.h:35,
                 from ./include/linux/usb.h:5,
                 from drivers/media/usb/gspca/gspca.h:6,
                 from drivers/media/usb/gspca/spca1528.c:25:
drivers/media/usb/gspca/spca1528.c:445:19: note: ‘init_module’ target declared here
  445 | module_usb_driver(sd_driver);
      |                   ^~~~~~~~~
./include/linux/device.h:1351:19: note: in definition of macro ‘module_driver’
 1351 | static int __init __driver##_init(void) \
      |                   ^~~~~~~~
drivers/media/usb/gspca/spca1528.c:445:1: note: in expansion of macro ‘module_usb_driver’
  445 | module_usb_driver(sd_driver);
      | ^~~~~~~~~~~~~~~~~
  LD [M]  drivers/media/usb/gspca/gspca_spca1528.o
  CC [M]  drivers/media/usb/gspca/sq905.o
In file included from drivers/media/usb/gspca/gspca.h:4,
                 from drivers/media/usb/gspca/sq905.c:42:
./include/linux/module.h:138:7: warning: ‘cleanup_module’ specifies less restrictive attribute than its target ‘sd_driver_exit’: ‘cold’ [-Wmissing-attributes]
  138 |  void cleanup_module(void) __attribute__((alias(#exitfn)));
      |       ^~~~~~~~~~~~~~
./include/linux/device.h:1360:1: note: in expansion of macro ‘module_exit’
 1360 | module_exit(__driver##_exit);
      | ^~~~~~~~~~~
./include/linux/usb.h:1195:2: note: in expansion of macro ‘module_driver’
 1195 |  module_driver(__usb_driver, usb_register, \
      |  ^~~~~~~~~~~~~
drivers/media/usb/gspca/sq905.c:439:1: note: in expansion of macro ‘module_usb_driver’
  439 | module_usb_driver(sd_driver);
      | ^~~~~~~~~~~~~~~~~
In file included from ./include/linux/usb/ch9.h:35,
                 from ./include/linux/usb.h:5,
                 from drivers/media/usb/gspca/gspca.h:6,
                 from drivers/media/usb/gspca/sq905.c:42:
drivers/media/usb/gspca/sq905.c:439:19: note: ‘cleanup_module’ target declared here
  439 | module_usb_driver(sd_driver);
      |                   ^~~~~~~~~
./include/linux/device.h:1356:20: note: in definition of macro ‘module_driver’
 1356 | static void __exit __driver##_exit(void) \
      |                    ^~~~~~~~
drivers/media/usb/gspca/sq905.c:439:1: note: in expansion of macro ‘module_usb_driver’
  439 | module_usb_driver(sd_driver);
      | ^~~~~~~~~~~~~~~~~
In file included from drivers/media/usb/gspca/gspca.h:4,
                 from drivers/media/usb/gspca/sq905.c:42:
./include/linux/module.h:132:6: warning: ‘init_module’ specifies less restrictive attribute than its target ‘sd_driver_init’: ‘cold’ [-Wmissing-attributes]
  132 |  int init_module(void) __attribute__((alias(#initfn)));
      |      ^~~~~~~~~~~
./include/linux/device.h:1355:1: note: in expansion of macro ‘module_init’
 1355 | module_init(__driver##_init); \
      | ^~~~~~~~~~~
./include/linux/usb.h:1195:2: note: in expansion of macro ‘module_driver’
 1195 |  module_driver(__usb_driver, usb_register, \
      |  ^~~~~~~~~~~~~
drivers/media/usb/gspca/sq905.c:439:1: note: in expansion of macro ‘module_usb_driver’
  439 | module_usb_driver(sd_driver);
      | ^~~~~~~~~~~~~~~~~
In file included from ./include/linux/usb/ch9.h:35,
                 from ./include/linux/usb.h:5,
                 from drivers/media/usb/gspca/gspca.h:6,
                 from drivers/media/usb/gspca/sq905.c:42:
drivers/media/usb/gspca/sq905.c:439:19: note: ‘init_module’ target declared here
  439 | module_usb_driver(sd_driver);
      |                   ^~~~~~~~~
./include/linux/device.h:1351:19: note: in definition of macro ‘module_driver’
 1351 | static int __init __driver##_init(void) \
      |                   ^~~~~~~~
drivers/media/usb/gspca/sq905.c:439:1: note: in expansion of macro ‘module_usb_driver’
  439 | module_usb_driver(sd_driver);
      | ^~~~~~~~~~~~~~~~~
  LD [M]  drivers/media/usb/gspca/gspca_sq905.o
  CC [M]  drivers/media/usb/gspca/sq905c.o
In file included from drivers/media/usb/gspca/gspca.h:4,
                 from drivers/media/usb/gspca/sq905c.c:36:
./include/linux/module.h:138:7: warning: ‘cleanup_module’ specifies less restrictive attribute than its target ‘sd_driver_exit’: ‘cold’ [-Wmissing-attributes]
  138 |  void cleanup_module(void) __attribute__((alias(#exitfn)));
      |       ^~~~~~~~~~~~~~
./include/linux/device.h:1360:1: note: in expansion of macro ‘module_exit’
 1360 | module_exit(__driver##_exit);
      | ^~~~~~~~~~~
./include/linux/usb.h:1195:2: note: in expansion of macro ‘module_driver’
 1195 |  module_driver(__usb_driver, usb_register, \
      |  ^~~~~~~~~~~~~
drivers/media/usb/gspca/sq905c.c:342:1: note: in expansion of macro ‘module_usb_driver’
  342 | module_usb_driver(sd_driver);
      | ^~~~~~~~~~~~~~~~~
In file included from ./include/linux/usb/ch9.h:35,
                 from ./include/linux/usb.h:5,
                 from drivers/media/usb/gspca/gspca.h:6,
                 from drivers/media/usb/gspca/sq905c.c:36:
drivers/media/usb/gspca/sq905c.c:342:19: note: ‘cleanup_module’ target declared here
  342 | module_usb_driver(sd_driver);
      |                   ^~~~~~~~~
./include/linux/device.h:1356:20: note: in definition of macro ‘module_driver’
 1356 | static void __exit __driver##_exit(void) \
      |                    ^~~~~~~~
drivers/media/usb/gspca/sq905c.c:342:1: note: in expansion of macro ‘module_usb_driver’
  342 | module_usb_driver(sd_driver);
      | ^~~~~~~~~~~~~~~~~
In file included from drivers/media/usb/gspca/gspca.h:4,
                 from drivers/media/usb/gspca/sq905c.c:36:
./include/linux/module.h:132:6: warning: ‘init_module’ specifies less restrictive attribute than its target ‘sd_driver_init’: ‘cold’ [-Wmissing-attributes]
  132 |  int init_module(void) __attribute__((alias(#initfn)));
      |      ^~~~~~~~~~~
./include/linux/device.h:1355:1: note: in expansion of macro ‘module_init’
 1355 | module_init(__driver##_init); \
      | ^~~~~~~~~~~
./include/linux/usb.h:1195:2: note: in expansion of macro ‘module_driver’
 1195 |  module_driver(__usb_driver, usb_register, \
      |  ^~~~~~~~~~~~~
drivers/media/usb/gspca/sq905c.c:342:1: note: in expansion of macro ‘module_usb_driver’
  342 | module_usb_driver(sd_driver);
      | ^~~~~~~~~~~~~~~~~
In file included from ./include/linux/usb/ch9.h:35,
                 from ./include/linux/usb.h:5,
                 from drivers/media/usb/gspca/gspca.h:6,
                 from drivers/media/usb/gspca/sq905c.c:36:
drivers/media/usb/gspca/sq905c.c:342:19: note: ‘init_module’ target declared here
  342 | module_usb_driver(sd_driver);
      |                   ^~~~~~~~~
./include/linux/device.h:1351:19: note: in definition of macro ‘module_driver’
 1351 | static int __init __driver##_init(void) \
      |                   ^~~~~~~~
drivers/media/usb/gspca/sq905c.c:342:1: note: in expansion of macro ‘module_usb_driver’
  342 | module_usb_driver(sd_driver);
      | ^~~~~~~~~~~~~~~~~
  LD [M]  drivers/media/usb/gspca/gspca_sq905c.o
  CC [M]  drivers/media/usb/gspca/sq930x.o
In file included from drivers/media/usb/gspca/gspca.h:4,
                 from drivers/media/usb/gspca/sq930x.c:27:
./include/linux/module.h:138:7: warning: ‘cleanup_module’ specifies less restrictive attribute than its target ‘sd_driver_exit’: ‘cold’ [-Wmissing-attributes]
  138 |  void cleanup_module(void) __attribute__((alias(#exitfn)));
      |       ^~~~~~~~~~~~~~
./include/linux/device.h:1360:1: note: in expansion of macro ‘module_exit’
 1360 | module_exit(__driver##_exit);
      | ^~~~~~~~~~~
./include/linux/usb.h:1195:2: note: in expansion of macro ‘module_driver’
 1195 |  module_driver(__usb_driver, usb_register, \
      |  ^~~~~~~~~~~~~
drivers/media/usb/gspca/sq930x.c:1163:1: note: in expansion of macro ‘module_usb_driver’
 1163 | module_usb_driver(sd_driver);
      | ^~~~~~~~~~~~~~~~~
In file included from ./include/linux/usb/ch9.h:35,
                 from ./include/linux/usb.h:5,
                 from drivers/media/usb/gspca/gspca.h:6,
                 from drivers/media/usb/gspca/sq930x.c:27:
drivers/media/usb/gspca/sq930x.c:1163:19: note: ‘cleanup_module’ target declared here
 1163 | module_usb_driver(sd_driver);
      |                   ^~~~~~~~~
./include/linux/device.h:1356:20: note: in definition of macro ‘module_driver’
 1356 | static void __exit __driver##_exit(void) \
      |                    ^~~~~~~~
drivers/media/usb/gspca/sq930x.c:1163:1: note: in expansion of macro ‘module_usb_driver’
 1163 | module_usb_driver(sd_driver);
      | ^~~~~~~~~~~~~~~~~
In file included from drivers/media/usb/gspca/gspca.h:4,
                 from drivers/media/usb/gspca/sq930x.c:27:
./include/linux/module.h:132:6: warning: ‘init_module’ specifies less restrictive attribute than its target ‘sd_driver_init’: ‘cold’ [-Wmissing-attributes]
  132 |  int init_module(void) __attribute__((alias(#initfn)));
      |      ^~~~~~~~~~~
./include/linux/device.h:1355:1: note: in expansion of macro ‘module_init’
 1355 | module_init(__driver##_init); \
      | ^~~~~~~~~~~
./include/linux/usb.h:1195:2: note: in expansion of macro ‘module_driver’
 1195 |  module_driver(__usb_driver, usb_register, \
      |  ^~~~~~~~~~~~~
drivers/media/usb/gspca/sq930x.c:1163:1: note: in expansion of macro ‘module_usb_driver’
 1163 | module_usb_driver(sd_driver);
      | ^~~~~~~~~~~~~~~~~
In file included from ./include/linux/usb/ch9.h:35,
                 from ./include/linux/usb.h:5,
                 from drivers/media/usb/gspca/gspca.h:6,
                 from drivers/media/usb/gspca/sq930x.c:27:
drivers/media/usb/gspca/sq930x.c:1163:19: note: ‘init_module’ target declared here
 1163 | module_usb_driver(sd_driver);
      |                   ^~~~~~~~~
./include/linux/device.h:1351:19: note: in definition of macro ‘module_driver’
 1351 | static int __init __driver##_init(void) \
      |                   ^~~~~~~~
drivers/media/usb/gspca/sq930x.c:1163:1: note: in expansion of macro ‘module_usb_driver’
 1163 | module_usb_driver(sd_driver);
      | ^~~~~~~~~~~~~~~~~
  LD [M]  drivers/media/usb/gspca/gspca_sq930x.o
  CC [M]  drivers/media/usb/gspca/sunplus.o
In file included from drivers/media/usb/gspca/gspca.h:4,
                 from drivers/media/usb/gspca/sunplus.c:26:
./include/linux/module.h:138:7: warning: ‘cleanup_module’ specifies less restrictive attribute than its target ‘sd_driver_exit’: ‘cold’ [-Wmissing-attributes]
  138 |  void cleanup_module(void) __attribute__((alias(#exitfn)));
      |       ^~~~~~~~~~~~~~
./include/linux/device.h:1360:1: note: in expansion of macro ‘module_exit’
 1360 | module_exit(__driver##_exit);
      | ^~~~~~~~~~~
./include/linux/usb.h:1195:2: note: in expansion of macro ‘module_driver’
 1195 |  module_driver(__usb_driver, usb_register, \
      |  ^~~~~~~~~~~~~
drivers/media/usb/gspca/sunplus.c:1076:1: note: in expansion of macro ‘module_usb_driver’
 1076 | module_usb_driver(sd_driver);
      | ^~~~~~~~~~~~~~~~~
In file included from ./include/linux/usb/ch9.h:35,
                 from ./include/linux/usb.h:5,
                 from drivers/media/usb/gspca/gspca.h:6,
                 from drivers/media/usb/gspca/sunplus.c:26:
drivers/media/usb/gspca/sunplus.c:1076:19: note: ‘cleanup_module’ target declared here
 1076 | module_usb_driver(sd_driver);
      |                   ^~~~~~~~~
./include/linux/device.h:1356:20: note: in definition of macro ‘module_driver’
 1356 | static void __exit __driver##_exit(void) \
      |                    ^~~~~~~~
drivers/media/usb/gspca/sunplus.c:1076:1: note: in expansion of macro ‘module_usb_driver’
 1076 | module_usb_driver(sd_driver);
      | ^~~~~~~~~~~~~~~~~
In file included from drivers/media/usb/gspca/gspca.h:4,
                 from drivers/media/usb/gspca/sunplus.c:26:
./include/linux/module.h:132:6: warning: ‘init_module’ specifies less restrictive attribute than its target ‘sd_driver_init’: ‘cold’ [-Wmissing-attributes]
  132 |  int init_module(void) __attribute__((alias(#initfn)));
      |      ^~~~~~~~~~~
./include/linux/device.h:1355:1: note: in expansion of macro ‘module_init’
 1355 | module_init(__driver##_init); \
      | ^~~~~~~~~~~
./include/linux/usb.h:1195:2: note: in expansion of macro ‘module_driver’
 1195 |  module_driver(__usb_driver, usb_register, \
      |  ^~~~~~~~~~~~~
drivers/media/usb/gspca/sunplus.c:1076:1: note: in expansion of macro ‘module_usb_driver’
 1076 | module_usb_driver(sd_driver);
      | ^~~~~~~~~~~~~~~~~
In file included from ./include/linux/usb/ch9.h:35,
                 from ./include/linux/usb.h:5,
                 from drivers/media/usb/gspca/gspca.h:6,
                 from drivers/media/usb/gspca/sunplus.c:26:
drivers/media/usb/gspca/sunplus.c:1076:19: note: ‘init_module’ target declared here
 1076 | module_usb_driver(sd_driver);
      |                   ^~~~~~~~~
./include/linux/device.h:1351:19: note: in definition of macro ‘module_driver’
 1351 | static int __init __driver##_init(void) \
      |                   ^~~~~~~~
drivers/media/usb/gspca/sunplus.c:1076:1: note: in expansion of macro ‘module_usb_driver’
 1076 | module_usb_driver(sd_driver);
      | ^~~~~~~~~~~~~~~~~
  LD [M]  drivers/media/usb/gspca/gspca_sunplus.o
  CC [M]  drivers/media/usb/gspca/stk014.o
In file included from drivers/media/usb/gspca/gspca.h:4,
                 from drivers/media/usb/gspca/stk014.c:25:
./include/linux/module.h:138:7: warning: ‘cleanup_module’ specifies less restrictive attribute than its target ‘sd_driver_exit’: ‘cold’ [-Wmissing-attributes]
  138 |  void cleanup_module(void) __attribute__((alias(#exitfn)));
      |       ^~~~~~~~~~~~~~
./include/linux/device.h:1360:1: note: in expansion of macro ‘module_exit’
 1360 | module_exit(__driver##_exit);
      | ^~~~~~~~~~~
./include/linux/usb.h:1195:2: note: in expansion of macro ‘module_driver’
 1195 |  module_driver(__usb_driver, usb_register, \
      |  ^~~~~~~~~~~~~
drivers/media/usb/gspca/stk014.c:447:1: note: in expansion of macro ‘module_usb_driver’
  447 | module_usb_driver(sd_driver);
      | ^~~~~~~~~~~~~~~~~
In file included from ./include/linux/usb/ch9.h:35,
                 from ./include/linux/usb.h:5,
                 from drivers/media/usb/gspca/gspca.h:6,
                 from drivers/media/usb/gspca/stk014.c:25:
drivers/media/usb/gspca/stk014.c:447:19: note: ‘cleanup_module’ target declared here
  447 | module_usb_driver(sd_driver);
      |                   ^~~~~~~~~
./include/linux/device.h:1356:20: note: in definition of macro ‘module_driver’
 1356 | static void __exit __driver##_exit(void) \
      |                    ^~~~~~~~
drivers/media/usb/gspca/stk014.c:447:1: note: in expansion of macro ‘module_usb_driver’
  447 | module_usb_driver(sd_driver);
      | ^~~~~~~~~~~~~~~~~
In file included from drivers/media/usb/gspca/gspca.h:4,
                 from drivers/media/usb/gspca/stk014.c:25:
./include/linux/module.h:132:6: warning: ‘init_module’ specifies less restrictive attribute than its target ‘sd_driver_init’: ‘cold’ [-Wmissing-attributes]
  132 |  int init_module(void) __attribute__((alias(#initfn)));
      |      ^~~~~~~~~~~
./include/linux/device.h:1355:1: note: in expansion of macro ‘module_init’
 1355 | module_init(__driver##_init); \
      | ^~~~~~~~~~~
./include/linux/usb.h:1195:2: note: in expansion of macro ‘module_driver’
 1195 |  module_driver(__usb_driver, usb_register, \
      |  ^~~~~~~~~~~~~
drivers/media/usb/gspca/stk014.c:447:1: note: in expansion of macro ‘module_usb_driver’
  447 | module_usb_driver(sd_driver);
      | ^~~~~~~~~~~~~~~~~
In file included from ./include/linux/usb/ch9.h:35,
                 from ./include/linux/usb.h:5,
                 from drivers/media/usb/gspca/gspca.h:6,
                 from drivers/media/usb/gspca/stk014.c:25:
drivers/media/usb/gspca/stk014.c:447:19: note: ‘init_module’ target declared here
  447 | module_usb_driver(sd_driver);
      |                   ^~~~~~~~~
./include/linux/device.h:1351:19: note: in definition of macro ‘module_driver’
 1351 | static int __init __driver##_init(void) \
      |                   ^~~~~~~~
drivers/media/usb/gspca/stk014.c:447:1: note: in expansion of macro ‘module_usb_driver’
  447 | module_usb_driver(sd_driver);
      | ^~~~~~~~~~~~~~~~~
  LD [M]  drivers/media/usb/gspca/gspca_stk014.o
  CC [M]  drivers/media/usb/gspca/stk1135.o
In file included from drivers/media/usb/gspca/gspca.h:4,
                 from drivers/media/usb/gspca/stk1135.c:28:
./include/linux/module.h:138:7: warning: ‘cleanup_module’ specifies less restrictive attribute than its target ‘sd_driver_exit’: ‘cold’ [-Wmissing-attributes]
  138 |  void cleanup_module(void) __attribute__((alias(#exitfn)));
      |       ^~~~~~~~~~~~~~
./include/linux/device.h:1360:1: note: in expansion of macro ‘module_exit’
 1360 | module_exit(__driver##_exit);
      | ^~~~~~~~~~~
./include/linux/usb.h:1195:2: note: in expansion of macro ‘module_driver’
 1195 |  module_driver(__usb_driver, usb_register, \
      |  ^~~~~~~~~~~~~
drivers/media/usb/gspca/stk1135.c:688:1: note: in expansion of macro ‘module_usb_driver’
  688 | module_usb_driver(sd_driver);
      | ^~~~~~~~~~~~~~~~~
In file included from ./include/linux/usb/ch9.h:35,
                 from ./include/linux/usb.h:5,
                 from drivers/media/usb/gspca/gspca.h:6,
                 from drivers/media/usb/gspca/stk1135.c:28:
drivers/media/usb/gspca/stk1135.c:688:19: note: ‘cleanup_module’ target declared here
  688 | module_usb_driver(sd_driver);
      |                   ^~~~~~~~~
./include/linux/device.h:1356:20: note: in definition of macro ‘module_driver’
 1356 | static void __exit __driver##_exit(void) \
      |                    ^~~~~~~~
drivers/media/usb/gspca/stk1135.c:688:1: note: in expansion of macro ‘module_usb_driver’
  688 | module_usb_driver(sd_driver);
      | ^~~~~~~~~~~~~~~~~
In file included from drivers/media/usb/gspca/gspca.h:4,
                 from drivers/media/usb/gspca/stk1135.c:28:
./include/linux/module.h:132:6: warning: ‘init_module’ specifies less restrictive attribute than its target ‘sd_driver_init’: ‘cold’ [-Wmissing-attributes]
  132 |  int init_module(void) __attribute__((alias(#initfn)));
      |      ^~~~~~~~~~~
./include/linux/device.h:1355:1: note: in expansion of macro ‘module_init’
 1355 | module_init(__driver##_init); \
      | ^~~~~~~~~~~
./include/linux/usb.h:1195:2: note: in expansion of macro ‘module_driver’
 1195 |  module_driver(__usb_driver, usb_register, \
      |  ^~~~~~~~~~~~~
drivers/media/usb/gspca/stk1135.c:688:1: note: in expansion of macro ‘module_usb_driver’
  688 | module_usb_driver(sd_driver);
      | ^~~~~~~~~~~~~~~~~
In file included from ./include/linux/usb/ch9.h:35,
                 from ./include/linux/usb.h:5,
                 from drivers/media/usb/gspca/gspca.h:6,
                 from drivers/media/usb/gspca/stk1135.c:28:
drivers/media/usb/gspca/stk1135.c:688:19: note: ‘init_module’ target declared here
  688 | module_usb_driver(sd_driver);
      |                   ^~~~~~~~~
./include/linux/device.h:1351:19: note: in definition of macro ‘module_driver’
 1351 | static int __init __driver##_init(void) \
      |                   ^~~~~~~~
drivers/media/usb/gspca/stk1135.c:688:1: note: in expansion of macro ‘module_usb_driver’
  688 | module_usb_driver(sd_driver);
      | ^~~~~~~~~~~~~~~~~
  LD [M]  drivers/media/usb/gspca/gspca_stk1135.o
  CC [M]  drivers/media/usb/gspca/stv0680.o
In file included from drivers/media/usb/gspca/gspca.h:4,
                 from drivers/media/usb/gspca/stv0680.c:34:
./include/linux/module.h:138:7: warning: ‘cleanup_module’ specifies less restrictive attribute than its target ‘sd_driver_exit’: ‘cold’ [-Wmissing-attributes]
  138 |  void cleanup_module(void) __attribute__((alias(#exitfn)));
      |       ^~~~~~~~~~~~~~
./include/linux/device.h:1360:1: note: in expansion of macro ‘module_exit’
 1360 | module_exit(__driver##_exit);
      | ^~~~~~~~~~~
./include/linux/usb.h:1195:2: note: in expansion of macro ‘module_driver’
 1195 |  module_driver(__usb_driver, usb_register, \
      |  ^~~~~~~~~~~~~
drivers/media/usb/gspca/stv0680.c:353:1: note: in expansion of macro ‘module_usb_driver’
  353 | module_usb_driver(sd_driver);
      | ^~~~~~~~~~~~~~~~~
In file included from ./include/linux/usb/ch9.h:35,
                 from ./include/linux/usb.h:5,
                 from drivers/media/usb/gspca/gspca.h:6,
                 from drivers/media/usb/gspca/stv0680.c:34:
drivers/media/usb/gspca/stv0680.c:353:19: note: ‘cleanup_module’ target declared here
  353 | module_usb_driver(sd_driver);
      |                   ^~~~~~~~~
./include/linux/device.h:1356:20: note: in definition of macro ‘module_driver’
 1356 | static void __exit __driver##_exit(void) \
      |                    ^~~~~~~~
drivers/media/usb/gspca/stv0680.c:353:1: note: in expansion of macro ‘module_usb_driver’
  353 | module_usb_driver(sd_driver);
      | ^~~~~~~~~~~~~~~~~
In file included from drivers/media/usb/gspca/gspca.h:4,
                 from drivers/media/usb/gspca/stv0680.c:34:
./include/linux/module.h:132:6: warning: ‘init_module’ specifies less restrictive attribute than its target ‘sd_driver_init’: ‘cold’ [-Wmissing-attributes]
  132 |  int init_module(void) __attribute__((alias(#initfn)));
      |      ^~~~~~~~~~~
./include/linux/device.h:1355:1: note: in expansion of macro ‘module_init’
 1355 | module_init(__driver##_init); \
      | ^~~~~~~~~~~
./include/linux/usb.h:1195:2: note: in expansion of macro ‘module_driver’
 1195 |  module_driver(__usb_driver, usb_register, \
      |  ^~~~~~~~~~~~~
drivers/media/usb/gspca/stv0680.c:353:1: note: in expansion of macro ‘module_usb_driver’
  353 | module_usb_driver(sd_driver);
      | ^~~~~~~~~~~~~~~~~
In file included from ./include/linux/usb/ch9.h:35,
                 from ./include/linux/usb.h:5,
                 from drivers/media/usb/gspca/gspca.h:6,
                 from drivers/media/usb/gspca/stv0680.c:34:
drivers/media/usb/gspca/stv0680.c:353:19: note: ‘init_module’ target declared here
  353 | module_usb_driver(sd_driver);
      |                   ^~~~~~~~~
./include/linux/device.h:1351:19: note: in definition of macro ‘module_driver’
 1351 | static int __init __driver##_init(void) \
      |                   ^~~~~~~~
drivers/media/usb/gspca/stv0680.c:353:1: note: in expansion of macro ‘module_usb_driver’
  353 | module_usb_driver(sd_driver);
      | ^~~~~~~~~~~~~~~~~
  LD [M]  drivers/media/usb/gspca/gspca_stv0680.o
  CC [M]  drivers/media/usb/gspca/t613.o
In file included from drivers/media/usb/gspca/gspca.h:4,
                 from drivers/media/usb/gspca/t613.c:35:
./include/linux/module.h:138:7: warning: ‘cleanup_module’ specifies less restrictive attribute than its target ‘sd_driver_exit’: ‘cold’ [-Wmissing-attributes]
  138 |  void cleanup_module(void) __attribute__((alias(#exitfn)));
      |       ^~~~~~~~~~~~~~
./include/linux/device.h:1360:1: note: in expansion of macro ‘module_exit’
 1360 | module_exit(__driver##_exit);
      | ^~~~~~~~~~~
./include/linux/usb.h:1195:2: note: in expansion of macro ‘module_driver’
 1195 |  module_driver(__usb_driver, usb_register, \
      |  ^~~~~~~~~~~~~
drivers/media/usb/gspca/t613.c:1054:1: note: in expansion of macro ‘module_usb_driver’
 1054 | module_usb_driver(sd_driver);
      | ^~~~~~~~~~~~~~~~~
In file included from ./include/linux/input.h:22,
                 from drivers/media/usb/gspca/t613.c:33:
drivers/media/usb/gspca/t613.c:1054:19: note: ‘cleanup_module’ target declared here
 1054 | module_usb_driver(sd_driver);
      |                   ^~~~~~~~~
./include/linux/device.h:1356:20: note: in definition of macro ‘module_driver’
 1356 | static void __exit __driver##_exit(void) \
      |                    ^~~~~~~~
drivers/media/usb/gspca/t613.c:1054:1: note: in expansion of macro ‘module_usb_driver’
 1054 | module_usb_driver(sd_driver);
      | ^~~~~~~~~~~~~~~~~
In file included from drivers/media/usb/gspca/gspca.h:4,
                 from drivers/media/usb/gspca/t613.c:35:
./include/linux/module.h:132:6: warning: ‘init_module’ specifies less restrictive attribute than its target ‘sd_driver_init’: ‘cold’ [-Wmissing-attributes]
  132 |  int init_module(void) __attribute__((alias(#initfn)));
      |      ^~~~~~~~~~~
./include/linux/device.h:1355:1: note: in expansion of macro ‘module_init’
 1355 | module_init(__driver##_init); \
      | ^~~~~~~~~~~
./include/linux/usb.h:1195:2: note: in expansion of macro ‘module_driver’
 1195 |  module_driver(__usb_driver, usb_register, \
      |  ^~~~~~~~~~~~~
drivers/media/usb/gspca/t613.c:1054:1: note: in expansion of macro ‘module_usb_driver’
 1054 | module_usb_driver(sd_driver);
      | ^~~~~~~~~~~~~~~~~
In file included from ./include/linux/input.h:22,
                 from drivers/media/usb/gspca/t613.c:33:
drivers/media/usb/gspca/t613.c:1054:19: note: ‘init_module’ target declared here
 1054 | module_usb_driver(sd_driver);
      |                   ^~~~~~~~~
./include/linux/device.h:1351:19: note: in definition of macro ‘module_driver’
 1351 | static int __init __driver##_init(void) \
      |                   ^~~~~~~~
drivers/media/usb/gspca/t613.c:1054:1: note: in expansion of macro ‘module_usb_driver’
 1054 | module_usb_driver(sd_driver);
      | ^~~~~~~~~~~~~~~~~
  LD [M]  drivers/media/usb/gspca/gspca_t613.o
  CC [M]  drivers/media/usb/gspca/topro.o
In file included from drivers/media/usb/gspca/gspca.h:4,
                 from drivers/media/usb/gspca/topro.c:24:
./include/linux/module.h:138:7: warning: ‘cleanup_module’ specifies less restrictive attribute than its target ‘sd_driver_exit’: ‘cold’ [-Wmissing-attributes]
  138 |  void cleanup_module(void) __attribute__((alias(#exitfn)));
      |       ^~~~~~~~~~~~~~
./include/linux/device.h:1360:1: note: in expansion of macro ‘module_exit’
 1360 | module_exit(__driver##_exit);
      | ^~~~~~~~~~~
./include/linux/usb.h:1195:2: note: in expansion of macro ‘module_driver’
 1195 |  module_driver(__usb_driver, usb_register, \
      |  ^~~~~~~~~~~~~
drivers/media/usb/gspca/topro.c:4982:1: note: in expansion of macro ‘module_usb_driver’
 4982 | module_usb_driver(sd_driver);
      | ^~~~~~~~~~~~~~~~~
In file included from ./include/linux/usb/ch9.h:35,
                 from ./include/linux/usb.h:5,
                 from drivers/media/usb/gspca/gspca.h:6,
                 from drivers/media/usb/gspca/topro.c:24:
drivers/media/usb/gspca/topro.c:4982:19: note: ‘cleanup_module’ target declared here
 4982 | module_usb_driver(sd_driver);
      |                   ^~~~~~~~~
./include/linux/device.h:1356:20: note: in definition of macro ‘module_driver’
 1356 | static void __exit __driver##_exit(void) \
      |                    ^~~~~~~~
drivers/media/usb/gspca/topro.c:4982:1: note: in expansion of macro ‘module_usb_driver’
 4982 | module_usb_driver(sd_driver);
      | ^~~~~~~~~~~~~~~~~
In file included from drivers/media/usb/gspca/gspca.h:4,
                 from drivers/media/usb/gspca/topro.c:24:
./include/linux/module.h:132:6: warning: ‘init_module’ specifies less restrictive attribute than its target ‘sd_driver_init’: ‘cold’ [-Wmissing-attributes]
  132 |  int init_module(void) __attribute__((alias(#initfn)));
      |      ^~~~~~~~~~~
./include/linux/device.h:1355:1: note: in expansion of macro ‘module_init’
 1355 | module_init(__driver##_init); \
      | ^~~~~~~~~~~
./include/linux/usb.h:1195:2: note: in expansion of macro ‘module_driver’
 1195 |  module_driver(__usb_driver, usb_register, \
      |  ^~~~~~~~~~~~~
drivers/media/usb/gspca/topro.c:4982:1: note: in expansion of macro ‘module_usb_driver’
 4982 | module_usb_driver(sd_driver);
      | ^~~~~~~~~~~~~~~~~
In file included from ./include/linux/usb/ch9.h:35,
                 from ./include/linux/usb.h:5,
                 from drivers/media/usb/gspca/gspca.h:6,
                 from drivers/media/usb/gspca/topro.c:24:
drivers/media/usb/gspca/topro.c:4982:19: note: ‘init_module’ target declared here
 4982 | module_usb_driver(sd_driver);
      |                   ^~~~~~~~~
./include/linux/device.h:1351:19: note: in definition of macro ‘module_driver’
 1351 | static int __init __driver##_init(void) \
      |                   ^~~~~~~~
drivers/media/usb/gspca/topro.c:4982:1: note: in expansion of macro ‘module_usb_driver’
 4982 | module_usb_driver(sd_driver);
      | ^~~~~~~~~~~~~~~~~
  LD [M]  drivers/media/usb/gspca/gspca_topro.o
  CC [M]  drivers/media/usb/gspca/tv8532.o
In file included from drivers/media/usb/gspca/gspca.h:4,
                 from drivers/media/usb/gspca/tv8532.c:23:
./include/linux/module.h:138:7: warning: ‘cleanup_module’ specifies less restrictive attribute than its target ‘sd_driver_exit’: ‘cold’ [-Wmissing-attributes]
  138 |  void cleanup_module(void) __attribute__((alias(#exitfn)));
      |       ^~~~~~~~~~~~~~
./include/linux/device.h:1360:1: note: in expansion of macro ‘module_exit’
 1360 | module_exit(__driver##_exit);
      | ^~~~~~~~~~~
./include/linux/usb.h:1195:2: note: in expansion of macro ‘module_driver’
 1195 |  module_driver(__usb_driver, usb_register, \
      |  ^~~~~~~~~~~~~
drivers/media/usb/gspca/tv8532.c:379:1: note: in expansion of macro ‘module_usb_driver’
  379 | module_usb_driver(sd_driver);
      | ^~~~~~~~~~~~~~~~~
In file included from ./include/linux/usb/ch9.h:35,
                 from ./include/linux/usb.h:5,
                 from drivers/media/usb/gspca/gspca.h:6,
                 from drivers/media/usb/gspca/tv8532.c:23:
drivers/media/usb/gspca/tv8532.c:379:19: note: ‘cleanup_module’ target declared here
  379 | module_usb_driver(sd_driver);
      |                   ^~~~~~~~~
./include/linux/device.h:1356:20: note: in definition of macro ‘module_driver’
 1356 | static void __exit __driver##_exit(void) \
      |                    ^~~~~~~~
drivers/media/usb/gspca/tv8532.c:379:1: note: in expansion of macro ‘module_usb_driver’
  379 | module_usb_driver(sd_driver);
      | ^~~~~~~~~~~~~~~~~
In file included from drivers/media/usb/gspca/gspca.h:4,
                 from drivers/media/usb/gspca/tv8532.c:23:
./include/linux/module.h:132:6: warning: ‘init_module’ specifies less restrictive attribute than its target ‘sd_driver_init’: ‘cold’ [-Wmissing-attributes]
  132 |  int init_module(void) __attribute__((alias(#initfn)));
      |      ^~~~~~~~~~~
./include/linux/device.h:1355:1: note: in expansion of macro ‘module_init’
 1355 | module_init(__driver##_init); \
      | ^~~~~~~~~~~
./include/linux/usb.h:1195:2: note: in expansion of macro ‘module_driver’
 1195 |  module_driver(__usb_driver, usb_register, \
      |  ^~~~~~~~~~~~~
drivers/media/usb/gspca/tv8532.c:379:1: note: in expansion of macro ‘module_usb_driver’
  379 | module_usb_driver(sd_driver);
      | ^~~~~~~~~~~~~~~~~
In file included from ./include/linux/usb/ch9.h:35,
                 from ./include/linux/usb.h:5,
                 from drivers/media/usb/gspca/gspca.h:6,
                 from drivers/media/usb/gspca/tv8532.c:23:
drivers/media/usb/gspca/tv8532.c:379:19: note: ‘init_module’ target declared here
  379 | module_usb_driver(sd_driver);
      |                   ^~~~~~~~~
./include/linux/device.h:1351:19: note: in definition of macro ‘module_driver’
 1351 | static int __init __driver##_init(void) \
      |                   ^~~~~~~~
drivers/media/usb/gspca/tv8532.c:379:1: note: in expansion of macro ‘module_usb_driver’
  379 | module_usb_driver(sd_driver);
      | ^~~~~~~~~~~~~~~~~
  LD [M]  drivers/media/usb/gspca/gspca_tv8532.o
  CC [M]  drivers/media/usb/gspca/vc032x.o
In file included from drivers/media/usb/gspca/gspca.h:4,
                 from drivers/media/usb/gspca/vc032x.c:27:
./include/linux/module.h:138:7: warning: ‘cleanup_module’ specifies less restrictive attribute than its target ‘sd_driver_exit’: ‘cold’ [-Wmissing-attributes]
  138 |  void cleanup_module(void) __attribute__((alias(#exitfn)));
      |       ^~~~~~~~~~~~~~
./include/linux/device.h:1360:1: note: in expansion of macro ‘module_exit’
 1360 | module_exit(__driver##_exit);
      | ^~~~~~~~~~~
./include/linux/usb.h:1195:2: note: in expansion of macro ‘module_driver’
 1195 |  module_driver(__usb_driver, usb_register, \
      |  ^~~~~~~~~~~~~
drivers/media/usb/gspca/vc032x.c:3843:1: note: in expansion of macro ‘module_usb_driver’
 3843 | module_usb_driver(sd_driver);
      | ^~~~~~~~~~~~~~~~~
In file included from ./include/linux/usb/ch9.h:35,
                 from ./include/linux/usb.h:5,
                 from drivers/media/usb/gspca/gspca.h:6,
                 from drivers/media/usb/gspca/vc032x.c:27:
drivers/media/usb/gspca/vc032x.c:3843:19: note: ‘cleanup_module’ target declared here
 3843 | module_usb_driver(sd_driver);
      |                   ^~~~~~~~~
./include/linux/device.h:1356:20: note: in definition of macro ‘module_driver’
 1356 | static void __exit __driver##_exit(void) \
      |                    ^~~~~~~~
drivers/media/usb/gspca/vc032x.c:3843:1: note: in expansion of macro ‘module_usb_driver’
 3843 | module_usb_driver(sd_driver);
      | ^~~~~~~~~~~~~~~~~
In file included from drivers/media/usb/gspca/gspca.h:4,
                 from drivers/media/usb/gspca/vc032x.c:27:
./include/linux/module.h:132:6: warning: ‘init_module’ specifies less restrictive attribute than its target ‘sd_driver_init’: ‘cold’ [-Wmissing-attributes]
  132 |  int init_module(void) __attribute__((alias(#initfn)));
      |      ^~~~~~~~~~~
./include/linux/device.h:1355:1: note: in expansion of macro ‘module_init’
 1355 | module_init(__driver##_init); \
      | ^~~~~~~~~~~
./include/linux/usb.h:1195:2: note: in expansion of macro ‘module_driver’
 1195 |  module_driver(__usb_driver, usb_register, \
      |  ^~~~~~~~~~~~~
drivers/media/usb/gspca/vc032x.c:3843:1: note: in expansion of macro ‘module_usb_driver’
 3843 | module_usb_driver(sd_driver);
      | ^~~~~~~~~~~~~~~~~
In file included from ./include/linux/usb/ch9.h:35,
                 from ./include/linux/usb.h:5,
                 from drivers/media/usb/gspca/gspca.h:6,
                 from drivers/media/usb/gspca/vc032x.c:27:
drivers/media/usb/gspca/vc032x.c:3843:19: note: ‘init_module’ target declared here
 3843 | module_usb_driver(sd_driver);
      |                   ^~~~~~~~~
./include/linux/device.h:1351:19: note: in definition of macro ‘module_driver’
 1351 | static int __init __driver##_init(void) \
      |                   ^~~~~~~~
drivers/media/usb/gspca/vc032x.c:3843:1: note: in expansion of macro ‘module_usb_driver’
 3843 | module_usb_driver(sd_driver);
      | ^~~~~~~~~~~~~~~~~
  LD [M]  drivers/media/usb/gspca/gspca_vc032x.o
  CC [M]  drivers/media/usb/gspca/vicam.o
In file included from drivers/media/usb/gspca/gspca.h:4,
                 from drivers/media/usb/gspca/vicam.c:38:
./include/linux/module.h:138:7: warning: ‘cleanup_module’ specifies less restrictive attribute than its target ‘sd_driver_exit’: ‘cold’ [-Wmissing-attributes]
  138 |  void cleanup_module(void) __attribute__((alias(#exitfn)));
      |       ^~~~~~~~~~~~~~
./include/linux/device.h:1360:1: note: in expansion of macro ‘module_exit’
 1360 | module_exit(__driver##_exit);
      | ^~~~~~~~~~~
./include/linux/usb.h:1195:2: note: in expansion of macro ‘module_driver’
 1195 |  module_driver(__usb_driver, usb_register, \
      |  ^~~~~~~~~~~~~
drivers/media/usb/gspca/vicam.c:360:1: note: in expansion of macro ‘module_usb_driver’
  360 | module_usb_driver(sd_driver);
      | ^~~~~~~~~~~~~~~~~
In file included from ./include/linux/ihex.h:12,
                 from drivers/media/usb/gspca/vicam.c:37:
drivers/media/usb/gspca/vicam.c:360:19: note: ‘cleanup_module’ target declared here
  360 | module_usb_driver(sd_driver);
      |                   ^~~~~~~~~
./include/linux/device.h:1356:20: note: in definition of macro ‘module_driver’
 1356 | static void __exit __driver##_exit(void) \
      |                    ^~~~~~~~
drivers/media/usb/gspca/vicam.c:360:1: note: in expansion of macro ‘module_usb_driver’
  360 | module_usb_driver(sd_driver);
      | ^~~~~~~~~~~~~~~~~
In file included from drivers/media/usb/gspca/gspca.h:4,
                 from drivers/media/usb/gspca/vicam.c:38:
./include/linux/module.h:132:6: warning: ‘init_module’ specifies less restrictive attribute than its target ‘sd_driver_init’: ‘cold’ [-Wmissing-attributes]
  132 |  int init_module(void) __attribute__((alias(#initfn)));
      |      ^~~~~~~~~~~
./include/linux/device.h:1355:1: note: in expansion of macro ‘module_init’
 1355 | module_init(__driver##_init); \
      | ^~~~~~~~~~~
./include/linux/usb.h:1195:2: note: in expansion of macro ‘module_driver’
 1195 |  module_driver(__usb_driver, usb_register, \
      |  ^~~~~~~~~~~~~
drivers/media/usb/gspca/vicam.c:360:1: note: in expansion of macro ‘module_usb_driver’
  360 | module_usb_driver(sd_driver);
      | ^~~~~~~~~~~~~~~~~
In file included from ./include/linux/ihex.h:12,
                 from drivers/media/usb/gspca/vicam.c:37:
drivers/media/usb/gspca/vicam.c:360:19: note: ‘init_module’ target declared here
  360 | module_usb_driver(sd_driver);
      |                   ^~~~~~~~~
./include/linux/device.h:1351:19: note: in definition of macro ‘module_driver’
 1351 | static int __init __driver##_init(void) \
      |                   ^~~~~~~~
drivers/media/usb/gspca/vicam.c:360:1: note: in expansion of macro ‘module_usb_driver’
  360 | module_usb_driver(sd_driver);
      | ^~~~~~~~~~~~~~~~~
  LD [M]  drivers/media/usb/gspca/gspca_vicam.o
  CC [M]  drivers/media/usb/gspca/xirlink_cit.o
In file included from drivers/media/usb/gspca/gspca.h:4,
                 from drivers/media/usb/gspca/xirlink_cit.c:35:
./include/linux/module.h:138:7: warning: ‘cleanup_module’ specifies less restrictive attribute than its target ‘sd_driver_exit’: ‘cold’ [-Wmissing-attributes]
  138 |  void cleanup_module(void) __attribute__((alias(#exitfn)));
      |       ^~~~~~~~~~~~~~
./include/linux/device.h:1360:1: note: in expansion of macro ‘module_exit’
 1360 | module_exit(__driver##_exit);
      | ^~~~~~~~~~~
./include/linux/usb.h:1195:2: note: in expansion of macro ‘module_driver’
 1195 |  module_driver(__usb_driver, usb_register, \
      |  ^~~~~~~~~~~~~
drivers/media/usb/gspca/xirlink_cit.c:3145:1: note: in expansion of macro ‘module_usb_driver’
 3145 | module_usb_driver(sd_driver);
      | ^~~~~~~~~~~~~~~~~
In file included from ./include/linux/input.h:22,
                 from drivers/media/usb/gspca/xirlink_cit.c:34:
drivers/media/usb/gspca/xirlink_cit.c:3145:19: note: ‘cleanup_module’ target declared here
 3145 | module_usb_driver(sd_driver);
      |                   ^~~~~~~~~
./include/linux/device.h:1356:20: note: in definition of macro ‘module_driver’
 1356 | static void __exit __driver##_exit(void) \
      |                    ^~~~~~~~
drivers/media/usb/gspca/xirlink_cit.c:3145:1: note: in expansion of macro ‘module_usb_driver’
 3145 | module_usb_driver(sd_driver);
      | ^~~~~~~~~~~~~~~~~
In file included from drivers/media/usb/gspca/gspca.h:4,
                 from drivers/media/usb/gspca/xirlink_cit.c:35:
./include/linux/module.h:132:6: warning: ‘init_module’ specifies less restrictive attribute than its target ‘sd_driver_init’: ‘cold’ [-Wmissing-attributes]
  132 |  int init_module(void) __attribute__((alias(#initfn)));
      |      ^~~~~~~~~~~
./include/linux/device.h:1355:1: note: in expansion of macro ‘module_init’
 1355 | module_init(__driver##_init); \
      | ^~~~~~~~~~~
./include/linux/usb.h:1195:2: note: in expansion of macro ‘module_driver’
 1195 |  module_driver(__usb_driver, usb_register, \
      |  ^~~~~~~~~~~~~
drivers/media/usb/gspca/xirlink_cit.c:3145:1: note: in expansion of macro ‘module_usb_driver’
 3145 | module_usb_driver(sd_driver);
      | ^~~~~~~~~~~~~~~~~
In file included from ./include/linux/input.h:22,
                 from drivers/media/usb/gspca/xirlink_cit.c:34:
drivers/media/usb/gspca/xirlink_cit.c:3145:19: note: ‘init_module’ target declared here
 3145 | module_usb_driver(sd_driver);
      |                   ^~~~~~~~~
./include/linux/device.h:1351:19: note: in definition of macro ‘module_driver’
 1351 | static int __init __driver##_init(void) \
      |                   ^~~~~~~~
drivers/media/usb/gspca/xirlink_cit.c:3145:1: note: in expansion of macro ‘module_usb_driver’
 3145 | module_usb_driver(sd_driver);
      | ^~~~~~~~~~~~~~~~~
  LD [M]  drivers/media/usb/gspca/gspca_xirlink_cit.o
  CC [M]  drivers/media/usb/gspca/zc3xx.o
In file included from drivers/media/usb/gspca/gspca.h:4,
                 from drivers/media/usb/gspca/zc3xx.c:25:
./include/linux/module.h:138:7: warning: ‘cleanup_module’ specifies less restrictive attribute than its target ‘sd_driver_exit’: ‘cold’ [-Wmissing-attributes]
  138 |  void cleanup_module(void) __attribute__((alias(#exitfn)));
      |       ^~~~~~~~~~~~~~
./include/linux/device.h:1360:1: note: in expansion of macro ‘module_exit’
 1360 | module_exit(__driver##_exit);
      | ^~~~~~~~~~~
./include/linux/usb.h:1195:2: note: in expansion of macro ‘module_driver’
 1195 |  module_driver(__usb_driver, usb_register, \
      |  ^~~~~~~~~~~~~
drivers/media/usb/gspca/zc3xx.c:7012:1: note: in expansion of macro ‘module_usb_driver’
 7012 | module_usb_driver(sd_driver);
      | ^~~~~~~~~~~~~~~~~
In file included from ./include/linux/input.h:22,
                 from drivers/media/usb/gspca/zc3xx.c:24:
drivers/media/usb/gspca/zc3xx.c:7012:19: note: ‘cleanup_module’ target declared here
 7012 | module_usb_driver(sd_driver);
      |                   ^~~~~~~~~
./include/linux/device.h:1356:20: note: in definition of macro ‘module_driver’
 1356 | static void __exit __driver##_exit(void) \
      |                    ^~~~~~~~
drivers/media/usb/gspca/zc3xx.c:7012:1: note: in expansion of macro ‘module_usb_driver’
 7012 | module_usb_driver(sd_driver);
      | ^~~~~~~~~~~~~~~~~
In file included from drivers/media/usb/gspca/gspca.h:4,
                 from drivers/media/usb/gspca/zc3xx.c:25:
./include/linux/module.h:132:6: warning: ‘init_module’ specifies less restrictive attribute than its target ‘sd_driver_init’: ‘cold’ [-Wmissing-attributes]
  132 |  int init_module(void) __attribute__((alias(#initfn)));
      |      ^~~~~~~~~~~
./include/linux/device.h:1355:1: note: in expansion of macro ‘module_init’
 1355 | module_init(__driver##_init); \
      | ^~~~~~~~~~~
./include/linux/usb.h:1195:2: note: in expansion of macro ‘module_driver’
 1195 |  module_driver(__usb_driver, usb_register, \
      |  ^~~~~~~~~~~~~
drivers/media/usb/gspca/zc3xx.c:7012:1: note: in expansion of macro ‘module_usb_driver’
 7012 | module_usb_driver(sd_driver);
      | ^~~~~~~~~~~~~~~~~
In file included from ./include/linux/input.h:22,
                 from drivers/media/usb/gspca/zc3xx.c:24:
drivers/media/usb/gspca/zc3xx.c:7012:19: note: ‘init_module’ target declared here
 7012 | module_usb_driver(sd_driver);
      |                   ^~~~~~~~~
./include/linux/device.h:1351:19: note: in definition of macro ‘module_driver’
 1351 | static int __init __driver##_init(void) \
      |                   ^~~~~~~~
drivers/media/usb/gspca/zc3xx.c:7012:1: note: in expansion of macro ‘module_usb_driver’
 7012 | module_usb_driver(sd_driver);
      | ^~~~~~~~~~~~~~~~~
  LD [M]  drivers/media/usb/gspca/gspca_zc3xx.o
  LD      drivers/media/usb/gspca/gl860/built-in.o
  CC [M]  drivers/media/usb/gspca/gl860/gl860.o
In file included from ./drivers/media/usb/gspca/gspca.h:4,
                 from drivers/media/usb/gspca/gl860/gl860.c:24:
./include/linux/module.h:138:7: warning: ‘cleanup_module’ specifies less restrictive attribute than its target ‘sd_driver_exit’: ‘cold’ [-Wmissing-attributes]
  138 |  void cleanup_module(void) __attribute__((alias(#exitfn)));
      |       ^~~~~~~~~~~~~~
./include/linux/device.h:1360:1: note: in expansion of macro ‘module_exit’
 1360 | module_exit(__driver##_exit);
      | ^~~~~~~~~~~
./include/linux/usb.h:1195:2: note: in expansion of macro ‘module_driver’
 1195 |  module_driver(__usb_driver, usb_register, \
      |  ^~~~~~~~~~~~~
drivers/media/usb/gspca/gl860/gl860.c:546:1: note: in expansion of macro ‘module_usb_driver’
  546 | module_usb_driver(sd_driver);
      | ^~~~~~~~~~~~~~~~~
In file included from ./include/linux/usb/ch9.h:35,
                 from ./include/linux/usb.h:5,
                 from ./drivers/media/usb/gspca/gspca.h:6,
                 from drivers/media/usb/gspca/gl860/gl860.c:24:
drivers/media/usb/gspca/gl860/gl860.c:546:19: note: ‘cleanup_module’ target declared here
  546 | module_usb_driver(sd_driver);
      |                   ^~~~~~~~~
./include/linux/device.h:1356:20: note: in definition of macro ‘module_driver’
 1356 | static void __exit __driver##_exit(void) \
      |                    ^~~~~~~~
drivers/media/usb/gspca/gl860/gl860.c:546:1: note: in expansion of macro ‘module_usb_driver’
  546 | module_usb_driver(sd_driver);
      | ^~~~~~~~~~~~~~~~~
In file included from ./drivers/media/usb/gspca/gspca.h:4,
                 from drivers/media/usb/gspca/gl860/gl860.c:24:
./include/linux/module.h:132:6: warning: ‘init_module’ specifies less restrictive attribute than its target ‘sd_driver_init’: ‘cold’ [-Wmissing-attributes]
  132 |  int init_module(void) __attribute__((alias(#initfn)));
      |      ^~~~~~~~~~~
./include/linux/device.h:1355:1: note: in expansion of macro ‘module_init’
 1355 | module_init(__driver##_init); \
      | ^~~~~~~~~~~
./include/linux/usb.h:1195:2: note: in expansion of macro ‘module_driver’
 1195 |  module_driver(__usb_driver, usb_register, \
      |  ^~~~~~~~~~~~~
drivers/media/usb/gspca/gl860/gl860.c:546:1: note: in expansion of macro ‘module_usb_driver’
  546 | module_usb_driver(sd_driver);
      | ^~~~~~~~~~~~~~~~~
In file included from ./include/linux/usb/ch9.h:35,
                 from ./include/linux/usb.h:5,
                 from ./drivers/media/usb/gspca/gspca.h:6,
                 from drivers/media/usb/gspca/gl860/gl860.c:24:
drivers/media/usb/gspca/gl860/gl860.c:546:19: note: ‘init_module’ target declared here
  546 | module_usb_driver(sd_driver);
      |                   ^~~~~~~~~
./include/linux/device.h:1351:19: note: in definition of macro ‘module_driver’
 1351 | static int __init __driver##_init(void) \
      |                   ^~~~~~~~
drivers/media/usb/gspca/gl860/gl860.c:546:1: note: in expansion of macro ‘module_usb_driver’
  546 | module_usb_driver(sd_driver);
      | ^~~~~~~~~~~~~~~~~
  CC [M]  drivers/media/usb/gspca/gl860/gl860-mi1320.o
  CC [M]  drivers/media/usb/gspca/gl860/gl860-ov2640.o
  CC [M]  drivers/media/usb/gspca/gl860/gl860-ov9655.o
  CC [M]  drivers/media/usb/gspca/gl860/gl860-mi2020.o
  LD [M]  drivers/media/usb/gspca/gl860/gspca_gl860.o
  LD      drivers/media/usb/gspca/m5602/built-in.o
  CC [M]  drivers/media/usb/gspca/m5602/m5602_core.o
In file included from ./drivers/media/usb/gspca/gspca.h:4,
                 from drivers/media/usb/gspca/m5602/m5602_bridge.h:23,
                 from drivers/media/usb/gspca/m5602/m5602_sensor.h:22,
                 from drivers/media/usb/gspca/m5602/m5602_ov9650.h:23,
                 from drivers/media/usb/gspca/m5602/m5602_core.c:21:
./include/linux/module.h:138:7: warning: ‘cleanup_module’ specifies less restrictive attribute than its target ‘sd_driver_exit’: ‘cold’ [-Wmissing-attributes]
  138 |  void cleanup_module(void) __attribute__((alias(#exitfn)));
      |       ^~~~~~~~~~~~~~
./include/linux/device.h:1360:1: note: in expansion of macro ‘module_exit’
 1360 | module_exit(__driver##_exit);
      | ^~~~~~~~~~~
./include/linux/usb.h:1195:2: note: in expansion of macro ‘module_driver’
 1195 |  module_driver(__usb_driver, usb_register, \
      |  ^~~~~~~~~~~~~
drivers/media/usb/gspca/m5602/m5602_core.c:437:1: note: in expansion of macro ‘module_usb_driver’
  437 | module_usb_driver(sd_driver);
      | ^~~~~~~~~~~~~~~~~
In file included from ./include/linux/usb/ch9.h:35,
                 from ./include/linux/usb.h:5,
                 from ./drivers/media/usb/gspca/gspca.h:6,
                 from drivers/media/usb/gspca/m5602/m5602_bridge.h:23,
                 from drivers/media/usb/gspca/m5602/m5602_sensor.h:22,
                 from drivers/media/usb/gspca/m5602/m5602_ov9650.h:23,
                 from drivers/media/usb/gspca/m5602/m5602_core.c:21:
drivers/media/usb/gspca/m5602/m5602_core.c:437:19: note: ‘cleanup_module’ target declared here
  437 | module_usb_driver(sd_driver);
      |                   ^~~~~~~~~
./include/linux/device.h:1356:20: note: in definition of macro ‘module_driver’
 1356 | static void __exit __driver##_exit(void) \
      |                    ^~~~~~~~
drivers/media/usb/gspca/m5602/m5602_core.c:437:1: note: in expansion of macro ‘module_usb_driver’
  437 | module_usb_driver(sd_driver);
      | ^~~~~~~~~~~~~~~~~
In file included from ./drivers/media/usb/gspca/gspca.h:4,
                 from drivers/media/usb/gspca/m5602/m5602_bridge.h:23,
                 from drivers/media/usb/gspca/m5602/m5602_sensor.h:22,
                 from drivers/media/usb/gspca/m5602/m5602_ov9650.h:23,
                 from drivers/media/usb/gspca/m5602/m5602_core.c:21:
./include/linux/module.h:132:6: warning: ‘init_module’ specifies less restrictive attribute than its target ‘sd_driver_init’: ‘cold’ [-Wmissing-attributes]
  132 |  int init_module(void) __attribute__((alias(#initfn)));
      |      ^~~~~~~~~~~
./include/linux/device.h:1355:1: note: in expansion of macro ‘module_init’
 1355 | module_init(__driver##_init); \
      | ^~~~~~~~~~~
./include/linux/usb.h:1195:2: note: in expansion of macro ‘module_driver’
 1195 |  module_driver(__usb_driver, usb_register, \
      |  ^~~~~~~~~~~~~
drivers/media/usb/gspca/m5602/m5602_core.c:437:1: note: in expansion of macro ‘module_usb_driver’
  437 | module_usb_driver(sd_driver);
      | ^~~~~~~~~~~~~~~~~
In file included from ./include/linux/usb/ch9.h:35,
                 from ./include/linux/usb.h:5,
                 from ./drivers/media/usb/gspca/gspca.h:6,
                 from drivers/media/usb/gspca/m5602/m5602_bridge.h:23,
                 from drivers/media/usb/gspca/m5602/m5602_sensor.h:22,
                 from drivers/media/usb/gspca/m5602/m5602_ov9650.h:23,
                 from drivers/media/usb/gspca/m5602/m5602_core.c:21:
drivers/media/usb/gspca/m5602/m5602_core.c:437:19: note: ‘init_module’ target declared here
  437 | module_usb_driver(sd_driver);
      |                   ^~~~~~~~~
./include/linux/device.h:1351:19: note: in definition of macro ‘module_driver’
 1351 | static int __init __driver##_init(void) \
      |                   ^~~~~~~~
drivers/media/usb/gspca/m5602/m5602_core.c:437:1: note: in expansion of macro ‘module_usb_driver’
  437 | module_usb_driver(sd_driver);
      | ^~~~~~~~~~~~~~~~~
  CC [M]  drivers/media/usb/gspca/m5602/m5602_ov9650.o
  CC [M]  drivers/media/usb/gspca/m5602/m5602_ov7660.o
  CC [M]  drivers/media/usb/gspca/m5602/m5602_mt9m111.o
  CC [M]  drivers/media/usb/gspca/m5602/m5602_po1030.o
  CC [M]  drivers/media/usb/gspca/m5602/m5602_s5k83a.o
  CC [M]  drivers/media/usb/gspca/m5602/m5602_s5k4aa.o
  LD [M]  drivers/media/usb/gspca/m5602/gspca_m5602.o
  LD      drivers/media/usb/gspca/stv06xx/built-in.o
  CC [M]  drivers/media/usb/gspca/stv06xx/stv06xx.o
In file included from ./drivers/media/usb/gspca/gspca.h:4,
                 from drivers/media/usb/gspca/stv06xx/stv06xx.h:34,
                 from drivers/media/usb/gspca/stv06xx/stv06xx_sensor.h:33,
                 from drivers/media/usb/gspca/stv06xx/stv06xx.c:33:
./include/linux/module.h:138:7: warning: ‘cleanup_module’ specifies less restrictive attribute than its target ‘sd_driver_exit’: ‘cold’ [-Wmissing-attributes]
  138 |  void cleanup_module(void) __attribute__((alias(#exitfn)));
      |       ^~~~~~~~~~~~~~
./include/linux/device.h:1360:1: note: in expansion of macro ‘module_exit’
 1360 | module_exit(__driver##_exit);
      | ^~~~~~~~~~~
./include/linux/usb.h:1195:2: note: in expansion of macro ‘module_driver’
 1195 |  module_driver(__usb_driver, usb_register, \
      |  ^~~~~~~~~~~~~
drivers/media/usb/gspca/stv06xx/stv06xx.c:633:1: note: in expansion of macro ‘module_usb_driver’
  633 | module_usb_driver(sd_driver);
      | ^~~~~~~~~~~~~~~~~
In file included from ./include/linux/input.h:22,
                 from drivers/media/usb/gspca/stv06xx/stv06xx.c:32:
drivers/media/usb/gspca/stv06xx/stv06xx.c:633:19: note: ‘cleanup_module’ target declared here
  633 | module_usb_driver(sd_driver);
      |                   ^~~~~~~~~
./include/linux/device.h:1356:20: note: in definition of macro ‘module_driver’
 1356 | static void __exit __driver##_exit(void) \
      |                    ^~~~~~~~
drivers/media/usb/gspca/stv06xx/stv06xx.c:633:1: note: in expansion of macro ‘module_usb_driver’
  633 | module_usb_driver(sd_driver);
      | ^~~~~~~~~~~~~~~~~
In file included from ./drivers/media/usb/gspca/gspca.h:4,
                 from drivers/media/usb/gspca/stv06xx/stv06xx.h:34,
                 from drivers/media/usb/gspca/stv06xx/stv06xx_sensor.h:33,
                 from drivers/media/usb/gspca/stv06xx/stv06xx.c:33:
./include/linux/module.h:132:6: warning: ‘init_module’ specifies less restrictive attribute than its target ‘sd_driver_init’: ‘cold’ [-Wmissing-attributes]
  132 |  int init_module(void) __attribute__((alias(#initfn)));
      |      ^~~~~~~~~~~
./include/linux/device.h:1355:1: note: in expansion of macro ‘module_init’
 1355 | module_init(__driver##_init); \
      | ^~~~~~~~~~~
./include/linux/usb.h:1195:2: note: in expansion of macro ‘module_driver’
 1195 |  module_driver(__usb_driver, usb_register, \
      |  ^~~~~~~~~~~~~
drivers/media/usb/gspca/stv06xx/stv06xx.c:633:1: note: in expansion of macro ‘module_usb_driver’
  633 | module_usb_driver(sd_driver);
      | ^~~~~~~~~~~~~~~~~
In file included from ./include/linux/input.h:22,
                 from drivers/media/usb/gspca/stv06xx/stv06xx.c:32:
drivers/media/usb/gspca/stv06xx/stv06xx.c:633:19: note: ‘init_module’ target declared here
  633 | module_usb_driver(sd_driver);
      |                   ^~~~~~~~~
./include/linux/device.h:1351:19: note: in definition of macro ‘module_driver’
 1351 | static int __init __driver##_init(void) \
      |                   ^~~~~~~~
drivers/media/usb/gspca/stv06xx/stv06xx.c:633:1: note: in expansion of macro ‘module_usb_driver’
  633 | module_usb_driver(sd_driver);
      | ^~~~~~~~~~~~~~~~~
  CC [M]  drivers/media/usb/gspca/stv06xx/stv06xx_vv6410.o
  CC [M]  drivers/media/usb/gspca/stv06xx/stv06xx_hdcs.o
  CC [M]  drivers/media/usb/gspca/stv06xx/stv06xx_pb0100.o
  CC [M]  drivers/media/usb/gspca/stv06xx/stv06xx_st6422.o
  LD [M]  drivers/media/usb/gspca/stv06xx/gspca_stv06xx.o
  LD      drivers/media/usb/hdpvr/built-in.o
  CC [M]  drivers/media/usb/hdpvr/hdpvr-control.o
  CC [M]  drivers/media/usb/hdpvr/hdpvr-core.o
In file included from drivers/media/usb/hdpvr/hdpvr-core.c:18:
./include/linux/module.h:138:7: warning: ‘cleanup_module’ specifies less restrictive attribute than its target ‘hdpvr_usb_driver_exit’: ‘cold’ [-Wmissing-attributes]
  138 |  void cleanup_module(void) __attribute__((alias(#exitfn)));
      |       ^~~~~~~~~~~~~~
./include/linux/device.h:1360:1: note: in expansion of macro ‘module_exit’
 1360 | module_exit(__driver##_exit);
      | ^~~~~~~~~~~
./include/linux/usb.h:1195:2: note: in expansion of macro ‘module_driver’
 1195 |  module_driver(__usb_driver, usb_register, \
      |  ^~~~~~~~~~~~~
drivers/media/usb/hdpvr/hdpvr-core.c:443:1: note: in expansion of macro ‘module_usb_driver’
  443 | module_usb_driver(hdpvr_usb_driver);
      | ^~~~~~~~~~~~~~~~~
In file included from ./include/linux/usb/ch9.h:35,
                 from ./include/linux/usb.h:5,
                 from drivers/media/usb/hdpvr/hdpvr-core.c:21:
drivers/media/usb/hdpvr/hdpvr-core.c:443:19: note: ‘cleanup_module’ target declared here
  443 | module_usb_driver(hdpvr_usb_driver);
      |                   ^~~~~~~~~~~~~~~~
./include/linux/device.h:1356:20: note: in definition of macro ‘module_driver’
 1356 | static void __exit __driver##_exit(void) \
      |                    ^~~~~~~~
drivers/media/usb/hdpvr/hdpvr-core.c:443:1: note: in expansion of macro ‘module_usb_driver’
  443 | module_usb_driver(hdpvr_usb_driver);
      | ^~~~~~~~~~~~~~~~~
In file included from drivers/media/usb/hdpvr/hdpvr-core.c:18:
./include/linux/module.h:132:6: warning: ‘init_module’ specifies less restrictive attribute than its target ‘hdpvr_usb_driver_init’: ‘cold’ [-Wmissing-attributes]
  132 |  int init_module(void) __attribute__((alias(#initfn)));
      |      ^~~~~~~~~~~
./include/linux/device.h:1355:1: note: in expansion of macro ‘module_init’
 1355 | module_init(__driver##_init); \
      | ^~~~~~~~~~~
./include/linux/usb.h:1195:2: note: in expansion of macro ‘module_driver’
 1195 |  module_driver(__usb_driver, usb_register, \
      |  ^~~~~~~~~~~~~
drivers/media/usb/hdpvr/hdpvr-core.c:443:1: note: in expansion of macro ‘module_usb_driver’
  443 | module_usb_driver(hdpvr_usb_driver);
      | ^~~~~~~~~~~~~~~~~
In file included from ./include/linux/usb/ch9.h:35,
                 from ./include/linux/usb.h:5,
                 from drivers/media/usb/hdpvr/hdpvr-core.c:21:
drivers/media/usb/hdpvr/hdpvr-core.c:443:19: note: ‘init_module’ target declared here
  443 | module_usb_driver(hdpvr_usb_driver);
      |                   ^~~~~~~~~~~~~~~~
./include/linux/device.h:1351:19: note: in definition of macro ‘module_driver’
 1351 | static int __init __driver##_init(void) \
      |                   ^~~~~~~~
drivers/media/usb/hdpvr/hdpvr-core.c:443:1: note: in expansion of macro ‘module_usb_driver’
  443 | module_usb_driver(hdpvr_usb_driver);
      | ^~~~~~~~~~~~~~~~~
  CC [M]  drivers/media/usb/hdpvr/hdpvr-video.o
  CC [M]  drivers/media/usb/hdpvr/hdpvr-i2c.o
  LD [M]  drivers/media/usb/hdpvr/hdpvr.o
  LD      drivers/media/usb/pvrusb2/built-in.o
  CC [M]  drivers/media/usb/pvrusb2/pvrusb2-i2c-core.o
  CC [M]  drivers/media/usb/pvrusb2/pvrusb2-audio.o
  CC [M]  drivers/media/usb/pvrusb2/pvrusb2-encoder.o
  CC [M]  drivers/media/usb/pvrusb2/pvrusb2-video-v4l.o
  CC [M]  drivers/media/usb/pvrusb2/pvrusb2-eeprom.o
  CC [M]  drivers/media/usb/pvrusb2/pvrusb2-main.o
In file included from drivers/media/usb/pvrusb2/pvrusb2-main.c:24:
./include/linux/module.h:132:6: warning: ‘init_module’ specifies less restrictive attribute than its target ‘pvr_init’: ‘cold’ [-Wmissing-attributes]
  132 |  int init_module(void) __attribute__((alias(#initfn)));
      |      ^~~~~~~~~~~
drivers/media/usb/pvrusb2/pvrusb2-main.c:165:1: note: in expansion of macro ‘module_init’
  165 | module_init(pvr_init);
      | ^~~~~~~~~~~
drivers/media/usb/pvrusb2/pvrusb2-main.c:120:19: note: ‘init_module’ target declared here
  120 | static int __init pvr_init(void)
      |                   ^~~~~~~~
In file included from drivers/media/usb/pvrusb2/pvrusb2-main.c:24:
./include/linux/module.h:138:7: warning: ‘cleanup_module’ specifies less restrictive attribute than its target ‘pvr_exit’: ‘cold’ [-Wmissing-attributes]
  138 |  void cleanup_module(void) __attribute__((alias(#exitfn)));
      |       ^~~~~~~~~~~~~~
drivers/media/usb/pvrusb2/pvrusb2-main.c:166:1: note: in expansion of macro ‘module_exit’
  166 | module_exit(pvr_exit);
      | ^~~~~~~~~~~
drivers/media/usb/pvrusb2/pvrusb2-main.c:150:20: note: ‘cleanup_module’ target declared here
  150 | static void __exit pvr_exit(void)
      |                    ^~~~~~~~
  CC [M]  drivers/media/usb/pvrusb2/pvrusb2-hdw.o
  CC [M]  drivers/media/usb/pvrusb2/pvrusb2-v4l2.o
  CC [M]  drivers/media/usb/pvrusb2/pvrusb2-ctrl.o
  CC [M]  drivers/media/usb/pvrusb2/pvrusb2-std.o
  CC [M]  drivers/media/usb/pvrusb2/pvrusb2-devattr.o
  CC [M]  drivers/media/usb/pvrusb2/pvrusb2-context.o
  CC [M]  drivers/media/usb/pvrusb2/pvrusb2-io.o
  CC [M]  drivers/media/usb/pvrusb2/pvrusb2-ioread.o
  CC [M]  drivers/media/usb/pvrusb2/pvrusb2-cx2584x-v4l.o
  CC [M]  drivers/media/usb/pvrusb2/pvrusb2-wm8775.o
  CC [M]  drivers/media/usb/pvrusb2/pvrusb2-cs53l32a.o
  CC [M]  drivers/media/usb/pvrusb2/pvrusb2-dvb.o
  CC [M]  drivers/media/usb/pvrusb2/pvrusb2-sysfs.o
  LD [M]  drivers/media/usb/pvrusb2/pvrusb2.o
  LD      drivers/media/usb/pwc/built-in.o
  CC [M]  drivers/media/usb/pwc/pwc-if.o
In file included from drivers/media/usb/pwc/pwc-if.c:63:
./include/linux/module.h:138:7: warning: ‘cleanup_module’ specifies less restrictive attribute than its target ‘pwc_driver_exit’: ‘cold’ [-Wmissing-attributes]
  138 |  void cleanup_module(void) __attribute__((alias(#exitfn)));
      |       ^~~~~~~~~~~~~~
./include/linux/device.h:1360:1: note: in expansion of macro ‘module_exit’
 1360 | module_exit(__driver##_exit);
      | ^~~~~~~~~~~
./include/linux/usb.h:1195:2: note: in expansion of macro ‘module_driver’
 1195 |  module_driver(__usb_driver, usb_register, \
      |  ^~~~~~~~~~~~~
drivers/media/usb/pwc/pwc-if.c:1185:1: note: in expansion of macro ‘module_usb_driver’
 1185 | module_usb_driver(pwc_driver);
      | ^~~~~~~~~~~~~~~~~
In file included from ./include/linux/usb/ch9.h:35,
                 from ./include/linux/usb.h:5,
                 from ./include/linux/usb/input.h:12,
                 from drivers/media/usb/pwc/pwc-if.c:67:
drivers/media/usb/pwc/pwc-if.c:1185:19: note: ‘cleanup_module’ target declared here
 1185 | module_usb_driver(pwc_driver);
      |                   ^~~~~~~~~~
./include/linux/device.h:1356:20: note: in definition of macro ‘module_driver’
 1356 | static void __exit __driver##_exit(void) \
      |                    ^~~~~~~~
drivers/media/usb/pwc/pwc-if.c:1185:1: note: in expansion of macro ‘module_usb_driver’
 1185 | module_usb_driver(pwc_driver);
      | ^~~~~~~~~~~~~~~~~
In file included from drivers/media/usb/pwc/pwc-if.c:63:
./include/linux/module.h:132:6: warning: ‘init_module’ specifies less restrictive attribute than its target ‘pwc_driver_init’: ‘cold’ [-Wmissing-attributes]
  132 |  int init_module(void) __attribute__((alias(#initfn)));
      |      ^~~~~~~~~~~
./include/linux/device.h:1355:1: note: in expansion of macro ‘module_init’
 1355 | module_init(__driver##_init); \
      | ^~~~~~~~~~~
./include/linux/usb.h:1195:2: note: in expansion of macro ‘module_driver’
 1195 |  module_driver(__usb_driver, usb_register, \
      |  ^~~~~~~~~~~~~
drivers/media/usb/pwc/pwc-if.c:1185:1: note: in expansion of macro ‘module_usb_driver’
 1185 | module_usb_driver(pwc_driver);
      | ^~~~~~~~~~~~~~~~~
In file included from ./include/linux/usb/ch9.h:35,
                 from ./include/linux/usb.h:5,
                 from ./include/linux/usb/input.h:12,
                 from drivers/media/usb/pwc/pwc-if.c:67:
drivers/media/usb/pwc/pwc-if.c:1185:19: note: ‘init_module’ target declared here
 1185 | module_usb_driver(pwc_driver);
      |                   ^~~~~~~~~~
./include/linux/device.h:1351:19: note: in definition of macro ‘module_driver’
 1351 | static int __init __driver##_init(void) \
      |                   ^~~~~~~~
drivers/media/usb/pwc/pwc-if.c:1185:1: note: in expansion of macro ‘module_usb_driver’
 1185 | module_usb_driver(pwc_driver);
      | ^~~~~~~~~~~~~~~~~
  CC [M]  drivers/media/usb/pwc/pwc-misc.o
  CC [M]  drivers/media/usb/pwc/pwc-ctrl.o
  CC [M]  drivers/media/usb/pwc/pwc-v4l.o
  CC [M]  drivers/media/usb/pwc/pwc-uncompress.o
  CC [M]  drivers/media/usb/pwc/pwc-dec1.o
  CC [M]  drivers/media/usb/pwc/pwc-dec23.o
  CC [M]  drivers/media/usb/pwc/pwc-kiara.o
  CC [M]  drivers/media/usb/pwc/pwc-timon.o
  LD [M]  drivers/media/usb/pwc/pwc.o
  LD      drivers/media/usb/s2255/built-in.o
  CC [M]  drivers/media/usb/s2255/s2255drv.o
In file included from drivers/media/usb/s2255/s2255drv.c:39:
./include/linux/module.h:138:7: warning: ‘cleanup_module’ specifies less restrictive attribute than its target ‘s2255_driver_exit’: ‘cold’ [-Wmissing-attributes]
  138 |  void cleanup_module(void) __attribute__((alias(#exitfn)));
      |       ^~~~~~~~~~~~~~
./include/linux/device.h:1360:1: note: in expansion of macro ‘module_exit’
 1360 | module_exit(__driver##_exit);
      | ^~~~~~~~~~~
./include/linux/usb.h:1195:2: note: in expansion of macro ‘module_driver’
 1195 |  module_driver(__usb_driver, usb_register, \
      |  ^~~~~~~~~~~~~
drivers/media/usb/s2255/s2255drv.c:2405:1: note: in expansion of macro ‘module_usb_driver’
 2405 | module_usb_driver(s2255_driver);
      | ^~~~~~~~~~~~~~~~~
In file included from ./include/linux/usb/ch9.h:35,
                 from ./include/linux/usb.h:5,
                 from drivers/media/usb/s2255/s2255drv.c:47:
drivers/media/usb/s2255/s2255drv.c:2405:19: note: ‘cleanup_module’ target declared here
 2405 | module_usb_driver(s2255_driver);
      |                   ^~~~~~~~~~~~
./include/linux/device.h:1356:20: note: in definition of macro ‘module_driver’
 1356 | static void __exit __driver##_exit(void) \
      |                    ^~~~~~~~
drivers/media/usb/s2255/s2255drv.c:2405:1: note: in expansion of macro ‘module_usb_driver’
 2405 | module_usb_driver(s2255_driver);
      | ^~~~~~~~~~~~~~~~~
In file included from drivers/media/usb/s2255/s2255drv.c:39:
./include/linux/module.h:132:6: warning: ‘init_module’ specifies less restrictive attribute than its target ‘s2255_driver_init’: ‘cold’ [-Wmissing-attributes]
  132 |  int init_module(void) __attribute__((alias(#initfn)));
      |      ^~~~~~~~~~~
./include/linux/device.h:1355:1: note: in expansion of macro ‘module_init’
 1355 | module_init(__driver##_init); \
      | ^~~~~~~~~~~
./include/linux/usb.h:1195:2: note: in expansion of macro ‘module_driver’
 1195 |  module_driver(__usb_driver, usb_register, \
      |  ^~~~~~~~~~~~~
drivers/media/usb/s2255/s2255drv.c:2405:1: note: in expansion of macro ‘module_usb_driver’
 2405 | module_usb_driver(s2255_driver);
      | ^~~~~~~~~~~~~~~~~
In file included from ./include/linux/usb/ch9.h:35,
                 from ./include/linux/usb.h:5,
                 from drivers/media/usb/s2255/s2255drv.c:47:
drivers/media/usb/s2255/s2255drv.c:2405:19: note: ‘init_module’ target declared here
 2405 | module_usb_driver(s2255_driver);
      |                   ^~~~~~~~~~~~
./include/linux/device.h:1351:19: note: in definition of macro ‘module_driver’
 1351 | static int __init __driver##_init(void) \
      |                   ^~~~~~~~
drivers/media/usb/s2255/s2255drv.c:2405:1: note: in expansion of macro ‘module_usb_driver’
 2405 | module_usb_driver(s2255_driver);
      | ^~~~~~~~~~~~~~~~~
  LD      drivers/media/usb/siano/built-in.o
  CC [M]  drivers/media/usb/siano/smsusb.o
In file included from drivers/media/usb/siano/smsusb.c:29:
./include/linux/module.h:138:7: warning: ‘cleanup_module’ specifies less restrictive attribute than its target ‘smsusb_driver_exit’: ‘cold’ [-Wmissing-attributes]
  138 |  void cleanup_module(void) __attribute__((alias(#exitfn)));
      |       ^~~~~~~~~~~~~~
./include/linux/device.h:1360:1: note: in expansion of macro ‘module_exit’
 1360 | module_exit(__driver##_exit);
      | ^~~~~~~~~~~
./include/linux/usb.h:1195:2: note: in expansion of macro ‘module_driver’
 1195 |  module_driver(__usb_driver, usb_register, \
      |  ^~~~~~~~~~~~~
drivers/media/usb/siano/smsusb.c:732:1: note: in expansion of macro ‘module_usb_driver’
  732 | module_usb_driver(smsusb_driver);
      | ^~~~~~~~~~~~~~~~~
In file included from drivers/media/common/siano/smscoreapi.h:27,
                 from drivers/media/usb/siano/smsusb.c:22:
drivers/media/usb/siano/smsusb.c:732:19: note: ‘cleanup_module’ target declared here
  732 | module_usb_driver(smsusb_driver);
      |                   ^~~~~~~~~~~~~
./include/linux/device.h:1356:20: note: in definition of macro ‘module_driver’
 1356 | static void __exit __driver##_exit(void) \
      |                    ^~~~~~~~
drivers/media/usb/siano/smsusb.c:732:1: note: in expansion of macro ‘module_usb_driver’
  732 | module_usb_driver(smsusb_driver);
      | ^~~~~~~~~~~~~~~~~
In file included from drivers/media/usb/siano/smsusb.c:29:
./include/linux/module.h:132:6: warning: ‘init_module’ specifies less restrictive attribute than its target ‘smsusb_driver_init’: ‘cold’ [-Wmissing-attributes]
  132 |  int init_module(void) __attribute__((alias(#initfn)));
      |      ^~~~~~~~~~~
./include/linux/device.h:1355:1: note: in expansion of macro ‘module_init’
 1355 | module_init(__driver##_init); \
      | ^~~~~~~~~~~
./include/linux/usb.h:1195:2: note: in expansion of macro ‘module_driver’
 1195 |  module_driver(__usb_driver, usb_register, \
      |  ^~~~~~~~~~~~~
drivers/media/usb/siano/smsusb.c:732:1: note: in expansion of macro ‘module_usb_driver’
  732 | module_usb_driver(smsusb_driver);
      | ^~~~~~~~~~~~~~~~~
In file included from drivers/media/common/siano/smscoreapi.h:27,
                 from drivers/media/usb/siano/smsusb.c:22:
drivers/media/usb/siano/smsusb.c:732:19: note: ‘init_module’ target declared here
  732 | module_usb_driver(smsusb_driver);
      |                   ^~~~~~~~~~~~~
./include/linux/device.h:1351:19: note: in definition of macro ‘module_driver’
 1351 | static int __init __driver##_init(void) \
      |                   ^~~~~~~~
drivers/media/usb/siano/smsusb.c:732:1: note: in expansion of macro ‘module_usb_driver’
  732 | module_usb_driver(smsusb_driver);
      | ^~~~~~~~~~~~~~~~~
  LD      drivers/media/usb/stk1160/built-in.o
  CC [M]  drivers/media/usb/stk1160/stk1160-core.o
In file included from drivers/media/usb/stk1160/stk1160-core.c:28:
./include/linux/module.h:138:7: warning: ‘cleanup_module’ specifies less restrictive attribute than its target ‘stk1160_usb_driver_exit’: ‘cold’ [-Wmissing-attributes]
  138 |  void cleanup_module(void) __attribute__((alias(#exitfn)));
      |       ^~~~~~~~~~~~~~
./include/linux/device.h:1360:1: note: in expansion of macro ‘module_exit’
 1360 | module_exit(__driver##_exit);
      | ^~~~~~~~~~~
./include/linux/usb.h:1195:2: note: in expansion of macro ‘module_driver’
 1195 |  module_driver(__usb_driver, usb_register, \
      |  ^~~~~~~~~~~~~
drivers/media/usb/stk1160/stk1160-core.c:442:1: note: in expansion of macro ‘module_usb_driver’
  442 | module_usb_driver(stk1160_usb_driver);
      | ^~~~~~~~~~~~~~~~~
In file included from ./include/linux/usb/ch9.h:35,
                 from ./include/linux/usb.h:5,
                 from drivers/media/usb/stk1160/stk1160-core.c:34:
drivers/media/usb/stk1160/stk1160-core.c:442:19: note: ‘cleanup_module’ target declared here
  442 | module_usb_driver(stk1160_usb_driver);
      |                   ^~~~~~~~~~~~~~~~~~
./include/linux/device.h:1356:20: note: in definition of macro ‘module_driver’
 1356 | static void __exit __driver##_exit(void) \
      |                    ^~~~~~~~
drivers/media/usb/stk1160/stk1160-core.c:442:1: note: in expansion of macro ‘module_usb_driver’
  442 | module_usb_driver(stk1160_usb_driver);
      | ^~~~~~~~~~~~~~~~~
In file included from drivers/media/usb/stk1160/stk1160-core.c:28:
./include/linux/module.h:132:6: warning: ‘init_module’ specifies less restrictive attribute than its target ‘stk1160_usb_driver_init’: ‘cold’ [-Wmissing-attributes]
  132 |  int init_module(void) __attribute__((alias(#initfn)));
      |      ^~~~~~~~~~~
./include/linux/device.h:1355:1: note: in expansion of macro ‘module_init’
 1355 | module_init(__driver##_init); \
      | ^~~~~~~~~~~
./include/linux/usb.h:1195:2: note: in expansion of macro ‘module_driver’
 1195 |  module_driver(__usb_driver, usb_register, \
      |  ^~~~~~~~~~~~~
drivers/media/usb/stk1160/stk1160-core.c:442:1: note: in expansion of macro ‘module_usb_driver’
  442 | module_usb_driver(stk1160_usb_driver);
      | ^~~~~~~~~~~~~~~~~
In file included from ./include/linux/usb/ch9.h:35,
                 from ./include/linux/usb.h:5,
                 from drivers/media/usb/stk1160/stk1160-core.c:34:
drivers/media/usb/stk1160/stk1160-core.c:442:19: note: ‘init_module’ target declared here
  442 | module_usb_driver(stk1160_usb_driver);
      |                   ^~~~~~~~~~~~~~~~~~
./include/linux/device.h:1351:19: note: in definition of macro ‘module_driver’
 1351 | static int __init __driver##_init(void) \
      |                   ^~~~~~~~
drivers/media/usb/stk1160/stk1160-core.c:442:1: note: in expansion of macro ‘module_usb_driver’
  442 | module_usb_driver(stk1160_usb_driver);
      | ^~~~~~~~~~~~~~~~~
  CC [M]  drivers/media/usb/stk1160/stk1160-v4l.o
  CC [M]  drivers/media/usb/stk1160/stk1160-video.o
  CC [M]  drivers/media/usb/stk1160/stk1160-i2c.o
  CC [M]  drivers/media/usb/stk1160/stk1160-ac97.o
  LD [M]  drivers/media/usb/stk1160/stk1160.o
  LD      drivers/media/usb/stkwebcam/built-in.o
  CC [M]  drivers/media/usb/stkwebcam/stk-webcam.o
In file included from drivers/media/usb/stkwebcam/stk-webcam.c:25:
./include/linux/module.h:138:7: warning: ‘cleanup_module’ specifies less restrictive attribute than its target ‘stk_camera_driver_exit’: ‘cold’ [-Wmissing-attributes]
  138 |  void cleanup_module(void) __attribute__((alias(#exitfn)));
      |       ^~~~~~~~~~~~~~
./include/linux/device.h:1360:1: note: in expansion of macro ‘module_exit’
 1360 | module_exit(__driver##_exit);
      | ^~~~~~~~~~~
./include/linux/usb.h:1195:2: note: in expansion of macro ‘module_driver’
 1195 |  module_driver(__usb_driver, usb_register, \
      |  ^~~~~~~~~~~~~
drivers/media/usb/stkwebcam/stk-webcam.c:1440:1: note: in expansion of macro ‘module_usb_driver’
 1440 | module_usb_driver(stk_camera_driver);
      | ^~~~~~~~~~~~~~~~~
In file included from ./include/linux/usb/ch9.h:35,
                 from ./include/linux/usb.h:5,
                 from drivers/media/usb/stkwebcam/stk-webcam.c:32:
drivers/media/usb/stkwebcam/stk-webcam.c:1440:19: note: ‘cleanup_module’ target declared here
 1440 | module_usb_driver(stk_camera_driver);
      |                   ^~~~~~~~~~~~~~~~~
./include/linux/device.h:1356:20: note: in definition of macro ‘module_driver’
 1356 | static void __exit __driver##_exit(void) \
      |                    ^~~~~~~~
drivers/media/usb/stkwebcam/stk-webcam.c:1440:1: note: in expansion of macro ‘module_usb_driver’
 1440 | module_usb_driver(stk_camera_driver);
      | ^~~~~~~~~~~~~~~~~
In file included from drivers/media/usb/stkwebcam/stk-webcam.c:25:
./include/linux/module.h:132:6: warning: ‘init_module’ specifies less restrictive attribute than its target ‘stk_camera_driver_init’: ‘cold’ [-Wmissing-attributes]
  132 |  int init_module(void) __attribute__((alias(#initfn)));
      |      ^~~~~~~~~~~
./include/linux/device.h:1355:1: note: in expansion of macro ‘module_init’
 1355 | module_init(__driver##_init); \
      | ^~~~~~~~~~~
./include/linux/usb.h:1195:2: note: in expansion of macro ‘module_driver’
 1195 |  module_driver(__usb_driver, usb_register, \
      |  ^~~~~~~~~~~~~
drivers/media/usb/stkwebcam/stk-webcam.c:1440:1: note: in expansion of macro ‘module_usb_driver’
 1440 | module_usb_driver(stk_camera_driver);
      | ^~~~~~~~~~~~~~~~~
In file included from ./include/linux/usb/ch9.h:35,
                 from ./include/linux/usb.h:5,
                 from drivers/media/usb/stkwebcam/stk-webcam.c:32:
drivers/media/usb/stkwebcam/stk-webcam.c:1440:19: note: ‘init_module’ target declared here
 1440 | module_usb_driver(stk_camera_driver);
      |                   ^~~~~~~~~~~~~~~~~
./include/linux/device.h:1351:19: note: in definition of macro ‘module_driver’
 1351 | static int __init __driver##_init(void) \
      |                   ^~~~~~~~
drivers/media/usb/stkwebcam/stk-webcam.c:1440:1: note: in expansion of macro ‘module_usb_driver’
 1440 | module_usb_driver(stk_camera_driver);
      | ^~~~~~~~~~~~~~~~~
  CC [M]  drivers/media/usb/stkwebcam/stk-sensor.o
  LD [M]  drivers/media/usb/stkwebcam/stkwebcam.o
  LD      drivers/media/usb/tm6000/built-in.o
  CC [M]  drivers/media/usb/tm6000/tm6000-cards.o
In file included from drivers/media/usb/tm6000/tm6000-cards.c:21:
./include/linux/module.h:138:7: warning: ‘cleanup_module’ specifies less restrictive attribute than its target ‘tm6000_usb_driver_exit’: ‘cold’ [-Wmissing-attributes]
  138 |  void cleanup_module(void) __attribute__((alias(#exitfn)));
      |       ^~~~~~~~~~~~~~
./include/linux/device.h:1360:1: note: in expansion of macro ‘module_exit’
 1360 | module_exit(__driver##_exit);
      | ^~~~~~~~~~~
./include/linux/usb.h:1195:2: note: in expansion of macro ‘module_driver’
 1195 |  module_driver(__usb_driver, usb_register, \
      |  ^~~~~~~~~~~~~
drivers/media/usb/tm6000/tm6000-cards.c:1409:1: note: in expansion of macro ‘module_usb_driver’
 1409 | module_usb_driver(tm6000_usb_driver);
      | ^~~~~~~~~~~~~~~~~
In file included from ./include/linux/pci.h:30,
                 from drivers/media/usb/tm6000/tm6000-cards.c:22:
drivers/media/usb/tm6000/tm6000-cards.c:1409:19: note: ‘cleanup_module’ target declared here
 1409 | module_usb_driver(tm6000_usb_driver);
      |                   ^~~~~~~~~~~~~~~~~
./include/linux/device.h:1356:20: note: in definition of macro ‘module_driver’
 1356 | static void __exit __driver##_exit(void) \
      |                    ^~~~~~~~
drivers/media/usb/tm6000/tm6000-cards.c:1409:1: note: in expansion of macro ‘module_usb_driver’
 1409 | module_usb_driver(tm6000_usb_driver);
      | ^~~~~~~~~~~~~~~~~
In file included from drivers/media/usb/tm6000/tm6000-cards.c:21:
./include/linux/module.h:132:6: warning: ‘init_module’ specifies less restrictive attribute than its target ‘tm6000_usb_driver_init’: ‘cold’ [-Wmissing-attributes]
  132 |  int init_module(void) __attribute__((alias(#initfn)));
      |      ^~~~~~~~~~~
./include/linux/device.h:1355:1: note: in expansion of macro ‘module_init’
 1355 | module_init(__driver##_init); \
      | ^~~~~~~~~~~
./include/linux/usb.h:1195:2: note: in expansion of macro ‘module_driver’
 1195 |  module_driver(__usb_driver, usb_register, \
      |  ^~~~~~~~~~~~~
drivers/media/usb/tm6000/tm6000-cards.c:1409:1: note: in expansion of macro ‘module_usb_driver’
 1409 | module_usb_driver(tm6000_usb_driver);
      | ^~~~~~~~~~~~~~~~~
In file included from ./include/linux/pci.h:30,
                 from drivers/media/usb/tm6000/tm6000-cards.c:22:
drivers/media/usb/tm6000/tm6000-cards.c:1409:19: note: ‘init_module’ target declared here
 1409 | module_usb_driver(tm6000_usb_driver);
      |                   ^~~~~~~~~~~~~~~~~
./include/linux/device.h:1351:19: note: in definition of macro ‘module_driver’
 1351 | static int __init __driver##_init(void) \
      |                   ^~~~~~~~
drivers/media/usb/tm6000/tm6000-cards.c:1409:1: note: in expansion of macro ‘module_usb_driver’
 1409 | module_usb_driver(tm6000_usb_driver);
      | ^~~~~~~~~~~~~~~~~
  CC [M]  drivers/media/usb/tm6000/tm6000-core.o
  CC [M]  drivers/media/usb/tm6000/tm6000-i2c.o
  CC [M]  drivers/media/usb/tm6000/tm6000-video.o
  CC [M]  drivers/media/usb/tm6000/tm6000-stds.o
  CC [M]  drivers/media/usb/tm6000/tm6000-input.o
  LD [M]  drivers/media/usb/tm6000/tm6000.o
  CC [M]  drivers/media/usb/tm6000/tm6000-alsa.o
In file included from drivers/media/usb/tm6000/tm6000-alsa.c:13:
./include/linux/module.h:132:6: warning: ‘init_module’ specifies less restrictive attribute than its target ‘tm6000_alsa_register’: ‘cold’ [-Wmissing-attributes]
  132 |  int init_module(void) __attribute__((alias(#initfn)));
      |      ^~~~~~~~~~~
drivers/media/usb/tm6000/tm6000-alsa.c:528:1: note: in expansion of macro ‘module_init’
  528 | module_init(tm6000_alsa_register);
      | ^~~~~~~~~~~
drivers/media/usb/tm6000/tm6000-alsa.c:518:19: note: ‘init_module’ target declared here
  518 | static int __init tm6000_alsa_register(void)
      |                   ^~~~~~~~~~~~~~~~~~~~
In file included from drivers/media/usb/tm6000/tm6000-alsa.c:13:
./include/linux/module.h:138:7: warning: ‘cleanup_module’ specifies less restrictive attribute than its target ‘tm6000_alsa_unregister’: ‘cold’ [-Wmissing-attributes]
  138 |  void cleanup_module(void) __attribute__((alias(#exitfn)));
      |       ^~~~~~~~~~~~~~
drivers/media/usb/tm6000/tm6000-alsa.c:529:1: note: in expansion of macro ‘module_exit’
  529 | module_exit(tm6000_alsa_unregister);
      | ^~~~~~~~~~~
drivers/media/usb/tm6000/tm6000-alsa.c:523:20: note: ‘cleanup_module’ target declared here
  523 | static void __exit tm6000_alsa_unregister(void)
      |                    ^~~~~~~~~~~~~~~~~~~~~~
  CC [M]  drivers/media/usb/tm6000/tm6000-dvb.o
In file included from drivers/media/dvb-core/dvb_frontend.h:39,
                 from drivers/media/usb/tm6000/tm6000.h:35,
                 from drivers/media/usb/tm6000/tm6000-dvb.c:24:
./include/linux/module.h:132:6: warning: ‘init_module’ specifies less restrictive attribute than its target ‘tm6000_dvb_register’: ‘cold’ [-Wmissing-attributes]
  132 |  int init_module(void) __attribute__((alias(#initfn)));
      |      ^~~~~~~~~~~
drivers/media/usb/tm6000/tm6000-dvb.c:464:1: note: in expansion of macro ‘module_init’
  464 | module_init(tm6000_dvb_register);
      | ^~~~~~~~~~~
drivers/media/usb/tm6000/tm6000-dvb.c:454:19: note: ‘init_module’ target declared here
  454 | static int __init tm6000_dvb_register(void)
      |                   ^~~~~~~~~~~~~~~~~~~
In file included from drivers/media/dvb-core/dvb_frontend.h:39,
                 from drivers/media/usb/tm6000/tm6000.h:35,
                 from drivers/media/usb/tm6000/tm6000-dvb.c:24:
./include/linux/module.h:138:7: warning: ‘cleanup_module’ specifies less restrictive attribute than its target ‘tm6000_dvb_unregister’: ‘cold’ [-Wmissing-attributes]
  138 |  void cleanup_module(void) __attribute__((alias(#exitfn)));
      |       ^~~~~~~~~~~~~~
drivers/media/usb/tm6000/tm6000-dvb.c:465:1: note: in expansion of macro ‘module_exit’
  465 | module_exit(tm6000_dvb_unregister);
      | ^~~~~~~~~~~
drivers/media/usb/tm6000/tm6000-dvb.c:459:20: note: ‘cleanup_module’ target declared here
  459 | static void __exit tm6000_dvb_unregister(void)
      |                    ^~~~~~~~~~~~~~~~~~~~~
  LD      drivers/media/usb/ttusb-budget/built-in.o
  LD      drivers/media/usb/ttusb-dec/built-in.o
  LD      drivers/media/usb/usbtv/built-in.o
  CC [M]  drivers/media/usb/usbtv/usbtv-core.o
In file included from drivers/media/usb/usbtv/usbtv.h:36,
                 from drivers/media/usb/usbtv/usbtv-core.c:45:
./include/linux/module.h:138:7: warning: ‘cleanup_module’ specifies less restrictive attribute than its target ‘usbtv_usb_driver_exit’: ‘cold’ [-Wmissing-attributes]
  138 |  void cleanup_module(void) __attribute__((alias(#exitfn)));
      |       ^~~~~~~~~~~~~~
./include/linux/device.h:1360:1: note: in expansion of macro ‘module_exit’
 1360 | module_exit(__driver##_exit);
      | ^~~~~~~~~~~
./include/linux/usb.h:1195:2: note: in expansion of macro ‘module_driver’
 1195 |  module_driver(__usb_driver, usb_register, \
      |  ^~~~~~~~~~~~~
drivers/media/usb/usbtv/usbtv-core.c:160:1: note: in expansion of macro ‘module_usb_driver’
  160 | module_usb_driver(usbtv_usb_driver);
      | ^~~~~~~~~~~~~~~~~
In file included from ./include/linux/usb/ch9.h:35,
                 from ./include/linux/usb.h:5,
                 from drivers/media/usb/usbtv/usbtv.h:38,
                 from drivers/media/usb/usbtv/usbtv-core.c:45:
drivers/media/usb/usbtv/usbtv-core.c:160:19: note: ‘cleanup_module’ target declared here
  160 | module_usb_driver(usbtv_usb_driver);
      |                   ^~~~~~~~~~~~~~~~
./include/linux/device.h:1356:20: note: in definition of macro ‘module_driver’
 1356 | static void __exit __driver##_exit(void) \
      |                    ^~~~~~~~
drivers/media/usb/usbtv/usbtv-core.c:160:1: note: in expansion of macro ‘module_usb_driver’
  160 | module_usb_driver(usbtv_usb_driver);
      | ^~~~~~~~~~~~~~~~~
In file included from drivers/media/usb/usbtv/usbtv.h:36,
                 from drivers/media/usb/usbtv/usbtv-core.c:45:
./include/linux/module.h:132:6: warning: ‘init_module’ specifies less restrictive attribute than its target ‘usbtv_usb_driver_init’: ‘cold’ [-Wmissing-attributes]
  132 |  int init_module(void) __attribute__((alias(#initfn)));
      |      ^~~~~~~~~~~
./include/linux/device.h:1355:1: note: in expansion of macro ‘module_init’
 1355 | module_init(__driver##_init); \
      | ^~~~~~~~~~~
./include/linux/usb.h:1195:2: note: in expansion of macro ‘module_driver’
 1195 |  module_driver(__usb_driver, usb_register, \
      |  ^~~~~~~~~~~~~
drivers/media/usb/usbtv/usbtv-core.c:160:1: note: in expansion of macro ‘module_usb_driver’
  160 | module_usb_driver(usbtv_usb_driver);
      | ^~~~~~~~~~~~~~~~~
In file included from ./include/linux/usb/ch9.h:35,
                 from ./include/linux/usb.h:5,
                 from drivers/media/usb/usbtv/usbtv.h:38,
                 from drivers/media/usb/usbtv/usbtv-core.c:45:
drivers/media/usb/usbtv/usbtv-core.c:160:19: note: ‘init_module’ target declared here
  160 | module_usb_driver(usbtv_usb_driver);
      |                   ^~~~~~~~~~~~~~~~
./include/linux/device.h:1351:19: note: in definition of macro ‘module_driver’
 1351 | static int __init __driver##_init(void) \
      |                   ^~~~~~~~
drivers/media/usb/usbtv/usbtv-core.c:160:1: note: in expansion of macro ‘module_usb_driver’
  160 | module_usb_driver(usbtv_usb_driver);
      | ^~~~~~~~~~~~~~~~~
  CC [M]  drivers/media/usb/usbtv/usbtv-video.o
  CC [M]  drivers/media/usb/usbtv/usbtv-audio.o
  LD [M]  drivers/media/usb/usbtv/usbtv.o
  LD      drivers/media/usb/usbvision/built-in.o
  CC [M]  drivers/media/usb/usbvision/usbvision-core.o
  CC [M]  drivers/media/usb/usbvision/usbvision-video.o
In file included from drivers/media/usb/usbvision/usbvision-video.c:55:
./include/linux/module.h:132:6: warning: ‘init_module’ specifies less restrictive attribute than its target ‘usbvision_init’: ‘cold’ [-Wmissing-attributes]
  132 |  int init_module(void) __attribute__((alias(#initfn)));
      |      ^~~~~~~~~~~
drivers/media/usb/usbvision/usbvision-video.c:1652:1: note: in expansion of macro ‘module_init’
 1652 | module_init(usbvision_init);
      | ^~~~~~~~~~~
drivers/media/usb/usbvision/usbvision-video.c:1618:19: note: ‘init_module’ target declared here
 1618 | static int __init usbvision_init(void)
      |                   ^~~~~~~~~~~~~~
In file included from drivers/media/usb/usbvision/usbvision-video.c:55:
./include/linux/module.h:138:7: warning: ‘cleanup_module’ specifies less restrictive attribute than its target ‘usbvision_exit’: ‘cold’ [-Wmissing-attributes]
  138 |  void cleanup_module(void) __attribute__((alias(#exitfn)));
      |       ^~~~~~~~~~~~~~
drivers/media/usb/usbvision/usbvision-video.c:1653:1: note: in expansion of macro ‘module_exit’
 1653 | module_exit(usbvision_exit);
      | ^~~~~~~~~~~
drivers/media/usb/usbvision/usbvision-video.c:1644:20: note: ‘cleanup_module’ target declared here
 1644 | static void __exit usbvision_exit(void)
      |                    ^~~~~~~~~~~~~~
  CC [M]  drivers/media/usb/usbvision/usbvision-i2c.o
  CC [M]  drivers/media/usb/usbvision/usbvision-cards.o
  LD [M]  drivers/media/usb/usbvision/usbvision.o
  LD      drivers/media/usb/uvc/built-in.o
  CC [M]  drivers/media/usb/uvc/uvc_driver.o
In file included from drivers/media/usb/uvc/uvc_driver.c:17:
./include/linux/module.h:138:7: warning: ‘cleanup_module’ specifies less restrictive attribute than its target ‘uvc_cleanup’: ‘cold’ [-Wmissing-attributes]
  138 |  void cleanup_module(void) __attribute__((alias(#exitfn)));
      |       ^~~~~~~~~~~~~~
drivers/media/usb/uvc/uvc_driver.c:2717:1: note: in expansion of macro ‘module_exit’
 2717 | module_exit(uvc_cleanup);
      | ^~~~~~~~~~~
drivers/media/usb/uvc/uvc_driver.c:2710:20: note: ‘cleanup_module’ target declared here
 2710 | static void __exit uvc_cleanup(void)
      |                    ^~~~~~~~~~~
In file included from drivers/media/usb/uvc/uvc_driver.c:17:
./include/linux/module.h:132:6: warning: ‘init_module’ specifies less restrictive attribute than its target ‘uvc_init’: ‘cold’ [-Wmissing-attributes]
  132 |  int init_module(void) __attribute__((alias(#initfn)));
      |      ^~~~~~~~~~~
drivers/media/usb/uvc/uvc_driver.c:2716:1: note: in expansion of macro ‘module_init’
 2716 | module_init(uvc_init);
      | ^~~~~~~~~~~
drivers/media/usb/uvc/uvc_driver.c:2694:19: note: ‘init_module’ target declared here
 2694 | static int __init uvc_init(void)
      |                   ^~~~~~~~
  CC [M]  drivers/media/usb/uvc/uvc_queue.o
  CC [M]  drivers/media/usb/uvc/uvc_v4l2.o
  CC [M]  drivers/media/usb/uvc/uvc_video.o
  CC [M]  drivers/media/usb/uvc/uvc_ctrl.o
drivers/media/usb/uvc/uvc_ctrl.c: In function ‘uvc_ctrl_get’:
drivers/media/usb/uvc/uvc_ctrl.c:1472:46: warning: taking address of packed member of ‘struct v4l2_ext_control’ may result in an unaligned pointer value [-Waddress-of-packed-member]
 1472 |  return __uvc_ctrl_get(chain, ctrl, mapping, &xctrl->value);
      |                                              ^~~~~~~~~~~~~
  CC [M]  drivers/media/usb/uvc/uvc_status.o
  CC [M]  drivers/media/usb/uvc/uvc_isight.o
  CC [M]  drivers/media/usb/uvc/uvc_debugfs.o
  CC [M]  drivers/media/usb/uvc/uvc_entity.o
  LD [M]  drivers/media/usb/uvc/uvcvideo.o
  LD      drivers/media/usb/zr364xx/built-in.o
  CC [M]  drivers/media/usb/zr364xx/zr364xx.o
In file included from drivers/media/usb/zr364xx/zr364xx.c:31:
./include/linux/module.h:138:7: warning: ‘cleanup_module’ specifies less restrictive attribute than its target ‘zr364xx_driver_exit’: ‘cold’ [-Wmissing-attributes]
  138 |  void cleanup_module(void) __attribute__((alias(#exitfn)));
      |       ^~~~~~~~~~~~~~
./include/linux/device.h:1360:1: note: in expansion of macro ‘module_exit’
 1360 | module_exit(__driver##_exit);
      | ^~~~~~~~~~~
./include/linux/usb.h:1195:2: note: in expansion of macro ‘module_driver’
 1195 |  module_driver(__usb_driver, usb_register, \
      |  ^~~~~~~~~~~~~
drivers/media/usb/zr364xx/zr364xx.c:1634:1: note: in expansion of macro ‘module_usb_driver’
 1634 | module_usb_driver(zr364xx_driver);
      | ^~~~~~~~~~~~~~~~~
In file included from ./include/linux/usb/ch9.h:35,
                 from ./include/linux/usb.h:5,
                 from drivers/media/usb/zr364xx/zr364xx.c:33:
drivers/media/usb/zr364xx/zr364xx.c:1634:19: note: ‘cleanup_module’ target declared here
 1634 | module_usb_driver(zr364xx_driver);
      |                   ^~~~~~~~~~~~~~
./include/linux/device.h:1356:20: note: in definition of macro ‘module_driver’
 1356 | static void __exit __driver##_exit(void) \
      |                    ^~~~~~~~
drivers/media/usb/zr364xx/zr364xx.c:1634:1: note: in expansion of macro ‘module_usb_driver’
 1634 | module_usb_driver(zr364xx_driver);
      | ^~~~~~~~~~~~~~~~~
In file included from drivers/media/usb/zr364xx/zr364xx.c:31:
./include/linux/module.h:132:6: warning: ‘init_module’ specifies less restrictive attribute than its target ‘zr364xx_driver_init’: ‘cold’ [-Wmissing-attributes]
  132 |  int init_module(void) __attribute__((alias(#initfn)));
      |      ^~~~~~~~~~~
./include/linux/device.h:1355:1: note: in expansion of macro ‘module_init’
 1355 | module_init(__driver##_init); \
      | ^~~~~~~~~~~
./include/linux/usb.h:1195:2: note: in expansion of macro ‘module_driver’
 1195 |  module_driver(__usb_driver, usb_register, \
      |  ^~~~~~~~~~~~~
drivers/media/usb/zr364xx/zr364xx.c:1634:1: note: in expansion of macro ‘module_usb_driver’
 1634 | module_usb_driver(zr364xx_driver);
      | ^~~~~~~~~~~~~~~~~
In file included from ./include/linux/usb/ch9.h:35,
                 from ./include/linux/usb.h:5,
                 from drivers/media/usb/zr364xx/zr364xx.c:33:
drivers/media/usb/zr364xx/zr364xx.c:1634:19: note: ‘init_module’ target declared here
 1634 | module_usb_driver(zr364xx_driver);
      |                   ^~~~~~~~~~~~~~
./include/linux/device.h:1351:19: note: in definition of macro ‘module_driver’
 1351 | static int __init __driver##_init(void) \
      |                   ^~~~~~~~
drivers/media/usb/zr364xx/zr364xx.c:1634:1: note: in expansion of macro ‘module_usb_driver’
 1634 | module_usb_driver(zr364xx_driver);
      | ^~~~~~~~~~~~~~~~~
  LD      drivers/media/usb/built-in.o
  LD      drivers/media/v4l2-core/built-in.o
  CC [M]  drivers/media/v4l2-core/v4l2-dev.o
In file included from drivers/media/v4l2-core/v4l2-dev.c:19:
./include/linux/module.h:132:6: warning: ‘init_module’ specifies less restrictive attribute than its target ‘videodev_init’: ‘cold’ [-Wmissing-attributes]
  132 |  int init_module(void) __attribute__((alias(#initfn)));
      |      ^~~~~~~~~~~
./include/linux/module.h:115:30: note: in expansion of macro ‘module_init’
  115 | #define subsys_initcall(fn)  module_init(fn)
      |                              ^~~~~~~~~~~
drivers/media/v4l2-core/v4l2-dev.c:1062:1: note: in expansion of macro ‘subsys_initcall’
 1062 | subsys_initcall(videodev_init);
      | ^~~~~~~~~~~~~~~
drivers/media/v4l2-core/v4l2-dev.c:1031:19: note: ‘init_module’ target declared here
 1031 | static int __init videodev_init(void)
      |                   ^~~~~~~~~~~~~
In file included from drivers/media/v4l2-core/v4l2-dev.c:19:
./include/linux/module.h:138:7: warning: ‘cleanup_module’ specifies less restrictive attribute than its target ‘videodev_exit’: ‘cold’ [-Wmissing-attributes]
  138 |  void cleanup_module(void) __attribute__((alias(#exitfn)));
      |       ^~~~~~~~~~~~~~
drivers/media/v4l2-core/v4l2-dev.c:1063:1: note: in expansion of macro ‘module_exit’
 1063 | module_exit(videodev_exit)
      | ^~~~~~~~~~~
drivers/media/v4l2-core/v4l2-dev.c:1054:20: note: ‘cleanup_module’ target declared here
 1054 | static void __exit videodev_exit(void)
      |                    ^~~~~~~~~~~~~
  CC [M]  drivers/media/v4l2-core/v4l2-ioctl.o
  CC [M]  drivers/media/v4l2-core/v4l2-device.o
  CC [M]  drivers/media/v4l2-core/v4l2-fh.o
  CC [M]  drivers/media/v4l2-core/v4l2-event.o
  CC [M]  drivers/media/v4l2-core/v4l2-ctrls.o
drivers/media/v4l2-core/v4l2-ctrls.c: In function ‘validate_ctrls’:
drivers/media/v4l2-core/v4l2-ctrls.c:3035:18: warning: taking address of packed member of ‘struct v4l2_ext_control’ may result in an unaligned pointer value [-Waddress-of-packed-member]
 3035 |    p_new.p_s64 = &cs->controls[i].value64;
      |                  ^~~~~~~~~~~~~~~~~~~~~~~~
drivers/media/v4l2-core/v4l2-ctrls.c:3037:18: warning: taking address of packed member of ‘struct v4l2_ext_control’ may result in an unaligned pointer value [-Waddress-of-packed-member]
 3037 |    p_new.p_s32 = &cs->controls[i].value;
      |                  ^~~~~~~~~~~~~~~~~~~~~~
  CC [M]  drivers/media/v4l2-core/v4l2-subdev.o
  CC [M]  drivers/media/v4l2-core/v4l2-clk.o
  CC [M]  drivers/media/v4l2-core/v4l2-async.o
  CC [M]  drivers/media/v4l2-core/v4l2-of.o
  CC [M]  drivers/media/v4l2-core/vb2-trace.o
  CC [M]  drivers/media/v4l2-core/v4l2-trace.o
  CC [M]  drivers/media/v4l2-core/v4l2-mc.o
  LD [M]  drivers/media/v4l2-core/videodev.o
  CC [M]  drivers/media/v4l2-core/v4l2-common.o
  CC [M]  drivers/media/v4l2-core/v4l2-dv-timings.o
  CC [M]  drivers/media/v4l2-core/tuner-core.o
In file included from drivers/media/v4l2-core/tuner-core.c:17:
./include/linux/module.h:138:7: warning: ‘cleanup_module’ specifies less restrictive attribute than its target ‘tuner_driver_exit’: ‘cold’ [-Wmissing-attributes]
  138 |  void cleanup_module(void) __attribute__((alias(#exitfn)));
      |       ^~~~~~~~~~~~~~
./include/linux/device.h:1360:1: note: in expansion of macro ‘module_exit’
 1360 | module_exit(__driver##_exit);
      | ^~~~~~~~~~~
./include/linux/i2c.h:751:2: note: in expansion of macro ‘module_driver’
  751 |  module_driver(__i2c_driver, i2c_add_driver, \
      |  ^~~~~~~~~~~~~
drivers/media/v4l2-core/tuner-core.c:1396:1: note: in expansion of macro ‘module_i2c_driver’
 1396 | module_i2c_driver(tuner_driver);
      | ^~~~~~~~~~~~~~~~~
In file included from ./include/linux/i2c.h:30,
                 from drivers/media/v4l2-core/tuner-core.c:25:
drivers/media/v4l2-core/tuner-core.c:1396:19: note: ‘cleanup_module’ target declared here
 1396 | module_i2c_driver(tuner_driver);
      |                   ^~~~~~~~~~~~
./include/linux/device.h:1356:20: note: in definition of macro ‘module_driver’
 1356 | static void __exit __driver##_exit(void) \
      |                    ^~~~~~~~
drivers/media/v4l2-core/tuner-core.c:1396:1: note: in expansion of macro ‘module_i2c_driver’
 1396 | module_i2c_driver(tuner_driver);
      | ^~~~~~~~~~~~~~~~~
In file included from drivers/media/v4l2-core/tuner-core.c:17:
./include/linux/module.h:132:6: warning: ‘init_module’ specifies less restrictive attribute than its target ‘tuner_driver_init’: ‘cold’ [-Wmissing-attributes]
  132 |  int init_module(void) __attribute__((alias(#initfn)));
      |      ^~~~~~~~~~~
./include/linux/device.h:1355:1: note: in expansion of macro ‘module_init’
 1355 | module_init(__driver##_init); \
      | ^~~~~~~~~~~
./include/linux/i2c.h:751:2: note: in expansion of macro ‘module_driver’
  751 |  module_driver(__i2c_driver, i2c_add_driver, \
      |  ^~~~~~~~~~~~~
drivers/media/v4l2-core/tuner-core.c:1396:1: note: in expansion of macro ‘module_i2c_driver’
 1396 | module_i2c_driver(tuner_driver);
      | ^~~~~~~~~~~~~~~~~
In file included from ./include/linux/i2c.h:30,
                 from drivers/media/v4l2-core/tuner-core.c:25:
drivers/media/v4l2-core/tuner-core.c:1396:19: note: ‘init_module’ target declared here
 1396 | module_i2c_driver(tuner_driver);
      |                   ^~~~~~~~~~~~
./include/linux/device.h:1351:19: note: in definition of macro ‘module_driver’
 1351 | static int __init __driver##_init(void) \
      |                   ^~~~~~~~
drivers/media/v4l2-core/tuner-core.c:1396:1: note: in expansion of macro ‘module_i2c_driver’
 1396 | module_i2c_driver(tuner_driver);
      | ^~~~~~~~~~~~~~~~~
  LD [M]  drivers/media/v4l2-core/tuner.o
  CC [M]  drivers/media/v4l2-core/videobuf-core.o
  CC [M]  drivers/media/v4l2-core/videobuf-vmalloc.o
  CC [M]  drivers/media/v4l2-core/videobuf-dvb.o
  CC [M]  drivers/media/v4l2-core/videobuf2-core.o
  CC [M]  drivers/media/v4l2-core/videobuf2-v4l2.o
  CC [M]  drivers/media/v4l2-core/videobuf2-memops.o
  CC [M]  drivers/media/v4l2-core/videobuf2-vmalloc.o
  LD      drivers/media/built-in.o
  CC [M]  drivers/media/media-device.o
drivers/media/media-device.c: In function ‘media_device_get_topology’:
drivers/media/media-device.c:262:3: warning: ‘strncpy’ specified bound 64 equals destination size [-Wstringop-truncation]
  262 |   strncpy(kentity.name, entity->name,
      |   ^~~~~~~~~~~~~~~~~~~~~~~~~~~~~~~~~~~
  263 |    sizeof(kentity.name));
      |    ~~~~~~~~~~~~~~~~~~~~~
  CC [M]  drivers/media/media-devnode.o
In file included from drivers/media/media-devnode.c:37:
./include/linux/module.h:132:6: warning: ‘init_module’ specifies less restrictive attribute than its target ‘media_devnode_init’: ‘cold’ [-Wmissing-attributes]
  132 |  int init_module(void) __attribute__((alias(#initfn)));
      |      ^~~~~~~~~~~
./include/linux/module.h:115:30: note: in expansion of macro ‘module_init’
  115 | #define subsys_initcall(fn)  module_init(fn)
      |                              ^~~~~~~~~~~
drivers/media/media-devnode.c:343:1: note: in expansion of macro ‘subsys_initcall’
  343 | subsys_initcall(media_devnode_init);
      | ^~~~~~~~~~~~~~~
drivers/media/media-devnode.c:315:19: note: ‘init_module’ target declared here
  315 | static int __init media_devnode_init(void)
      |                   ^~~~~~~~~~~~~~~~~~
In file included from drivers/media/media-devnode.c:37:
./include/linux/module.h:138:7: warning: ‘cleanup_module’ specifies less restrictive attribute than its target ‘media_devnode_exit’: ‘cold’ [-Wmissing-attributes]
  138 |  void cleanup_module(void) __attribute__((alias(#exitfn)));
      |       ^~~~~~~~~~~~~~
drivers/media/media-devnode.c:344:1: note: in expansion of macro ‘module_exit’
  344 | module_exit(media_devnode_exit)
      | ^~~~~~~~~~~
drivers/media/media-devnode.c:337:20: note: ‘cleanup_module’ target declared here
  337 | static void __exit media_devnode_exit(void)
      |                    ^~~~~~~~~~~~~~~~~~
  CC [M]  drivers/media/media-entity.o
  LD [M]  drivers/media/media.o
  CC      drivers/mfd/stmpe.o
  CC      drivers/mfd/stmpe-i2c.o
  CC      drivers/mfd/stmpe-spi.o
  CC      drivers/mfd/arizona-core.o
  CC      drivers/mfd/arizona-irq.o
  CC      drivers/mfd/wm5102-tables.o
  CC      drivers/mfd/mfd-core.o
  CC      drivers/mfd/syscon.o
  LD      drivers/mfd/built-in.o
  CC [M]  drivers/mfd/arizona-i2c.o
In file included from drivers/mfd/arizona-i2c.c:15:
./include/linux/module.h:138:7: warning: ‘cleanup_module’ specifies less restrictive attribute than its target ‘arizona_i2c_driver_exit’: ‘cold’ [-Wmissing-attributes]
  138 |  void cleanup_module(void) __attribute__((alias(#exitfn)));
      |       ^~~~~~~~~~~~~~
./include/linux/device.h:1360:1: note: in expansion of macro ‘module_exit’
 1360 | module_exit(__driver##_exit);
      | ^~~~~~~~~~~
./include/linux/i2c.h:751:2: note: in expansion of macro ‘module_driver’
  751 |  module_driver(__i2c_driver, i2c_add_driver, \
      |  ^~~~~~~~~~~~~
drivers/mfd/arizona-i2c.c:119:1: note: in expansion of macro ‘module_i2c_driver’
  119 | module_i2c_driver(arizona_i2c_driver);
      | ^~~~~~~~~~~~~~~~~
In file included from ./include/linux/i2c.h:30,
                 from drivers/mfd/arizona-i2c.c:14:
drivers/mfd/arizona-i2c.c:119:19: note: ‘cleanup_module’ target declared here
  119 | module_i2c_driver(arizona_i2c_driver);
      |                   ^~~~~~~~~~~~~~~~~~
./include/linux/device.h:1356:20: note: in definition of macro ‘module_driver’
 1356 | static void __exit __driver##_exit(void) \
      |                    ^~~~~~~~
drivers/mfd/arizona-i2c.c:119:1: note: in expansion of macro ‘module_i2c_driver’
  119 | module_i2c_driver(arizona_i2c_driver);
      | ^~~~~~~~~~~~~~~~~
In file included from drivers/mfd/arizona-i2c.c:15:
./include/linux/module.h:132:6: warning: ‘init_module’ specifies less restrictive attribute than its target ‘arizona_i2c_driver_init’: ‘cold’ [-Wmissing-attributes]
  132 |  int init_module(void) __attribute__((alias(#initfn)));
      |      ^~~~~~~~~~~
./include/linux/device.h:1355:1: note: in expansion of macro ‘module_init’
 1355 | module_init(__driver##_init); \
      | ^~~~~~~~~~~
./include/linux/i2c.h:751:2: note: in expansion of macro ‘module_driver’
  751 |  module_driver(__i2c_driver, i2c_add_driver, \
      |  ^~~~~~~~~~~~~
drivers/mfd/arizona-i2c.c:119:1: note: in expansion of macro ‘module_i2c_driver’
  119 | module_i2c_driver(arizona_i2c_driver);
      | ^~~~~~~~~~~~~~~~~
In file included from ./include/linux/i2c.h:30,
                 from drivers/mfd/arizona-i2c.c:14:
drivers/mfd/arizona-i2c.c:119:19: note: ‘init_module’ target declared here
  119 | module_i2c_driver(arizona_i2c_driver);
      |                   ^~~~~~~~~~~~~~~~~~
./include/linux/device.h:1351:19: note: in definition of macro ‘module_driver’
 1351 | static int __init __driver##_init(void) \
      |                   ^~~~~~~~
drivers/mfd/arizona-i2c.c:119:1: note: in expansion of macro ‘module_i2c_driver’
  119 | module_i2c_driver(arizona_i2c_driver);
      | ^~~~~~~~~~~~~~~~~
  CC [M]  drivers/mfd/arizona-spi.o
In file included from drivers/mfd/arizona-spi.c:14:
./include/linux/module.h:138:7: warning: ‘cleanup_module’ specifies less restrictive attribute than its target ‘arizona_spi_driver_exit’: ‘cold’ [-Wmissing-attributes]
  138 |  void cleanup_module(void) __attribute__((alias(#exitfn)));
      |       ^~~~~~~~~~~~~~
./include/linux/device.h:1360:1: note: in expansion of macro ‘module_exit’
 1360 | module_exit(__driver##_exit);
      | ^~~~~~~~~~~
./include/linux/spi/spi.h:290:2: note: in expansion of macro ‘module_driver’
  290 |  module_driver(__spi_driver, spi_register_driver, \
      |  ^~~~~~~~~~~~~
drivers/mfd/arizona-spi.c:114:1: note: in expansion of macro ‘module_spi_driver’
  114 | module_spi_driver(arizona_spi_driver);
      | ^~~~~~~~~~~~~~~~~
In file included from ./include/linux/pm_runtime.h:12,
                 from drivers/mfd/arizona-spi.c:15:
drivers/mfd/arizona-spi.c:114:19: note: ‘cleanup_module’ target declared here
  114 | module_spi_driver(arizona_spi_driver);
      |                   ^~~~~~~~~~~~~~~~~~
./include/linux/device.h:1356:20: note: in definition of macro ‘module_driver’
 1356 | static void __exit __driver##_exit(void) \
      |                    ^~~~~~~~
drivers/mfd/arizona-spi.c:114:1: note: in expansion of macro ‘module_spi_driver’
  114 | module_spi_driver(arizona_spi_driver);
      | ^~~~~~~~~~~~~~~~~
In file included from drivers/mfd/arizona-spi.c:14:
./include/linux/module.h:132:6: warning: ‘init_module’ specifies less restrictive attribute than its target ‘arizona_spi_driver_init’: ‘cold’ [-Wmissing-attributes]
  132 |  int init_module(void) __attribute__((alias(#initfn)));
      |      ^~~~~~~~~~~
./include/linux/device.h:1355:1: note: in expansion of macro ‘module_init’
 1355 | module_init(__driver##_init); \
      | ^~~~~~~~~~~
./include/linux/spi/spi.h:290:2: note: in expansion of macro ‘module_driver’
  290 |  module_driver(__spi_driver, spi_register_driver, \
      |  ^~~~~~~~~~~~~
drivers/mfd/arizona-spi.c:114:1: note: in expansion of macro ‘module_spi_driver’
  114 | module_spi_driver(arizona_spi_driver);
      | ^~~~~~~~~~~~~~~~~
In file included from ./include/linux/pm_runtime.h:12,
                 from drivers/mfd/arizona-spi.c:15:
drivers/mfd/arizona-spi.c:114:19: note: ‘init_module’ target declared here
  114 | module_spi_driver(arizona_spi_driver);
      |                   ^~~~~~~~~~~~~~~~~~
./include/linux/device.h:1351:19: note: in definition of macro ‘module_driver’
 1351 | static int __init __driver##_init(void) \
      |                   ^~~~~~~~
drivers/mfd/arizona-spi.c:114:1: note: in expansion of macro ‘module_spi_driver’
  114 | module_spi_driver(arizona_spi_driver);
      | ^~~~~~~~~~~~~~~~~
  CC [M]  drivers/mfd/ucb1400_core.o
In file included from drivers/mfd/ucb1400_core.c:23:
./include/linux/module.h:132:6: warning: ‘init_module’ specifies less restrictive attribute than its target ‘ucb1400_core_init’: ‘cold’ [-Wmissing-attributes]
  132 |  int init_module(void) __attribute__((alias(#initfn)));
      |      ^~~~~~~~~~~
drivers/mfd/ucb1400_core.c:159:1: note: in expansion of macro ‘module_init’
  159 | module_init(ucb1400_core_init);
      | ^~~~~~~~~~~
drivers/mfd/ucb1400_core.c:149:19: note: ‘init_module’ target declared here
  149 | static int __init ucb1400_core_init(void)
      |                   ^~~~~~~~~~~~~~~~~
In file included from drivers/mfd/ucb1400_core.c:23:
./include/linux/module.h:138:7: warning: ‘cleanup_module’ specifies less restrictive attribute than its target ‘ucb1400_core_exit’: ‘cold’ [-Wmissing-attributes]
  138 |  void cleanup_module(void) __attribute__((alias(#exitfn)));
      |       ^~~~~~~~~~~~~~
drivers/mfd/ucb1400_core.c:160:1: note: in expansion of macro ‘module_exit’
  160 | module_exit(ucb1400_core_exit);
      | ^~~~~~~~~~~
drivers/mfd/ucb1400_core.c:154:20: note: ‘cleanup_module’ target declared here
  154 | static void __exit ucb1400_core_exit(void)
      |                    ^~~~~~~~~~~~~~~~~
  CC [M]  drivers/mfd/wl1273-core.o
In file included from drivers/mfd/wl1273-core.c:25:
./include/linux/module.h:138:7: warning: ‘cleanup_module’ specifies less restrictive attribute than its target ‘wl1273_core_exit’: ‘cold’ [-Wmissing-attributes]
  138 |  void cleanup_module(void) __attribute__((alias(#exitfn)));
      |       ^~~~~~~~~~~~~~
drivers/mfd/wl1273-core.c:273:1: note: in expansion of macro ‘module_exit’
  273 | module_exit(wl1273_core_exit);
      | ^~~~~~~~~~~
drivers/mfd/wl1273-core.c:268:20: note: ‘cleanup_module’ target declared here
  268 | static void __exit wl1273_core_exit(void)
      |                    ^~~~~~~~~~~~~~~~
In file included from drivers/mfd/wl1273-core.c:25:
./include/linux/module.h:132:6: warning: ‘init_module’ specifies less restrictive attribute than its target ‘wl1273_core_init’: ‘cold’ [-Wmissing-attributes]
  132 |  int init_module(void) __attribute__((alias(#initfn)));
      |      ^~~~~~~~~~~
./include/linux/module.h:122:28: note: in expansion of macro ‘module_init’
  122 | #define late_initcall(fn)  module_init(fn)
      |                            ^~~~~~~~~~~
drivers/mfd/wl1273-core.c:272:1: note: in expansion of macro ‘late_initcall’
  272 | late_initcall(wl1273_core_init);
      | ^~~~~~~~~~~~~
drivers/mfd/wl1273-core.c:254:19: note: ‘init_module’ target declared here
  254 | static int __init wl1273_core_init(void)
      |                   ^~~~~~~~~~~~~~~~
  CC [M]  drivers/mfd/rpisense-core.o
In file included from drivers/mfd/rpisense-core.c:17:
./include/linux/module.h:138:7: warning: ‘cleanup_module’ specifies less restrictive attribute than its target ‘rpisense_driver_exit’: ‘cold’ [-Wmissing-attributes]
  138 |  void cleanup_module(void) __attribute__((alias(#exitfn)));
      |       ^~~~~~~~~~~~~~
./include/linux/device.h:1360:1: note: in expansion of macro ‘module_exit’
 1360 | module_exit(__driver##_exit);
      | ^~~~~~~~~~~
./include/linux/i2c.h:751:2: note: in expansion of macro ‘module_driver’
  751 |  module_driver(__i2c_driver, i2c_add_driver, \
      |  ^~~~~~~~~~~~~
drivers/mfd/rpisense-core.c:152:1: note: in expansion of macro ‘module_i2c_driver’
  152 | module_i2c_driver(rpisense_driver);
      | ^~~~~~~~~~~~~~~~~
In file included from ./include/linux/i2c.h:30,
                 from drivers/mfd/rpisense-core.c:21:
drivers/mfd/rpisense-core.c:152:19: note: ‘cleanup_module’ target declared here
  152 | module_i2c_driver(rpisense_driver);
      |                   ^~~~~~~~~~~~~~~
./include/linux/device.h:1356:20: note: in definition of macro ‘module_driver’
 1356 | static void __exit __driver##_exit(void) \
      |                    ^~~~~~~~
drivers/mfd/rpisense-core.c:152:1: note: in expansion of macro ‘module_i2c_driver’
  152 | module_i2c_driver(rpisense_driver);
      | ^~~~~~~~~~~~~~~~~
In file included from drivers/mfd/rpisense-core.c:17:
./include/linux/module.h:132:6: warning: ‘init_module’ specifies less restrictive attribute than its target ‘rpisense_driver_init’: ‘cold’ [-Wmissing-attributes]
  132 |  int init_module(void) __attribute__((alias(#initfn)));
      |      ^~~~~~~~~~~
./include/linux/device.h:1355:1: note: in expansion of macro ‘module_init’
 1355 | module_init(__driver##_init); \
      | ^~~~~~~~~~~
./include/linux/i2c.h:751:2: note: in expansion of macro ‘module_driver’
  751 |  module_driver(__i2c_driver, i2c_add_driver, \
      |  ^~~~~~~~~~~~~
drivers/mfd/rpisense-core.c:152:1: note: in expansion of macro ‘module_i2c_driver’
  152 | module_i2c_driver(rpisense_driver);
      | ^~~~~~~~~~~~~~~~~
In file included from ./include/linux/i2c.h:30,
                 from drivers/mfd/rpisense-core.c:21:
drivers/mfd/rpisense-core.c:152:19: note: ‘init_module’ target declared here
  152 | module_i2c_driver(rpisense_driver);
      |                   ^~~~~~~~~~~~~~~
./include/linux/device.h:1351:19: note: in definition of macro ‘module_driver’
 1351 | static int __init __driver##_init(void) \
      |                   ^~~~~~~~
drivers/mfd/rpisense-core.c:152:1: note: in expansion of macro ‘module_i2c_driver’
  152 | module_i2c_driver(rpisense_driver);
      | ^~~~~~~~~~~~~~~~~
  LD      drivers/misc/cb710/built-in.o
  LD      drivers/misc/eeprom/built-in.o
  CC [M]  drivers/misc/eeprom/at24.o
In file included from drivers/misc/eeprom/at24.c:14:
./include/linux/module.h:138:7: warning: ‘cleanup_module’ specifies less restrictive attribute than its target ‘at24_exit’: ‘cold’ [-Wmissing-attributes]
  138 |  void cleanup_module(void) __attribute__((alias(#exitfn)));
      |       ^~~~~~~~~~~~~~
drivers/misc/eeprom/at24.c:864:1: note: in expansion of macro ‘module_exit’
  864 | module_exit(at24_exit);
      | ^~~~~~~~~~~
drivers/misc/eeprom/at24.c:860:20: note: ‘cleanup_module’ target declared here
  860 | static void __exit at24_exit(void)
      |                    ^~~~~~~~~
In file included from drivers/misc/eeprom/at24.c:14:
./include/linux/module.h:132:6: warning: ‘init_module’ specifies less restrictive attribute than its target ‘at24_init’: ‘cold’ [-Wmissing-attributes]
  132 |  int init_module(void) __attribute__((alias(#initfn)));
      |      ^~~~~~~~~~~
drivers/misc/eeprom/at24.c:858:1: note: in expansion of macro ‘module_init’
  858 | module_init(at24_init);
      | ^~~~~~~~~~~
drivers/misc/eeprom/at24.c:848:19: note: ‘init_module’ target declared here
  848 | static int __init at24_init(void)
      |                   ^~~~~~~~~
  CC [M]  drivers/misc/eeprom/eeprom_93cx6.o
  LD      drivers/misc/lis3lv02d/built-in.o
  LD      drivers/misc/mic/bus/built-in.o
  LD      drivers/misc/mic/built-in.o
  LD      drivers/misc/ti-st/built-in.o
  CC [M]  drivers/misc/ti-st/st_core.o
  CC [M]  drivers/misc/ti-st/st_kim.o
In file included from drivers/misc/ti-st/st_kim.c:38:
./include/linux/module.h:132:6: warning: ‘init_module’ specifies less restrictive attribute than its target ‘kim_platform_driver_init’: ‘cold’ [-Wmissing-attributes]
  132 |  int init_module(void) __attribute__((alias(#initfn)));
      |      ^~~~~~~~~~~
./include/linux/device.h:1355:1: note: in expansion of macro ‘module_init’
 1355 | module_init(__driver##_init); \
      | ^~~~~~~~~~~
./include/linux/platform_device.h:228:2: note: in expansion of macro ‘module_driver’
  228 |  module_driver(__platform_driver, platform_driver_register, \
      |  ^~~~~~~~~~~~~
drivers/misc/ti-st/st_kim.c:865:1: note: in expansion of macro ‘module_platform_driver’
  865 | module_platform_driver(kim_platform_driver);
      | ^~~~~~~~~~~~~~~~~~~~~~
In file included from ./include/linux/platform_device.h:14,
                 from drivers/misc/ti-st/st_kim.c:24:
drivers/misc/ti-st/st_kim.c:865:24: note: ‘init_module’ target declared here
  865 | module_platform_driver(kim_platform_driver);
      |                        ^~~~~~~~~~~~~~~~~~~
./include/linux/device.h:1351:19: note: in definition of macro ‘module_driver’
 1351 | static int __init __driver##_init(void) \
      |                   ^~~~~~~~
drivers/misc/ti-st/st_kim.c:865:1: note: in expansion of macro ‘module_platform_driver’
  865 | module_platform_driver(kim_platform_driver);
      | ^~~~~~~~~~~~~~~~~~~~~~
In file included from drivers/misc/ti-st/st_kim.c:38:
./include/linux/module.h:138:7: warning: ‘cleanup_module’ specifies less restrictive attribute than its target ‘kim_platform_driver_exit’: ‘cold’ [-Wmissing-attributes]
  138 |  void cleanup_module(void) __attribute__((alias(#exitfn)));
      |       ^~~~~~~~~~~~~~
./include/linux/device.h:1360:1: note: in expansion of macro ‘module_exit’
 1360 | module_exit(__driver##_exit);
      | ^~~~~~~~~~~
./include/linux/platform_device.h:228:2: note: in expansion of macro ‘module_driver’
  228 |  module_driver(__platform_driver, platform_driver_register, \
      |  ^~~~~~~~~~~~~
drivers/misc/ti-st/st_kim.c:865:1: note: in expansion of macro ‘module_platform_driver’
  865 | module_platform_driver(kim_platform_driver);
      | ^~~~~~~~~~~~~~~~~~~~~~
In file included from ./include/linux/platform_device.h:14,
                 from drivers/misc/ti-st/st_kim.c:24:
drivers/misc/ti-st/st_kim.c:865:24: note: ‘cleanup_module’ target declared here
  865 | module_platform_driver(kim_platform_driver);
      |                        ^~~~~~~~~~~~~~~~~~~
./include/linux/device.h:1356:20: note: in definition of macro ‘module_driver’
 1356 | static void __exit __driver##_exit(void) \
      |                    ^~~~~~~~
drivers/misc/ti-st/st_kim.c:865:1: note: in expansion of macro ‘module_platform_driver’
  865 | module_platform_driver(kim_platform_driver);
      | ^~~~~~~~~~~~~~~~~~~~~~
  CC [M]  drivers/misc/ti-st/st_ll.o
  LD [M]  drivers/misc/ti-st/st_drv.o
  LD      drivers/misc/built-in.o
  CC [M]  drivers/misc/bcm2835_smi.o
In file included from drivers/misc/bcm2835_smi.c:39:
./include/linux/module.h:138:7: warning: ‘cleanup_module’ specifies less restrictive attribute than its target ‘bcm2835_smi_driver_exit’: ‘cold’ [-Wmissing-attributes]
  138 |  void cleanup_module(void) __attribute__((alias(#exitfn)));
      |       ^~~~~~~~~~~~~~
./include/linux/device.h:1360:1: note: in expansion of macro ‘module_exit’
 1360 | module_exit(__driver##_exit);
      | ^~~~~~~~~~~
./include/linux/platform_device.h:228:2: note: in expansion of macro ‘module_driver’
  228 |  module_driver(__platform_driver, platform_driver_register, \
      |  ^~~~~~~~~~~~~
drivers/misc/bcm2835_smi.c:950:1: note: in expansion of macro ‘module_platform_driver’
  950 | module_platform_driver(bcm2835_smi_driver);
      | ^~~~~~~~~~~~~~~~~~~~~~
In file included from ./include/linux/platform_device.h:14,
                 from drivers/misc/bcm2835_smi.c:41:
drivers/misc/bcm2835_smi.c:950:24: note: ‘cleanup_module’ target declared here
  950 | module_platform_driver(bcm2835_smi_driver);
      |                        ^~~~~~~~~~~~~~~~~~
./include/linux/device.h:1356:20: note: in definition of macro ‘module_driver’
 1356 | static void __exit __driver##_exit(void) \
      |                    ^~~~~~~~
drivers/misc/bcm2835_smi.c:950:1: note: in expansion of macro ‘module_platform_driver’
  950 | module_platform_driver(bcm2835_smi_driver);
      | ^~~~~~~~~~~~~~~~~~~~~~
In file included from drivers/misc/bcm2835_smi.c:39:
./include/linux/module.h:132:6: warning: ‘init_module’ specifies less restrictive attribute than its target ‘bcm2835_smi_driver_init’: ‘cold’ [-Wmissing-attributes]
  132 |  int init_module(void) __attribute__((alias(#initfn)));
      |      ^~~~~~~~~~~
./include/linux/device.h:1355:1: note: in expansion of macro ‘module_init’
 1355 | module_init(__driver##_init); \
      | ^~~~~~~~~~~
./include/linux/platform_device.h:228:2: note: in expansion of macro ‘module_driver’
  228 |  module_driver(__platform_driver, platform_driver_register, \
      |  ^~~~~~~~~~~~~
drivers/misc/bcm2835_smi.c:950:1: note: in expansion of macro ‘module_platform_driver’
  950 | module_platform_driver(bcm2835_smi_driver);
      | ^~~~~~~~~~~~~~~~~~~~~~
In file included from ./include/linux/platform_device.h:14,
                 from drivers/misc/bcm2835_smi.c:41:
drivers/misc/bcm2835_smi.c:950:24: note: ‘init_module’ target declared here
  950 | module_platform_driver(bcm2835_smi_driver);
      |                        ^~~~~~~~~~~~~~~~~~
./include/linux/device.h:1351:19: note: in definition of macro ‘module_driver’
 1351 | static int __init __driver##_init(void) \
      |                   ^~~~~~~~
drivers/misc/bcm2835_smi.c:950:1: note: in expansion of macro ‘module_platform_driver’
  950 | module_platform_driver(bcm2835_smi_driver);
      | ^~~~~~~~~~~~~~~~~~~~~~
  CC      drivers/mmc/card/block.o
  CC      drivers/mmc/card/queue.o
  LD      drivers/mmc/card/mmc_block.o
  LD      drivers/mmc/card/built-in.o
  CC      drivers/mmc/core/core.o
  CC      drivers/mmc/core/bus.o
  CC      drivers/mmc/core/host.o
  CC      drivers/mmc/core/mmc.o
  CC      drivers/mmc/core/mmc_ops.o
  CC      drivers/mmc/core/sd.o
  CC      drivers/mmc/core/sd_ops.o
  CC      drivers/mmc/core/sdio.o
  CC      drivers/mmc/core/sdio_ops.o
  CC      drivers/mmc/core/sdio_bus.o
  CC      drivers/mmc/core/sdio_cis.o
  CC      drivers/mmc/core/sdio_io.o
  CC      drivers/mmc/core/sdio_irq.o
  CC      drivers/mmc/core/quirks.o
  CC      drivers/mmc/core/slot-gpio.o
  CC      drivers/mmc/core/pwrseq.o
  CC      drivers/mmc/core/debugfs.o
  LD      drivers/mmc/core/mmc_core.o
  CC      drivers/mmc/core/pwrseq_simple.o
  CC      drivers/mmc/core/pwrseq_emmc.o
  LD      drivers/mmc/core/built-in.o
  CC      drivers/mmc/host/sdhci.o
  CC      drivers/mmc/host/bcm2835-sdhost.o
  CC      drivers/mmc/host/bcm2835-mmc.o
  CC      drivers/mmc/host/sdhci-pltfm.o
  LD      drivers/mmc/host/built-in.o
  CC [M]  drivers/mmc/host/mmc_spi.o
In file included from drivers/mmc/host/mmc_spi.c:30:
./include/linux/module.h:138:7: warning: ‘cleanup_module’ specifies less restrictive attribute than its target ‘mmc_spi_driver_exit’: ‘cold’ [-Wmissing-attributes]
  138 |  void cleanup_module(void) __attribute__((alias(#exitfn)));
      |       ^~~~~~~~~~~~~~
./include/linux/device.h:1360:1: note: in expansion of macro ‘module_exit’
 1360 | module_exit(__driver##_exit);
      | ^~~~~~~~~~~
./include/linux/spi/spi.h:290:2: note: in expansion of macro ‘module_driver’
  290 |  module_driver(__spi_driver, spi_register_driver, \
      |  ^~~~~~~~~~~~~
drivers/mmc/host/mmc_spi.c:1542:1: note: in expansion of macro ‘module_spi_driver’
 1542 | module_spi_driver(mmc_spi_driver);
      | ^~~~~~~~~~~~~~~~~
In file included from ./include/linux/dma-mapping.h:6,
                 from drivers/mmc/host/mmc_spi.c:32:
drivers/mmc/host/mmc_spi.c:1542:19: note: ‘cleanup_module’ target declared here
 1542 | module_spi_driver(mmc_spi_driver);
      |                   ^~~~~~~~~~~~~~
./include/linux/device.h:1356:20: note: in definition of macro ‘module_driver’
 1356 | static void __exit __driver##_exit(void) \
      |                    ^~~~~~~~
drivers/mmc/host/mmc_spi.c:1542:1: note: in expansion of macro ‘module_spi_driver’
 1542 | module_spi_driver(mmc_spi_driver);
      | ^~~~~~~~~~~~~~~~~
In file included from drivers/mmc/host/mmc_spi.c:30:
./include/linux/module.h:132:6: warning: ‘init_module’ specifies less restrictive attribute than its target ‘mmc_spi_driver_init’: ‘cold’ [-Wmissing-attributes]
  132 |  int init_module(void) __attribute__((alias(#initfn)));
      |      ^~~~~~~~~~~
./include/linux/device.h:1355:1: note: in expansion of macro ‘module_init’
 1355 | module_init(__driver##_init); \
      | ^~~~~~~~~~~
./include/linux/spi/spi.h:290:2: note: in expansion of macro ‘module_driver’
  290 |  module_driver(__spi_driver, spi_register_driver, \
      |  ^~~~~~~~~~~~~
drivers/mmc/host/mmc_spi.c:1542:1: note: in expansion of macro ‘module_spi_driver’
 1542 | module_spi_driver(mmc_spi_driver);
      | ^~~~~~~~~~~~~~~~~
In file included from ./include/linux/dma-mapping.h:6,
                 from drivers/mmc/host/mmc_spi.c:32:
drivers/mmc/host/mmc_spi.c:1542:19: note: ‘init_module’ target declared here
 1542 | module_spi_driver(mmc_spi_driver);
      |                   ^~~~~~~~~~~~~~
./include/linux/device.h:1351:19: note: in definition of macro ‘module_driver’
 1351 | static int __init __driver##_init(void) \
      |                   ^~~~~~~~
drivers/mmc/host/mmc_spi.c:1542:1: note: in expansion of macro ‘module_spi_driver’
 1542 | module_spi_driver(mmc_spi_driver);
      | ^~~~~~~~~~~~~~~~~
  CC [M]  drivers/mmc/host/of_mmc_spi.o
  LD      drivers/mmc/built-in.o
  LD      drivers/mtd/chips/built-in.o
  CC [M]  drivers/mtd/chips/chipreg.o
  LD      drivers/mtd/devices/built-in.o
  CC [M]  drivers/mtd/devices/m25p80.o
In file included from drivers/mtd/devices/m25p80.c:20:
./include/linux/module.h:138:7: warning: ‘cleanup_module’ specifies less restrictive attribute than its target ‘m25p80_driver_exit’: ‘cold’ [-Wmissing-attributes]
  138 |  void cleanup_module(void) __attribute__((alias(#exitfn)));
      |       ^~~~~~~~~~~~~~
./include/linux/device.h:1360:1: note: in expansion of macro ‘module_exit’
 1360 | module_exit(__driver##_exit);
      | ^~~~~~~~~~~
./include/linux/spi/spi.h:290:2: note: in expansion of macro ‘module_driver’
  290 |  module_driver(__spi_driver, spi_register_driver, \
      |  ^~~~~~~~~~~~~
drivers/mtd/devices/m25p80.c:337:1: note: in expansion of macro ‘module_spi_driver’
  337 | module_spi_driver(m25p80_driver);
      | ^~~~~~~~~~~~~~~~~
In file included from drivers/mtd/devices/m25p80.c:21:
drivers/mtd/devices/m25p80.c:337:19: note: ‘cleanup_module’ target declared here
  337 | module_spi_driver(m25p80_driver);
      |                   ^~~~~~~~~~~~~
./include/linux/device.h:1356:20: note: in definition of macro ‘module_driver’
 1356 | static void __exit __driver##_exit(void) \
      |                    ^~~~~~~~
drivers/mtd/devices/m25p80.c:337:1: note: in expansion of macro ‘module_spi_driver’
  337 | module_spi_driver(m25p80_driver);
      | ^~~~~~~~~~~~~~~~~
In file included from drivers/mtd/devices/m25p80.c:20:
./include/linux/module.h:132:6: warning: ‘init_module’ specifies less restrictive attribute than its target ‘m25p80_driver_init’: ‘cold’ [-Wmissing-attributes]
  132 |  int init_module(void) __attribute__((alias(#initfn)));
      |      ^~~~~~~~~~~
./include/linux/device.h:1355:1: note: in expansion of macro ‘module_init’
 1355 | module_init(__driver##_init); \
      | ^~~~~~~~~~~
./include/linux/spi/spi.h:290:2: note: in expansion of macro ‘module_driver’
  290 |  module_driver(__spi_driver, spi_register_driver, \
      |  ^~~~~~~~~~~~~
drivers/mtd/devices/m25p80.c:337:1: note: in expansion of macro ‘module_spi_driver’
  337 | module_spi_driver(m25p80_driver);
      | ^~~~~~~~~~~~~~~~~
In file included from drivers/mtd/devices/m25p80.c:21:
drivers/mtd/devices/m25p80.c:337:19: note: ‘init_module’ target declared here
  337 | module_spi_driver(m25p80_driver);
      |                   ^~~~~~~~~~~~~
./include/linux/device.h:1351:19: note: in definition of macro ‘module_driver’
 1351 | static int __init __driver##_init(void) \
      |                   ^~~~~~~~
drivers/mtd/devices/m25p80.c:337:1: note: in expansion of macro ‘module_spi_driver’
  337 | module_spi_driver(m25p80_driver);
      | ^~~~~~~~~~~~~~~~~
  LD      drivers/mtd/lpddr/built-in.o
  LD      drivers/mtd/maps/built-in.o
  LD      drivers/mtd/nand/built-in.o
  CC [M]  drivers/mtd/nand/nand_base.o
  CC [M]  drivers/mtd/nand/nand_bbt.o
  CC [M]  drivers/mtd/nand/nand_timings.o
  LD [M]  drivers/mtd/nand/nand.o
  CC [M]  drivers/mtd/nand/nand_ecc.o
  CC [M]  drivers/mtd/nand/nand_ids.o
  CC [M]  drivers/mtd/nand/bcm2835_smi_nand.o
In file included from drivers/mtd/nand/bcm2835_smi_nand.c:38:
./include/linux/module.h:138:7: warning: ‘cleanup_module’ specifies less restrictive attribute than its target ‘bcm2835_smi_nand_driver_exit’: ‘cold’ [-Wmissing-attributes]
  138 |  void cleanup_module(void) __attribute__((alias(#exitfn)));
      |       ^~~~~~~~~~~~~~
./include/linux/device.h:1360:1: note: in expansion of macro ‘module_exit’
 1360 | module_exit(__driver##_exit);
      | ^~~~~~~~~~~
./include/linux/platform_device.h:228:2: note: in expansion of macro ‘module_driver’
  228 |  module_driver(__platform_driver, platform_driver_register, \
      |  ^~~~~~~~~~~~~
drivers/mtd/nand/bcm2835_smi_nand.c:261:1: note: in expansion of macro ‘module_platform_driver’
  261 | module_platform_driver(bcm2835_smi_nand_driver);
      | ^~~~~~~~~~~~~~~~~~~~~~
In file included from ./include/linux/platform_device.h:14,
                 from drivers/mtd/nand/bcm2835_smi_nand.c:40:
drivers/mtd/nand/bcm2835_smi_nand.c:261:24: note: ‘cleanup_module’ target declared here
  261 | module_platform_driver(bcm2835_smi_nand_driver);
      |                        ^~~~~~~~~~~~~~~~~~~~~~~
./include/linux/device.h:1356:20: note: in definition of macro ‘module_driver’
 1356 | static void __exit __driver##_exit(void) \
      |                    ^~~~~~~~
drivers/mtd/nand/bcm2835_smi_nand.c:261:1: note: in expansion of macro ‘module_platform_driver’
  261 | module_platform_driver(bcm2835_smi_nand_driver);
      | ^~~~~~~~~~~~~~~~~~~~~~
In file included from drivers/mtd/nand/bcm2835_smi_nand.c:38:
./include/linux/module.h:132:6: warning: ‘init_module’ specifies less restrictive attribute than its target ‘bcm2835_smi_nand_driver_init’: ‘cold’ [-Wmissing-attributes]
  132 |  int init_module(void) __attribute__((alias(#initfn)));
      |      ^~~~~~~~~~~
./include/linux/device.h:1355:1: note: in expansion of macro ‘module_init’
 1355 | module_init(__driver##_init); \
      | ^~~~~~~~~~~
./include/linux/platform_device.h:228:2: note: in expansion of macro ‘module_driver’
  228 |  module_driver(__platform_driver, platform_driver_register, \
      |  ^~~~~~~~~~~~~
drivers/mtd/nand/bcm2835_smi_nand.c:261:1: note: in expansion of macro ‘module_platform_driver’
  261 | module_platform_driver(bcm2835_smi_nand_driver);
      | ^~~~~~~~~~~~~~~~~~~~~~
In file included from ./include/linux/platform_device.h:14,
                 from drivers/mtd/nand/bcm2835_smi_nand.c:40:
drivers/mtd/nand/bcm2835_smi_nand.c:261:24: note: ‘init_module’ target declared here
  261 | module_platform_driver(bcm2835_smi_nand_driver);
      |                        ^~~~~~~~~~~~~~~~~~~~~~~
./include/linux/device.h:1351:19: note: in definition of macro ‘module_driver’
 1351 | static int __init __driver##_init(void) \
      |                   ^~~~~~~~
drivers/mtd/nand/bcm2835_smi_nand.c:261:1: note: in expansion of macro ‘module_platform_driver’
  261 | module_platform_driver(bcm2835_smi_nand_driver);
      | ^~~~~~~~~~~~~~~~~~~~~~
  LD      drivers/mtd/onenand/built-in.o
  LD      drivers/mtd/spi-nor/built-in.o
  CC [M]  drivers/mtd/spi-nor/spi-nor.o
  LD      drivers/mtd/tests/built-in.o
  LD      drivers/mtd/ubi/built-in.o
  CC [M]  drivers/mtd/ubi/vtbl.o
  CC [M]  drivers/mtd/ubi/vmt.o
  CC [M]  drivers/mtd/ubi/upd.o
  CC [M]  drivers/mtd/ubi/build.o
In file included from drivers/mtd/ubi/build.c:33:
./include/linux/module.h:132:6: warning: ‘init_module’ specifies less restrictive attribute than its target ‘ubi_init’: ‘cold’ [-Wmissing-attributes]
  132 |  int init_module(void) __attribute__((alias(#initfn)));
      |      ^~~~~~~~~~~
./include/linux/module.h:122:28: note: in expansion of macro ‘module_init’
  122 | #define late_initcall(fn)  module_init(fn)
      |                            ^~~~~~~~~~~
drivers/mtd/ubi/build.c:1326:1: note: in expansion of macro ‘late_initcall’
 1326 | late_initcall(ubi_init);
      | ^~~~~~~~~~~~~
drivers/mtd/ubi/build.c:1215:19: note: ‘init_module’ target declared here
 1215 | static int __init ubi_init(void)
      |                   ^~~~~~~~
In file included from drivers/mtd/ubi/build.c:33:
./include/linux/module.h:138:7: warning: ‘cleanup_module’ specifies less restrictive attribute than its target ‘ubi_exit’: ‘cold’ [-Wmissing-attributes]
  138 |  void cleanup_module(void) __attribute__((alias(#exitfn)));
      |       ^~~~~~~~~~~~~~
drivers/mtd/ubi/build.c:1345:1: note: in expansion of macro ‘module_exit’
 1345 | module_exit(ubi_exit);
      | ^~~~~~~~~~~
drivers/mtd/ubi/build.c:1328:20: note: ‘cleanup_module’ target declared here
 1328 | static void __exit ubi_exit(void)
      |                    ^~~~~~~~
  CC [M]  drivers/mtd/ubi/cdev.o
  CC [M]  drivers/mtd/ubi/kapi.o
  CC [M]  drivers/mtd/ubi/eba.o
  CC [M]  drivers/mtd/ubi/io.o
  CC [M]  drivers/mtd/ubi/wl.o
  CC [M]  drivers/mtd/ubi/attach.o
  CC [M]  drivers/mtd/ubi/misc.o
  CC [M]  drivers/mtd/ubi/debug.o
  LD [M]  drivers/mtd/ubi/ubi.o
  LD      drivers/mtd/built-in.o
  CC [M]  drivers/mtd/mtdcore.o
In file included from drivers/mtd/mtdcore.c:24:
./include/linux/module.h:132:6: warning: ‘init_module’ specifies less restrictive attribute than its target ‘init_mtd’: ‘cold’ [-Wmissing-attributes]
  132 |  int init_module(void) __attribute__((alias(#initfn)));
      |      ^~~~~~~~~~~
drivers/mtd/mtdcore.c:1830:1: note: in expansion of macro ‘module_init’
 1830 | module_init(init_mtd);
      | ^~~~~~~~~~~
drivers/mtd/mtdcore.c:1790:19: note: ‘init_module’ target declared here
 1790 | static int __init init_mtd(void)
      |                   ^~~~~~~~
In file included from drivers/mtd/mtdcore.c:24:
./include/linux/module.h:138:7: warning: ‘cleanup_module’ specifies less restrictive attribute than its target ‘cleanup_mtd’: ‘cold’ [-Wmissing-attributes]
  138 |  void cleanup_module(void) __attribute__((alias(#exitfn)));
      |       ^~~~~~~~~~~~~~
drivers/mtd/mtdcore.c:1831:1: note: in expansion of macro ‘module_exit’
 1831 | module_exit(cleanup_mtd);
      | ^~~~~~~~~~~
drivers/mtd/mtdcore.c:1820:20: note: ‘cleanup_module’ target declared here
 1820 | static void __exit cleanup_mtd(void)
      |                    ^~~~~~~~~~~
  CC [M]  drivers/mtd/mtdsuper.o
  CC [M]  drivers/mtd/mtdconcat.o
  CC [M]  drivers/mtd/mtdpart.o
  CC [M]  drivers/mtd/mtdchar.o
  LD [M]  drivers/mtd/mtd.o
  CC [M]  drivers/mtd/ofpart.o
In file included from drivers/mtd/ofpart.c:16:
./include/linux/module.h:132:6: warning: ‘init_module’ specifies less restrictive attribute than its target ‘ofpart_parser_init’: ‘cold’ [-Wmissing-attributes]
  132 |  int init_module(void) __attribute__((alias(#initfn)));
      |      ^~~~~~~~~~~
drivers/mtd/ofpart.c:221:1: note: in expansion of macro ‘module_init’
  221 | module_init(ofpart_parser_init);
      | ^~~~~~~~~~~
drivers/mtd/ofpart.c:208:19: note: ‘init_module’ target declared here
  208 | static int __init ofpart_parser_init(void)
      |                   ^~~~~~~~~~~~~~~~~~
In file included from drivers/mtd/ofpart.c:16:
./include/linux/module.h:138:7: warning: ‘cleanup_module’ specifies less restrictive attribute than its target ‘ofpart_parser_exit’: ‘cold’ [-Wmissing-attributes]
  138 |  void cleanup_module(void) __attribute__((alias(#exitfn)));
      |       ^~~~~~~~~~~~~~
drivers/mtd/ofpart.c:222:1: note: in expansion of macro ‘module_exit’
  222 | module_exit(ofpart_parser_exit);
      | ^~~~~~~~~~~
drivers/mtd/ofpart.c:215:20: note: ‘cleanup_module’ target declared here
  215 | static void __exit ofpart_parser_exit(void)
      |                    ^~~~~~~~~~~~~~~~~~
  CC [M]  drivers/mtd/mtd_blkdevs.o
In file included from drivers/mtd/mtd_blkdevs.c:24:
./include/linux/module.h:138:7: warning: ‘cleanup_module’ specifies less restrictive attribute than its target ‘mtd_blktrans_exit’: ‘cold’ [-Wmissing-attributes]
  138 |  void cleanup_module(void) __attribute__((alias(#exitfn)));
      |       ^~~~~~~~~~~~~~
drivers/mtd/mtd_blkdevs.c:588:1: note: in expansion of macro ‘module_exit’
  588 | module_exit(mtd_blktrans_exit);
      | ^~~~~~~~~~~
drivers/mtd/mtd_blkdevs.c:580:20: note: ‘cleanup_module’ target declared here
  580 | static void __exit mtd_blktrans_exit(void)
      |                    ^~~~~~~~~~~~~~~~~
  CC [M]  drivers/mtd/mtdblock.o
In file included from drivers/mtd/mtdblock.c:26:
./include/linux/module.h:132:6: warning: ‘init_module’ specifies less restrictive attribute than its target ‘init_mtdblock’: ‘cold’ [-Wmissing-attributes]
  132 |  int init_module(void) __attribute__((alias(#initfn)));
      |      ^~~~~~~~~~~
drivers/mtd/mtdblock.c:390:1: note: in expansion of macro ‘module_init’
  390 | module_init(init_mtdblock);
      | ^~~~~~~~~~~
drivers/mtd/mtdblock.c:380:19: note: ‘init_module’ target declared here
  380 | static int __init init_mtdblock(void)
      |                   ^~~~~~~~~~~~~
In file included from drivers/mtd/mtdblock.c:26:
./include/linux/module.h:138:7: warning: ‘cleanup_module’ specifies less restrictive attribute than its target ‘cleanup_mtdblock’: ‘cold’ [-Wmissing-attributes]
  138 |  void cleanup_module(void) __attribute__((alias(#exitfn)));
      |       ^~~~~~~~~~~~~~
drivers/mtd/mtdblock.c:391:1: note: in expansion of macro ‘module_exit’
  391 | module_exit(cleanup_mtdblock);
      | ^~~~~~~~~~~
drivers/mtd/mtdblock.c:385:20: note: ‘cleanup_module’ target declared here
  385 | static void __exit cleanup_mtdblock(void)
      |                    ^~~~~~~~~~~~~~~~
  CC      drivers/net/mii.o
  CC      drivers/net/Space.o
  CC      drivers/net/loopback.o
  LD      drivers/net/bonding/built-in.o
  CC [M]  drivers/net/bonding/bond_main.o
In file included from drivers/net/bonding/bond_main.c:35:
./include/linux/module.h:132:6: warning: ‘init_module’ specifies less restrictive attribute than its target ‘bonding_init’: ‘cold’ [-Wmissing-attributes]
  132 |  int init_module(void) __attribute__((alias(#initfn)));
      |      ^~~~~~~~~~~
drivers/net/bonding/bond_main.c:4792:1: note: in expansion of macro ‘module_init’
 4792 | module_init(bonding_init);
      | ^~~~~~~~~~~
drivers/net/bonding/bond_main.c:4738:19: note: ‘init_module’ target declared here
 4738 | static int __init bonding_init(void)
      |                   ^~~~~~~~~~~~
In file included from drivers/net/bonding/bond_main.c:35:
./include/linux/module.h:138:7: warning: ‘cleanup_module’ specifies less restrictive attribute than its target ‘bonding_exit’: ‘cold’ [-Wmissing-attributes]
  138 |  void cleanup_module(void) __attribute__((alias(#exitfn)));
      |       ^~~~~~~~~~~~~~
drivers/net/bonding/bond_main.c:4793:1: note: in expansion of macro ‘module_exit’
 4793 | module_exit(bonding_exit);
      | ^~~~~~~~~~~
drivers/net/bonding/bond_main.c:4777:20: note: ‘cleanup_module’ target declared here
 4777 | static void __exit bonding_exit(void)
      |                    ^~~~~~~~~~~~
  CC [M]  drivers/net/bonding/bond_3ad.o
  CC [M]  drivers/net/bonding/bond_alb.o
  CC [M]  drivers/net/bonding/bond_sysfs.o
  CC [M]  drivers/net/bonding/bond_sysfs_slave.o
  CC [M]  drivers/net/bonding/bond_debugfs.o
  CC [M]  drivers/net/bonding/bond_netlink.o
  CC [M]  drivers/net/bonding/bond_options.o
  CC [M]  drivers/net/bonding/bond_procfs.o
  LD [M]  drivers/net/bonding/bonding.o
  LD      drivers/net/can/rcar/built-in.o
  LD      drivers/net/can/softing/built-in.o
  LD      drivers/net/can/spi/built-in.o
  CC [M]  drivers/net/can/spi/mcp251x.o
In file included from ./include/linux/phy.h:24,
                 from ./include/net/dsa.h:19,
                 from ./include/linux/netdevice.h:44,
                 from ./include/linux/can/core.h:18,
                 from drivers/net/can/spi/mcp251x.c:57:
./include/linux/module.h:138:7: warning: ‘cleanup_module’ specifies less restrictive attribute than its target ‘mcp251x_can_driver_exit’: ‘cold’ [-Wmissing-attributes]
  138 |  void cleanup_module(void) __attribute__((alias(#exitfn)));
      |       ^~~~~~~~~~~~~~
./include/linux/device.h:1360:1: note: in expansion of macro ‘module_exit’
 1360 | module_exit(__driver##_exit);
      | ^~~~~~~~~~~
./include/linux/spi/spi.h:290:2: note: in expansion of macro ‘module_driver’
  290 |  module_driver(__spi_driver, spi_register_driver, \
      |  ^~~~~~~~~~~~~
drivers/net/can/spi/mcp251x.c:1262:1: note: in expansion of macro ‘module_spi_driver’
 1262 | module_spi_driver(mcp251x_can_driver);
      | ^~~~~~~~~~~~~~~~~
In file included from ./include/linux/dma-mapping.h:6,
                 from ./include/linux/skbuff.h:34,
                 from ./include/linux/can/core.h:17,
                 from drivers/net/can/spi/mcp251x.c:57:
drivers/net/can/spi/mcp251x.c:1262:19: note: ‘cleanup_module’ target declared here
 1262 | module_spi_driver(mcp251x_can_driver);
      |                   ^~~~~~~~~~~~~~~~~~
./include/linux/device.h:1356:20: note: in definition of macro ‘module_driver’
 1356 | static void __exit __driver##_exit(void) \
      |                    ^~~~~~~~
drivers/net/can/spi/mcp251x.c:1262:1: note: in expansion of macro ‘module_spi_driver’
 1262 | module_spi_driver(mcp251x_can_driver);
      | ^~~~~~~~~~~~~~~~~
In file included from ./include/linux/phy.h:24,
                 from ./include/net/dsa.h:19,
                 from ./include/linux/netdevice.h:44,
                 from ./include/linux/can/core.h:18,
                 from drivers/net/can/spi/mcp251x.c:57:
./include/linux/module.h:132:6: warning: ‘init_module’ specifies less restrictive attribute than its target ‘mcp251x_can_driver_init’: ‘cold’ [-Wmissing-attributes]
  132 |  int init_module(void) __attribute__((alias(#initfn)));
      |      ^~~~~~~~~~~
./include/linux/device.h:1355:1: note: in expansion of macro ‘module_init’
 1355 | module_init(__driver##_init); \
      | ^~~~~~~~~~~
./include/linux/spi/spi.h:290:2: note: in expansion of macro ‘module_driver’
  290 |  module_driver(__spi_driver, spi_register_driver, \
      |  ^~~~~~~~~~~~~
drivers/net/can/spi/mcp251x.c:1262:1: note: in expansion of macro ‘module_spi_driver’
 1262 | module_spi_driver(mcp251x_can_driver);
      | ^~~~~~~~~~~~~~~~~
In file included from ./include/linux/dma-mapping.h:6,
                 from ./include/linux/skbuff.h:34,
                 from ./include/linux/can/core.h:17,
                 from drivers/net/can/spi/mcp251x.c:57:
drivers/net/can/spi/mcp251x.c:1262:19: note: ‘init_module’ target declared here
 1262 | module_spi_driver(mcp251x_can_driver);
      |                   ^~~~~~~~~~~~~~~~~~
./include/linux/device.h:1351:19: note: in definition of macro ‘module_driver’
 1351 | static int __init __driver##_init(void) \
      |                   ^~~~~~~~
drivers/net/can/spi/mcp251x.c:1262:1: note: in expansion of macro ‘module_spi_driver’
 1262 | module_spi_driver(mcp251x_can_driver);
      | ^~~~~~~~~~~~~~~~~
  LD      drivers/net/can/usb/built-in.o
  CC [M]  drivers/net/can/usb/gs_usb.o
In file included from drivers/net/can/usb/gs_usb.c:22:
./include/linux/module.h:138:7: warning: ‘cleanup_module’ specifies less restrictive attribute than its target ‘gs_usb_driver_exit’: ‘cold’ [-Wmissing-attributes]
  138 |  void cleanup_module(void) __attribute__((alias(#exitfn)));
      |       ^~~~~~~~~~~~~~
./include/linux/device.h:1360:1: note: in expansion of macro ‘module_exit’
 1360 | module_exit(__driver##_exit);
      | ^~~~~~~~~~~
./include/linux/usb.h:1195:2: note: in expansion of macro ‘module_driver’
 1195 |  module_driver(__usb_driver, usb_register, \
      |  ^~~~~~~~~~~~~
drivers/net/can/usb/gs_usb.c:1047:1: note: in expansion of macro ‘module_usb_driver’
 1047 | module_usb_driver(gs_usb_driver);
      | ^~~~~~~~~~~~~~~~~
In file included from ./include/linux/dmaengine.h:20,
                 from ./include/linux/netdevice.h:38,
                 from drivers/net/can/usb/gs_usb.c:23:
drivers/net/can/usb/gs_usb.c:1047:19: note: ‘cleanup_module’ target declared here
 1047 | module_usb_driver(gs_usb_driver);
      |                   ^~~~~~~~~~~~~
./include/linux/device.h:1356:20: note: in definition of macro ‘module_driver’
 1356 | static void __exit __driver##_exit(void) \
      |                    ^~~~~~~~
drivers/net/can/usb/gs_usb.c:1047:1: note: in expansion of macro ‘module_usb_driver’
 1047 | module_usb_driver(gs_usb_driver);
      | ^~~~~~~~~~~~~~~~~
In file included from drivers/net/can/usb/gs_usb.c:22:
./include/linux/module.h:132:6: warning: ‘init_module’ specifies less restrictive attribute than its target ‘gs_usb_driver_init’: ‘cold’ [-Wmissing-attributes]
  132 |  int init_module(void) __attribute__((alias(#initfn)));
      |      ^~~~~~~~~~~
./include/linux/device.h:1355:1: note: in expansion of macro ‘module_init’
 1355 | module_init(__driver##_init); \
      | ^~~~~~~~~~~
./include/linux/usb.h:1195:2: note: in expansion of macro ‘module_driver’
 1195 |  module_driver(__usb_driver, usb_register, \
      |  ^~~~~~~~~~~~~
drivers/net/can/usb/gs_usb.c:1047:1: note: in expansion of macro ‘module_usb_driver’
 1047 | module_usb_driver(gs_usb_driver);
      | ^~~~~~~~~~~~~~~~~
In file included from ./include/linux/dmaengine.h:20,
                 from ./include/linux/netdevice.h:38,
                 from drivers/net/can/usb/gs_usb.c:23:
drivers/net/can/usb/gs_usb.c:1047:19: note: ‘init_module’ target declared here
 1047 | module_usb_driver(gs_usb_driver);
      |                   ^~~~~~~~~~~~~
./include/linux/device.h:1351:19: note: in definition of macro ‘module_driver’
 1351 | static int __init __driver##_init(void) \
      |                   ^~~~~~~~
drivers/net/can/usb/gs_usb.c:1047:1: note: in expansion of macro ‘module_usb_driver’
 1047 | module_usb_driver(gs_usb_driver);
      | ^~~~~~~~~~~~~~~~~
  LD      drivers/net/can/built-in.o
  CC [M]  drivers/net/can/vcan.o
In file included from drivers/net/can/vcan.c:42:
./include/linux/module.h:132:6: warning: ‘init_module’ specifies less restrictive attribute than its target ‘vcan_init_module’: ‘cold’ [-Wmissing-attributes]
  132 |  int init_module(void) __attribute__((alias(#initfn)));
      |      ^~~~~~~~~~~
drivers/net/can/vcan.c:186:1: note: in expansion of macro ‘module_init’
  186 | module_init(vcan_init_module);
      | ^~~~~~~~~~~
drivers/net/can/vcan.c:171:19: note: ‘init_module’ target declared here
  171 | static __init int vcan_init_module(void)
      |                   ^~~~~~~~~~~~~~~~
In file included from drivers/net/can/vcan.c:42:
./include/linux/module.h:138:7: warning: ‘cleanup_module’ specifies less restrictive attribute than its target ‘vcan_cleanup_module’: ‘cold’ [-Wmissing-attributes]
  138 |  void cleanup_module(void) __attribute__((alias(#exitfn)));
      |       ^~~~~~~~~~~~~~
drivers/net/can/vcan.c:187:1: note: in expansion of macro ‘module_exit’
  187 | module_exit(vcan_cleanup_module);
      | ^~~~~~~~~~~
drivers/net/can/vcan.c:181:20: note: ‘cleanup_module’ target declared here
  181 | static __exit void vcan_cleanup_module(void)
      |                    ^~~~~~~~~~~~~~~~~~~
  CC [M]  drivers/net/can/slcan.o
In file included from drivers/net/can/slcan.c:38:
./include/linux/module.h:132:6: warning: ‘init_module’ specifies less restrictive attribute than its target ‘slcan_init’: ‘cold’ [-Wmissing-attributes]
  132 |  int init_module(void) __attribute__((alias(#initfn)));
      |      ^~~~~~~~~~~
drivers/net/can/slcan.c:779:1: note: in expansion of macro ‘module_init’
  779 | module_init(slcan_init);
      | ^~~~~~~~~~~
drivers/net/can/slcan.c:696:19: note: ‘init_module’ target declared here
  696 | static int __init slcan_init(void)
      |                   ^~~~~~~~~~
In file included from drivers/net/can/slcan.c:38:
./include/linux/module.h:138:7: warning: ‘cleanup_module’ specifies less restrictive attribute than its target ‘slcan_exit’: ‘cold’ [-Wmissing-attributes]
  138 |  void cleanup_module(void) __attribute__((alias(#exitfn)));
      |       ^~~~~~~~~~~~~~
drivers/net/can/slcan.c:780:1: note: in expansion of macro ‘module_exit’
  780 | module_exit(slcan_exit);
      | ^~~~~~~~~~~
drivers/net/can/slcan.c:719:20: note: ‘cleanup_module’ target declared here
  719 | static void __exit slcan_exit(void)
      |                    ^~~~~~~~~~
  CC [M]  drivers/net/can/dev.o
In file included from drivers/net/can/dev.c:19:
./include/linux/module.h:132:6: warning: ‘init_module’ specifies less restrictive attribute than its target ‘can_dev_init’: ‘cold’ [-Wmissing-attributes]
  132 |  int init_module(void) __attribute__((alias(#initfn)));
      |      ^~~~~~~~~~~
drivers/net/can/dev.c:1115:1: note: in expansion of macro ‘module_init’
 1115 | module_init(can_dev_init);
      | ^~~~~~~~~~~
drivers/net/can/dev.c:1103:19: note: ‘init_module’ target declared here
 1103 | static __init int can_dev_init(void)
      |                   ^~~~~~~~~~~~
In file included from drivers/net/can/dev.c:19:
./include/linux/module.h:138:7: warning: ‘cleanup_module’ specifies less restrictive attribute than its target ‘can_dev_exit’: ‘cold’ [-Wmissing-attributes]
  138 |  void cleanup_module(void) __attribute__((alias(#exitfn)));
      |       ^~~~~~~~~~~~~~
drivers/net/can/dev.c:1123:1: note: in expansion of macro ‘module_exit’
 1123 | module_exit(can_dev_exit);
      | ^~~~~~~~~~~
drivers/net/can/dev.c:1117:20: note: ‘cleanup_module’ target declared here
 1117 | static __exit void can_dev_exit(void)
      |                    ^~~~~~~~~~~~
  LD [M]  drivers/net/can/can-dev.o
  LD      drivers/net/ethernet/8390/built-in.o
  LD      drivers/net/ethernet/amazon/built-in.o
  LD      drivers/net/ethernet/arc/built-in.o
  LD      drivers/net/ethernet/broadcom/built-in.o
  LD      drivers/net/ethernet/cadence/built-in.o
  LD      drivers/net/ethernet/cirrus/built-in.o
  LD      drivers/net/ethernet/ezchip/built-in.o
  LD      drivers/net/ethernet/faraday/built-in.o
  LD      drivers/net/ethernet/hisilicon/built-in.o
  LD      drivers/net/ethernet/i825xx/built-in.o
  LD      drivers/net/ethernet/intel/built-in.o
  LD      drivers/net/ethernet/marvell/built-in.o
  LD      drivers/net/ethernet/micrel/built-in.o
  LD      drivers/net/ethernet/microchip/built-in.o
  CC [M]  drivers/net/ethernet/microchip/enc28j60.o
In file included from drivers/net/ethernet/microchip/enc28j60.c:16:
./include/linux/module.h:138:7: warning: ‘cleanup_module’ specifies less restrictive attribute than its target ‘enc28j60_exit’: ‘cold’ [-Wmissing-attributes]
  138 |  void cleanup_module(void) __attribute__((alias(#exitfn)));
      |       ^~~~~~~~~~~~~~
drivers/net/ethernet/microchip/enc28j60.c:1676:1: note: in expansion of macro ‘module_exit’
 1676 | module_exit(enc28j60_exit);
      | ^~~~~~~~~~~
drivers/net/ethernet/microchip/enc28j60.c:1671:20: note: ‘cleanup_module’ target declared here
 1671 | static void __exit enc28j60_exit(void)
      |                    ^~~~~~~~~~~~~
In file included from drivers/net/ethernet/microchip/enc28j60.c:16:
./include/linux/module.h:132:6: warning: ‘init_module’ specifies less restrictive attribute than its target ‘enc28j60_init’: ‘cold’ [-Wmissing-attributes]
  132 |  int init_module(void) __attribute__((alias(#initfn)));
      |      ^~~~~~~~~~~
drivers/net/ethernet/microchip/enc28j60.c:1669:1: note: in expansion of macro ‘module_init’
 1669 | module_init(enc28j60_init);
      | ^~~~~~~~~~~
drivers/net/ethernet/microchip/enc28j60.c:1662:19: note: ‘init_module’ target declared here
 1662 | static int __init enc28j60_init(void)
      |                   ^~~~~~~~~~~~~
  LD      drivers/net/ethernet/natsemi/built-in.o
  LD      drivers/net/ethernet/netronome/built-in.o
  LD      drivers/net/ethernet/qualcomm/emac/built-in.o
  LD      drivers/net/ethernet/qualcomm/built-in.o
  CC [M]  drivers/net/ethernet/qualcomm/qca_spi.o
In file included from ./include/linux/phy.h:24,
                 from ./include/net/dsa.h:19,
                 from ./include/linux/netdevice.h:44,
                 from ./include/linux/etherdevice.h:26,
                 from drivers/net/ethernet/qualcomm/qca_spi.c:26:
./include/linux/module.h:138:7: warning: ‘cleanup_module’ specifies less restrictive attribute than its target ‘qca_spi_driver_exit’: ‘cold’ [-Wmissing-attributes]
  138 |  void cleanup_module(void) __attribute__((alias(#exitfn)));
      |       ^~~~~~~~~~~~~~
./include/linux/device.h:1360:1: note: in expansion of macro ‘module_exit’
 1360 | module_exit(__driver##_exit);
      | ^~~~~~~~~~~
./include/linux/spi/spi.h:290:2: note: in expansion of macro ‘module_driver’
  290 |  module_driver(__spi_driver, spi_register_driver, \
      |  ^~~~~~~~~~~~~
drivers/net/ethernet/qualcomm/qca_spi.c:982:1: note: in expansion of macro ‘module_spi_driver’
  982 | module_spi_driver(qca_spi_driver);
      | ^~~~~~~~~~~~~~~~~
In file included from ./include/linux/dma-mapping.h:6,
                 from ./include/linux/skbuff.h:34,
                 from ./include/linux/if_ether.h:23,
                 from ./include/linux/etherdevice.h:25,
                 from drivers/net/ethernet/qualcomm/qca_spi.c:26:
drivers/net/ethernet/qualcomm/qca_spi.c:982:19: note: ‘cleanup_module’ target declared here
  982 | module_spi_driver(qca_spi_driver);
      |                   ^~~~~~~~~~~~~~
./include/linux/device.h:1356:20: note: in definition of macro ‘module_driver’
 1356 | static void __exit __driver##_exit(void) \
      |                    ^~~~~~~~
drivers/net/ethernet/qualcomm/qca_spi.c:982:1: note: in expansion of macro ‘module_spi_driver’
  982 | module_spi_driver(qca_spi_driver);
      | ^~~~~~~~~~~~~~~~~
In file included from ./include/linux/phy.h:24,
                 from ./include/net/dsa.h:19,
                 from ./include/linux/netdevice.h:44,
                 from ./include/linux/etherdevice.h:26,
                 from drivers/net/ethernet/qualcomm/qca_spi.c:26:
./include/linux/module.h:132:6: warning: ‘init_module’ specifies less restrictive attribute than its target ‘qca_spi_driver_init’: ‘cold’ [-Wmissing-attributes]
  132 |  int init_module(void) __attribute__((alias(#initfn)));
      |      ^~~~~~~~~~~
./include/linux/device.h:1355:1: note: in expansion of macro ‘module_init’
 1355 | module_init(__driver##_init); \
      | ^~~~~~~~~~~
./include/linux/spi/spi.h:290:2: note: in expansion of macro ‘module_driver’
  290 |  module_driver(__spi_driver, spi_register_driver, \
      |  ^~~~~~~~~~~~~
drivers/net/ethernet/qualcomm/qca_spi.c:982:1: note: in expansion of macro ‘module_spi_driver’
  982 | module_spi_driver(qca_spi_driver);
      | ^~~~~~~~~~~~~~~~~
In file included from ./include/linux/dma-mapping.h:6,
                 from ./include/linux/skbuff.h:34,
                 from ./include/linux/if_ether.h:23,
                 from ./include/linux/etherdevice.h:25,
                 from drivers/net/ethernet/qualcomm/qca_spi.c:26:
drivers/net/ethernet/qualcomm/qca_spi.c:982:19: note: ‘init_module’ target declared here
  982 | module_spi_driver(qca_spi_driver);
      |                   ^~~~~~~~~~~~~~
./include/linux/device.h:1351:19: note: in definition of macro ‘module_driver’
 1351 | static int __init __driver##_init(void) \
      |                   ^~~~~~~~
drivers/net/ethernet/qualcomm/qca_spi.c:982:1: note: in expansion of macro ‘module_spi_driver’
  982 | module_spi_driver(qca_spi_driver);
      | ^~~~~~~~~~~~~~~~~
  CC [M]  drivers/net/ethernet/qualcomm/qca_framing.o
  CC [M]  drivers/net/ethernet/qualcomm/qca_7k.o
  CC [M]  drivers/net/ethernet/qualcomm/qca_debug.o
  LD [M]  drivers/net/ethernet/qualcomm/qcaspi.o
  LD      drivers/net/ethernet/renesas/built-in.o
  LD      drivers/net/ethernet/rocker/built-in.o
  LD      drivers/net/ethernet/samsung/built-in.o
  LD      drivers/net/ethernet/seeq/built-in.o
  LD      drivers/net/ethernet/smsc/built-in.o
  LD      drivers/net/ethernet/stmicro/built-in.o
  LD      drivers/net/ethernet/synopsys/built-in.o
  LD      drivers/net/ethernet/via/built-in.o
  LD      drivers/net/ethernet/wiznet/built-in.o
  LD      drivers/net/ethernet/built-in.o
  LD      drivers/net/hamradio/built-in.o
  CC [M]  drivers/net/hamradio/mkiss.o
In file included from drivers/net/hamradio/mkiss.c:18:
./include/linux/module.h:132:6: warning: ‘init_module’ specifies less restrictive attribute than its target ‘mkiss_init_driver’: ‘cold’ [-Wmissing-attributes]
  132 |  int init_module(void) __attribute__((alias(#initfn)));
      |      ^~~~~~~~~~~
drivers/net/hamradio/mkiss.c:1012:1: note: in expansion of macro ‘module_init’
 1012 | module_init(mkiss_init_driver);
      | ^~~~~~~~~~~
drivers/net/hamradio/mkiss.c:981:19: note: ‘init_module’ target declared here
  981 | static int __init mkiss_init_driver(void)
      |                   ^~~~~~~~~~~~~~~~~
In file included from drivers/net/hamradio/mkiss.c:18:
./include/linux/module.h:138:7: warning: ‘cleanup_module’ specifies less restrictive attribute than its target ‘mkiss_exit_driver’: ‘cold’ [-Wmissing-attributes]
  138 |  void cleanup_module(void) __attribute__((alias(#exitfn)));
      |       ^~~~~~~~~~~~~~
drivers/net/hamradio/mkiss.c:1013:1: note: in expansion of macro ‘module_exit’
 1013 | module_exit(mkiss_exit_driver);
      | ^~~~~~~~~~~
drivers/net/hamradio/mkiss.c:997:20: note: ‘cleanup_module’ target declared here
  997 | static void __exit mkiss_exit_driver(void)
      |                    ^~~~~~~~~~~~~~~~~
  CC [M]  drivers/net/hamradio/6pack.o
In file included from drivers/net/hamradio/6pack.c:15:
./include/linux/module.h:132:6: warning: ‘init_module’ specifies less restrictive attribute than its target ‘sixpack_init_driver’: ‘cold’ [-Wmissing-attributes]
  132 |  int init_module(void) __attribute__((alias(#initfn)));
      |      ^~~~~~~~~~~
drivers/net/hamradio/6pack.c:1016:1: note: in expansion of macro ‘module_init’
 1016 | module_init(sixpack_init_driver);
      | ^~~~~~~~~~~
drivers/net/hamradio/6pack.c:799:19: note: ‘init_module’ target declared here
  799 | static int __init sixpack_init_driver(void)
      |                   ^~~~~~~~~~~~~~~~~~~
In file included from drivers/net/hamradio/6pack.c:15:
./include/linux/module.h:138:7: warning: ‘cleanup_module’ specifies less restrictive attribute than its target ‘sixpack_exit_driver’: ‘cold’ [-Wmissing-attributes]
  138 |  void cleanup_module(void) __attribute__((alias(#exitfn)));
      |       ^~~~~~~~~~~~~~
drivers/net/hamradio/6pack.c:1017:1: note: in expansion of macro ‘module_exit’
 1017 | module_exit(sixpack_exit_driver);
      | ^~~~~~~~~~~
drivers/net/hamradio/6pack.c:815:20: note: ‘cleanup_module’ target declared here
  815 | static void __exit sixpack_exit_driver(void)
      |                    ^~~~~~~~~~~~~~~~~~~
  CC [M]  drivers/net/hamradio/yam.o
In file included from drivers/net/hamradio/yam.c:45:
./include/linux/module.h:132:6: warning: ‘init_module’ specifies less restrictive attribute than its target ‘yam_init_driver’: ‘cold’ [-Wmissing-attributes]
  132 |  int init_module(void) __attribute__((alias(#initfn)));
      |      ^~~~~~~~~~~
drivers/net/hamradio/yam.c:1216:1: note: in expansion of macro ‘module_init’
 1216 | module_init(yam_init_driver);
      | ^~~~~~~~~~~
drivers/net/hamradio/yam.c:1141:19: note: ‘init_module’ target declared here
 1141 | static int __init yam_init_driver(void)
      |                   ^~~~~~~~~~~~~~~
In file included from drivers/net/hamradio/yam.c:45:
./include/linux/module.h:138:7: warning: ‘cleanup_module’ specifies less restrictive attribute than its target ‘yam_cleanup_driver’: ‘cold’ [-Wmissing-attributes]
  138 |  void cleanup_module(void) __attribute__((alias(#exitfn)));
      |       ^~~~~~~~~~~~~~
drivers/net/hamradio/yam.c:1217:1: note: in expansion of macro ‘module_exit’
 1217 | module_exit(yam_cleanup_driver);
      | ^~~~~~~~~~~
drivers/net/hamradio/yam.c:1185:20: note: ‘cleanup_module’ target declared here
 1185 | static void __exit yam_cleanup_driver(void)
      |                    ^~~~~~~~~~~~~~~~~~
  CC [M]  drivers/net/hamradio/bpqether.o
In file included from ./include/linux/phy.h:24,
                 from ./include/net/dsa.h:19,
                 from ./include/linux/netdevice.h:44,
                 from ./include/net/neighbour.h:20,
                 from ./include/net/ax25.h:15,
                 from drivers/net/hamradio/bpqether.c:65:
./include/linux/module.h:132:6: warning: ‘init_module’ specifies less restrictive attribute than its target ‘bpq_init_driver’: ‘cold’ [-Wmissing-attributes]
  132 |  int init_module(void) __attribute__((alias(#initfn)));
      |      ^~~~~~~~~~~
drivers/net/hamradio/bpqether.c:631:1: note: in expansion of macro ‘module_init’
  631 | module_init(bpq_init_driver);
      | ^~~~~~~~~~~
drivers/net/hamradio/bpqether.c:590:19: note: ‘init_module’ target declared here
  590 | static int __init bpq_init_driver(void)
      |                   ^~~~~~~~~~~~~~~
In file included from ./include/linux/phy.h:24,
                 from ./include/net/dsa.h:19,
                 from ./include/linux/netdevice.h:44,
                 from ./include/net/neighbour.h:20,
                 from ./include/net/ax25.h:15,
                 from drivers/net/hamradio/bpqether.c:65:
./include/linux/module.h:138:7: warning: ‘cleanup_module’ specifies less restrictive attribute than its target ‘bpq_cleanup_driver’: ‘cold’ [-Wmissing-attributes]
  138 |  void cleanup_module(void) __attribute__((alias(#exitfn)));
      |       ^~~~~~~~~~~~~~
drivers/net/hamradio/bpqether.c:632:1: note: in expansion of macro ‘module_exit’
  632 | module_exit(bpq_cleanup_driver);
      | ^~~~~~~~~~~
drivers/net/hamradio/bpqether.c:610:20: note: ‘cleanup_module’ target declared here
  610 | static void __exit bpq_cleanup_driver(void)
      |                    ^~~~~~~~~~~~~~~~~~
  CC [M]  drivers/net/hamradio/baycom_ser_fdx.o
In file included from drivers/net/hamradio/baycom_ser_fdx.c:75:
./include/linux/module.h:132:6: warning: ‘init_module’ specifies less restrictive attribute than its target ‘init_baycomserfdx’: ‘cold’ [-Wmissing-attributes]
  132 |  int init_module(void) __attribute__((alias(#initfn)));
      |      ^~~~~~~~~~~
drivers/net/hamradio/baycom_ser_fdx.c:681:1: note: in expansion of macro ‘module_init’
  681 | module_init(init_baycomserfdx);
      | ^~~~~~~~~~~
drivers/net/hamradio/baycom_ser_fdx.c:630:19: note: ‘init_module’ target declared here
  630 | static int __init init_baycomserfdx(void)
      |                   ^~~~~~~~~~~~~~~~~
In file included from drivers/net/hamradio/baycom_ser_fdx.c:75:
./include/linux/module.h:138:7: warning: ‘cleanup_module’ specifies less restrictive attribute than its target ‘cleanup_baycomserfdx’: ‘cold’ [-Wmissing-attributes]
  138 |  void cleanup_module(void) __attribute__((alias(#exitfn)));
      |       ^~~~~~~~~~~~~~
drivers/net/hamradio/baycom_ser_fdx.c:682:1: note: in expansion of macro ‘module_exit’
  682 | module_exit(cleanup_baycomserfdx);
      | ^~~~~~~~~~~
drivers/net/hamradio/baycom_ser_fdx.c:670:20: note: ‘cleanup_module’ target declared here
  670 | static void __exit cleanup_baycomserfdx(void)
      |                    ^~~~~~~~~~~~~~~~~~~~
  CC [M]  drivers/net/hamradio/hdlcdrv.o
In file included from drivers/net/hamradio/hdlcdrv.c:46:
./include/linux/module.h:132:6: warning: ‘init_module’ specifies less restrictive attribute than its target ‘hdlcdrv_init_driver’: ‘cold’ [-Wmissing-attributes]
  132 |  int init_module(void) __attribute__((alias(#initfn)));
      |      ^~~~~~~~~~~
drivers/net/hamradio/hdlcdrv.c:775:1: note: in expansion of macro ‘module_init’
  775 | module_init(hdlcdrv_init_driver);
      | ^~~~~~~~~~~
drivers/net/hamradio/hdlcdrv.c:756:19: note: ‘init_module’ target declared here
  756 | static int __init hdlcdrv_init_driver(void)
      |                   ^~~~~~~~~~~~~~~~~~~
In file included from drivers/net/hamradio/hdlcdrv.c:46:
./include/linux/module.h:138:7: warning: ‘cleanup_module’ specifies less restrictive attribute than its target ‘hdlcdrv_cleanup_driver’: ‘cold’ [-Wmissing-attributes]
  138 |  void cleanup_module(void) __attribute__((alias(#exitfn)));
      |       ^~~~~~~~~~~~~~
drivers/net/hamradio/hdlcdrv.c:776:1: note: in expansion of macro ‘module_exit’
  776 | module_exit(hdlcdrv_cleanup_driver);
      | ^~~~~~~~~~~
drivers/net/hamradio/hdlcdrv.c:765:20: note: ‘cleanup_module’ target declared here
  765 | static void __exit hdlcdrv_cleanup_driver(void)
      |                    ^~~~~~~~~~~~~~~~~~~~~~
drivers/net/hamradio/hdlcdrv.c: In function ‘hdlcdrv_ioctl.part.0’:
drivers/net/hamradio/hdlcdrv.c:612:4: warning: ‘strncpy’ specified bound 32 equals destination size [-Wstringop-truncation]
  612 |    strncpy(bi.data.drivername, s->ops->drvname,
      |    ^~~~~~~~~~~~~~~~~~~~~~~~~~~~~~~~~~~~~~~~~~~~
  613 |     sizeof(bi.data.drivername));
      |     ~~~~~~~~~~~~~~~~~~~~~~~~~~~
  CC [M]  drivers/net/hamradio/baycom_ser_hdx.o
In file included from drivers/net/hamradio/baycom_ser_hdx.c:65:
./include/linux/module.h:132:6: warning: ‘init_module’ specifies less restrictive attribute than its target ‘init_baycomserhdx’: ‘cold’ [-Wmissing-attributes]
  132 |  int init_module(void) __attribute__((alias(#initfn)));
      |      ^~~~~~~~~~~
drivers/net/hamradio/baycom_ser_hdx.c:707:1: note: in expansion of macro ‘module_init’
  707 | module_init(init_baycomserhdx);
      | ^~~~~~~~~~~
drivers/net/hamradio/baycom_ser_hdx.c:656:19: note: ‘init_module’ target declared here
  656 | static int __init init_baycomserhdx(void)
      |                   ^~~~~~~~~~~~~~~~~
In file included from drivers/net/hamradio/baycom_ser_hdx.c:65:
./include/linux/module.h:138:7: warning: ‘cleanup_module’ specifies less restrictive attribute than its target ‘cleanup_baycomserhdx’: ‘cold’ [-Wmissing-attributes]
  138 |  void cleanup_module(void) __attribute__((alias(#exitfn)));
      |       ^~~~~~~~~~~~~~
drivers/net/hamradio/baycom_ser_hdx.c:708:1: note: in expansion of macro ‘module_exit’
  708 | module_exit(cleanup_baycomserhdx);
      | ^~~~~~~~~~~
drivers/net/hamradio/baycom_ser_hdx.c:695:20: note: ‘cleanup_module’ target declared here
  695 | static void __exit cleanup_baycomserhdx(void)
      |                    ^~~~~~~~~~~~~~~~~~~~
  LD      drivers/net/ieee802154/built-in.o
  CC [M]  drivers/net/ieee802154/at86rf230.o
In file included from drivers/net/ieee802154/at86rf230.c:21:
./include/linux/module.h:138:7: warning: ‘cleanup_module’ specifies less restrictive attribute than its target ‘at86rf230_driver_exit’: ‘cold’ [-Wmissing-attributes]
  138 |  void cleanup_module(void) __attribute__((alias(#exitfn)));
      |       ^~~~~~~~~~~~~~
./include/linux/device.h:1360:1: note: in expansion of macro ‘module_exit’
 1360 | module_exit(__driver##_exit);
      | ^~~~~~~~~~~
./include/linux/spi/spi.h:290:2: note: in expansion of macro ‘module_driver’
  290 |  module_driver(__spi_driver, spi_register_driver, \
      |  ^~~~~~~~~~~~~
drivers/net/ieee802154/at86rf230.c:1833:1: note: in expansion of macro ‘module_spi_driver’
 1833 | module_spi_driver(at86rf230_driver);
      | ^~~~~~~~~~~~~~~~~
In file included from ./include/linux/gpio/driver.h:4,
                 from ./include/asm-generic/gpio.h:12,
                 from ./arch/arm/include/asm/gpio.h:9,
                 from ./include/linux/gpio.h:48,
                 from drivers/net/ieee802154/at86rf230.c:26:
drivers/net/ieee802154/at86rf230.c:1833:19: note: ‘cleanup_module’ target declared here
 1833 | module_spi_driver(at86rf230_driver);
      |                   ^~~~~~~~~~~~~~~~
./include/linux/device.h:1356:20: note: in definition of macro ‘module_driver’
 1356 | static void __exit __driver##_exit(void) \
      |                    ^~~~~~~~
drivers/net/ieee802154/at86rf230.c:1833:1: note: in expansion of macro ‘module_spi_driver’
 1833 | module_spi_driver(at86rf230_driver);
      | ^~~~~~~~~~~~~~~~~
In file included from drivers/net/ieee802154/at86rf230.c:21:
./include/linux/module.h:132:6: warning: ‘init_module’ specifies less restrictive attribute than its target ‘at86rf230_driver_init’: ‘cold’ [-Wmissing-attributes]
  132 |  int init_module(void) __attribute__((alias(#initfn)));
      |      ^~~~~~~~~~~
./include/linux/device.h:1355:1: note: in expansion of macro ‘module_init’
 1355 | module_init(__driver##_init); \
      | ^~~~~~~~~~~
./include/linux/spi/spi.h:290:2: note: in expansion of macro ‘module_driver’
  290 |  module_driver(__spi_driver, spi_register_driver, \
      |  ^~~~~~~~~~~~~
drivers/net/ieee802154/at86rf230.c:1833:1: note: in expansion of macro ‘module_spi_driver’
 1833 | module_spi_driver(at86rf230_driver);
      | ^~~~~~~~~~~~~~~~~
In file included from ./include/linux/gpio/driver.h:4,
                 from ./include/asm-generic/gpio.h:12,
                 from ./arch/arm/include/asm/gpio.h:9,
                 from ./include/linux/gpio.h:48,
                 from drivers/net/ieee802154/at86rf230.c:26:
drivers/net/ieee802154/at86rf230.c:1833:19: note: ‘init_module’ target declared here
 1833 | module_spi_driver(at86rf230_driver);
      |                   ^~~~~~~~~~~~~~~~
./include/linux/device.h:1351:19: note: in definition of macro ‘module_driver’
 1351 | static int __init __driver##_init(void) \
      |                   ^~~~~~~~
drivers/net/ieee802154/at86rf230.c:1833:1: note: in expansion of macro ‘module_spi_driver’
 1833 | module_spi_driver(at86rf230_driver);
      | ^~~~~~~~~~~~~~~~~
  CC [M]  drivers/net/ieee802154/mrf24j40.o
In file included from drivers/net/ieee802154/mrf24j40.c:20:
./include/linux/module.h:138:7: warning: ‘cleanup_module’ specifies less restrictive attribute than its target ‘mrf24j40_driver_exit’: ‘cold’ [-Wmissing-attributes]
  138 |  void cleanup_module(void) __attribute__((alias(#exitfn)));
      |       ^~~~~~~~~~~~~~
./include/linux/device.h:1360:1: note: in expansion of macro ‘module_exit’
 1360 | module_exit(__driver##_exit);
      | ^~~~~~~~~~~
./include/linux/spi/spi.h:290:2: note: in expansion of macro ‘module_driver’
  290 |  module_driver(__spi_driver, spi_register_driver, \
      |  ^~~~~~~~~~~~~
drivers/net/ieee802154/mrf24j40.c:1406:1: note: in expansion of macro ‘module_spi_driver’
 1406 | module_spi_driver(mrf24j40_driver);
      | ^~~~~~~~~~~~~~~~~
In file included from ./include/linux/spi/spi.h:18,
                 from drivers/net/ieee802154/mrf24j40.c:18:
drivers/net/ieee802154/mrf24j40.c:1406:19: note: ‘cleanup_module’ target declared here
 1406 | module_spi_driver(mrf24j40_driver);
      |                   ^~~~~~~~~~~~~~~
./include/linux/device.h:1356:20: note: in definition of macro ‘module_driver’
 1356 | static void __exit __driver##_exit(void) \
      |                    ^~~~~~~~
drivers/net/ieee802154/mrf24j40.c:1406:1: note: in expansion of macro ‘module_spi_driver’
 1406 | module_spi_driver(mrf24j40_driver);
      | ^~~~~~~~~~~~~~~~~
In file included from drivers/net/ieee802154/mrf24j40.c:20:
./include/linux/module.h:132:6: warning: ‘init_module’ specifies less restrictive attribute than its target ‘mrf24j40_driver_init’: ‘cold’ [-Wmissing-attributes]
  132 |  int init_module(void) __attribute__((alias(#initfn)));
      |      ^~~~~~~~~~~
./include/linux/device.h:1355:1: note: in expansion of macro ‘module_init’
 1355 | module_init(__driver##_init); \
      | ^~~~~~~~~~~
./include/linux/spi/spi.h:290:2: note: in expansion of macro ‘module_driver’
  290 |  module_driver(__spi_driver, spi_register_driver, \
      |  ^~~~~~~~~~~~~
drivers/net/ieee802154/mrf24j40.c:1406:1: note: in expansion of macro ‘module_spi_driver’
 1406 | module_spi_driver(mrf24j40_driver);
      | ^~~~~~~~~~~~~~~~~
In file included from ./include/linux/spi/spi.h:18,
                 from drivers/net/ieee802154/mrf24j40.c:18:
drivers/net/ieee802154/mrf24j40.c:1406:19: note: ‘init_module’ target declared here
 1406 | module_spi_driver(mrf24j40_driver);
      |                   ^~~~~~~~~~~~~~~
./include/linux/device.h:1351:19: note: in definition of macro ‘module_driver’
 1351 | static int __init __driver##_init(void) \
      |                   ^~~~~~~~
drivers/net/ieee802154/mrf24j40.c:1406:1: note: in expansion of macro ‘module_spi_driver’
 1406 | module_spi_driver(mrf24j40_driver);
      | ^~~~~~~~~~~~~~~~~
  CC [M]  drivers/net/ieee802154/cc2520.o
In file included from drivers/net/ieee802154/cc2520.c:14:
./include/linux/module.h:138:7: warning: ‘cleanup_module’ specifies less restrictive attribute than its target ‘cc2520_driver_exit’: ‘cold’ [-Wmissing-attributes]
  138 |  void cleanup_module(void) __attribute__((alias(#exitfn)));
      |       ^~~~~~~~~~~~~~
./include/linux/device.h:1360:1: note: in expansion of macro ‘module_exit’
 1360 | module_exit(__driver##_exit);
      | ^~~~~~~~~~~
./include/linux/spi/spi.h:290:2: note: in expansion of macro ‘module_driver’
  290 |  module_driver(__spi_driver, spi_register_driver, \
      |  ^~~~~~~~~~~~~
drivers/net/ieee802154/cc2520.c:1260:1: note: in expansion of macro ‘module_spi_driver’
 1260 | module_spi_driver(cc2520_driver);
      | ^~~~~~~~~~~~~~~~~
In file included from ./include/linux/gpio/driver.h:4,
                 from ./include/asm-generic/gpio.h:12,
                 from ./arch/arm/include/asm/gpio.h:9,
                 from ./include/linux/gpio.h:48,
                 from drivers/net/ieee802154/cc2520.c:15:
drivers/net/ieee802154/cc2520.c:1260:19: note: ‘cleanup_module’ target declared here
 1260 | module_spi_driver(cc2520_driver);
      |                   ^~~~~~~~~~~~~
./include/linux/device.h:1356:20: note: in definition of macro ‘module_driver’
 1356 | static void __exit __driver##_exit(void) \
      |                    ^~~~~~~~
drivers/net/ieee802154/cc2520.c:1260:1: note: in expansion of macro ‘module_spi_driver’
 1260 | module_spi_driver(cc2520_driver);
      | ^~~~~~~~~~~~~~~~~
In file included from drivers/net/ieee802154/cc2520.c:14:
./include/linux/module.h:132:6: warning: ‘init_module’ specifies less restrictive attribute than its target ‘cc2520_driver_init’: ‘cold’ [-Wmissing-attributes]
  132 |  int init_module(void) __attribute__((alias(#initfn)));
      |      ^~~~~~~~~~~
./include/linux/device.h:1355:1: note: in expansion of macro ‘module_init’
 1355 | module_init(__driver##_init); \
      | ^~~~~~~~~~~
./include/linux/spi/spi.h:290:2: note: in expansion of macro ‘module_driver’
  290 |  module_driver(__spi_driver, spi_register_driver, \
      |  ^~~~~~~~~~~~~
drivers/net/ieee802154/cc2520.c:1260:1: note: in expansion of macro ‘module_spi_driver’
 1260 | module_spi_driver(cc2520_driver);
      | ^~~~~~~~~~~~~~~~~
In file included from ./include/linux/gpio/driver.h:4,
                 from ./include/asm-generic/gpio.h:12,
                 from ./arch/arm/include/asm/gpio.h:9,
                 from ./include/linux/gpio.h:48,
                 from drivers/net/ieee802154/cc2520.c:15:
drivers/net/ieee802154/cc2520.c:1260:19: note: ‘init_module’ target declared here
 1260 | module_spi_driver(cc2520_driver);
      |                   ^~~~~~~~~~~~~
./include/linux/device.h:1351:19: note: in definition of macro ‘module_driver’
 1351 | static int __init __driver##_init(void) \
      |                   ^~~~~~~~
drivers/net/ieee802154/cc2520.c:1260:1: note: in expansion of macro ‘module_spi_driver’
 1260 | module_spi_driver(cc2520_driver);
      | ^~~~~~~~~~~~~~~~~
  LD      drivers/net/irda/built-in.o
  CC [M]  drivers/net/irda/irda-usb.o
In file included from drivers/net/irda/irda-usb.c:57:
./include/linux/module.h:138:7: warning: ‘cleanup_module’ specifies less restrictive attribute than its target ‘irda_driver_exit’: ‘cold’ [-Wmissing-attributes]
  138 |  void cleanup_module(void) __attribute__((alias(#exitfn)));
      |       ^~~~~~~~~~~~~~
./include/linux/device.h:1360:1: note: in expansion of macro ‘module_exit’
 1360 | module_exit(__driver##_exit);
      | ^~~~~~~~~~~
./include/linux/usb.h:1195:2: note: in expansion of macro ‘module_driver’
 1195 |  module_driver(__usb_driver, usb_register, \
      |  ^~~~~~~~~~~~~
drivers/net/irda/irda-usb.c:1905:1: note: in expansion of macro ‘module_usb_driver’
 1905 | module_usb_driver(irda_driver);
      | ^~~~~~~~~~~~~~~~~
In file included from ./include/linux/dma-mapping.h:6,
                 from ./include/linux/skbuff.h:34,
                 from drivers/net/irda/irda-usb.c:61:
drivers/net/irda/irda-usb.c:1905:19: note: ‘cleanup_module’ target declared here
 1905 | module_usb_driver(irda_driver);
      |                   ^~~~~~~~~~~
./include/linux/device.h:1356:20: note: in definition of macro ‘module_driver’
 1356 | static void __exit __driver##_exit(void) \
      |                    ^~~~~~~~
drivers/net/irda/irda-usb.c:1905:1: note: in expansion of macro ‘module_usb_driver’
 1905 | module_usb_driver(irda_driver);
      | ^~~~~~~~~~~~~~~~~
In file included from drivers/net/irda/irda-usb.c:57:
./include/linux/module.h:132:6: warning: ‘init_module’ specifies less restrictive attribute than its target ‘irda_driver_init’: ‘cold’ [-Wmissing-attributes]
  132 |  int init_module(void) __attribute__((alias(#initfn)));
      |      ^~~~~~~~~~~
./include/linux/device.h:1355:1: note: in expansion of macro ‘module_init’
 1355 | module_init(__driver##_init); \
      | ^~~~~~~~~~~
./include/linux/usb.h:1195:2: note: in expansion of macro ‘module_driver’
 1195 |  module_driver(__usb_driver, usb_register, \
      |  ^~~~~~~~~~~~~
drivers/net/irda/irda-usb.c:1905:1: note: in expansion of macro ‘module_usb_driver’
 1905 | module_usb_driver(irda_driver);
      | ^~~~~~~~~~~~~~~~~
In file included from ./include/linux/dma-mapping.h:6,
                 from ./include/linux/skbuff.h:34,
                 from drivers/net/irda/irda-usb.c:61:
drivers/net/irda/irda-usb.c:1905:19: note: ‘init_module’ target declared here
 1905 | module_usb_driver(irda_driver);
      |                   ^~~~~~~~~~~
./include/linux/device.h:1351:19: note: in definition of macro ‘module_driver’
 1351 | static int __init __driver##_init(void) \
      |                   ^~~~~~~~
drivers/net/irda/irda-usb.c:1905:1: note: in expansion of macro ‘module_usb_driver’
 1905 | module_usb_driver(irda_driver);
      | ^~~~~~~~~~~~~~~~~
  CC [M]  drivers/net/irda/stir4200.o
In file included from drivers/net/irda/stir4200.c:39:
./include/linux/module.h:138:7: warning: ‘cleanup_module’ specifies less restrictive attribute than its target ‘irda_driver_exit’: ‘cold’ [-Wmissing-attributes]
  138 |  void cleanup_module(void) __attribute__((alias(#exitfn)));
      |       ^~~~~~~~~~~~~~
./include/linux/device.h:1360:1: note: in expansion of macro ‘module_exit’
 1360 | module_exit(__driver##_exit);
      | ^~~~~~~~~~~
./include/linux/usb.h:1195:2: note: in expansion of macro ‘module_driver’
 1195 |  module_driver(__usb_driver, usb_register, \
      |  ^~~~~~~~~~~~~
drivers/net/irda/stir4200.c:1133:1: note: in expansion of macro ‘module_usb_driver’
 1133 | module_usb_driver(irda_driver);
      | ^~~~~~~~~~~~~~~~~
In file included from ./include/linux/dma-mapping.h:6,
                 from ./include/linux/skbuff.h:34,
                 from drivers/net/irda/stir4200.c:46:
drivers/net/irda/stir4200.c:1133:19: note: ‘cleanup_module’ target declared here
 1133 | module_usb_driver(irda_driver);
      |                   ^~~~~~~~~~~
./include/linux/device.h:1356:20: note: in definition of macro ‘module_driver’
 1356 | static void __exit __driver##_exit(void) \
      |                    ^~~~~~~~
drivers/net/irda/stir4200.c:1133:1: note: in expansion of macro ‘module_usb_driver’
 1133 | module_usb_driver(irda_driver);
      | ^~~~~~~~~~~~~~~~~
In file included from drivers/net/irda/stir4200.c:39:
./include/linux/module.h:132:6: warning: ‘init_module’ specifies less restrictive attribute than its target ‘irda_driver_init’: ‘cold’ [-Wmissing-attributes]
  132 |  int init_module(void) __attribute__((alias(#initfn)));
      |      ^~~~~~~~~~~
./include/linux/device.h:1355:1: note: in expansion of macro ‘module_init’
 1355 | module_init(__driver##_init); \
      | ^~~~~~~~~~~
./include/linux/usb.h:1195:2: note: in expansion of macro ‘module_driver’
 1195 |  module_driver(__usb_driver, usb_register, \
      |  ^~~~~~~~~~~~~
drivers/net/irda/stir4200.c:1133:1: note: in expansion of macro ‘module_usb_driver’
 1133 | module_usb_driver(irda_driver);
      | ^~~~~~~~~~~~~~~~~
In file included from ./include/linux/dma-mapping.h:6,
                 from ./include/linux/skbuff.h:34,
                 from drivers/net/irda/stir4200.c:46:
drivers/net/irda/stir4200.c:1133:19: note: ‘init_module’ target declared here
 1133 | module_usb_driver(irda_driver);
      |                   ^~~~~~~~~~~
./include/linux/device.h:1351:19: note: in definition of macro ‘module_driver’
 1351 | static int __init __driver##_init(void) \
      |                   ^~~~~~~~
drivers/net/irda/stir4200.c:1133:1: note: in expansion of macro ‘module_usb_driver’
 1133 | module_usb_driver(irda_driver);
      | ^~~~~~~~~~~~~~~~~
  CC [M]  drivers/net/irda/mcs7780.o
In file included from drivers/net/irda/mcs7780.c:46:
./include/linux/module.h:138:7: warning: ‘cleanup_module’ specifies less restrictive attribute than its target ‘mcs_driver_exit’: ‘cold’ [-Wmissing-attributes]
  138 |  void cleanup_module(void) __attribute__((alias(#exitfn)));
      |       ^~~~~~~~~~~~~~
./include/linux/device.h:1360:1: note: in expansion of macro ‘module_exit’
 1360 | module_exit(__driver##_exit);
      | ^~~~~~~~~~~
./include/linux/usb.h:1195:2: note: in expansion of macro ‘module_driver’
 1195 |  module_driver(__usb_driver, usb_register, \
      |  ^~~~~~~~~~~~~
drivers/net/irda/mcs7780.c:987:1: note: in expansion of macro ‘module_usb_driver’
  987 | module_usb_driver(mcs_driver);
      | ^~~~~~~~~~~~~~~~~
In file included from ./include/linux/usb/ch9.h:35,
                 from ./include/linux/usb.h:5,
                 from drivers/net/irda/mcs7780.c:52:
drivers/net/irda/mcs7780.c:987:19: note: ‘cleanup_module’ target declared here
  987 | module_usb_driver(mcs_driver);
      |                   ^~~~~~~~~~
./include/linux/device.h:1356:20: note: in definition of macro ‘module_driver’
 1356 | static void __exit __driver##_exit(void) \
      |                    ^~~~~~~~
drivers/net/irda/mcs7780.c:987:1: note: in expansion of macro ‘module_usb_driver’
  987 | module_usb_driver(mcs_driver);
      | ^~~~~~~~~~~~~~~~~
In file included from drivers/net/irda/mcs7780.c:46:
./include/linux/module.h:132:6: warning: ‘init_module’ specifies less restrictive attribute than its target ‘mcs_driver_init’: ‘cold’ [-Wmissing-attributes]
  132 |  int init_module(void) __attribute__((alias(#initfn)));
      |      ^~~~~~~~~~~
./include/linux/device.h:1355:1: note: in expansion of macro ‘module_init’
 1355 | module_init(__driver##_init); \
      | ^~~~~~~~~~~
./include/linux/usb.h:1195:2: note: in expansion of macro ‘module_driver’
 1195 |  module_driver(__usb_driver, usb_register, \
      |  ^~~~~~~~~~~~~
drivers/net/irda/mcs7780.c:987:1: note: in expansion of macro ‘module_usb_driver’
  987 | module_usb_driver(mcs_driver);
      | ^~~~~~~~~~~~~~~~~
In file included from ./include/linux/usb/ch9.h:35,
                 from ./include/linux/usb.h:5,
                 from drivers/net/irda/mcs7780.c:52:
drivers/net/irda/mcs7780.c:987:19: note: ‘init_module’ target declared here
  987 | module_usb_driver(mcs_driver);
      |                   ^~~~~~~~~~
./include/linux/device.h:1351:19: note: in definition of macro ‘module_driver’
 1351 | static int __init __driver##_init(void) \
      |                   ^~~~~~~~
drivers/net/irda/mcs7780.c:987:1: note: in expansion of macro ‘module_usb_driver’
  987 | module_usb_driver(mcs_driver);
      | ^~~~~~~~~~~~~~~~~
  CC [M]  drivers/net/irda/irtty-sir.o
In file included from drivers/net/irda/irtty-sir.c:29:
./include/linux/module.h:132:6: warning: ‘init_module’ specifies less restrictive attribute than its target ‘irtty_sir_init’: ‘cold’ [-Wmissing-attributes]
  132 |  int init_module(void) __attribute__((alias(#initfn)));
      |      ^~~~~~~~~~~
drivers/net/irda/irtty-sir.c:563:1: note: in expansion of macro ‘module_init’
  563 | module_init(irtty_sir_init);
      | ^~~~~~~~~~~
drivers/net/irda/irtty-sir.c:543:19: note: ‘init_module’ target declared here
  543 | static int __init irtty_sir_init(void)
      |                   ^~~~~~~~~~~~~~
In file included from drivers/net/irda/irtty-sir.c:29:
./include/linux/module.h:138:7: warning: ‘cleanup_module’ specifies less restrictive attribute than its target ‘irtty_sir_cleanup’: ‘cold’ [-Wmissing-attributes]
  138 |  void cleanup_module(void) __attribute__((alias(#exitfn)));
      |       ^~~~~~~~~~~~~~
drivers/net/irda/irtty-sir.c:564:1: note: in expansion of macro ‘module_exit’
  564 | module_exit(irtty_sir_cleanup);
      | ^~~~~~~~~~~
drivers/net/irda/irtty-sir.c:553:20: note: ‘cleanup_module’ target declared here
  553 | static void __exit irtty_sir_cleanup(void)
      |                    ^~~~~~~~~~~~~~~~~
drivers/net/irda/irtty-sir.c: In function ‘irtty_ioctl’:
drivers/net/irda/irtty-sir.c:405:3: warning: ‘strncpy’ output may be truncated copying 5 bytes from a string of length 15 [-Wstringop-truncation]
  405 |   strncpy(info.name, dev->netdev->name, sizeof(info.name)-1);
      |   ^~~~~~~~~~~~~~~~~~~~~~~~~~~~~~~~~~~~~~~~~~~~~~~~~~~~~~~~~~
  CC [M]  drivers/net/irda/sir_dev.o
In file included from drivers/net/irda/sir_dev.c:15:
./include/linux/module.h:132:6: warning: ‘init_module’ specifies less restrictive attribute than its target ‘sir_wq_init’: ‘cold’ [-Wmissing-attributes]
  132 |  int init_module(void) __attribute__((alias(#initfn)));
      |      ^~~~~~~~~~~
drivers/net/irda/sir_dev.c:982:1: note: in expansion of macro ‘module_init’
  982 | module_init(sir_wq_init);
      | ^~~~~~~~~~~
drivers/net/irda/sir_dev.c:969:19: note: ‘init_module’ target declared here
  969 | static int __init sir_wq_init(void)
      |                   ^~~~~~~~~~~
In file included from drivers/net/irda/sir_dev.c:15:
./include/linux/module.h:138:7: warning: ‘cleanup_module’ specifies less restrictive attribute than its target ‘sir_wq_exit’: ‘cold’ [-Wmissing-attributes]
  138 |  void cleanup_module(void) __attribute__((alias(#exitfn)));
      |       ^~~~~~~~~~~~~~
drivers/net/irda/sir_dev.c:983:1: note: in expansion of macro ‘module_exit’
  983 | module_exit(sir_wq_exit);
      | ^~~~~~~~~~~
drivers/net/irda/sir_dev.c:977:20: note: ‘cleanup_module’ target declared here
  977 | static void __exit sir_wq_exit(void)
      |                    ^~~~~~~~~~~
  CC [M]  drivers/net/irda/sir_dongle.o
  LD [M]  drivers/net/irda/sir-dev.o
  CC [M]  drivers/net/irda/kingsun-sir.o
In file included from drivers/net/irda/kingsun-sir.c:62:
./include/linux/module.h:138:7: warning: ‘cleanup_module’ specifies less restrictive attribute than its target ‘irda_driver_exit’: ‘cold’ [-Wmissing-attributes]
  138 |  void cleanup_module(void) __attribute__((alias(#exitfn)));
      |       ^~~~~~~~~~~~~~
./include/linux/device.h:1360:1: note: in expansion of macro ‘module_exit’
 1360 | module_exit(__driver##_exit);
      | ^~~~~~~~~~~
./include/linux/usb.h:1195:2: note: in expansion of macro ‘module_driver’
 1195 |  module_driver(__usb_driver, usb_register, \
      |  ^~~~~~~~~~~~~
drivers/net/irda/kingsun-sir.c:630:1: note: in expansion of macro ‘module_usb_driver’
  630 | module_usb_driver(irda_driver);
      | ^~~~~~~~~~~~~~~~~
In file included from ./include/linux/usb/ch9.h:35,
                 from ./include/linux/usb.h:5,
                 from drivers/net/irda/kingsun-sir.c:68:
drivers/net/irda/kingsun-sir.c:630:19: note: ‘cleanup_module’ target declared here
  630 | module_usb_driver(irda_driver);
      |                   ^~~~~~~~~~~
./include/linux/device.h:1356:20: note: in definition of macro ‘module_driver’
 1356 | static void __exit __driver##_exit(void) \
      |                    ^~~~~~~~
drivers/net/irda/kingsun-sir.c:630:1: note: in expansion of macro ‘module_usb_driver’
  630 | module_usb_driver(irda_driver);
      | ^~~~~~~~~~~~~~~~~
In file included from drivers/net/irda/kingsun-sir.c:62:
./include/linux/module.h:132:6: warning: ‘init_module’ specifies less restrictive attribute than its target ‘irda_driver_init’: ‘cold’ [-Wmissing-attributes]
  132 |  int init_module(void) __attribute__((alias(#initfn)));
      |      ^~~~~~~~~~~
./include/linux/device.h:1355:1: note: in expansion of macro ‘module_init’
 1355 | module_init(__driver##_init); \
      | ^~~~~~~~~~~
./include/linux/usb.h:1195:2: note: in expansion of macro ‘module_driver’
 1195 |  module_driver(__usb_driver, usb_register, \
      |  ^~~~~~~~~~~~~
drivers/net/irda/kingsun-sir.c:630:1: note: in expansion of macro ‘module_usb_driver’
  630 | module_usb_driver(irda_driver);
      | ^~~~~~~~~~~~~~~~~
In file included from ./include/linux/usb/ch9.h:35,
                 from ./include/linux/usb.h:5,
                 from drivers/net/irda/kingsun-sir.c:68:
drivers/net/irda/kingsun-sir.c:630:19: note: ‘init_module’ target declared here
  630 | module_usb_driver(irda_driver);
      |                   ^~~~~~~~~~~
./include/linux/device.h:1351:19: note: in definition of macro ‘module_driver’
 1351 | static int __init __driver##_init(void) \
      |                   ^~~~~~~~
drivers/net/irda/kingsun-sir.c:630:1: note: in expansion of macro ‘module_usb_driver’
  630 | module_usb_driver(irda_driver);
      | ^~~~~~~~~~~~~~~~~
  CC [M]  drivers/net/irda/ksdazzle-sir.o
In file included from drivers/net/irda/ksdazzle-sir.c:78:
./include/linux/module.h:138:7: warning: ‘cleanup_module’ specifies less restrictive attribute than its target ‘irda_driver_exit’: ‘cold’ [-Wmissing-attributes]
  138 |  void cleanup_module(void) __attribute__((alias(#exitfn)));
      |       ^~~~~~~~~~~~~~
./include/linux/device.h:1360:1: note: in expansion of macro ‘module_exit’
 1360 | module_exit(__driver##_exit);
      | ^~~~~~~~~~~
./include/linux/usb.h:1195:2: note: in expansion of macro ‘module_driver’
 1195 |  module_driver(__usb_driver, usb_register, \
      |  ^~~~~~~~~~~~~
drivers/net/irda/ksdazzle-sir.c:809:1: note: in expansion of macro ‘module_usb_driver’
  809 | module_usb_driver(irda_driver);
      | ^~~~~~~~~~~~~~~~~
In file included from ./include/linux/usb/ch9.h:35,
                 from ./include/linux/usb.h:5,
                 from drivers/net/irda/ksdazzle-sir.c:84:
drivers/net/irda/ksdazzle-sir.c:809:19: note: ‘cleanup_module’ target declared here
  809 | module_usb_driver(irda_driver);
      |                   ^~~~~~~~~~~
./include/linux/device.h:1356:20: note: in definition of macro ‘module_driver’
 1356 | static void __exit __driver##_exit(void) \
      |                    ^~~~~~~~
drivers/net/irda/ksdazzle-sir.c:809:1: note: in expansion of macro ‘module_usb_driver’
  809 | module_usb_driver(irda_driver);
      | ^~~~~~~~~~~~~~~~~
In file included from drivers/net/irda/ksdazzle-sir.c:78:
./include/linux/module.h:132:6: warning: ‘init_module’ specifies less restrictive attribute than its target ‘irda_driver_init’: ‘cold’ [-Wmissing-attributes]
  132 |  int init_module(void) __attribute__((alias(#initfn)));
      |      ^~~~~~~~~~~
./include/linux/device.h:1355:1: note: in expansion of macro ‘module_init’
 1355 | module_init(__driver##_init); \
      | ^~~~~~~~~~~
./include/linux/usb.h:1195:2: note: in expansion of macro ‘module_driver’
 1195 |  module_driver(__usb_driver, usb_register, \
      |  ^~~~~~~~~~~~~
drivers/net/irda/ksdazzle-sir.c:809:1: note: in expansion of macro ‘module_usb_driver’
  809 | module_usb_driver(irda_driver);
      | ^~~~~~~~~~~~~~~~~
In file included from ./include/linux/usb/ch9.h:35,
                 from ./include/linux/usb.h:5,
                 from drivers/net/irda/ksdazzle-sir.c:84:
drivers/net/irda/ksdazzle-sir.c:809:19: note: ‘init_module’ target declared here
  809 | module_usb_driver(irda_driver);
      |                   ^~~~~~~~~~~
./include/linux/device.h:1351:19: note: in definition of macro ‘module_driver’
 1351 | static int __init __driver##_init(void) \
      |                   ^~~~~~~~
drivers/net/irda/ksdazzle-sir.c:809:1: note: in expansion of macro ‘module_usb_driver’
  809 | module_usb_driver(irda_driver);
      | ^~~~~~~~~~~~~~~~~
  CC [M]  drivers/net/irda/ks959-sir.o
In file included from drivers/net/irda/ks959-sir.c:114:
./include/linux/module.h:138:7: warning: ‘cleanup_module’ specifies less restrictive attribute than its target ‘irda_driver_exit’: ‘cold’ [-Wmissing-attributes]
  138 |  void cleanup_module(void) __attribute__((alias(#exitfn)));
      |       ^~~~~~~~~~~~~~
./include/linux/device.h:1360:1: note: in expansion of macro ‘module_exit’
 1360 | module_exit(__driver##_exit);
      | ^~~~~~~~~~~
./include/linux/usb.h:1195:2: note: in expansion of macro ‘module_driver’
 1195 |  module_driver(__usb_driver, usb_register, \
      |  ^~~~~~~~~~~~~
drivers/net/irda/ks959-sir.c:908:1: note: in expansion of macro ‘module_usb_driver’
  908 | module_usb_driver(irda_driver);
      | ^~~~~~~~~~~~~~~~~
In file included from ./include/linux/usb/ch9.h:35,
                 from ./include/linux/usb.h:5,
                 from drivers/net/irda/ks959-sir.c:120:
drivers/net/irda/ks959-sir.c:908:19: note: ‘cleanup_module’ target declared here
  908 | module_usb_driver(irda_driver);
      |                   ^~~~~~~~~~~
./include/linux/device.h:1356:20: note: in definition of macro ‘module_driver’
 1356 | static void __exit __driver##_exit(void) \
      |                    ^~~~~~~~
drivers/net/irda/ks959-sir.c:908:1: note: in expansion of macro ‘module_usb_driver’
  908 | module_usb_driver(irda_driver);
      | ^~~~~~~~~~~~~~~~~
In file included from drivers/net/irda/ks959-sir.c:114:
./include/linux/module.h:132:6: warning: ‘init_module’ specifies less restrictive attribute than its target ‘irda_driver_init’: ‘cold’ [-Wmissing-attributes]
  132 |  int init_module(void) __attribute__((alias(#initfn)));
      |      ^~~~~~~~~~~
./include/linux/device.h:1355:1: note: in expansion of macro ‘module_init’
 1355 | module_init(__driver##_init); \
      | ^~~~~~~~~~~
./include/linux/usb.h:1195:2: note: in expansion of macro ‘module_driver’
 1195 |  module_driver(__usb_driver, usb_register, \
      |  ^~~~~~~~~~~~~
drivers/net/irda/ks959-sir.c:908:1: note: in expansion of macro ‘module_usb_driver’
  908 | module_usb_driver(irda_driver);
      | ^~~~~~~~~~~~~~~~~
In file included from ./include/linux/usb/ch9.h:35,
                 from ./include/linux/usb.h:5,
                 from drivers/net/irda/ks959-sir.c:120:
drivers/net/irda/ks959-sir.c:908:19: note: ‘init_module’ target declared here
  908 | module_usb_driver(irda_driver);
      |                   ^~~~~~~~~~~
./include/linux/device.h:1351:19: note: in definition of macro ‘module_driver’
 1351 | static int __init __driver##_init(void) \
      |                   ^~~~~~~~
drivers/net/irda/ks959-sir.c:908:1: note: in expansion of macro ‘module_usb_driver’
  908 | module_usb_driver(irda_driver);
      | ^~~~~~~~~~~~~~~~~
  CC      drivers/net/phy/phy.o
  CC      drivers/net/phy/phy_device.o
  CC      drivers/net/phy/mdio_bus.o
  CC      drivers/net/phy/mdio_device.o
  CC      drivers/net/phy/swphy.o
  LD      drivers/net/phy/libphy.o
  CC      drivers/net/phy/fixed_phy.o
  CC      drivers/net/phy/microchip.o
  LD      drivers/net/phy/built-in.o
  CC [M]  drivers/net/phy/mdio-bitbang.o
  LD      drivers/net/ppp/built-in.o
  CC [M]  drivers/net/ppp/ppp_generic.o
In file included from drivers/net/ppp/ppp_generic.c:25:
./include/linux/module.h:132:6: warning: ‘init_module’ specifies less restrictive attribute than its target ‘ppp_init’: ‘cold’ [-Wmissing-attributes]
  132 |  int init_module(void) __attribute__((alias(#initfn)));
      |      ^~~~~~~~~~~
drivers/net/ppp/ppp_generic.c:3274:1: note: in expansion of macro ‘module_init’
 3274 | module_init(ppp_init);
      | ^~~~~~~~~~~
drivers/net/ppp/ppp_generic.c:1182:19: note: ‘init_module’ target declared here
 1182 | static int __init ppp_init(void)
      |                   ^~~~~~~~
In file included from drivers/net/ppp/ppp_generic.c:25:
./include/linux/module.h:138:7: warning: ‘cleanup_module’ specifies less restrictive attribute than its target ‘ppp_cleanup’: ‘cold’ [-Wmissing-attributes]
  138 |  void cleanup_module(void) __attribute__((alias(#exitfn)));
      |       ^~~~~~~~~~~~~~
drivers/net/ppp/ppp_generic.c:3275:1: note: in expansion of macro ‘module_exit’
 3275 | module_exit(ppp_cleanup);
      | ^~~~~~~~~~~
drivers/net/ppp/ppp_generic.c:3226:20: note: ‘cleanup_module’ target declared here
 3226 | static void __exit ppp_cleanup(void)
      |                    ^~~~~~~~~~~
  CC [M]  drivers/net/ppp/ppp_async.o
In file included from drivers/net/ppp/ppp_async.c:21:
./include/linux/module.h:132:6: warning: ‘init_module’ specifies less restrictive attribute than its target ‘ppp_async_init’: ‘cold’ [-Wmissing-attributes]
  132 |  int init_module(void) __attribute__((alias(#initfn)));
      |      ^~~~~~~~~~~
drivers/net/ppp/ppp_async.c:1027:1: note: in expansion of macro ‘module_init’
 1027 | module_init(ppp_async_init);
      | ^~~~~~~~~~~
drivers/net/ppp/ppp_async.c:392:1: note: ‘init_module’ target declared here
  392 | ppp_async_init(void)
      | ^~~~~~~~~~~~~~
In file included from drivers/net/ppp/ppp_async.c:21:
./include/linux/module.h:138:7: warning: ‘cleanup_module’ specifies less restrictive attribute than its target ‘ppp_async_cleanup’: ‘cold’ [-Wmissing-attributes]
  138 |  void cleanup_module(void) __attribute__((alias(#exitfn)));
      |       ^~~~~~~~~~~~~~
drivers/net/ppp/ppp_async.c:1028:1: note: in expansion of macro ‘module_exit’
 1028 | module_exit(ppp_async_cleanup);
      | ^~~~~~~~~~~
drivers/net/ppp/ppp_async.c:1021:20: note: ‘cleanup_module’ target declared here
 1021 | static void __exit ppp_async_cleanup(void)
      |                    ^~~~~~~~~~~~~~~~~
  CC [M]  drivers/net/ppp/bsd_comp.o
In file included from drivers/net/ppp/bsd_comp.c:64:
./include/linux/module.h:132:6: warning: ‘init_module’ specifies less restrictive attribute than its target ‘bsdcomp_init’: ‘cold’ [-Wmissing-attributes]
  132 |  int init_module(void) __attribute__((alias(#initfn)));
      |      ^~~~~~~~~~~
drivers/net/ppp/bsd_comp.c:1167:1: note: in expansion of macro ‘module_init’
 1167 | module_init(bsdcomp_init);
      | ^~~~~~~~~~~
drivers/net/ppp/bsd_comp.c:1154:19: note: ‘init_module’ target declared here
 1154 | static int __init bsdcomp_init(void)
      |                   ^~~~~~~~~~~~
In file included from drivers/net/ppp/bsd_comp.c:64:
./include/linux/module.h:138:7: warning: ‘cleanup_module’ specifies less restrictive attribute than its target ‘bsdcomp_cleanup’: ‘cold’ [-Wmissing-attributes]
  138 |  void cleanup_module(void) __attribute__((alias(#exitfn)));
      |       ^~~~~~~~~~~~~~
drivers/net/ppp/bsd_comp.c:1168:1: note: in expansion of macro ‘module_exit’
 1168 | module_exit(bsdcomp_cleanup);
      | ^~~~~~~~~~~
drivers/net/ppp/bsd_comp.c:1162:20: note: ‘cleanup_module’ target declared here
 1162 | static void __exit bsdcomp_cleanup(void)
      |                    ^~~~~~~~~~~~~~~
  CC [M]  drivers/net/ppp/ppp_deflate.o
In file included from drivers/net/ppp/ppp_deflate.c:12:
./include/linux/module.h:132:6: warning: ‘init_module’ specifies less restrictive attribute than its target ‘deflate_init’: ‘cold’ [-Wmissing-attributes]
  132 |  int init_module(void) __attribute__((alias(#initfn)));
      |      ^~~~~~~~~~~
drivers/net/ppp/ppp_deflate.c:627:1: note: in expansion of macro ‘module_init’
  627 | module_init(deflate_init);
      | ^~~~~~~~~~~
drivers/net/ppp/ppp_deflate.c:611:19: note: ‘init_module’ target declared here
  611 | static int __init deflate_init(void)
      |                   ^~~~~~~~~~~~
In file included from drivers/net/ppp/ppp_deflate.c:12:
./include/linux/module.h:138:7: warning: ‘cleanup_module’ specifies less restrictive attribute than its target ‘deflate_cleanup’: ‘cold’ [-Wmissing-attributes]
  138 |  void cleanup_module(void) __attribute__((alias(#exitfn)));
      |       ^~~~~~~~~~~~~~
drivers/net/ppp/ppp_deflate.c:628:1: note: in expansion of macro ‘module_exit’
  628 | module_exit(deflate_cleanup);
      | ^~~~~~~~~~~
drivers/net/ppp/ppp_deflate.c:621:20: note: ‘cleanup_module’ target declared here
  621 | static void __exit deflate_cleanup(void)
      |                    ^~~~~~~~~~~~~~~
  CC [M]  drivers/net/ppp/ppp_mppe.o
In file included from drivers/net/ppp/ppp_mppe.c:48:
./include/linux/module.h:132:6: warning: ‘init_module’ specifies less restrictive attribute than its target ‘ppp_mppe_init’: ‘cold’ [-Wmissing-attributes]
  132 |  int init_module(void) __attribute__((alias(#initfn)));
      |      ^~~~~~~~~~~
drivers/net/ppp/ppp_mppe.c:759:1: note: in expansion of macro ‘module_init’
  759 | module_init(ppp_mppe_init);
      | ^~~~~~~~~~~
drivers/net/ppp/ppp_mppe.c:731:19: note: ‘init_module’ target declared here
  731 | static int __init ppp_mppe_init(void)
      |                   ^~~~~~~~~~~~~
In file included from drivers/net/ppp/ppp_mppe.c:48:
./include/linux/module.h:138:7: warning: ‘cleanup_module’ specifies less restrictive attribute than its target ‘ppp_mppe_cleanup’: ‘cold’ [-Wmissing-attributes]
  138 |  void cleanup_module(void) __attribute__((alias(#exitfn)));
      |       ^~~~~~~~~~~~~~
drivers/net/ppp/ppp_mppe.c:760:1: note: in expansion of macro ‘module_exit’
  760 | module_exit(ppp_mppe_cleanup);
      | ^~~~~~~~~~~
drivers/net/ppp/ppp_mppe.c:753:20: note: ‘cleanup_module’ target declared here
  753 | static void __exit ppp_mppe_cleanup(void)
      |                    ^~~~~~~~~~~~~~~~
  CC [M]  drivers/net/ppp/ppp_synctty.o
In file included from drivers/net/ppp/ppp_synctty.c:35:
./include/linux/module.h:132:6: warning: ‘init_module’ specifies less restrictive attribute than its target ‘ppp_sync_init’: ‘cold’ [-Wmissing-attributes]
  132 |  int init_module(void) __attribute__((alias(#initfn)));
      |      ^~~~~~~~~~~
drivers/net/ppp/ppp_synctty.c:738:1: note: in expansion of macro ‘module_init’
  738 | module_init(ppp_sync_init);
      | ^~~~~~~~~~~
drivers/net/ppp/ppp_synctty.c:384:1: note: ‘init_module’ target declared here
  384 | ppp_sync_init(void)
      | ^~~~~~~~~~~~~
In file included from drivers/net/ppp/ppp_synctty.c:35:
./include/linux/module.h:138:7: warning: ‘cleanup_module’ specifies less restrictive attribute than its target ‘ppp_sync_cleanup’: ‘cold’ [-Wmissing-attributes]
  138 |  void cleanup_module(void) __attribute__((alias(#exitfn)));
      |       ^~~~~~~~~~~~~~
drivers/net/ppp/ppp_synctty.c:739:1: note: in expansion of macro ‘module_exit’
  739 | module_exit(ppp_sync_cleanup);
      | ^~~~~~~~~~~
drivers/net/ppp/ppp_synctty.c:732:1: note: ‘cleanup_module’ target declared here
  732 | ppp_sync_cleanup(void)
      | ^~~~~~~~~~~~~~~~
  CC [M]  drivers/net/ppp/pppox.o
In file included from drivers/net/ppp/pppox.c:23:
./include/linux/module.h:132:6: warning: ‘init_module’ specifies less restrictive attribute than its target ‘pppox_init’: ‘cold’ [-Wmissing-attributes]
  132 |  int init_module(void) __attribute__((alias(#initfn)));
      |      ^~~~~~~~~~~
drivers/net/ppp/pppox.c:144:1: note: in expansion of macro ‘module_init’
  144 | module_init(pppox_init);
      | ^~~~~~~~~~~
drivers/net/ppp/pppox.c:134:19: note: ‘init_module’ target declared here
  134 | static int __init pppox_init(void)
      |                   ^~~~~~~~~~
In file included from drivers/net/ppp/pppox.c:23:
./include/linux/module.h:138:7: warning: ‘cleanup_module’ specifies less restrictive attribute than its target ‘pppox_exit’: ‘cold’ [-Wmissing-attributes]
  138 |  void cleanup_module(void) __attribute__((alias(#exitfn)));
      |       ^~~~~~~~~~~~~~
drivers/net/ppp/pppox.c:145:1: note: in expansion of macro ‘module_exit’
  145 | module_exit(pppox_exit);
      | ^~~~~~~~~~~
drivers/net/ppp/pppox.c:139:20: note: ‘cleanup_module’ target declared here
  139 | static void __exit pppox_exit(void)
      |                    ^~~~~~~~~~
  CC [M]  drivers/net/ppp/pppoe.o
In file included from drivers/net/ppp/pppoe.c:61:
./include/linux/module.h:132:6: warning: ‘init_module’ specifies less restrictive attribute than its target ‘pppoe_init’: ‘cold’ [-Wmissing-attributes]
  132 |  int init_module(void) __attribute__((alias(#initfn)));
      |      ^~~~~~~~~~~
drivers/net/ppp/pppoe.c:1208:1: note: in expansion of macro ‘module_init’
 1208 | module_init(pppoe_init);
      | ^~~~~~~~~~~
drivers/net/ppp/pppoe.c:1168:19: note: ‘init_module’ target declared here
 1168 | static int __init pppoe_init(void)
      |                   ^~~~~~~~~~
In file included from drivers/net/ppp/pppoe.c:61:
./include/linux/module.h:138:7: warning: ‘cleanup_module’ specifies less restrictive attribute than its target ‘pppoe_exit’: ‘cold’ [-Wmissing-attributes]
  138 |  void cleanup_module(void) __attribute__((alias(#exitfn)));
      |       ^~~~~~~~~~~~~~
drivers/net/ppp/pppoe.c:1209:1: note: in expansion of macro ‘module_exit’
 1209 | module_exit(pppoe_exit);
      | ^~~~~~~~~~~
drivers/net/ppp/pppoe.c:1198:20: note: ‘cleanup_module’ target declared here
 1198 | static void __exit pppoe_exit(void)
      |                    ^~~~~~~~~~
  LD      drivers/net/slip/built-in.o
  CC [M]  drivers/net/slip/slip.o
In file included from drivers/net/slip/slip.c:64:
./include/linux/module.h:132:6: warning: ‘init_module’ specifies less restrictive attribute than its target ‘slip_init’: ‘cold’ [-Wmissing-attributes]
  132 |  int init_module(void) __attribute__((alias(#initfn)));
      |      ^~~~~~~~~~~
drivers/net/slip/slip.c:1389:1: note: in expansion of macro ‘module_init’
 1389 | module_init(slip_init);
      | ^~~~~~~~~~~
drivers/net/slip/slip.c:1295:19: note: ‘init_module’ target declared here
 1295 | static int __init slip_init(void)
      |                   ^~~~~~~~~
In file included from drivers/net/slip/slip.c:64:
./include/linux/module.h:138:7: warning: ‘cleanup_module’ specifies less restrictive attribute than its target ‘slip_exit’: ‘cold’ [-Wmissing-attributes]
  138 |  void cleanup_module(void) __attribute__((alias(#exitfn)));
      |       ^~~~~~~~~~~~~~
drivers/net/slip/slip.c:1390:1: note: in expansion of macro ‘module_exit’
 1390 | module_exit(slip_exit);
      | ^~~~~~~~~~~
drivers/net/slip/slip.c:1329:20: note: ‘cleanup_module’ target declared here
 1329 | static void __exit slip_exit(void)
      |                    ^~~~~~~~~
  CC [M]  drivers/net/slip/slhc.o
  CC      drivers/net/usb/lan78xx.o
  CC      drivers/net/usb/smsc95xx.o
  CC      drivers/net/usb/usbnet.o
  LD      drivers/net/usb/built-in.o
  CC [M]  drivers/net/usb/catc.o
In file included from drivers/net/usb/catc.c:34:
./include/linux/module.h:138:7: warning: ‘cleanup_module’ specifies less restrictive attribute than its target ‘catc_driver_exit’: ‘cold’ [-Wmissing-attributes]
  138 |  void cleanup_module(void) __attribute__((alias(#exitfn)));
      |       ^~~~~~~~~~~~~~
./include/linux/device.h:1360:1: note: in expansion of macro ‘module_exit’
 1360 | module_exit(__driver##_exit);
      | ^~~~~~~~~~~
./include/linux/usb.h:1195:2: note: in expansion of macro ‘module_driver’
 1195 |  module_driver(__usb_driver, usb_register, \
      |  ^~~~~~~~~~~~~
drivers/net/usb/catc.c:977:1: note: in expansion of macro ‘module_usb_driver’
  977 | module_usb_driver(catc_driver);
      | ^~~~~~~~~~~~~~~~~
In file included from ./include/linux/dmaengine.h:20,
                 from ./include/linux/netdevice.h:38,
                 from drivers/net/usb/catc.c:37:
drivers/net/usb/catc.c:977:19: note: ‘cleanup_module’ target declared here
  977 | module_usb_driver(catc_driver);
      |                   ^~~~~~~~~~~
./include/linux/device.h:1356:20: note: in definition of macro ‘module_driver’
 1356 | static void __exit __driver##_exit(void) \
      |                    ^~~~~~~~
drivers/net/usb/catc.c:977:1: note: in expansion of macro ‘module_usb_driver’
  977 | module_usb_driver(catc_driver);
      | ^~~~~~~~~~~~~~~~~
In file included from drivers/net/usb/catc.c:34:
./include/linux/module.h:132:6: warning: ‘init_module’ specifies less restrictive attribute than its target ‘catc_driver_init’: ‘cold’ [-Wmissing-attributes]
  132 |  int init_module(void) __attribute__((alias(#initfn)));
      |      ^~~~~~~~~~~
./include/linux/device.h:1355:1: note: in expansion of macro ‘module_init’
 1355 | module_init(__driver##_init); \
      | ^~~~~~~~~~~
./include/linux/usb.h:1195:2: note: in expansion of macro ‘module_driver’
 1195 |  module_driver(__usb_driver, usb_register, \
      |  ^~~~~~~~~~~~~
drivers/net/usb/catc.c:977:1: note: in expansion of macro ‘module_usb_driver’
  977 | module_usb_driver(catc_driver);
      | ^~~~~~~~~~~~~~~~~
In file included from ./include/linux/dmaengine.h:20,
                 from ./include/linux/netdevice.h:38,
                 from drivers/net/usb/catc.c:37:
drivers/net/usb/catc.c:977:19: note: ‘init_module’ target declared here
  977 | module_usb_driver(catc_driver);
      |                   ^~~~~~~~~~~
./include/linux/device.h:1351:19: note: in definition of macro ‘module_driver’
 1351 | static int __init __driver##_init(void) \
      |                   ^~~~~~~~
drivers/net/usb/catc.c:977:1: note: in expansion of macro ‘module_usb_driver’
  977 | module_usb_driver(catc_driver);
      | ^~~~~~~~~~~~~~~~~
  CC [M]  drivers/net/usb/kaweth.o
In file included from drivers/net/usb/kaweth.c:45:
./include/linux/module.h:138:7: warning: ‘cleanup_module’ specifies less restrictive attribute than its target ‘kaweth_driver_exit’: ‘cold’ [-Wmissing-attributes]
  138 |  void cleanup_module(void) __attribute__((alias(#exitfn)));
      |       ^~~~~~~~~~~~~~
./include/linux/device.h:1360:1: note: in expansion of macro ‘module_exit’
 1360 | module_exit(__driver##_exit);
      | ^~~~~~~~~~~
./include/linux/usb.h:1195:2: note: in expansion of macro ‘module_driver’
 1195 |  module_driver(__usb_driver, usb_register, \
      |  ^~~~~~~~~~~~~
drivers/net/usb/kaweth.c:1314:1: note: in expansion of macro ‘module_usb_driver’
 1314 | module_usb_driver(kaweth_driver);
      | ^~~~~~~~~~~~~~~~~
In file included from ./include/linux/dmaengine.h:20,
                 from ./include/linux/netdevice.h:38,
                 from drivers/net/usb/kaweth.c:49:
drivers/net/usb/kaweth.c:1314:19: note: ‘cleanup_module’ target declared here
 1314 | module_usb_driver(kaweth_driver);
      |                   ^~~~~~~~~~~~~
./include/linux/device.h:1356:20: note: in definition of macro ‘module_driver’
 1356 | static void __exit __driver##_exit(void) \
      |                    ^~~~~~~~
drivers/net/usb/kaweth.c:1314:1: note: in expansion of macro ‘module_usb_driver’
 1314 | module_usb_driver(kaweth_driver);
      | ^~~~~~~~~~~~~~~~~
In file included from drivers/net/usb/kaweth.c:45:
./include/linux/module.h:132:6: warning: ‘init_module’ specifies less restrictive attribute than its target ‘kaweth_driver_init’: ‘cold’ [-Wmissing-attributes]
  132 |  int init_module(void) __attribute__((alias(#initfn)));
      |      ^~~~~~~~~~~
./include/linux/device.h:1355:1: note: in expansion of macro ‘module_init’
 1355 | module_init(__driver##_init); \
      | ^~~~~~~~~~~
./include/linux/usb.h:1195:2: note: in expansion of macro ‘module_driver’
 1195 |  module_driver(__usb_driver, usb_register, \
      |  ^~~~~~~~~~~~~
drivers/net/usb/kaweth.c:1314:1: note: in expansion of macro ‘module_usb_driver’
 1314 | module_usb_driver(kaweth_driver);
      | ^~~~~~~~~~~~~~~~~
In file included from ./include/linux/dmaengine.h:20,
                 from ./include/linux/netdevice.h:38,
                 from drivers/net/usb/kaweth.c:49:
drivers/net/usb/kaweth.c:1314:19: note: ‘init_module’ target declared here
 1314 | module_usb_driver(kaweth_driver);
      |                   ^~~~~~~~~~~~~
./include/linux/device.h:1351:19: note: in definition of macro ‘module_driver’
 1351 | static int __init __driver##_init(void) \
      |                   ^~~~~~~~
drivers/net/usb/kaweth.c:1314:1: note: in expansion of macro ‘module_usb_driver’
 1314 | module_usb_driver(kaweth_driver);
      | ^~~~~~~~~~~~~~~~~
  CC [M]  drivers/net/usb/pegasus.o
In file included from ./include/linux/phy.h:24,
                 from ./include/net/dsa.h:19,
                 from ./include/linux/netdevice.h:44,
                 from drivers/net/usb/pegasus.c:38:
./include/linux/module.h:138:7: warning: ‘cleanup_module’ specifies less restrictive attribute than its target ‘pegasus_exit’: ‘cold’ [-Wmissing-attributes]
  138 |  void cleanup_module(void) __attribute__((alias(#exitfn)));
      |       ^~~~~~~~~~~~~~
drivers/net/usb/pegasus.c:1357:1: note: in expansion of macro ‘module_exit’
 1357 | module_exit(pegasus_exit);
      | ^~~~~~~~~~~
drivers/net/usb/pegasus.c:1351:20: note: ‘cleanup_module’ target declared here
 1351 | static void __exit pegasus_exit(void)
      |                    ^~~~~~~~~~~~
In file included from ./include/linux/phy.h:24,
                 from ./include/net/dsa.h:19,
                 from ./include/linux/netdevice.h:44,
                 from drivers/net/usb/pegasus.c:38:
./include/linux/module.h:132:6: warning: ‘init_module’ specifies less restrictive attribute than its target ‘pegasus_init’: ‘cold’ [-Wmissing-attributes]
  132 |  int init_module(void) __attribute__((alias(#initfn)));
      |      ^~~~~~~~~~~
drivers/net/usb/pegasus.c:1356:1: note: in expansion of macro ‘module_init’
 1356 | module_init(pegasus_init);
      | ^~~~~~~~~~~
drivers/net/usb/pegasus.c:1343:19: note: ‘init_module’ target declared here
 1343 | static int __init pegasus_init(void)
      |                   ^~~~~~~~~~~~
  CC [M]  drivers/net/usb/rtl8150.o
In file included from drivers/net/usb/rtl8150.c:11:
./include/linux/module.h:138:7: warning: ‘cleanup_module’ specifies less restrictive attribute than its target ‘rtl8150_driver_exit’: ‘cold’ [-Wmissing-attributes]
  138 |  void cleanup_module(void) __attribute__((alias(#exitfn)));
      |       ^~~~~~~~~~~~~~
./include/linux/device.h:1360:1: note: in expansion of macro ‘module_exit’
 1360 | module_exit(__driver##_exit);
      | ^~~~~~~~~~~
./include/linux/usb.h:1195:2: note: in expansion of macro ‘module_driver’
 1195 |  module_driver(__usb_driver, usb_register, \
      |  ^~~~~~~~~~~~~
drivers/net/usb/rtl8150.c:965:1: note: in expansion of macro ‘module_usb_driver’
  965 | module_usb_driver(rtl8150_driver);
      | ^~~~~~~~~~~~~~~~~
In file included from ./include/linux/dmaengine.h:20,
                 from ./include/linux/netdevice.h:38,
                 from drivers/net/usb/rtl8150.c:12:
drivers/net/usb/rtl8150.c:965:19: note: ‘cleanup_module’ target declared here
  965 | module_usb_driver(rtl8150_driver);
      |                   ^~~~~~~~~~~~~~
./include/linux/device.h:1356:20: note: in definition of macro ‘module_driver’
 1356 | static void __exit __driver##_exit(void) \
      |                    ^~~~~~~~
drivers/net/usb/rtl8150.c:965:1: note: in expansion of macro ‘module_usb_driver’
  965 | module_usb_driver(rtl8150_driver);
      | ^~~~~~~~~~~~~~~~~
In file included from drivers/net/usb/rtl8150.c:11:
./include/linux/module.h:132:6: warning: ‘init_module’ specifies less restrictive attribute than its target ‘rtl8150_driver_init’: ‘cold’ [-Wmissing-attributes]
  132 |  int init_module(void) __attribute__((alias(#initfn)));
      |      ^~~~~~~~~~~
./include/linux/device.h:1355:1: note: in expansion of macro ‘module_init’
 1355 | module_init(__driver##_init); \
      | ^~~~~~~~~~~
./include/linux/usb.h:1195:2: note: in expansion of macro ‘module_driver’
 1195 |  module_driver(__usb_driver, usb_register, \
      |  ^~~~~~~~~~~~~
drivers/net/usb/rtl8150.c:965:1: note: in expansion of macro ‘module_usb_driver’
  965 | module_usb_driver(rtl8150_driver);
      | ^~~~~~~~~~~~~~~~~
In file included from ./include/linux/dmaengine.h:20,
                 from ./include/linux/netdevice.h:38,
                 from drivers/net/usb/rtl8150.c:12:
drivers/net/usb/rtl8150.c:965:19: note: ‘init_module’ target declared here
  965 | module_usb_driver(rtl8150_driver);
      |                   ^~~~~~~~~~~~~~
./include/linux/device.h:1351:19: note: in definition of macro ‘module_driver’
 1351 | static int __init __driver##_init(void) \
      |                   ^~~~~~~~
drivers/net/usb/rtl8150.c:965:1: note: in expansion of macro ‘module_usb_driver’
  965 | module_usb_driver(rtl8150_driver);
      | ^~~~~~~~~~~~~~~~~
  CC [M]  drivers/net/usb/r8152.o
In file included from drivers/net/usb/r8152.c:12:
./include/linux/module.h:138:7: warning: ‘cleanup_module’ specifies less restrictive attribute than its target ‘rtl8152_driver_exit’: ‘cold’ [-Wmissing-attributes]
  138 |  void cleanup_module(void) __attribute__((alias(#exitfn)));
      |       ^~~~~~~~~~~~~~
./include/linux/device.h:1360:1: note: in expansion of macro ‘module_exit’
 1360 | module_exit(__driver##_exit);
      | ^~~~~~~~~~~
./include/linux/usb.h:1195:2: note: in expansion of macro ‘module_driver’
 1195 |  module_driver(__usb_driver, usb_register, \
      |  ^~~~~~~~~~~~~
drivers/net/usb/r8152.c:4529:1: note: in expansion of macro ‘module_usb_driver’
 4529 | module_usb_driver(rtl8152_driver);
      | ^~~~~~~~~~~~~~~~~
In file included from ./include/linux/dmaengine.h:20,
                 from ./include/linux/netdevice.h:38,
                 from drivers/net/usb/r8152.c:13:
drivers/net/usb/r8152.c:4529:19: note: ‘cleanup_module’ target declared here
 4529 | module_usb_driver(rtl8152_driver);
      |                   ^~~~~~~~~~~~~~
./include/linux/device.h:1356:20: note: in definition of macro ‘module_driver’
 1356 | static void __exit __driver##_exit(void) \
      |                    ^~~~~~~~
drivers/net/usb/r8152.c:4529:1: note: in expansion of macro ‘module_usb_driver’
 4529 | module_usb_driver(rtl8152_driver);
      | ^~~~~~~~~~~~~~~~~
In file included from drivers/net/usb/r8152.c:12:
./include/linux/module.h:132:6: warning: ‘init_module’ specifies less restrictive attribute than its target ‘rtl8152_driver_init’: ‘cold’ [-Wmissing-attributes]
  132 |  int init_module(void) __attribute__((alias(#initfn)));
      |      ^~~~~~~~~~~
./include/linux/device.h:1355:1: note: in expansion of macro ‘module_init’
 1355 | module_init(__driver##_init); \
      | ^~~~~~~~~~~
./include/linux/usb.h:1195:2: note: in expansion of macro ‘module_driver’
 1195 |  module_driver(__usb_driver, usb_register, \
      |  ^~~~~~~~~~~~~
drivers/net/usb/r8152.c:4529:1: note: in expansion of macro ‘module_usb_driver’
 4529 | module_usb_driver(rtl8152_driver);
      | ^~~~~~~~~~~~~~~~~
In file included from ./include/linux/dmaengine.h:20,
                 from ./include/linux/netdevice.h:38,
                 from drivers/net/usb/r8152.c:13:
drivers/net/usb/r8152.c:4529:19: note: ‘init_module’ target declared here
 4529 | module_usb_driver(rtl8152_driver);
      |                   ^~~~~~~~~~~~~~
./include/linux/device.h:1351:19: note: in definition of macro ‘module_driver’
 1351 | static int __init __driver##_init(void) \
      |                   ^~~~~~~~
drivers/net/usb/r8152.c:4529:1: note: in expansion of macro ‘module_usb_driver’
 4529 | module_usb_driver(rtl8152_driver);
      | ^~~~~~~~~~~~~~~~~
  CC [M]  drivers/net/usb/hso.o
In file included from ./include/linux/phy.h:24,
                 from ./include/net/dsa.h:19,
                 from ./include/linux/netdevice.h:44,
                 from drivers/net/usb/hso.c:59:
./include/linux/module.h:138:7: warning: ‘cleanup_module’ specifies less restrictive attribute than its target ‘hso_exit’: ‘cold’ [-Wmissing-attributes]
  138 |  void cleanup_module(void) __attribute__((alias(#exitfn)));
      |       ^~~~~~~~~~~~~~
drivers/net/usb/hso.c:3289:1: note: in expansion of macro ‘module_exit’
 3289 | module_exit(hso_exit);
      | ^~~~~~~~~~~
drivers/net/usb/hso.c:3277:20: note: ‘cleanup_module’ target declared here
 3277 | static void __exit hso_exit(void)
      |                    ^~~~~~~~
In file included from ./include/linux/phy.h:24,
                 from ./include/net/dsa.h:19,
                 from ./include/linux/netdevice.h:44,
                 from drivers/net/usb/hso.c:59:
./include/linux/module.h:132:6: warning: ‘init_module’ specifies less restrictive attribute than its target ‘hso_init’: ‘cold’ [-Wmissing-attributes]
  132 |  int init_module(void) __attribute__((alias(#initfn)));
      |      ^~~~~~~~~~~
drivers/net/usb/hso.c:3288:1: note: in expansion of macro ‘module_init’
 3288 | module_init(hso_init);
      | ^~~~~~~~~~~
drivers/net/usb/hso.c:3219:19: note: ‘init_module’ target declared here
 3219 | static int __init hso_init(void)
      |                   ^~~~~~~~
  CC [M]  drivers/net/usb/asix_devices.o
In file included from drivers/net/usb/asix.h:28,
                 from drivers/net/usb/asix_devices.c:22:
./include/linux/module.h:138:7: warning: ‘cleanup_module’ specifies less restrictive attribute than its target ‘asix_driver_exit’: ‘cold’ [-Wmissing-attributes]
  138 |  void cleanup_module(void) __attribute__((alias(#exitfn)));
      |       ^~~~~~~~~~~~~~
./include/linux/device.h:1360:1: note: in expansion of macro ‘module_exit’
 1360 | module_exit(__driver##_exit);
      | ^~~~~~~~~~~
./include/linux/usb.h:1195:2: note: in expansion of macro ‘module_driver’
 1195 |  module_driver(__usb_driver, usb_register, \
      |  ^~~~~~~~~~~~~
drivers/net/usb/asix_devices.c:1378:1: note: in expansion of macro ‘module_usb_driver’
 1378 | module_usb_driver(asix_driver);
      | ^~~~~~~~~~~~~~~~~
In file included from ./include/linux/dmaengine.h:20,
                 from ./include/linux/netdevice.h:38,
                 from drivers/net/usb/asix.h:30,
                 from drivers/net/usb/asix_devices.c:22:
drivers/net/usb/asix_devices.c:1378:19: note: ‘cleanup_module’ target declared here
 1378 | module_usb_driver(asix_driver);
      |                   ^~~~~~~~~~~
./include/linux/device.h:1356:20: note: in definition of macro ‘module_driver’
 1356 | static void __exit __driver##_exit(void) \
      |                    ^~~~~~~~
drivers/net/usb/asix_devices.c:1378:1: note: in expansion of macro ‘module_usb_driver’
 1378 | module_usb_driver(asix_driver);
      | ^~~~~~~~~~~~~~~~~
In file included from drivers/net/usb/asix.h:28,
                 from drivers/net/usb/asix_devices.c:22:
./include/linux/module.h:132:6: warning: ‘init_module’ specifies less restrictive attribute than its target ‘asix_driver_init’: ‘cold’ [-Wmissing-attributes]
  132 |  int init_module(void) __attribute__((alias(#initfn)));
      |      ^~~~~~~~~~~
./include/linux/device.h:1355:1: note: in expansion of macro ‘module_init’
 1355 | module_init(__driver##_init); \
      | ^~~~~~~~~~~
./include/linux/usb.h:1195:2: note: in expansion of macro ‘module_driver’
 1195 |  module_driver(__usb_driver, usb_register, \
      |  ^~~~~~~~~~~~~
drivers/net/usb/asix_devices.c:1378:1: note: in expansion of macro ‘module_usb_driver’
 1378 | module_usb_driver(asix_driver);
      | ^~~~~~~~~~~~~~~~~
In file included from ./include/linux/dmaengine.h:20,
                 from ./include/linux/netdevice.h:38,
                 from drivers/net/usb/asix.h:30,
                 from drivers/net/usb/asix_devices.c:22:
drivers/net/usb/asix_devices.c:1378:19: note: ‘init_module’ target declared here
 1378 | module_usb_driver(asix_driver);
      |                   ^~~~~~~~~~~
./include/linux/device.h:1351:19: note: in definition of macro ‘module_driver’
 1351 | static int __init __driver##_init(void) \
      |                   ^~~~~~~~
drivers/net/usb/asix_devices.c:1378:1: note: in expansion of macro ‘module_usb_driver’
 1378 | module_usb_driver(asix_driver);
      | ^~~~~~~~~~~~~~~~~
  CC [M]  drivers/net/usb/asix_common.o
  CC [M]  drivers/net/usb/ax88172a.o
  LD [M]  drivers/net/usb/asix.o
  CC [M]  drivers/net/usb/ax88179_178a.o
In file included from drivers/net/usb/ax88179_178a.c:20:
./include/linux/module.h:138:7: warning: ‘cleanup_module’ specifies less restrictive attribute than its target ‘ax88179_178a_driver_exit’: ‘cold’ [-Wmissing-attributes]
  138 |  void cleanup_module(void) __attribute__((alias(#exitfn)));
      |       ^~~~~~~~~~~~~~
./include/linux/device.h:1360:1: note: in expansion of macro ‘module_exit’
 1360 | module_exit(__driver##_exit);
      | ^~~~~~~~~~~
./include/linux/usb.h:1195:2: note: in expansion of macro ‘module_driver’
 1195 |  module_driver(__usb_driver, usb_register, \
      |  ^~~~~~~~~~~~~
drivers/net/usb/ax88179_178a.c:1770:1: note: in expansion of macro ‘module_usb_driver’
 1770 | module_usb_driver(ax88179_178a_driver);
      | ^~~~~~~~~~~~~~~~~
In file included from ./include/linux/dma-mapping.h:6,
                 from ./include/linux/skbuff.h:34,
                 from ./include/linux/if_ether.h:23,
                 from ./include/linux/etherdevice.h:25,
                 from drivers/net/usb/ax88179_178a.c:21:
drivers/net/usb/ax88179_178a.c:1770:19: note: ‘cleanup_module’ target declared here
 1770 | module_usb_driver(ax88179_178a_driver);
      |                   ^~~~~~~~~~~~~~~~~~~
./include/linux/device.h:1356:20: note: in definition of macro ‘module_driver’
 1356 | static void __exit __driver##_exit(void) \
      |                    ^~~~~~~~
drivers/net/usb/ax88179_178a.c:1770:1: note: in expansion of macro ‘module_usb_driver’
 1770 | module_usb_driver(ax88179_178a_driver);
      | ^~~~~~~~~~~~~~~~~
In file included from drivers/net/usb/ax88179_178a.c:20:
./include/linux/module.h:132:6: warning: ‘init_module’ specifies less restrictive attribute than its target ‘ax88179_178a_driver_init’: ‘cold’ [-Wmissing-attributes]
  132 |  int init_module(void) __attribute__((alias(#initfn)));
      |      ^~~~~~~~~~~
./include/linux/device.h:1355:1: note: in expansion of macro ‘module_init’
 1355 | module_init(__driver##_init); \
      | ^~~~~~~~~~~
./include/linux/usb.h:1195:2: note: in expansion of macro ‘module_driver’
 1195 |  module_driver(__usb_driver, usb_register, \
      |  ^~~~~~~~~~~~~
drivers/net/usb/ax88179_178a.c:1770:1: note: in expansion of macro ‘module_usb_driver’
 1770 | module_usb_driver(ax88179_178a_driver);
      | ^~~~~~~~~~~~~~~~~
In file included from ./include/linux/dma-mapping.h:6,
                 from ./include/linux/skbuff.h:34,
                 from ./include/linux/if_ether.h:23,
                 from ./include/linux/etherdevice.h:25,
                 from drivers/net/usb/ax88179_178a.c:21:
drivers/net/usb/ax88179_178a.c:1770:19: note: ‘init_module’ target declared here
 1770 | module_usb_driver(ax88179_178a_driver);
      |                   ^~~~~~~~~~~~~~~~~~~
./include/linux/device.h:1351:19: note: in definition of macro ‘module_driver’
 1351 | static int __init __driver##_init(void) \
      |                   ^~~~~~~~
drivers/net/usb/ax88179_178a.c:1770:1: note: in expansion of macro ‘module_usb_driver’
 1770 | module_usb_driver(ax88179_178a_driver);
      | ^~~~~~~~~~~~~~~~~
  CC [M]  drivers/net/usb/cdc_ether.o
In file included from drivers/net/usb/cdc_ether.c:23:
./include/linux/module.h:138:7: warning: ‘cleanup_module’ specifies less restrictive attribute than its target ‘cdc_driver_exit’: ‘cold’ [-Wmissing-attributes]
  138 |  void cleanup_module(void) __attribute__((alias(#exitfn)));
      |       ^~~~~~~~~~~~~~
./include/linux/device.h:1360:1: note: in expansion of macro ‘module_exit’
 1360 | module_exit(__driver##_exit);
      | ^~~~~~~~~~~
./include/linux/usb.h:1195:2: note: in expansion of macro ‘module_driver’
 1195 |  module_driver(__usb_driver, usb_register, \
      |  ^~~~~~~~~~~~~
drivers/net/usb/cdc_ether.c:823:1: note: in expansion of macro ‘module_usb_driver’
  823 | module_usb_driver(cdc_driver);
      | ^~~~~~~~~~~~~~~~~
In file included from ./include/linux/dmaengine.h:20,
                 from ./include/linux/netdevice.h:38,
                 from drivers/net/usb/cdc_ether.c:24:
drivers/net/usb/cdc_ether.c:823:19: note: ‘cleanup_module’ target declared here
  823 | module_usb_driver(cdc_driver);
      |                   ^~~~~~~~~~
./include/linux/device.h:1356:20: note: in definition of macro ‘module_driver’
 1356 | static void __exit __driver##_exit(void) \
      |                    ^~~~~~~~
drivers/net/usb/cdc_ether.c:823:1: note: in expansion of macro ‘module_usb_driver’
  823 | module_usb_driver(cdc_driver);
      | ^~~~~~~~~~~~~~~~~
In file included from drivers/net/usb/cdc_ether.c:23:
./include/linux/module.h:132:6: warning: ‘init_module’ specifies less restrictive attribute than its target ‘cdc_driver_init’: ‘cold’ [-Wmissing-attributes]
  132 |  int init_module(void) __attribute__((alias(#initfn)));
      |      ^~~~~~~~~~~
./include/linux/device.h:1355:1: note: in expansion of macro ‘module_init’
 1355 | module_init(__driver##_init); \
      | ^~~~~~~~~~~
./include/linux/usb.h:1195:2: note: in expansion of macro ‘module_driver’
 1195 |  module_driver(__usb_driver, usb_register, \
      |  ^~~~~~~~~~~~~
drivers/net/usb/cdc_ether.c:823:1: note: in expansion of macro ‘module_usb_driver’
  823 | module_usb_driver(cdc_driver);
      | ^~~~~~~~~~~~~~~~~
In file included from ./include/linux/dmaengine.h:20,
                 from ./include/linux/netdevice.h:38,
                 from drivers/net/usb/cdc_ether.c:24:
drivers/net/usb/cdc_ether.c:823:19: note: ‘init_module’ target declared here
  823 | module_usb_driver(cdc_driver);
      |                   ^~~~~~~~~~
./include/linux/device.h:1351:19: note: in definition of macro ‘module_driver’
 1351 | static int __init __driver##_init(void) \
      |                   ^~~~~~~~
drivers/net/usb/cdc_ether.c:823:1: note: in expansion of macro ‘module_usb_driver’
  823 | module_usb_driver(cdc_driver);
      | ^~~~~~~~~~~~~~~~~
  CC [M]  drivers/net/usb/cdc_eem.o
In file included from drivers/net/usb/cdc_eem.c:20:
./include/linux/module.h:138:7: warning: ‘cleanup_module’ specifies less restrictive attribute than its target ‘eem_driver_exit’: ‘cold’ [-Wmissing-attributes]
  138 |  void cleanup_module(void) __attribute__((alias(#exitfn)));
      |       ^~~~~~~~~~~~~~
./include/linux/device.h:1360:1: note: in expansion of macro ‘module_exit’
 1360 | module_exit(__driver##_exit);
      | ^~~~~~~~~~~
./include/linux/usb.h:1195:2: note: in expansion of macro ‘module_driver’
 1195 |  module_driver(__usb_driver, usb_register, \
      |  ^~~~~~~~~~~~~
drivers/net/usb/cdc_eem.c:377:1: note: in expansion of macro ‘module_usb_driver’
  377 | module_usb_driver(eem_driver);
      | ^~~~~~~~~~~~~~~~~
In file included from ./include/linux/dmaengine.h:20,
                 from ./include/linux/netdevice.h:38,
                 from drivers/net/usb/cdc_eem.c:21:
drivers/net/usb/cdc_eem.c:377:19: note: ‘cleanup_module’ target declared here
  377 | module_usb_driver(eem_driver);
      |                   ^~~~~~~~~~
./include/linux/device.h:1356:20: note: in definition of macro ‘module_driver’
 1356 | static void __exit __driver##_exit(void) \
      |                    ^~~~~~~~
drivers/net/usb/cdc_eem.c:377:1: note: in expansion of macro ‘module_usb_driver’
  377 | module_usb_driver(eem_driver);
      | ^~~~~~~~~~~~~~~~~
In file included from drivers/net/usb/cdc_eem.c:20:
./include/linux/module.h:132:6: warning: ‘init_module’ specifies less restrictive attribute than its target ‘eem_driver_init’: ‘cold’ [-Wmissing-attributes]
  132 |  int init_module(void) __attribute__((alias(#initfn)));
      |      ^~~~~~~~~~~
./include/linux/device.h:1355:1: note: in expansion of macro ‘module_init’
 1355 | module_init(__driver##_init); \
      | ^~~~~~~~~~~
./include/linux/usb.h:1195:2: note: in expansion of macro ‘module_driver’
 1195 |  module_driver(__usb_driver, usb_register, \
      |  ^~~~~~~~~~~~~
drivers/net/usb/cdc_eem.c:377:1: note: in expansion of macro ‘module_usb_driver’
  377 | module_usb_driver(eem_driver);
      | ^~~~~~~~~~~~~~~~~
In file included from ./include/linux/dmaengine.h:20,
                 from ./include/linux/netdevice.h:38,
                 from drivers/net/usb/cdc_eem.c:21:
drivers/net/usb/cdc_eem.c:377:19: note: ‘init_module’ target declared here
  377 | module_usb_driver(eem_driver);
      |                   ^~~~~~~~~~
./include/linux/device.h:1351:19: note: in definition of macro ‘module_driver’
 1351 | static int __init __driver##_init(void) \
      |                   ^~~~~~~~
drivers/net/usb/cdc_eem.c:377:1: note: in expansion of macro ‘module_usb_driver’
  377 | module_usb_driver(eem_driver);
      | ^~~~~~~~~~~~~~~~~
  CC [M]  drivers/net/usb/dm9601.o
In file included from drivers/net/usb/dm9601.c:13:
./include/linux/module.h:138:7: warning: ‘cleanup_module’ specifies less restrictive attribute than its target ‘dm9601_driver_exit’: ‘cold’ [-Wmissing-attributes]
  138 |  void cleanup_module(void) __attribute__((alias(#exitfn)));
      |       ^~~~~~~~~~~~~~
./include/linux/device.h:1360:1: note: in expansion of macro ‘module_exit’
 1360 | module_exit(__driver##_exit);
      | ^~~~~~~~~~~
./include/linux/usb.h:1195:2: note: in expansion of macro ‘module_driver’
 1195 |  module_driver(__usb_driver, usb_register, \
      |  ^~~~~~~~~~~~~
drivers/net/usb/dm9601.c:642:1: note: in expansion of macro ‘module_usb_driver’
  642 | module_usb_driver(dm9601_driver);
      | ^~~~~~~~~~~~~~~~~
In file included from ./include/linux/dmaengine.h:20,
                 from ./include/linux/netdevice.h:38,
                 from drivers/net/usb/dm9601.c:16:
drivers/net/usb/dm9601.c:642:19: note: ‘cleanup_module’ target declared here
  642 | module_usb_driver(dm9601_driver);
      |                   ^~~~~~~~~~~~~
./include/linux/device.h:1356:20: note: in definition of macro ‘module_driver’
 1356 | static void __exit __driver##_exit(void) \
      |                    ^~~~~~~~
drivers/net/usb/dm9601.c:642:1: note: in expansion of macro ‘module_usb_driver’
  642 | module_usb_driver(dm9601_driver);
      | ^~~~~~~~~~~~~~~~~
In file included from drivers/net/usb/dm9601.c:13:
./include/linux/module.h:132:6: warning: ‘init_module’ specifies less restrictive attribute than its target ‘dm9601_driver_init’: ‘cold’ [-Wmissing-attributes]
  132 |  int init_module(void) __attribute__((alias(#initfn)));
      |      ^~~~~~~~~~~
./include/linux/device.h:1355:1: note: in expansion of macro ‘module_init’
 1355 | module_init(__driver##_init); \
      | ^~~~~~~~~~~
./include/linux/usb.h:1195:2: note: in expansion of macro ‘module_driver’
 1195 |  module_driver(__usb_driver, usb_register, \
      |  ^~~~~~~~~~~~~
drivers/net/usb/dm9601.c:642:1: note: in expansion of macro ‘module_usb_driver’
  642 | module_usb_driver(dm9601_driver);
      | ^~~~~~~~~~~~~~~~~
In file included from ./include/linux/dmaengine.h:20,
                 from ./include/linux/netdevice.h:38,
                 from drivers/net/usb/dm9601.c:16:
drivers/net/usb/dm9601.c:642:19: note: ‘init_module’ target declared here
  642 | module_usb_driver(dm9601_driver);
      |                   ^~~~~~~~~~~~~
./include/linux/device.h:1351:19: note: in definition of macro ‘module_driver’
 1351 | static int __init __driver##_init(void) \
      |                   ^~~~~~~~
drivers/net/usb/dm9601.c:642:1: note: in expansion of macro ‘module_usb_driver’
  642 | module_usb_driver(dm9601_driver);
      | ^~~~~~~~~~~~~~~~~
  CC [M]  drivers/net/usb/sr9700.o
In file included from drivers/net/usb/sr9700.c:13:
./include/linux/module.h:138:7: warning: ‘cleanup_module’ specifies less restrictive attribute than its target ‘sr9700_usb_driver_exit’: ‘cold’ [-Wmissing-attributes]
  138 |  void cleanup_module(void) __attribute__((alias(#exitfn)));
      |       ^~~~~~~~~~~~~~
./include/linux/device.h:1360:1: note: in expansion of macro ‘module_exit’
 1360 | module_exit(__driver##_exit);
      | ^~~~~~~~~~~
./include/linux/usb.h:1195:2: note: in expansion of macro ‘module_driver’
 1195 |  module_driver(__usb_driver, usb_register, \
      |  ^~~~~~~~~~~~~
drivers/net/usb/sr9700.c:550:1: note: in expansion of macro ‘module_usb_driver’
  550 | module_usb_driver(sr9700_usb_driver);
      | ^~~~~~~~~~~~~~~~~
In file included from ./include/linux/dmaengine.h:20,
                 from ./include/linux/netdevice.h:38,
                 from drivers/net/usb/sr9700.c:16:
drivers/net/usb/sr9700.c:550:19: note: ‘cleanup_module’ target declared here
  550 | module_usb_driver(sr9700_usb_driver);
      |                   ^~~~~~~~~~~~~~~~~
./include/linux/device.h:1356:20: note: in definition of macro ‘module_driver’
 1356 | static void __exit __driver##_exit(void) \
      |                    ^~~~~~~~
drivers/net/usb/sr9700.c:550:1: note: in expansion of macro ‘module_usb_driver’
  550 | module_usb_driver(sr9700_usb_driver);
      | ^~~~~~~~~~~~~~~~~
In file included from drivers/net/usb/sr9700.c:13:
./include/linux/module.h:132:6: warning: ‘init_module’ specifies less restrictive attribute than its target ‘sr9700_usb_driver_init’: ‘cold’ [-Wmissing-attributes]
  132 |  int init_module(void) __attribute__((alias(#initfn)));
      |      ^~~~~~~~~~~
./include/linux/device.h:1355:1: note: in expansion of macro ‘module_init’
 1355 | module_init(__driver##_init); \
      | ^~~~~~~~~~~
./include/linux/usb.h:1195:2: note: in expansion of macro ‘module_driver’
 1195 |  module_driver(__usb_driver, usb_register, \
      |  ^~~~~~~~~~~~~
drivers/net/usb/sr9700.c:550:1: note: in expansion of macro ‘module_usb_driver’
  550 | module_usb_driver(sr9700_usb_driver);
      | ^~~~~~~~~~~~~~~~~
In file included from ./include/linux/dmaengine.h:20,
                 from ./include/linux/netdevice.h:38,
                 from drivers/net/usb/sr9700.c:16:
drivers/net/usb/sr9700.c:550:19: note: ‘init_module’ target declared here
  550 | module_usb_driver(sr9700_usb_driver);
      |                   ^~~~~~~~~~~~~~~~~
./include/linux/device.h:1351:19: note: in definition of macro ‘module_driver’
 1351 | static int __init __driver##_init(void) \
      |                   ^~~~~~~~
drivers/net/usb/sr9700.c:550:1: note: in expansion of macro ‘module_usb_driver’
  550 | module_usb_driver(sr9700_usb_driver);
      | ^~~~~~~~~~~~~~~~~
  CC [M]  drivers/net/usb/sr9800.o
In file included from drivers/net/usb/sr9800.c:12:
./include/linux/module.h:138:7: warning: ‘cleanup_module’ specifies less restrictive attribute than its target ‘sr_driver_exit’: ‘cold’ [-Wmissing-attributes]
  138 |  void cleanup_module(void) __attribute__((alias(#exitfn)));
      |       ^~~~~~~~~~~~~~
./include/linux/device.h:1360:1: note: in expansion of macro ‘module_exit’
 1360 | module_exit(__driver##_exit);
      | ^~~~~~~~~~~
./include/linux/usb.h:1195:2: note: in expansion of macro ‘module_driver’
 1195 |  module_driver(__usb_driver, usb_register, \
      |  ^~~~~~~~~~~~~
drivers/net/usb/sr9800.c:866:1: note: in expansion of macro ‘module_usb_driver’
  866 | module_usb_driver(sr_driver);
      | ^~~~~~~~~~~~~~~~~
In file included from ./include/linux/dmaengine.h:20,
                 from ./include/linux/netdevice.h:38,
                 from drivers/net/usb/sr9800.c:15:
drivers/net/usb/sr9800.c:866:19: note: ‘cleanup_module’ target declared here
  866 | module_usb_driver(sr_driver);
      |                   ^~~~~~~~~
./include/linux/device.h:1356:20: note: in definition of macro ‘module_driver’
 1356 | static void __exit __driver##_exit(void) \
      |                    ^~~~~~~~
drivers/net/usb/sr9800.c:866:1: note: in expansion of macro ‘module_usb_driver’
  866 | module_usb_driver(sr_driver);
      | ^~~~~~~~~~~~~~~~~
In file included from drivers/net/usb/sr9800.c:12:
./include/linux/module.h:132:6: warning: ‘init_module’ specifies less restrictive attribute than its target ‘sr_driver_init’: ‘cold’ [-Wmissing-attributes]
  132 |  int init_module(void) __attribute__((alias(#initfn)));
      |      ^~~~~~~~~~~
./include/linux/device.h:1355:1: note: in expansion of macro ‘module_init’
 1355 | module_init(__driver##_init); \
      | ^~~~~~~~~~~
./include/linux/usb.h:1195:2: note: in expansion of macro ‘module_driver’
 1195 |  module_driver(__usb_driver, usb_register, \
      |  ^~~~~~~~~~~~~
drivers/net/usb/sr9800.c:866:1: note: in expansion of macro ‘module_usb_driver’
  866 | module_usb_driver(sr_driver);
      | ^~~~~~~~~~~~~~~~~
In file included from ./include/linux/dmaengine.h:20,
                 from ./include/linux/netdevice.h:38,
                 from drivers/net/usb/sr9800.c:15:
drivers/net/usb/sr9800.c:866:19: note: ‘init_module’ target declared here
  866 | module_usb_driver(sr_driver);
      |                   ^~~~~~~~~
./include/linux/device.h:1351:19: note: in definition of macro ‘module_driver’
 1351 | static int __init __driver##_init(void) \
      |                   ^~~~~~~~
drivers/net/usb/sr9800.c:866:1: note: in expansion of macro ‘module_usb_driver’
  866 | module_usb_driver(sr_driver);
      | ^~~~~~~~~~~~~~~~~
  CC [M]  drivers/net/usb/smsc75xx.o
In file included from drivers/net/usb/smsc75xx.c:20:
./include/linux/module.h:138:7: warning: ‘cleanup_module’ specifies less restrictive attribute than its target ‘smsc75xx_driver_exit’: ‘cold’ [-Wmissing-attributes]
  138 |  void cleanup_module(void) __attribute__((alias(#exitfn)));
      |       ^~~~~~~~~~~~~~
./include/linux/device.h:1360:1: note: in expansion of macro ‘module_exit’
 1360 | module_exit(__driver##_exit);
      | ^~~~~~~~~~~
./include/linux/usb.h:1195:2: note: in expansion of macro ‘module_driver’
 1195 |  module_driver(__usb_driver, usb_register, \
      |  ^~~~~~~~~~~~~
drivers/net/usb/smsc75xx.c:2284:1: note: in expansion of macro ‘module_usb_driver’
 2284 | module_usb_driver(smsc75xx_driver);
      | ^~~~~~~~~~~~~~~~~
In file included from ./include/linux/dmaengine.h:20,
                 from ./include/linux/netdevice.h:38,
                 from drivers/net/usb/smsc75xx.c:22:
drivers/net/usb/smsc75xx.c:2284:19: note: ‘cleanup_module’ target declared here
 2284 | module_usb_driver(smsc75xx_driver);
      |                   ^~~~~~~~~~~~~~~
./include/linux/device.h:1356:20: note: in definition of macro ‘module_driver’
 1356 | static void __exit __driver##_exit(void) \
      |                    ^~~~~~~~
drivers/net/usb/smsc75xx.c:2284:1: note: in expansion of macro ‘module_usb_driver’
 2284 | module_usb_driver(smsc75xx_driver);
      | ^~~~~~~~~~~~~~~~~
In file included from drivers/net/usb/smsc75xx.c:20:
./include/linux/module.h:132:6: warning: ‘init_module’ specifies less restrictive attribute than its target ‘smsc75xx_driver_init’: ‘cold’ [-Wmissing-attributes]
  132 |  int init_module(void) __attribute__((alias(#initfn)));
      |      ^~~~~~~~~~~
./include/linux/device.h:1355:1: note: in expansion of macro ‘module_init’
 1355 | module_init(__driver##_init); \
      | ^~~~~~~~~~~
./include/linux/usb.h:1195:2: note: in expansion of macro ‘module_driver’
 1195 |  module_driver(__usb_driver, usb_register, \
      |  ^~~~~~~~~~~~~
drivers/net/usb/smsc75xx.c:2284:1: note: in expansion of macro ‘module_usb_driver’
 2284 | module_usb_driver(smsc75xx_driver);
      | ^~~~~~~~~~~~~~~~~
In file included from ./include/linux/dmaengine.h:20,
                 from ./include/linux/netdevice.h:38,
                 from drivers/net/usb/smsc75xx.c:22:
drivers/net/usb/smsc75xx.c:2284:19: note: ‘init_module’ target declared here
 2284 | module_usb_driver(smsc75xx_driver);
      |                   ^~~~~~~~~~~~~~~
./include/linux/device.h:1351:19: note: in definition of macro ‘module_driver’
 1351 | static int __init __driver##_init(void) \
      |                   ^~~~~~~~
drivers/net/usb/smsc75xx.c:2284:1: note: in expansion of macro ‘module_usb_driver’
 2284 | module_usb_driver(smsc75xx_driver);
      | ^~~~~~~~~~~~~~~~~
  CC [M]  drivers/net/usb/gl620a.o
In file included from drivers/net/usb/gl620a.c:23:
./include/linux/module.h:138:7: warning: ‘cleanup_module’ specifies less restrictive attribute than its target ‘gl620a_driver_exit’: ‘cold’ [-Wmissing-attributes]
  138 |  void cleanup_module(void) __attribute__((alias(#exitfn)));
      |       ^~~~~~~~~~~~~~
./include/linux/device.h:1360:1: note: in expansion of macro ‘module_exit’
 1360 | module_exit(__driver##_exit);
      | ^~~~~~~~~~~
./include/linux/usb.h:1195:2: note: in expansion of macro ‘module_driver’
 1195 |  module_driver(__usb_driver, usb_register, \
      |  ^~~~~~~~~~~~~
drivers/net/usb/gl620a.c:237:1: note: in expansion of macro ‘module_usb_driver’
  237 | module_usb_driver(gl620a_driver);
      | ^~~~~~~~~~~~~~~~~
In file included from ./include/linux/dmaengine.h:20,
                 from ./include/linux/netdevice.h:38,
                 from drivers/net/usb/gl620a.c:24:
drivers/net/usb/gl620a.c:237:19: note: ‘cleanup_module’ target declared here
  237 | module_usb_driver(gl620a_driver);
      |                   ^~~~~~~~~~~~~
./include/linux/device.h:1356:20: note: in definition of macro ‘module_driver’
 1356 | static void __exit __driver##_exit(void) \
      |                    ^~~~~~~~
drivers/net/usb/gl620a.c:237:1: note: in expansion of macro ‘module_usb_driver’
  237 | module_usb_driver(gl620a_driver);
      | ^~~~~~~~~~~~~~~~~
In file included from drivers/net/usb/gl620a.c:23:
./include/linux/module.h:132:6: warning: ‘init_module’ specifies less restrictive attribute than its target ‘gl620a_driver_init’: ‘cold’ [-Wmissing-attributes]
  132 |  int init_module(void) __attribute__((alias(#initfn)));
      |      ^~~~~~~~~~~
./include/linux/device.h:1355:1: note: in expansion of macro ‘module_init’
 1355 | module_init(__driver##_init); \
      | ^~~~~~~~~~~
./include/linux/usb.h:1195:2: note: in expansion of macro ‘module_driver’
 1195 |  module_driver(__usb_driver, usb_register, \
      |  ^~~~~~~~~~~~~
drivers/net/usb/gl620a.c:237:1: note: in expansion of macro ‘module_usb_driver’
  237 | module_usb_driver(gl620a_driver);
      | ^~~~~~~~~~~~~~~~~
In file included from ./include/linux/dmaengine.h:20,
                 from ./include/linux/netdevice.h:38,
                 from drivers/net/usb/gl620a.c:24:
drivers/net/usb/gl620a.c:237:19: note: ‘init_module’ target declared here
  237 | module_usb_driver(gl620a_driver);
      |                   ^~~~~~~~~~~~~
./include/linux/device.h:1351:19: note: in definition of macro ‘module_driver’
 1351 | static int __init __driver##_init(void) \
      |                   ^~~~~~~~
drivers/net/usb/gl620a.c:237:1: note: in expansion of macro ‘module_usb_driver’
  237 | module_usb_driver(gl620a_driver);
      | ^~~~~~~~~~~~~~~~~
  CC [M]  drivers/net/usb/net1080.o
drivers/net/usb/net1080.c: In function ‘net1080_rx_fixup’:
drivers/net/usb/net1080.c:381:25: warning: taking address of packed member of ‘struct nc_header’ may result in an unaligned pointer value [-Waddress-of-packed-member]
  381 |  hdr_len = le16_to_cpup(&header->hdr_len);
      |                         ^~~~~~~~~~~~~~~~
drivers/net/usb/net1080.c:382:28: warning: taking address of packed member of ‘struct nc_header’ may result in an unaligned pointer value [-Waddress-of-packed-member]
  382 |  packet_len = le16_to_cpup(&header->packet_len);
      |                            ^~~~~~~~~~~~~~~~~~~
In file included from drivers/net/usb/net1080.c:22:
drivers/net/usb/net1080.c: At top level:
./include/linux/module.h:138:7: warning: ‘cleanup_module’ specifies less restrictive attribute than its target ‘net1080_driver_exit’: ‘cold’ [-Wmissing-attributes]
  138 |  void cleanup_module(void) __attribute__((alias(#exitfn)));
      |       ^~~~~~~~~~~~~~
./include/linux/device.h:1360:1: note: in expansion of macro ‘module_exit’
 1360 | module_exit(__driver##_exit);
      | ^~~~~~~~~~~
./include/linux/usb.h:1195:2: note: in expansion of macro ‘module_driver’
 1195 |  module_driver(__usb_driver, usb_register, \
      |  ^~~~~~~~~~~~~
drivers/net/usb/net1080.c:540:1: note: in expansion of macro ‘module_usb_driver’
  540 | module_usb_driver(net1080_driver);
      | ^~~~~~~~~~~~~~~~~
In file included from ./include/linux/dmaengine.h:20,
                 from ./include/linux/netdevice.h:38,
                 from drivers/net/usb/net1080.c:23:
drivers/net/usb/net1080.c:540:19: note: ‘cleanup_module’ target declared here
  540 | module_usb_driver(net1080_driver);
      |                   ^~~~~~~~~~~~~~
./include/linux/device.h:1356:20: note: in definition of macro ‘module_driver’
 1356 | static void __exit __driver##_exit(void) \
      |                    ^~~~~~~~
drivers/net/usb/net1080.c:540:1: note: in expansion of macro ‘module_usb_driver’
  540 | module_usb_driver(net1080_driver);
      | ^~~~~~~~~~~~~~~~~
In file included from drivers/net/usb/net1080.c:22:
./include/linux/module.h:132:6: warning: ‘init_module’ specifies less restrictive attribute than its target ‘net1080_driver_init’: ‘cold’ [-Wmissing-attributes]
  132 |  int init_module(void) __attribute__((alias(#initfn)));
      |      ^~~~~~~~~~~
./include/linux/device.h:1355:1: note: in expansion of macro ‘module_init’
 1355 | module_init(__driver##_init); \
      | ^~~~~~~~~~~
./include/linux/usb.h:1195:2: note: in expansion of macro ‘module_driver’
 1195 |  module_driver(__usb_driver, usb_register, \
      |  ^~~~~~~~~~~~~
drivers/net/usb/net1080.c:540:1: note: in expansion of macro ‘module_usb_driver’
  540 | module_usb_driver(net1080_driver);
      | ^~~~~~~~~~~~~~~~~
In file included from ./include/linux/dmaengine.h:20,
                 from ./include/linux/netdevice.h:38,
                 from drivers/net/usb/net1080.c:23:
drivers/net/usb/net1080.c:540:19: note: ‘init_module’ target declared here
  540 | module_usb_driver(net1080_driver);
      |                   ^~~~~~~~~~~~~~
./include/linux/device.h:1351:19: note: in definition of macro ‘module_driver’
 1351 | static int __init __driver##_init(void) \
      |                   ^~~~~~~~
drivers/net/usb/net1080.c:540:1: note: in expansion of macro ‘module_usb_driver’
  540 | module_usb_driver(net1080_driver);
      | ^~~~~~~~~~~~~~~~~
  CC [M]  drivers/net/usb/plusb.o
In file included from drivers/net/usb/plusb.c:22:
./include/linux/module.h:138:7: warning: ‘cleanup_module’ specifies less restrictive attribute than its target ‘plusb_driver_exit’: ‘cold’ [-Wmissing-attributes]
  138 |  void cleanup_module(void) __attribute__((alias(#exitfn)));
      |       ^~~~~~~~~~~~~~
./include/linux/device.h:1360:1: note: in expansion of macro ‘module_exit’
 1360 | module_exit(__driver##_exit);
      | ^~~~~~~~~~~
./include/linux/usb.h:1195:2: note: in expansion of macro ‘module_driver’
 1195 |  module_driver(__usb_driver, usb_register, \
      |  ^~~~~~~~~~~~~
drivers/net/usb/plusb.c:169:1: note: in expansion of macro ‘module_usb_driver’
  169 | module_usb_driver(plusb_driver);
      | ^~~~~~~~~~~~~~~~~
In file included from ./include/linux/dmaengine.h:20,
                 from ./include/linux/netdevice.h:38,
                 from drivers/net/usb/plusb.c:23:
drivers/net/usb/plusb.c:169:19: note: ‘cleanup_module’ target declared here
  169 | module_usb_driver(plusb_driver);
      |                   ^~~~~~~~~~~~
./include/linux/device.h:1356:20: note: in definition of macro ‘module_driver’
 1356 | static void __exit __driver##_exit(void) \
      |                    ^~~~~~~~
drivers/net/usb/plusb.c:169:1: note: in expansion of macro ‘module_usb_driver’
  169 | module_usb_driver(plusb_driver);
      | ^~~~~~~~~~~~~~~~~
In file included from drivers/net/usb/plusb.c:22:
./include/linux/module.h:132:6: warning: ‘init_module’ specifies less restrictive attribute than its target ‘plusb_driver_init’: ‘cold’ [-Wmissing-attributes]
  132 |  int init_module(void) __attribute__((alias(#initfn)));
      |      ^~~~~~~~~~~
./include/linux/device.h:1355:1: note: in expansion of macro ‘module_init’
 1355 | module_init(__driver##_init); \
      | ^~~~~~~~~~~
./include/linux/usb.h:1195:2: note: in expansion of macro ‘module_driver’
 1195 |  module_driver(__usb_driver, usb_register, \
      |  ^~~~~~~~~~~~~
drivers/net/usb/plusb.c:169:1: note: in expansion of macro ‘module_usb_driver’
  169 | module_usb_driver(plusb_driver);
      | ^~~~~~~~~~~~~~~~~
In file included from ./include/linux/dmaengine.h:20,
                 from ./include/linux/netdevice.h:38,
                 from drivers/net/usb/plusb.c:23:
drivers/net/usb/plusb.c:169:19: note: ‘init_module’ target declared here
  169 | module_usb_driver(plusb_driver);
      |                   ^~~~~~~~~~~~
./include/linux/device.h:1351:19: note: in definition of macro ‘module_driver’
 1351 | static int __init __driver##_init(void) \
      |                   ^~~~~~~~
drivers/net/usb/plusb.c:169:1: note: in expansion of macro ‘module_usb_driver’
  169 | module_usb_driver(plusb_driver);
      | ^~~~~~~~~~~~~~~~~
  CC [M]  drivers/net/usb/rndis_host.o
In file included from drivers/net/usb/rndis_host.c:18:
./include/linux/module.h:138:7: warning: ‘cleanup_module’ specifies less restrictive attribute than its target ‘rndis_driver_exit’: ‘cold’ [-Wmissing-attributes]
  138 |  void cleanup_module(void) __attribute__((alias(#exitfn)));
      |       ^~~~~~~~~~~~~~
./include/linux/device.h:1360:1: note: in expansion of macro ‘module_exit’
 1360 | module_exit(__driver##_exit);
      | ^~~~~~~~~~~
./include/linux/usb.h:1195:2: note: in expansion of macro ‘module_driver’
 1195 |  module_driver(__usb_driver, usb_register, \
      |  ^~~~~~~~~~~~~
drivers/net/usb/rndis_host.c:649:1: note: in expansion of macro ‘module_usb_driver’
  649 | module_usb_driver(rndis_driver);
      | ^~~~~~~~~~~~~~~~~
In file included from ./include/linux/dmaengine.h:20,
                 from ./include/linux/netdevice.h:38,
                 from drivers/net/usb/rndis_host.c:19:
drivers/net/usb/rndis_host.c:649:19: note: ‘cleanup_module’ target declared here
  649 | module_usb_driver(rndis_driver);
      |                   ^~~~~~~~~~~~
./include/linux/device.h:1356:20: note: in definition of macro ‘module_driver’
 1356 | static void __exit __driver##_exit(void) \
      |                    ^~~~~~~~
drivers/net/usb/rndis_host.c:649:1: note: in expansion of macro ‘module_usb_driver’
  649 | module_usb_driver(rndis_driver);
      | ^~~~~~~~~~~~~~~~~
In file included from drivers/net/usb/rndis_host.c:18:
./include/linux/module.h:132:6: warning: ‘init_module’ specifies less restrictive attribute than its target ‘rndis_driver_init’: ‘cold’ [-Wmissing-attributes]
  132 |  int init_module(void) __attribute__((alias(#initfn)));
      |      ^~~~~~~~~~~
./include/linux/device.h:1355:1: note: in expansion of macro ‘module_init’
 1355 | module_init(__driver##_init); \
      | ^~~~~~~~~~~
./include/linux/usb.h:1195:2: note: in expansion of macro ‘module_driver’
 1195 |  module_driver(__usb_driver, usb_register, \
      |  ^~~~~~~~~~~~~
drivers/net/usb/rndis_host.c:649:1: note: in expansion of macro ‘module_usb_driver’
  649 | module_usb_driver(rndis_driver);
      | ^~~~~~~~~~~~~~~~~
In file included from ./include/linux/dmaengine.h:20,
                 from ./include/linux/netdevice.h:38,
                 from drivers/net/usb/rndis_host.c:19:
drivers/net/usb/rndis_host.c:649:19: note: ‘init_module’ target declared here
  649 | module_usb_driver(rndis_driver);
      |                   ^~~~~~~~~~~~
./include/linux/device.h:1351:19: note: in definition of macro ‘module_driver’
 1351 | static int __init __driver##_init(void) \
      |                   ^~~~~~~~
drivers/net/usb/rndis_host.c:649:1: note: in expansion of macro ‘module_usb_driver’
  649 | module_usb_driver(rndis_driver);
      | ^~~~~~~~~~~~~~~~~
  CC [M]  drivers/net/usb/cdc_subset.o
In file included from drivers/net/usb/cdc_subset.c:19:
./include/linux/module.h:138:7: warning: ‘cleanup_module’ specifies less restrictive attribute than its target ‘cdc_subset_driver_exit’: ‘cold’ [-Wmissing-attributes]
  138 |  void cleanup_module(void) __attribute__((alias(#exitfn)));
      |       ^~~~~~~~~~~~~~
./include/linux/device.h:1360:1: note: in expansion of macro ‘module_exit’
 1360 | module_exit(__driver##_exit);
      | ^~~~~~~~~~~
./include/linux/usb.h:1195:2: note: in expansion of macro ‘module_driver’
 1195 |  module_driver(__usb_driver, usb_register, \
      |  ^~~~~~~~~~~~~
drivers/net/usb/cdc_subset.c:365:1: note: in expansion of macro ‘module_usb_driver’
  365 | module_usb_driver(cdc_subset_driver);
      | ^~~~~~~~~~~~~~~~~
In file included from ./include/linux/dmaengine.h:20,
                 from ./include/linux/netdevice.h:38,
                 from drivers/net/usb/cdc_subset.c:21:
drivers/net/usb/cdc_subset.c:365:19: note: ‘cleanup_module’ target declared here
  365 | module_usb_driver(cdc_subset_driver);
      |                   ^~~~~~~~~~~~~~~~~
./include/linux/device.h:1356:20: note: in definition of macro ‘module_driver’
 1356 | static void __exit __driver##_exit(void) \
      |                    ^~~~~~~~
drivers/net/usb/cdc_subset.c:365:1: note: in expansion of macro ‘module_usb_driver’
  365 | module_usb_driver(cdc_subset_driver);
      | ^~~~~~~~~~~~~~~~~
In file included from drivers/net/usb/cdc_subset.c:19:
./include/linux/module.h:132:6: warning: ‘init_module’ specifies less restrictive attribute than its target ‘cdc_subset_driver_init’: ‘cold’ [-Wmissing-attributes]
  132 |  int init_module(void) __attribute__((alias(#initfn)));
      |      ^~~~~~~~~~~
./include/linux/device.h:1355:1: note: in expansion of macro ‘module_init’
 1355 | module_init(__driver##_init); \
      | ^~~~~~~~~~~
./include/linux/usb.h:1195:2: note: in expansion of macro ‘module_driver’
 1195 |  module_driver(__usb_driver, usb_register, \
      |  ^~~~~~~~~~~~~
drivers/net/usb/cdc_subset.c:365:1: note: in expansion of macro ‘module_usb_driver’
  365 | module_usb_driver(cdc_subset_driver);
      | ^~~~~~~~~~~~~~~~~
In file included from ./include/linux/dmaengine.h:20,
                 from ./include/linux/netdevice.h:38,
                 from drivers/net/usb/cdc_subset.c:21:
drivers/net/usb/cdc_subset.c:365:19: note: ‘init_module’ target declared here
  365 | module_usb_driver(cdc_subset_driver);
      |                   ^~~~~~~~~~~~~~~~~
./include/linux/device.h:1351:19: note: in definition of macro ‘module_driver’
 1351 | static int __init __driver##_init(void) \
      |                   ^~~~~~~~
drivers/net/usb/cdc_subset.c:365:1: note: in expansion of macro ‘module_usb_driver’
  365 | module_usb_driver(cdc_subset_driver);
      | ^~~~~~~~~~~~~~~~~
  CC [M]  drivers/net/usb/zaurus.o
In file included from drivers/net/usb/zaurus.c:22:
./include/linux/module.h:138:7: warning: ‘cleanup_module’ specifies less restrictive attribute than its target ‘zaurus_driver_exit’: ‘cold’ [-Wmissing-attributes]
  138 |  void cleanup_module(void) __attribute__((alias(#exitfn)));
      |       ^~~~~~~~~~~~~~
./include/linux/device.h:1360:1: note: in expansion of macro ‘module_exit’
 1360 | module_exit(__driver##_exit);
      | ^~~~~~~~~~~
./include/linux/usb.h:1195:2: note: in expansion of macro ‘module_driver’
 1195 |  module_driver(__usb_driver, usb_register, \
      |  ^~~~~~~~~~~~~
drivers/net/usb/zaurus.c:381:1: note: in expansion of macro ‘module_usb_driver’
  381 | module_usb_driver(zaurus_driver);
      | ^~~~~~~~~~~~~~~~~
In file included from ./include/linux/dmaengine.h:20,
                 from ./include/linux/netdevice.h:38,
                 from drivers/net/usb/zaurus.c:23:
drivers/net/usb/zaurus.c:381:19: note: ‘cleanup_module’ target declared here
  381 | module_usb_driver(zaurus_driver);
      |                   ^~~~~~~~~~~~~
./include/linux/device.h:1356:20: note: in definition of macro ‘module_driver’
 1356 | static void __exit __driver##_exit(void) \
      |                    ^~~~~~~~
drivers/net/usb/zaurus.c:381:1: note: in expansion of macro ‘module_usb_driver’
  381 | module_usb_driver(zaurus_driver);
      | ^~~~~~~~~~~~~~~~~
In file included from drivers/net/usb/zaurus.c:22:
./include/linux/module.h:132:6: warning: ‘init_module’ specifies less restrictive attribute than its target ‘zaurus_driver_init’: ‘cold’ [-Wmissing-attributes]
  132 |  int init_module(void) __attribute__((alias(#initfn)));
      |      ^~~~~~~~~~~
./include/linux/device.h:1355:1: note: in expansion of macro ‘module_init’
 1355 | module_init(__driver##_init); \
      | ^~~~~~~~~~~
./include/linux/usb.h:1195:2: note: in expansion of macro ‘module_driver’
 1195 |  module_driver(__usb_driver, usb_register, \
      |  ^~~~~~~~~~~~~
drivers/net/usb/zaurus.c:381:1: note: in expansion of macro ‘module_usb_driver’
  381 | module_usb_driver(zaurus_driver);
      | ^~~~~~~~~~~~~~~~~
In file included from ./include/linux/dmaengine.h:20,
                 from ./include/linux/netdevice.h:38,
                 from drivers/net/usb/zaurus.c:23:
drivers/net/usb/zaurus.c:381:19: note: ‘init_module’ target declared here
  381 | module_usb_driver(zaurus_driver);
      |                   ^~~~~~~~~~~~~
./include/linux/device.h:1351:19: note: in definition of macro ‘module_driver’
 1351 | static int __init __driver##_init(void) \
      |                   ^~~~~~~~
drivers/net/usb/zaurus.c:381:1: note: in expansion of macro ‘module_usb_driver’
  381 | module_usb_driver(zaurus_driver);
      | ^~~~~~~~~~~~~~~~~
  CC [M]  drivers/net/usb/mcs7830.o
In file included from ./include/linux/phy.h:24,
                 from ./include/net/dsa.h:19,
                 from ./include/linux/netdevice.h:44,
                 from ./include/linux/etherdevice.h:26,
                 from drivers/net/usb/mcs7830.c:43:
./include/linux/module.h:138:7: warning: ‘cleanup_module’ specifies less restrictive attribute than its target ‘mcs7830_driver_exit’: ‘cold’ [-Wmissing-attributes]
  138 |  void cleanup_module(void) __attribute__((alias(#exitfn)));
      |       ^~~~~~~~~~~~~~
./include/linux/device.h:1360:1: note: in expansion of macro ‘module_exit’
 1360 | module_exit(__driver##_exit);
      | ^~~~~~~~~~~
./include/linux/usb.h:1195:2: note: in expansion of macro ‘module_driver’
 1195 |  module_driver(__usb_driver, usb_register, \
      |  ^~~~~~~~~~~~~
drivers/net/usb/mcs7830.c:639:1: note: in expansion of macro ‘module_usb_driver’
  639 | module_usb_driver(mcs7830_driver);
      | ^~~~~~~~~~~~~~~~~
In file included from ./include/linux/dma-mapping.h:6,
                 from ./include/linux/skbuff.h:34,
                 from ./include/linux/if_ether.h:23,
                 from ./include/linux/etherdevice.h:25,
                 from drivers/net/usb/mcs7830.c:43:
drivers/net/usb/mcs7830.c:639:19: note: ‘cleanup_module’ target declared here
  639 | module_usb_driver(mcs7830_driver);
      |                   ^~~~~~~~~~~~~~
./include/linux/device.h:1356:20: note: in definition of macro ‘module_driver’
 1356 | static void __exit __driver##_exit(void) \
      |                    ^~~~~~~~
drivers/net/usb/mcs7830.c:639:1: note: in expansion of macro ‘module_usb_driver’
  639 | module_usb_driver(mcs7830_driver);
      | ^~~~~~~~~~~~~~~~~
In file included from ./include/linux/phy.h:24,
                 from ./include/net/dsa.h:19,
                 from ./include/linux/netdevice.h:44,
                 from ./include/linux/etherdevice.h:26,
                 from drivers/net/usb/mcs7830.c:43:
./include/linux/module.h:132:6: warning: ‘init_module’ specifies less restrictive attribute than its target ‘mcs7830_driver_init’: ‘cold’ [-Wmissing-attributes]
  132 |  int init_module(void) __attribute__((alias(#initfn)));
      |      ^~~~~~~~~~~
./include/linux/device.h:1355:1: note: in expansion of macro ‘module_init’
 1355 | module_init(__driver##_init); \
      | ^~~~~~~~~~~
./include/linux/usb.h:1195:2: note: in expansion of macro ‘module_driver’
 1195 |  module_driver(__usb_driver, usb_register, \
      |  ^~~~~~~~~~~~~
drivers/net/usb/mcs7830.c:639:1: note: in expansion of macro ‘module_usb_driver’
  639 | module_usb_driver(mcs7830_driver);
      | ^~~~~~~~~~~~~~~~~
In file included from ./include/linux/dma-mapping.h:6,
                 from ./include/linux/skbuff.h:34,
                 from ./include/linux/if_ether.h:23,
                 from ./include/linux/etherdevice.h:25,
                 from drivers/net/usb/mcs7830.c:43:
drivers/net/usb/mcs7830.c:639:19: note: ‘init_module’ target declared here
  639 | module_usb_driver(mcs7830_driver);
      |                   ^~~~~~~~~~~~~~
./include/linux/device.h:1351:19: note: in definition of macro ‘module_driver’
 1351 | static int __init __driver##_init(void) \
      |                   ^~~~~~~~
drivers/net/usb/mcs7830.c:639:1: note: in expansion of macro ‘module_usb_driver’
  639 | module_usb_driver(mcs7830_driver);
      | ^~~~~~~~~~~~~~~~~
  CC [M]  drivers/net/usb/int51x1.o
In file included from drivers/net/usb/int51x1.c:26:
./include/linux/module.h:138:7: warning: ‘cleanup_module’ specifies less restrictive attribute than its target ‘int51x1_driver_exit’: ‘cold’ [-Wmissing-attributes]
  138 |  void cleanup_module(void) __attribute__((alias(#exitfn)));
      |       ^~~~~~~~~~~~~~
./include/linux/device.h:1360:1: note: in expansion of macro ‘module_exit’
 1360 | module_exit(__driver##_exit);
      | ^~~~~~~~~~~
./include/linux/usb.h:1195:2: note: in expansion of macro ‘module_driver’
 1195 |  module_driver(__usb_driver, usb_register, \
      |  ^~~~~~~~~~~~~
drivers/net/usb/int51x1.c:195:1: note: in expansion of macro ‘module_usb_driver’
  195 | module_usb_driver(int51x1_driver);
      | ^~~~~~~~~~~~~~~~~
In file included from ./include/linux/dmaengine.h:20,
                 from ./include/linux/netdevice.h:38,
                 from drivers/net/usb/int51x1.c:28:
drivers/net/usb/int51x1.c:195:19: note: ‘cleanup_module’ target declared here
  195 | module_usb_driver(int51x1_driver);
      |                   ^~~~~~~~~~~~~~
./include/linux/device.h:1356:20: note: in definition of macro ‘module_driver’
 1356 | static void __exit __driver##_exit(void) \
      |                    ^~~~~~~~
drivers/net/usb/int51x1.c:195:1: note: in expansion of macro ‘module_usb_driver’
  195 | module_usb_driver(int51x1_driver);
      | ^~~~~~~~~~~~~~~~~
In file included from drivers/net/usb/int51x1.c:26:
./include/linux/module.h:132:6: warning: ‘init_module’ specifies less restrictive attribute than its target ‘int51x1_driver_init’: ‘cold’ [-Wmissing-attributes]
  132 |  int init_module(void) __attribute__((alias(#initfn)));
      |      ^~~~~~~~~~~
./include/linux/device.h:1355:1: note: in expansion of macro ‘module_init’
 1355 | module_init(__driver##_init); \
      | ^~~~~~~~~~~
./include/linux/usb.h:1195:2: note: in expansion of macro ‘module_driver’
 1195 |  module_driver(__usb_driver, usb_register, \
      |  ^~~~~~~~~~~~~
drivers/net/usb/int51x1.c:195:1: note: in expansion of macro ‘module_usb_driver’
  195 | module_usb_driver(int51x1_driver);
      | ^~~~~~~~~~~~~~~~~
In file included from ./include/linux/dmaengine.h:20,
                 from ./include/linux/netdevice.h:38,
                 from drivers/net/usb/int51x1.c:28:
drivers/net/usb/int51x1.c:195:19: note: ‘init_module’ target declared here
  195 | module_usb_driver(int51x1_driver);
      |                   ^~~~~~~~~~~~~~
./include/linux/device.h:1351:19: note: in definition of macro ‘module_driver’
 1351 | static int __init __driver##_init(void) \
      |                   ^~~~~~~~
drivers/net/usb/int51x1.c:195:1: note: in expansion of macro ‘module_usb_driver’
  195 | module_usb_driver(int51x1_driver);
      | ^~~~~~~~~~~~~~~~~
  CC [M]  drivers/net/usb/kalmia.o
In file included from drivers/net/usb/kalmia.c:17:
./include/linux/module.h:138:7: warning: ‘cleanup_module’ specifies less restrictive attribute than its target ‘kalmia_driver_exit’: ‘cold’ [-Wmissing-attributes]
  138 |  void cleanup_module(void) __attribute__((alias(#exitfn)));
      |       ^~~~~~~~~~~~~~
./include/linux/device.h:1360:1: note: in expansion of macro ‘module_exit’
 1360 | module_exit(__driver##_exit);
      | ^~~~~~~~~~~
./include/linux/usb.h:1195:2: note: in expansion of macro ‘module_driver’
 1195 |  module_driver(__usb_driver, usb_register, \
      |  ^~~~~~~~~~~~~
drivers/net/usb/kalmia.c:362:1: note: in expansion of macro ‘module_usb_driver’
  362 | module_usb_driver(kalmia_driver);
      | ^~~~~~~~~~~~~~~~~
In file included from ./include/linux/dmaengine.h:20,
                 from ./include/linux/netdevice.h:38,
                 from drivers/net/usb/kalmia.c:18:
drivers/net/usb/kalmia.c:362:19: note: ‘cleanup_module’ target declared here
  362 | module_usb_driver(kalmia_driver);
      |                   ^~~~~~~~~~~~~
./include/linux/device.h:1356:20: note: in definition of macro ‘module_driver’
 1356 | static void __exit __driver##_exit(void) \
      |                    ^~~~~~~~
drivers/net/usb/kalmia.c:362:1: note: in expansion of macro ‘module_usb_driver’
  362 | module_usb_driver(kalmia_driver);
      | ^~~~~~~~~~~~~~~~~
In file included from drivers/net/usb/kalmia.c:17:
./include/linux/module.h:132:6: warning: ‘init_module’ specifies less restrictive attribute than its target ‘kalmia_driver_init’: ‘cold’ [-Wmissing-attributes]
  132 |  int init_module(void) __attribute__((alias(#initfn)));
      |      ^~~~~~~~~~~
./include/linux/device.h:1355:1: note: in expansion of macro ‘module_init’
 1355 | module_init(__driver##_init); \
      | ^~~~~~~~~~~
./include/linux/usb.h:1195:2: note: in expansion of macro ‘module_driver’
 1195 |  module_driver(__usb_driver, usb_register, \
      |  ^~~~~~~~~~~~~
drivers/net/usb/kalmia.c:362:1: note: in expansion of macro ‘module_usb_driver’
  362 | module_usb_driver(kalmia_driver);
      | ^~~~~~~~~~~~~~~~~
In file included from ./include/linux/dmaengine.h:20,
                 from ./include/linux/netdevice.h:38,
                 from drivers/net/usb/kalmia.c:18:
drivers/net/usb/kalmia.c:362:19: note: ‘init_module’ target declared here
  362 | module_usb_driver(kalmia_driver);
      |                   ^~~~~~~~~~~~~
./include/linux/device.h:1351:19: note: in definition of macro ‘module_driver’
 1351 | static int __init __driver##_init(void) \
      |                   ^~~~~~~~
drivers/net/usb/kalmia.c:362:1: note: in expansion of macro ‘module_usb_driver’
  362 | module_usb_driver(kalmia_driver);
      | ^~~~~~~~~~~~~~~~~
  CC [M]  drivers/net/usb/ipheth.o
In file included from drivers/net/usb/ipheth.c:49:
./include/linux/module.h:138:7: warning: ‘cleanup_module’ specifies less restrictive attribute than its target ‘ipheth_driver_exit’: ‘cold’ [-Wmissing-attributes]
  138 |  void cleanup_module(void) __attribute__((alias(#exitfn)));
      |       ^~~~~~~~~~~~~~
./include/linux/device.h:1360:1: note: in expansion of macro ‘module_exit’
 1360 | module_exit(__driver##_exit);
      | ^~~~~~~~~~~
./include/linux/usb.h:1195:2: note: in expansion of macro ‘module_driver’
 1195 |  module_driver(__usb_driver, usb_register, \
      |  ^~~~~~~~~~~~~
drivers/net/usb/ipheth.c:584:1: note: in expansion of macro ‘module_usb_driver’
  584 | module_usb_driver(ipheth_driver);
      | ^~~~~~~~~~~~~~~~~
In file included from ./include/linux/dmaengine.h:20,
                 from ./include/linux/netdevice.h:38,
                 from drivers/net/usb/ipheth.c:50:
drivers/net/usb/ipheth.c:584:19: note: ‘cleanup_module’ target declared here
  584 | module_usb_driver(ipheth_driver);
      |                   ^~~~~~~~~~~~~
./include/linux/device.h:1356:20: note: in definition of macro ‘module_driver’
 1356 | static void __exit __driver##_exit(void) \
      |                    ^~~~~~~~
drivers/net/usb/ipheth.c:584:1: note: in expansion of macro ‘module_usb_driver’
  584 | module_usb_driver(ipheth_driver);
      | ^~~~~~~~~~~~~~~~~
In file included from drivers/net/usb/ipheth.c:49:
./include/linux/module.h:132:6: warning: ‘init_module’ specifies less restrictive attribute than its target ‘ipheth_driver_init’: ‘cold’ [-Wmissing-attributes]
  132 |  int init_module(void) __attribute__((alias(#initfn)));
      |      ^~~~~~~~~~~
./include/linux/device.h:1355:1: note: in expansion of macro ‘module_init’
 1355 | module_init(__driver##_init); \
      | ^~~~~~~~~~~
./include/linux/usb.h:1195:2: note: in expansion of macro ‘module_driver’
 1195 |  module_driver(__usb_driver, usb_register, \
      |  ^~~~~~~~~~~~~
drivers/net/usb/ipheth.c:584:1: note: in expansion of macro ‘module_usb_driver’
  584 | module_usb_driver(ipheth_driver);
      | ^~~~~~~~~~~~~~~~~
In file included from ./include/linux/dmaengine.h:20,
                 from ./include/linux/netdevice.h:38,
                 from drivers/net/usb/ipheth.c:50:
drivers/net/usb/ipheth.c:584:19: note: ‘init_module’ target declared here
  584 | module_usb_driver(ipheth_driver);
      |                   ^~~~~~~~~~~~~
./include/linux/device.h:1351:19: note: in definition of macro ‘module_driver’
 1351 | static int __init __driver##_init(void) \
      |                   ^~~~~~~~
drivers/net/usb/ipheth.c:584:1: note: in expansion of macro ‘module_usb_driver’
  584 | module_usb_driver(ipheth_driver);
      | ^~~~~~~~~~~~~~~~~
  CC [M]  drivers/net/usb/sierra_net.o
In file included from drivers/net/usb/sierra_net.c:35:
./include/linux/module.h:138:7: warning: ‘cleanup_module’ specifies less restrictive attribute than its target ‘sierra_net_driver_exit’: ‘cold’ [-Wmissing-attributes]
  138 |  void cleanup_module(void) __attribute__((alias(#exitfn)));
      |       ^~~~~~~~~~~~~~
./include/linux/device.h:1360:1: note: in expansion of macro ‘module_exit’
 1360 | module_exit(__driver##_exit);
      | ^~~~~~~~~~~
./include/linux/usb.h:1195:2: note: in expansion of macro ‘module_driver’
 1195 |  module_driver(__usb_driver, usb_register, \
      |  ^~~~~~~~~~~~~
drivers/net/usb/sierra_net.c:995:1: note: in expansion of macro ‘module_usb_driver’
  995 | module_usb_driver(sierra_net_driver);
      | ^~~~~~~~~~~~~~~~~
In file included from ./include/linux/dma-mapping.h:6,
                 from ./include/linux/skbuff.h:34,
                 from ./include/linux/if_ether.h:23,
                 from ./include/linux/etherdevice.h:25,
                 from drivers/net/usb/sierra_net.c:36:
drivers/net/usb/sierra_net.c:995:19: note: ‘cleanup_module’ target declared here
  995 | module_usb_driver(sierra_net_driver);
      |                   ^~~~~~~~~~~~~~~~~
./include/linux/device.h:1356:20: note: in definition of macro ‘module_driver’
 1356 | static void __exit __driver##_exit(void) \
      |                    ^~~~~~~~
drivers/net/usb/sierra_net.c:995:1: note: in expansion of macro ‘module_usb_driver’
  995 | module_usb_driver(sierra_net_driver);
      | ^~~~~~~~~~~~~~~~~
In file included from drivers/net/usb/sierra_net.c:35:
./include/linux/module.h:132:6: warning: ‘init_module’ specifies less restrictive attribute than its target ‘sierra_net_driver_init’: ‘cold’ [-Wmissing-attributes]
  132 |  int init_module(void) __attribute__((alias(#initfn)));
      |      ^~~~~~~~~~~
./include/linux/device.h:1355:1: note: in expansion of macro ‘module_init’
 1355 | module_init(__driver##_init); \
      | ^~~~~~~~~~~
./include/linux/usb.h:1195:2: note: in expansion of macro ‘module_driver’
 1195 |  module_driver(__usb_driver, usb_register, \
      |  ^~~~~~~~~~~~~
drivers/net/usb/sierra_net.c:995:1: note: in expansion of macro ‘module_usb_driver’
  995 | module_usb_driver(sierra_net_driver);
      | ^~~~~~~~~~~~~~~~~
In file included from ./include/linux/dma-mapping.h:6,
                 from ./include/linux/skbuff.h:34,
                 from ./include/linux/if_ether.h:23,
                 from ./include/linux/etherdevice.h:25,
                 from drivers/net/usb/sierra_net.c:36:
drivers/net/usb/sierra_net.c:995:19: note: ‘init_module’ target declared here
  995 | module_usb_driver(sierra_net_driver);
      |                   ^~~~~~~~~~~~~~~~~
./include/linux/device.h:1351:19: note: in definition of macro ‘module_driver’
 1351 | static int __init __driver##_init(void) \
      |                   ^~~~~~~~
drivers/net/usb/sierra_net.c:995:1: note: in expansion of macro ‘module_usb_driver’
  995 | module_usb_driver(sierra_net_driver);
      | ^~~~~~~~~~~~~~~~~
  CC [M]  drivers/net/usb/cx82310_eth.o
In file included from drivers/net/usb/cx82310_eth.c:20:
./include/linux/module.h:138:7: warning: ‘cleanup_module’ specifies less restrictive attribute than its target ‘cx82310_driver_exit’: ‘cold’ [-Wmissing-attributes]
  138 |  void cleanup_module(void) __attribute__((alias(#exitfn)));
      |       ^~~~~~~~~~~~~~
./include/linux/device.h:1360:1: note: in expansion of macro ‘module_exit’
 1360 | module_exit(__driver##_exit);
      | ^~~~~~~~~~~
./include/linux/usb.h:1195:2: note: in expansion of macro ‘module_driver’
 1195 |  module_driver(__usb_driver, usb_register, \
      |  ^~~~~~~~~~~~~
drivers/net/usb/cx82310_eth.c:346:1: note: in expansion of macro ‘module_usb_driver’
  346 | module_usb_driver(cx82310_driver);
      | ^~~~~~~~~~~~~~~~~
In file included from ./include/linux/dmaengine.h:20,
                 from ./include/linux/netdevice.h:38,
                 from drivers/net/usb/cx82310_eth.c:21:
drivers/net/usb/cx82310_eth.c:346:19: note: ‘cleanup_module’ target declared here
  346 | module_usb_driver(cx82310_driver);
      |                   ^~~~~~~~~~~~~~
./include/linux/device.h:1356:20: note: in definition of macro ‘module_driver’
 1356 | static void __exit __driver##_exit(void) \
      |                    ^~~~~~~~
drivers/net/usb/cx82310_eth.c:346:1: note: in expansion of macro ‘module_usb_driver’
  346 | module_usb_driver(cx82310_driver);
      | ^~~~~~~~~~~~~~~~~
In file included from drivers/net/usb/cx82310_eth.c:20:
./include/linux/module.h:132:6: warning: ‘init_module’ specifies less restrictive attribute than its target ‘cx82310_driver_init’: ‘cold’ [-Wmissing-attributes]
  132 |  int init_module(void) __attribute__((alias(#initfn)));
      |      ^~~~~~~~~~~
./include/linux/device.h:1355:1: note: in expansion of macro ‘module_init’
 1355 | module_init(__driver##_init); \
      | ^~~~~~~~~~~
./include/linux/usb.h:1195:2: note: in expansion of macro ‘module_driver’
 1195 |  module_driver(__usb_driver, usb_register, \
      |  ^~~~~~~~~~~~~
drivers/net/usb/cx82310_eth.c:346:1: note: in expansion of macro ‘module_usb_driver’
  346 | module_usb_driver(cx82310_driver);
      | ^~~~~~~~~~~~~~~~~
In file included from ./include/linux/dmaengine.h:20,
                 from ./include/linux/netdevice.h:38,
                 from drivers/net/usb/cx82310_eth.c:21:
drivers/net/usb/cx82310_eth.c:346:19: note: ‘init_module’ target declared here
  346 | module_usb_driver(cx82310_driver);
      |                   ^~~~~~~~~~~~~~
./include/linux/device.h:1351:19: note: in definition of macro ‘module_driver’
 1351 | static int __init __driver##_init(void) \
      |                   ^~~~~~~~
drivers/net/usb/cx82310_eth.c:346:1: note: in expansion of macro ‘module_usb_driver’
  346 | module_usb_driver(cx82310_driver);
      | ^~~~~~~~~~~~~~~~~
  CC [M]  drivers/net/usb/cdc_ncm.o
In file included from drivers/net/usb/cdc_ncm.c:41:
./include/linux/module.h:138:7: warning: ‘cleanup_module’ specifies less restrictive attribute than its target ‘cdc_ncm_driver_exit’: ‘cold’ [-Wmissing-attributes]
  138 |  void cleanup_module(void) __attribute__((alias(#exitfn)));
      |       ^~~~~~~~~~~~~~
./include/linux/device.h:1360:1: note: in expansion of macro ‘module_exit’
 1360 | module_exit(__driver##_exit);
      | ^~~~~~~~~~~
./include/linux/usb.h:1195:2: note: in expansion of macro ‘module_driver’
 1195 |  module_driver(__usb_driver, usb_register, \
      |  ^~~~~~~~~~~~~
drivers/net/usb/cdc_ncm.c:1752:1: note: in expansion of macro ‘module_usb_driver’
 1752 | module_usb_driver(cdc_ncm_driver);
      | ^~~~~~~~~~~~~~~~~
In file included from ./include/linux/dmaengine.h:20,
                 from ./include/linux/netdevice.h:38,
                 from drivers/net/usb/cdc_ncm.c:42:
drivers/net/usb/cdc_ncm.c:1752:19: note: ‘cleanup_module’ target declared here
 1752 | module_usb_driver(cdc_ncm_driver);
      |                   ^~~~~~~~~~~~~~
./include/linux/device.h:1356:20: note: in definition of macro ‘module_driver’
 1356 | static void __exit __driver##_exit(void) \
      |                    ^~~~~~~~
drivers/net/usb/cdc_ncm.c:1752:1: note: in expansion of macro ‘module_usb_driver’
 1752 | module_usb_driver(cdc_ncm_driver);
      | ^~~~~~~~~~~~~~~~~
In file included from drivers/net/usb/cdc_ncm.c:41:
./include/linux/module.h:132:6: warning: ‘init_module’ specifies less restrictive attribute than its target ‘cdc_ncm_driver_init’: ‘cold’ [-Wmissing-attributes]
  132 |  int init_module(void) __attribute__((alias(#initfn)));
      |      ^~~~~~~~~~~
./include/linux/device.h:1355:1: note: in expansion of macro ‘module_init’
 1355 | module_init(__driver##_init); \
      | ^~~~~~~~~~~
./include/linux/usb.h:1195:2: note: in expansion of macro ‘module_driver’
 1195 |  module_driver(__usb_driver, usb_register, \
      |  ^~~~~~~~~~~~~
drivers/net/usb/cdc_ncm.c:1752:1: note: in expansion of macro ‘module_usb_driver’
 1752 | module_usb_driver(cdc_ncm_driver);
      | ^~~~~~~~~~~~~~~~~
In file included from ./include/linux/dmaengine.h:20,
                 from ./include/linux/netdevice.h:38,
                 from drivers/net/usb/cdc_ncm.c:42:
drivers/net/usb/cdc_ncm.c:1752:19: note: ‘init_module’ target declared here
 1752 | module_usb_driver(cdc_ncm_driver);
      |                   ^~~~~~~~~~~~~~
./include/linux/device.h:1351:19: note: in definition of macro ‘module_driver’
 1351 | static int __init __driver##_init(void) \
      |                   ^~~~~~~~
drivers/net/usb/cdc_ncm.c:1752:1: note: in expansion of macro ‘module_usb_driver’
 1752 | module_usb_driver(cdc_ncm_driver);
      | ^~~~~~~~~~~~~~~~~
  CC [M]  drivers/net/usb/huawei_cdc_ncm.o
In file included from drivers/net/usb/huawei_cdc_ncm.c:20:
./include/linux/module.h:138:7: warning: ‘cleanup_module’ specifies less restrictive attribute than its target ‘huawei_cdc_ncm_driver_exit’: ‘cold’ [-Wmissing-attributes]
  138 |  void cleanup_module(void) __attribute__((alias(#exitfn)));
      |       ^~~~~~~~~~~~~~
./include/linux/device.h:1360:1: note: in expansion of macro ‘module_exit’
 1360 | module_exit(__driver##_exit);
      | ^~~~~~~~~~~
./include/linux/usb.h:1195:2: note: in expansion of macro ‘module_driver’
 1195 |  module_driver(__usb_driver, usb_register, \
      |  ^~~~~~~~~~~~~
drivers/net/usb/huawei_cdc_ncm.c:227:1: note: in expansion of macro ‘module_usb_driver’
  227 | module_usb_driver(huawei_cdc_ncm_driver);
      | ^~~~~~~~~~~~~~~~~
In file included from ./include/linux/dmaengine.h:20,
                 from ./include/linux/netdevice.h:38,
                 from drivers/net/usb/huawei_cdc_ncm.c:21:
drivers/net/usb/huawei_cdc_ncm.c:227:19: note: ‘cleanup_module’ target declared here
  227 | module_usb_driver(huawei_cdc_ncm_driver);
      |                   ^~~~~~~~~~~~~~~~~~~~~
./include/linux/device.h:1356:20: note: in definition of macro ‘module_driver’
 1356 | static void __exit __driver##_exit(void) \
      |                    ^~~~~~~~
drivers/net/usb/huawei_cdc_ncm.c:227:1: note: in expansion of macro ‘module_usb_driver’
  227 | module_usb_driver(huawei_cdc_ncm_driver);
      | ^~~~~~~~~~~~~~~~~
In file included from drivers/net/usb/huawei_cdc_ncm.c:20:
./include/linux/module.h:132:6: warning: ‘init_module’ specifies less restrictive attribute than its target ‘huawei_cdc_ncm_driver_init’: ‘cold’ [-Wmissing-attributes]
  132 |  int init_module(void) __attribute__((alias(#initfn)));
      |      ^~~~~~~~~~~
./include/linux/device.h:1355:1: note: in expansion of macro ‘module_init’
 1355 | module_init(__driver##_init); \
      | ^~~~~~~~~~~
./include/linux/usb.h:1195:2: note: in expansion of macro ‘module_driver’
 1195 |  module_driver(__usb_driver, usb_register, \
      |  ^~~~~~~~~~~~~
drivers/net/usb/huawei_cdc_ncm.c:227:1: note: in expansion of macro ‘module_usb_driver’
  227 | module_usb_driver(huawei_cdc_ncm_driver);
      | ^~~~~~~~~~~~~~~~~
In file included from ./include/linux/dmaengine.h:20,
                 from ./include/linux/netdevice.h:38,
                 from drivers/net/usb/huawei_cdc_ncm.c:21:
drivers/net/usb/huawei_cdc_ncm.c:227:19: note: ‘init_module’ target declared here
  227 | module_usb_driver(huawei_cdc_ncm_driver);
      |                   ^~~~~~~~~~~~~~~~~~~~~
./include/linux/device.h:1351:19: note: in definition of macro ‘module_driver’
 1351 | static int __init __driver##_init(void) \
      |                   ^~~~~~~~
drivers/net/usb/huawei_cdc_ncm.c:227:1: note: in expansion of macro ‘module_usb_driver’
  227 | module_usb_driver(huawei_cdc_ncm_driver);
      | ^~~~~~~~~~~~~~~~~
  CC [M]  drivers/net/usb/lg-vl600.o
drivers/net/usb/lg-vl600.c: In function ‘vl600_rx_fixup’:
drivers/net/usb/lg-vl600.c:131:18: warning: taking address of packed member of ‘struct vl600_frame_hdr’ may result in an unaligned pointer value [-Waddress-of-packed-member]
  131 |     le32_to_cpup(&frame->len)) {
      |                  ^~~~~~~~~~~
drivers/net/usb/lg-vl600.c:153:29: warning: taking address of packed member of ‘struct vl600_frame_hdr’ may result in an unaligned pointer value [-Waddress-of-packed-member]
  153 |    buf->len != le32_to_cpup(&frame->len)) {
      |                             ^~~~~~~~~~~
drivers/net/usb/lg-vl600.c:159:18: warning: taking address of packed member of ‘struct vl600_frame_hdr’ may result in an unaligned pointer value [-Waddress-of-packed-member]
  159 |     le32_to_cpup(&frame->len), GFP_ATOMIC);
      |                  ^~~~~~~~~~~
In file included from ./include/linux/etherdevice.h:26,
                 from drivers/net/usb/lg-vl600.c:20:
drivers/net/usb/lg-vl600.c:163:19: warning: taking address of packed member of ‘struct vl600_frame_hdr’ may result in an unaligned pointer value [-Waddress-of-packed-member]
  163 |      le32_to_cpup(&frame->len));
      |                   ^~~~~~~~~~~
./include/linux/netdevice.h:4400:30: note: in definition of macro ‘netif_level’
 4400 |   netdev_##level(dev, fmt, ##args);  \
      |                              ^~~~
drivers/net/usb/lg-vl600.c:161:4: note: in expansion of macro ‘netif_err’
  161 |    netif_err(dev, ifup, dev->net, "Reserving %i bytes "
      |    ^~~~~~~~~
drivers/net/usb/lg-vl600.c:170:23: warning: taking address of packed member of ‘struct vl600_frame_hdr’ may result in an unaligned pointer value [-Waddress-of-packed-member]
  170 |  count = le32_to_cpup(&frame->pkt_cnt);
      |                       ^~~~~~~~~~~~~~~
drivers/net/usb/lg-vl600.c:181:47: warning: taking address of packed member of ‘struct vl600_pkt_hdr’ may result in an unaligned pointer value [-Waddress-of-packed-member]
  181 |   packet_len = sizeof(*packet) + le32_to_cpup(&packet->len);
      |                                               ^~~~~~~~~~~~
drivers/net/usb/lg-vl600.c:194:20: warning: taking address of packed member of ‘struct ethhdr’ may result in an unaligned pointer value [-Waddress-of-packed-member]
  194 |   if (be16_to_cpup(&ethhdr->h_proto) == ETH_P_ARP &&
      |                    ^~~~~~~~~~~~~~~~
drivers/net/usb/lg-vl600.c: In function ‘vl600_tx_fixup’:
drivers/net/usb/lg-vl600.c:259:60: warning: taking address of packed member of ‘struct vl600_frame_hdr’ may result in an unaligned pointer value [-Waddress-of-packed-member]
  259 |  if (skb->len > sizeof(*frame) && skb->len == le32_to_cpup(&frame->len))
      |                                                            ^~~~~~~~~~~
In file included from ./include/linux/phy.h:24,
                 from ./include/net/dsa.h:19,
                 from ./include/linux/netdevice.h:44,
                 from ./include/linux/etherdevice.h:26,
                 from drivers/net/usb/lg-vl600.c:20:
drivers/net/usb/lg-vl600.c: At top level:
./include/linux/module.h:138:7: warning: ‘cleanup_module’ specifies less restrictive attribute than its target ‘lg_vl600_driver_exit’: ‘cold’ [-Wmissing-attributes]
  138 |  void cleanup_module(void) __attribute__((alias(#exitfn)));
      |       ^~~~~~~~~~~~~~
./include/linux/device.h:1360:1: note: in expansion of macro ‘module_exit’
 1360 | module_exit(__driver##_exit);
      | ^~~~~~~~~~~
./include/linux/usb.h:1195:2: note: in expansion of macro ‘module_driver’
 1195 |  module_driver(__usb_driver, usb_register, \
      |  ^~~~~~~~~~~~~
drivers/net/usb/lg-vl600.c:349:1: note: in expansion of macro ‘module_usb_driver’
  349 | module_usb_driver(lg_vl600_driver);
      | ^~~~~~~~~~~~~~~~~
In file included from ./include/linux/dma-mapping.h:6,
                 from ./include/linux/skbuff.h:34,
                 from ./include/linux/if_ether.h:23,
                 from ./include/linux/etherdevice.h:25,
                 from drivers/net/usb/lg-vl600.c:20:
drivers/net/usb/lg-vl600.c:349:19: note: ‘cleanup_module’ target declared here
  349 | module_usb_driver(lg_vl600_driver);
      |                   ^~~~~~~~~~~~~~~
./include/linux/device.h:1356:20: note: in definition of macro ‘module_driver’
 1356 | static void __exit __driver##_exit(void) \
      |                    ^~~~~~~~
drivers/net/usb/lg-vl600.c:349:1: note: in expansion of macro ‘module_usb_driver’
  349 | module_usb_driver(lg_vl600_driver);
      | ^~~~~~~~~~~~~~~~~
In file included from ./include/linux/phy.h:24,
                 from ./include/net/dsa.h:19,
                 from ./include/linux/netdevice.h:44,
                 from ./include/linux/etherdevice.h:26,
                 from drivers/net/usb/lg-vl600.c:20:
./include/linux/module.h:132:6: warning: ‘init_module’ specifies less restrictive attribute than its target ‘lg_vl600_driver_init’: ‘cold’ [-Wmissing-attributes]
  132 |  int init_module(void) __attribute__((alias(#initfn)));
      |      ^~~~~~~~~~~
./include/linux/device.h:1355:1: note: in expansion of macro ‘module_init’
 1355 | module_init(__driver##_init); \
      | ^~~~~~~~~~~
./include/linux/usb.h:1195:2: note: in expansion of macro ‘module_driver’
 1195 |  module_driver(__usb_driver, usb_register, \
      |  ^~~~~~~~~~~~~
drivers/net/usb/lg-vl600.c:349:1: note: in expansion of macro ‘module_usb_driver’
  349 | module_usb_driver(lg_vl600_driver);
      | ^~~~~~~~~~~~~~~~~
In file included from ./include/linux/dma-mapping.h:6,
                 from ./include/linux/skbuff.h:34,
                 from ./include/linux/if_ether.h:23,
                 from ./include/linux/etherdevice.h:25,
                 from drivers/net/usb/lg-vl600.c:20:
drivers/net/usb/lg-vl600.c:349:19: note: ‘init_module’ target declared here
  349 | module_usb_driver(lg_vl600_driver);
      |                   ^~~~~~~~~~~~~~~
./include/linux/device.h:1351:19: note: in definition of macro ‘module_driver’
 1351 | static int __init __driver##_init(void) \
      |                   ^~~~~~~~
drivers/net/usb/lg-vl600.c:349:1: note: in expansion of macro ‘module_usb_driver’
  349 | module_usb_driver(lg_vl600_driver);
      | ^~~~~~~~~~~~~~~~~
  CC [M]  drivers/net/usb/qmi_wwan.o
In file included from drivers/net/usb/qmi_wwan.c:13:
./include/linux/module.h:138:7: warning: ‘cleanup_module’ specifies less restrictive attribute than its target ‘qmi_wwan_driver_exit’: ‘cold’ [-Wmissing-attributes]
  138 |  void cleanup_module(void) __attribute__((alias(#exitfn)));
      |       ^~~~~~~~~~~~~~
./include/linux/device.h:1360:1: note: in expansion of macro ‘module_exit’
 1360 | module_exit(__driver##_exit);
      | ^~~~~~~~~~~
./include/linux/usb.h:1195:2: note: in expansion of macro ‘module_driver’
 1195 |  module_driver(__usb_driver, usb_register, \
      |  ^~~~~~~~~~~~~
drivers/net/usb/qmi_wwan.c:1059:1: note: in expansion of macro ‘module_usb_driver’
 1059 | module_usb_driver(qmi_wwan_driver);
      | ^~~~~~~~~~~~~~~~~
In file included from ./include/linux/dmaengine.h:20,
                 from ./include/linux/netdevice.h:38,
                 from drivers/net/usb/qmi_wwan.c:14:
drivers/net/usb/qmi_wwan.c:1059:19: note: ‘cleanup_module’ target declared here
 1059 | module_usb_driver(qmi_wwan_driver);
      |                   ^~~~~~~~~~~~~~~
./include/linux/device.h:1356:20: note: in definition of macro ‘module_driver’
 1356 | static void __exit __driver##_exit(void) \
      |                    ^~~~~~~~
drivers/net/usb/qmi_wwan.c:1059:1: note: in expansion of macro ‘module_usb_driver’
 1059 | module_usb_driver(qmi_wwan_driver);
      | ^~~~~~~~~~~~~~~~~
In file included from drivers/net/usb/qmi_wwan.c:13:
./include/linux/module.h:132:6: warning: ‘init_module’ specifies less restrictive attribute than its target ‘qmi_wwan_driver_init’: ‘cold’ [-Wmissing-attributes]
  132 |  int init_module(void) __attribute__((alias(#initfn)));
      |      ^~~~~~~~~~~
./include/linux/device.h:1355:1: note: in expansion of macro ‘module_init’
 1355 | module_init(__driver##_init); \
      | ^~~~~~~~~~~
./include/linux/usb.h:1195:2: note: in expansion of macro ‘module_driver’
 1195 |  module_driver(__usb_driver, usb_register, \
      |  ^~~~~~~~~~~~~
drivers/net/usb/qmi_wwan.c:1059:1: note: in expansion of macro ‘module_usb_driver’
 1059 | module_usb_driver(qmi_wwan_driver);
      | ^~~~~~~~~~~~~~~~~
In file included from ./include/linux/dmaengine.h:20,
                 from ./include/linux/netdevice.h:38,
                 from drivers/net/usb/qmi_wwan.c:14:
drivers/net/usb/qmi_wwan.c:1059:19: note: ‘init_module’ target declared here
 1059 | module_usb_driver(qmi_wwan_driver);
      |                   ^~~~~~~~~~~~~~~
./include/linux/device.h:1351:19: note: in definition of macro ‘module_driver’
 1351 | static int __init __driver##_init(void) \
      |                   ^~~~~~~~
drivers/net/usb/qmi_wwan.c:1059:1: note: in expansion of macro ‘module_usb_driver’
 1059 | module_usb_driver(qmi_wwan_driver);
      | ^~~~~~~~~~~~~~~~~
  CC [M]  drivers/net/usb/cdc_mbim.o
In file included from drivers/net/usb/cdc_mbim.c:13:
./include/linux/module.h:138:7: warning: ‘cleanup_module’ specifies less restrictive attribute than its target ‘cdc_mbim_driver_exit’: ‘cold’ [-Wmissing-attributes]
  138 |  void cleanup_module(void) __attribute__((alias(#exitfn)));
      |       ^~~~~~~~~~~~~~
./include/linux/device.h:1360:1: note: in expansion of macro ‘module_exit’
 1360 | module_exit(__driver##_exit);
      | ^~~~~~~~~~~
./include/linux/usb.h:1195:2: note: in expansion of macro ‘module_driver’
 1195 |  module_driver(__usb_driver, usb_register, \
      |  ^~~~~~~~~~~~~
drivers/net/usb/cdc_mbim.c:670:1: note: in expansion of macro ‘module_usb_driver’
  670 | module_usb_driver(cdc_mbim_driver);
      | ^~~~~~~~~~~~~~~~~
In file included from ./include/linux/dmaengine.h:20,
                 from ./include/linux/netdevice.h:38,
                 from drivers/net/usb/cdc_mbim.c:14:
drivers/net/usb/cdc_mbim.c:670:19: note: ‘cleanup_module’ target declared here
  670 | module_usb_driver(cdc_mbim_driver);
      |                   ^~~~~~~~~~~~~~~
./include/linux/device.h:1356:20: note: in definition of macro ‘module_driver’
 1356 | static void __exit __driver##_exit(void) \
      |                    ^~~~~~~~
drivers/net/usb/cdc_mbim.c:670:1: note: in expansion of macro ‘module_usb_driver’
  670 | module_usb_driver(cdc_mbim_driver);
      | ^~~~~~~~~~~~~~~~~
In file included from drivers/net/usb/cdc_mbim.c:13:
./include/linux/module.h:132:6: warning: ‘init_module’ specifies less restrictive attribute than its target ‘cdc_mbim_driver_init’: ‘cold’ [-Wmissing-attributes]
  132 |  int init_module(void) __attribute__((alias(#initfn)));
      |      ^~~~~~~~~~~
./include/linux/device.h:1355:1: note: in expansion of macro ‘module_init’
 1355 | module_init(__driver##_init); \
      | ^~~~~~~~~~~
./include/linux/usb.h:1195:2: note: in expansion of macro ‘module_driver’
 1195 |  module_driver(__usb_driver, usb_register, \
      |  ^~~~~~~~~~~~~
drivers/net/usb/cdc_mbim.c:670:1: note: in expansion of macro ‘module_usb_driver’
  670 | module_usb_driver(cdc_mbim_driver);
      | ^~~~~~~~~~~~~~~~~
In file included from ./include/linux/dmaengine.h:20,
                 from ./include/linux/netdevice.h:38,
                 from drivers/net/usb/cdc_mbim.c:14:
drivers/net/usb/cdc_mbim.c:670:19: note: ‘init_module’ target declared here
  670 | module_usb_driver(cdc_mbim_driver);
      |                   ^~~~~~~~~~~~~~~
./include/linux/device.h:1351:19: note: in definition of macro ‘module_driver’
 1351 | static int __init __driver##_init(void) \
      |                   ^~~~~~~~
drivers/net/usb/cdc_mbim.c:670:1: note: in expansion of macro ‘module_usb_driver’
  670 | module_usb_driver(cdc_mbim_driver);
      | ^~~~~~~~~~~~~~~~~
  LD      drivers/net/wimax/built-in.o
  LD      drivers/net/wimax/i2400m/built-in.o
  CC [M]  drivers/net/wimax/i2400m/control.o
  CC [M]  drivers/net/wimax/i2400m/driver.o
In file included from ./include/linux/phy.h:24,
                 from ./include/net/dsa.h:19,
                 from ./include/linux/netdevice.h:44,
                 from drivers/net/wimax/i2400m/i2400m.h:155,
                 from drivers/net/wimax/i2400m/driver.c:66:
./include/linux/module.h:132:6: warning: ‘init_module’ specifies less restrictive attribute than its target ‘i2400m_driver_init’: ‘cold’ [-Wmissing-attributes]
  132 |  int init_module(void) __attribute__((alias(#initfn)));
      |      ^~~~~~~~~~~
drivers/net/wimax/i2400m/driver.c:1014:1: note: in expansion of macro ‘module_init’
 1014 | module_init(i2400m_driver_init);
      | ^~~~~~~~~~~
drivers/net/wimax/i2400m/driver.c:1008:12: note: ‘init_module’ target declared here
 1008 | int __init i2400m_driver_init(void)
      |            ^~~~~~~~~~~~~~~~~~
In file included from ./include/linux/phy.h:24,
                 from ./include/net/dsa.h:19,
                 from ./include/linux/netdevice.h:44,
                 from drivers/net/wimax/i2400m/i2400m.h:155,
                 from drivers/net/wimax/i2400m/driver.c:66:
./include/linux/module.h:138:7: warning: ‘cleanup_module’ specifies less restrictive attribute than its target ‘i2400m_driver_exit’: ‘cold’ [-Wmissing-attributes]
  138 |  void cleanup_module(void) __attribute__((alias(#exitfn)));
      |       ^~~~~~~~~~~~~~
drivers/net/wimax/i2400m/driver.c:1021:1: note: in expansion of macro ‘module_exit’
 1021 | module_exit(i2400m_driver_exit);
      | ^~~~~~~~~~~
drivers/net/wimax/i2400m/driver.c:1017:13: note: ‘cleanup_module’ target declared here
 1017 | void __exit i2400m_driver_exit(void)
      |             ^~~~~~~~~~~~~~~~~~
  CC [M]  drivers/net/wimax/i2400m/fw.o
  CC [M]  drivers/net/wimax/i2400m/op-rfkill.o
  CC [M]  drivers/net/wimax/i2400m/sysfs.o
  CC [M]  drivers/net/wimax/i2400m/netdev.o
  CC [M]  drivers/net/wimax/i2400m/tx.o
  CC [M]  drivers/net/wimax/i2400m/rx.o
  CC [M]  drivers/net/wimax/i2400m/debugfs.o
  LD [M]  drivers/net/wimax/i2400m/i2400m.o
  CC [M]  drivers/net/wimax/i2400m/usb-fw.o
  CC [M]  drivers/net/wimax/i2400m/usb-notif.o
  CC [M]  drivers/net/wimax/i2400m/usb-tx.o
  CC [M]  drivers/net/wimax/i2400m/usb-rx.o
  CC [M]  drivers/net/wimax/i2400m/usb.o
In file included from ./include/linux/phy.h:24,
                 from ./include/net/dsa.h:19,
                 from ./include/linux/netdevice.h:44,
                 from drivers/net/wimax/i2400m/i2400m.h:155,
                 from drivers/net/wimax/i2400m/i2400m-usb.h:67,
                 from drivers/net/wimax/i2400m/usb.c:66:
./include/linux/module.h:138:7: warning: ‘cleanup_module’ specifies less restrictive attribute than its target ‘i2400mu_driver_exit’: ‘cold’ [-Wmissing-attributes]
  138 |  void cleanup_module(void) __attribute__((alias(#exitfn)));
      |       ^~~~~~~~~~~~~~
drivers/net/wimax/i2400m/usb.c:813:1: note: in expansion of macro ‘module_exit’
  813 | module_exit(i2400mu_driver_exit);
      | ^~~~~~~~~~~
drivers/net/wimax/i2400m/usb.c:809:13: note: ‘cleanup_module’ target declared here
  809 | void __exit i2400mu_driver_exit(void)
      |             ^~~~~~~~~~~~~~~~~~~
In file included from ./include/linux/phy.h:24,
                 from ./include/net/dsa.h:19,
                 from ./include/linux/netdevice.h:44,
                 from drivers/net/wimax/i2400m/i2400m.h:155,
                 from drivers/net/wimax/i2400m/i2400m-usb.h:67,
                 from drivers/net/wimax/i2400m/usb.c:66:
./include/linux/module.h:132:6: warning: ‘init_module’ specifies less restrictive attribute than its target ‘i2400mu_driver_init’: ‘cold’ [-Wmissing-attributes]
  132 |  int init_module(void) __attribute__((alias(#initfn)));
      |      ^~~~~~~~~~~
drivers/net/wimax/i2400m/usb.c:805:1: note: in expansion of macro ‘module_init’
  805 | module_init(i2400mu_driver_init);
      | ^~~~~~~~~~~
drivers/net/wimax/i2400m/usb.c:799:12: note: ‘init_module’ target declared here
  799 | int __init i2400mu_driver_init(void)
      |            ^~~~~~~~~~~~~~~~~~~
  LD [M]  drivers/net/wimax/i2400m/i2400m-usb.o
  LD      drivers/net/wireless/admtek/built-in.o
  LD      drivers/net/wireless/ath/built-in.o
  CC [M]  drivers/net/wireless/ath/main.o
  CC [M]  drivers/net/wireless/ath/regd.o
  CC [M]  drivers/net/wireless/ath/hw.o
  CC [M]  drivers/net/wireless/ath/key.o
  CC [M]  drivers/net/wireless/ath/dfs_pattern_detector.o
  CC [M]  drivers/net/wireless/ath/dfs_pri_detector.o
  LD [M]  drivers/net/wireless/ath/ath.o
  LD      drivers/net/wireless/ath/ar5523/built-in.o
  CC [M]  drivers/net/wireless/ath/ar5523/ar5523.o
In file included from drivers/net/wireless/ath/ar5523/ar5523.c:29:
./include/linux/module.h:138:7: warning: ‘cleanup_module’ specifies less restrictive attribute than its target ‘ar5523_driver_exit’: ‘cold’ [-Wmissing-attributes]
  138 |  void cleanup_module(void) __attribute__((alias(#exitfn)));
      |       ^~~~~~~~~~~~~~
./include/linux/device.h:1360:1: note: in expansion of macro ‘module_exit’
 1360 | module_exit(__driver##_exit);
      | ^~~~~~~~~~~
./include/linux/usb.h:1195:2: note: in expansion of macro ‘module_driver’
 1195 |  module_driver(__usb_driver, usb_register, \
      |  ^~~~~~~~~~~~~
drivers/net/wireless/ath/ar5523/ar5523.c:1791:1: note: in expansion of macro ‘module_usb_driver’
 1791 | module_usb_driver(ar5523_driver);
      | ^~~~~~~~~~~~~~~~~
In file included from ./include/linux/dma-mapping.h:6,
                 from ./include/linux/skbuff.h:34,
                 from drivers/net/wireless/ath/ar5523/ar5523.c:33:
drivers/net/wireless/ath/ar5523/ar5523.c:1791:19: note: ‘cleanup_module’ target declared here
 1791 | module_usb_driver(ar5523_driver);
      |                   ^~~~~~~~~~~~~
./include/linux/device.h:1356:20: note: in definition of macro ‘module_driver’
 1356 | static void __exit __driver##_exit(void) \
      |                    ^~~~~~~~
drivers/net/wireless/ath/ar5523/ar5523.c:1791:1: note: in expansion of macro ‘module_usb_driver’
 1791 | module_usb_driver(ar5523_driver);
      | ^~~~~~~~~~~~~~~~~
In file included from drivers/net/wireless/ath/ar5523/ar5523.c:29:
./include/linux/module.h:132:6: warning: ‘init_module’ specifies less restrictive attribute than its target ‘ar5523_driver_init’: ‘cold’ [-Wmissing-attributes]
  132 |  int init_module(void) __attribute__((alias(#initfn)));
      |      ^~~~~~~~~~~
./include/linux/device.h:1355:1: note: in expansion of macro ‘module_init’
 1355 | module_init(__driver##_init); \
      | ^~~~~~~~~~~
./include/linux/usb.h:1195:2: note: in expansion of macro ‘module_driver’
 1195 |  module_driver(__usb_driver, usb_register, \
      |  ^~~~~~~~~~~~~
drivers/net/wireless/ath/ar5523/ar5523.c:1791:1: note: in expansion of macro ‘module_usb_driver’
 1791 | module_usb_driver(ar5523_driver);
      | ^~~~~~~~~~~~~~~~~
In file included from ./include/linux/dma-mapping.h:6,
                 from ./include/linux/skbuff.h:34,
                 from drivers/net/wireless/ath/ar5523/ar5523.c:33:
drivers/net/wireless/ath/ar5523/ar5523.c:1791:19: note: ‘init_module’ target declared here
 1791 | module_usb_driver(ar5523_driver);
      |                   ^~~~~~~~~~~~~
./include/linux/device.h:1351:19: note: in definition of macro ‘module_driver’
 1351 | static int __init __driver##_init(void) \
      |                   ^~~~~~~~
drivers/net/wireless/ath/ar5523/ar5523.c:1791:1: note: in expansion of macro ‘module_usb_driver’
 1791 | module_usb_driver(ar5523_driver);
      | ^~~~~~~~~~~~~~~~~
  LD      drivers/net/wireless/ath/ath6kl/built-in.o
  CC [M]  drivers/net/wireless/ath/ath6kl/debug.o
  CC [M]  drivers/net/wireless/ath/ath6kl/hif.o
  CC [M]  drivers/net/wireless/ath/ath6kl/htc_mbox.o
  CC [M]  drivers/net/wireless/ath/ath6kl/htc_pipe.o
  CC [M]  drivers/net/wireless/ath/ath6kl/bmi.o
  CC [M]  drivers/net/wireless/ath/ath6kl/cfg80211.o
  CC [M]  drivers/net/wireless/ath/ath6kl/init.o
  CC [M]  drivers/net/wireless/ath/ath6kl/main.o
drivers/net/wireless/ath/ath6kl/main.c: In function ‘ath6kl_tgt_stats_event’:
drivers/net/wireless/ath/ath6kl/main.c:832:20: warning: taking address of packed member of ‘struct wmi_per_sta_stat’ may result in an unaligned pointer value [-Waddress-of-packed-member]
  832 |    ath6kl_add_le32(&st_ap->tx_bytes, st_p->tx_bytes);
      |                    ^~~~~~~~~~~~~~~~
drivers/net/wireless/ath/ath6kl/main.c:833:20: warning: taking address of packed member of ‘struct wmi_per_sta_stat’ may result in an unaligned pointer value [-Waddress-of-packed-member]
  833 |    ath6kl_add_le32(&st_ap->tx_pkts, st_p->tx_pkts);
      |                    ^~~~~~~~~~~~~~~
drivers/net/wireless/ath/ath6kl/main.c:834:20: warning: taking address of packed member of ‘struct wmi_per_sta_stat’ may result in an unaligned pointer value [-Waddress-of-packed-member]
  834 |    ath6kl_add_le32(&st_ap->tx_error, st_p->tx_error);
      |                    ^~~~~~~~~~~~~~~~
drivers/net/wireless/ath/ath6kl/main.c:835:20: warning: taking address of packed member of ‘struct wmi_per_sta_stat’ may result in an unaligned pointer value [-Waddress-of-packed-member]
  835 |    ath6kl_add_le32(&st_ap->tx_discard, st_p->tx_discard);
      |                    ^~~~~~~~~~~~~~~~~~
drivers/net/wireless/ath/ath6kl/main.c:836:20: warning: taking address of packed member of ‘struct wmi_per_sta_stat’ may result in an unaligned pointer value [-Waddress-of-packed-member]
  836 |    ath6kl_add_le32(&st_ap->rx_bytes, st_p->rx_bytes);
      |                    ^~~~~~~~~~~~~~~~
drivers/net/wireless/ath/ath6kl/main.c:837:20: warning: taking address of packed member of ‘struct wmi_per_sta_stat’ may result in an unaligned pointer value [-Waddress-of-packed-member]
  837 |    ath6kl_add_le32(&st_ap->rx_pkts, st_p->rx_pkts);
      |                    ^~~~~~~~~~~~~~~
drivers/net/wireless/ath/ath6kl/main.c:838:20: warning: taking address of packed member of ‘struct wmi_per_sta_stat’ may result in an unaligned pointer value [-Waddress-of-packed-member]
  838 |    ath6kl_add_le32(&st_ap->rx_error, st_p->rx_error);
      |                    ^~~~~~~~~~~~~~~~
drivers/net/wireless/ath/ath6kl/main.c:839:20: warning: taking address of packed member of ‘struct wmi_per_sta_stat’ may result in an unaligned pointer value [-Waddress-of-packed-member]
  839 |    ath6kl_add_le32(&st_ap->rx_discard, st_p->rx_discard);
      |                    ^~~~~~~~~~~~~~~~~~
  CC [M]  drivers/net/wireless/ath/ath6kl/txrx.o
  CC [M]  drivers/net/wireless/ath/ath6kl/wmi.o
  CC [M]  drivers/net/wireless/ath/ath6kl/core.o
  CC [M]  drivers/net/wireless/ath/ath6kl/recovery.o
  LD [M]  drivers/net/wireless/ath/ath6kl/ath6kl_core.o
  CC [M]  drivers/net/wireless/ath/ath6kl/usb.o
In file included from drivers/net/wireless/ath/ath6kl/usb.c:18:
./include/linux/module.h:138:7: warning: ‘cleanup_module’ specifies less restrictive attribute than its target ‘ath6kl_usb_driver_exit’: ‘cold’ [-Wmissing-attributes]
  138 |  void cleanup_module(void) __attribute__((alias(#exitfn)));
      |       ^~~~~~~~~~~~~~
./include/linux/device.h:1360:1: note: in expansion of macro ‘module_exit’
 1360 | module_exit(__driver##_exit);
      | ^~~~~~~~~~~
./include/linux/usb.h:1195:2: note: in expansion of macro ‘module_driver’
 1195 |  module_driver(__usb_driver, usb_register, \
      |  ^~~~~~~~~~~~~
drivers/net/wireless/ath/ath6kl/usb.c:1223:1: note: in expansion of macro ‘module_usb_driver’
 1223 | module_usb_driver(ath6kl_usb_driver);
      | ^~~~~~~~~~~~~~~~~
In file included from ./include/linux/usb/ch9.h:35,
                 from ./include/linux/usb.h:5,
                 from drivers/net/wireless/ath/ath6kl/usb.c:19:
drivers/net/wireless/ath/ath6kl/usb.c:1223:19: note: ‘cleanup_module’ target declared here
 1223 | module_usb_driver(ath6kl_usb_driver);
      |                   ^~~~~~~~~~~~~~~~~
./include/linux/device.h:1356:20: note: in definition of macro ‘module_driver’
 1356 | static void __exit __driver##_exit(void) \
      |                    ^~~~~~~~
drivers/net/wireless/ath/ath6kl/usb.c:1223:1: note: in expansion of macro ‘module_usb_driver’
 1223 | module_usb_driver(ath6kl_usb_driver);
      | ^~~~~~~~~~~~~~~~~
In file included from drivers/net/wireless/ath/ath6kl/usb.c:18:
./include/linux/module.h:132:6: warning: ‘init_module’ specifies less restrictive attribute than its target ‘ath6kl_usb_driver_init’: ‘cold’ [-Wmissing-attributes]
  132 |  int init_module(void) __attribute__((alias(#initfn)));
      |      ^~~~~~~~~~~
./include/linux/device.h:1355:1: note: in expansion of macro ‘module_init’
 1355 | module_init(__driver##_init); \
      | ^~~~~~~~~~~
./include/linux/usb.h:1195:2: note: in expansion of macro ‘module_driver’
 1195 |  module_driver(__usb_driver, usb_register, \
      |  ^~~~~~~~~~~~~
drivers/net/wireless/ath/ath6kl/usb.c:1223:1: note: in expansion of macro ‘module_usb_driver’
 1223 | module_usb_driver(ath6kl_usb_driver);
      | ^~~~~~~~~~~~~~~~~
In file included from ./include/linux/usb/ch9.h:35,
                 from ./include/linux/usb.h:5,
                 from drivers/net/wireless/ath/ath6kl/usb.c:19:
drivers/net/wireless/ath/ath6kl/usb.c:1223:19: note: ‘init_module’ target declared here
 1223 | module_usb_driver(ath6kl_usb_driver);
      |                   ^~~~~~~~~~~~~~~~~
./include/linux/device.h:1351:19: note: in definition of macro ‘module_driver’
 1351 | static int __init __driver##_init(void) \
      |                   ^~~~~~~~
drivers/net/wireless/ath/ath6kl/usb.c:1223:1: note: in expansion of macro ‘module_usb_driver’
 1223 | module_usb_driver(ath6kl_usb_driver);
      | ^~~~~~~~~~~~~~~~~
  LD [M]  drivers/net/wireless/ath/ath6kl/ath6kl_usb.o
  LD      drivers/net/wireless/ath/ath9k/built-in.o
  CC [M]  drivers/net/wireless/ath/ath9k/beacon.o
  CC [M]  drivers/net/wireless/ath/ath9k/gpio.o
  CC [M]  drivers/net/wireless/ath/ath9k/init.o
In file included from drivers/net/wireless/ath/ath9k/init.c:22:
./include/linux/module.h:132:6: warning: ‘init_module’ specifies less restrictive attribute than its target ‘ath9k_init’: ‘cold’ [-Wmissing-attributes]
  132 |  int init_module(void) __attribute__((alias(#initfn)));
      |      ^~~~~~~~~~~
drivers/net/wireless/ath/ath9k/init.c:1057:1: note: in expansion of macro ‘module_init’
 1057 | module_init(ath9k_init);
      | ^~~~~~~~~~~
drivers/net/wireless/ath/ath9k/init.c:1033:19: note: ‘init_module’ target declared here
 1033 | static int __init ath9k_init(void)
      |                   ^~~~~~~~~~
In file included from drivers/net/wireless/ath/ath9k/init.c:22:
./include/linux/module.h:138:7: warning: ‘cleanup_module’ specifies less restrictive attribute than its target ‘ath9k_exit’: ‘cold’ [-Wmissing-attributes]
  138 |  void cleanup_module(void) __attribute__((alias(#exitfn)));
      |       ^~~~~~~~~~~~~~
drivers/net/wireless/ath/ath9k/init.c:1066:1: note: in expansion of macro ‘module_exit’
 1066 | module_exit(ath9k_exit);
      | ^~~~~~~~~~~
drivers/net/wireless/ath/ath9k/init.c:1059:20: note: ‘cleanup_module’ target declared here
 1059 | static void __exit ath9k_exit(void)
      |                    ^~~~~~~~~~
  CC [M]  drivers/net/wireless/ath/ath9k/main.o
  CC [M]  drivers/net/wireless/ath/ath9k/recv.o
  CC [M]  drivers/net/wireless/ath/ath9k/xmit.o
  CC [M]  drivers/net/wireless/ath/ath9k/link.o
  CC [M]  drivers/net/wireless/ath/ath9k/antenna.o
  CC [M]  drivers/net/wireless/ath/ath9k/channel.o
  CC [M]  drivers/net/wireless/ath/ath9k/mci.o
  LD [M]  drivers/net/wireless/ath/ath9k/ath9k.o
  CC [M]  drivers/net/wireless/ath/ath9k/ar9002_hw.o
  CC [M]  drivers/net/wireless/ath/ath9k/ar9003_hw.o
  CC [M]  drivers/net/wireless/ath/ath9k/hw.o
  CC [M]  drivers/net/wireless/ath/ath9k/ar9003_phy.o
  CC [M]  drivers/net/wireless/ath/ath9k/ar9002_phy.o
  CC [M]  drivers/net/wireless/ath/ath9k/ar5008_phy.o
  CC [M]  drivers/net/wireless/ath/ath9k/ar9002_calib.o
  CC [M]  drivers/net/wireless/ath/ath9k/ar9003_calib.o
  CC [M]  drivers/net/wireless/ath/ath9k/calib.o
  CC [M]  drivers/net/wireless/ath/ath9k/eeprom.o
  CC [M]  drivers/net/wireless/ath/ath9k/eeprom_def.o
drivers/net/wireless/ath/ath9k/eeprom_def.c: In function ‘__ath9k_hw_def_fill_eeprom’:
drivers/net/wireless/ath/ath9k/eeprom_def.c:94:25: warning: taking address of packed member of ‘union <anonymous>’ may result in an unaligned pointer value [-Waddress-of-packed-member]
   94 |  u16 *eep_data = (u16 *)&ah->eeprom.def;
      |                         ^~~~~~~~~~~~~~~
drivers/net/wireless/ath/ath9k/eeprom_def.c: In function ‘__ath9k_hw_usb_def_fill_eeprom’:
drivers/net/wireless/ath/ath9k/eeprom_def.c:108:25: warning: taking address of packed member of ‘union <anonymous>’ may result in an unaligned pointer value [-Waddress-of-packed-member]
  108 |  u16 *eep_data = (u16 *)&ah->eeprom.def;
      |                         ^~~~~~~~~~~~~~~
  CC [M]  drivers/net/wireless/ath/ath9k/eeprom_4k.o
drivers/net/wireless/ath/ath9k/eeprom_4k.c: In function ‘__ath9k_hw_4k_fill_eeprom’:
drivers/net/wireless/ath/ath9k/eeprom_4k.c:35:25: warning: taking address of packed member of ‘union <anonymous>’ may result in an unaligned pointer value [-Waddress-of-packed-member]
   35 |  u16 *eep_data = (u16 *)&ah->eeprom.map4k;
      |                         ^~~~~~~~~~~~~~~~~
drivers/net/wireless/ath/ath9k/eeprom_4k.c: In function ‘__ath9k_hw_usb_4k_fill_eeprom’:
drivers/net/wireless/ath/ath9k/eeprom_4k.c:49:25: warning: taking address of packed member of ‘union <anonymous>’ may result in an unaligned pointer value [-Waddress-of-packed-member]
   49 |  u16 *eep_data = (u16 *)&ah->eeprom.map4k;
      |                         ^~~~~~~~~~~~~~~~~
  CC [M]  drivers/net/wireless/ath/ath9k/eeprom_9287.o
drivers/net/wireless/ath/ath9k/eeprom_9287.c: In function ‘__ath9k_hw_ar9287_fill_eeprom’:
drivers/net/wireless/ath/ath9k/eeprom_9287.c:38:2: warning: converting a packed ‘struct ar9287_eeprom’ pointer (alignment 1) to a ‘u16’ {aka ‘short unsigned int’} pointer (alignment 2) may result in an unaligned pointer value [-Waddress-of-packed-member]
   38 |  eep_data = (u16 *)eep;
      |  ^~~~~~~~
In file included from drivers/net/wireless/ath/ath9k/hw.h:27,
                 from drivers/net/wireless/ath/ath9k/eeprom_9287.c:18:
drivers/net/wireless/ath/ath9k/eeprom.h:605:8: note: defined here
  605 | struct ar9287_eeprom {
      |        ^~~~~~~~~~~~~
drivers/net/wireless/ath/ath9k/eeprom_9287.c: In function ‘__ath9k_hw_usb_ar9287_fill_eeprom’:
drivers/net/wireless/ath/ath9k/eeprom_9287.c:51:25: warning: taking address of packed member of ‘union <anonymous>’ may result in an unaligned pointer value [-Waddress-of-packed-member]
   51 |  u16 *eep_data = (u16 *)&ah->eeprom.map9287;
      |                         ^~~~~~~~~~~~~~~~~~~
  CC [M]  drivers/net/wireless/ath/ath9k/ani.o
  CC [M]  drivers/net/wireless/ath/ath9k/mac.o
  CC [M]  drivers/net/wireless/ath/ath9k/ar9002_mac.o
  CC [M]  drivers/net/wireless/ath/ath9k/ar9003_mac.o
  CC [M]  drivers/net/wireless/ath/ath9k/ar9003_eeprom.o
  CC [M]  drivers/net/wireless/ath/ath9k/ar9003_paprd.o
  CC [M]  drivers/net/wireless/ath/ath9k/btcoex.o
  CC [M]  drivers/net/wireless/ath/ath9k/ar9003_mci.o
  CC [M]  drivers/net/wireless/ath/ath9k/ar9003_aic.o
  CC [M]  drivers/net/wireless/ath/ath9k/ar9003_rtt.o
  LD [M]  drivers/net/wireless/ath/ath9k/ath9k_hw.o
  CC [M]  drivers/net/wireless/ath/ath9k/common.o
In file included from drivers/net/wireless/ath/ath9k/common.c:22:
./include/linux/module.h:132:6: warning: ‘init_module’ specifies less restrictive attribute than its target ‘ath9k_cmn_init’: ‘cold’ [-Wmissing-attributes]
  132 |  int init_module(void) __attribute__((alias(#initfn)));
      |      ^~~~~~~~~~~
drivers/net/wireless/ath/ath9k/common.c:409:1: note: in expansion of macro ‘module_init’
  409 | module_init(ath9k_cmn_init);
      | ^~~~~~~~~~~
drivers/net/wireless/ath/ath9k/common.c:405:19: note: ‘init_module’ target declared here
  405 | static int __init ath9k_cmn_init(void)
      |                   ^~~~~~~~~~~~~~
In file included from drivers/net/wireless/ath/ath9k/common.c:22:
./include/linux/module.h:138:7: warning: ‘cleanup_module’ specifies less restrictive attribute than its target ‘ath9k_cmn_exit’: ‘cold’ [-Wmissing-attributes]
  138 |  void cleanup_module(void) __attribute__((alias(#exitfn)));
      |       ^~~~~~~~~~~~~~
drivers/net/wireless/ath/ath9k/common.c:415:1: note: in expansion of macro ‘module_exit’
  415 | module_exit(ath9k_cmn_exit);
      | ^~~~~~~~~~~
drivers/net/wireless/ath/ath9k/common.c:411:20: note: ‘cleanup_module’ target declared here
  411 | static void __exit ath9k_cmn_exit(void)
      |                    ^~~~~~~~~~~~~~
  CC [M]  drivers/net/wireless/ath/ath9k/common-init.o
  CC [M]  drivers/net/wireless/ath/ath9k/common-beacon.o
  CC [M]  drivers/net/wireless/ath/ath9k/common-debug.o
  CC [M]  drivers/net/wireless/ath/ath9k/common-spectral.o
  LD [M]  drivers/net/wireless/ath/ath9k/ath9k_common.o
  CC [M]  drivers/net/wireless/ath/ath9k/htc_hst.o
  CC [M]  drivers/net/wireless/ath/ath9k/hif_usb.o
  CC [M]  drivers/net/wireless/ath/ath9k/wmi.o
  CC [M]  drivers/net/wireless/ath/ath9k/htc_drv_txrx.o
  CC [M]  drivers/net/wireless/ath/ath9k/htc_drv_main.o
  CC [M]  drivers/net/wireless/ath/ath9k/htc_drv_beacon.o
  CC [M]  drivers/net/wireless/ath/ath9k/htc_drv_init.o
In file included from drivers/net/wireless/ath/ath9k/htc.h:20,
                 from drivers/net/wireless/ath/ath9k/htc_drv_init.c:19:
./include/linux/module.h:132:6: warning: ‘init_module’ specifies less restrictive attribute than its target ‘ath9k_htc_init’: ‘cold’ [-Wmissing-attributes]
  132 |  int init_module(void) __attribute__((alias(#initfn)));
      |      ^~~~~~~~~~~
drivers/net/wireless/ath/ath9k/htc_drv_init.c:1023:1: note: in expansion of macro ‘module_init’
 1023 | module_init(ath9k_htc_init);
      | ^~~~~~~~~~~
drivers/net/wireless/ath/ath9k/htc_drv_init.c:1014:19: note: ‘init_module’ target declared here
 1014 | static int __init ath9k_htc_init(void)
      |                   ^~~~~~~~~~~~~~
In file included from drivers/net/wireless/ath/ath9k/htc.h:20,
                 from drivers/net/wireless/ath/ath9k/htc_drv_init.c:19:
./include/linux/module.h:138:7: warning: ‘cleanup_module’ specifies less restrictive attribute than its target ‘ath9k_htc_exit’: ‘cold’ [-Wmissing-attributes]
  138 |  void cleanup_module(void) __attribute__((alias(#exitfn)));
      |       ^~~~~~~~~~~~~~
drivers/net/wireless/ath/ath9k/htc_drv_init.c:1030:1: note: in expansion of macro ‘module_exit’
 1030 | module_exit(ath9k_htc_exit);
      | ^~~~~~~~~~~
drivers/net/wireless/ath/ath9k/htc_drv_init.c:1025:20: note: ‘cleanup_module’ target declared here
 1025 | static void __exit ath9k_htc_exit(void)
      |                    ^~~~~~~~~~~~~~
  CC [M]  drivers/net/wireless/ath/ath9k/htc_drv_gpio.o
  LD [M]  drivers/net/wireless/ath/ath9k/ath9k_htc.o
  LD      drivers/net/wireless/ath/carl9170/built-in.o
  CC [M]  drivers/net/wireless/ath/carl9170/main.o
In file included from drivers/net/wireless/ath/carl9170/wlan.h:42,
                 from drivers/net/wireless/ath/carl9170/carl9170.h:57,
                 from drivers/net/wireless/ath/carl9170/main.c:47:
drivers/net/wireless/ath/carl9170/fwcmd.h:243:2: warning: alignment 1 of ‘union <anonymous>’ is less than 4 [-Wpacked-not-aligned]
  243 |  } __packed;
      |  ^
drivers/net/wireless/ath/carl9170/fwcmd.h:243:2: warning: alignment 1 of ‘union <anonymous>’ is less than 4 [-Wpacked-not-aligned]
In file included from drivers/net/wireless/ath/carl9170/carl9170.h:57,
                 from drivers/net/wireless/ath/carl9170/main.c:47:
drivers/net/wireless/ath/carl9170/wlan.h:373:1: warning: alignment 1 of ‘struct ar9170_rx_frame_single’ is less than 2 [-Wpacked-not-aligned]
  373 | } __packed;
      | ^
drivers/net/wireless/ath/carl9170/wlan.h:379:1: warning: alignment 1 of ‘struct ar9170_rx_frame_head’ is less than 2 [-Wpacked-not-aligned]
  379 | } __packed;
      | ^
drivers/net/wireless/ath/carl9170/wlan.h:384:1: warning: alignment 1 of ‘struct ar9170_rx_frame_middle’ is less than 2 [-Wpacked-not-aligned]
  384 | } __packed;
      | ^
drivers/net/wireless/ath/carl9170/wlan.h:390:1: warning: alignment 1 of ‘struct ar9170_rx_frame_tail’ is less than 2 [-Wpacked-not-aligned]
  390 | } __packed;
      | ^
  CC [M]  drivers/net/wireless/ath/carl9170/usb.o
In file included from drivers/net/wireless/ath/carl9170/wlan.h:42,
                 from drivers/net/wireless/ath/carl9170/carl9170.h:57,
                 from drivers/net/wireless/ath/carl9170/usb.c:47:
drivers/net/wireless/ath/carl9170/fwcmd.h:243:2: warning: alignment 1 of ‘union <anonymous>’ is less than 4 [-Wpacked-not-aligned]
  243 |  } __packed;
      |  ^
drivers/net/wireless/ath/carl9170/fwcmd.h:243:2: warning: alignment 1 of ‘union <anonymous>’ is less than 4 [-Wpacked-not-aligned]
In file included from drivers/net/wireless/ath/carl9170/carl9170.h:57,
                 from drivers/net/wireless/ath/carl9170/usb.c:47:
drivers/net/wireless/ath/carl9170/wlan.h:373:1: warning: alignment 1 of ‘struct ar9170_rx_frame_single’ is less than 2 [-Wpacked-not-aligned]
  373 | } __packed;
      | ^
drivers/net/wireless/ath/carl9170/wlan.h:379:1: warning: alignment 1 of ‘struct ar9170_rx_frame_head’ is less than 2 [-Wpacked-not-aligned]
  379 | } __packed;
      | ^
drivers/net/wireless/ath/carl9170/wlan.h:384:1: warning: alignment 1 of ‘struct ar9170_rx_frame_middle’ is less than 2 [-Wpacked-not-aligned]
  384 | } __packed;
      | ^
drivers/net/wireless/ath/carl9170/wlan.h:390:1: warning: alignment 1 of ‘struct ar9170_rx_frame_tail’ is less than 2 [-Wpacked-not-aligned]
  390 | } __packed;
      | ^
In file included from drivers/net/wireless/ath/carl9170/usb.c:40:
./include/linux/module.h:138:7: warning: ‘cleanup_module’ specifies less restrictive attribute than its target ‘carl9170_driver_exit’: ‘cold’ [-Wmissing-attributes]
  138 |  void cleanup_module(void) __attribute__((alias(#exitfn)));
      |       ^~~~~~~~~~~~~~
./include/linux/device.h:1360:1: note: in expansion of macro ‘module_exit’
 1360 | module_exit(__driver##_exit);
      | ^~~~~~~~~~~
./include/linux/usb.h:1195:2: note: in expansion of macro ‘module_driver’
 1195 |  module_driver(__usb_driver, usb_register, \
      |  ^~~~~~~~~~~~~
drivers/net/wireless/ath/carl9170/usb.c:1200:1: note: in expansion of macro ‘module_usb_driver’
 1200 | module_usb_driver(carl9170_driver);
      | ^~~~~~~~~~~~~~~~~
In file included from ./include/linux/usb/ch9.h:35,
                 from ./include/linux/usb.h:5,
                 from drivers/net/wireless/ath/carl9170/usb.c:42:
drivers/net/wireless/ath/carl9170/usb.c:1200:19: note: ‘cleanup_module’ target declared here
 1200 | module_usb_driver(carl9170_driver);
      |                   ^~~~~~~~~~~~~~~
./include/linux/device.h:1356:20: note: in definition of macro ‘module_driver’
 1356 | static void __exit __driver##_exit(void) \
      |                    ^~~~~~~~
drivers/net/wireless/ath/carl9170/usb.c:1200:1: note: in expansion of macro ‘module_usb_driver’
 1200 | module_usb_driver(carl9170_driver);
      | ^~~~~~~~~~~~~~~~~
In file included from drivers/net/wireless/ath/carl9170/usb.c:40:
./include/linux/module.h:132:6: warning: ‘init_module’ specifies less restrictive attribute than its target ‘carl9170_driver_init’: ‘cold’ [-Wmissing-attributes]
  132 |  int init_module(void) __attribute__((alias(#initfn)));
      |      ^~~~~~~~~~~
./include/linux/device.h:1355:1: note: in expansion of macro ‘module_init’
 1355 | module_init(__driver##_init); \
      | ^~~~~~~~~~~
./include/linux/usb.h:1195:2: note: in expansion of macro ‘module_driver’
 1195 |  module_driver(__usb_driver, usb_register, \
      |  ^~~~~~~~~~~~~
drivers/net/wireless/ath/carl9170/usb.c:1200:1: note: in expansion of macro ‘module_usb_driver’
 1200 | module_usb_driver(carl9170_driver);
      | ^~~~~~~~~~~~~~~~~
In file included from ./include/linux/usb/ch9.h:35,
                 from ./include/linux/usb.h:5,
                 from drivers/net/wireless/ath/carl9170/usb.c:42:
drivers/net/wireless/ath/carl9170/usb.c:1200:19: note: ‘init_module’ target declared here
 1200 | module_usb_driver(carl9170_driver);
      |                   ^~~~~~~~~~~~~~~
./include/linux/device.h:1351:19: note: in definition of macro ‘module_driver’
 1351 | static int __init __driver##_init(void) \
      |                   ^~~~~~~~
drivers/net/wireless/ath/carl9170/usb.c:1200:1: note: in expansion of macro ‘module_usb_driver’
 1200 | module_usb_driver(carl9170_driver);
      | ^~~~~~~~~~~~~~~~~
  CC [M]  drivers/net/wireless/ath/carl9170/cmd.o
In file included from drivers/net/wireless/ath/carl9170/wlan.h:42,
                 from drivers/net/wireless/ath/carl9170/carl9170.h:57,
                 from drivers/net/wireless/ath/carl9170/cmd.c:40:
drivers/net/wireless/ath/carl9170/fwcmd.h:243:2: warning: alignment 1 of ‘union <anonymous>’ is less than 4 [-Wpacked-not-aligned]
  243 |  } __packed;
      |  ^
drivers/net/wireless/ath/carl9170/fwcmd.h:243:2: warning: alignment 1 of ‘union <anonymous>’ is less than 4 [-Wpacked-not-aligned]
In file included from drivers/net/wireless/ath/carl9170/carl9170.h:57,
                 from drivers/net/wireless/ath/carl9170/cmd.c:40:
drivers/net/wireless/ath/carl9170/wlan.h:373:1: warning: alignment 1 of ‘struct ar9170_rx_frame_single’ is less than 2 [-Wpacked-not-aligned]
  373 | } __packed;
      | ^
drivers/net/wireless/ath/carl9170/wlan.h:379:1: warning: alignment 1 of ‘struct ar9170_rx_frame_head’ is less than 2 [-Wpacked-not-aligned]
  379 | } __packed;
      | ^
drivers/net/wireless/ath/carl9170/wlan.h:384:1: warning: alignment 1 of ‘struct ar9170_rx_frame_middle’ is less than 2 [-Wpacked-not-aligned]
  384 | } __packed;
      | ^
drivers/net/wireless/ath/carl9170/wlan.h:390:1: warning: alignment 1 of ‘struct ar9170_rx_frame_tail’ is less than 2 [-Wpacked-not-aligned]
  390 | } __packed;
      | ^
  CC [M]  drivers/net/wireless/ath/carl9170/mac.o
In file included from drivers/net/wireless/ath/carl9170/wlan.h:42,
                 from drivers/net/wireless/ath/carl9170/carl9170.h:57,
                 from drivers/net/wireless/ath/carl9170/mac.c:41:
drivers/net/wireless/ath/carl9170/fwcmd.h:243:2: warning: alignment 1 of ‘union <anonymous>’ is less than 4 [-Wpacked-not-aligned]
  243 |  } __packed;
      |  ^
drivers/net/wireless/ath/carl9170/fwcmd.h:243:2: warning: alignment 1 of ‘union <anonymous>’ is less than 4 [-Wpacked-not-aligned]
In file included from drivers/net/wireless/ath/carl9170/carl9170.h:57,
                 from drivers/net/wireless/ath/carl9170/mac.c:41:
drivers/net/wireless/ath/carl9170/wlan.h:373:1: warning: alignment 1 of ‘struct ar9170_rx_frame_single’ is less than 2 [-Wpacked-not-aligned]
  373 | } __packed;
      | ^
drivers/net/wireless/ath/carl9170/wlan.h:379:1: warning: alignment 1 of ‘struct ar9170_rx_frame_head’ is less than 2 [-Wpacked-not-aligned]
  379 | } __packed;
      | ^
drivers/net/wireless/ath/carl9170/wlan.h:384:1: warning: alignment 1 of ‘struct ar9170_rx_frame_middle’ is less than 2 [-Wpacked-not-aligned]
  384 | } __packed;
      | ^
drivers/net/wireless/ath/carl9170/wlan.h:390:1: warning: alignment 1 of ‘struct ar9170_rx_frame_tail’ is less than 2 [-Wpacked-not-aligned]
  390 | } __packed;
      | ^
  CC [M]  drivers/net/wireless/ath/carl9170/phy.o
In file included from drivers/net/wireless/ath/carl9170/wlan.h:42,
                 from drivers/net/wireless/ath/carl9170/carl9170.h:57,
                 from drivers/net/wireless/ath/carl9170/phy.c:40:
drivers/net/wireless/ath/carl9170/fwcmd.h:243:2: warning: alignment 1 of ‘union <anonymous>’ is less than 4 [-Wpacked-not-aligned]
  243 |  } __packed;
      |  ^
drivers/net/wireless/ath/carl9170/fwcmd.h:243:2: warning: alignment 1 of ‘union <anonymous>’ is less than 4 [-Wpacked-not-aligned]
In file included from drivers/net/wireless/ath/carl9170/carl9170.h:57,
                 from drivers/net/wireless/ath/carl9170/phy.c:40:
drivers/net/wireless/ath/carl9170/wlan.h:373:1: warning: alignment 1 of ‘struct ar9170_rx_frame_single’ is less than 2 [-Wpacked-not-aligned]
  373 | } __packed;
      | ^
drivers/net/wireless/ath/carl9170/wlan.h:379:1: warning: alignment 1 of ‘struct ar9170_rx_frame_head’ is less than 2 [-Wpacked-not-aligned]
  379 | } __packed;
      | ^
drivers/net/wireless/ath/carl9170/wlan.h:384:1: warning: alignment 1 of ‘struct ar9170_rx_frame_middle’ is less than 2 [-Wpacked-not-aligned]
  384 | } __packed;
      | ^
drivers/net/wireless/ath/carl9170/wlan.h:390:1: warning: alignment 1 of ‘struct ar9170_rx_frame_tail’ is less than 2 [-Wpacked-not-aligned]
  390 | } __packed;
      | ^
  CC [M]  drivers/net/wireless/ath/carl9170/led.o
In file included from drivers/net/wireless/ath/carl9170/wlan.h:42,
                 from drivers/net/wireless/ath/carl9170/carl9170.h:57,
                 from drivers/net/wireless/ath/carl9170/led.c:40:
drivers/net/wireless/ath/carl9170/fwcmd.h:243:2: warning: alignment 1 of ‘union <anonymous>’ is less than 4 [-Wpacked-not-aligned]
  243 |  } __packed;
      |  ^
drivers/net/wireless/ath/carl9170/fwcmd.h:243:2: warning: alignment 1 of ‘union <anonymous>’ is less than 4 [-Wpacked-not-aligned]
In file included from drivers/net/wireless/ath/carl9170/carl9170.h:57,
                 from drivers/net/wireless/ath/carl9170/led.c:40:
drivers/net/wireless/ath/carl9170/wlan.h:373:1: warning: alignment 1 of ‘struct ar9170_rx_frame_single’ is less than 2 [-Wpacked-not-aligned]
  373 | } __packed;
      | ^
drivers/net/wireless/ath/carl9170/wlan.h:379:1: warning: alignment 1 of ‘struct ar9170_rx_frame_head’ is less than 2 [-Wpacked-not-aligned]
  379 | } __packed;
      | ^
drivers/net/wireless/ath/carl9170/wlan.h:384:1: warning: alignment 1 of ‘struct ar9170_rx_frame_middle’ is less than 2 [-Wpacked-not-aligned]
  384 | } __packed;
      | ^
drivers/net/wireless/ath/carl9170/wlan.h:390:1: warning: alignment 1 of ‘struct ar9170_rx_frame_tail’ is less than 2 [-Wpacked-not-aligned]
  390 | } __packed;
      | ^
  CC [M]  drivers/net/wireless/ath/carl9170/fw.o
In file included from drivers/net/wireless/ath/carl9170/wlan.h:42,
                 from drivers/net/wireless/ath/carl9170/carl9170.h:57,
                 from drivers/net/wireless/ath/carl9170/fw.c:27:
drivers/net/wireless/ath/carl9170/fwcmd.h:243:2: warning: alignment 1 of ‘union <anonymous>’ is less than 4 [-Wpacked-not-aligned]
  243 |  } __packed;
      |  ^
drivers/net/wireless/ath/carl9170/fwcmd.h:243:2: warning: alignment 1 of ‘union <anonymous>’ is less than 4 [-Wpacked-not-aligned]
In file included from drivers/net/wireless/ath/carl9170/carl9170.h:57,
                 from drivers/net/wireless/ath/carl9170/fw.c:27:
drivers/net/wireless/ath/carl9170/wlan.h:373:1: warning: alignment 1 of ‘struct ar9170_rx_frame_single’ is less than 2 [-Wpacked-not-aligned]
  373 | } __packed;
      | ^
drivers/net/wireless/ath/carl9170/wlan.h:379:1: warning: alignment 1 of ‘struct ar9170_rx_frame_head’ is less than 2 [-Wpacked-not-aligned]
  379 | } __packed;
      | ^
drivers/net/wireless/ath/carl9170/wlan.h:384:1: warning: alignment 1 of ‘struct ar9170_rx_frame_middle’ is less than 2 [-Wpacked-not-aligned]
  384 | } __packed;
      | ^
drivers/net/wireless/ath/carl9170/wlan.h:390:1: warning: alignment 1 of ‘struct ar9170_rx_frame_tail’ is less than 2 [-Wpacked-not-aligned]
  390 | } __packed;
      | ^
  CC [M]  drivers/net/wireless/ath/carl9170/tx.o
In file included from drivers/net/wireless/ath/carl9170/wlan.h:42,
                 from drivers/net/wireless/ath/carl9170/carl9170.h:57,
                 from drivers/net/wireless/ath/carl9170/tx.c:44:
drivers/net/wireless/ath/carl9170/fwcmd.h:243:2: warning: alignment 1 of ‘union <anonymous>’ is less than 4 [-Wpacked-not-aligned]
  243 |  } __packed;
      |  ^
drivers/net/wireless/ath/carl9170/fwcmd.h:243:2: warning: alignment 1 of ‘union <anonymous>’ is less than 4 [-Wpacked-not-aligned]
In file included from drivers/net/wireless/ath/carl9170/carl9170.h:57,
                 from drivers/net/wireless/ath/carl9170/tx.c:44:
drivers/net/wireless/ath/carl9170/wlan.h:373:1: warning: alignment 1 of ‘struct ar9170_rx_frame_single’ is less than 2 [-Wpacked-not-aligned]
  373 | } __packed;
      | ^
drivers/net/wireless/ath/carl9170/wlan.h:379:1: warning: alignment 1 of ‘struct ar9170_rx_frame_head’ is less than 2 [-Wpacked-not-aligned]
  379 | } __packed;
      | ^
drivers/net/wireless/ath/carl9170/wlan.h:384:1: warning: alignment 1 of ‘struct ar9170_rx_frame_middle’ is less than 2 [-Wpacked-not-aligned]
  384 | } __packed;
      | ^
drivers/net/wireless/ath/carl9170/wlan.h:390:1: warning: alignment 1 of ‘struct ar9170_rx_frame_tail’ is less than 2 [-Wpacked-not-aligned]
  390 | } __packed;
      | ^
  CC [M]  drivers/net/wireless/ath/carl9170/rx.o
In file included from drivers/net/wireless/ath/carl9170/wlan.h:42,
                 from drivers/net/wireless/ath/carl9170/carl9170.h:57,
                 from drivers/net/wireless/ath/carl9170/rx.c:45:
drivers/net/wireless/ath/carl9170/fwcmd.h:243:2: warning: alignment 1 of ‘union <anonymous>’ is less than 4 [-Wpacked-not-aligned]
  243 |  } __packed;
      |  ^
drivers/net/wireless/ath/carl9170/fwcmd.h:243:2: warning: alignment 1 of ‘union <anonymous>’ is less than 4 [-Wpacked-not-aligned]
In file included from drivers/net/wireless/ath/carl9170/carl9170.h:57,
                 from drivers/net/wireless/ath/carl9170/rx.c:45:
drivers/net/wireless/ath/carl9170/wlan.h:373:1: warning: alignment 1 of ‘struct ar9170_rx_frame_single’ is less than 2 [-Wpacked-not-aligned]
  373 | } __packed;
      | ^
drivers/net/wireless/ath/carl9170/wlan.h:379:1: warning: alignment 1 of ‘struct ar9170_rx_frame_head’ is less than 2 [-Wpacked-not-aligned]
  379 | } __packed;
      | ^
drivers/net/wireless/ath/carl9170/wlan.h:384:1: warning: alignment 1 of ‘struct ar9170_rx_frame_middle’ is less than 2 [-Wpacked-not-aligned]
  384 | } __packed;
      | ^
drivers/net/wireless/ath/carl9170/wlan.h:390:1: warning: alignment 1 of ‘struct ar9170_rx_frame_tail’ is less than 2 [-Wpacked-not-aligned]
  390 | } __packed;
      | ^
  LD [M]  drivers/net/wireless/ath/carl9170/carl9170.o
  LD      drivers/net/wireless/atmel/built-in.o
  CC [M]  drivers/net/wireless/atmel/at76c50x-usb.o
In file included from drivers/net/wireless/atmel/at76c50x-usb.c:33:
./include/linux/module.h:138:7: warning: ‘cleanup_module’ specifies less restrictive attribute than its target ‘at76_mod_exit’: ‘cold’ [-Wmissing-attributes]
  138 |  void cleanup_module(void) __attribute__((alias(#exitfn)));
      |       ^~~~~~~~~~~~~~
drivers/net/wireless/atmel/at76c50x-usb.c:2606:1: note: in expansion of macro ‘module_exit’
 2606 | module_exit(at76_mod_exit);
      | ^~~~~~~~~~~
drivers/net/wireless/atmel/at76c50x-usb.c:2591:20: note: ‘cleanup_module’ target declared here
 2591 | static void __exit at76_mod_exit(void)
      |                    ^~~~~~~~~~~~~
In file included from drivers/net/wireless/atmel/at76c50x-usb.c:33:
./include/linux/module.h:132:6: warning: ‘init_module’ specifies less restrictive attribute than its target ‘at76_mod_init’: ‘cold’ [-Wmissing-attributes]
  132 |  int init_module(void) __attribute__((alias(#initfn)));
      |      ^~~~~~~~~~~
drivers/net/wireless/atmel/at76c50x-usb.c:2605:1: note: in expansion of macro ‘module_init’
 2605 | module_init(at76_mod_init);
      | ^~~~~~~~~~~
drivers/net/wireless/atmel/at76c50x-usb.c:2573:19: note: ‘init_module’ target declared here
 2573 | static int __init at76_mod_init(void)
      |                   ^~~~~~~~~~~~~
  LD      drivers/net/wireless/broadcom/built-in.o
  LD      drivers/net/wireless/broadcom/b43/built-in.o
  CC [M]  drivers/net/wireless/broadcom/b43/main.o
In file included from drivers/net/wireless/broadcom/b43/main.c:37:
./include/linux/module.h:138:7: warning: ‘cleanup_module’ specifies less restrictive attribute than its target ‘b43_exit’: ‘cold’ [-Wmissing-attributes]
  138 |  void cleanup_module(void) __attribute__((alias(#exitfn)));
      |       ^~~~~~~~~~~~~~
drivers/net/wireless/broadcom/b43/main.c:5872:1: note: in expansion of macro ‘module_exit’
 5872 | module_exit(b43_exit)
      | ^~~~~~~~~~~
drivers/net/wireless/broadcom/b43/main.c:5859:20: note: ‘cleanup_module’ target declared here
 5859 | static void __exit b43_exit(void)
      |                    ^~~~~~~~
In file included from drivers/net/wireless/broadcom/b43/main.c:37:
./include/linux/module.h:132:6: warning: ‘init_module’ specifies less restrictive attribute than its target ‘b43_init’: ‘cold’ [-Wmissing-attributes]
  132 |  int init_module(void) __attribute__((alias(#initfn)));
      |      ^~~~~~~~~~~
drivers/net/wireless/broadcom/b43/main.c:5871:1: note: in expansion of macro ‘module_init’
 5871 | module_init(b43_init)
      | ^~~~~~~~~~~
drivers/net/wireless/broadcom/b43/main.c:5824:19: note: ‘init_module’ target declared here
 5824 | static int __init b43_init(void)
      |                   ^~~~~~~~
  CC [M]  drivers/net/wireless/broadcom/b43/bus.o
  CC [M]  drivers/net/wireless/broadcom/b43/phy_g.o
  CC [M]  drivers/net/wireless/broadcom/b43/tables.o
  CC [M]  drivers/net/wireless/broadcom/b43/lo.o
  CC [M]  drivers/net/wireless/broadcom/b43/wa.o
  CC [M]  drivers/net/wireless/broadcom/b43/phy_common.o
  CC [M]  drivers/net/wireless/broadcom/b43/phy_lp.o
  CC [M]  drivers/net/wireless/broadcom/b43/tables_lpphy.o
  CC [M]  drivers/net/wireless/broadcom/b43/phy_ht.o
  CC [M]  drivers/net/wireless/broadcom/b43/tables_phy_ht.o
  CC [M]  drivers/net/wireless/broadcom/b43/radio_2059.o
  CC [M]  drivers/net/wireless/broadcom/b43/sysfs.o
  CC [M]  drivers/net/wireless/broadcom/b43/xmit.o
drivers/net/wireless/broadcom/b43/xmit.c: In function ‘b43_generate_txhdr’:
drivers/net/wireless/broadcom/b43/xmit.c:457:6: warning: taking address of packed member of ‘union <anonymous>’ may result in an unaligned pointer value [-Waddress-of-packed-member]
  457 |      (txhdr->format_598.rts_frame);
      |      ^
drivers/net/wireless/broadcom/b43/xmit.c:461:6: warning: taking address of packed member of ‘union <anonymous>’ may result in an unaligned pointer value [-Waddress-of-packed-member]
  461 |      (txhdr->format_351.rts_frame);
      |      ^
drivers/net/wireless/broadcom/b43/xmit.c:465:6: warning: taking address of packed member of ‘union <anonymous>’ may result in an unaligned pointer value [-Waddress-of-packed-member]
  465 |      (txhdr->format_410.rts_frame);
      |      ^
drivers/net/wireless/broadcom/b43/xmit.c:479:6: warning: taking address of packed member of ‘union <anonymous>’ may result in an unaligned pointer value [-Waddress-of-packed-member]
  479 |      (txhdr->format_598.rts_frame);
      |      ^
drivers/net/wireless/broadcom/b43/xmit.c:483:6: warning: taking address of packed member of ‘union <anonymous>’ may result in an unaligned pointer value [-Waddress-of-packed-member]
  483 |      (txhdr->format_351.rts_frame);
      |      ^
drivers/net/wireless/broadcom/b43/xmit.c:487:6: warning: taking address of packed member of ‘union <anonymous>’ may result in an unaligned pointer value [-Waddress-of-packed-member]
  487 |      (txhdr->format_410.rts_frame);
      |      ^
drivers/net/wireless/broadcom/b43/xmit.c:519:6: warning: taking address of packed member of ‘union <anonymous>’ may result in an unaligned pointer value [-Waddress-of-packed-member]
  519 |     (&txhdr->format_598.rts_frame);
      |     ~^~~~~~~~~~~~~~~~~~~~~~~~~~~~~
drivers/net/wireless/broadcom/b43/xmit.c:523:6: warning: taking address of packed member of ‘union <anonymous>’ may result in an unaligned pointer value [-Waddress-of-packed-member]
  523 |     (&txhdr->format_351.rts_frame);
      |     ~^~~~~~~~~~~~~~~~~~~~~~~~~~~~~
drivers/net/wireless/broadcom/b43/xmit.c:527:6: warning: taking address of packed member of ‘union <anonymous>’ may result in an unaligned pointer value [-Waddress-of-packed-member]
  527 |     (&txhdr->format_410.rts_frame);
      |     ~^~~~~~~~~~~~~~~~~~~~~~~~~~~~~
  CC [M]  drivers/net/wireless/broadcom/b43/dma.o
  CC [M]  drivers/net/wireless/broadcom/b43/pio.o
  CC [M]  drivers/net/wireless/broadcom/b43/rfkill.o
  CC [M]  drivers/net/wireless/broadcom/b43/ppr.o
  CC [M]  drivers/net/wireless/broadcom/b43/leds.o
drivers/net/wireless/broadcom/b43/leds.c: In function ‘b43_register_led’:
drivers/net/wireless/broadcom/b43/leds.c:134:2: warning: ‘strncpy’ specified bound 32 equals destination size [-Wstringop-truncation]
  134 |  strncpy(led->name, name, sizeof(led->name));
      |  ^~~~~~~~~~~~~~~~~~~~~~~~~~~~~~~~~~~~~~~~~~~
  LD [M]  drivers/net/wireless/broadcom/b43/b43.o
  LD      drivers/net/wireless/broadcom/b43legacy/built-in.o
  CC [M]  drivers/net/wireless/broadcom/b43legacy/main.o
In file included from drivers/net/wireless/broadcom/b43legacy/main.c:34:
./include/linux/module.h:138:7: warning: ‘cleanup_module’ specifies less restrictive attribute than its target ‘b43legacy_exit’: ‘cold’ [-Wmissing-attributes]
  138 |  void cleanup_module(void) __attribute__((alias(#exitfn)));
      |       ^~~~~~~~~~~~~~
drivers/net/wireless/broadcom/b43legacy/main.c:4062:1: note: in expansion of macro ‘module_exit’
 4062 | module_exit(b43legacy_exit)
      | ^~~~~~~~~~~
drivers/net/wireless/broadcom/b43legacy/main.c:4055:20: note: ‘cleanup_module’ target declared here
 4055 | static void __exit b43legacy_exit(void)
      |                    ^~~~~~~~~~~~~~
In file included from drivers/net/wireless/broadcom/b43legacy/main.c:34:
./include/linux/module.h:132:6: warning: ‘init_module’ specifies less restrictive attribute than its target ‘b43legacy_init’: ‘cold’ [-Wmissing-attributes]
  132 |  int init_module(void) __attribute__((alias(#initfn)));
      |      ^~~~~~~~~~~
drivers/net/wireless/broadcom/b43legacy/main.c:4061:1: note: in expansion of macro ‘module_init’
 4061 | module_init(b43legacy_init)
      | ^~~~~~~~~~~
drivers/net/wireless/broadcom/b43legacy/main.c:4036:19: note: ‘init_module’ target declared here
 4036 | static int __init b43legacy_init(void)
      |                   ^~~~~~~~~~~~~~
  CC [M]  drivers/net/wireless/broadcom/b43legacy/ilt.o
  CC [M]  drivers/net/wireless/broadcom/b43legacy/phy.o
  CC [M]  drivers/net/wireless/broadcom/b43legacy/radio.o
  CC [M]  drivers/net/wireless/broadcom/b43legacy/sysfs.o
  CC [M]  drivers/net/wireless/broadcom/b43legacy/xmit.o
drivers/net/wireless/broadcom/b43legacy/xmit.c: In function ‘b43legacy_generate_plcp_hdr’:
drivers/net/wireless/broadcom/b43legacy/xmit.c:127:17: warning: taking address of packed member of ‘union <anonymous>’ may result in an unaligned pointer value [-Waddress-of-packed-member]
  127 |  __le32 *data = &(plcp->data);
      |                 ^~~~~~~~~~~~~
  CC [M]  drivers/net/wireless/broadcom/b43legacy/rfkill.o
  CC [M]  drivers/net/wireless/broadcom/b43legacy/leds.o
  CC [M]  drivers/net/wireless/broadcom/b43legacy/debugfs.o
  CC [M]  drivers/net/wireless/broadcom/b43legacy/dma.o
  CC [M]  drivers/net/wireless/broadcom/b43legacy/pio.o
  LD [M]  drivers/net/wireless/broadcom/b43legacy/b43legacy.o
  LD      drivers/net/wireless/broadcom/brcm80211/built-in.o
  LD      drivers/net/wireless/broadcom/brcm80211/brcmfmac/built-in.o
  CC [M]  drivers/net/wireless/broadcom/brcm80211/brcmfmac/cfg80211.o
  CC [M]  drivers/net/wireless/broadcom/brcm80211/brcmfmac/chip.o
  CC [M]  drivers/net/wireless/broadcom/brcm80211/brcmfmac/fwil.o
  CC [M]  drivers/net/wireless/broadcom/brcm80211/brcmfmac/fweh.o
  CC [M]  drivers/net/wireless/broadcom/brcm80211/brcmfmac/fwsignal.o
  CC [M]  drivers/net/wireless/broadcom/brcm80211/brcmfmac/p2p.o
  CC [M]  drivers/net/wireless/broadcom/brcm80211/brcmfmac/proto.o
  CC [M]  drivers/net/wireless/broadcom/brcm80211/brcmfmac/common.o
In file included from ./include/linux/phy.h:24,
                 from ./include/net/dsa.h:19,
                 from ./include/linux/netdevice.h:44,
                 from drivers/net/wireless/broadcom/brcm80211/brcmfmac/common.c:19:
./include/linux/module.h:132:6: warning: ‘init_module’ specifies less restrictive attribute than its target ‘brcmfmac_module_init’: ‘cold’ [-Wmissing-attributes]
  132 |  int init_module(void) __attribute__((alias(#initfn)));
      |      ^~~~~~~~~~~
drivers/net/wireless/broadcom/brcm80211/brcmfmac/common.c:554:1: note: in expansion of macro ‘module_init’
  554 | module_init(brcmfmac_module_init);
      | ^~~~~~~~~~~
drivers/net/wireless/broadcom/brcm80211/brcmfmac/common.c:520:19: note: ‘init_module’ target declared here
  520 | static int __init brcmfmac_module_init(void)
      |                   ^~~~~~~~~~~~~~~~~~~~
In file included from ./include/linux/phy.h:24,
                 from ./include/net/dsa.h:19,
                 from ./include/linux/netdevice.h:44,
                 from drivers/net/wireless/broadcom/brcm80211/brcmfmac/common.c:19:
./include/linux/module.h:138:7: warning: ‘cleanup_module’ specifies less restrictive attribute than its target ‘brcmfmac_module_exit’: ‘cold’ [-Wmissing-attributes]
  138 |  void cleanup_module(void) __attribute__((alias(#exitfn)));
      |       ^~~~~~~~~~~~~~
drivers/net/wireless/broadcom/brcm80211/brcmfmac/common.c:555:1: note: in expansion of macro ‘module_exit’
  555 | module_exit(brcmfmac_module_exit);
      | ^~~~~~~~~~~
drivers/net/wireless/broadcom/brcm80211/brcmfmac/common.c:546:20: note: ‘cleanup_module’ target declared here
  546 | static void __exit brcmfmac_module_exit(void)
      |                    ^~~~~~~~~~~~~~~~~~~~
  CC [M]  drivers/net/wireless/broadcom/brcm80211/brcmfmac/core.o
  CC [M]  drivers/net/wireless/broadcom/brcm80211/brcmfmac/firmware.o
  CC [M]  drivers/net/wireless/broadcom/brcm80211/brcmfmac/feature.o
  CC [M]  drivers/net/wireless/broadcom/brcm80211/brcmfmac/btcoex.o
  CC [M]  drivers/net/wireless/broadcom/brcm80211/brcmfmac/vendor.o
  CC [M]  drivers/net/wireless/broadcom/brcm80211/brcmfmac/bcdc.o
  CC [M]  drivers/net/wireless/broadcom/brcm80211/brcmfmac/sdio.o
  CC [M]  drivers/net/wireless/broadcom/brcm80211/brcmfmac/bcmsdh.o
  CC [M]  drivers/net/wireless/broadcom/brcm80211/brcmfmac/usb.o
  CC [M]  drivers/net/wireless/broadcom/brcm80211/brcmfmac/debug.o
  CC [M]  drivers/net/wireless/broadcom/brcm80211/brcmfmac/of.o
  LD [M]  drivers/net/wireless/broadcom/brcm80211/brcmfmac/brcmfmac.o
  LD      drivers/net/wireless/broadcom/brcm80211/brcmutil/built-in.o
  CC [M]  drivers/net/wireless/broadcom/brcm80211/brcmutil/utils.o
  CC [M]  drivers/net/wireless/broadcom/brcm80211/brcmutil/d11.o
  LD [M]  drivers/net/wireless/broadcom/brcm80211/brcmutil/brcmutil.o
  LD      drivers/net/wireless/cisco/built-in.o
  LD      drivers/net/wireless/intel/built-in.o
  LD      drivers/net/wireless/intersil/built-in.o
  LD      drivers/net/wireless/intersil/hostap/built-in.o
  CC [M]  drivers/net/wireless/intersil/hostap/hostap_80211_rx.o
  CC [M]  drivers/net/wireless/intersil/hostap/hostap_80211_tx.o
  CC [M]  drivers/net/wireless/intersil/hostap/hostap_ap.o
  CC [M]  drivers/net/wireless/intersil/hostap/hostap_info.o
  CC [M]  drivers/net/wireless/intersil/hostap/hostap_ioctl.o
In function ‘prism2_ioctl_get_encryption’,
    inlined from ‘prism2_ioctl_priv_hostapd’ at drivers/net/wireless/intersil/hostap/hostap_ioctl.c:3812:9,
    inlined from ‘hostap_ioctl’ at drivers/net/wireless/intersil/hostap/hostap_ioctl.c:4037:14:
drivers/net/wireless/intersil/hostap/hostap_ioctl.c:3610:3: warning: ‘strncpy’ specified bound 16 equals destination size [-Wstringop-truncation]
 3610 |   strncpy(param->u.crypt.alg, (*crypt)->ops->name,
      |   ^~~~~~~~~~~~~~~~~~~~~~~~~~~~~~~~~~~~~~~~~~~~~~~~
 3611 |    HOSTAP_CRYPT_ALG_NAME_LEN);
      |    ~~~~~~~~~~~~~~~~~~~~~~~~~~
  CC [M]  drivers/net/wireless/intersil/hostap/hostap_main.o
In file included from drivers/net/wireless/intersil/hostap/hostap_main.c:15:
./include/linux/module.h:132:6: warning: ‘init_module’ specifies less restrictive attribute than its target ‘hostap_init’: ‘cold’ [-Wmissing-attributes]
  132 |  int init_module(void) __attribute__((alias(#initfn)));
      |      ^~~~~~~~~~~
drivers/net/wireless/intersil/hostap/hostap_main.c:1139:1: note: in expansion of macro ‘module_init’
 1139 | module_init(hostap_init);
      | ^~~~~~~~~~~
drivers/net/wireless/intersil/hostap/hostap_main.c:1098:19: note: ‘init_module’ target declared here
 1098 | static int __init hostap_init(void)
      |                   ^~~~~~~~~~~
In file included from drivers/net/wireless/intersil/hostap/hostap_main.c:15:
./include/linux/module.h:138:7: warning: ‘cleanup_module’ specifies less restrictive attribute than its target ‘hostap_exit’: ‘cold’ [-Wmissing-attributes]
  138 |  void cleanup_module(void) __attribute__((alias(#exitfn)));
      |       ^~~~~~~~~~~~~~
drivers/net/wireless/intersil/hostap/hostap_main.c:1140:1: note: in expansion of macro ‘module_exit’
 1140 | module_exit(hostap_exit);
      | ^~~~~~~~~~~
drivers/net/wireless/intersil/hostap/hostap_main.c:1112:20: note: ‘cleanup_module’ target declared here
 1112 | static void __exit hostap_exit(void)
      |                    ^~~~~~~~~~~
  CC [M]  drivers/net/wireless/intersil/hostap/hostap_proc.o
  LD [M]  drivers/net/wireless/intersil/hostap/hostap.o
  LD      drivers/net/wireless/intersil/p54/built-in.o
  CC [M]  drivers/net/wireless/intersil/p54/eeprom.o
  CC [M]  drivers/net/wireless/intersil/p54/fwio.o
drivers/net/wireless/intersil/p54/fwio.c: In function ‘p54_parse_firmware’:
drivers/net/wireless/intersil/p54/fwio.c:59:11: warning: taking address of packed member of ‘struct bootrec’ may result in an unaligned pointer value [-Waddress-of-packed-member]
   59 |           bootrec->data);
      |           ^~~~~~~
  CC [M]  drivers/net/wireless/intersil/p54/txrx.o
  CC [M]  drivers/net/wireless/intersil/p54/main.o
  CC [M]  drivers/net/wireless/intersil/p54/led.o
  LD [M]  drivers/net/wireless/intersil/p54/p54common.o
  CC [M]  drivers/net/wireless/intersil/p54/p54usb.o
In file included from ./include/linux/phy.h:24,
                 from ./include/net/dsa.h:19,
                 from ./include/linux/netdevice.h:44,
                 from ./include/linux/etherdevice.h:26,
                 from drivers/net/wireless/intersil/p54/p54usb.c:19:
./include/linux/module.h:138:7: warning: ‘cleanup_module’ specifies less restrictive attribute than its target ‘p54u_driver_exit’: ‘cold’ [-Wmissing-attributes]
  138 |  void cleanup_module(void) __attribute__((alias(#exitfn)));
      |       ^~~~~~~~~~~~~~
./include/linux/device.h:1360:1: note: in expansion of macro ‘module_exit’
 1360 | module_exit(__driver##_exit);
      | ^~~~~~~~~~~
./include/linux/usb.h:1195:2: note: in expansion of macro ‘module_driver’
 1195 |  module_driver(__usb_driver, usb_register, \
      |  ^~~~~~~~~~~~~
drivers/net/wireless/intersil/p54/p54usb.c:1149:1: note: in expansion of macro ‘module_usb_driver’
 1149 | module_usb_driver(p54u_driver);
      | ^~~~~~~~~~~~~~~~~
In file included from ./include/linux/usb/ch9.h:35,
                 from ./include/linux/usb.h:5,
                 from drivers/net/wireless/intersil/p54/p54usb.c:15:
drivers/net/wireless/intersil/p54/p54usb.c:1149:19: note: ‘cleanup_module’ target declared here
 1149 | module_usb_driver(p54u_driver);
      |                   ^~~~~~~~~~~
./include/linux/device.h:1356:20: note: in definition of macro ‘module_driver’
 1356 | static void __exit __driver##_exit(void) \
      |                    ^~~~~~~~
drivers/net/wireless/intersil/p54/p54usb.c:1149:1: note: in expansion of macro ‘module_usb_driver’
 1149 | module_usb_driver(p54u_driver);
      | ^~~~~~~~~~~~~~~~~
In file included from ./include/linux/phy.h:24,
                 from ./include/net/dsa.h:19,
                 from ./include/linux/netdevice.h:44,
                 from ./include/linux/etherdevice.h:26,
                 from drivers/net/wireless/intersil/p54/p54usb.c:19:
./include/linux/module.h:132:6: warning: ‘init_module’ specifies less restrictive attribute than its target ‘p54u_driver_init’: ‘cold’ [-Wmissing-attributes]
  132 |  int init_module(void) __attribute__((alias(#initfn)));
      |      ^~~~~~~~~~~
./include/linux/device.h:1355:1: note: in expansion of macro ‘module_init’
 1355 | module_init(__driver##_init); \
      | ^~~~~~~~~~~
./include/linux/usb.h:1195:2: note: in expansion of macro ‘module_driver’
 1195 |  module_driver(__usb_driver, usb_register, \
      |  ^~~~~~~~~~~~~
drivers/net/wireless/intersil/p54/p54usb.c:1149:1: note: in expansion of macro ‘module_usb_driver’
 1149 | module_usb_driver(p54u_driver);
      | ^~~~~~~~~~~~~~~~~
In file included from ./include/linux/usb/ch9.h:35,
                 from ./include/linux/usb.h:5,
                 from drivers/net/wireless/intersil/p54/p54usb.c:15:
drivers/net/wireless/intersil/p54/p54usb.c:1149:19: note: ‘init_module’ target declared here
 1149 | module_usb_driver(p54u_driver);
      |                   ^~~~~~~~~~~
./include/linux/device.h:1351:19: note: in definition of macro ‘module_driver’
 1351 | static int __init __driver##_init(void) \
      |                   ^~~~~~~~
drivers/net/wireless/intersil/p54/p54usb.c:1149:1: note: in expansion of macro ‘module_usb_driver’
 1149 | module_usb_driver(p54u_driver);
      | ^~~~~~~~~~~~~~~~~
  LD      drivers/net/wireless/marvell/built-in.o
  LD      drivers/net/wireless/marvell/libertas/built-in.o
  CC [M]  drivers/net/wireless/marvell/libertas/cfg.o
  CC [M]  drivers/net/wireless/marvell/libertas/cmd.o
  CC [M]  drivers/net/wireless/marvell/libertas/cmdresp.o
  CC [M]  drivers/net/wireless/marvell/libertas/debugfs.o
  CC [M]  drivers/net/wireless/marvell/libertas/ethtool.o
  CC [M]  drivers/net/wireless/marvell/libertas/main.o
In file included from drivers/net/wireless/marvell/libertas/main.c:9:
./include/linux/module.h:132:6: warning: ‘init_module’ specifies less restrictive attribute than its target ‘lbs_init_module’: ‘cold’ [-Wmissing-attributes]
  132 |  int init_module(void) __attribute__((alias(#initfn)));
      |      ^~~~~~~~~~~
drivers/net/wireless/marvell/libertas/main.c:1226:1: note: in expansion of macro ‘module_init’
 1226 | module_init(lbs_init_module);
      | ^~~~~~~~~~~
drivers/net/wireless/marvell/libertas/main.c:1207:19: note: ‘init_module’ target declared here
 1207 | static int __init lbs_init_module(void)
      |                   ^~~~~~~~~~~~~~~
In file included from drivers/net/wireless/marvell/libertas/main.c:9:
./include/linux/module.h:138:7: warning: ‘cleanup_module’ specifies less restrictive attribute than its target ‘lbs_exit_module’: ‘cold’ [-Wmissing-attributes]
  138 |  void cleanup_module(void) __attribute__((alias(#exitfn)));
      |       ^~~~~~~~~~~~~~
drivers/net/wireless/marvell/libertas/main.c:1227:1: note: in expansion of macro ‘module_exit’
 1227 | module_exit(lbs_exit_module);
      | ^~~~~~~~~~~
drivers/net/wireless/marvell/libertas/main.c:1219:20: note: ‘cleanup_module’ target declared here
 1219 | static void __exit lbs_exit_module(void)
      |                    ^~~~~~~~~~~~~~~
  CC [M]  drivers/net/wireless/marvell/libertas/rx.o
  CC [M]  drivers/net/wireless/marvell/libertas/tx.o
  CC [M]  drivers/net/wireless/marvell/libertas/firmware.o
  LD [M]  drivers/net/wireless/marvell/libertas/libertas.o
  CC [M]  drivers/net/wireless/marvell/libertas/if_usb.o
In file included from drivers/net/wireless/marvell/libertas/if_usb.c:8:
./include/linux/module.h:138:7: warning: ‘cleanup_module’ specifies less restrictive attribute than its target ‘if_usb_driver_exit’: ‘cold’ [-Wmissing-attributes]
  138 |  void cleanup_module(void) __attribute__((alias(#exitfn)));
      |       ^~~~~~~~~~~~~~
./include/linux/device.h:1360:1: note: in expansion of macro ‘module_exit’
 1360 | module_exit(__driver##_exit);
      | ^~~~~~~~~~~
./include/linux/usb.h:1195:2: note: in expansion of macro ‘module_driver’
 1195 |  module_driver(__usb_driver, usb_register, \
      |  ^~~~~~~~~~~~~
drivers/net/wireless/marvell/libertas/if_usb.c:1015:1: note: in expansion of macro ‘module_usb_driver’
 1015 | module_usb_driver(if_usb_driver);
      | ^~~~~~~~~~~~~~~~~
In file included from ./include/linux/dmaengine.h:20,
                 from ./include/linux/netdevice.h:38,
                 from drivers/net/wireless/marvell/libertas/if_usb.c:10:
drivers/net/wireless/marvell/libertas/if_usb.c:1015:19: note: ‘cleanup_module’ target declared here
 1015 | module_usb_driver(if_usb_driver);
      |                   ^~~~~~~~~~~~~
./include/linux/device.h:1356:20: note: in definition of macro ‘module_driver’
 1356 | static void __exit __driver##_exit(void) \
      |                    ^~~~~~~~
drivers/net/wireless/marvell/libertas/if_usb.c:1015:1: note: in expansion of macro ‘module_usb_driver’
 1015 | module_usb_driver(if_usb_driver);
      | ^~~~~~~~~~~~~~~~~
In file included from drivers/net/wireless/marvell/libertas/if_usb.c:8:
./include/linux/module.h:132:6: warning: ‘init_module’ specifies less restrictive attribute than its target ‘if_usb_driver_init’: ‘cold’ [-Wmissing-attributes]
  132 |  int init_module(void) __attribute__((alias(#initfn)));
      |      ^~~~~~~~~~~
./include/linux/device.h:1355:1: note: in expansion of macro ‘module_init’
 1355 | module_init(__driver##_init); \
      | ^~~~~~~~~~~
./include/linux/usb.h:1195:2: note: in expansion of macro ‘module_driver’
 1195 |  module_driver(__usb_driver, usb_register, \
      |  ^~~~~~~~~~~~~
drivers/net/wireless/marvell/libertas/if_usb.c:1015:1: note: in expansion of macro ‘module_usb_driver’
 1015 | module_usb_driver(if_usb_driver);
      | ^~~~~~~~~~~~~~~~~
In file included from ./include/linux/dmaengine.h:20,
                 from ./include/linux/netdevice.h:38,
                 from drivers/net/wireless/marvell/libertas/if_usb.c:10:
drivers/net/wireless/marvell/libertas/if_usb.c:1015:19: note: ‘init_module’ target declared here
 1015 | module_usb_driver(if_usb_driver);
      |                   ^~~~~~~~~~~~~
./include/linux/device.h:1351:19: note: in definition of macro ‘module_driver’
 1351 | static int __init __driver##_init(void) \
      |                   ^~~~~~~~
drivers/net/wireless/marvell/libertas/if_usb.c:1015:1: note: in expansion of macro ‘module_usb_driver’
 1015 | module_usb_driver(if_usb_driver);
      | ^~~~~~~~~~~~~~~~~
  LD [M]  drivers/net/wireless/marvell/libertas/usb8xxx.o
  CC [M]  drivers/net/wireless/marvell/libertas/if_sdio.o
In file included from drivers/net/wireless/marvell/libertas/if_sdio.c:32:
./include/linux/module.h:138:7: warning: ‘cleanup_module’ specifies less restrictive attribute than its target ‘if_sdio_exit_module’: ‘cold’ [-Wmissing-attributes]
  138 |  void cleanup_module(void) __attribute__((alias(#exitfn)));
      |       ^~~~~~~~~~~~~~
drivers/net/wireless/marvell/libertas/if_sdio.c:1448:1: note: in expansion of macro ‘module_exit’
 1448 | module_exit(if_sdio_exit_module);
      | ^~~~~~~~~~~
drivers/net/wireless/marvell/libertas/if_sdio.c:1433:20: note: ‘cleanup_module’ target declared here
 1433 | static void __exit if_sdio_exit_module(void)
      |                    ^~~~~~~~~~~~~~~~~~~
In file included from drivers/net/wireless/marvell/libertas/if_sdio.c:32:
./include/linux/module.h:132:6: warning: ‘init_module’ specifies less restrictive attribute than its target ‘if_sdio_init_module’: ‘cold’ [-Wmissing-attributes]
  132 |  int init_module(void) __attribute__((alias(#initfn)));
      |      ^~~~~~~~~~~
drivers/net/wireless/marvell/libertas/if_sdio.c:1447:1: note: in expansion of macro ‘module_init’
 1447 | module_init(if_sdio_init_module);
      | ^~~~~~~~~~~
drivers/net/wireless/marvell/libertas/if_sdio.c:1414:19: note: ‘init_module’ target declared here
 1414 | static int __init if_sdio_init_module(void)
      |                   ^~~~~~~~~~~~~~~~~~~
  LD [M]  drivers/net/wireless/marvell/libertas/libertas_sdio.o
  LD      drivers/net/wireless/marvell/libertas_tf/built-in.o
  CC [M]  drivers/net/wireless/marvell/libertas_tf/main.o
In file included from ./include/linux/phy.h:24,
                 from ./include/net/dsa.h:19,
                 from ./include/linux/netdevice.h:44,
                 from ./include/linux/etherdevice.h:26,
                 from drivers/net/wireless/marvell/libertas_tf/main.c:15:
./include/linux/module.h:132:6: warning: ‘init_module’ specifies less restrictive attribute than its target ‘lbtf_init_module’: ‘cold’ [-Wmissing-attributes]
  132 |  int init_module(void) __attribute__((alias(#initfn)));
      |      ^~~~~~~~~~~
drivers/net/wireless/marvell/libertas_tf/main.c:754:1: note: in expansion of macro ‘module_init’
  754 | module_init(lbtf_init_module);
      | ^~~~~~~~~~~
drivers/net/wireless/marvell/libertas_tf/main.c:735:19: note: ‘init_module’ target declared here
  735 | static int __init lbtf_init_module(void)
      |                   ^~~~~~~~~~~~~~~~
In file included from ./include/linux/phy.h:24,
                 from ./include/net/dsa.h:19,
                 from ./include/linux/netdevice.h:44,
                 from ./include/linux/etherdevice.h:26,
                 from drivers/net/wireless/marvell/libertas_tf/main.c:15:
./include/linux/module.h:138:7: warning: ‘cleanup_module’ specifies less restrictive attribute than its target ‘lbtf_exit_module’: ‘cold’ [-Wmissing-attributes]
  138 |  void cleanup_module(void) __attribute__((alias(#exitfn)));
      |       ^~~~~~~~~~~~~~
drivers/net/wireless/marvell/libertas_tf/main.c:755:1: note: in expansion of macro ‘module_exit’
  755 | module_exit(lbtf_exit_module);
      | ^~~~~~~~~~~
drivers/net/wireless/marvell/libertas_tf/main.c:747:20: note: ‘cleanup_module’ target declared here
  747 | static void __exit lbtf_exit_module(void)
      |                    ^~~~~~~~~~~~~~~~
  CC [M]  drivers/net/wireless/marvell/libertas_tf/cmd.o
  LD [M]  drivers/net/wireless/marvell/libertas_tf/libertas_tf.o
  CC [M]  drivers/net/wireless/marvell/libertas_tf/if_usb.o
In file included from ./include/linux/phy.h:24,
                 from ./include/net/dsa.h:19,
                 from ./include/linux/netdevice.h:44,
                 from ./include/linux/etherdevice.h:26,
                 from ./include/linux/ieee80211.h:22,
                 from ./include/net/mac80211.h:22,
                 from drivers/net/wireless/marvell/libertas_tf/libertas_tf.h:14,
                 from drivers/net/wireless/marvell/libertas_tf/if_usb.c:14:
./include/linux/module.h:138:7: warning: ‘cleanup_module’ specifies less restrictive attribute than its target ‘if_usb_driver_exit’: ‘cold’ [-Wmissing-attributes]
  138 |  void cleanup_module(void) __attribute__((alias(#exitfn)));
      |       ^~~~~~~~~~~~~~
./include/linux/device.h:1360:1: note: in expansion of macro ‘module_exit’
 1360 | module_exit(__driver##_exit);
      | ^~~~~~~~~~~
./include/linux/usb.h:1195:2: note: in expansion of macro ‘module_driver’
 1195 |  module_driver(__usb_driver, usb_register, \
      |  ^~~~~~~~~~~~~
drivers/net/wireless/marvell/libertas_tf/if_usb.c:918:1: note: in expansion of macro ‘module_usb_driver’
  918 | module_usb_driver(if_usb_driver);
      | ^~~~~~~~~~~~~~~~~
In file included from drivers/net/wireless/marvell/libertas_tf/libertas_tf.h:12,
                 from drivers/net/wireless/marvell/libertas_tf/if_usb.c:14:
drivers/net/wireless/marvell/libertas_tf/if_usb.c:918:19: note: ‘cleanup_module’ target declared here
  918 | module_usb_driver(if_usb_driver);
      |                   ^~~~~~~~~~~~~
./include/linux/device.h:1356:20: note: in definition of macro ‘module_driver’
 1356 | static void __exit __driver##_exit(void) \
      |                    ^~~~~~~~
drivers/net/wireless/marvell/libertas_tf/if_usb.c:918:1: note: in expansion of macro ‘module_usb_driver’
  918 | module_usb_driver(if_usb_driver);
      | ^~~~~~~~~~~~~~~~~
In file included from ./include/linux/phy.h:24,
                 from ./include/net/dsa.h:19,
                 from ./include/linux/netdevice.h:44,
                 from ./include/linux/etherdevice.h:26,
                 from ./include/linux/ieee80211.h:22,
                 from ./include/net/mac80211.h:22,
                 from drivers/net/wireless/marvell/libertas_tf/libertas_tf.h:14,
                 from drivers/net/wireless/marvell/libertas_tf/if_usb.c:14:
./include/linux/module.h:132:6: warning: ‘init_module’ specifies less restrictive attribute than its target ‘if_usb_driver_init’: ‘cold’ [-Wmissing-attributes]
  132 |  int init_module(void) __attribute__((alias(#initfn)));
      |      ^~~~~~~~~~~
./include/linux/device.h:1355:1: note: in expansion of macro ‘module_init’
 1355 | module_init(__driver##_init); \
      | ^~~~~~~~~~~
./include/linux/usb.h:1195:2: note: in expansion of macro ‘module_driver’
 1195 |  module_driver(__usb_driver, usb_register, \
      |  ^~~~~~~~~~~~~
drivers/net/wireless/marvell/libertas_tf/if_usb.c:918:1: note: in expansion of macro ‘module_usb_driver’
  918 | module_usb_driver(if_usb_driver);
      | ^~~~~~~~~~~~~~~~~
In file included from drivers/net/wireless/marvell/libertas_tf/libertas_tf.h:12,
                 from drivers/net/wireless/marvell/libertas_tf/if_usb.c:14:
drivers/net/wireless/marvell/libertas_tf/if_usb.c:918:19: note: ‘init_module’ target declared here
  918 | module_usb_driver(if_usb_driver);
      |                   ^~~~~~~~~~~~~
./include/linux/device.h:1351:19: note: in definition of macro ‘module_driver’
 1351 | static int __init __driver##_init(void) \
      |                   ^~~~~~~~
drivers/net/wireless/marvell/libertas_tf/if_usb.c:918:1: note: in expansion of macro ‘module_usb_driver’
  918 | module_usb_driver(if_usb_driver);
      | ^~~~~~~~~~~~~~~~~
  LD [M]  drivers/net/wireless/marvell/libertas_tf/libertas_tf_usb.o
  LD      drivers/net/wireless/marvell/mwifiex/built-in.o
  CC [M]  drivers/net/wireless/marvell/mwifiex/main.o
  CC [M]  drivers/net/wireless/marvell/mwifiex/init.o
  CC [M]  drivers/net/wireless/marvell/mwifiex/cfp.o
  CC [M]  drivers/net/wireless/marvell/mwifiex/cmdevt.o
drivers/net/wireless/marvell/mwifiex/cmdevt.c: In function ‘mwifiex_cmd_enh_power_mode’:
drivers/net/wireless/marvell/mwifiex/cmdevt.c:1332:39: warning: taking address of packed member of ‘struct mwifiex_ie_types_ps_param’ may result in an unaligned pointer value [-Waddress-of-packed-member]
 1332 |    struct mwifiex_ps_param *ps_mode = &ps_tlv->param;
      |                                       ^~~~~~~~~~~~~~
  CC [M]  drivers/net/wireless/marvell/mwifiex/util.o
  CC [M]  drivers/net/wireless/marvell/mwifiex/txrx.o
  CC [M]  drivers/net/wireless/marvell/mwifiex/wmm.o
drivers/net/wireless/marvell/mwifiex/wmm.c: In function ‘mwifiex_ret_wmm_get_status’:
drivers/net/wireless/marvell/mwifiex/wmm.c:943:5: warning: converting a packed ‘struct mwifiex_ie_types_data’ pointer (alignment 1) to a ‘struct mwifiex_ie_types_wmm_queue_status’ pointer (alignment 4) may result in an unaligned pointer value [-Waddress-of-packed-member]
  943 |     tlv_hdr;
      |     ^~~~~~~
In file included from drivers/net/wireless/marvell/mwifiex/wmm.c:23:
drivers/net/wireless/marvell/mwifiex/fw.h:621:8: note: defined here
  621 | struct mwifiex_ie_types_data {
      |        ^~~~~~~~~~~~~~~~~~~~~
drivers/net/wireless/marvell/mwifiex/fw.h:1709:8: note: defined here
 1709 | struct mwifiex_ie_types_wmm_queue_status {
      |        ^~~~~~~~~~~~~~~~~~~~~~~~~~~~~~~~~
  CC [M]  drivers/net/wireless/marvell/mwifiex/11n.o
  CC [M]  drivers/net/wireless/marvell/mwifiex/11ac.o
  CC [M]  drivers/net/wireless/marvell/mwifiex/11n_aggr.o
  CC [M]  drivers/net/wireless/marvell/mwifiex/11n_rxreorder.o
  CC [M]  drivers/net/wireless/marvell/mwifiex/scan.o
drivers/net/wireless/marvell/mwifiex/scan.c: In function ‘mwifiex_scan_channel_list’:
drivers/net/wireless/marvell/mwifiex/scan.c:694:17: warning: taking address of packed member of ‘struct mwifiex_ie_types_header’ may result in an unaligned pointer value [-Waddress-of-packed-member]
  694 |    le16_add_cpu(&chan_tlv_out->header.len,
      |                 ^~~~~~~~~~~~~~~~~~~~~~~~~
drivers/net/wireless/marvell/mwifiex/scan.c: In function ‘mwifiex_cmd_802_11_bg_scan_config’:
drivers/net/wireless/marvell/mwifiex/scan.c:2370:17: warning: taking address of packed member of ‘struct mwifiex_ie_types_header’ may result in an unaligned pointer value [-Waddress-of-packed-member]
 2370 |    le16_add_cpu(&chan_list_tlv->header.len,
      |                 ^~~~~~~~~~~~~~~~~~~~~~~~~~
drivers/net/wireless/marvell/mwifiex/scan.c:2408:16: warning: taking address of packed member of ‘struct mwifiex_ie_types_header’ may result in an unaligned pointer value [-Waddress-of-packed-member]
 2408 |   le16_add_cpu(&chan_list_tlv->header.len,
      |                ^~~~~~~~~~~~~~~~~~~~~~~~~~
drivers/net/wireless/marvell/mwifiex/scan.c:2433:15: warning: taking address of packed member of ‘struct host_cmd_ds_command’ may result in an unaligned pointer value [-Waddress-of-packed-member]
 2433 |  le16_add_cpu(&cmd->size, tlv_pos - bgscan_config->tlv);
      |               ^~~~~~~~~~
  CC [M]  drivers/net/wireless/marvell/mwifiex/join.o
  CC [M]  drivers/net/wireless/marvell/mwifiex/sta_ioctl.o
  CC [M]  drivers/net/wireless/marvell/mwifiex/sta_cmd.o
drivers/net/wireless/marvell/mwifiex/sta_cmd.c: In function ‘mwifiex_cmd_mac_control’:
drivers/net/wireless/marvell/mwifiex/sta_cmd.c:81:45: warning: taking address of packed member of ‘struct host_cmd_ds_command’ may result in an unaligned pointer value [-Waddress-of-packed-member]
   81 |  struct host_cmd_ds_mac_control *mac_ctrl = &cmd->params.mac_ctrl;
      |                                             ^~~~~~~~~~~~~~~~~~~~~
drivers/net/wireless/marvell/mwifiex/sta_cmd.c: In function ‘mwifiex_cmd_802_11_snmp_mib’:
drivers/net/wireless/marvell/mwifiex/sta_cmd.c:129:16: warning: taking address of packed member of ‘struct host_cmd_ds_command’ may result in an unaligned pointer value [-Waddress-of-packed-member]
  129 |   le16_add_cpu(&cmd->size, MAX_SNMP_BUF_SIZE);
      |                ^~~~~~~~~~
drivers/net/wireless/marvell/mwifiex/sta_cmd.c:134:16: warning: taking address of packed member of ‘struct host_cmd_ds_command’ may result in an unaligned pointer value [-Waddress-of-packed-member]
  134 |   le16_add_cpu(&cmd->size, sizeof(u16));
      |                ^~~~~~~~~~
drivers/net/wireless/marvell/mwifiex/sta_cmd.c: In function ‘mwifiex_cmd_rf_antenna’:
drivers/net/wireless/marvell/mwifiex/sta_cmd.c:311:45: warning: taking address of packed member of ‘struct host_cmd_ds_command’ may result in an unaligned pointer value [-Waddress-of-packed-member]
  311 |  struct host_cmd_ds_rf_ant_mimo *ant_mimo = &cmd->params.ant_mimo;
      |                                             ^~~~~~~~~~~~~~~~~~~~~
drivers/net/wireless/marvell/mwifiex/sta_cmd.c:312:45: warning: taking address of packed member of ‘struct host_cmd_ds_command’ may result in an unaligned pointer value [-Waddress-of-packed-member]
  312 |  struct host_cmd_ds_rf_ant_siso *ant_siso = &cmd->params.ant_siso;
      |                                             ^~~~~~~~~~~~~~~~~~~~~
drivers/net/wireless/marvell/mwifiex/sta_cmd.c: In function ‘mwifiex_cmd_mem_access’:
drivers/net/wireless/marvell/mwifiex/sta_cmd.c:1108:54: warning: taking address of packed member of ‘struct host_cmd_ds_command’ may result in an unaligned pointer value [-Waddress-of-packed-member]
 1108 |  struct host_cmd_ds_mem_access *mem_access = (void *)&cmd->params.mem;
      |                                                      ^~~~~~~~~~~~~~~~
drivers/net/wireless/marvell/mwifiex/sta_cmd.c: In function ‘mwifiex_cmd_802_11_subsc_evt’:
drivers/net/wireless/marvell/mwifiex/sta_cmd.c:1343:16: warning: taking address of packed member of ‘struct host_cmd_ds_command’ may result in an unaligned pointer value [-Waddress-of-packed-member]
 1343 |   le16_add_cpu(&cmd->size,
      |                ^~~~~~~~~~
drivers/net/wireless/marvell/mwifiex/sta_cmd.c:1364:16: warning: taking address of packed member of ‘struct host_cmd_ds_command’ may result in an unaligned pointer value [-Waddress-of-packed-member]
 1364 |   le16_add_cpu(&cmd->size,
      |                ^~~~~~~~~~
drivers/net/wireless/marvell/mwifiex/sta_cmd.c: In function ‘mwifiex_cmd_coalesce_cfg’:
drivers/net/wireless/marvell/mwifiex/sta_cmd.c:1645:11: warning: taking address of packed member of ‘struct coalesce_receive_filt_rule’ may result in an unaligned pointer value [-Waddress-of-packed-member]
 1645 |   param = rule->params;
      |           ^~~~
drivers/net/wireless/marvell/mwifiex/sta_cmd.c:1669:16: warning: taking address of packed member of ‘struct host_cmd_ds_command’ may result in an unaligned pointer value [-Waddress-of-packed-member]
 1669 |   le16_add_cpu(&cmd->size, le16_to_cpu(rule->header.len) +
      |                ^~~~~~~~~~
drivers/net/wireless/marvell/mwifiex/sta_cmd.c:1676:15: warning: taking address of packed member of ‘struct host_cmd_ds_command’ may result in an unaligned pointer value [-Waddress-of-packed-member]
 1676 |  le16_add_cpu(&cmd->size, sizeof(u16) + sizeof(u16));
      |               ^~~~~~~~~~
drivers/net/wireless/marvell/mwifiex/sta_cmd.c: In function ‘mwifiex_cmd_tdls_config’:
drivers/net/wireless/marvell/mwifiex/sta_cmd.c:1694:15: warning: taking address of packed member of ‘struct host_cmd_ds_command’ may result in an unaligned pointer value [-Waddress-of-packed-member]
 1694 |  le16_add_cpu(&cmd->size, sizeof(tdls_config->tdls_action));
      |               ^~~~~~~~~~
drivers/net/wireless/marvell/mwifiex/sta_cmd.c:1721:15: warning: taking address of packed member of ‘struct host_cmd_ds_command’ may result in an unaligned pointer value [-Waddress-of-packed-member]
 1721 |  le16_add_cpu(&cmd->size, len);
      |               ^~~~~~~~~~
drivers/net/wireless/marvell/mwifiex/sta_cmd.c: In function ‘mwifiex_cmd_tdls_oper’:
drivers/net/wireless/marvell/mwifiex/sta_cmd.c:1746:15: warning: taking address of packed member of ‘struct host_cmd_ds_command’ may result in an unaligned pointer value [-Waddress-of-packed-member]
 1746 |  le16_add_cpu(&cmd->size, sizeof(struct host_cmd_ds_tdls_oper));
      |               ^~~~~~~~~~
drivers/net/wireless/marvell/mwifiex/sta_cmd.c:1849:15: warning: taking address of packed member of ‘struct host_cmd_ds_command’ may result in an unaligned pointer value [-Waddress-of-packed-member]
 1849 |  le16_add_cpu(&cmd->size, config_len);
      |               ^~~~~~~~~~
  CC [M]  drivers/net/wireless/marvell/mwifiex/uap_cmd.o
drivers/net/wireless/marvell/mwifiex/uap_cmd.c: In function ‘mwifiex_cmd_uap_sys_config’:
drivers/net/wireless/marvell/mwifiex/uap_cmd.c:726:12: warning: taking address of packed member of ‘struct host_cmd_ds_command’ may result in an unaligned pointer value [-Waddress-of-packed-member]
  726 |  sys_cfg = (struct host_cmd_ds_sys_config *)&cmd->params.uap_sys_config;
      |            ^~~~~~~~~~~~~~~~~~~~~~~~~~~~~~~~~~~~~~~~~~~~~~~~~~~~~~~~~~~~
  CC [M]  drivers/net/wireless/marvell/mwifiex/ie.o
drivers/net/wireless/marvell/mwifiex/ie.c: In function ‘mwifiex_update_autoindex_ies’:
drivers/net/wireless/marvell/mwifiex/ie.c:134:16: warning: taking address of packed member of ‘struct mwifiex_ie_list’ may result in an unaligned pointer value [-Waddress-of-packed-member]
  134 |   le16_add_cpu(&ie_list->len,
      |                ^~~~~~~~~~~~~
drivers/net/wireless/marvell/mwifiex/ie.c: In function ‘mwifiex_update_uap_custom_ie’:
drivers/net/wireless/marvell/mwifiex/ie.c:175:16: warning: taking address of packed member of ‘struct mwifiex_ie_list’ may result in an unaligned pointer value [-Waddress-of-packed-member]
  175 |   le16_add_cpu(&ap_custom_ie->len, len);
      |                ^~~~~~~~~~~~~~~~~~
drivers/net/wireless/marvell/mwifiex/ie.c:182:16: warning: taking address of packed member of ‘struct mwifiex_ie_list’ may result in an unaligned pointer value [-Waddress-of-packed-member]
  182 |   le16_add_cpu(&ap_custom_ie->len, len);
      |                ^~~~~~~~~~~~~~~~~~
drivers/net/wireless/marvell/mwifiex/ie.c:189:16: warning: taking address of packed member of ‘struct mwifiex_ie_list’ may result in an unaligned pointer value [-Waddress-of-packed-member]
  189 |   le16_add_cpu(&ap_custom_ie->len, len);
      |                ^~~~~~~~~~~~~~~~~~
drivers/net/wireless/marvell/mwifiex/ie.c: In function ‘mwifiex_update_vs_ie’:
drivers/net/wireless/marvell/mwifiex/ie.c:245:16: warning: taking address of packed member of ‘struct mwifiex_ie’ may result in an unaligned pointer value [-Waddress-of-packed-member]
  245 |   le16_add_cpu(&ie->ie_length, vs_ie->len + 2);
      |                ^~~~~~~~~~~~~~
  CC [M]  drivers/net/wireless/marvell/mwifiex/sta_cmdresp.o
drivers/net/wireless/marvell/mwifiex/sta_cmdresp.c: In function ‘mwifiex_ret_802_11_rssi_info’:
drivers/net/wireless/marvell/mwifiex/sta_cmdresp.c:116:7: warning: taking address of packed member of ‘struct host_cmd_ds_command’ may result in an unaligned pointer value [-Waddress-of-packed-member]
  116 |       &resp->params.rssi_info_rsp;
      |       ^~~~~~~~~~~~~~~~~~~~~~~~~~~
drivers/net/wireless/marvell/mwifiex/sta_cmdresp.c: In function ‘mwifiex_ret_get_log’:
drivers/net/wireless/marvell/mwifiex/sta_cmdresp.c:228:3: warning: taking address of packed member of ‘struct host_cmd_ds_command’ may result in an unaligned pointer value [-Waddress-of-packed-member]
  228 |   &resp->params.get_log;
      |   ^~~~~~~~~~~~~~~~~~~~~
drivers/net/wireless/marvell/mwifiex/sta_cmdresp.c: In function ‘mwifiex_ret_rf_antenna’:
drivers/net/wireless/marvell/mwifiex/sta_cmdresp.c:468:45: warning: taking address of packed member of ‘struct host_cmd_ds_command’ may result in an unaligned pointer value [-Waddress-of-packed-member]
  468 |  struct host_cmd_ds_rf_ant_mimo *ant_mimo = &resp->params.ant_mimo;
      |                                             ^~~~~~~~~~~~~~~~~~~~~~
drivers/net/wireless/marvell/mwifiex/sta_cmdresp.c:469:45: warning: taking address of packed member of ‘struct host_cmd_ds_command’ may result in an unaligned pointer value [-Waddress-of-packed-member]
  469 |  struct host_cmd_ds_rf_ant_siso *ant_siso = &resp->params.ant_siso;
      |                                             ^~~~~~~~~~~~~~~~~~~~~~
drivers/net/wireless/marvell/mwifiex/sta_cmdresp.c: In function ‘mwifiex_ret_802_11_mac_address’:
drivers/net/wireless/marvell/mwifiex/sta_cmdresp.c:502:8: warning: taking address of packed member of ‘struct host_cmd_ds_command’ may result in an unaligned pointer value [-Waddress-of-packed-member]
  502 |        &resp->params.mac_addr;
      |        ^~~~~~~~~~~~~~~~~~~~~~
drivers/net/wireless/marvell/mwifiex/sta_cmdresp.c: In function ‘mwifiex_ret_mem_access’:
drivers/net/wireless/marvell/mwifiex/sta_cmdresp.c:755:47: warning: taking address of packed member of ‘struct host_cmd_ds_command’ may result in an unaligned pointer value [-Waddress-of-packed-member]
  755 |  struct host_cmd_ds_mem_access *mem = (void *)&resp->params.mem;
      |                                               ^~~~~~~~~~~~~~~~~
  CC [M]  drivers/net/wireless/marvell/mwifiex/sta_event.o
  CC [M]  drivers/net/wireless/marvell/mwifiex/uap_event.o
  CC [M]  drivers/net/wireless/marvell/mwifiex/sta_tx.o
  CC [M]  drivers/net/wireless/marvell/mwifiex/sta_rx.o
  CC [M]  drivers/net/wireless/marvell/mwifiex/uap_txrx.o
  CC [M]  drivers/net/wireless/marvell/mwifiex/cfg80211.o
  CC [M]  drivers/net/wireless/marvell/mwifiex/ethtool.o
  CC [M]  drivers/net/wireless/marvell/mwifiex/11h.o
drivers/net/wireless/marvell/mwifiex/11h.c: In function ‘mwifiex_cmd_issue_chan_report_request’:
drivers/net/wireless/marvell/mwifiex/11h.c:156:15: warning: taking address of packed member of ‘struct host_cmd_ds_command’ may result in an unaligned pointer value [-Waddress-of-packed-member]
  156 |  le16_add_cpu(&cmd->size, sizeof(struct host_cmd_ds_chan_rpt_req));
      |               ^~~~~~~~~~
  CC [M]  drivers/net/wireless/marvell/mwifiex/tdls.o
  CC [M]  drivers/net/wireless/marvell/mwifiex/debugfs.o
  LD [M]  drivers/net/wireless/marvell/mwifiex/mwifiex.o
  CC [M]  drivers/net/wireless/marvell/mwifiex/sdio.o
  LD [M]  drivers/net/wireless/marvell/mwifiex/mwifiex_sdio.o
  LD      drivers/net/wireless/mediatek/built-in.o
  LD      drivers/net/wireless/mediatek/mt7601u/built-in.o
  CC [M]  drivers/net/wireless/mediatek/mt7601u/usb.o
In file included from drivers/net/wireless/mediatek/mt7601u/usb.c:15:
./include/linux/module.h:138:7: warning: ‘cleanup_module’ specifies less restrictive attribute than its target ‘mt7601u_driver_exit’: ‘cold’ [-Wmissing-attributes]
  138 |  void cleanup_module(void) __attribute__((alias(#exitfn)));
      |       ^~~~~~~~~~~~~~
./include/linux/device.h:1360:1: note: in expansion of macro ‘module_exit’
 1360 | module_exit(__driver##_exit);
      | ^~~~~~~~~~~
./include/linux/usb.h:1195:2: note: in expansion of macro ‘module_driver’
 1195 |  module_driver(__usb_driver, usb_register, \
      |  ^~~~~~~~~~~~~
drivers/net/wireless/mediatek/mt7601u/usb.c:362:1: note: in expansion of macro ‘module_usb_driver’
  362 | module_usb_driver(mt7601u_driver);
      | ^~~~~~~~~~~~~~~~~
In file included from ./include/linux/usb/ch9.h:35,
                 from ./include/linux/usb.h:5,
                 from drivers/net/wireless/mediatek/mt7601u/usb.c:16:
drivers/net/wireless/mediatek/mt7601u/usb.c:362:19: note: ‘cleanup_module’ target declared here
  362 | module_usb_driver(mt7601u_driver);
      |                   ^~~~~~~~~~~~~~
./include/linux/device.h:1356:20: note: in definition of macro ‘module_driver’
 1356 | static void __exit __driver##_exit(void) \
      |                    ^~~~~~~~
drivers/net/wireless/mediatek/mt7601u/usb.c:362:1: note: in expansion of macro ‘module_usb_driver’
  362 | module_usb_driver(mt7601u_driver);
      | ^~~~~~~~~~~~~~~~~
In file included from drivers/net/wireless/mediatek/mt7601u/usb.c:15:
./include/linux/module.h:132:6: warning: ‘init_module’ specifies less restrictive attribute than its target ‘mt7601u_driver_init’: ‘cold’ [-Wmissing-attributes]
  132 |  int init_module(void) __attribute__((alias(#initfn)));
      |      ^~~~~~~~~~~
./include/linux/device.h:1355:1: note: in expansion of macro ‘module_init’
 1355 | module_init(__driver##_init); \
      | ^~~~~~~~~~~
./include/linux/usb.h:1195:2: note: in expansion of macro ‘module_driver’
 1195 |  module_driver(__usb_driver, usb_register, \
      |  ^~~~~~~~~~~~~
drivers/net/wireless/mediatek/mt7601u/usb.c:362:1: note: in expansion of macro ‘module_usb_driver’
  362 | module_usb_driver(mt7601u_driver);
      | ^~~~~~~~~~~~~~~~~
In file included from ./include/linux/usb/ch9.h:35,
                 from ./include/linux/usb.h:5,
                 from drivers/net/wireless/mediatek/mt7601u/usb.c:16:
drivers/net/wireless/mediatek/mt7601u/usb.c:362:19: note: ‘init_module’ target declared here
  362 | module_usb_driver(mt7601u_driver);
      |                   ^~~~~~~~~~~~~~
./include/linux/device.h:1351:19: note: in definition of macro ‘module_driver’
 1351 | static int __init __driver##_init(void) \
      |                   ^~~~~~~~
drivers/net/wireless/mediatek/mt7601u/usb.c:362:1: note: in expansion of macro ‘module_usb_driver’
  362 | module_usb_driver(mt7601u_driver);
      | ^~~~~~~~~~~~~~~~~
  CC [M]  drivers/net/wireless/mediatek/mt7601u/init.o
  CC [M]  drivers/net/wireless/mediatek/mt7601u/main.o
  CC [M]  drivers/net/wireless/mediatek/mt7601u/mcu.o
  CC [M]  drivers/net/wireless/mediatek/mt7601u/trace.o
  CC [M]  drivers/net/wireless/mediatek/mt7601u/dma.o
  CC [M]  drivers/net/wireless/mediatek/mt7601u/core.o
  CC [M]  drivers/net/wireless/mediatek/mt7601u/eeprom.o
  CC [M]  drivers/net/wireless/mediatek/mt7601u/phy.o
  CC [M]  drivers/net/wireless/mediatek/mt7601u/mac.o
  CC [M]  drivers/net/wireless/mediatek/mt7601u/util.o
  CC [M]  drivers/net/wireless/mediatek/mt7601u/debugfs.o
  CC [M]  drivers/net/wireless/mediatek/mt7601u/tx.o
  LD [M]  drivers/net/wireless/mediatek/mt7601u/mt7601u.o
  LD      drivers/net/wireless/ralink/built-in.o
  LD      drivers/net/wireless/ralink/rt2x00/built-in.o
  CC [M]  drivers/net/wireless/ralink/rt2x00/rt2x00dev.o
  CC [M]  drivers/net/wireless/ralink/rt2x00/rt2x00mac.o
  CC [M]  drivers/net/wireless/ralink/rt2x00/rt2x00config.o
  CC [M]  drivers/net/wireless/ralink/rt2x00/rt2x00queue.o
  CC [M]  drivers/net/wireless/ralink/rt2x00/rt2x00link.o
  CC [M]  drivers/net/wireless/ralink/rt2x00/rt2x00crypto.o
  CC [M]  drivers/net/wireless/ralink/rt2x00/rt2x00firmware.o
  CC [M]  drivers/net/wireless/ralink/rt2x00/rt2x00leds.o
  LD [M]  drivers/net/wireless/ralink/rt2x00/rt2x00lib.o
  CC [M]  drivers/net/wireless/ralink/rt2x00/rt2x00usb.o
  CC [M]  drivers/net/wireless/ralink/rt2x00/rt2800lib.o
  CC [M]  drivers/net/wireless/ralink/rt2x00/rt2500usb.o
In file included from ./include/linux/phy.h:24,
                 from ./include/net/dsa.h:19,
                 from ./include/linux/netdevice.h:44,
                 from ./include/linux/etherdevice.h:26,
                 from drivers/net/wireless/ralink/rt2x00/rt2500usb.c:26:
./include/linux/module.h:138:7: warning: ‘cleanup_module’ specifies less restrictive attribute than its target ‘rt2500usb_driver_exit’: ‘cold’ [-Wmissing-attributes]
  138 |  void cleanup_module(void) __attribute__((alias(#exitfn)));
      |       ^~~~~~~~~~~~~~
./include/linux/device.h:1360:1: note: in expansion of macro ‘module_exit’
 1360 | module_exit(__driver##_exit);
      | ^~~~~~~~~~~
./include/linux/usb.h:1195:2: note: in expansion of macro ‘module_driver’
 1195 |  module_driver(__usb_driver, usb_register, \
      |  ^~~~~~~~~~~~~
drivers/net/wireless/ralink/rt2x00/rt2500usb.c:2006:1: note: in expansion of macro ‘module_usb_driver’
 2006 | module_usb_driver(rt2500usb_driver);
      | ^~~~~~~~~~~~~~~~~
In file included from ./include/linux/dma-mapping.h:6,
                 from ./include/linux/skbuff.h:34,
                 from ./include/linux/if_ether.h:23,
                 from ./include/linux/etherdevice.h:25,
                 from drivers/net/wireless/ralink/rt2x00/rt2500usb.c:26:
drivers/net/wireless/ralink/rt2x00/rt2500usb.c:2006:19: note: ‘cleanup_module’ target declared here
 2006 | module_usb_driver(rt2500usb_driver);
      |                   ^~~~~~~~~~~~~~~~
./include/linux/device.h:1356:20: note: in definition of macro ‘module_driver’
 1356 | static void __exit __driver##_exit(void) \
      |                    ^~~~~~~~
drivers/net/wireless/ralink/rt2x00/rt2500usb.c:2006:1: note: in expansion of macro ‘module_usb_driver’
 2006 | module_usb_driver(rt2500usb_driver);
      | ^~~~~~~~~~~~~~~~~
In file included from ./include/linux/phy.h:24,
                 from ./include/net/dsa.h:19,
                 from ./include/linux/netdevice.h:44,
                 from ./include/linux/etherdevice.h:26,
                 from drivers/net/wireless/ralink/rt2x00/rt2500usb.c:26:
./include/linux/module.h:132:6: warning: ‘init_module’ specifies less restrictive attribute than its target ‘rt2500usb_driver_init’: ‘cold’ [-Wmissing-attributes]
  132 |  int init_module(void) __attribute__((alias(#initfn)));
      |      ^~~~~~~~~~~
./include/linux/device.h:1355:1: note: in expansion of macro ‘module_init’
 1355 | module_init(__driver##_init); \
      | ^~~~~~~~~~~
./include/linux/usb.h:1195:2: note: in expansion of macro ‘module_driver’
 1195 |  module_driver(__usb_driver, usb_register, \
      |  ^~~~~~~~~~~~~
drivers/net/wireless/ralink/rt2x00/rt2500usb.c:2006:1: note: in expansion of macro ‘module_usb_driver’
 2006 | module_usb_driver(rt2500usb_driver);
      | ^~~~~~~~~~~~~~~~~
In file included from ./include/linux/dma-mapping.h:6,
                 from ./include/linux/skbuff.h:34,
                 from ./include/linux/if_ether.h:23,
                 from ./include/linux/etherdevice.h:25,
                 from drivers/net/wireless/ralink/rt2x00/rt2500usb.c:26:
drivers/net/wireless/ralink/rt2x00/rt2500usb.c:2006:19: note: ‘init_module’ target declared here
 2006 | module_usb_driver(rt2500usb_driver);
      |                   ^~~~~~~~~~~~~~~~
./include/linux/device.h:1351:19: note: in definition of macro ‘module_driver’
 1351 | static int __init __driver##_init(void) \
      |                   ^~~~~~~~
drivers/net/wireless/ralink/rt2x00/rt2500usb.c:2006:1: note: in expansion of macro ‘module_usb_driver’
 2006 | module_usb_driver(rt2500usb_driver);
      | ^~~~~~~~~~~~~~~~~
  CC [M]  drivers/net/wireless/ralink/rt2x00/rt73usb.o
In file included from ./include/linux/phy.h:24,
                 from ./include/net/dsa.h:19,
                 from ./include/linux/netdevice.h:44,
                 from ./include/linux/etherdevice.h:26,
                 from drivers/net/wireless/ralink/rt2x00/rt73usb.c:27:
./include/linux/module.h:138:7: warning: ‘cleanup_module’ specifies less restrictive attribute than its target ‘rt73usb_driver_exit’: ‘cold’ [-Wmissing-attributes]
  138 |  void cleanup_module(void) __attribute__((alias(#exitfn)));
      |       ^~~~~~~~~~~~~~
./include/linux/device.h:1360:1: note: in expansion of macro ‘module_exit’
 1360 | module_exit(__driver##_exit);
      | ^~~~~~~~~~~
./include/linux/usb.h:1195:2: note: in expansion of macro ‘module_driver’
 1195 |  module_driver(__usb_driver, usb_register, \
      |  ^~~~~~~~~~~~~
drivers/net/wireless/ralink/rt2x00/rt73usb.c:2550:1: note: in expansion of macro ‘module_usb_driver’
 2550 | module_usb_driver(rt73usb_driver);
      | ^~~~~~~~~~~~~~~~~
In file included from ./include/linux/dma-mapping.h:6,
                 from ./include/linux/skbuff.h:34,
                 from ./include/linux/if_ether.h:23,
                 from ./include/linux/etherdevice.h:25,
                 from drivers/net/wireless/ralink/rt2x00/rt73usb.c:27:
drivers/net/wireless/ralink/rt2x00/rt73usb.c:2550:19: note: ‘cleanup_module’ target declared here
 2550 | module_usb_driver(rt73usb_driver);
      |                   ^~~~~~~~~~~~~~
./include/linux/device.h:1356:20: note: in definition of macro ‘module_driver’
 1356 | static void __exit __driver##_exit(void) \
      |                    ^~~~~~~~
drivers/net/wireless/ralink/rt2x00/rt73usb.c:2550:1: note: in expansion of macro ‘module_usb_driver’
 2550 | module_usb_driver(rt73usb_driver);
      | ^~~~~~~~~~~~~~~~~
In file included from ./include/linux/phy.h:24,
                 from ./include/net/dsa.h:19,
                 from ./include/linux/netdevice.h:44,
                 from ./include/linux/etherdevice.h:26,
                 from drivers/net/wireless/ralink/rt2x00/rt73usb.c:27:
./include/linux/module.h:132:6: warning: ‘init_module’ specifies less restrictive attribute than its target ‘rt73usb_driver_init’: ‘cold’ [-Wmissing-attributes]
  132 |  int init_module(void) __attribute__((alias(#initfn)));
      |      ^~~~~~~~~~~
./include/linux/device.h:1355:1: note: in expansion of macro ‘module_init’
 1355 | module_init(__driver##_init); \
      | ^~~~~~~~~~~
./include/linux/usb.h:1195:2: note: in expansion of macro ‘module_driver’
 1195 |  module_driver(__usb_driver, usb_register, \
      |  ^~~~~~~~~~~~~
drivers/net/wireless/ralink/rt2x00/rt73usb.c:2550:1: note: in expansion of macro ‘module_usb_driver’
 2550 | module_usb_driver(rt73usb_driver);
      | ^~~~~~~~~~~~~~~~~
In file included from ./include/linux/dma-mapping.h:6,
                 from ./include/linux/skbuff.h:34,
                 from ./include/linux/if_ether.h:23,
                 from ./include/linux/etherdevice.h:25,
                 from drivers/net/wireless/ralink/rt2x00/rt73usb.c:27:
drivers/net/wireless/ralink/rt2x00/rt73usb.c:2550:19: note: ‘init_module’ target declared here
 2550 | module_usb_driver(rt73usb_driver);
      |                   ^~~~~~~~~~~~~~
./include/linux/device.h:1351:19: note: in definition of macro ‘module_driver’
 1351 | static int __init __driver##_init(void) \
      |                   ^~~~~~~~
drivers/net/wireless/ralink/rt2x00/rt73usb.c:2550:1: note: in expansion of macro ‘module_usb_driver’
 2550 | module_usb_driver(rt73usb_driver);
      | ^~~~~~~~~~~~~~~~~
  CC [M]  drivers/net/wireless/ralink/rt2x00/rt2800usb.o
In file included from ./include/linux/phy.h:24,
                 from ./include/net/dsa.h:19,
                 from ./include/linux/netdevice.h:44,
                 from ./include/linux/etherdevice.h:26,
                 from drivers/net/wireless/ralink/rt2x00/rt2800usb.c:31:
./include/linux/module.h:138:7: warning: ‘cleanup_module’ specifies less restrictive attribute than its target ‘rt2800usb_driver_exit’: ‘cold’ [-Wmissing-attributes]
  138 |  void cleanup_module(void) __attribute__((alias(#exitfn)));
      |       ^~~~~~~~~~~~~~
./include/linux/device.h:1360:1: note: in expansion of macro ‘module_exit’
 1360 | module_exit(__driver##_exit);
      | ^~~~~~~~~~~
./include/linux/usb.h:1195:2: note: in expansion of macro ‘module_driver’
 1195 |  module_driver(__usb_driver, usb_register, \
      |  ^~~~~~~~~~~~~
drivers/net/wireless/ralink/rt2x00/rt2800usb.c:1462:1: note: in expansion of macro ‘module_usb_driver’
 1462 | module_usb_driver(rt2800usb_driver);
      | ^~~~~~~~~~~~~~~~~
In file included from ./include/linux/dma-mapping.h:6,
                 from ./include/linux/skbuff.h:34,
                 from ./include/linux/if_ether.h:23,
                 from ./include/linux/etherdevice.h:25,
                 from drivers/net/wireless/ralink/rt2x00/rt2800usb.c:31:
drivers/net/wireless/ralink/rt2x00/rt2800usb.c:1462:19: note: ‘cleanup_module’ target declared here
 1462 | module_usb_driver(rt2800usb_driver);
      |                   ^~~~~~~~~~~~~~~~
./include/linux/device.h:1356:20: note: in definition of macro ‘module_driver’
 1356 | static void __exit __driver##_exit(void) \
      |                    ^~~~~~~~
drivers/net/wireless/ralink/rt2x00/rt2800usb.c:1462:1: note: in expansion of macro ‘module_usb_driver’
 1462 | module_usb_driver(rt2800usb_driver);
      | ^~~~~~~~~~~~~~~~~
In file included from ./include/linux/phy.h:24,
                 from ./include/net/dsa.h:19,
                 from ./include/linux/netdevice.h:44,
                 from ./include/linux/etherdevice.h:26,
                 from drivers/net/wireless/ralink/rt2x00/rt2800usb.c:31:
./include/linux/module.h:132:6: warning: ‘init_module’ specifies less restrictive attribute than its target ‘rt2800usb_driver_init’: ‘cold’ [-Wmissing-attributes]
  132 |  int init_module(void) __attribute__((alias(#initfn)));
      |      ^~~~~~~~~~~
./include/linux/device.h:1355:1: note: in expansion of macro ‘module_init’
 1355 | module_init(__driver##_init); \
      | ^~~~~~~~~~~
./include/linux/usb.h:1195:2: note: in expansion of macro ‘module_driver’
 1195 |  module_driver(__usb_driver, usb_register, \
      |  ^~~~~~~~~~~~~
drivers/net/wireless/ralink/rt2x00/rt2800usb.c:1462:1: note: in expansion of macro ‘module_usb_driver’
 1462 | module_usb_driver(rt2800usb_driver);
      | ^~~~~~~~~~~~~~~~~
In file included from ./include/linux/dma-mapping.h:6,
                 from ./include/linux/skbuff.h:34,
                 from ./include/linux/if_ether.h:23,
                 from ./include/linux/etherdevice.h:25,
                 from drivers/net/wireless/ralink/rt2x00/rt2800usb.c:31:
drivers/net/wireless/ralink/rt2x00/rt2800usb.c:1462:19: note: ‘init_module’ target declared here
 1462 | module_usb_driver(rt2800usb_driver);
      |                   ^~~~~~~~~~~~~~~~
./include/linux/device.h:1351:19: note: in definition of macro ‘module_driver’
 1351 | static int __init __driver##_init(void) \
      |                   ^~~~~~~~
drivers/net/wireless/ralink/rt2x00/rt2800usb.c:1462:1: note: in expansion of macro ‘module_usb_driver’
 1462 | module_usb_driver(rt2800usb_driver);
      | ^~~~~~~~~~~~~~~~~
  LD      drivers/net/wireless/realtek/built-in.o
  LD      drivers/net/wireless/realtek/rtl818x/built-in.o
  LD      drivers/net/wireless/realtek/rtl818x/rtl8187/built-in.o
  CC [M]  drivers/net/wireless/realtek/rtl818x/rtl8187/dev.o
drivers/net/wireless/realtek/rtl818x/rtl8187/dev.c: In function ‘rtl8187_set_anaparam’:
drivers/net/wireless/realtek/rtl818x/rtl8187/dev.c:601:26: warning: taking address of packed member of ‘struct rtl818x_csr’ may result in an unaligned pointer value [-Waddress-of-packed-member]
  601 |  rtl818x_iowrite32(priv, &priv->map->ANAPARAM, anaparam);
      |                          ^~~~~~~~~~~~~~~~~~~~
drivers/net/wireless/realtek/rtl818x/rtl8187/dev.c:602:26: warning: taking address of packed member of ‘struct rtl818x_csr’ may result in an unaligned pointer value [-Waddress-of-packed-member]
  602 |  rtl818x_iowrite32(priv, &priv->map->ANAPARAM2, anaparam2);
      |                          ^~~~~~~~~~~~~~~~~~~~~
drivers/net/wireless/realtek/rtl818x/rtl8187/dev.c: In function ‘rtl8187_init_hw’:
drivers/net/wireless/realtek/rtl818x/rtl8187/dev.c:663:26: warning: taking address of packed member of ‘struct <anonymous>’ may result in an unaligned pointer value [-Waddress-of-packed-member]
  663 |  rtl818x_iowrite16(priv, &priv->map->INT_MASK, 0);
      |                          ^~~~~~~~~~~~~~~~~~~~
drivers/net/wireless/realtek/rtl818x/rtl8187/dev.c:678:26: warning: taking address of packed member of ‘struct rtl818x_csr’ may result in an unaligned pointer value [-Waddress-of-packed-member]
  678 |  rtl818x_iowrite16(priv, &priv->map->RFPinsSelect, 0);
      |                          ^~~~~~~~~~~~~~~~~~~~~~~~
drivers/net/wireless/realtek/rtl818x/rtl8187/dev.c:681:26: warning: taking address of packed member of ‘struct rtl818x_csr’ may result in an unaligned pointer value [-Waddress-of-packed-member]
  681 |  rtl818x_iowrite16(priv, &priv->map->RFPinsSelect, (4 << 8));
      |                          ^~~~~~~~~~~~~~~~~~~~~~~~
drivers/net/wireless/realtek/rtl818x/rtl8187/dev.c:695:26: warning: taking address of packed member of ‘struct rtl818x_csr’ may result in an unaligned pointer value [-Waddress-of-packed-member]
  695 |  rtl818x_iowrite32(priv, &priv->map->INT_TIMEOUT, 0);
      |                          ^~~~~~~~~~~~~~~~~~~~~~~
drivers/net/wireless/realtek/rtl818x/rtl8187/dev.c:701:26: warning: taking address of packed member of ‘union <anonymous>’ may result in an unaligned pointer value [-Waddress-of-packed-member]
  701 |  rtl818x_iowrite16(priv, &priv->map->BRSR, 0x01F3);
      |                          ^~~~~~~~~~~~~~~~
drivers/net/wireless/realtek/rtl818x/rtl8187/dev.c:704:26: warning: taking address of packed member of ‘struct rtl818x_csr’ may result in an unaligned pointer value [-Waddress-of-packed-member]
  704 |  rtl818x_iowrite16(priv, &priv->map->RFPinsSelect, 0);
      |                          ^~~~~~~~~~~~~~~~~~~~~~~~
drivers/net/wireless/realtek/rtl818x/rtl8187/dev.c:708:26: warning: taking address of packed member of ‘struct rtl818x_csr’ may result in an unaligned pointer value [-Waddress-of-packed-member]
  708 |  rtl818x_iowrite16(priv, &priv->map->RFPinsSelect, (4 << 8));
      |                          ^~~~~~~~~~~~~~~~~~~~~~~~
drivers/net/wireless/realtek/rtl818x/rtl8187/dev.c:711:26: warning: taking address of packed member of ‘struct rtl818x_csr’ may result in an unaligned pointer value [-Waddress-of-packed-member]
  711 |  rtl818x_iowrite16(priv, &priv->map->RFPinsOutput, 0x80);
      |                          ^~~~~~~~~~~~~~~~~~~~~~~~
drivers/net/wireless/realtek/rtl818x/rtl8187/dev.c:712:26: warning: taking address of packed member of ‘struct rtl818x_csr’ may result in an unaligned pointer value [-Waddress-of-packed-member]
  712 |  rtl818x_iowrite16(priv, &priv->map->RFPinsSelect, 0x80);
      |                          ^~~~~~~~~~~~~~~~~~~~~~~~
drivers/net/wireless/realtek/rtl818x/rtl8187/dev.c:713:26: warning: taking address of packed member of ‘struct rtl818x_csr’ may result in an unaligned pointer value [-Waddress-of-packed-member]
  713 |  rtl818x_iowrite16(priv, &priv->map->RFPinsEnable, 0x80);
      |                          ^~~~~~~~~~~~~~~~~~~~~~~~
drivers/net/wireless/realtek/rtl818x/rtl8187/dev.c:716:26: warning: taking address of packed member of ‘struct rtl818x_csr’ may result in an unaligned pointer value [-Waddress-of-packed-member]
  716 |  rtl818x_iowrite32(priv, &priv->map->RF_TIMING, 0x000a8008);
      |                          ^~~~~~~~~~~~~~~~~~~~~
drivers/net/wireless/realtek/rtl818x/rtl8187/dev.c:717:26: warning: taking address of packed member of ‘union <anonymous>’ may result in an unaligned pointer value [-Waddress-of-packed-member]
  717 |  rtl818x_iowrite16(priv, &priv->map->BRSR, 0xFFFF);
      |                          ^~~~~~~~~~~~~~~~
drivers/net/wireless/realtek/rtl818x/rtl8187/dev.c:718:26: warning: taking address of packed member of ‘struct rtl818x_csr’ may result in an unaligned pointer value [-Waddress-of-packed-member]
  718 |  rtl818x_iowrite32(priv, &priv->map->RF_PARA, 0x00100044);
      |                          ^~~~~~~~~~~~~~~~~~~
drivers/net/wireless/realtek/rtl818x/rtl8187/dev.c:724:26: warning: taking address of packed member of ‘struct rtl818x_csr’ may result in an unaligned pointer value [-Waddress-of-packed-member]
  724 |  rtl818x_iowrite16(priv, &priv->map->RFPinsEnable, 0x1FF7);
      |                          ^~~~~~~~~~~~~~~~~~~~~~~~
drivers/net/wireless/realtek/rtl818x/rtl8187/dev.c:729:26: warning: taking address of packed member of ‘union <anonymous>’ may result in an unaligned pointer value [-Waddress-of-packed-member]
  729 |  rtl818x_iowrite16(priv, &priv->map->BRSR, 0x01F3);
      |                          ^~~~~~~~~~~~~~~~
drivers/net/wireless/realtek/rtl818x/rtl8187/dev.c: In function ‘rtl8187b_init_hw’:
drivers/net/wireless/realtek/rtl818x/rtl8187/dev.c:822:26: warning: taking address of packed member of ‘struct rtl818x_csr’ may result in an unaligned pointer value [-Waddress-of-packed-member]
  822 |  rtl818x_iowrite16(priv, &priv->map->TID_AC_MAP, 0xFA50);
      |                          ^~~~~~~~~~~~~~~~~~~~~~
drivers/net/wireless/realtek/rtl818x/rtl8187/dev.c:823:26: warning: taking address of packed member of ‘struct rtl818x_csr’ may result in an unaligned pointer value [-Waddress-of-packed-member]
  823 |  rtl818x_iowrite16(priv, &priv->map->INT_MIG, 0);
      |                          ^~~~~~~~~~~~~~~~~~~
drivers/net/wireless/realtek/rtl818x/rtl8187/dev.c:829:26: warning: taking address of packed member of ‘struct rtl818x_csr’ may result in an unaligned pointer value [-Waddress-of-packed-member]
  829 |  rtl818x_iowrite32(priv, &priv->map->RF_TIMING, 0x00004001);
      |                          ^~~~~~~~~~~~~~~~~~~~~
drivers/net/wireless/realtek/rtl818x/rtl8187/dev.c:834:26: warning: taking address of packed member of ‘struct rtl818x_csr’ may result in an unaligned pointer value [-Waddress-of-packed-member]
  834 |  rtl818x_iowrite16(priv, &priv->map->RFPinsOutput, 0x0480);
      |                          ^~~~~~~~~~~~~~~~~~~~~~~~
drivers/net/wireless/realtek/rtl818x/rtl8187/dev.c:835:26: warning: taking address of packed member of ‘struct rtl818x_csr’ may result in an unaligned pointer value [-Waddress-of-packed-member]
  835 |  rtl818x_iowrite16(priv, &priv->map->RFPinsSelect, 0x2488);
      |                          ^~~~~~~~~~~~~~~~~~~~~~~~
drivers/net/wireless/realtek/rtl818x/rtl8187/dev.c:836:26: warning: taking address of packed member of ‘struct rtl818x_csr’ may result in an unaligned pointer value [-Waddress-of-packed-member]
  836 |  rtl818x_iowrite16(priv, &priv->map->RFPinsEnable, 0x1FFF);
      |                          ^~~~~~~~~~~~~~~~~~~~~~~~
drivers/net/wireless/realtek/rtl818x/rtl8187/dev.c:843:26: warning: taking address of packed member of ‘struct <anonymous>’ may result in an unaligned pointer value [-Waddress-of-packed-member]
  843 |  rtl818x_iowrite16(priv, &priv->map->INT_MASK, 0xFFFF);
      |                          ^~~~~~~~~~~~~~~~~~~~
drivers/net/wireless/realtek/rtl818x/rtl8187/dev.c:867:26: warning: taking address of packed member of ‘struct rtl818x_csr’ may result in an unaligned pointer value [-Waddress-of-packed-member]
  867 |  rtl818x_iowrite32(priv, &priv->map->HSSI_PARA, 0x0600321B);
      |                          ^~~~~~~~~~~~~~~~~~~~~
drivers/net/wireless/realtek/rtl818x/rtl8187/dev.c: In function ‘rtl8187_start’:
drivers/net/wireless/realtek/rtl818x/rtl8187/dev.c:952:27: warning: taking address of packed member of ‘struct rtl818x_csr’ may result in an unaligned pointer value [-Waddress-of-packed-member]
  952 |   rtl818x_iowrite32(priv, &priv->map->RX_CONF, reg);
      |                           ^~~~~~~~~~~~~~~~~~~
drivers/net/wireless/realtek/rtl818x/rtl8187/dev.c:960:27: warning: taking address of packed member of ‘struct rtl818x_csr’ may result in an unaligned pointer value [-Waddress-of-packed-member]
  960 |   rtl818x_iowrite32(priv, &priv->map->TX_CONF,
      |                           ^~~~~~~~~~~~~~~~~~~
drivers/net/wireless/realtek/rtl818x/rtl8187/dev.c:975:26: warning: taking address of packed member of ‘struct <anonymous>’ may result in an unaligned pointer value [-Waddress-of-packed-member]
  975 |  rtl818x_iowrite16(priv, &priv->map->INT_MASK, 0xFFFF);
      |                          ^~~~~~~~~~~~~~~~~~~~
drivers/net/wireless/realtek/rtl818x/rtl8187/dev.c:977:26: warning: taking address of packed member of ‘union <anonymous>’ may result in an unaligned pointer value [-Waddress-of-packed-member]
  977 |  rtl818x_iowrite32(priv, &priv->map->MAR[0], ~0);
      |                          ^~~~~~~~~~~~~~~~~~
drivers/net/wireless/realtek/rtl818x/rtl8187/dev.c:978:26: warning: taking address of packed member of ‘union <anonymous>’ may result in an unaligned pointer value [-Waddress-of-packed-member]
  978 |  rtl818x_iowrite32(priv, &priv->map->MAR[1], ~0);
      |                          ^~~~~~~~~~~~~~~~~~
drivers/net/wireless/realtek/rtl818x/rtl8187/dev.c:995:26: warning: taking address of packed member of ‘struct rtl818x_csr’ may result in an unaligned pointer value [-Waddress-of-packed-member]
  995 |  rtl818x_iowrite32(priv, &priv->map->RX_CONF, reg);
      |                          ^~~~~~~~~~~~~~~~~~~
drivers/net/wireless/realtek/rtl818x/rtl8187/dev.c:1011:26: warning: taking address of packed member of ‘struct rtl818x_csr’ may result in an unaligned pointer value [-Waddress-of-packed-member]
 1011 |  rtl818x_iowrite32(priv, &priv->map->TX_CONF, reg);
      |                          ^~~~~~~~~~~~~~~~~~~
drivers/net/wireless/realtek/rtl818x/rtl8187/dev.c: In function ‘rtl8187_stop’:
drivers/net/wireless/realtek/rtl818x/rtl8187/dev.c:1031:26: warning: taking address of packed member of ‘struct <anonymous>’ may result in an unaligned pointer value [-Waddress-of-packed-member]
 1031 |  rtl818x_iowrite16(priv, &priv->map->INT_MASK, 0);
      |                          ^~~~~~~~~~~~~~~~~~~~
drivers/net/wireless/realtek/rtl818x/rtl8187/dev.c: In function ‘rtl8187_get_tsf’:
drivers/net/wireless/realtek/rtl818x/rtl8187/dev.c:1060:32: warning: taking address of packed member of ‘struct rtl818x_csr’ may result in an unaligned pointer value [-Waddress-of-packed-member]
 1060 |  return rtl818x_ioread32(priv, &priv->map->TSFT[0]) |
      |                                ^~~~~~~~~~~~~~~~~~~
drivers/net/wireless/realtek/rtl818x/rtl8187/dev.c:1061:38: warning: taking address of packed member of ‘struct rtl818x_csr’ may result in an unaligned pointer value [-Waddress-of-packed-member]
 1061 |         (u64)(rtl818x_ioread32(priv, &priv->map->TSFT[1])) << 32;
      |                                      ^~~~~~~~~~~~~~~~~~~
drivers/net/wireless/realtek/rtl818x/rtl8187/dev.c: In function ‘rtl8187_config’:
drivers/net/wireless/realtek/rtl818x/rtl8187/dev.c:1163:31: warning: taking address of packed member of ‘struct rtl818x_csr’ may result in an unaligned pointer value [-Waddress-of-packed-member]
 1163 |  reg = rtl818x_ioread32(priv, &priv->map->TX_CONF);
      |                               ^~~~~~~~~~~~~~~~~~~
drivers/net/wireless/realtek/rtl818x/rtl8187/dev.c:1168:26: warning: taking address of packed member of ‘struct rtl818x_csr’ may result in an unaligned pointer value [-Waddress-of-packed-member]
 1168 |  rtl818x_iowrite32(priv, &priv->map->TX_CONF,
      |                          ^~~~~~~~~~~~~~~~~~~
drivers/net/wireless/realtek/rtl818x/rtl8187/dev.c:1172:26: warning: taking address of packed member of ‘struct rtl818x_csr’ may result in an unaligned pointer value [-Waddress-of-packed-member]
 1172 |  rtl818x_iowrite32(priv, &priv->map->TX_CONF, reg);
      |                          ^~~~~~~~~~~~~~~~~~~
drivers/net/wireless/realtek/rtl818x/rtl8187/dev.c:1174:26: warning: taking address of packed member of ‘struct rtl818x_csr’ may result in an unaligned pointer value [-Waddress-of-packed-member]
 1174 |  rtl818x_iowrite16(priv, &priv->map->ATIM_WND, 2);
      |                          ^~~~~~~~~~~~~~~~~~~~
drivers/net/wireless/realtek/rtl818x/rtl8187/dev.c:1175:26: warning: taking address of packed member of ‘struct rtl818x_csr’ may result in an unaligned pointer value [-Waddress-of-packed-member]
 1175 |  rtl818x_iowrite16(priv, &priv->map->ATIMTR_INTERVAL, 100);
      |                          ^~~~~~~~~~~~~~~~~~~~~~~~~~~
drivers/net/wireless/realtek/rtl818x/rtl8187/dev.c:1176:26: warning: taking address of packed member of ‘struct rtl818x_csr’ may result in an unaligned pointer value [-Waddress-of-packed-member]
 1176 |  rtl818x_iowrite16(priv, &priv->map->BEACON_INTERVAL, 100);
      |                          ^~~~~~~~~~~~~~~~~~~~~~~~~~~
drivers/net/wireless/realtek/rtl818x/rtl8187/dev.c:1177:26: warning: taking address of packed member of ‘struct rtl818x_csr’ may result in an unaligned pointer value [-Waddress-of-packed-member]
 1177 |  rtl818x_iowrite16(priv, &priv->map->BEACON_INTERVAL_TIME, 100);
      |                          ^~~~~~~~~~~~~~~~~~~~~~~~~~~~~~~~
drivers/net/wireless/realtek/rtl818x/rtl8187/dev.c: In function ‘rtl8187_configure_filter’:
drivers/net/wireless/realtek/rtl818x/rtl8187/dev.c:1340:32: warning: taking address of packed member of ‘struct rtl818x_csr’ may result in an unaligned pointer value [-Waddress-of-packed-member]
 1340 |  rtl818x_iowrite32_async(priv, &priv->map->RX_CONF, priv->rx_conf);
      |                                ^~~~~~~~~~~~~~~~~~~
drivers/net/wireless/realtek/rtl818x/rtl8187/dev.c: In function ‘rtl8187_probe’:
drivers/net/wireless/realtek/rtl818x/rtl8187/dev.c:1491:29: warning: taking address of packed member of ‘struct rtl818x_csr’ may result in an unaligned pointer value [-Waddress-of-packed-member]
 1491 |  if (rtl818x_ioread32(priv, &priv->map->RX_CONF) & (1 << 6))
      |                             ^~~~~~~~~~~~~~~~~~~
drivers/net/wireless/realtek/rtl818x/rtl8187/dev.c:1536:34: warning: taking address of packed member of ‘struct rtl818x_csr’ may result in an unaligned pointer value [-Waddress-of-packed-member]
 1536 |   reg32 = rtl818x_ioread32(priv, &priv->map->TX_CONF);
      |                                  ^~~~~~~~~~~~~~~~~~~
In file included from ./include/linux/phy.h:24,
                 from ./include/net/dsa.h:19,
                 from ./include/linux/netdevice.h:44,
                 from ./include/linux/etherdevice.h:26,
                 from drivers/net/wireless/realtek/rtl818x/rtl8187/dev.c:26:
drivers/net/wireless/realtek/rtl818x/rtl8187/dev.c: At top level:
./include/linux/module.h:138:7: warning: ‘cleanup_module’ specifies less restrictive attribute than its target ‘rtl8187_driver_exit’: ‘cold’ [-Wmissing-attributes]
  138 |  void cleanup_module(void) __attribute__((alias(#exitfn)));
      |       ^~~~~~~~~~~~~~
./include/linux/device.h:1360:1: note: in expansion of macro ‘module_exit’
 1360 | module_exit(__driver##_exit);
      | ^~~~~~~~~~~
./include/linux/usb.h:1195:2: note: in expansion of macro ‘module_driver’
 1195 |  module_driver(__usb_driver, usb_register, \
      |  ^~~~~~~~~~~~~
drivers/net/wireless/realtek/rtl818x/rtl8187/dev.c:1684:1: note: in expansion of macro ‘module_usb_driver’
 1684 | module_usb_driver(rtl8187_driver);
      | ^~~~~~~~~~~~~~~~~
In file included from ./include/linux/usb/ch9.h:35,
                 from ./include/linux/usb.h:5,
                 from drivers/net/wireless/realtek/rtl818x/rtl8187/dev.c:23:
drivers/net/wireless/realtek/rtl818x/rtl8187/dev.c:1684:19: note: ‘cleanup_module’ target declared here
 1684 | module_usb_driver(rtl8187_driver);
      |                   ^~~~~~~~~~~~~~
./include/linux/device.h:1356:20: note: in definition of macro ‘module_driver’
 1356 | static void __exit __driver##_exit(void) \
      |                    ^~~~~~~~
drivers/net/wireless/realtek/rtl818x/rtl8187/dev.c:1684:1: note: in expansion of macro ‘module_usb_driver’
 1684 | module_usb_driver(rtl8187_driver);
      | ^~~~~~~~~~~~~~~~~
In file included from ./include/linux/phy.h:24,
                 from ./include/net/dsa.h:19,
                 from ./include/linux/netdevice.h:44,
                 from ./include/linux/etherdevice.h:26,
                 from drivers/net/wireless/realtek/rtl818x/rtl8187/dev.c:26:
./include/linux/module.h:132:6: warning: ‘init_module’ specifies less restrictive attribute than its target ‘rtl8187_driver_init’: ‘cold’ [-Wmissing-attributes]
  132 |  int init_module(void) __attribute__((alias(#initfn)));
      |      ^~~~~~~~~~~
./include/linux/device.h:1355:1: note: in expansion of macro ‘module_init’
 1355 | module_init(__driver##_init); \
      | ^~~~~~~~~~~
./include/linux/usb.h:1195:2: note: in expansion of macro ‘module_driver’
 1195 |  module_driver(__usb_driver, usb_register, \
      |  ^~~~~~~~~~~~~
drivers/net/wireless/realtek/rtl818x/rtl8187/dev.c:1684:1: note: in expansion of macro ‘module_usb_driver’
 1684 | module_usb_driver(rtl8187_driver);
      | ^~~~~~~~~~~~~~~~~
In file included from ./include/linux/usb/ch9.h:35,
                 from ./include/linux/usb.h:5,
                 from drivers/net/wireless/realtek/rtl818x/rtl8187/dev.c:23:
drivers/net/wireless/realtek/rtl818x/rtl8187/dev.c:1684:19: note: ‘init_module’ target declared here
 1684 | module_usb_driver(rtl8187_driver);
      |                   ^~~~~~~~~~~~~~
./include/linux/device.h:1351:19: note: in definition of macro ‘module_driver’
 1351 | static int __init __driver##_init(void) \
      |                   ^~~~~~~~
drivers/net/wireless/realtek/rtl818x/rtl8187/dev.c:1684:1: note: in expansion of macro ‘module_usb_driver’
 1684 | module_usb_driver(rtl8187_driver);
      | ^~~~~~~~~~~~~~~~~
  CC [M]  drivers/net/wireless/realtek/rtl818x/rtl8187/rtl8225.o
drivers/net/wireless/realtek/rtl818x/rtl8187/rtl8225.c: In function ‘rtl8225_write_bitbang’:
drivers/net/wireless/realtek/rtl818x/rtl8187/rtl8225.c:127:33: warning: taking address of packed member of ‘struct rtl818x_csr’ may result in an unaligned pointer value [-Waddress-of-packed-member]
  127 |  reg80 = rtl818x_ioread16(priv, &priv->map->RFPinsOutput) & 0xfff3;
      |                                 ^~~~~~~~~~~~~~~~~~~~~~~~
drivers/net/wireless/realtek/rtl818x/rtl8187/rtl8225.c:128:33: warning: taking address of packed member of ‘struct rtl818x_csr’ may result in an unaligned pointer value [-Waddress-of-packed-member]
  128 |  reg82 = rtl818x_ioread16(priv, &priv->map->RFPinsEnable);
      |                                 ^~~~~~~~~~~~~~~~~~~~~~~~
drivers/net/wireless/realtek/rtl818x/rtl8187/rtl8225.c:130:26: warning: taking address of packed member of ‘struct rtl818x_csr’ may result in an unaligned pointer value [-Waddress-of-packed-member]
  130 |  rtl818x_iowrite16(priv, &priv->map->RFPinsEnable, reg82 | 0x7);
      |                          ^~~~~~~~~~~~~~~~~~~~~~~~
drivers/net/wireless/realtek/rtl818x/rtl8187/rtl8225.c:132:33: warning: taking address of packed member of ‘struct rtl818x_csr’ may result in an unaligned pointer value [-Waddress-of-packed-member]
  132 |  reg84 = rtl818x_ioread16(priv, &priv->map->RFPinsSelect);
      |                                 ^~~~~~~~~~~~~~~~~~~~~~~~
drivers/net/wireless/realtek/rtl818x/rtl8187/rtl8225.c:133:26: warning: taking address of packed member of ‘struct rtl818x_csr’ may result in an unaligned pointer value [-Waddress-of-packed-member]
  133 |  rtl818x_iowrite16(priv, &priv->map->RFPinsSelect, reg84 | 0x7);
      |                          ^~~~~~~~~~~~~~~~~~~~~~~~
drivers/net/wireless/realtek/rtl818x/rtl8187/rtl8225.c:136:26: warning: taking address of packed member of ‘struct rtl818x_csr’ may result in an unaligned pointer value [-Waddress-of-packed-member]
  136 |  rtl818x_iowrite16(priv, &priv->map->RFPinsOutput, reg80 | (1 << 2));
      |                          ^~~~~~~~~~~~~~~~~~~~~~~~
drivers/net/wireless/realtek/rtl818x/rtl8187/rtl8225.c:138:26: warning: taking address of packed member of ‘struct rtl818x_csr’ may result in an unaligned pointer value [-Waddress-of-packed-member]
  138 |  rtl818x_iowrite16(priv, &priv->map->RFPinsOutput, reg80);
      |                          ^~~~~~~~~~~~~~~~~~~~~~~~
drivers/net/wireless/realtek/rtl818x/rtl8187/rtl8225.c:145:28: warning: taking address of packed member of ‘struct rtl818x_csr’ may result in an unaligned pointer value [-Waddress-of-packed-member]
  145 |    rtl818x_iowrite16(priv, &priv->map->RFPinsOutput, reg);
      |                            ^~~~~~~~~~~~~~~~~~~~~~~~
drivers/net/wireless/realtek/rtl818x/rtl8187/rtl8225.c:147:27: warning: taking address of packed member of ‘struct rtl818x_csr’ may result in an unaligned pointer value [-Waddress-of-packed-member]
  147 |   rtl818x_iowrite16(priv, &priv->map->RFPinsOutput, reg | (1 << 1));
      |                           ^~~~~~~~~~~~~~~~~~~~~~~~
drivers/net/wireless/realtek/rtl818x/rtl8187/rtl8225.c:148:27: warning: taking address of packed member of ‘struct rtl818x_csr’ may result in an unaligned pointer value [-Waddress-of-packed-member]
  148 |   rtl818x_iowrite16(priv, &priv->map->RFPinsOutput, reg | (1 << 1));
      |                           ^~~~~~~~~~~~~~~~~~~~~~~~
drivers/net/wireless/realtek/rtl818x/rtl8187/rtl8225.c:151:28: warning: taking address of packed member of ‘struct rtl818x_csr’ may result in an unaligned pointer value [-Waddress-of-packed-member]
  151 |    rtl818x_iowrite16(priv, &priv->map->RFPinsOutput, reg);
      |                            ^~~~~~~~~~~~~~~~~~~~~~~~
drivers/net/wireless/realtek/rtl818x/rtl8187/rtl8225.c:154:26: warning: taking address of packed member of ‘struct rtl818x_csr’ may result in an unaligned pointer value [-Waddress-of-packed-member]
  154 |  rtl818x_iowrite16(priv, &priv->map->RFPinsOutput, reg80 | (1 << 2));
      |                          ^~~~~~~~~~~~~~~~~~~~~~~~
drivers/net/wireless/realtek/rtl818x/rtl8187/rtl8225.c:157:26: warning: taking address of packed member of ‘struct rtl818x_csr’ may result in an unaligned pointer value [-Waddress-of-packed-member]
  157 |  rtl818x_iowrite16(priv, &priv->map->RFPinsOutput, reg80 | (1 << 2));
      |                          ^~~~~~~~~~~~~~~~~~~~~~~~
drivers/net/wireless/realtek/rtl818x/rtl8187/rtl8225.c:158:26: warning: taking address of packed member of ‘struct rtl818x_csr’ may result in an unaligned pointer value [-Waddress-of-packed-member]
  158 |  rtl818x_iowrite16(priv, &priv->map->RFPinsSelect, reg84);
      |                          ^~~~~~~~~~~~~~~~~~~~~~~~
drivers/net/wireless/realtek/rtl818x/rtl8187/rtl8225.c: In function ‘rtl8225_write_8051’:
drivers/net/wireless/realtek/rtl818x/rtl8187/rtl8225.c:166:33: warning: taking address of packed member of ‘struct rtl818x_csr’ may result in an unaligned pointer value [-Waddress-of-packed-member]
  166 |  reg80 = rtl818x_ioread16(priv, &priv->map->RFPinsOutput);
      |                                 ^~~~~~~~~~~~~~~~~~~~~~~~
drivers/net/wireless/realtek/rtl818x/rtl8187/rtl8225.c:167:33: warning: taking address of packed member of ‘struct rtl818x_csr’ may result in an unaligned pointer value [-Waddress-of-packed-member]
  167 |  reg82 = rtl818x_ioread16(priv, &priv->map->RFPinsEnable);
      |                                 ^~~~~~~~~~~~~~~~~~~~~~~~
drivers/net/wireless/realtek/rtl818x/rtl8187/rtl8225.c:168:33: warning: taking address of packed member of ‘struct rtl818x_csr’ may result in an unaligned pointer value [-Waddress-of-packed-member]
  168 |  reg84 = rtl818x_ioread16(priv, &priv->map->RFPinsSelect);
      |                                 ^~~~~~~~~~~~~~~~~~~~~~~~
drivers/net/wireless/realtek/rtl818x/rtl8187/rtl8225.c:173:26: warning: taking address of packed member of ‘struct rtl818x_csr’ may result in an unaligned pointer value [-Waddress-of-packed-member]
  173 |  rtl818x_iowrite16(priv, &priv->map->RFPinsEnable, reg82 | 0x0007);
      |                          ^~~~~~~~~~~~~~~~~~~~~~~~
drivers/net/wireless/realtek/rtl818x/rtl8187/rtl8225.c:174:26: warning: taking address of packed member of ‘struct rtl818x_csr’ may result in an unaligned pointer value [-Waddress-of-packed-member]
  174 |  rtl818x_iowrite16(priv, &priv->map->RFPinsSelect, reg84 | 0x0007);
      |                          ^~~~~~~~~~~~~~~~~~~~~~~~
drivers/net/wireless/realtek/rtl818x/rtl8187/rtl8225.c:177:26: warning: taking address of packed member of ‘struct rtl818x_csr’ may result in an unaligned pointer value [-Waddress-of-packed-member]
  177 |  rtl818x_iowrite16(priv, &priv->map->RFPinsOutput, reg80 | (1 << 2));
      |                          ^~~~~~~~~~~~~~~~~~~~~~~~
drivers/net/wireless/realtek/rtl818x/rtl8187/rtl8225.c:180:26: warning: taking address of packed member of ‘struct rtl818x_csr’ may result in an unaligned pointer value [-Waddress-of-packed-member]
  180 |  rtl818x_iowrite16(priv, &priv->map->RFPinsOutput, reg80);
      |                          ^~~~~~~~~~~~~~~~~~~~~~~~
drivers/net/wireless/realtek/rtl818x/rtl8187/rtl8225.c:193:26: warning: taking address of packed member of ‘struct rtl818x_csr’ may result in an unaligned pointer value [-Waddress-of-packed-member]
  193 |  rtl818x_iowrite16(priv, &priv->map->RFPinsOutput, reg80 | (1 << 2));
      |                          ^~~~~~~~~~~~~~~~~~~~~~~~
drivers/net/wireless/realtek/rtl818x/rtl8187/rtl8225.c:196:26: warning: taking address of packed member of ‘struct rtl818x_csr’ may result in an unaligned pointer value [-Waddress-of-packed-member]
  196 |  rtl818x_iowrite16(priv, &priv->map->RFPinsOutput, reg80 | (1 << 2));
      |                          ^~~~~~~~~~~~~~~~~~~~~~~~
drivers/net/wireless/realtek/rtl818x/rtl8187/rtl8225.c:197:26: warning: taking address of packed member of ‘struct rtl818x_csr’ may result in an unaligned pointer value [-Waddress-of-packed-member]
  197 |  rtl818x_iowrite16(priv, &priv->map->RFPinsSelect, reg84);
      |                          ^~~~~~~~~~~~~~~~~~~~~~~~
drivers/net/wireless/realtek/rtl818x/rtl8187/rtl8225.c: In function ‘rtl8225_read’:
drivers/net/wireless/realtek/rtl818x/rtl8187/rtl8225.c:216:33: warning: taking address of packed member of ‘struct rtl818x_csr’ may result in an unaligned pointer value [-Waddress-of-packed-member]
  216 |  reg80 = rtl818x_ioread16(priv, &priv->map->RFPinsOutput);
      |                                 ^~~~~~~~~~~~~~~~~~~~~~~~
drivers/net/wireless/realtek/rtl818x/rtl8187/rtl8225.c:217:33: warning: taking address of packed member of ‘struct rtl818x_csr’ may result in an unaligned pointer value [-Waddress-of-packed-member]
  217 |  reg82 = rtl818x_ioread16(priv, &priv->map->RFPinsEnable);
      |                                 ^~~~~~~~~~~~~~~~~~~~~~~~
drivers/net/wireless/realtek/rtl818x/rtl8187/rtl8225.c:218:33: warning: taking address of packed member of ‘struct rtl818x_csr’ may result in an unaligned pointer value [-Waddress-of-packed-member]
  218 |  reg84 = rtl818x_ioread16(priv, &priv->map->RFPinsSelect);
      |                                 ^~~~~~~~~~~~~~~~~~~~~~~~
drivers/net/wireless/realtek/rtl818x/rtl8187/rtl8225.c:222:26: warning: taking address of packed member of ‘struct rtl818x_csr’ may result in an unaligned pointer value [-Waddress-of-packed-member]
  222 |  rtl818x_iowrite16(priv, &priv->map->RFPinsEnable, reg82 | 0x000F);
      |                          ^~~~~~~~~~~~~~~~~~~~~~~~
drivers/net/wireless/realtek/rtl818x/rtl8187/rtl8225.c:223:26: warning: taking address of packed member of ‘struct rtl818x_csr’ may result in an unaligned pointer value [-Waddress-of-packed-member]
  223 |  rtl818x_iowrite16(priv, &priv->map->RFPinsSelect, reg84 | 0x000F);
      |                          ^~~~~~~~~~~~~~~~~~~~~~~~
drivers/net/wireless/realtek/rtl818x/rtl8187/rtl8225.c:225:26: warning: taking address of packed member of ‘struct rtl818x_csr’ may result in an unaligned pointer value [-Waddress-of-packed-member]
  225 |  rtl818x_iowrite16(priv, &priv->map->RFPinsOutput, reg80 | (1 << 2));
      |                          ^~~~~~~~~~~~~~~~~~~~~~~~
drivers/net/wireless/realtek/rtl818x/rtl8187/rtl8225.c:227:26: warning: taking address of packed member of ‘struct rtl818x_csr’ may result in an unaligned pointer value [-Waddress-of-packed-member]
  227 |  rtl818x_iowrite16(priv, &priv->map->RFPinsOutput, reg80);
      |                          ^~~~~~~~~~~~~~~~~~~~~~~~
drivers/net/wireless/realtek/rtl818x/rtl8187/rtl8225.c:234:28: warning: taking address of packed member of ‘struct rtl818x_csr’ may result in an unaligned pointer value [-Waddress-of-packed-member]
  234 |    rtl818x_iowrite16(priv, &priv->map->RFPinsOutput, reg);
      |                            ^~~~~~~~~~~~~~~~~~~~~~~~
drivers/net/wireless/realtek/rtl818x/rtl8187/rtl8225.c:238:27: warning: taking address of packed member of ‘struct rtl818x_csr’ may result in an unaligned pointer value [-Waddress-of-packed-member]
  238 |   rtl818x_iowrite16(priv, &priv->map->RFPinsOutput,
      |                           ^~~~~~~~~~~~~~~~~~~~~~~~
drivers/net/wireless/realtek/rtl818x/rtl8187/rtl8225.c:241:27: warning: taking address of packed member of ‘struct rtl818x_csr’ may result in an unaligned pointer value [-Waddress-of-packed-member]
  241 |   rtl818x_iowrite16(priv, &priv->map->RFPinsOutput,
      |                           ^~~~~~~~~~~~~~~~~~~~~~~~
drivers/net/wireless/realtek/rtl818x/rtl8187/rtl8225.c:246:28: warning: taking address of packed member of ‘struct rtl818x_csr’ may result in an unaligned pointer value [-Waddress-of-packed-member]
  246 |    rtl818x_iowrite16(priv, &priv->map->RFPinsOutput, reg);
      |                            ^~~~~~~~~~~~~~~~~~~~~~~~
drivers/net/wireless/realtek/rtl818x/rtl8187/rtl8225.c:251:26: warning: taking address of packed member of ‘struct rtl818x_csr’ may result in an unaligned pointer value [-Waddress-of-packed-member]
  251 |  rtl818x_iowrite16(priv, &priv->map->RFPinsOutput,
      |                          ^~~~~~~~~~~~~~~~~~~~~~~~
drivers/net/wireless/realtek/rtl818x/rtl8187/rtl8225.c:254:26: warning: taking address of packed member of ‘struct rtl818x_csr’ may result in an unaligned pointer value [-Waddress-of-packed-member]
  254 |  rtl818x_iowrite16(priv, &priv->map->RFPinsOutput,
      |                          ^~~~~~~~~~~~~~~~~~~~~~~~
drivers/net/wireless/realtek/rtl818x/rtl8187/rtl8225.c:257:26: warning: taking address of packed member of ‘struct rtl818x_csr’ may result in an unaligned pointer value [-Waddress-of-packed-member]
  257 |  rtl818x_iowrite16(priv, &priv->map->RFPinsOutput,
      |                          ^~~~~~~~~~~~~~~~~~~~~~~~
drivers/net/wireless/realtek/rtl818x/rtl8187/rtl8225.c:263:27: warning: taking address of packed member of ‘struct rtl818x_csr’ may result in an unaligned pointer value [-Waddress-of-packed-member]
  263 |   rtl818x_iowrite16(priv, &priv->map->RFPinsOutput,
      |                           ^~~~~~~~~~~~~~~~~~~~~~~~
drivers/net/wireless/realtek/rtl818x/rtl8187/rtl8225.c:266:27: warning: taking address of packed member of ‘struct rtl818x_csr’ may result in an unaligned pointer value [-Waddress-of-packed-member]
  266 |   rtl818x_iowrite16(priv, &priv->map->RFPinsOutput,
      |                           ^~~~~~~~~~~~~~~~~~~~~~~~
drivers/net/wireless/realtek/rtl818x/rtl8187/rtl8225.c:269:27: warning: taking address of packed member of ‘struct rtl818x_csr’ may result in an unaligned pointer value [-Waddress-of-packed-member]
  269 |   rtl818x_iowrite16(priv, &priv->map->RFPinsOutput,
      |                           ^~~~~~~~~~~~~~~~~~~~~~~~
drivers/net/wireless/realtek/rtl818x/rtl8187/rtl8225.c:272:27: warning: taking address of packed member of ‘struct rtl818x_csr’ may result in an unaligned pointer value [-Waddress-of-packed-member]
  272 |   rtl818x_iowrite16(priv, &priv->map->RFPinsOutput,
      |                           ^~~~~~~~~~~~~~~~~~~~~~~~
drivers/net/wireless/realtek/rtl818x/rtl8187/rtl8225.c:276:30: warning: taking address of packed member of ‘struct rtl818x_csr’ may result in an unaligned pointer value [-Waddress-of-packed-member]
  276 |   if (rtl818x_ioread16(priv, &priv->map->RFPinsInput) & (1 << 1))
      |                              ^~~~~~~~~~~~~~~~~~~~~~~
drivers/net/wireless/realtek/rtl818x/rtl8187/rtl8225.c:279:27: warning: taking address of packed member of ‘struct rtl818x_csr’ may result in an unaligned pointer value [-Waddress-of-packed-member]
  279 |   rtl818x_iowrite16(priv, &priv->map->RFPinsOutput,
      |                           ^~~~~~~~~~~~~~~~~~~~~~~~
drivers/net/wireless/realtek/rtl818x/rtl8187/rtl8225.c:284:26: warning: taking address of packed member of ‘struct rtl818x_csr’ may result in an unaligned pointer value [-Waddress-of-packed-member]
  284 |  rtl818x_iowrite16(priv, &priv->map->RFPinsOutput,
      |                          ^~~~~~~~~~~~~~~~~~~~~~~~
drivers/net/wireless/realtek/rtl818x/rtl8187/rtl8225.c:288:26: warning: taking address of packed member of ‘struct rtl818x_csr’ may result in an unaligned pointer value [-Waddress-of-packed-member]
  288 |  rtl818x_iowrite16(priv, &priv->map->RFPinsEnable, reg82);
      |                          ^~~~~~~~~~~~~~~~~~~~~~~~
drivers/net/wireless/realtek/rtl818x/rtl8187/rtl8225.c:289:26: warning: taking address of packed member of ‘struct rtl818x_csr’ may result in an unaligned pointer value [-Waddress-of-packed-member]
  289 |  rtl818x_iowrite16(priv, &priv->map->RFPinsSelect, reg84);
      |                          ^~~~~~~~~~~~~~~~~~~~~~~~
drivers/net/wireless/realtek/rtl818x/rtl8187/rtl8225.c:290:26: warning: taking address of packed member of ‘struct rtl818x_csr’ may result in an unaligned pointer value [-Waddress-of-packed-member]
  290 |  rtl818x_iowrite16(priv, &priv->map->RFPinsOutput, 0x03A0);
      |                          ^~~~~~~~~~~~~~~~~~~~~~~~
drivers/net/wireless/realtek/rtl818x/rtl8187/rtl8225.c: In function ‘rtl8225_rf_set_tx_power’:
drivers/net/wireless/realtek/rtl818x/rtl8187/rtl8225.c:409:26: warning: taking address of packed member of ‘struct rtl818x_csr’ may result in an unaligned pointer value [-Waddress-of-packed-member]
  409 |  rtl818x_iowrite32(priv, &priv->map->ANAPARAM2,
      |                          ^~~~~~~~~~~~~~~~~~~~~
drivers/net/wireless/realtek/rtl818x/rtl8187/rtl8225.c: In function ‘rtl8225z2_rf_set_tx_power’:
drivers/net/wireless/realtek/rtl818x/rtl8187/rtl8225.c:664:26: warning: taking address of packed member of ‘struct rtl818x_csr’ may result in an unaligned pointer value [-Waddress-of-packed-member]
  664 |  rtl818x_iowrite32(priv, &priv->map->ANAPARAM2,
      |                          ^~~~~~~~~~~~~~~~~~~~~
  CC [M]  drivers/net/wireless/realtek/rtl818x/rtl8187/leds.o
drivers/net/wireless/realtek/rtl818x/rtl8187/leds.c: In function ‘rtl8187_register_led’:
drivers/net/wireless/realtek/rtl818x/rtl8187/leds.c:149:2: warning: ‘strncpy’ specified bound 22 equals destination size [-Wstringop-truncation]
  149 |  strncpy(led->name, name, sizeof(led->name));
      |  ^~~~~~~~~~~~~~~~~~~~~~~~~~~~~~~~~~~~~~~~~~~
  CC [M]  drivers/net/wireless/realtek/rtl818x/rtl8187/rfkill.o
  LD [M]  drivers/net/wireless/realtek/rtl818x/rtl8187/rtl8187.o
  LD      drivers/net/wireless/realtek/rtl8192cu/built-in.o
  CC [M]  drivers/net/wireless/realtek/rtl8192cu/core/rtw_cmd.o
drivers/net/wireless/realtek/rtl8192cu/core/rtw_cmd.c: In function ‘rtw_joinbss_cmd’:
drivers/net/wireless/realtek/rtl8192cu/core/rtw_cmd.c:1295:38: warning: taking address of packed member of ‘struct _WLAN_BSSID_EX’ may result in an unaligned pointer value [-Waddress-of-packed-member]
 1295 |          pnetwork->network.IELength, &psecnetwork->IELength, (u8)psecnetwork->Configuration.DSConfig );
      |                                      ^~~~~~~~~~~~~~~~~~~~~~
  CC [M]  drivers/net/wireless/realtek/rtl8192cu/core/rtw_security.o
drivers/net/wireless/realtek/rtl8192cu/core/rtw_security.c: In function ‘aes_cipher’:
drivers/net/wireless/realtek/rtl8192cu/core/rtw_security.c:1504:5: warning: this ‘for’ clause does not guard... [-Wmisleading-indentation]
 1504 |     for (j = 0; j < 8; j++)
      |     ^~~
drivers/net/wireless/realtek/rtl8192cu/core/rtw_security.c:1507:2: note: ...this statement, but the latter is misleadingly indented as if it were guarded by the ‘for’
 1507 |  payload_index = hdrlen + 8;
      |  ^~~~~~~~~~~~~
drivers/net/wireless/realtek/rtl8192cu/core/rtw_security.c: In function ‘aes_decipher’:
drivers/net/wireless/realtek/rtl8192cu/core/rtw_security.c:1878:5: warning: this ‘for’ clause does not guard... [-Wmisleading-indentation]
 1878 |     for (j = 0; j < 8; j++)
      |     ^~~
drivers/net/wireless/realtek/rtl8192cu/core/rtw_security.c:1881:2: note: ...this statement, but the latter is misleadingly indented as if it were guarded by the ‘for’
 1881 |  payload_index = hdrlen + 8;
      |  ^~~~~~~~~~~~~
  CC [M]  drivers/net/wireless/realtek/rtl8192cu/core/rtw_debug.o
  CC [M]  drivers/net/wireless/realtek/rtl8192cu/core/rtw_io.o
  CC [M]  drivers/net/wireless/realtek/rtl8192cu/core/rtw_ioctl_query.o
  CC [M]  drivers/net/wireless/realtek/rtl8192cu/core/rtw_ioctl_set.o
drivers/net/wireless/realtek/rtl8192cu/core/rtw_ioctl_set.c: In function ‘rtw_set_802_11_infrastructure_mode’:
drivers/net/wireless/realtek/rtl8192cu/core/rtw_ioctl_set.c:623:51: warning: taking address of packed member of ‘struct _WLAN_BSSID_EX’ may result in an unaligned pointer value [-Waddress-of-packed-member]
  623 |  NDIS_802_11_NETWORK_INFRASTRUCTURE* pold_state = &(cur_network->network.InfrastructureMode);
      |                                                   ^~~~~~~~~~~~~~~~~~~~~~~~~~~~~~~~~~~~~~~~~~
  CC [M]  drivers/net/wireless/realtek/rtl8192cu/core/rtw_ieee80211.o
  CC [M]  drivers/net/wireless/realtek/rtl8192cu/core/rtw_mlme.o
  CC [M]  drivers/net/wireless/realtek/rtl8192cu/core/rtw_mlme_ext.o
drivers/net/wireless/realtek/rtl8192cu/core/rtw_mlme_ext.c: In function ‘issue_p2p_GO_request’:
drivers/net/wireless/realtek/rtl8192cu/core/rtw_mlme_ext.c:2906:10: warning: taking address of packed member of ‘struct rtw_ieee80211_hdr’ may result in an unaligned pointer value [-Waddress-of-packed-member]
 2906 |  fctrl = &(pwlanhdr->frame_ctl);
      |          ^~~~~~~~~~~~~~~~~~~~~~
drivers/net/wireless/realtek/rtl8192cu/core/rtw_mlme_ext.c: In function ‘issue_p2p_GO_response’:
drivers/net/wireless/realtek/rtl8192cu/core/rtw_mlme_ext.c:3354:10: warning: taking address of packed member of ‘struct rtw_ieee80211_hdr’ may result in an unaligned pointer value [-Waddress-of-packed-member]
 3354 |  fctrl = &(pwlanhdr->frame_ctl);
      |          ^~~~~~~~~~~~~~~~~~~~~~
drivers/net/wireless/realtek/rtl8192cu/core/rtw_mlme_ext.c: In function ‘issue_p2p_GO_confirm’:
drivers/net/wireless/realtek/rtl8192cu/core/rtw_mlme_ext.c:3828:10: warning: taking address of packed member of ‘struct rtw_ieee80211_hdr’ may result in an unaligned pointer value [-Waddress-of-packed-member]
 3828 |  fctrl = &(pwlanhdr->frame_ctl);
      |          ^~~~~~~~~~~~~~~~~~~~~~
drivers/net/wireless/realtek/rtl8192cu/core/rtw_mlme_ext.c: In function ‘issue_p2p_invitation_request’:
drivers/net/wireless/realtek/rtl8192cu/core/rtw_mlme_ext.c:4104:10: warning: taking address of packed member of ‘struct rtw_ieee80211_hdr’ may result in an unaligned pointer value [-Waddress-of-packed-member]
 4104 |  fctrl = &(pwlanhdr->frame_ctl);
      |          ^~~~~~~~~~~~~~~~~~~~~~
drivers/net/wireless/realtek/rtl8192cu/core/rtw_mlme_ext.c: In function ‘issue_p2p_invitation_response’:
drivers/net/wireless/realtek/rtl8192cu/core/rtw_mlme_ext.c:4444:10: warning: taking address of packed member of ‘struct rtw_ieee80211_hdr’ may result in an unaligned pointer value [-Waddress-of-packed-member]
 4444 |  fctrl = &(pwlanhdr->frame_ctl);
      |          ^~~~~~~~~~~~~~~~~~~~~~
drivers/net/wireless/realtek/rtl8192cu/core/rtw_mlme_ext.c: In function ‘issue_p2p_provision_request’:
drivers/net/wireless/realtek/rtl8192cu/core/rtw_mlme_ext.c:4717:10: warning: taking address of packed member of ‘struct rtw_ieee80211_hdr’ may result in an unaligned pointer value [-Waddress-of-packed-member]
 4717 |  fctrl = &(pwlanhdr->frame_ctl);
      |          ^~~~~~~~~~~~~~~~~~~~~~
drivers/net/wireless/realtek/rtl8192cu/core/rtw_mlme_ext.c: In function ‘issue_probersp_p2p’:
drivers/net/wireless/realtek/rtl8192cu/core/rtw_mlme_ext.c:4855:10: warning: taking address of packed member of ‘struct rtw_ieee80211_hdr’ may result in an unaligned pointer value [-Waddress-of-packed-member]
 4855 |  fctrl = &(pwlanhdr->frame_ctl);
      |          ^~~~~~~~~~~~~~~~~~~~~~
drivers/net/wireless/realtek/rtl8192cu/core/rtw_mlme_ext.c: In function ‘_issue_probereq_p2p’:
drivers/net/wireless/realtek/rtl8192cu/core/rtw_mlme_ext.c:5197:10: warning: taking address of packed member of ‘struct rtw_ieee80211_hdr’ may result in an unaligned pointer value [-Waddress-of-packed-member]
 5197 |  fctrl = &(pwlanhdr->frame_ctl);
      |          ^~~~~~~~~~~~~~~~~~~~~~
drivers/net/wireless/realtek/rtl8192cu/core/rtw_mlme_ext.c: In function ‘issue_beacon’:
drivers/net/wireless/realtek/rtl8192cu/core/rtw_mlme_ext.c:6520:10: warning: taking address of packed member of ‘struct rtw_ieee80211_hdr’ may result in an unaligned pointer value [-Waddress-of-packed-member]
 6520 |  fctrl = &(pwlanhdr->frame_ctl);
      |          ^~~~~~~~~~~~~~~~~~~~~~
drivers/net/wireless/realtek/rtl8192cu/core/rtw_mlme_ext.c: In function ‘issue_probersp’:
drivers/net/wireless/realtek/rtl8192cu/core/rtw_mlme_ext.c:6835:10: warning: taking address of packed member of ‘struct rtw_ieee80211_hdr’ may result in an unaligned pointer value [-Waddress-of-packed-member]
 6835 |  fctrl = &(pwlanhdr->frame_ctl);
      |          ^~~~~~~~~~~~~~~~~~~~~~
drivers/net/wireless/realtek/rtl8192cu/core/rtw_mlme_ext.c: In function ‘_issue_probereq’:
drivers/net/wireless/realtek/rtl8192cu/core/rtw_mlme_ext.c:7112:10: warning: taking address of packed member of ‘struct rtw_ieee80211_hdr’ may result in an unaligned pointer value [-Waddress-of-packed-member]
 7112 |  fctrl = &(pwlanhdr->frame_ctl);
      |          ^~~~~~~~~~~~~~~~~~~~~~
drivers/net/wireless/realtek/rtl8192cu/core/rtw_mlme_ext.c: In function ‘issue_auth’:
drivers/net/wireless/realtek/rtl8192cu/core/rtw_mlme_ext.c:7265:10: warning: taking address of packed member of ‘struct rtw_ieee80211_hdr’ may result in an unaligned pointer value [-Waddress-of-packed-member]
 7265 |  fctrl = &(pwlanhdr->frame_ctl);
      |          ^~~~~~~~~~~~~~~~~~~~~~
drivers/net/wireless/realtek/rtl8192cu/core/rtw_mlme_ext.c: In function ‘issue_asocrsp’:
drivers/net/wireless/realtek/rtl8192cu/core/rtw_mlme_ext.c:7421:10: warning: taking address of packed member of ‘struct rtw_ieee80211_hdr’ may result in an unaligned pointer value [-Waddress-of-packed-member]
 7421 |  fctrl = &(pwlanhdr->frame_ctl);
      |          ^~~~~~~~~~~~~~~~~~~~~~
drivers/net/wireless/realtek/rtl8192cu/core/rtw_mlme_ext.c: In function ‘issue_assocreq’:
drivers/net/wireless/realtek/rtl8192cu/core/rtw_mlme_ext.c:7611:10: warning: taking address of packed member of ‘struct rtw_ieee80211_hdr’ may result in an unaligned pointer value [-Waddress-of-packed-member]
 7611 |  fctrl = &(pwlanhdr->frame_ctl);
      |          ^~~~~~~~~~~~~~~~~~~~~~
drivers/net/wireless/realtek/rtl8192cu/core/rtw_mlme_ext.c: In function ‘_issue_nulldata’:
drivers/net/wireless/realtek/rtl8192cu/core/rtw_mlme_ext.c:8116:10: warning: taking address of packed member of ‘struct rtw_ieee80211_hdr’ may result in an unaligned pointer value [-Waddress-of-packed-member]
 8116 |  fctrl = &(pwlanhdr->frame_ctl);
      |          ^~~~~~~~~~~~~~~~~~~~~~
drivers/net/wireless/realtek/rtl8192cu/core/rtw_mlme_ext.c: In function ‘_issue_qos_nulldata’:
drivers/net/wireless/realtek/rtl8192cu/core/rtw_mlme_ext.c:8245:10: warning: taking address of packed member of ‘struct rtw_ieee80211_hdr’ may result in an unaligned pointer value [-Waddress-of-packed-member]
 8245 |  fctrl = &(pwlanhdr->frame_ctl);
      |          ^~~~~~~~~~~~~~~~~~~~~~
drivers/net/wireless/realtek/rtl8192cu/core/rtw_mlme_ext.c: In function ‘_issue_deauth’:
drivers/net/wireless/realtek/rtl8192cu/core/rtw_mlme_ext.c:8384:10: warning: taking address of packed member of ‘struct rtw_ieee80211_hdr’ may result in an unaligned pointer value [-Waddress-of-packed-member]
 8384 |  fctrl = &(pwlanhdr->frame_ctl);
      |          ^~~~~~~~~~~~~~~~~~~~~~
drivers/net/wireless/realtek/rtl8192cu/core/rtw_mlme_ext.c: In function ‘issue_action_spct_ch_switch’:
drivers/net/wireless/realtek/rtl8192cu/core/rtw_mlme_ext.c:8496:10: warning: taking address of packed member of ‘struct rtw_ieee80211_hdr’ may result in an unaligned pointer value [-Waddress-of-packed-member]
 8496 |  fctrl = &(pwlanhdr->frame_ctl);
      |          ^~~~~~~~~~~~~~~~~~~~~~
drivers/net/wireless/realtek/rtl8192cu/core/rtw_mlme_ext.c: In function ‘issue_action_BA’:
drivers/net/wireless/realtek/rtl8192cu/core/rtw_mlme_ext.c:8645:10: warning: taking address of packed member of ‘struct rtw_ieee80211_hdr’ may result in an unaligned pointer value [-Waddress-of-packed-member]
 8645 |  fctrl = &(pwlanhdr->frame_ctl);
      |          ^~~~~~~~~~~~~~~~~~~~~~
drivers/net/wireless/realtek/rtl8192cu/core/rtw_mlme_ext.c: In function ‘issue_action_BSSCoexistPacket’:
drivers/net/wireless/realtek/rtl8192cu/core/rtw_mlme_ext.c:8784:10: warning: taking address of packed member of ‘struct rtw_ieee80211_hdr’ may result in an unaligned pointer value [-Waddress-of-packed-member]
 8784 |  fctrl = &(pwlanhdr->frame_ctl);
      |          ^~~~~~~~~~~~~~~~~~~~~~
drivers/net/wireless/realtek/rtl8192cu/core/rtw_mlme_ext.c: In function ‘linked_status_chk’:
drivers/net/wireless/realtek/rtl8192cu/core/rtw_mlme_ext.c:10834:34: warning: taking address of packed member of ‘struct _WLAN_BSSID_EX’ may result in an unaligned pointer value [-Waddress-of-packed-member]
10834 |      issue_probereq_ex(padapter, &pmlmeinfo->network.Ssid, psta->hwaddr, 3, 1);
      |                                  ^~~~~~~~~~~~~~~~~~~~~~~~
drivers/net/wireless/realtek/rtl8192cu/core/rtw_mlme_ext.c:10856:32: warning: taking address of packed member of ‘struct _WLAN_BSSID_EX’ may result in an unaligned pointer value [-Waddress-of-packed-member]
10856 |       issue_probereq(padapter, &pmlmeinfo->network.Ssid, pmlmeinfo->network.MacAddress);
      |                                ^~~~~~~~~~~~~~~~~~~~~~~~
drivers/net/wireless/realtek/rtl8192cu/core/rtw_mlme_ext.c:10857:32: warning: taking address of packed member of ‘struct _WLAN_BSSID_EX’ may result in an unaligned pointer value [-Waddress-of-packed-member]
10857 |       issue_probereq(padapter, &pmlmeinfo->network.Ssid, pmlmeinfo->network.MacAddress);
      |                                ^~~~~~~~~~~~~~~~~~~~~~~~
drivers/net/wireless/realtek/rtl8192cu/core/rtw_mlme_ext.c:10858:32: warning: taking address of packed member of ‘struct _WLAN_BSSID_EX’ may result in an unaligned pointer value [-Waddress-of-packed-member]
10858 |       issue_probereq(padapter, &pmlmeinfo->network.Ssid, pmlmeinfo->network.MacAddress);
      |                                ^~~~~~~~~~~~~~~~~~~~~~~~
drivers/net/wireless/realtek/rtl8192cu/core/rtw_mlme_ext.c: In function ‘mgt_dispatcher’:
drivers/net/wireless/realtek/rtl8192cu/core/rtw_mlme_ext.c:734:6: warning: this statement may fall through [-Wimplicit-fallthrough=]
  734 |    if(check_fwstate(pmlmepriv, WIFI_AP_STATE) == _TRUE)
      |      ^
drivers/net/wireless/realtek/rtl8192cu/core/rtw_mlme_ext.c:739:3: note: here
  739 |   case WIFI_ASSOCREQ:
      |   ^~~~
  CC [M]  drivers/net/wireless/realtek/rtl8192cu/core/rtw_wlan_util.o
  CC [M]  drivers/net/wireless/realtek/rtl8192cu/core/rtw_pwrctrl.o
  CC [M]  drivers/net/wireless/realtek/rtl8192cu/core/rtw_rf.o
  CC [M]  drivers/net/wireless/realtek/rtl8192cu/core/rtw_recv.o
  CC [M]  drivers/net/wireless/realtek/rtl8192cu/core/rtw_sta_mgt.o
  CC [M]  drivers/net/wireless/realtek/rtl8192cu/core/rtw_ap.o
drivers/net/wireless/realtek/rtl8192cu/core/rtw_ap.c: In function ‘rtw_add_bcn_ie’:
drivers/net/wireless/realtek/rtl8192cu/core/rtw_ap.c:239:9: warning: ‘ielen’ may be used uninitialized in this function [-Wmaybe-uninitialized]
  239 |   ielen += 2;
      |   ~~~~~~^~~~
  CC [M]  drivers/net/wireless/realtek/rtl8192cu/core/rtw_xmit.o
drivers/net/wireless/realtek/rtl8192cu/core/rtw_xmit.c: In function ‘rtw_make_wlanhdr’:
drivers/net/wireless/realtek/rtl8192cu/core/rtw_xmit.c:1125:15: warning: taking address of packed member of ‘struct rtw_ieee80211_hdr’ may result in an unaligned pointer value [-Waddress-of-packed-member]
 1125 |  u16 *fctrl = &pwlanhdr->frame_ctl;
      |               ^~~~~~~~~~~~~~~~~~~~
  CC [M]  drivers/net/wireless/realtek/rtl8192cu/core/rtw_p2p.o
drivers/net/wireless/realtek/rtl8192cu/core/rtw_p2p.c: In function ‘issue_group_disc_req’:
drivers/net/wireless/realtek/rtl8192cu/core/rtw_p2p.c:180:10: warning: taking address of packed member of ‘struct rtw_ieee80211_hdr’ may result in an unaligned pointer value [-Waddress-of-packed-member]
  180 |  fctrl = &(pwlanhdr->frame_ctl);
      |          ^~~~~~~~~~~~~~~~~~~~~~
drivers/net/wireless/realtek/rtl8192cu/core/rtw_p2p.c: In function ‘issue_p2p_devdisc_resp’:
drivers/net/wireless/realtek/rtl8192cu/core/rtw_p2p.c:241:10: warning: taking address of packed member of ‘struct rtw_ieee80211_hdr’ may result in an unaligned pointer value [-Waddress-of-packed-member]
  241 |  fctrl = &(pwlanhdr->frame_ctl);
      |          ^~~~~~~~~~~~~~~~~~~~~~
drivers/net/wireless/realtek/rtl8192cu/core/rtw_p2p.c: In function ‘issue_p2p_provision_resp’:
drivers/net/wireless/realtek/rtl8192cu/core/rtw_p2p.c:320:10: warning: taking address of packed member of ‘struct rtw_ieee80211_hdr’ may result in an unaligned pointer value [-Waddress-of-packed-member]
  320 |  fctrl = &(pwlanhdr->frame_ctl);
      |          ^~~~~~~~~~~~~~~~~~~~~~
drivers/net/wireless/realtek/rtl8192cu/core/rtw_p2p.c: In function ‘issue_p2p_presence_resp’:
drivers/net/wireless/realtek/rtl8192cu/core/rtw_p2p.c:425:10: warning: taking address of packed member of ‘struct rtw_ieee80211_hdr’ may result in an unaligned pointer value [-Waddress-of-packed-member]
  425 |  fctrl = &(pwlanhdr->frame_ctl);
      |          ^~~~~~~~~~~~~~~~~~~~~~
  CC [M]  drivers/net/wireless/realtek/rtl8192cu/core/rtw_tdls.o
  CC [M]  drivers/net/wireless/realtek/rtl8192cu/core/rtw_br_ext.o
drivers/net/wireless/realtek/rtl8192cu/core/rtw_br_ext.c: In function ‘nat25_db_handle’:
drivers/net/wireless/realtek/rtl8192cu/core/rtw_br_ext.c:1052:67: warning: taking address of packed member of ‘struct ipxhdr’ may result in an unaligned pointer value [-Waddress-of-packed-member]
 1052 |        __nat25_generate_ipx_network_addr_with_socket(networkAddr, &ipx->ipx_source.net, &ipx->ipx_source.sock);
      |                                                                   ^~~~~~~~~~~~~~~~~~~~
drivers/net/wireless/realtek/rtl8192cu/core/rtw_br_ext.c:1052:89: warning: taking address of packed member of ‘struct ipxhdr’ may result in an unaligned pointer value [-Waddress-of-packed-member]
 1052 |        __nat25_generate_ipx_network_addr_with_socket(networkAddr, &ipx->ipx_source.net, &ipx->ipx_source.sock);
      |                                                                                         ^~~~~~~~~~~~~~~~~~~~~
drivers/net/wireless/realtek/rtl8192cu/core/rtw_br_ext.c:1059:65: warning: taking address of packed member of ‘struct ipxhdr’ may result in an unaligned pointer value [-Waddress-of-packed-member]
 1059 |        __nat25_generate_ipx_network_addr_with_node(networkAddr, &ipx->ipx_source.net, ipx->ipx_source.node);
      |                                                                 ^~~~~~~~~~~~~~~~~~~~
drivers/net/wireless/realtek/rtl8192cu/core/rtw_br_ext.c:1074:67: warning: taking address of packed member of ‘struct ipxhdr’ may result in an unaligned pointer value [-Waddress-of-packed-member]
 1074 |        __nat25_generate_ipx_network_addr_with_socket(networkAddr, &ipx->ipx_dest.net, &ipx->ipx_dest.sock);
      |                                                                   ^~~~~~~~~~~~~~~~~~
drivers/net/wireless/realtek/rtl8192cu/core/rtw_br_ext.c:1074:87: warning: taking address of packed member of ‘struct ipxhdr’ may result in an unaligned pointer value [-Waddress-of-packed-member]
 1074 |        __nat25_generate_ipx_network_addr_with_socket(networkAddr, &ipx->ipx_dest.net, &ipx->ipx_dest.sock);
      |                                                                                       ^~~~~~~~~~~~~~~~~~~
drivers/net/wireless/realtek/rtl8192cu/core/rtw_br_ext.c:1083:65: warning: taking address of packed member of ‘struct ipxhdr’ may result in an unaligned pointer value [-Waddress-of-packed-member]
 1083 |        __nat25_generate_ipx_network_addr_with_node(networkAddr, &ipx->ipx_dest.net, ipx->ipx_dest.node);
      |                                                                 ^~~~~~~~~~~~~~~~~~
drivers/net/wireless/realtek/rtl8192cu/core/rtw_br_ext.c:1121:56: warning: taking address of packed member of ‘struct elapaarp’ may result in an unaligned pointer value [-Waddress-of-packed-member]
 1121 |       __nat25_generate_apple_network_addr(networkAddr, &ea->pa_src_net, &ea->pa_src_node);
      |                                                        ^~~~~~~~~~~~~~~
drivers/net/wireless/realtek/rtl8192cu/core/rtw_br_ext.c:1137:56: warning: taking address of packed member of ‘struct elapaarp’ may result in an unaligned pointer value [-Waddress-of-packed-member]
 1137 |       __nat25_generate_apple_network_addr(networkAddr, &ea->pa_dst_net, &ea->pa_dst_node);
      |                                                        ^~~~~~~~~~~~~~~
drivers/net/wireless/realtek/rtl8192cu/core/rtw_br_ext.c:1277:67: warning: taking address of packed member of ‘struct pppoe_hdr’ may result in an unaligned pointer value [-Waddress-of-packed-member]
 1277 |       __nat25_generate_pppoe_network_addr(networkAddr, skb->data, &(ph->sid));
      |                                                                   ^~~~~~~~~~
drivers/net/wireless/realtek/rtl8192cu/core/rtw_br_ext.c:1349:76: warning: taking address of packed member of ‘struct pppoe_hdr’ may result in an unaligned pointer value [-Waddress-of-packed-member]
 1349 |       __nat25_generate_pppoe_network_addr(networkAddr, skb->data+ETH_ALEN, &(ph->sid));
      |                                                                            ^~~~~~~~~~
  CC [M]  drivers/net/wireless/realtek/rtl8192cu/core/rtw_iol.o
  CC [M]  drivers/net/wireless/realtek/rtl8192cu/core/rtw_sreset.o
  CC [M]  drivers/net/wireless/realtek/rtl8192cu/core/efuse/rtw_efuse.o
  CC [M]  drivers/net/wireless/realtek/rtl8192cu/hal/hal_intf.o
  CC [M]  drivers/net/wireless/realtek/rtl8192cu/hal/hal_com.o
  CC [M]  drivers/net/wireless/realtek/rtl8192cu/hal/dm.o
  CC [M]  drivers/net/wireless/realtek/rtl8192cu/hal/rtl8192c/rtl8192c_hal_init.o
  CC [M]  drivers/net/wireless/realtek/rtl8192cu/hal/rtl8192c/rtl8192c_phycfg.o
drivers/net/wireless/realtek/rtl8192cu/hal/rtl8192c/rtl8192c_phycfg.c: In function ‘phy_TxPwrIdxToDbm’:
drivers/net/wireless/realtek/rtl8192cu/hal/rtl8192c/rtl8192c_phycfg.c:2365:10: warning: this statement may fall through [-Wimplicit-fallthrough=]
 2365 |   Offset = -8;
      |   ~~~~~~~^~~~
drivers/net/wireless/realtek/rtl8192cu/hal/rtl8192c/rtl8192c_phycfg.c:2366:2: note: here
 2366 |  default:
      |  ^~~~~~~
  CC [M]  drivers/net/wireless/realtek/rtl8192cu/hal/rtl8192c/rtl8192c_rf6052.o
  CC [M]  drivers/net/wireless/realtek/rtl8192cu/hal/rtl8192c/rtl8192c_dm.o
  CC [M]  drivers/net/wireless/realtek/rtl8192cu/hal/rtl8192c/rtl8192c_rxdesc.o
  CC [M]  drivers/net/wireless/realtek/rtl8192cu/hal/rtl8192c/rtl8192c_cmd.o
drivers/net/wireless/realtek/rtl8192cu/hal/rtl8192c/rtl8192c_cmd.c: In function ‘ConstructBeacon’:
drivers/net/wireless/realtek/rtl8192cu/hal/rtl8192c/rtl8192c_cmd.c:287:10: warning: taking address of packed member of ‘struct rtw_ieee80211_hdr’ may result in an unaligned pointer value [-Waddress-of-packed-member]
  287 |  fctrl = &(pwlanhdr->frame_ctl);
      |          ^~~~~~~~~~~~~~~~~~~~~~
drivers/net/wireless/realtek/rtl8192cu/hal/rtl8192c/rtl8192c_cmd.c: In function ‘ConstructPSPoll’:
drivers/net/wireless/realtek/rtl8192cu/hal/rtl8192c/rtl8192c_cmd.c:387:10: warning: taking address of packed member of ‘struct rtw_ieee80211_hdr’ may result in an unaligned pointer value [-Waddress-of-packed-member]
  387 |  fctrl = &(pwlanhdr->frame_ctl);
      |          ^~~~~~~~~~~~~~~~~~~~~~
drivers/net/wireless/realtek/rtl8192cu/hal/rtl8192c/rtl8192c_cmd.c: In function ‘ConstructNullFunctionData’:
drivers/net/wireless/realtek/rtl8192cu/hal/rtl8192c/rtl8192c_cmd.c:418:10: warning: taking address of packed member of ‘struct rtw_ieee80211_hdr’ may result in an unaligned pointer value [-Waddress-of-packed-member]
  418 |  fctrl = &(pwlanhdr->frame_ctl);
      |          ^~~~~~~~~~~~~~~~~~~~~~
drivers/net/wireless/realtek/rtl8192cu/hal/rtl8192c/rtl8192c_cmd.c: In function ‘ConstructProbeRsp’:
drivers/net/wireless/realtek/rtl8192cu/hal/rtl8192c/rtl8192c_cmd.c:475:10: warning: taking address of packed member of ‘struct rtw_ieee80211_hdr’ may result in an unaligned pointer value [-Waddress-of-packed-member]
  475 |  fctrl = &(pwlanhdr->frame_ctl);
      |          ^~~~~~~~~~~~~~~~~~~~~~
  CC [M]  drivers/net/wireless/realtek/rtl8192cu/hal/rtl8192c/usb/usb_halinit.o
drivers/net/wireless/realtek/rtl8192cu/hal/rtl8192c/usb/usb_halinit.c: In function ‘GetHwReg8192CU’:
drivers/net/wireless/realtek/rtl8192cu/hal/rtl8192c/usb/usb_halinit.c:5694:20: warning: this statement may fall through [-Wimplicit-fallthrough=]
 5694 |    *((u16 *)(val)) = pHalData->BasicRateSet;
      |    ~~~~~~~~~~~~~~~~^~~~~~~~~~~~~~~~~~~~~~~~
drivers/net/wireless/realtek/rtl8192cu/hal/rtl8192c/usb/usb_halinit.c:5695:3: note: here
 5695 |   case HW_VAR_TXPAUSE:
      |   ^~~~
  CC [M]  drivers/net/wireless/realtek/rtl8192cu/hal/rtl8192c/usb/rtl8192cu_led.o
  CC [M]  drivers/net/wireless/realtek/rtl8192cu/hal/rtl8192c/usb/rtl8192cu_xmit.o
drivers/net/wireless/realtek/rtl8192cu/hal/rtl8192c/usb/rtl8192cu_xmit.c: In function ‘rtl8192cu_init_xmit_priv’:
drivers/net/wireless/realtek/rtl8192cu/hal/rtl8192c/usb/rtl8192cu_xmit.c:42:7: warning: cast between incompatible function types from ‘void (*)(void *)’ to ‘void (*)(long unsigned int)’ [-Wcast-function-type]
   42 |       (void(*)(unsigned long))rtl8192cu_xmit_tasklet,
      |       ^
  CC [M]  drivers/net/wireless/realtek/rtl8192cu/hal/rtl8192c/usb/rtl8192cu_recv.o
drivers/net/wireless/realtek/rtl8192cu/hal/rtl8192c/usb/rtl8192cu_recv.c: In function ‘rtl8192cu_init_recv_priv’:
drivers/net/wireless/realtek/rtl8192cu/hal/rtl8192c/usb/rtl8192cu_recv.c:74:7: warning: cast between incompatible function types from ‘void (*)(void *)’ to ‘void (*)(long unsigned int)’ [-Wcast-function-type]
   74 |       (void(*)(unsigned long))rtl8192cu_recv_tasklet,
      |       ^
  CC [M]  drivers/net/wireless/realtek/rtl8192cu/hal/rtl8192c/usb/usb_ops_linux.o
  CC [M]  drivers/net/wireless/realtek/rtl8192cu/hal/rtl8192c/rtl8192c_sreset.o
  CC [M]  drivers/net/wireless/realtek/rtl8192cu/hal/rtl8192c/rtl8192c_xmit.o
  CC [M]  drivers/net/wireless/realtek/rtl8192cu/hal/rtl8192c/usb/Hal8192CUHWImg.o
  CC [M]  drivers/net/wireless/realtek/rtl8192cu/os_dep/osdep_service.o
  CC [M]  drivers/net/wireless/realtek/rtl8192cu/os_dep/linux/os_intfs.o
  CC [M]  drivers/net/wireless/realtek/rtl8192cu/os_dep/linux/usb_intf.o
In file included from drivers/net/wireless/realtek/rtl8192cu/include/osdep_service.h:760,
                 from drivers/net/wireless/realtek/rtl8192cu/os_dep/linux/usb_intf.c:23:
./include/linux/module.h:138:7: warning: ‘cleanup_module’ specifies less restrictive attribute than its target ‘rtw_drv_halt’: ‘cold’ [-Wmissing-attributes]
  138 |  void cleanup_module(void) __attribute__((alias(#exitfn)));
      |       ^~~~~~~~~~~~~~
drivers/net/wireless/realtek/rtl8192cu/os_dep/linux/usb_intf.c:1625:1: note: in expansion of macro ‘module_exit’
 1625 | module_exit(rtw_drv_halt);
      | ^~~~~~~~~~~
drivers/net/wireless/realtek/rtl8192cu/os_dep/linux/usb_intf.c:1598:20: note: ‘cleanup_module’ target declared here
 1598 | static void __exit rtw_drv_halt(void)
      |                    ^~~~~~~~~~~~
In file included from drivers/net/wireless/realtek/rtl8192cu/include/osdep_service.h:760,
                 from drivers/net/wireless/realtek/rtl8192cu/os_dep/linux/usb_intf.c:23:
./include/linux/module.h:132:6: warning: ‘init_module’ specifies less restrictive attribute than its target ‘rtw_drv_entry’: ‘cold’ [-Wmissing-attributes]
  132 |  int init_module(void) __attribute__((alias(#initfn)));
      |      ^~~~~~~~~~~
drivers/net/wireless/realtek/rtl8192cu/os_dep/linux/usb_intf.c:1624:1: note: in expansion of macro ‘module_init’
 1624 | module_init(rtw_drv_entry);
      | ^~~~~~~~~~~
drivers/net/wireless/realtek/rtl8192cu/os_dep/linux/usb_intf.c:1544:19: note: ‘init_module’ target declared here
 1544 | static int __init rtw_drv_entry(void)
      |                   ^~~~~~~~~~~~~
  CC [M]  drivers/net/wireless/realtek/rtl8192cu/os_dep/linux/usb_ops_linux.o
  CC [M]  drivers/net/wireless/realtek/rtl8192cu/os_dep/linux/ioctl_linux.o
drivers/net/wireless/realtek/rtl8192cu/os_dep/linux/ioctl_linux.c: In function ‘rtw_wx_get_scan’:
drivers/net/wireless/realtek/rtl8192cu/os_dep/linux/ioctl_linux.c:2196:34: warning: taking address of packed member of ‘struct _WLAN_BSSID_EX’ may result in an unaligned pointer value [-Waddress-of-packed-member]
 2196 |    && _TRUE == rtw_validate_ssid(&(pnetwork->network.Ssid))
      |                                  ^~~~~~~~~~~~~~~~~~~~~~~~~
drivers/net/wireless/realtek/rtl8192cu/os_dep/linux/ioctl_linux.c: In function ‘set_group_key’:
drivers/net/wireless/realtek/rtl8192cu/os_dep/linux/ioctl_linux.c:7383:11: warning: this statement may fall through [-Wimplicit-fallthrough=]
 7383 |    keylen = 16;
      |    ~~~~~~~^~~~
drivers/net/wireless/realtek/rtl8192cu/os_dep/linux/ioctl_linux.c:7384:3: note: here
 7384 |   default:
      |   ^~~~~~~
  CC [M]  drivers/net/wireless/realtek/rtl8192cu/os_dep/linux/xmit_linux.o
  CC [M]  drivers/net/wireless/realtek/rtl8192cu/os_dep/linux/mlme_linux.o
  CC [M]  drivers/net/wireless/realtek/rtl8192cu/os_dep/linux/recv_linux.o
  CC [M]  drivers/net/wireless/realtek/rtl8192cu/os_dep/linux/ioctl_cfg80211.o
drivers/net/wireless/realtek/rtl8192cu/os_dep/linux/ioctl_cfg80211.c: In function ‘rtw_cfg80211_inform_bss’:
drivers/net/wireless/realtek/rtl8192cu/os_dep/linux/ioctl_cfg80211.c:358:29: warning: taking address of packed member of ‘struct _WLAN_BSSID_EX’ may result in an unaligned pointer value [-Waddress-of-packed-member]
  358 |   NDIS_802_11_SSID *pssid = &pnetwork->network.Ssid;
      |                             ^~~~~~~~~~~~~~~~~~~~~~~
drivers/net/wireless/realtek/rtl8192cu/os_dep/linux/ioctl_cfg80211.c:466:10: warning: taking address of packed member of ‘struct rtw_ieee80211_hdr’ may result in an unaligned pointer value [-Waddress-of-packed-member]
  466 |  fctrl = &(pwlanhdr->frame_ctl);
      |          ^~~~~~~~~~~~~~~~~~~~~~
drivers/net/wireless/realtek/rtl8192cu/os_dep/linux/ioctl_cfg80211.c: In function ‘rtw_cfg80211_surveydone_event_callback’:
drivers/net/wireless/realtek/rtl8192cu/os_dep/linux/ioctl_cfg80211.c:1874:34: warning: taking address of packed member of ‘struct _WLAN_BSSID_EX’ may result in an unaligned pointer value [-Waddress-of-packed-member]
 1874 |    && _TRUE == rtw_validate_ssid(&(pnetwork->network.Ssid))
      |                                  ^~~~~~~~~~~~~~~~~~~~~~~~~
drivers/net/wireless/realtek/rtl8192cu/os_dep/linux/ioctl_cfg80211.c: In function ‘rtw_cfg80211_issue_p2p_provision_request’:
drivers/net/wireless/realtek/rtl8192cu/os_dep/linux/ioctl_cfg80211.c:4193:10: warning: taking address of packed member of ‘struct rtw_ieee80211_hdr’ may result in an unaligned pointer value [-Waddress-of-packed-member]
 4193 |  fctrl = &(pwlanhdr->frame_ctl);
      |          ^~~~~~~~~~~~~~~~~~~~~~
drivers/net/wireless/realtek/rtl8192cu/os_dep/linux/ioctl_cfg80211.c: In function ‘set_group_key’:
drivers/net/wireless/realtek/rtl8192cu/os_dep/linux/ioctl_cfg80211.c:808:11: warning: this statement may fall through [-Wimplicit-fallthrough=]
  808 |    keylen = 16;
      |    ~~~~~~~^~~~
drivers/net/wireless/realtek/rtl8192cu/os_dep/linux/ioctl_cfg80211.c:809:3: note: here
  809 |   default:
      |   ^~~~~~~
  CC [M]  drivers/net/wireless/realtek/rtl8192cu/os_dep/linux/rtw_android.o
  LD [M]  drivers/net/wireless/realtek/rtl8192cu/8192cu.o
  LD      drivers/net/wireless/realtek/rtl8xxxu/built-in.o
  CC [M]  drivers/net/wireless/realtek/rtl8xxxu/rtl8xxxu_core.o
In file included from drivers/net/wireless/realtek/rtl8xxxu/rtl8xxxu_core.c:29:
./include/linux/module.h:138:7: warning: ‘cleanup_module’ specifies less restrictive attribute than its target ‘rtl8xxxu_module_exit’: ‘cold’ [-Wmissing-attributes]
  138 |  void cleanup_module(void) __attribute__((alias(#exitfn)));
      |       ^~~~~~~~~~~~~~
drivers/net/wireless/realtek/rtl8xxxu/rtl8xxxu_core.c:6359:1: note: in expansion of macro ‘module_exit’
 6359 | module_exit(rtl8xxxu_module_exit);
      | ^~~~~~~~~~~
drivers/net/wireless/realtek/rtl8xxxu/rtl8xxxu_core.c:6350:20: note: ‘cleanup_module’ target declared here
 6350 | static void __exit rtl8xxxu_module_exit(void)
      |                    ^~~~~~~~~~~~~~~~~~~~
In file included from drivers/net/wireless/realtek/rtl8xxxu/rtl8xxxu_core.c:29:
./include/linux/module.h:132:6: warning: ‘init_module’ specifies less restrictive attribute than its target ‘rtl8xxxu_module_init’: ‘cold’ [-Wmissing-attributes]
  132 |  int init_module(void) __attribute__((alias(#initfn)));
      |      ^~~~~~~~~~~
drivers/net/wireless/realtek/rtl8xxxu/rtl8xxxu_core.c:6358:1: note: in expansion of macro ‘module_init’
 6358 | module_init(rtl8xxxu_module_init);
      | ^~~~~~~~~~~
drivers/net/wireless/realtek/rtl8xxxu/rtl8xxxu_core.c:6339:19: note: ‘init_module’ target declared here
 6339 | static int __init rtl8xxxu_module_init(void)
      |                   ^~~~~~~~~~~~~~~~~~~~
  CC [M]  drivers/net/wireless/realtek/rtl8xxxu/rtl8xxxu_8192e.o
  CC [M]  drivers/net/wireless/realtek/rtl8xxxu/rtl8xxxu_8723b.o
  CC [M]  drivers/net/wireless/realtek/rtl8xxxu/rtl8xxxu_8723a.o
  CC [M]  drivers/net/wireless/realtek/rtl8xxxu/rtl8xxxu_8192c.o
  LD [M]  drivers/net/wireless/realtek/rtl8xxxu/rtl8xxxu.o
  LD      drivers/net/wireless/realtek/rtlwifi/built-in.o
  CC [M]  drivers/net/wireless/realtek/rtlwifi/base.o
drivers/net/wireless/realtek/rtlwifi/base.c: In function ‘rtl_action_proc’:
drivers/net/wireless/realtek/rtlwifi/base.c:1278:16: warning: taking address of packed member of ‘struct rtl_sta_info’ may result in an unaligned pointer value [-Waddress-of-packed-member]
 1278 |     tid_data = &sta_entry->tids[tid];
      |                ^~~~~~~~~~~~~~~~~~~~~
drivers/net/wireless/realtek/rtlwifi/base.c: In function ‘rtl_tx_agg_start’:
drivers/net/wireless/realtek/rtlwifi/base.c:1424:13: warning: taking address of packed member of ‘struct rtl_sta_info’ may result in an unaligned pointer value [-Waddress-of-packed-member]
 1424 |  tid_data = &sta_entry->tids[tid];
      |             ^~~~~~~~~~~~~~~~~~~~~
drivers/net/wireless/realtek/rtlwifi/base.c: In function ‘rtl_tx_agg_stop’:
drivers/net/wireless/realtek/rtlwifi/base.c:1454:13: warning: taking address of packed member of ‘struct rtl_sta_info’ may result in an unaligned pointer value [-Waddress-of-packed-member]
 1454 |  tid_data = &sta_entry->tids[tid];
      |             ^~~~~~~~~~~~~~~~~~~~~
drivers/net/wireless/realtek/rtlwifi/base.c: In function ‘rtl_rx_agg_start’:
drivers/net/wireless/realtek/rtlwifi/base.c:1477:13: warning: taking address of packed member of ‘struct rtl_sta_info’ may result in an unaligned pointer value [-Waddress-of-packed-member]
 1477 |  tid_data = &sta_entry->tids[tid];
      |             ^~~~~~~~~~~~~~~~~~~~~
In file included from ./include/linux/phy.h:24,
                 from ./include/net/dsa.h:19,
                 from ./include/linux/netdevice.h:44,
                 from ./include/linux/etherdevice.h:26,
                 from drivers/net/wireless/realtek/rtlwifi/wifi.h:33,
                 from drivers/net/wireless/realtek/rtlwifi/base.c:26:
drivers/net/wireless/realtek/rtlwifi/base.c: At top level:
./include/linux/module.h:132:6: warning: ‘init_module’ specifies less restrictive attribute than its target ‘rtl_core_module_init’: ‘cold’ [-Wmissing-attributes]
  132 |  int init_module(void) __attribute__((alias(#initfn)));
      |      ^~~~~~~~~~~
drivers/net/wireless/realtek/rtlwifi/base.c:2175:1: note: in expansion of macro ‘module_init’
 2175 | module_init(rtl_core_module_init);
      | ^~~~~~~~~~~
drivers/net/wireless/realtek/rtlwifi/base.c:2157:19: note: ‘init_module’ target declared here
 2157 | static int __init rtl_core_module_init(void)
      |                   ^~~~~~~~~~~~~~~~~~~~
In file included from ./include/linux/phy.h:24,
                 from ./include/net/dsa.h:19,
                 from ./include/linux/netdevice.h:44,
                 from ./include/linux/etherdevice.h:26,
                 from drivers/net/wireless/realtek/rtlwifi/wifi.h:33,
                 from drivers/net/wireless/realtek/rtlwifi/base.c:26:
./include/linux/module.h:138:7: warning: ‘cleanup_module’ specifies less restrictive attribute than its target ‘rtl_core_module_exit’: ‘cold’ [-Wmissing-attributes]
  138 |  void cleanup_module(void) __attribute__((alias(#exitfn)));
      |       ^~~~~~~~~~~~~~
drivers/net/wireless/realtek/rtlwifi/base.c:2176:1: note: in expansion of macro ‘module_exit’
 2176 | module_exit(rtl_core_module_exit);
      | ^~~~~~~~~~~
drivers/net/wireless/realtek/rtlwifi/base.c:2169:20: note: ‘cleanup_module’ target declared here
 2169 | static void __exit rtl_core_module_exit(void)
      |                    ^~~~~~~~~~~~~~~~~~~~
  CC [M]  drivers/net/wireless/realtek/rtlwifi/cam.o
  CC [M]  drivers/net/wireless/realtek/rtlwifi/core.o
drivers/net/wireless/realtek/rtlwifi/core.c: In function ‘rtl_op_sta_add’:
drivers/net/wireless/realtek/rtlwifi/core.c:906:17: warning: taking address of packed member of ‘struct rtl_sta_info’ may result in an unaligned pointer value [-Waddress-of-packed-member]
  906 |   list_add_tail(&sta_entry->list, &rtlpriv->entry_list);
      |                 ^~~~~~~~~~~~~~~~
drivers/net/wireless/realtek/rtlwifi/core.c: In function ‘rtl_op_sta_remove’:
drivers/net/wireless/realtek/rtlwifi/core.c:953:12: warning: taking address of packed member of ‘struct rtl_sta_info’ may result in an unaligned pointer value [-Waddress-of-packed-member]
  953 |   list_del(&sta_entry->list);
      |            ^~~~~~~~~~~~~~~~
  CC [M]  drivers/net/wireless/realtek/rtlwifi/debug.o
  CC [M]  drivers/net/wireless/realtek/rtlwifi/efuse.o
  CC [M]  drivers/net/wireless/realtek/rtlwifi/ps.o
  CC [M]  drivers/net/wireless/realtek/rtlwifi/rc.o
  CC [M]  drivers/net/wireless/realtek/rtlwifi/regd.o
  CC [M]  drivers/net/wireless/realtek/rtlwifi/stats.o
  LD [M]  drivers/net/wireless/realtek/rtlwifi/rtlwifi.o
  CC [M]  drivers/net/wireless/realtek/rtlwifi/usb.o
  LD [M]  drivers/net/wireless/realtek/rtlwifi/rtl_usb.o
  LD      drivers/net/wireless/realtek/rtlwifi/rtl8192c/built-in.o
  CC [M]  drivers/net/wireless/realtek/rtlwifi/rtl8192c/main.o
  CC [M]  drivers/net/wireless/realtek/rtlwifi/rtl8192c/dm_common.o
  CC [M]  drivers/net/wireless/realtek/rtlwifi/rtl8192c/fw_common.o
  CC [M]  drivers/net/wireless/realtek/rtlwifi/rtl8192c/phy_common.o
  LD [M]  drivers/net/wireless/realtek/rtlwifi/rtl8192c/rtl8192c-common.o
  LD      drivers/net/wireless/realtek/rtlwifi/rtl8192cu/built-in.o
  CC [M]  drivers/net/wireless/realtek/rtlwifi/rtl8192cu/dm.o
  CC [M]  drivers/net/wireless/realtek/rtlwifi/rtl8192cu/hw.o
  CC [M]  drivers/net/wireless/realtek/rtlwifi/rtl8192cu/led.o
  CC [M]  drivers/net/wireless/realtek/rtlwifi/rtl8192cu/mac.o
  CC [M]  drivers/net/wireless/realtek/rtlwifi/rtl8192cu/phy.o
  CC [M]  drivers/net/wireless/realtek/rtlwifi/rtl8192cu/rf.o
  CC [M]  drivers/net/wireless/realtek/rtlwifi/rtl8192cu/sw.o
In file included from ./include/linux/phy.h:24,
                 from ./include/net/dsa.h:19,
                 from ./include/linux/netdevice.h:44,
                 from ./include/linux/etherdevice.h:26,
                 from drivers/net/wireless/realtek/rtlwifi/rtl8192cu/../wifi.h:33,
                 from drivers/net/wireless/realtek/rtlwifi/rtl8192cu/sw.c:30:
./include/linux/module.h:138:7: warning: ‘cleanup_module’ specifies less restrictive attribute than its target ‘rtl8192cu_driver_exit’: ‘cold’ [-Wmissing-attributes]
  138 |  void cleanup_module(void) __attribute__((alias(#exitfn)));
      |       ^~~~~~~~~~~~~~
./include/linux/device.h:1360:1: note: in expansion of macro ‘module_exit’
 1360 | module_exit(__driver##_exit);
      | ^~~~~~~~~~~
./include/linux/usb.h:1195:2: note: in expansion of macro ‘module_driver’
 1195 |  module_driver(__usb_driver, usb_register, \
      |  ^~~~~~~~~~~~~
drivers/net/wireless/realtek/rtlwifi/rtl8192cu/sw.c:414:1: note: in expansion of macro ‘module_usb_driver’
  414 | module_usb_driver(rtl8192cu_driver);
      | ^~~~~~~~~~~~~~~~~
In file included from ./include/linux/dma-mapping.h:6,
                 from ./include/linux/skbuff.h:34,
                 from ./include/linux/if_ether.h:23,
                 from ./include/linux/etherdevice.h:25,
                 from drivers/net/wireless/realtek/rtlwifi/rtl8192cu/../wifi.h:33,
                 from drivers/net/wireless/realtek/rtlwifi/rtl8192cu/sw.c:30:
drivers/net/wireless/realtek/rtlwifi/rtl8192cu/sw.c:414:19: note: ‘cleanup_module’ target declared here
  414 | module_usb_driver(rtl8192cu_driver);
      |                   ^~~~~~~~~~~~~~~~
./include/linux/device.h:1356:20: note: in definition of macro ‘module_driver’
 1356 | static void __exit __driver##_exit(void) \
      |                    ^~~~~~~~
drivers/net/wireless/realtek/rtlwifi/rtl8192cu/sw.c:414:1: note: in expansion of macro ‘module_usb_driver’
  414 | module_usb_driver(rtl8192cu_driver);
      | ^~~~~~~~~~~~~~~~~
In file included from ./include/linux/phy.h:24,
                 from ./include/net/dsa.h:19,
                 from ./include/linux/netdevice.h:44,
                 from ./include/linux/etherdevice.h:26,
                 from drivers/net/wireless/realtek/rtlwifi/rtl8192cu/../wifi.h:33,
                 from drivers/net/wireless/realtek/rtlwifi/rtl8192cu/sw.c:30:
./include/linux/module.h:132:6: warning: ‘init_module’ specifies less restrictive attribute than its target ‘rtl8192cu_driver_init’: ‘cold’ [-Wmissing-attributes]
  132 |  int init_module(void) __attribute__((alias(#initfn)));
      |      ^~~~~~~~~~~
./include/linux/device.h:1355:1: note: in expansion of macro ‘module_init’
 1355 | module_init(__driver##_init); \
      | ^~~~~~~~~~~
./include/linux/usb.h:1195:2: note: in expansion of macro ‘module_driver’
 1195 |  module_driver(__usb_driver, usb_register, \
      |  ^~~~~~~~~~~~~
drivers/net/wireless/realtek/rtlwifi/rtl8192cu/sw.c:414:1: note: in expansion of macro ‘module_usb_driver’
  414 | module_usb_driver(rtl8192cu_driver);
      | ^~~~~~~~~~~~~~~~~
In file included from ./include/linux/dma-mapping.h:6,
                 from ./include/linux/skbuff.h:34,
                 from ./include/linux/if_ether.h:23,
                 from ./include/linux/etherdevice.h:25,
                 from drivers/net/wireless/realtek/rtlwifi/rtl8192cu/../wifi.h:33,
                 from drivers/net/wireless/realtek/rtlwifi/rtl8192cu/sw.c:30:
drivers/net/wireless/realtek/rtlwifi/rtl8192cu/sw.c:414:19: note: ‘init_module’ target declared here
  414 | module_usb_driver(rtl8192cu_driver);
      |                   ^~~~~~~~~~~~~~~~
./include/linux/device.h:1351:19: note: in definition of macro ‘module_driver’
 1351 | static int __init __driver##_init(void) \
      |                   ^~~~~~~~
drivers/net/wireless/realtek/rtlwifi/rtl8192cu/sw.c:414:1: note: in expansion of macro ‘module_usb_driver’
  414 | module_usb_driver(rtl8192cu_driver);
      | ^~~~~~~~~~~~~~~~~
  CC [M]  drivers/net/wireless/realtek/rtlwifi/rtl8192cu/table.o
  CC [M]  drivers/net/wireless/realtek/rtlwifi/rtl8192cu/trx.o
  LD [M]  drivers/net/wireless/realtek/rtlwifi/rtl8192cu/rtl8192cu.o
  LD      drivers/net/wireless/rsi/built-in.o
  LD      drivers/net/wireless/st/built-in.o
  LD      drivers/net/wireless/ti/built-in.o
  LD      drivers/net/wireless/zydas/built-in.o
  CC [M]  drivers/net/wireless/zydas/zd1201.o
In file included from drivers/net/wireless/zydas/zd1201.c:15:
./include/linux/module.h:138:7: warning: ‘cleanup_module’ specifies less restrictive attribute than its target ‘zd1201_usb_exit’: ‘cold’ [-Wmissing-attributes]
  138 |  void cleanup_module(void) __attribute__((alias(#exitfn)));
      |       ^~~~~~~~~~~~~~
./include/linux/device.h:1360:1: note: in expansion of macro ‘module_exit’
 1360 | module_exit(__driver##_exit);
      | ^~~~~~~~~~~
./include/linux/usb.h:1195:2: note: in expansion of macro ‘module_driver’
 1195 |  module_driver(__usb_driver, usb_register, \
      |  ^~~~~~~~~~~~~
drivers/net/wireless/zydas/zd1201.c:1913:1: note: in expansion of macro ‘module_usb_driver’
 1913 | module_usb_driver(zd1201_usb);
      | ^~~~~~~~~~~~~~~~~
In file included from ./include/linux/usb/ch9.h:35,
                 from ./include/linux/usb.h:5,
                 from drivers/net/wireless/zydas/zd1201.c:16:
drivers/net/wireless/zydas/zd1201.c:1913:19: note: ‘cleanup_module’ target declared here
 1913 | module_usb_driver(zd1201_usb);
      |                   ^~~~~~~~~~
./include/linux/device.h:1356:20: note: in definition of macro ‘module_driver’
 1356 | static void __exit __driver##_exit(void) \
      |                    ^~~~~~~~
drivers/net/wireless/zydas/zd1201.c:1913:1: note: in expansion of macro ‘module_usb_driver’
 1913 | module_usb_driver(zd1201_usb);
      | ^~~~~~~~~~~~~~~~~
In file included from drivers/net/wireless/zydas/zd1201.c:15:
./include/linux/module.h:132:6: warning: ‘init_module’ specifies less restrictive attribute than its target ‘zd1201_usb_init’: ‘cold’ [-Wmissing-attributes]
  132 |  int init_module(void) __attribute__((alias(#initfn)));
      |      ^~~~~~~~~~~
./include/linux/device.h:1355:1: note: in expansion of macro ‘module_init’
 1355 | module_init(__driver##_init); \
      | ^~~~~~~~~~~
./include/linux/usb.h:1195:2: note: in expansion of macro ‘module_driver’
 1195 |  module_driver(__usb_driver, usb_register, \
      |  ^~~~~~~~~~~~~
drivers/net/wireless/zydas/zd1201.c:1913:1: note: in expansion of macro ‘module_usb_driver’
 1913 | module_usb_driver(zd1201_usb);
      | ^~~~~~~~~~~~~~~~~
In file included from ./include/linux/usb/ch9.h:35,
                 from ./include/linux/usb.h:5,
                 from drivers/net/wireless/zydas/zd1201.c:16:
drivers/net/wireless/zydas/zd1201.c:1913:19: note: ‘init_module’ target declared here
 1913 | module_usb_driver(zd1201_usb);
      |                   ^~~~~~~~~~
./include/linux/device.h:1351:19: note: in definition of macro ‘module_driver’
 1351 | static int __init __driver##_init(void) \
      |                   ^~~~~~~~
drivers/net/wireless/zydas/zd1201.c:1913:1: note: in expansion of macro ‘module_usb_driver’
 1913 | module_usb_driver(zd1201_usb);
      | ^~~~~~~~~~~~~~~~~
  LD      drivers/net/wireless/zydas/zd1211rw/built-in.o
  CC [M]  drivers/net/wireless/zydas/zd1211rw/zd_chip.o
  CC [M]  drivers/net/wireless/zydas/zd1211rw/zd_mac.o
  CC [M]  drivers/net/wireless/zydas/zd1211rw/zd_rf_al2230.o
  CC [M]  drivers/net/wireless/zydas/zd1211rw/zd_rf_rf2959.o
  CC [M]  drivers/net/wireless/zydas/zd1211rw/zd_rf_al7230b.o
  CC [M]  drivers/net/wireless/zydas/zd1211rw/zd_rf_uw2453.o
  CC [M]  drivers/net/wireless/zydas/zd1211rw/zd_rf.o
  CC [M]  drivers/net/wireless/zydas/zd1211rw/zd_usb.o
In file included from drivers/net/wireless/zydas/zd1211rw/zd_usb.c:30:
./include/linux/module.h:138:7: warning: ‘cleanup_module’ specifies less restrictive attribute than its target ‘usb_exit’: ‘cold’ [-Wmissing-attributes]
  138 |  void cleanup_module(void) __attribute__((alias(#exitfn)));
      |       ^~~~~~~~~~~~~~
drivers/net/wireless/zydas/zd1211rw/zd_usb.c:1579:1: note: in expansion of macro ‘module_exit’
 1579 | module_exit(usb_exit);
      | ^~~~~~~~~~~
drivers/net/wireless/zydas/zd1211rw/zd_usb.c:1571:20: note: ‘cleanup_module’ target declared here
 1571 | static void __exit usb_exit(void)
      |                    ^~~~~~~~
In file included from drivers/net/wireless/zydas/zd1211rw/zd_usb.c:30:
./include/linux/module.h:132:6: warning: ‘init_module’ specifies less restrictive attribute than its target ‘usb_init’: ‘cold’ [-Wmissing-attributes]
  132 |  int init_module(void) __attribute__((alias(#initfn)));
      |      ^~~~~~~~~~~
drivers/net/wireless/zydas/zd1211rw/zd_usb.c:1578:1: note: in expansion of macro ‘module_init’
 1578 | module_init(usb_init);
      | ^~~~~~~~~~~
drivers/net/wireless/zydas/zd1211rw/zd_usb.c:1547:19: note: ‘init_module’ target declared here
 1547 | static int __init usb_init(void)
      |                   ^~~~~~~~
  LD [M]  drivers/net/wireless/zydas/zd1211rw/zd1211rw.o
  LD      drivers/net/wireless/built-in.o
  CC [M]  drivers/net/wireless/rndis_wlan.o
In file included from drivers/net/wireless/rndis_wlan.c:28:
./include/linux/module.h:138:7: warning: ‘cleanup_module’ specifies less restrictive attribute than its target ‘rndis_wlan_driver_exit’: ‘cold’ [-Wmissing-attributes]
  138 |  void cleanup_module(void) __attribute__((alias(#exitfn)));
      |       ^~~~~~~~~~~~~~
./include/linux/device.h:1360:1: note: in expansion of macro ‘module_exit’
 1360 | module_exit(__driver##_exit);
      | ^~~~~~~~~~~
./include/linux/usb.h:1195:2: note: in expansion of macro ‘module_driver’
 1195 |  module_driver(__usb_driver, usb_register, \
      |  ^~~~~~~~~~~~~
drivers/net/wireless/rndis_wlan.c:3768:1: note: in expansion of macro ‘module_usb_driver’
 3768 | module_usb_driver(rndis_wlan_driver);
      | ^~~~~~~~~~~~~~~~~
In file included from ./include/linux/dmaengine.h:20,
                 from ./include/linux/netdevice.h:38,
                 from drivers/net/wireless/rndis_wlan.c:29:
drivers/net/wireless/rndis_wlan.c:3768:19: note: ‘cleanup_module’ target declared here
 3768 | module_usb_driver(rndis_wlan_driver);
      |                   ^~~~~~~~~~~~~~~~~
./include/linux/device.h:1356:20: note: in definition of macro ‘module_driver’
 1356 | static void __exit __driver##_exit(void) \
      |                    ^~~~~~~~
drivers/net/wireless/rndis_wlan.c:3768:1: note: in expansion of macro ‘module_usb_driver’
 3768 | module_usb_driver(rndis_wlan_driver);
      | ^~~~~~~~~~~~~~~~~
In file included from drivers/net/wireless/rndis_wlan.c:28:
./include/linux/module.h:132:6: warning: ‘init_module’ specifies less restrictive attribute than its target ‘rndis_wlan_driver_init’: ‘cold’ [-Wmissing-attributes]
  132 |  int init_module(void) __attribute__((alias(#initfn)));
      |      ^~~~~~~~~~~
./include/linux/device.h:1355:1: note: in expansion of macro ‘module_init’
 1355 | module_init(__driver##_init); \
      | ^~~~~~~~~~~
./include/linux/usb.h:1195:2: note: in expansion of macro ‘module_driver’
 1195 |  module_driver(__usb_driver, usb_register, \
      |  ^~~~~~~~~~~~~
drivers/net/wireless/rndis_wlan.c:3768:1: note: in expansion of macro ‘module_usb_driver’
 3768 | module_usb_driver(rndis_wlan_driver);
      | ^~~~~~~~~~~~~~~~~
In file included from ./include/linux/dmaengine.h:20,
                 from ./include/linux/netdevice.h:38,
                 from drivers/net/wireless/rndis_wlan.c:29:
drivers/net/wireless/rndis_wlan.c:3768:19: note: ‘init_module’ target declared here
 3768 | module_usb_driver(rndis_wlan_driver);
      |                   ^~~~~~~~~~~~~~~~~
./include/linux/device.h:1351:19: note: in definition of macro ‘module_driver’
 1351 | static int __init __driver##_init(void) \
      |                   ^~~~~~~~
drivers/net/wireless/rndis_wlan.c:3768:1: note: in expansion of macro ‘module_usb_driver’
 3768 | module_usb_driver(rndis_wlan_driver);
      | ^~~~~~~~~~~~~~~~~
  CC [M]  drivers/net/wireless/mac80211_hwsim.o
In file included from ./include/linux/phy.h:24,
                 from ./include/net/dsa.h:19,
                 from ./include/linux/netdevice.h:44,
                 from ./include/net/dst.h:12,
                 from drivers/net/wireless/mac80211_hwsim.c:21:
./include/linux/module.h:132:6: warning: ‘init_module’ specifies less restrictive attribute than its target ‘init_mac80211_hwsim’: ‘cold’ [-Wmissing-attributes]
  132 |  int init_module(void) __attribute__((alias(#initfn)));
      |      ^~~~~~~~~~~
drivers/net/wireless/mac80211_hwsim.c:3524:1: note: in expansion of macro ‘module_init’
 3524 | module_init(init_mac80211_hwsim);
      | ^~~~~~~~~~~
drivers/net/wireless/mac80211_hwsim.c:3368:19: note: ‘init_module’ target declared here
 3368 | static int __init init_mac80211_hwsim(void)
      |                   ^~~~~~~~~~~~~~~~~~~
In file included from ./include/linux/phy.h:24,
                 from ./include/net/dsa.h:19,
                 from ./include/linux/netdevice.h:44,
                 from ./include/net/dst.h:12,
                 from drivers/net/wireless/mac80211_hwsim.c:21:
./include/linux/module.h:138:7: warning: ‘cleanup_module’ specifies less restrictive attribute than its target ‘exit_mac80211_hwsim’: ‘cold’ [-Wmissing-attributes]
  138 |  void cleanup_module(void) __attribute__((alias(#exitfn)));
      |       ^~~~~~~~~~~~~~
drivers/net/wireless/mac80211_hwsim.c:3537:1: note: in expansion of macro ‘module_exit’
 3537 | module_exit(exit_mac80211_hwsim);
      | ^~~~~~~~~~~
drivers/net/wireless/mac80211_hwsim.c:3526:20: note: ‘cleanup_module’ target declared here
 3526 | static void __exit exit_mac80211_hwsim(void)
      |                    ^~~~~~~~~~~~~~~~~~~
  LD      drivers/net/built-in.o
  CC [M]  drivers/net/dummy.o
In file included from drivers/net/dummy.c:31:
./include/linux/module.h:132:6: warning: ‘init_module’ specifies less restrictive attribute than its target ‘dummy_init_module’: ‘cold’ [-Wmissing-attributes]
  132 |  int init_module(void) __attribute__((alias(#initfn)));
      |      ^~~~~~~~~~~
drivers/net/dummy.c:227:1: note: in expansion of macro ‘module_init’
  227 | module_init(dummy_init_module);
      | ^~~~~~~~~~~
drivers/net/dummy.c:200:19: note: ‘init_module’ target declared here
  200 | static int __init dummy_init_module(void)
      |                   ^~~~~~~~~~~~~~~~~
In file included from drivers/net/dummy.c:31:
./include/linux/module.h:138:7: warning: ‘cleanup_module’ specifies less restrictive attribute than its target ‘dummy_cleanup_module’: ‘cold’ [-Wmissing-attributes]
  138 |  void cleanup_module(void) __attribute__((alias(#exitfn)));
      |       ^~~~~~~~~~~~~~
drivers/net/dummy.c:228:1: note: in expansion of macro ‘module_exit’
  228 | module_exit(dummy_cleanup_module);
      | ^~~~~~~~~~~
drivers/net/dummy.c:222:20: note: ‘cleanup_module’ target declared here
  222 | static void __exit dummy_cleanup_module(void)
      |                    ^~~~~~~~~~~~~~~~~~~~
  CC [M]  drivers/net/ifb.o
In file included from drivers/net/ifb.c:30:
./include/linux/module.h:132:6: warning: ‘init_module’ specifies less restrictive attribute than its target ‘ifb_init_module’: ‘cold’ [-Wmissing-attributes]
  132 |  int init_module(void) __attribute__((alias(#initfn)));
      |      ^~~~~~~~~~~
drivers/net/ifb.c:358:1: note: in expansion of macro ‘module_init’
  358 | module_init(ifb_init_module);
      | ^~~~~~~~~~~
drivers/net/ifb.c:331:19: note: ‘init_module’ target declared here
  331 | static int __init ifb_init_module(void)
      |                   ^~~~~~~~~~~~~~~
In file included from drivers/net/ifb.c:30:
./include/linux/module.h:138:7: warning: ‘cleanup_module’ specifies less restrictive attribute than its target ‘ifb_cleanup_module’: ‘cold’ [-Wmissing-attributes]
  138 |  void cleanup_module(void) __attribute__((alias(#exitfn)));
      |       ^~~~~~~~~~~~~~
drivers/net/ifb.c:359:1: note: in expansion of macro ‘module_exit’
  359 | module_exit(ifb_cleanup_module);
      | ^~~~~~~~~~~
drivers/net/ifb.c:353:20: note: ‘cleanup_module’ target declared here
  353 | static void __exit ifb_cleanup_module(void)
      |                    ^~~~~~~~~~~~~~~~~~
  CC [M]  drivers/net/macvlan.o
In file included from drivers/net/macvlan.c:18:
./include/linux/module.h:132:6: warning: ‘init_module’ specifies less restrictive attribute than its target ‘macvlan_init_module’: ‘cold’ [-Wmissing-attributes]
  132 |  int init_module(void) __attribute__((alias(#initfn)));
      |      ^~~~~~~~~~~
drivers/net/macvlan.c:1653:1: note: in expansion of macro ‘module_init’
 1653 | module_init(macvlan_init_module);
      | ^~~~~~~~~~~
drivers/net/macvlan.c:1632:19: note: ‘init_module’ target declared here
 1632 | static int __init macvlan_init_module(void)
      |                   ^~~~~~~~~~~~~~~~~~~
In file included from drivers/net/macvlan.c:18:
./include/linux/module.h:138:7: warning: ‘cleanup_module’ specifies less restrictive attribute than its target ‘macvlan_cleanup_module’: ‘cold’ [-Wmissing-attributes]
  138 |  void cleanup_module(void) __attribute__((alias(#exitfn)));
      |       ^~~~~~~~~~~~~~
drivers/net/macvlan.c:1654:1: note: in expansion of macro ‘module_exit’
 1654 | module_exit(macvlan_cleanup_module);
      | ^~~~~~~~~~~
drivers/net/macvlan.c:1647:20: note: ‘cleanup_module’ target declared here
 1647 | static void __exit macvlan_cleanup_module(void)
      |                    ^~~~~~~~~~~~~~~~~~~~~~
  CC [M]  drivers/net/netconsole.o
In file included from drivers/net/netconsole.c:41:
./include/linux/module.h:132:6: warning: ‘init_module’ specifies less restrictive attribute than its target ‘init_netconsole’: ‘cold’ [-Wmissing-attributes]
  132 |  int init_module(void) __attribute__((alias(#initfn)));
      |      ^~~~~~~~~~~
./include/linux/module.h:122:28: note: in expansion of macro ‘module_init’
  122 | #define late_initcall(fn)  module_init(fn)
      |                            ^~~~~~~~~~~
drivers/net/netconsole.c:984:1: note: in expansion of macro ‘late_initcall’
  984 | late_initcall(init_netconsole);
      | ^~~~~~~~~~~~~
drivers/net/netconsole.c:893:19: note: ‘init_module’ target declared here
  893 | static int __init init_netconsole(void)
      |                   ^~~~~~~~~~~~~~~
In file included from drivers/net/netconsole.c:41:
./include/linux/module.h:138:7: warning: ‘cleanup_module’ specifies less restrictive attribute than its target ‘cleanup_netconsole’: ‘cold’ [-Wmissing-attributes]
  138 |  void cleanup_module(void) __attribute__((alias(#exitfn)));
      |       ^~~~~~~~~~~~~~
drivers/net/netconsole.c:985:1: note: in expansion of macro ‘module_exit’
  985 | module_exit(cleanup_netconsole);
      | ^~~~~~~~~~~
drivers/net/netconsole.c:955:20: note: ‘cleanup_module’ target declared here
  955 | static void __exit cleanup_netconsole(void)
      |                    ^~~~~~~~~~~~~~~~~~
  CC [M]  drivers/net/tun.o
In file included from drivers/net/tun.c:44:
./include/linux/module.h:132:6: warning: ‘init_module’ specifies less restrictive attribute than its target ‘tun_init’: ‘cold’ [-Wmissing-attributes]
  132 |  int init_module(void) __attribute__((alias(#initfn)));
      |      ^~~~~~~~~~~
drivers/net/tun.c:2597:1: note: in expansion of macro ‘module_init’
 2597 | module_init(tun_init);
      | ^~~~~~~~~~~
drivers/net/tun.c:2547:19: note: ‘init_module’ target declared here
 2547 | static int __init tun_init(void)
      |                   ^~~~~~~~
  CC [M]  drivers/net/veth.o
In file included from ./include/linux/phy.h:24,
                 from ./include/net/dsa.h:19,
                 from ./include/linux/netdevice.h:44,
                 from drivers/net/veth.c:11:
./include/linux/module.h:132:6: warning: ‘init_module’ specifies less restrictive attribute than its target ‘veth_init’: ‘cold’ [-Wmissing-attributes]
  132 |  int init_module(void) __attribute__((alias(#initfn)));
      |      ^~~~~~~~~~~
drivers/net/veth.c:543:1: note: in expansion of macro ‘module_init’
  543 | module_init(veth_init);
      | ^~~~~~~~~~~
drivers/net/veth.c:533:19: note: ‘init_module’ target declared here
  533 | static __init int veth_init(void)
      |                   ^~~~~~~~~
In file included from ./include/linux/phy.h:24,
                 from ./include/net/dsa.h:19,
                 from ./include/linux/netdevice.h:44,
                 from drivers/net/veth.c:11:
./include/linux/module.h:138:7: warning: ‘cleanup_module’ specifies less restrictive attribute than its target ‘veth_exit’: ‘cold’ [-Wmissing-attributes]
  138 |  void cleanup_module(void) __attribute__((alias(#exitfn)));
      |       ^~~~~~~~~~~~~~
drivers/net/veth.c:544:1: note: in expansion of macro ‘module_exit’
  544 | module_exit(veth_exit);
      | ^~~~~~~~~~~
drivers/net/veth.c:538:20: note: ‘cleanup_module’ target declared here
  538 | static __exit void veth_exit(void)
      |                    ^~~~~~~~~
  CC [M]  drivers/net/vxlan.o
In file included from drivers/net/vxlan.c:14:
./include/linux/module.h:132:6: warning: ‘init_module’ specifies less restrictive attribute than its target ‘vxlan_init_module’: ‘cold’ [-Wmissing-attributes]
  132 |  int init_module(void) __attribute__((alias(#initfn)));
      |      ^~~~~~~~~~~
./include/linux/module.h:122:28: note: in expansion of macro ‘module_init’
  122 | #define late_initcall(fn)  module_init(fn)
      |                            ^~~~~~~~~~~
drivers/net/vxlan.c:3391:1: note: in expansion of macro ‘late_initcall’
 3391 | late_initcall(vxlan_init_module);
      | ^~~~~~~~~~~~~
drivers/net/vxlan.c:3365:19: note: ‘init_module’ target declared here
 3365 | static int __init vxlan_init_module(void)
      |                   ^~~~~~~~~~~~~~~~~
In file included from drivers/net/vxlan.c:14:
./include/linux/module.h:138:7: warning: ‘cleanup_module’ specifies less restrictive attribute than its target ‘vxlan_cleanup_module’: ‘cold’ [-Wmissing-attributes]
  138 |  void cleanup_module(void) __attribute__((alias(#exitfn)));
      |       ^~~~~~~~~~~~~~
drivers/net/vxlan.c:3400:1: note: in expansion of macro ‘module_exit’
 3400 | module_exit(vxlan_cleanup_module);
      | ^~~~~~~~~~~
drivers/net/vxlan.c:3393:20: note: ‘cleanup_module’ target declared here
 3393 | static void __exit vxlan_cleanup_module(void)
      |                    ^~~~~~~~~~~~~~~~~~~~
  LD      drivers/nfc/built-in.o
  LD      drivers/nvme/host/built-in.o
  LD      drivers/nvme/target/built-in.o
  LD      drivers/nvme/built-in.o
  LD      drivers/nvmem/built-in.o
  CC [M]  drivers/nvmem/core.o
In file included from drivers/nvmem/core.c:22:
./include/linux/module.h:132:6: warning: ‘init_module’ specifies less restrictive attribute than its target ‘nvmem_init’: ‘cold’ [-Wmissing-attributes]
  132 |  int init_module(void) __attribute__((alias(#initfn)));
      |      ^~~~~~~~~~~
./include/linux/module.h:115:30: note: in expansion of macro ‘module_init’
  115 | #define subsys_initcall(fn)  module_init(fn)
      |                              ^~~~~~~~~~~
drivers/nvmem/core.c:1222:1: note: in expansion of macro ‘subsys_initcall’
 1222 | subsys_initcall(nvmem_init);
      | ^~~~~~~~~~~~~~~
drivers/nvmem/core.c:1212:19: note: ‘init_module’ target declared here
 1212 | static int __init nvmem_init(void)
      |                   ^~~~~~~~~~
In file included from drivers/nvmem/core.c:22:
./include/linux/module.h:138:7: warning: ‘cleanup_module’ specifies less restrictive attribute than its target ‘nvmem_exit’: ‘cold’ [-Wmissing-attributes]
  138 |  void cleanup_module(void) __attribute__((alias(#exitfn)));
      |       ^~~~~~~~~~~~~~
drivers/nvmem/core.c:1223:1: note: in expansion of macro ‘module_exit’
 1223 | module_exit(nvmem_exit);
      | ^~~~~~~~~~~
drivers/nvmem/core.c:1217:20: note: ‘cleanup_module’ target declared here
 1217 | static void __exit nvmem_exit(void)
      |                    ^~~~~~~~~~
  LD [M]  drivers/nvmem/nvmem_core.o
  CC      drivers/of/base.o
  CC      drivers/of/device.o
  CC      drivers/of/platform.o
  CC      drivers/of/configfs.o
  CC      drivers/of/dynamic.o
  CC      drivers/of/fdt.o
  CC      drivers/of/fdt_address.o
  CC      drivers/of/address.o
  CC      drivers/of/irq.o
  CC      drivers/of/of_net.o
  CC      drivers/of/of_mdio.o
  CC      drivers/of/of_reserved_mem.o
  CC      drivers/of/resolver.o
  CC      drivers/of/overlay.o
  LD      drivers/of/built-in.o
  CC      drivers/perf/arm_pmu.o
  LD      drivers/perf/built-in.o
  CC [M]  drivers/perf/raspberrypi_axi_monitor.o
In file included from ./include/linux/devcoredump.h:24,
                 from drivers/perf/raspberrypi_axi_monitor.c:16:
./include/linux/module.h:138:7: warning: ‘cleanup_module’ specifies less restrictive attribute than its target ‘rpi_axiperf_driver_exit’: ‘cold’ [-Wmissing-attributes]
  138 |  void cleanup_module(void) __attribute__((alias(#exitfn)));
      |       ^~~~~~~~~~~~~~
./include/linux/device.h:1360:1: note: in expansion of macro ‘module_exit’
 1360 | module_exit(__driver##_exit);
      | ^~~~~~~~~~~
./include/linux/platform_device.h:228:2: note: in expansion of macro ‘module_driver’
  228 |  module_driver(__platform_driver, platform_driver_register, \
      |  ^~~~~~~~~~~~~
drivers/perf/raspberrypi_axi_monitor.c:631:1: note: in expansion of macro ‘module_platform_driver’
  631 | module_platform_driver(rpi_axiperf_driver);
      | ^~~~~~~~~~~~~~~~~~~~~~
In file included from ./include/linux/devcoredump.h:23,
                 from drivers/perf/raspberrypi_axi_monitor.c:16:
drivers/perf/raspberrypi_axi_monitor.c:631:24: note: ‘cleanup_module’ target declared here
  631 | module_platform_driver(rpi_axiperf_driver);
      |                        ^~~~~~~~~~~~~~~~~~
./include/linux/device.h:1356:20: note: in definition of macro ‘module_driver’
 1356 | static void __exit __driver##_exit(void) \
      |                    ^~~~~~~~
drivers/perf/raspberrypi_axi_monitor.c:631:1: note: in expansion of macro ‘module_platform_driver’
  631 | module_platform_driver(rpi_axiperf_driver);
      | ^~~~~~~~~~~~~~~~~~~~~~
In file included from ./include/linux/devcoredump.h:24,
                 from drivers/perf/raspberrypi_axi_monitor.c:16:
./include/linux/module.h:132:6: warning: ‘init_module’ specifies less restrictive attribute than its target ‘rpi_axiperf_driver_init’: ‘cold’ [-Wmissing-attributes]
  132 |  int init_module(void) __attribute__((alias(#initfn)));
      |      ^~~~~~~~~~~
./include/linux/device.h:1355:1: note: in expansion of macro ‘module_init’
 1355 | module_init(__driver##_init); \
      | ^~~~~~~~~~~
./include/linux/platform_device.h:228:2: note: in expansion of macro ‘module_driver’
  228 |  module_driver(__platform_driver, platform_driver_register, \
      |  ^~~~~~~~~~~~~
drivers/perf/raspberrypi_axi_monitor.c:631:1: note: in expansion of macro ‘module_platform_driver’
  631 | module_platform_driver(rpi_axiperf_driver);
      | ^~~~~~~~~~~~~~~~~~~~~~
In file included from ./include/linux/devcoredump.h:23,
                 from drivers/perf/raspberrypi_axi_monitor.c:16:
drivers/perf/raspberrypi_axi_monitor.c:631:24: note: ‘init_module’ target declared here
  631 | module_platform_driver(rpi_axiperf_driver);
      |                        ^~~~~~~~~~~~~~~~~~
./include/linux/device.h:1351:19: note: in definition of macro ‘module_driver’
 1351 | static int __init __driver##_init(void) \
      |                   ^~~~~~~~
drivers/perf/raspberrypi_axi_monitor.c:631:1: note: in expansion of macro ‘module_platform_driver’
  631 | module_platform_driver(rpi_axiperf_driver);
      | ^~~~~~~~~~~~~~~~~~~~~~
  CC      drivers/pinctrl/core.o
  CC      drivers/pinctrl/pinctrl-utils.o
  CC      drivers/pinctrl/pinmux.o
  CC      drivers/pinctrl/pinconf.o
  CC      drivers/pinctrl/devicetree.o
  CC      drivers/pinctrl/bcm/pinctrl-bcm2835.o
  LD      drivers/pinctrl/bcm/built-in.o
  LD      drivers/pinctrl/freescale/built-in.o
  LD      drivers/pinctrl/nomadik/built-in.o
  LD      drivers/pinctrl/built-in.o
  LD      drivers/platform/built-in.o
  CC      drivers/power/reset/gpio-poweroff.o
  LD      drivers/power/reset/built-in.o
  CC      drivers/power/supply/power_supply_core.o
  CC      drivers/power/supply/power_supply_sysfs.o
  CC      drivers/power/supply/power_supply_leds.o
  LD      drivers/power/supply/power_supply.o
  LD      drivers/power/supply/built-in.o
  CC [M]  drivers/power/supply/ds2760_battery.o
In file included from drivers/power/supply/ds2760_battery.c:22:
./include/linux/module.h:132:6: warning: ‘init_module’ specifies less restrictive attribute than its target ‘ds2760_battery_driver_init’: ‘cold’ [-Wmissing-attributes]
  132 |  int init_module(void) __attribute__((alias(#initfn)));
      |      ^~~~~~~~~~~
./include/linux/device.h:1355:1: note: in expansion of macro ‘module_init’
 1355 | module_init(__driver##_init); \
      | ^~~~~~~~~~~
./include/linux/platform_device.h:228:2: note: in expansion of macro ‘module_driver’
  228 |  module_driver(__platform_driver, platform_driver_register, \
      |  ^~~~~~~~~~~~~
drivers/power/supply/ds2760_battery.c:642:1: note: in expansion of macro ‘module_platform_driver’
  642 | module_platform_driver(ds2760_battery_driver);
      | ^~~~~~~~~~~~~~~~~~~~~~
In file included from ./include/linux/platform_device.h:14,
                 from drivers/power/supply/ds2760_battery.c:28:
drivers/power/supply/ds2760_battery.c:642:24: note: ‘init_module’ target declared here
  642 | module_platform_driver(ds2760_battery_driver);
      |                        ^~~~~~~~~~~~~~~~~~~~~
./include/linux/device.h:1351:19: note: in definition of macro ‘module_driver’
 1351 | static int __init __driver##_init(void) \
      |                   ^~~~~~~~
drivers/power/supply/ds2760_battery.c:642:1: note: in expansion of macro ‘module_platform_driver’
  642 | module_platform_driver(ds2760_battery_driver);
      | ^~~~~~~~~~~~~~~~~~~~~~
In file included from drivers/power/supply/ds2760_battery.c:22:
./include/linux/module.h:138:7: warning: ‘cleanup_module’ specifies less restrictive attribute than its target ‘ds2760_battery_driver_exit’: ‘cold’ [-Wmissing-attributes]
  138 |  void cleanup_module(void) __attribute__((alias(#exitfn)));
      |       ^~~~~~~~~~~~~~
./include/linux/device.h:1360:1: note: in expansion of macro ‘module_exit’
 1360 | module_exit(__driver##_exit);
      | ^~~~~~~~~~~
./include/linux/platform_device.h:228:2: note: in expansion of macro ‘module_driver’
  228 |  module_driver(__platform_driver, platform_driver_register, \
      |  ^~~~~~~~~~~~~
drivers/power/supply/ds2760_battery.c:642:1: note: in expansion of macro ‘module_platform_driver’
  642 | module_platform_driver(ds2760_battery_driver);
      | ^~~~~~~~~~~~~~~~~~~~~~
In file included from ./include/linux/platform_device.h:14,
                 from drivers/power/supply/ds2760_battery.c:28:
drivers/power/supply/ds2760_battery.c:642:24: note: ‘cleanup_module’ target declared here
  642 | module_platform_driver(ds2760_battery_driver);
      |                        ^~~~~~~~~~~~~~~~~~~~~
./include/linux/device.h:1356:20: note: in definition of macro ‘module_driver’
 1356 | static void __exit __driver##_exit(void) \
      |                    ^~~~~~~~
drivers/power/supply/ds2760_battery.c:642:1: note: in expansion of macro ‘module_platform_driver’
  642 | module_platform_driver(ds2760_battery_driver);
      | ^~~~~~~~~~~~~~~~~~~~~~
  LD      drivers/power/built-in.o
  LD      drivers/pps/clients/built-in.o
  CC [M]  drivers/pps/clients/pps-ldisc.o
In file included from drivers/pps/clients/pps-ldisc.c:24:
./include/linux/module.h:132:6: warning: ‘init_module’ specifies less restrictive attribute than its target ‘pps_tty_init’: ‘cold’ [-Wmissing-attributes]
  132 |  int init_module(void) __attribute__((alias(#initfn)));
      |      ^~~~~~~~~~~
drivers/pps/clients/pps-ldisc.c:157:1: note: in expansion of macro ‘module_init’
  157 | module_init(pps_tty_init);
      | ^~~~~~~~~~~
drivers/pps/clients/pps-ldisc.c:118:19: note: ‘init_module’ target declared here
  118 | static int __init pps_tty_init(void)
      |                   ^~~~~~~~~~~~
In file included from drivers/pps/clients/pps-ldisc.c:24:
./include/linux/module.h:138:7: warning: ‘cleanup_module’ specifies less restrictive attribute than its target ‘pps_tty_cleanup’: ‘cold’ [-Wmissing-attributes]
  138 |  void cleanup_module(void) __attribute__((alias(#exitfn)));
      |       ^~~~~~~~~~~~~~
drivers/pps/clients/pps-ldisc.c:158:1: note: in expansion of macro ‘module_exit’
  158 | module_exit(pps_tty_cleanup);
      | ^~~~~~~~~~~
drivers/pps/clients/pps-ldisc.c:146:20: note: ‘cleanup_module’ target declared here
  146 | static void __exit pps_tty_cleanup(void)
      |                    ^~~~~~~~~~~~~~~
  CC [M]  drivers/pps/clients/pps-gpio.o
In file included from drivers/pps/clients/pps-gpio.c:29:
./include/linux/module.h:138:7: warning: ‘cleanup_module’ specifies less restrictive attribute than its target ‘pps_gpio_driver_exit’: ‘cold’ [-Wmissing-attributes]
  138 |  void cleanup_module(void) __attribute__((alias(#exitfn)));
      |       ^~~~~~~~~~~~~~
./include/linux/device.h:1360:1: note: in expansion of macro ‘module_exit’
 1360 | module_exit(__driver##_exit);
      | ^~~~~~~~~~~
./include/linux/platform_device.h:228:2: note: in expansion of macro ‘module_driver’
  228 |  module_driver(__platform_driver, platform_driver_register, \
      |  ^~~~~~~~~~~~~
drivers/pps/clients/pps-gpio.c:207:1: note: in expansion of macro ‘module_platform_driver’
  207 | module_platform_driver(pps_gpio_driver);
      | ^~~~~~~~~~~~~~~~~~~~~~
In file included from ./include/linux/platform_device.h:14,
                 from drivers/pps/clients/pps-gpio.c:30:
drivers/pps/clients/pps-gpio.c:207:24: note: ‘cleanup_module’ target declared here
  207 | module_platform_driver(pps_gpio_driver);
      |                        ^~~~~~~~~~~~~~~
./include/linux/device.h:1356:20: note: in definition of macro ‘module_driver’
 1356 | static void __exit __driver##_exit(void) \
      |                    ^~~~~~~~
drivers/pps/clients/pps-gpio.c:207:1: note: in expansion of macro ‘module_platform_driver’
  207 | module_platform_driver(pps_gpio_driver);
      | ^~~~~~~~~~~~~~~~~~~~~~
In file included from drivers/pps/clients/pps-gpio.c:29:
./include/linux/module.h:132:6: warning: ‘init_module’ specifies less restrictive attribute than its target ‘pps_gpio_driver_init’: ‘cold’ [-Wmissing-attributes]
  132 |  int init_module(void) __attribute__((alias(#initfn)));
      |      ^~~~~~~~~~~
./include/linux/device.h:1355:1: note: in expansion of macro ‘module_init’
 1355 | module_init(__driver##_init); \
      | ^~~~~~~~~~~
./include/linux/platform_device.h:228:2: note: in expansion of macro ‘module_driver’
  228 |  module_driver(__platform_driver, platform_driver_register, \
      |  ^~~~~~~~~~~~~
drivers/pps/clients/pps-gpio.c:207:1: note: in expansion of macro ‘module_platform_driver’
  207 | module_platform_driver(pps_gpio_driver);
      | ^~~~~~~~~~~~~~~~~~~~~~
In file included from ./include/linux/platform_device.h:14,
                 from drivers/pps/clients/pps-gpio.c:30:
drivers/pps/clients/pps-gpio.c:207:24: note: ‘init_module’ target declared here
  207 | module_platform_driver(pps_gpio_driver);
      |                        ^~~~~~~~~~~~~~~
./include/linux/device.h:1351:19: note: in definition of macro ‘module_driver’
 1351 | static int __init __driver##_init(void) \
      |                   ^~~~~~~~
drivers/pps/clients/pps-gpio.c:207:1: note: in expansion of macro ‘module_platform_driver’
  207 | module_platform_driver(pps_gpio_driver);
      | ^~~~~~~~~~~~~~~~~~~~~~
  LD      drivers/pps/generators/built-in.o
  LD      drivers/pps/built-in.o
  CC [M]  drivers/pps/pps.o
In file included from drivers/pps/pps.c:25:
./include/linux/module.h:132:6: warning: ‘init_module’ specifies less restrictive attribute than its target ‘pps_init’: ‘cold’ [-Wmissing-attributes]
  132 |  int init_module(void) __attribute__((alias(#initfn)));
      |      ^~~~~~~~~~~
./include/linux/module.h:115:30: note: in expansion of macro ‘module_init’
  115 | #define subsys_initcall(fn)  module_init(fn)
      |                              ^~~~~~~~~~~
drivers/pps/pps.c:429:1: note: in expansion of macro ‘subsys_initcall’
  429 | subsys_initcall(pps_init);
      | ^~~~~~~~~~~~~~~
drivers/pps/pps.c:400:19: note: ‘init_module’ target declared here
  400 | static int __init pps_init(void)
      |                   ^~~~~~~~
In file included from drivers/pps/pps.c:25:
./include/linux/module.h:138:7: warning: ‘cleanup_module’ specifies less restrictive attribute than its target ‘pps_exit’: ‘cold’ [-Wmissing-attributes]
  138 |  void cleanup_module(void) __attribute__((alias(#exitfn)));
      |       ^~~~~~~~~~~~~~
drivers/pps/pps.c:430:1: note: in expansion of macro ‘module_exit’
  430 | module_exit(pps_exit);
      | ^~~~~~~~~~~
drivers/pps/pps.c:394:20: note: ‘cleanup_module’ target declared here
  394 | static void __exit pps_exit(void)
      |                    ^~~~~~~~
  CC [M]  drivers/pps/kapi.o
  CC [M]  drivers/pps/sysfs.o
  LD [M]  drivers/pps/pps_core.o
  CC      drivers/pwm/core.o
  CC      drivers/pwm/sysfs.o
  LD      drivers/pwm/built-in.o
  CC [M]  drivers/pwm/pwm-bcm2835.o
In file included from drivers/pwm/pwm-bcm2835.c:12:
./include/linux/module.h:138:7: warning: ‘cleanup_module’ specifies less restrictive attribute than its target ‘bcm2835_pwm_driver_exit’: ‘cold’ [-Wmissing-attributes]
  138 |  void cleanup_module(void) __attribute__((alias(#exitfn)));
      |       ^~~~~~~~~~~~~~
./include/linux/device.h:1360:1: note: in expansion of macro ‘module_exit’
 1360 | module_exit(__driver##_exit);
      | ^~~~~~~~~~~
./include/linux/platform_device.h:228:2: note: in expansion of macro ‘module_driver’
  228 |  module_driver(__platform_driver, platform_driver_register, \
      |  ^~~~~~~~~~~~~
drivers/pwm/pwm-bcm2835.c:207:1: note: in expansion of macro ‘module_platform_driver’
  207 | module_platform_driver(bcm2835_pwm_driver);
      | ^~~~~~~~~~~~~~~~~~~~~~
In file included from ./include/linux/platform_device.h:14,
                 from drivers/pwm/pwm-bcm2835.c:14:
drivers/pwm/pwm-bcm2835.c:207:24: note: ‘cleanup_module’ target declared here
  207 | module_platform_driver(bcm2835_pwm_driver);
      |                        ^~~~~~~~~~~~~~~~~~
./include/linux/device.h:1356:20: note: in definition of macro ‘module_driver’
 1356 | static void __exit __driver##_exit(void) \
      |                    ^~~~~~~~
drivers/pwm/pwm-bcm2835.c:207:1: note: in expansion of macro ‘module_platform_driver’
  207 | module_platform_driver(bcm2835_pwm_driver);
      | ^~~~~~~~~~~~~~~~~~~~~~
In file included from drivers/pwm/pwm-bcm2835.c:12:
./include/linux/module.h:132:6: warning: ‘init_module’ specifies less restrictive attribute than its target ‘bcm2835_pwm_driver_init’: ‘cold’ [-Wmissing-attributes]
  132 |  int init_module(void) __attribute__((alias(#initfn)));
      |      ^~~~~~~~~~~
./include/linux/device.h:1355:1: note: in expansion of macro ‘module_init’
 1355 | module_init(__driver##_init); \
      | ^~~~~~~~~~~
./include/linux/platform_device.h:228:2: note: in expansion of macro ‘module_driver’
  228 |  module_driver(__platform_driver, platform_driver_register, \
      |  ^~~~~~~~~~~~~
drivers/pwm/pwm-bcm2835.c:207:1: note: in expansion of macro ‘module_platform_driver’
  207 | module_platform_driver(bcm2835_pwm_driver);
      | ^~~~~~~~~~~~~~~~~~~~~~
In file included from ./include/linux/platform_device.h:14,
                 from drivers/pwm/pwm-bcm2835.c:14:
drivers/pwm/pwm-bcm2835.c:207:24: note: ‘init_module’ target declared here
  207 | module_platform_driver(bcm2835_pwm_driver);
      |                        ^~~~~~~~~~~~~~~~~~
./include/linux/device.h:1351:19: note: in definition of macro ‘module_driver’
 1351 | static int __init __driver##_init(void) \
      |                   ^~~~~~~~
drivers/pwm/pwm-bcm2835.c:207:1: note: in expansion of macro ‘module_platform_driver’
  207 | module_platform_driver(bcm2835_pwm_driver);
      | ^~~~~~~~~~~~~~~~~~~~~~
  CC [M]  drivers/pwm/pwm-pca9685.o
In file included from drivers/pwm/pwm-pca9685.c:24:
./include/linux/module.h:138:7: warning: ‘cleanup_module’ specifies less restrictive attribute than its target ‘pca9685_i2c_driver_exit’: ‘cold’ [-Wmissing-attributes]
  138 |  void cleanup_module(void) __attribute__((alias(#exitfn)));
      |       ^~~~~~~~~~~~~~
./include/linux/device.h:1360:1: note: in expansion of macro ‘module_exit’
 1360 | module_exit(__driver##_exit);
      | ^~~~~~~~~~~
./include/linux/i2c.h:751:2: note: in expansion of macro ‘module_driver’
  751 |  module_driver(__i2c_driver, i2c_add_driver, \
      |  ^~~~~~~~~~~~~
drivers/pwm/pwm-pca9685.c:383:1: note: in expansion of macro ‘module_i2c_driver’
  383 | module_i2c_driver(pca9685_i2c_driver);
      | ^~~~~~~~~~~~~~~~~
In file included from ./include/linux/acpi.h:27,
                 from drivers/pwm/pwm-pca9685.c:22:
drivers/pwm/pwm-pca9685.c:383:19: note: ‘cleanup_module’ target declared here
  383 | module_i2c_driver(pca9685_i2c_driver);
      |                   ^~~~~~~~~~~~~~~~~~
./include/linux/device.h:1356:20: note: in definition of macro ‘module_driver’
 1356 | static void __exit __driver##_exit(void) \
      |                    ^~~~~~~~
drivers/pwm/pwm-pca9685.c:383:1: note: in expansion of macro ‘module_i2c_driver’
  383 | module_i2c_driver(pca9685_i2c_driver);
      | ^~~~~~~~~~~~~~~~~
In file included from drivers/pwm/pwm-pca9685.c:24:
./include/linux/module.h:132:6: warning: ‘init_module’ specifies less restrictive attribute than its target ‘pca9685_i2c_driver_init’: ‘cold’ [-Wmissing-attributes]
  132 |  int init_module(void) __attribute__((alias(#initfn)));
      |      ^~~~~~~~~~~
./include/linux/device.h:1355:1: note: in expansion of macro ‘module_init’
 1355 | module_init(__driver##_init); \
      | ^~~~~~~~~~~
./include/linux/i2c.h:751:2: note: in expansion of macro ‘module_driver’
  751 |  module_driver(__i2c_driver, i2c_add_driver, \
      |  ^~~~~~~~~~~~~
drivers/pwm/pwm-pca9685.c:383:1: note: in expansion of macro ‘module_i2c_driver’
  383 | module_i2c_driver(pca9685_i2c_driver);
      | ^~~~~~~~~~~~~~~~~
In file included from ./include/linux/acpi.h:27,
                 from drivers/pwm/pwm-pca9685.c:22:
drivers/pwm/pwm-pca9685.c:383:19: note: ‘init_module’ target declared here
  383 | module_i2c_driver(pca9685_i2c_driver);
      |                   ^~~~~~~~~~~~~~~~~~
./include/linux/device.h:1351:19: note: in definition of macro ‘module_driver’
 1351 | static int __init __driver##_init(void) \
      |                   ^~~~~~~~
drivers/pwm/pwm-pca9685.c:383:1: note: in expansion of macro ‘module_i2c_driver’
  383 | module_i2c_driver(pca9685_i2c_driver);
      | ^~~~~~~~~~~~~~~~~
  CC      drivers/regulator/core.o
  CC      drivers/regulator/dummy.o
  CC      drivers/regulator/fixed-helper.o
  CC      drivers/regulator/helpers.o
  CC      drivers/regulator/devres.o
  CC      drivers/regulator/of_regulator.o
  LD      drivers/regulator/built-in.o
  CC [M]  drivers/regulator/fixed.o
In file included from drivers/regulator/fixed.c:23:
./include/linux/module.h:138:7: warning: ‘cleanup_module’ specifies less restrictive attribute than its target ‘regulator_fixed_voltage_exit’: ‘cold’ [-Wmissing-attributes]
  138 |  void cleanup_module(void) __attribute__((alias(#exitfn)));
      |       ^~~~~~~~~~~~~~
drivers/regulator/fixed.c:220:1: note: in expansion of macro ‘module_exit’
  220 | module_exit(regulator_fixed_voltage_exit);
      | ^~~~~~~~~~~
drivers/regulator/fixed.c:216:20: note: ‘cleanup_module’ target declared here
  216 | static void __exit regulator_fixed_voltage_exit(void)
      |                    ^~~~~~~~~~~~~~~~~~~~~~~~~~~~
In file included from drivers/regulator/fixed.c:23:
./include/linux/module.h:132:6: warning: ‘init_module’ specifies less restrictive attribute than its target ‘regulator_fixed_voltage_init’: ‘cold’ [-Wmissing-attributes]
  132 |  int init_module(void) __attribute__((alias(#initfn)));
      |      ^~~~~~~~~~~
./include/linux/module.h:115:30: note: in expansion of macro ‘module_init’
  115 | #define subsys_initcall(fn)  module_init(fn)
      |                              ^~~~~~~~~~~
drivers/regulator/fixed.c:214:1: note: in expansion of macro ‘subsys_initcall’
  214 | subsys_initcall(regulator_fixed_voltage_init);
      | ^~~~~~~~~~~~~~~
drivers/regulator/fixed.c:210:19: note: ‘init_module’ target declared here
  210 | static int __init regulator_fixed_voltage_init(void)
      |                   ^~~~~~~~~~~~~~~~~~~~~~~~~~~~
  CC [M]  drivers/regulator/arizona-micsupp.o
In file included from drivers/regulator/arizona-micsupp.c:14:
./include/linux/module.h:132:6: warning: ‘init_module’ specifies less restrictive attribute than its target ‘arizona_micsupp_driver_init’: ‘cold’ [-Wmissing-attributes]
  132 |  int init_module(void) __attribute__((alias(#initfn)));
      |      ^~~~~~~~~~~
./include/linux/device.h:1355:1: note: in expansion of macro ‘module_init’
 1355 | module_init(__driver##_init); \
      | ^~~~~~~~~~~
./include/linux/platform_device.h:228:2: note: in expansion of macro ‘module_driver’
  228 |  module_driver(__platform_driver, platform_driver_register, \
      |  ^~~~~~~~~~~~~
drivers/regulator/arizona-micsupp.c:310:1: note: in expansion of macro ‘module_platform_driver’
  310 | module_platform_driver(arizona_micsupp_driver);
      | ^~~~~~~~~~~~~~~~~~~~~~
In file included from ./include/linux/platform_device.h:14,
                 from drivers/regulator/arizona-micsupp.c:20:
drivers/regulator/arizona-micsupp.c:310:24: note: ‘init_module’ target declared here
  310 | module_platform_driver(arizona_micsupp_driver);
      |                        ^~~~~~~~~~~~~~~~~~~~~~
./include/linux/device.h:1351:19: note: in definition of macro ‘module_driver’
 1351 | static int __init __driver##_init(void) \
      |                   ^~~~~~~~
drivers/regulator/arizona-micsupp.c:310:1: note: in expansion of macro ‘module_platform_driver’
  310 | module_platform_driver(arizona_micsupp_driver);
      | ^~~~~~~~~~~~~~~~~~~~~~
In file included from drivers/regulator/arizona-micsupp.c:14:
./include/linux/module.h:138:7: warning: ‘cleanup_module’ specifies less restrictive attribute than its target ‘arizona_micsupp_driver_exit’: ‘cold’ [-Wmissing-attributes]
  138 |  void cleanup_module(void) __attribute__((alias(#exitfn)));
      |       ^~~~~~~~~~~~~~
./include/linux/device.h:1360:1: note: in expansion of macro ‘module_exit’
 1360 | module_exit(__driver##_exit);
      | ^~~~~~~~~~~
./include/linux/platform_device.h:228:2: note: in expansion of macro ‘module_driver’
  228 |  module_driver(__platform_driver, platform_driver_register, \
      |  ^~~~~~~~~~~~~
drivers/regulator/arizona-micsupp.c:310:1: note: in expansion of macro ‘module_platform_driver’
  310 | module_platform_driver(arizona_micsupp_driver);
      | ^~~~~~~~~~~~~~~~~~~~~~
In file included from ./include/linux/platform_device.h:14,
                 from drivers/regulator/arizona-micsupp.c:20:
drivers/regulator/arizona-micsupp.c:310:24: note: ‘cleanup_module’ target declared here
  310 | module_platform_driver(arizona_micsupp_driver);
      |                        ^~~~~~~~~~~~~~~~~~~~~~
./include/linux/device.h:1356:20: note: in definition of macro ‘module_driver’
 1356 | static void __exit __driver##_exit(void) \
      |                    ^~~~~~~~
drivers/regulator/arizona-micsupp.c:310:1: note: in expansion of macro ‘module_platform_driver’
  310 | module_platform_driver(arizona_micsupp_driver);
      | ^~~~~~~~~~~~~~~~~~~~~~
  CC [M]  drivers/regulator/arizona-ldo1.o
In file included from drivers/regulator/arizona-ldo1.c:14:
./include/linux/module.h:132:6: warning: ‘init_module’ specifies less restrictive attribute than its target ‘arizona_ldo1_driver_init’: ‘cold’ [-Wmissing-attributes]
  132 |  int init_module(void) __attribute__((alias(#initfn)));
      |      ^~~~~~~~~~~
./include/linux/device.h:1355:1: note: in expansion of macro ‘module_init’
 1355 | module_init(__driver##_init); \
      | ^~~~~~~~~~~
./include/linux/platform_device.h:228:2: note: in expansion of macro ‘module_driver’
  228 |  module_driver(__platform_driver, platform_driver_register, \
      |  ^~~~~~~~~~~~~
drivers/regulator/arizona-ldo1.c:327:1: note: in expansion of macro ‘module_platform_driver’
  327 | module_platform_driver(arizona_ldo1_driver);
      | ^~~~~~~~~~~~~~~~~~~~~~
In file included from ./include/linux/gpio/driver.h:4,
                 from ./include/asm-generic/gpio.h:12,
                 from ./arch/arm/include/asm/gpio.h:9,
                 from ./include/linux/gpio.h:48,
                 from ./include/linux/of_gpio.h:20,
                 from drivers/regulator/arizona-ldo1.c:20:
drivers/regulator/arizona-ldo1.c:327:24: note: ‘init_module’ target declared here
  327 | module_platform_driver(arizona_ldo1_driver);
      |                        ^~~~~~~~~~~~~~~~~~~
./include/linux/device.h:1351:19: note: in definition of macro ‘module_driver’
 1351 | static int __init __driver##_init(void) \
      |                   ^~~~~~~~
drivers/regulator/arizona-ldo1.c:327:1: note: in expansion of macro ‘module_platform_driver’
  327 | module_platform_driver(arizona_ldo1_driver);
      | ^~~~~~~~~~~~~~~~~~~~~~
In file included from drivers/regulator/arizona-ldo1.c:14:
./include/linux/module.h:138:7: warning: ‘cleanup_module’ specifies less restrictive attribute than its target ‘arizona_ldo1_driver_exit’: ‘cold’ [-Wmissing-attributes]
  138 |  void cleanup_module(void) __attribute__((alias(#exitfn)));
      |       ^~~~~~~~~~~~~~
./include/linux/device.h:1360:1: note: in expansion of macro ‘module_exit’
 1360 | module_exit(__driver##_exit);
      | ^~~~~~~~~~~
./include/linux/platform_device.h:228:2: note: in expansion of macro ‘module_driver’
  228 |  module_driver(__platform_driver, platform_driver_register, \
      |  ^~~~~~~~~~~~~
drivers/regulator/arizona-ldo1.c:327:1: note: in expansion of macro ‘module_platform_driver’
  327 | module_platform_driver(arizona_ldo1_driver);
      | ^~~~~~~~~~~~~~~~~~~~~~
In file included from ./include/linux/gpio/driver.h:4,
                 from ./include/asm-generic/gpio.h:12,
                 from ./arch/arm/include/asm/gpio.h:9,
                 from ./include/linux/gpio.h:48,
                 from ./include/linux/of_gpio.h:20,
                 from drivers/regulator/arizona-ldo1.c:20:
drivers/regulator/arizona-ldo1.c:327:24: note: ‘cleanup_module’ target declared here
  327 | module_platform_driver(arizona_ldo1_driver);
      |                        ^~~~~~~~~~~~~~~~~~~
./include/linux/device.h:1356:20: note: in definition of macro ‘module_driver’
 1356 | static void __exit __driver##_exit(void) \
      |                    ^~~~~~~~
drivers/regulator/arizona-ldo1.c:327:1: note: in expansion of macro ‘module_platform_driver’
  327 | module_platform_driver(arizona_ldo1_driver);
      | ^~~~~~~~~~~~~~~~~~~~~~
  CC      drivers/rtc/rtc-lib.o
  CC      drivers/rtc/systohc.o
  CC      drivers/rtc/class.o
  CC      drivers/rtc/interface.o
  CC      drivers/rtc/rtc-dev.o
  CC      drivers/rtc/rtc-proc.o
  CC      drivers/rtc/rtc-sysfs.o
  LD      drivers/rtc/rtc-core.o
  LD      drivers/rtc/built-in.o
  CC [M]  drivers/rtc/rtc-abx80x.o
In file included from drivers/rtc/rtc-abx80x.c:18:
./include/linux/module.h:138:7: warning: ‘cleanup_module’ specifies less restrictive attribute than its target ‘abx80x_driver_exit’: ‘cold’ [-Wmissing-attributes]
  138 |  void cleanup_module(void) __attribute__((alias(#exitfn)));
      |       ^~~~~~~~~~~~~~
./include/linux/device.h:1360:1: note: in expansion of macro ‘module_exit’
 1360 | module_exit(__driver##_exit);
      | ^~~~~~~~~~~
./include/linux/i2c.h:751:2: note: in expansion of macro ‘module_driver’
  751 |  module_driver(__i2c_driver, i2c_add_driver, \
      |  ^~~~~~~~~~~~~
drivers/rtc/rtc-abx80x.c:686:1: note: in expansion of macro ‘module_i2c_driver’
  686 | module_i2c_driver(abx80x_driver);
      | ^~~~~~~~~~~~~~~~~
In file included from ./include/linux/i2c.h:30,
                 from drivers/rtc/rtc-abx80x.c:17:
drivers/rtc/rtc-abx80x.c:686:19: note: ‘cleanup_module’ target declared here
  686 | module_i2c_driver(abx80x_driver);
      |                   ^~~~~~~~~~~~~
./include/linux/device.h:1356:20: note: in definition of macro ‘module_driver’
 1356 | static void __exit __driver##_exit(void) \
      |                    ^~~~~~~~
drivers/rtc/rtc-abx80x.c:686:1: note: in expansion of macro ‘module_i2c_driver’
  686 | module_i2c_driver(abx80x_driver);
      | ^~~~~~~~~~~~~~~~~
In file included from drivers/rtc/rtc-abx80x.c:18:
./include/linux/module.h:132:6: warning: ‘init_module’ specifies less restrictive attribute than its target ‘abx80x_driver_init’: ‘cold’ [-Wmissing-attributes]
  132 |  int init_module(void) __attribute__((alias(#initfn)));
      |      ^~~~~~~~~~~
./include/linux/device.h:1355:1: note: in expansion of macro ‘module_init’
 1355 | module_init(__driver##_init); \
      | ^~~~~~~~~~~
./include/linux/i2c.h:751:2: note: in expansion of macro ‘module_driver’
  751 |  module_driver(__i2c_driver, i2c_add_driver, \
      |  ^~~~~~~~~~~~~
drivers/rtc/rtc-abx80x.c:686:1: note: in expansion of macro ‘module_i2c_driver’
  686 | module_i2c_driver(abx80x_driver);
      | ^~~~~~~~~~~~~~~~~
In file included from ./include/linux/i2c.h:30,
                 from drivers/rtc/rtc-abx80x.c:17:
drivers/rtc/rtc-abx80x.c:686:19: note: ‘init_module’ target declared here
  686 | module_i2c_driver(abx80x_driver);
      |                   ^~~~~~~~~~~~~
./include/linux/device.h:1351:19: note: in definition of macro ‘module_driver’
 1351 | static int __init __driver##_init(void) \
      |                   ^~~~~~~~
drivers/rtc/rtc-abx80x.c:686:1: note: in expansion of macro ‘module_i2c_driver’
  686 | module_i2c_driver(abx80x_driver);
      | ^~~~~~~~~~~~~~~~~
  CC [M]  drivers/rtc/rtc-bq32k.o
In file included from drivers/rtc/rtc-bq32k.c:15:
./include/linux/module.h:138:7: warning: ‘cleanup_module’ specifies less restrictive attribute than its target ‘bq32k_driver_exit’: ‘cold’ [-Wmissing-attributes]
  138 |  void cleanup_module(void) __attribute__((alias(#exitfn)));
      |       ^~~~~~~~~~~~~~
./include/linux/device.h:1360:1: note: in expansion of macro ‘module_exit’
 1360 | module_exit(__driver##_exit);
      | ^~~~~~~~~~~
./include/linux/i2c.h:751:2: note: in expansion of macro ‘module_driver’
  751 |  module_driver(__i2c_driver, i2c_add_driver, \
      |  ^~~~~~~~~~~~~
drivers/rtc/rtc-bq32k.c:246:1: note: in expansion of macro ‘module_i2c_driver’
  246 | module_i2c_driver(bq32k_driver);
      | ^~~~~~~~~~~~~~~~~
In file included from ./include/linux/i2c.h:30,
                 from drivers/rtc/rtc-bq32k.c:16:
drivers/rtc/rtc-bq32k.c:246:19: note: ‘cleanup_module’ target declared here
  246 | module_i2c_driver(bq32k_driver);
      |                   ^~~~~~~~~~~~
./include/linux/device.h:1356:20: note: in definition of macro ‘module_driver’
 1356 | static void __exit __driver##_exit(void) \
      |                    ^~~~~~~~
drivers/rtc/rtc-bq32k.c:246:1: note: in expansion of macro ‘module_i2c_driver’
  246 | module_i2c_driver(bq32k_driver);
      | ^~~~~~~~~~~~~~~~~
In file included from drivers/rtc/rtc-bq32k.c:15:
./include/linux/module.h:132:6: warning: ‘init_module’ specifies less restrictive attribute than its target ‘bq32k_driver_init’: ‘cold’ [-Wmissing-attributes]
  132 |  int init_module(void) __attribute__((alias(#initfn)));
      |      ^~~~~~~~~~~
./include/linux/device.h:1355:1: note: in expansion of macro ‘module_init’
 1355 | module_init(__driver##_init); \
      | ^~~~~~~~~~~
./include/linux/i2c.h:751:2: note: in expansion of macro ‘module_driver’
  751 |  module_driver(__i2c_driver, i2c_add_driver, \
      |  ^~~~~~~~~~~~~
drivers/rtc/rtc-bq32k.c:246:1: note: in expansion of macro ‘module_i2c_driver’
  246 | module_i2c_driver(bq32k_driver);
      | ^~~~~~~~~~~~~~~~~
In file included from ./include/linux/i2c.h:30,
                 from drivers/rtc/rtc-bq32k.c:16:
drivers/rtc/rtc-bq32k.c:246:19: note: ‘init_module’ target declared here
  246 | module_i2c_driver(bq32k_driver);
      |                   ^~~~~~~~~~~~
./include/linux/device.h:1351:19: note: in definition of macro ‘module_driver’
 1351 | static int __init __driver##_init(void) \
      |                   ^~~~~~~~
drivers/rtc/rtc-bq32k.c:246:1: note: in expansion of macro ‘module_i2c_driver’
  246 | module_i2c_driver(bq32k_driver);
      | ^~~~~~~~~~~~~~~~~
  CC [M]  drivers/rtc/rtc-ds1302.o
In file included from drivers/rtc/rtc-ds1302.c:16:
./include/linux/module.h:138:7: warning: ‘cleanup_module’ specifies less restrictive attribute than its target ‘ds1302_driver_exit’: ‘cold’ [-Wmissing-attributes]
  138 |  void cleanup_module(void) __attribute__((alias(#exitfn)));
      |       ^~~~~~~~~~~~~~
./include/linux/device.h:1360:1: note: in expansion of macro ‘module_exit’
 1360 | module_exit(__driver##_exit);
      | ^~~~~~~~~~~
./include/linux/spi/spi.h:290:2: note: in expansion of macro ‘module_driver’
  290 |  module_driver(__spi_driver, spi_register_driver, \
      |  ^~~~~~~~~~~~~
drivers/rtc/rtc-ds1302.c:215:1: note: in expansion of macro ‘module_spi_driver’
  215 | module_spi_driver(ds1302_driver);
      | ^~~~~~~~~~~~~~~~~
In file included from ./include/linux/rtc.h:53,
                 from drivers/rtc/rtc-ds1302.c:18:
drivers/rtc/rtc-ds1302.c:215:19: note: ‘cleanup_module’ target declared here
  215 | module_spi_driver(ds1302_driver);
      |                   ^~~~~~~~~~~~~
./include/linux/device.h:1356:20: note: in definition of macro ‘module_driver’
 1356 | static void __exit __driver##_exit(void) \
      |                    ^~~~~~~~
drivers/rtc/rtc-ds1302.c:215:1: note: in expansion of macro ‘module_spi_driver’
  215 | module_spi_driver(ds1302_driver);
      | ^~~~~~~~~~~~~~~~~
In file included from drivers/rtc/rtc-ds1302.c:16:
./include/linux/module.h:132:6: warning: ‘init_module’ specifies less restrictive attribute than its target ‘ds1302_driver_init’: ‘cold’ [-Wmissing-attributes]
  132 |  int init_module(void) __attribute__((alias(#initfn)));
      |      ^~~~~~~~~~~
./include/linux/device.h:1355:1: note: in expansion of macro ‘module_init’
 1355 | module_init(__driver##_init); \
      | ^~~~~~~~~~~
./include/linux/spi/spi.h:290:2: note: in expansion of macro ‘module_driver’
  290 |  module_driver(__spi_driver, spi_register_driver, \
      |  ^~~~~~~~~~~~~
drivers/rtc/rtc-ds1302.c:215:1: note: in expansion of macro ‘module_spi_driver’
  215 | module_spi_driver(ds1302_driver);
      | ^~~~~~~~~~~~~~~~~
In file included from ./include/linux/rtc.h:53,
                 from drivers/rtc/rtc-ds1302.c:18:
drivers/rtc/rtc-ds1302.c:215:19: note: ‘init_module’ target declared here
  215 | module_spi_driver(ds1302_driver);
      |                   ^~~~~~~~~~~~~
./include/linux/device.h:1351:19: note: in definition of macro ‘module_driver’
 1351 | static int __init __driver##_init(void) \
      |                   ^~~~~~~~
drivers/rtc/rtc-ds1302.c:215:1: note: in expansion of macro ‘module_spi_driver’
  215 | module_spi_driver(ds1302_driver);
      | ^~~~~~~~~~~~~~~~~
  CC [M]  drivers/rtc/rtc-ds1305.o
In file included from drivers/rtc/rtc-ds1305.c:20:
./include/linux/module.h:132:6: warning: ‘init_module’ specifies less restrictive attribute than its target ‘ds1305_driver_init’: ‘cold’ [-Wmissing-attributes]
  132 |  int init_module(void) __attribute__((alias(#initfn)));
      |      ^~~~~~~~~~~
./include/linux/device.h:1355:1: note: in expansion of macro ‘module_init’
 1355 | module_init(__driver##_init); \
      | ^~~~~~~~~~~
./include/linux/spi/spi.h:290:2: note: in expansion of macro ‘module_driver’
  290 |  module_driver(__spi_driver, spi_register_driver, \
      |  ^~~~~~~~~~~~~
drivers/rtc/rtc-ds1305.c:769:1: note: in expansion of macro ‘module_spi_driver’
  769 | module_spi_driver(ds1305_driver);
      | ^~~~~~~~~~~~~~~~~
In file included from ./include/linux/rtc.h:53,
                 from drivers/rtc/rtc-ds1305.c:15:
drivers/rtc/rtc-ds1305.c:769:19: note: ‘init_module’ target declared here
  769 | module_spi_driver(ds1305_driver);
      |                   ^~~~~~~~~~~~~
./include/linux/device.h:1351:19: note: in definition of macro ‘module_driver’
 1351 | static int __init __driver##_init(void) \
      |                   ^~~~~~~~
drivers/rtc/rtc-ds1305.c:769:1: note: in expansion of macro ‘module_spi_driver’
  769 | module_spi_driver(ds1305_driver);
      | ^~~~~~~~~~~~~~~~~
In file included from drivers/rtc/rtc-ds1305.c:20:
./include/linux/module.h:138:7: warning: ‘cleanup_module’ specifies less restrictive attribute than its target ‘ds1305_driver_exit’: ‘cold’ [-Wmissing-attributes]
  138 |  void cleanup_module(void) __attribute__((alias(#exitfn)));
      |       ^~~~~~~~~~~~~~
./include/linux/device.h:1360:1: note: in expansion of macro ‘module_exit’
 1360 | module_exit(__driver##_exit);
      | ^~~~~~~~~~~
./include/linux/spi/spi.h:290:2: note: in expansion of macro ‘module_driver’
  290 |  module_driver(__spi_driver, spi_register_driver, \
      |  ^~~~~~~~~~~~~
drivers/rtc/rtc-ds1305.c:769:1: note: in expansion of macro ‘module_spi_driver’
  769 | module_spi_driver(ds1305_driver);
      | ^~~~~~~~~~~~~~~~~
In file included from ./include/linux/rtc.h:53,
                 from drivers/rtc/rtc-ds1305.c:15:
drivers/rtc/rtc-ds1305.c:769:19: note: ‘cleanup_module’ target declared here
  769 | module_spi_driver(ds1305_driver);
      |                   ^~~~~~~~~~~~~
./include/linux/device.h:1356:20: note: in definition of macro ‘module_driver’
 1356 | static void __exit __driver##_exit(void) \
      |                    ^~~~~~~~
drivers/rtc/rtc-ds1305.c:769:1: note: in expansion of macro ‘module_spi_driver’
  769 | module_spi_driver(ds1305_driver);
      | ^~~~~~~~~~~~~~~~~
  CC [M]  drivers/rtc/rtc-ds1307.o
In file included from drivers/rtc/rtc-ds1307.c:17:
./include/linux/module.h:138:7: warning: ‘cleanup_module’ specifies less restrictive attribute than its target ‘ds1307_driver_exit’: ‘cold’ [-Wmissing-attributes]
  138 |  void cleanup_module(void) __attribute__((alias(#exitfn)));
      |       ^~~~~~~~~~~~~~
./include/linux/device.h:1360:1: note: in expansion of macro ‘module_exit’
 1360 | module_exit(__driver##_exit);
      | ^~~~~~~~~~~
./include/linux/i2c.h:751:2: note: in expansion of macro ‘module_driver’
  751 |  module_driver(__i2c_driver, i2c_add_driver, \
      |  ^~~~~~~~~~~~~
drivers/rtc/rtc-ds1307.c:1695:1: note: in expansion of macro ‘module_i2c_driver’
 1695 | module_i2c_driver(ds1307_driver);
      | ^~~~~~~~~~~~~~~~~
In file included from ./include/linux/i2c.h:30,
                 from drivers/rtc/rtc-ds1307.c:15:
drivers/rtc/rtc-ds1307.c:1695:19: note: ‘cleanup_module’ target declared here
 1695 | module_i2c_driver(ds1307_driver);
      |                   ^~~~~~~~~~~~~
./include/linux/device.h:1356:20: note: in definition of macro ‘module_driver’
 1356 | static void __exit __driver##_exit(void) \
      |                    ^~~~~~~~
drivers/rtc/rtc-ds1307.c:1695:1: note: in expansion of macro ‘module_i2c_driver’
 1695 | module_i2c_driver(ds1307_driver);
      | ^~~~~~~~~~~~~~~~~
In file included from drivers/rtc/rtc-ds1307.c:17:
./include/linux/module.h:132:6: warning: ‘init_module’ specifies less restrictive attribute than its target ‘ds1307_driver_init’: ‘cold’ [-Wmissing-attributes]
  132 |  int init_module(void) __attribute__((alias(#initfn)));
      |      ^~~~~~~~~~~
./include/linux/device.h:1355:1: note: in expansion of macro ‘module_init’
 1355 | module_init(__driver##_init); \
      | ^~~~~~~~~~~
./include/linux/i2c.h:751:2: note: in expansion of macro ‘module_driver’
  751 |  module_driver(__i2c_driver, i2c_add_driver, \
      |  ^~~~~~~~~~~~~
drivers/rtc/rtc-ds1307.c:1695:1: note: in expansion of macro ‘module_i2c_driver’
 1695 | module_i2c_driver(ds1307_driver);
      | ^~~~~~~~~~~~~~~~~
In file included from ./include/linux/i2c.h:30,
                 from drivers/rtc/rtc-ds1307.c:15:
drivers/rtc/rtc-ds1307.c:1695:19: note: ‘init_module’ target declared here
 1695 | module_i2c_driver(ds1307_driver);
      |                   ^~~~~~~~~~~~~
./include/linux/device.h:1351:19: note: in definition of macro ‘module_driver’
 1351 | static int __init __driver##_init(void) \
      |                   ^~~~~~~~
drivers/rtc/rtc-ds1307.c:1695:1: note: in expansion of macro ‘module_i2c_driver’
 1695 | module_i2c_driver(ds1307_driver);
      | ^~~~~~~~~~~~~~~~~
  CC [M]  drivers/rtc/rtc-ds1374.o
In file included from drivers/rtc/rtc-ds1374.c:24:
./include/linux/module.h:138:7: warning: ‘cleanup_module’ specifies less restrictive attribute than its target ‘ds1374_driver_exit’: ‘cold’ [-Wmissing-attributes]
  138 |  void cleanup_module(void) __attribute__((alias(#exitfn)));
      |       ^~~~~~~~~~~~~~
./include/linux/device.h:1360:1: note: in expansion of macro ‘module_exit’
 1360 | module_exit(__driver##_exit);
      | ^~~~~~~~~~~
./include/linux/i2c.h:751:2: note: in expansion of macro ‘module_driver’
  751 |  module_driver(__i2c_driver, i2c_add_driver, \
      |  ^~~~~~~~~~~~~
drivers/rtc/rtc-ds1374.c:716:1: note: in expansion of macro ‘module_i2c_driver’
  716 | module_i2c_driver(ds1374_driver);
      | ^~~~~~~~~~~~~~~~~
In file included from ./include/linux/i2c.h:30,
                 from drivers/rtc/rtc-ds1374.c:26:
drivers/rtc/rtc-ds1374.c:716:19: note: ‘cleanup_module’ target declared here
  716 | module_i2c_driver(ds1374_driver);
      |                   ^~~~~~~~~~~~~
./include/linux/device.h:1356:20: note: in definition of macro ‘module_driver’
 1356 | static void __exit __driver##_exit(void) \
      |                    ^~~~~~~~
drivers/rtc/rtc-ds1374.c:716:1: note: in expansion of macro ‘module_i2c_driver’
  716 | module_i2c_driver(ds1374_driver);
      | ^~~~~~~~~~~~~~~~~
In file included from drivers/rtc/rtc-ds1374.c:24:
./include/linux/module.h:132:6: warning: ‘init_module’ specifies less restrictive attribute than its target ‘ds1374_driver_init’: ‘cold’ [-Wmissing-attributes]
  132 |  int init_module(void) __attribute__((alias(#initfn)));
      |      ^~~~~~~~~~~
./include/linux/device.h:1355:1: note: in expansion of macro ‘module_init’
 1355 | module_init(__driver##_init); \
      | ^~~~~~~~~~~
./include/linux/i2c.h:751:2: note: in expansion of macro ‘module_driver’
  751 |  module_driver(__i2c_driver, i2c_add_driver, \
      |  ^~~~~~~~~~~~~
drivers/rtc/rtc-ds1374.c:716:1: note: in expansion of macro ‘module_i2c_driver’
  716 | module_i2c_driver(ds1374_driver);
      | ^~~~~~~~~~~~~~~~~
In file included from ./include/linux/i2c.h:30,
                 from drivers/rtc/rtc-ds1374.c:26:
drivers/rtc/rtc-ds1374.c:716:19: note: ‘init_module’ target declared here
  716 | module_i2c_driver(ds1374_driver);
      |                   ^~~~~~~~~~~~~
./include/linux/device.h:1351:19: note: in definition of macro ‘module_driver’
 1351 | static int __init __driver##_init(void) \
      |                   ^~~~~~~~
drivers/rtc/rtc-ds1374.c:716:1: note: in expansion of macro ‘module_i2c_driver’
  716 | module_i2c_driver(ds1374_driver);
      | ^~~~~~~~~~~~~~~~~
  CC [M]  drivers/rtc/rtc-ds1390.o
In file included from drivers/rtc/rtc-ds1390.c:17:
./include/linux/module.h:132:6: warning: ‘init_module’ specifies less restrictive attribute than its target ‘ds1390_driver_init’: ‘cold’ [-Wmissing-attributes]
  132 |  int init_module(void) __attribute__((alias(#initfn)));
      |      ^~~~~~~~~~~
./include/linux/device.h:1355:1: note: in expansion of macro ‘module_init’
 1355 | module_init(__driver##_init); \
      | ^~~~~~~~~~~
./include/linux/spi/spi.h:290:2: note: in expansion of macro ‘module_driver’
  290 |  module_driver(__spi_driver, spi_register_driver, \
      |  ^~~~~~~~~~~~~
drivers/rtc/rtc-ds1390.c:226:1: note: in expansion of macro ‘module_spi_driver’
  226 | module_spi_driver(ds1390_driver);
      | ^~~~~~~~~~~~~~~~~
In file included from ./include/linux/platform_device.h:14,
                 from drivers/rtc/rtc-ds1390.c:18:
drivers/rtc/rtc-ds1390.c:226:19: note: ‘init_module’ target declared here
  226 | module_spi_driver(ds1390_driver);
      |                   ^~~~~~~~~~~~~
./include/linux/device.h:1351:19: note: in definition of macro ‘module_driver’
 1351 | static int __init __driver##_init(void) \
      |                   ^~~~~~~~
drivers/rtc/rtc-ds1390.c:226:1: note: in expansion of macro ‘module_spi_driver’
  226 | module_spi_driver(ds1390_driver);
      | ^~~~~~~~~~~~~~~~~
In file included from drivers/rtc/rtc-ds1390.c:17:
./include/linux/module.h:138:7: warning: ‘cleanup_module’ specifies less restrictive attribute than its target ‘ds1390_driver_exit’: ‘cold’ [-Wmissing-attributes]
  138 |  void cleanup_module(void) __attribute__((alias(#exitfn)));
      |       ^~~~~~~~~~~~~~
./include/linux/device.h:1360:1: note: in expansion of macro ‘module_exit’
 1360 | module_exit(__driver##_exit);
      | ^~~~~~~~~~~
./include/linux/spi/spi.h:290:2: note: in expansion of macro ‘module_driver’
  290 |  module_driver(__spi_driver, spi_register_driver, \
      |  ^~~~~~~~~~~~~
drivers/rtc/rtc-ds1390.c:226:1: note: in expansion of macro ‘module_spi_driver’
  226 | module_spi_driver(ds1390_driver);
      | ^~~~~~~~~~~~~~~~~
In file included from ./include/linux/platform_device.h:14,
                 from drivers/rtc/rtc-ds1390.c:18:
drivers/rtc/rtc-ds1390.c:226:19: note: ‘cleanup_module’ target declared here
  226 | module_spi_driver(ds1390_driver);
      |                   ^~~~~~~~~~~~~
./include/linux/device.h:1356:20: note: in definition of macro ‘module_driver’
 1356 | static void __exit __driver##_exit(void) \
      |                    ^~~~~~~~
drivers/rtc/rtc-ds1390.c:226:1: note: in expansion of macro ‘module_spi_driver’
  226 | module_spi_driver(ds1390_driver);
      | ^~~~~~~~~~~~~~~~~
  CC [M]  drivers/rtc/rtc-ds1672.o
In file included from drivers/rtc/rtc-ds1672.c:14:
./include/linux/module.h:138:7: warning: ‘cleanup_module’ specifies less restrictive attribute than its target ‘ds1672_driver_exit’: ‘cold’ [-Wmissing-attributes]
  138 |  void cleanup_module(void) __attribute__((alias(#exitfn)));
      |       ^~~~~~~~~~~~~~
./include/linux/device.h:1360:1: note: in expansion of macro ‘module_exit’
 1360 | module_exit(__driver##_exit);
      | ^~~~~~~~~~~
./include/linux/i2c.h:751:2: note: in expansion of macro ‘module_driver’
  751 |  module_driver(__i2c_driver, i2c_add_driver, \
      |  ^~~~~~~~~~~~~
drivers/rtc/rtc-ds1672.c:207:1: note: in expansion of macro ‘module_i2c_driver’
  207 | module_i2c_driver(ds1672_driver);
      | ^~~~~~~~~~~~~~~~~
In file included from ./include/linux/i2c.h:30,
                 from drivers/rtc/rtc-ds1672.c:12:
drivers/rtc/rtc-ds1672.c:207:19: note: ‘cleanup_module’ target declared here
  207 | module_i2c_driver(ds1672_driver);
      |                   ^~~~~~~~~~~~~
./include/linux/device.h:1356:20: note: in definition of macro ‘module_driver’
 1356 | static void __exit __driver##_exit(void) \
      |                    ^~~~~~~~
drivers/rtc/rtc-ds1672.c:207:1: note: in expansion of macro ‘module_i2c_driver’
  207 | module_i2c_driver(ds1672_driver);
      | ^~~~~~~~~~~~~~~~~
In file included from drivers/rtc/rtc-ds1672.c:14:
./include/linux/module.h:132:6: warning: ‘init_module’ specifies less restrictive attribute than its target ‘ds1672_driver_init’: ‘cold’ [-Wmissing-attributes]
  132 |  int init_module(void) __attribute__((alias(#initfn)));
      |      ^~~~~~~~~~~
./include/linux/device.h:1355:1: note: in expansion of macro ‘module_init’
 1355 | module_init(__driver##_init); \
      | ^~~~~~~~~~~
./include/linux/i2c.h:751:2: note: in expansion of macro ‘module_driver’
  751 |  module_driver(__i2c_driver, i2c_add_driver, \
      |  ^~~~~~~~~~~~~
drivers/rtc/rtc-ds1672.c:207:1: note: in expansion of macro ‘module_i2c_driver’
  207 | module_i2c_driver(ds1672_driver);
      | ^~~~~~~~~~~~~~~~~
In file included from ./include/linux/i2c.h:30,
                 from drivers/rtc/rtc-ds1672.c:12:
drivers/rtc/rtc-ds1672.c:207:19: note: ‘init_module’ target declared here
  207 | module_i2c_driver(ds1672_driver);
      |                   ^~~~~~~~~~~~~
./include/linux/device.h:1351:19: note: in definition of macro ‘module_driver’
 1351 | static int __init __driver##_init(void) \
      |                   ^~~~~~~~
drivers/rtc/rtc-ds1672.c:207:1: note: in expansion of macro ‘module_i2c_driver’
  207 | module_i2c_driver(ds1672_driver);
      | ^~~~~~~~~~~~~~~~~
  CC [M]  drivers/rtc/rtc-ds3232.o
In file included from drivers/rtc/rtc-ds3232.c:17:
./include/linux/module.h:138:7: warning: ‘cleanup_module’ specifies less restrictive attribute than its target ‘ds323x_exit’: ‘cold’ [-Wmissing-attributes]
  138 |  void cleanup_module(void) __attribute__((alias(#exitfn)));
      |       ^~~~~~~~~~~~~~
drivers/rtc/rtc-ds3232.c:598:1: note: in expansion of macro ‘module_exit’
  598 | module_exit(ds323x_exit)
      | ^~~~~~~~~~~
drivers/rtc/rtc-ds3232.c:593:20: note: ‘cleanup_module’ target declared here
  593 | static void __exit ds323x_exit(void)
      |                    ^~~~~~~~~~~
In file included from drivers/rtc/rtc-ds3232.c:17:
./include/linux/module.h:132:6: warning: ‘init_module’ specifies less restrictive attribute than its target ‘ds323x_init’: ‘cold’ [-Wmissing-attributes]
  132 |  int init_module(void) __attribute__((alias(#initfn)));
      |      ^~~~~~~~~~~
drivers/rtc/rtc-ds3232.c:591:1: note: in expansion of macro ‘module_init’
  591 | module_init(ds323x_init)
      | ^~~~~~~~~~~
drivers/rtc/rtc-ds3232.c:573:19: note: ‘init_module’ target declared here
  573 | static int __init ds323x_init(void)
      |                   ^~~~~~~~~~~
  CC [M]  drivers/rtc/rtc-em3027.o
In file included from drivers/rtc/rtc-em3027.c:17:
./include/linux/module.h:138:7: warning: ‘cleanup_module’ specifies less restrictive attribute than its target ‘em3027_driver_exit’: ‘cold’ [-Wmissing-attributes]
  138 |  void cleanup_module(void) __attribute__((alias(#exitfn)));
      |       ^~~~~~~~~~~~~~
./include/linux/device.h:1360:1: note: in expansion of macro ‘module_exit’
 1360 | module_exit(__driver##_exit);
      | ^~~~~~~~~~~
./include/linux/i2c.h:751:2: note: in expansion of macro ‘module_driver’
  751 |  module_driver(__i2c_driver, i2c_add_driver, \
      |  ^~~~~~~~~~~~~
drivers/rtc/rtc-em3027.c:158:1: note: in expansion of macro ‘module_i2c_driver’
  158 | module_i2c_driver(em3027_driver);
      | ^~~~~~~~~~~~~~~~~
In file included from ./include/linux/i2c.h:30,
                 from drivers/rtc/rtc-em3027.c:14:
drivers/rtc/rtc-em3027.c:158:19: note: ‘cleanup_module’ target declared here
  158 | module_i2c_driver(em3027_driver);
      |                   ^~~~~~~~~~~~~
./include/linux/device.h:1356:20: note: in definition of macro ‘module_driver’
 1356 | static void __exit __driver##_exit(void) \
      |                    ^~~~~~~~
drivers/rtc/rtc-em3027.c:158:1: note: in expansion of macro ‘module_i2c_driver’
  158 | module_i2c_driver(em3027_driver);
      | ^~~~~~~~~~~~~~~~~
In file included from drivers/rtc/rtc-em3027.c:17:
./include/linux/module.h:132:6: warning: ‘init_module’ specifies less restrictive attribute than its target ‘em3027_driver_init’: ‘cold’ [-Wmissing-attributes]
  132 |  int init_module(void) __attribute__((alias(#initfn)));
      |      ^~~~~~~~~~~
./include/linux/device.h:1355:1: note: in expansion of macro ‘module_init’
 1355 | module_init(__driver##_init); \
      | ^~~~~~~~~~~
./include/linux/i2c.h:751:2: note: in expansion of macro ‘module_driver’
  751 |  module_driver(__i2c_driver, i2c_add_driver, \
      |  ^~~~~~~~~~~~~
drivers/rtc/rtc-em3027.c:158:1: note: in expansion of macro ‘module_i2c_driver’
  158 | module_i2c_driver(em3027_driver);
      | ^~~~~~~~~~~~~~~~~
In file included from ./include/linux/i2c.h:30,
                 from drivers/rtc/rtc-em3027.c:14:
drivers/rtc/rtc-em3027.c:158:19: note: ‘init_module’ target declared here
  158 | module_i2c_driver(em3027_driver);
      |                   ^~~~~~~~~~~~~
./include/linux/device.h:1351:19: note: in definition of macro ‘module_driver’
 1351 | static int __init __driver##_init(void) \
      |                   ^~~~~~~~
drivers/rtc/rtc-em3027.c:158:1: note: in expansion of macro ‘module_i2c_driver’
  158 | module_i2c_driver(em3027_driver);
      | ^~~~~~~~~~~~~~~~~
  CC [M]  drivers/rtc/rtc-fm3130.o
In file included from drivers/rtc/rtc-fm3130.c:12:
./include/linux/module.h:138:7: warning: ‘cleanup_module’ specifies less restrictive attribute than its target ‘fm3130_driver_exit’: ‘cold’ [-Wmissing-attributes]
  138 |  void cleanup_module(void) __attribute__((alias(#exitfn)));
      |       ^~~~~~~~~~~~~~
./include/linux/device.h:1360:1: note: in expansion of macro ‘module_exit’
 1360 | module_exit(__driver##_exit);
      | ^~~~~~~~~~~
./include/linux/i2c.h:751:2: note: in expansion of macro ‘module_driver’
  751 |  module_driver(__i2c_driver, i2c_add_driver, \
      |  ^~~~~~~~~~~~~
drivers/rtc/rtc-fm3130.c:531:1: note: in expansion of macro ‘module_i2c_driver’
  531 | module_i2c_driver(fm3130_driver);
      | ^~~~~~~~~~~~~~~~~
In file included from ./include/linux/i2c.h:30,
                 from drivers/rtc/rtc-fm3130.c:13:
drivers/rtc/rtc-fm3130.c:531:19: note: ‘cleanup_module’ target declared here
  531 | module_i2c_driver(fm3130_driver);
      |                   ^~~~~~~~~~~~~
./include/linux/device.h:1356:20: note: in definition of macro ‘module_driver’
 1356 | static void __exit __driver##_exit(void) \
      |                    ^~~~~~~~
drivers/rtc/rtc-fm3130.c:531:1: note: in expansion of macro ‘module_i2c_driver’
  531 | module_i2c_driver(fm3130_driver);
      | ^~~~~~~~~~~~~~~~~
In file included from drivers/rtc/rtc-fm3130.c:12:
./include/linux/module.h:132:6: warning: ‘init_module’ specifies less restrictive attribute than its target ‘fm3130_driver_init’: ‘cold’ [-Wmissing-attributes]
  132 |  int init_module(void) __attribute__((alias(#initfn)));
      |      ^~~~~~~~~~~
./include/linux/device.h:1355:1: note: in expansion of macro ‘module_init’
 1355 | module_init(__driver##_init); \
      | ^~~~~~~~~~~
./include/linux/i2c.h:751:2: note: in expansion of macro ‘module_driver’
  751 |  module_driver(__i2c_driver, i2c_add_driver, \
      |  ^~~~~~~~~~~~~
drivers/rtc/rtc-fm3130.c:531:1: note: in expansion of macro ‘module_i2c_driver’
  531 | module_i2c_driver(fm3130_driver);
      | ^~~~~~~~~~~~~~~~~
In file included from ./include/linux/i2c.h:30,
                 from drivers/rtc/rtc-fm3130.c:13:
drivers/rtc/rtc-fm3130.c:531:19: note: ‘init_module’ target declared here
  531 | module_i2c_driver(fm3130_driver);
      |                   ^~~~~~~~~~~~~
./include/linux/device.h:1351:19: note: in definition of macro ‘module_driver’
 1351 | static int __init __driver##_init(void) \
      |                   ^~~~~~~~
drivers/rtc/rtc-fm3130.c:531:1: note: in expansion of macro ‘module_i2c_driver’
  531 | module_i2c_driver(fm3130_driver);
      | ^~~~~~~~~~~~~~~~~
  CC [M]  drivers/rtc/rtc-isl12022.o
In file included from drivers/rtc/rtc-isl12022.c:18:
./include/linux/module.h:138:7: warning: ‘cleanup_module’ specifies less restrictive attribute than its target ‘isl12022_driver_exit’: ‘cold’ [-Wmissing-attributes]
  138 |  void cleanup_module(void) __attribute__((alias(#exitfn)));
      |       ^~~~~~~~~~~~~~
./include/linux/device.h:1360:1: note: in expansion of macro ‘module_exit’
 1360 | module_exit(__driver##_exit);
      | ^~~~~~~~~~~
./include/linux/i2c.h:751:2: note: in expansion of macro ‘module_driver’
  751 |  module_driver(__i2c_driver, i2c_add_driver, \
      |  ^~~~~~~~~~~~~
drivers/rtc/rtc-isl12022.c:293:1: note: in expansion of macro ‘module_i2c_driver’
  293 | module_i2c_driver(isl12022_driver);
      | ^~~~~~~~~~~~~~~~~
In file included from ./include/linux/i2c.h:30,
                 from drivers/rtc/rtc-isl12022.c:14:
drivers/rtc/rtc-isl12022.c:293:19: note: ‘cleanup_module’ target declared here
  293 | module_i2c_driver(isl12022_driver);
      |                   ^~~~~~~~~~~~~~~
./include/linux/device.h:1356:20: note: in definition of macro ‘module_driver’
 1356 | static void __exit __driver##_exit(void) \
      |                    ^~~~~~~~
drivers/rtc/rtc-isl12022.c:293:1: note: in expansion of macro ‘module_i2c_driver’
  293 | module_i2c_driver(isl12022_driver);
      | ^~~~~~~~~~~~~~~~~
In file included from drivers/rtc/rtc-isl12022.c:18:
./include/linux/module.h:132:6: warning: ‘init_module’ specifies less restrictive attribute than its target ‘isl12022_driver_init’: ‘cold’ [-Wmissing-attributes]
  132 |  int init_module(void) __attribute__((alias(#initfn)));
      |      ^~~~~~~~~~~
./include/linux/device.h:1355:1: note: in expansion of macro ‘module_init’
 1355 | module_init(__driver##_init); \
      | ^~~~~~~~~~~
./include/linux/i2c.h:751:2: note: in expansion of macro ‘module_driver’
  751 |  module_driver(__i2c_driver, i2c_add_driver, \
      |  ^~~~~~~~~~~~~
drivers/rtc/rtc-isl12022.c:293:1: note: in expansion of macro ‘module_i2c_driver’
  293 | module_i2c_driver(isl12022_driver);
      | ^~~~~~~~~~~~~~~~~
In file included from ./include/linux/i2c.h:30,
                 from drivers/rtc/rtc-isl12022.c:14:
drivers/rtc/rtc-isl12022.c:293:19: note: ‘init_module’ target declared here
  293 | module_i2c_driver(isl12022_driver);
      |                   ^~~~~~~~~~~~~~~
./include/linux/device.h:1351:19: note: in definition of macro ‘module_driver’
 1351 | static int __init __driver##_init(void) \
      |                   ^~~~~~~~
drivers/rtc/rtc-isl12022.c:293:1: note: in expansion of macro ‘module_i2c_driver’
  293 | module_i2c_driver(isl12022_driver);
      | ^~~~~~~~~~~~~~~~~
  CC [M]  drivers/rtc/rtc-isl1208.o
In file included from drivers/rtc/rtc-isl1208.c:13:
./include/linux/module.h:138:7: warning: ‘cleanup_module’ specifies less restrictive attribute than its target ‘isl1208_driver_exit’: ‘cold’ [-Wmissing-attributes]
  138 |  void cleanup_module(void) __attribute__((alias(#exitfn)));
      |       ^~~~~~~~~~~~~~
./include/linux/device.h:1360:1: note: in expansion of macro ‘module_exit’
 1360 | module_exit(__driver##_exit);
      | ^~~~~~~~~~~
./include/linux/i2c.h:751:2: note: in expansion of macro ‘module_driver’
  751 |  module_driver(__i2c_driver, i2c_add_driver, \
      |  ^~~~~~~~~~~~~
drivers/rtc/rtc-isl1208.c:699:1: note: in expansion of macro ‘module_i2c_driver’
  699 | module_i2c_driver(isl1208_driver);
      | ^~~~~~~~~~~~~~~~~
In file included from ./include/linux/i2c.h:30,
                 from drivers/rtc/rtc-isl1208.c:14:
drivers/rtc/rtc-isl1208.c:699:19: note: ‘cleanup_module’ target declared here
  699 | module_i2c_driver(isl1208_driver);
      |                   ^~~~~~~~~~~~~~
./include/linux/device.h:1356:20: note: in definition of macro ‘module_driver’
 1356 | static void __exit __driver##_exit(void) \
      |                    ^~~~~~~~
drivers/rtc/rtc-isl1208.c:699:1: note: in expansion of macro ‘module_i2c_driver’
  699 | module_i2c_driver(isl1208_driver);
      | ^~~~~~~~~~~~~~~~~
In file included from drivers/rtc/rtc-isl1208.c:13:
./include/linux/module.h:132:6: warning: ‘init_module’ specifies less restrictive attribute than its target ‘isl1208_driver_init’: ‘cold’ [-Wmissing-attributes]
  132 |  int init_module(void) __attribute__((alias(#initfn)));
      |      ^~~~~~~~~~~
./include/linux/device.h:1355:1: note: in expansion of macro ‘module_init’
 1355 | module_init(__driver##_init); \
      | ^~~~~~~~~~~
./include/linux/i2c.h:751:2: note: in expansion of macro ‘module_driver’
  751 |  module_driver(__i2c_driver, i2c_add_driver, \
      |  ^~~~~~~~~~~~~
drivers/rtc/rtc-isl1208.c:699:1: note: in expansion of macro ‘module_i2c_driver’
  699 | module_i2c_driver(isl1208_driver);
      | ^~~~~~~~~~~~~~~~~
In file included from ./include/linux/i2c.h:30,
                 from drivers/rtc/rtc-isl1208.c:14:
drivers/rtc/rtc-isl1208.c:699:19: note: ‘init_module’ target declared here
  699 | module_i2c_driver(isl1208_driver);
      |                   ^~~~~~~~~~~~~~
./include/linux/device.h:1351:19: note: in definition of macro ‘module_driver’
 1351 | static int __init __driver##_init(void) \
      |                   ^~~~~~~~
drivers/rtc/rtc-isl1208.c:699:1: note: in expansion of macro ‘module_i2c_driver’
  699 | module_i2c_driver(isl1208_driver);
      | ^~~~~~~~~~~~~~~~~
  CC [M]  drivers/rtc/rtc-m41t80.o
In file included from drivers/rtc/rtc-m41t80.c:22:
./include/linux/module.h:138:7: warning: ‘cleanup_module’ specifies less restrictive attribute than its target ‘m41t80_driver_exit’: ‘cold’ [-Wmissing-attributes]
  138 |  void cleanup_module(void) __attribute__((alias(#exitfn)));
      |       ^~~~~~~~~~~~~~
./include/linux/device.h:1360:1: note: in expansion of macro ‘module_exit’
 1360 | module_exit(__driver##_exit);
      | ^~~~~~~~~~~
./include/linux/i2c.h:751:2: note: in expansion of macro ‘module_driver’
  751 |  module_driver(__i2c_driver, i2c_add_driver, \
      |  ^~~~~~~~~~~~~
drivers/rtc/rtc-m41t80.c:904:1: note: in expansion of macro ‘module_i2c_driver’
  904 | module_i2c_driver(m41t80_driver);
      | ^~~~~~~~~~~~~~~~~
In file included from ./include/linux/i2c.h:30,
                 from drivers/rtc/rtc-m41t80.c:19:
drivers/rtc/rtc-m41t80.c:904:19: note: ‘cleanup_module’ target declared here
  904 | module_i2c_driver(m41t80_driver);
      |                   ^~~~~~~~~~~~~
./include/linux/device.h:1356:20: note: in definition of macro ‘module_driver’
 1356 | static void __exit __driver##_exit(void) \
      |                    ^~~~~~~~
drivers/rtc/rtc-m41t80.c:904:1: note: in expansion of macro ‘module_i2c_driver’
  904 | module_i2c_driver(m41t80_driver);
      | ^~~~~~~~~~~~~~~~~
In file included from drivers/rtc/rtc-m41t80.c:22:
./include/linux/module.h:132:6: warning: ‘init_module’ specifies less restrictive attribute than its target ‘m41t80_driver_init’: ‘cold’ [-Wmissing-attributes]
  132 |  int init_module(void) __attribute__((alias(#initfn)));
      |      ^~~~~~~~~~~
./include/linux/device.h:1355:1: note: in expansion of macro ‘module_init’
 1355 | module_init(__driver##_init); \
      | ^~~~~~~~~~~
./include/linux/i2c.h:751:2: note: in expansion of macro ‘module_driver’
  751 |  module_driver(__i2c_driver, i2c_add_driver, \
      |  ^~~~~~~~~~~~~
drivers/rtc/rtc-m41t80.c:904:1: note: in expansion of macro ‘module_i2c_driver’
  904 | module_i2c_driver(m41t80_driver);
      | ^~~~~~~~~~~~~~~~~
In file included from ./include/linux/i2c.h:30,
                 from drivers/rtc/rtc-m41t80.c:19:
drivers/rtc/rtc-m41t80.c:904:19: note: ‘init_module’ target declared here
  904 | module_i2c_driver(m41t80_driver);
      |                   ^~~~~~~~~~~~~
./include/linux/device.h:1351:19: note: in definition of macro ‘module_driver’
 1351 | static int __init __driver##_init(void) \
      |                   ^~~~~~~~
drivers/rtc/rtc-m41t80.c:904:1: note: in expansion of macro ‘module_i2c_driver’
  904 | module_i2c_driver(m41t80_driver);
      | ^~~~~~~~~~~~~~~~~
  CC [M]  drivers/rtc/rtc-m41t93.o
In file included from drivers/rtc/rtc-m41t93.c:14:
./include/linux/module.h:132:6: warning: ‘init_module’ specifies less restrictive attribute than its target ‘m41t93_driver_init’: ‘cold’ [-Wmissing-attributes]
  132 |  int init_module(void) __attribute__((alias(#initfn)));
      |      ^~~~~~~~~~~
./include/linux/device.h:1355:1: note: in expansion of macro ‘module_init’
 1355 | module_init(__driver##_init); \
      | ^~~~~~~~~~~
./include/linux/spi/spi.h:290:2: note: in expansion of macro ‘module_driver’
  290 |  module_driver(__spi_driver, spi_register_driver, \
      |  ^~~~~~~~~~~~~
drivers/rtc/rtc-m41t93.c:204:1: note: in expansion of macro ‘module_spi_driver’
  204 | module_spi_driver(m41t93_driver);
      | ^~~~~~~~~~~~~~~~~
In file included from ./include/linux/platform_device.h:14,
                 from drivers/rtc/rtc-m41t93.c:15:
drivers/rtc/rtc-m41t93.c:204:19: note: ‘init_module’ target declared here
  204 | module_spi_driver(m41t93_driver);
      |                   ^~~~~~~~~~~~~
./include/linux/device.h:1351:19: note: in definition of macro ‘module_driver’
 1351 | static int __init __driver##_init(void) \
      |                   ^~~~~~~~
drivers/rtc/rtc-m41t93.c:204:1: note: in expansion of macro ‘module_spi_driver’
  204 | module_spi_driver(m41t93_driver);
      | ^~~~~~~~~~~~~~~~~
In file included from drivers/rtc/rtc-m41t93.c:14:
./include/linux/module.h:138:7: warning: ‘cleanup_module’ specifies less restrictive attribute than its target ‘m41t93_driver_exit’: ‘cold’ [-Wmissing-attributes]
  138 |  void cleanup_module(void) __attribute__((alias(#exitfn)));
      |       ^~~~~~~~~~~~~~
./include/linux/device.h:1360:1: note: in expansion of macro ‘module_exit’
 1360 | module_exit(__driver##_exit);
      | ^~~~~~~~~~~
./include/linux/spi/spi.h:290:2: note: in expansion of macro ‘module_driver’
  290 |  module_driver(__spi_driver, spi_register_driver, \
      |  ^~~~~~~~~~~~~
drivers/rtc/rtc-m41t93.c:204:1: note: in expansion of macro ‘module_spi_driver’
  204 | module_spi_driver(m41t93_driver);
      | ^~~~~~~~~~~~~~~~~
In file included from ./include/linux/platform_device.h:14,
                 from drivers/rtc/rtc-m41t93.c:15:
drivers/rtc/rtc-m41t93.c:204:19: note: ‘cleanup_module’ target declared here
  204 | module_spi_driver(m41t93_driver);
      |                   ^~~~~~~~~~~~~
./include/linux/device.h:1356:20: note: in definition of macro ‘module_driver’
 1356 | static void __exit __driver##_exit(void) \
      |                    ^~~~~~~~
drivers/rtc/rtc-m41t93.c:204:1: note: in expansion of macro ‘module_spi_driver’
  204 | module_spi_driver(m41t93_driver);
      | ^~~~~~~~~~~~~~~~~
  CC [M]  drivers/rtc/rtc-m41t94.o
In file included from drivers/rtc/rtc-m41t94.c:11:
./include/linux/module.h:132:6: warning: ‘init_module’ specifies less restrictive attribute than its target ‘m41t94_driver_init’: ‘cold’ [-Wmissing-attributes]
  132 |  int init_module(void) __attribute__((alias(#initfn)));
      |      ^~~~~~~~~~~
./include/linux/device.h:1355:1: note: in expansion of macro ‘module_init’
 1355 | module_init(__driver##_init); \
      | ^~~~~~~~~~~
./include/linux/spi/spi.h:290:2: note: in expansion of macro ‘module_driver’
  290 |  module_driver(__spi_driver, spi_register_driver, \
      |  ^~~~~~~~~~~~~
drivers/rtc/rtc-m41t94.c:144:1: note: in expansion of macro ‘module_spi_driver’
  144 | module_spi_driver(m41t94_driver);
      | ^~~~~~~~~~~~~~~~~
In file included from ./include/linux/platform_device.h:14,
                 from drivers/rtc/rtc-m41t94.c:13:
drivers/rtc/rtc-m41t94.c:144:19: note: ‘init_module’ target declared here
  144 | module_spi_driver(m41t94_driver);
      |                   ^~~~~~~~~~~~~
./include/linux/device.h:1351:19: note: in definition of macro ‘module_driver’
 1351 | static int __init __driver##_init(void) \
      |                   ^~~~~~~~
drivers/rtc/rtc-m41t94.c:144:1: note: in expansion of macro ‘module_spi_driver’
  144 | module_spi_driver(m41t94_driver);
      | ^~~~~~~~~~~~~~~~~
In file included from drivers/rtc/rtc-m41t94.c:11:
./include/linux/module.h:138:7: warning: ‘cleanup_module’ specifies less restrictive attribute than its target ‘m41t94_driver_exit’: ‘cold’ [-Wmissing-attributes]
  138 |  void cleanup_module(void) __attribute__((alias(#exitfn)));
      |       ^~~~~~~~~~~~~~
./include/linux/device.h:1360:1: note: in expansion of macro ‘module_exit’
 1360 | module_exit(__driver##_exit);
      | ^~~~~~~~~~~
./include/linux/spi/spi.h:290:2: note: in expansion of macro ‘module_driver’
  290 |  module_driver(__spi_driver, spi_register_driver, \
      |  ^~~~~~~~~~~~~
drivers/rtc/rtc-m41t94.c:144:1: note: in expansion of macro ‘module_spi_driver’
  144 | module_spi_driver(m41t94_driver);
      | ^~~~~~~~~~~~~~~~~
In file included from ./include/linux/platform_device.h:14,
                 from drivers/rtc/rtc-m41t94.c:13:
drivers/rtc/rtc-m41t94.c:144:19: note: ‘cleanup_module’ target declared here
  144 | module_spi_driver(m41t94_driver);
      |                   ^~~~~~~~~~~~~
./include/linux/device.h:1356:20: note: in definition of macro ‘module_driver’
 1356 | static void __exit __driver##_exit(void) \
      |                    ^~~~~~~~
drivers/rtc/rtc-m41t94.c:144:1: note: in expansion of macro ‘module_spi_driver’
  144 | module_spi_driver(m41t94_driver);
      | ^~~~~~~~~~~~~~~~~
  CC [M]  drivers/rtc/rtc-max6900.o
In file included from drivers/rtc/rtc-max6900.c:14:
./include/linux/module.h:138:7: warning: ‘cleanup_module’ specifies less restrictive attribute than its target ‘max6900_driver_exit’: ‘cold’ [-Wmissing-attributes]
  138 |  void cleanup_module(void) __attribute__((alias(#exitfn)));
      |       ^~~~~~~~~~~~~~
./include/linux/device.h:1360:1: note: in expansion of macro ‘module_exit’
 1360 | module_exit(__driver##_exit);
      | ^~~~~~~~~~~
./include/linux/i2c.h:751:2: note: in expansion of macro ‘module_driver’
  751 |  module_driver(__i2c_driver, i2c_add_driver, \
      |  ^~~~~~~~~~~~~
drivers/rtc/rtc-max6900.c:243:1: note: in expansion of macro ‘module_i2c_driver’
  243 | module_i2c_driver(max6900_driver);
      | ^~~~~~~~~~~~~~~~~
In file included from ./include/linux/i2c.h:30,
                 from drivers/rtc/rtc-max6900.c:15:
drivers/rtc/rtc-max6900.c:243:19: note: ‘cleanup_module’ target declared here
  243 | module_i2c_driver(max6900_driver);
      |                   ^~~~~~~~~~~~~~
./include/linux/device.h:1356:20: note: in definition of macro ‘module_driver’
 1356 | static void __exit __driver##_exit(void) \
      |                    ^~~~~~~~
drivers/rtc/rtc-max6900.c:243:1: note: in expansion of macro ‘module_i2c_driver’
  243 | module_i2c_driver(max6900_driver);
      | ^~~~~~~~~~~~~~~~~
In file included from drivers/rtc/rtc-max6900.c:14:
./include/linux/module.h:132:6: warning: ‘init_module’ specifies less restrictive attribute than its target ‘max6900_driver_init’: ‘cold’ [-Wmissing-attributes]
  132 |  int init_module(void) __attribute__((alias(#initfn)));
      |      ^~~~~~~~~~~
./include/linux/device.h:1355:1: note: in expansion of macro ‘module_init’
 1355 | module_init(__driver##_init); \
      | ^~~~~~~~~~~
./include/linux/i2c.h:751:2: note: in expansion of macro ‘module_driver’
  751 |  module_driver(__i2c_driver, i2c_add_driver, \
      |  ^~~~~~~~~~~~~
drivers/rtc/rtc-max6900.c:243:1: note: in expansion of macro ‘module_i2c_driver’
  243 | module_i2c_driver(max6900_driver);
      | ^~~~~~~~~~~~~~~~~
In file included from ./include/linux/i2c.h:30,
                 from drivers/rtc/rtc-max6900.c:15:
drivers/rtc/rtc-max6900.c:243:19: note: ‘init_module’ target declared here
  243 | module_i2c_driver(max6900_driver);
      |                   ^~~~~~~~~~~~~~
./include/linux/device.h:1351:19: note: in definition of macro ‘module_driver’
 1351 | static int __init __driver##_init(void) \
      |                   ^~~~~~~~
drivers/rtc/rtc-max6900.c:243:1: note: in expansion of macro ‘module_i2c_driver’
  243 | module_i2c_driver(max6900_driver);
      | ^~~~~~~~~~~~~~~~~
  CC [M]  drivers/rtc/rtc-max6902.o
In file included from drivers/rtc/rtc-max6902.c:14:
./include/linux/module.h:132:6: warning: ‘init_module’ specifies less restrictive attribute than its target ‘max6902_driver_init’: ‘cold’ [-Wmissing-attributes]
  132 |  int init_module(void) __attribute__((alias(#initfn)));
      |      ^~~~~~~~~~~
./include/linux/device.h:1355:1: note: in expansion of macro ‘module_init’
 1355 | module_init(__driver##_init); \
      | ^~~~~~~~~~~
./include/linux/spi/spi.h:290:2: note: in expansion of macro ‘module_driver’
  290 |  module_driver(__spi_driver, spi_register_driver, \
      |  ^~~~~~~~~~~~~
drivers/rtc/rtc-max6902.c:153:1: note: in expansion of macro ‘module_spi_driver’
  153 | module_spi_driver(max6902_driver);
      | ^~~~~~~~~~~~~~~~~
In file included from ./include/linux/platform_device.h:14,
                 from drivers/rtc/rtc-max6902.c:16:
drivers/rtc/rtc-max6902.c:153:19: note: ‘init_module’ target declared here
  153 | module_spi_driver(max6902_driver);
      |                   ^~~~~~~~~~~~~~
./include/linux/device.h:1351:19: note: in definition of macro ‘module_driver’
 1351 | static int __init __driver##_init(void) \
      |                   ^~~~~~~~
drivers/rtc/rtc-max6902.c:153:1: note: in expansion of macro ‘module_spi_driver’
  153 | module_spi_driver(max6902_driver);
      | ^~~~~~~~~~~~~~~~~
In file included from drivers/rtc/rtc-max6902.c:14:
./include/linux/module.h:138:7: warning: ‘cleanup_module’ specifies less restrictive attribute than its target ‘max6902_driver_exit’: ‘cold’ [-Wmissing-attributes]
  138 |  void cleanup_module(void) __attribute__((alias(#exitfn)));
      |       ^~~~~~~~~~~~~~
./include/linux/device.h:1360:1: note: in expansion of macro ‘module_exit’
 1360 | module_exit(__driver##_exit);
      | ^~~~~~~~~~~
./include/linux/spi/spi.h:290:2: note: in expansion of macro ‘module_driver’
  290 |  module_driver(__spi_driver, spi_register_driver, \
      |  ^~~~~~~~~~~~~
drivers/rtc/rtc-max6902.c:153:1: note: in expansion of macro ‘module_spi_driver’
  153 | module_spi_driver(max6902_driver);
      | ^~~~~~~~~~~~~~~~~
In file included from ./include/linux/platform_device.h:14,
                 from drivers/rtc/rtc-max6902.c:16:
drivers/rtc/rtc-max6902.c:153:19: note: ‘cleanup_module’ target declared here
  153 | module_spi_driver(max6902_driver);
      |                   ^~~~~~~~~~~~~~
./include/linux/device.h:1356:20: note: in definition of macro ‘module_driver’
 1356 | static void __exit __driver##_exit(void) \
      |                    ^~~~~~~~
drivers/rtc/rtc-max6902.c:153:1: note: in expansion of macro ‘module_spi_driver’
  153 | module_spi_driver(max6902_driver);
      | ^~~~~~~~~~~~~~~~~
  CC [M]  drivers/rtc/rtc-pcf2123.o
In file included from drivers/rtc/rtc-pcf2123.c:46:
./include/linux/module.h:138:7: warning: ‘cleanup_module’ specifies less restrictive attribute than its target ‘pcf2123_driver_exit’: ‘cold’ [-Wmissing-attributes]
  138 |  void cleanup_module(void) __attribute__((alias(#exitfn)));
      |       ^~~~~~~~~~~~~~
./include/linux/device.h:1360:1: note: in expansion of macro ‘module_exit’
 1360 | module_exit(__driver##_exit);
      | ^~~~~~~~~~~
./include/linux/spi/spi.h:290:2: note: in expansion of macro ‘module_driver’
  290 |  module_driver(__spi_driver, spi_register_driver, \
      |  ^~~~~~~~~~~~~
drivers/rtc/rtc-pcf2123.c:470:1: note: in expansion of macro ‘module_spi_driver’
  470 | module_spi_driver(pcf2123_driver);
      | ^~~~~~~~~~~~~~~~~
In file included from drivers/rtc/rtc-pcf2123.c:37:
drivers/rtc/rtc-pcf2123.c:470:19: note: ‘cleanup_module’ target declared here
  470 | module_spi_driver(pcf2123_driver);
      |                   ^~~~~~~~~~~~~~
./include/linux/device.h:1356:20: note: in definition of macro ‘module_driver’
 1356 | static void __exit __driver##_exit(void) \
      |                    ^~~~~~~~
drivers/rtc/rtc-pcf2123.c:470:1: note: in expansion of macro ‘module_spi_driver’
  470 | module_spi_driver(pcf2123_driver);
      | ^~~~~~~~~~~~~~~~~
In file included from drivers/rtc/rtc-pcf2123.c:46:
./include/linux/module.h:132:6: warning: ‘init_module’ specifies less restrictive attribute than its target ‘pcf2123_driver_init’: ‘cold’ [-Wmissing-attributes]
  132 |  int init_module(void) __attribute__((alias(#initfn)));
      |      ^~~~~~~~~~~
./include/linux/device.h:1355:1: note: in expansion of macro ‘module_init’
 1355 | module_init(__driver##_init); \
      | ^~~~~~~~~~~
./include/linux/spi/spi.h:290:2: note: in expansion of macro ‘module_driver’
  290 |  module_driver(__spi_driver, spi_register_driver, \
      |  ^~~~~~~~~~~~~
drivers/rtc/rtc-pcf2123.c:470:1: note: in expansion of macro ‘module_spi_driver’
  470 | module_spi_driver(pcf2123_driver);
      | ^~~~~~~~~~~~~~~~~
In file included from drivers/rtc/rtc-pcf2123.c:37:
drivers/rtc/rtc-pcf2123.c:470:19: note: ‘init_module’ target declared here
  470 | module_spi_driver(pcf2123_driver);
      |                   ^~~~~~~~~~~~~~
./include/linux/device.h:1351:19: note: in definition of macro ‘module_driver’
 1351 | static int __init __driver##_init(void) \
      |                   ^~~~~~~~
drivers/rtc/rtc-pcf2123.c:470:1: note: in expansion of macro ‘module_spi_driver’
  470 | module_spi_driver(pcf2123_driver);
      | ^~~~~~~~~~~~~~~~~
  CC [M]  drivers/rtc/rtc-pcf2127.o
In file included from drivers/rtc/rtc-pcf2127.c:21:
./include/linux/module.h:138:7: warning: ‘cleanup_module’ specifies less restrictive attribute than its target ‘pcf2127_exit’: ‘cold’ [-Wmissing-attributes]
  138 |  void cleanup_module(void) __attribute__((alias(#exitfn)));
      |       ^~~~~~~~~~~~~~
drivers/rtc/rtc-pcf2127.c:431:1: note: in expansion of macro ‘module_exit’
  431 | module_exit(pcf2127_exit)
      | ^~~~~~~~~~~
drivers/rtc/rtc-pcf2127.c:426:20: note: ‘cleanup_module’ target declared here
  426 | static void __exit pcf2127_exit(void)
      |                    ^~~~~~~~~~~~
In file included from drivers/rtc/rtc-pcf2127.c:21:
./include/linux/module.h:132:6: warning: ‘init_module’ specifies less restrictive attribute than its target ‘pcf2127_init’: ‘cold’ [-Wmissing-attributes]
  132 |  int init_module(void) __attribute__((alias(#initfn)));
      |      ^~~~~~~~~~~
drivers/rtc/rtc-pcf2127.c:424:1: note: in expansion of macro ‘module_init’
  424 | module_init(pcf2127_init)
      | ^~~~~~~~~~~
drivers/rtc/rtc-pcf2127.c:406:19: note: ‘init_module’ target declared here
  406 | static int __init pcf2127_init(void)
      |                   ^~~~~~~~~~~~
  CC [M]  drivers/rtc/rtc-pcf8523.o
In file included from drivers/rtc/rtc-pcf8523.c:11:
./include/linux/module.h:138:7: warning: ‘cleanup_module’ specifies less restrictive attribute than its target ‘pcf8523_driver_exit’: ‘cold’ [-Wmissing-attributes]
  138 |  void cleanup_module(void) __attribute__((alias(#exitfn)));
      |       ^~~~~~~~~~~~~~
./include/linux/device.h:1360:1: note: in expansion of macro ‘module_exit’
 1360 | module_exit(__driver##_exit);
      | ^~~~~~~~~~~
./include/linux/i2c.h:751:2: note: in expansion of macro ‘module_driver’
  751 |  module_driver(__i2c_driver, i2c_add_driver, \
      |  ^~~~~~~~~~~~~
drivers/rtc/rtc-pcf8523.c:334:1: note: in expansion of macro ‘module_i2c_driver’
  334 | module_i2c_driver(pcf8523_driver);
      | ^~~~~~~~~~~~~~~~~
In file included from ./include/linux/i2c.h:30,
                 from drivers/rtc/rtc-pcf8523.c:10:
drivers/rtc/rtc-pcf8523.c:334:19: note: ‘cleanup_module’ target declared here
  334 | module_i2c_driver(pcf8523_driver);
      |                   ^~~~~~~~~~~~~~
./include/linux/device.h:1356:20: note: in definition of macro ‘module_driver’
 1356 | static void __exit __driver##_exit(void) \
      |                    ^~~~~~~~
drivers/rtc/rtc-pcf8523.c:334:1: note: in expansion of macro ‘module_i2c_driver’
  334 | module_i2c_driver(pcf8523_driver);
      | ^~~~~~~~~~~~~~~~~
In file included from drivers/rtc/rtc-pcf8523.c:11:
./include/linux/module.h:132:6: warning: ‘init_module’ specifies less restrictive attribute than its target ‘pcf8523_driver_init’: ‘cold’ [-Wmissing-attributes]
  132 |  int init_module(void) __attribute__((alias(#initfn)));
      |      ^~~~~~~~~~~
./include/linux/device.h:1355:1: note: in expansion of macro ‘module_init’
 1355 | module_init(__driver##_init); \
      | ^~~~~~~~~~~
./include/linux/i2c.h:751:2: note: in expansion of macro ‘module_driver’
  751 |  module_driver(__i2c_driver, i2c_add_driver, \
      |  ^~~~~~~~~~~~~
drivers/rtc/rtc-pcf8523.c:334:1: note: in expansion of macro ‘module_i2c_driver’
  334 | module_i2c_driver(pcf8523_driver);
      | ^~~~~~~~~~~~~~~~~
In file included from ./include/linux/i2c.h:30,
                 from drivers/rtc/rtc-pcf8523.c:10:
drivers/rtc/rtc-pcf8523.c:334:19: note: ‘init_module’ target declared here
  334 | module_i2c_driver(pcf8523_driver);
      |                   ^~~~~~~~~~~~~~
./include/linux/device.h:1351:19: note: in definition of macro ‘module_driver’
 1351 | static int __init __driver##_init(void) \
      |                   ^~~~~~~~
drivers/rtc/rtc-pcf8523.c:334:1: note: in expansion of macro ‘module_i2c_driver’
  334 | module_i2c_driver(pcf8523_driver);
      | ^~~~~~~~~~~~~~~~~
  CC [M]  drivers/rtc/rtc-pcf8563.o
In file included from drivers/rtc/rtc-pcf8563.c:22:
./include/linux/module.h:138:7: warning: ‘cleanup_module’ specifies less restrictive attribute than its target ‘pcf8563_driver_exit’: ‘cold’ [-Wmissing-attributes]
  138 |  void cleanup_module(void) __attribute__((alias(#exitfn)));
      |       ^~~~~~~~~~~~~~
./include/linux/device.h:1360:1: note: in expansion of macro ‘module_exit’
 1360 | module_exit(__driver##_exit);
      | ^~~~~~~~~~~
./include/linux/i2c.h:751:2: note: in expansion of macro ‘module_driver’
  751 |  module_driver(__i2c_driver, i2c_add_driver, \
      |  ^~~~~~~~~~~~~
drivers/rtc/rtc-pcf8563.c:653:1: note: in expansion of macro ‘module_i2c_driver’
  653 | module_i2c_driver(pcf8563_driver);
      | ^~~~~~~~~~~~~~~~~
In file included from ./include/linux/i2c.h:30,
                 from drivers/rtc/rtc-pcf8563.c:18:
drivers/rtc/rtc-pcf8563.c:653:19: note: ‘cleanup_module’ target declared here
  653 | module_i2c_driver(pcf8563_driver);
      |                   ^~~~~~~~~~~~~~
./include/linux/device.h:1356:20: note: in definition of macro ‘module_driver’
 1356 | static void __exit __driver##_exit(void) \
      |                    ^~~~~~~~
drivers/rtc/rtc-pcf8563.c:653:1: note: in expansion of macro ‘module_i2c_driver’
  653 | module_i2c_driver(pcf8563_driver);
      | ^~~~~~~~~~~~~~~~~
In file included from drivers/rtc/rtc-pcf8563.c:22:
./include/linux/module.h:132:6: warning: ‘init_module’ specifies less restrictive attribute than its target ‘pcf8563_driver_init’: ‘cold’ [-Wmissing-attributes]
  132 |  int init_module(void) __attribute__((alias(#initfn)));
      |      ^~~~~~~~~~~
./include/linux/device.h:1355:1: note: in expansion of macro ‘module_init’
 1355 | module_init(__driver##_init); \
      | ^~~~~~~~~~~
./include/linux/i2c.h:751:2: note: in expansion of macro ‘module_driver’
  751 |  module_driver(__i2c_driver, i2c_add_driver, \
      |  ^~~~~~~~~~~~~
drivers/rtc/rtc-pcf8563.c:653:1: note: in expansion of macro ‘module_i2c_driver’
  653 | module_i2c_driver(pcf8563_driver);
      | ^~~~~~~~~~~~~~~~~
In file included from ./include/linux/i2c.h:30,
                 from drivers/rtc/rtc-pcf8563.c:18:
drivers/rtc/rtc-pcf8563.c:653:19: note: ‘init_module’ target declared here
  653 | module_i2c_driver(pcf8563_driver);
      |                   ^~~~~~~~~~~~~~
./include/linux/device.h:1351:19: note: in definition of macro ‘module_driver’
 1351 | static int __init __driver##_init(void) \
      |                   ^~~~~~~~
drivers/rtc/rtc-pcf8563.c:653:1: note: in expansion of macro ‘module_i2c_driver’
  653 | module_i2c_driver(pcf8563_driver);
      | ^~~~~~~~~~~~~~~~~
  CC [M]  drivers/rtc/rtc-pcf8583.o
In file included from drivers/rtc/rtc-pcf8583.c:15:
./include/linux/module.h:138:7: warning: ‘cleanup_module’ specifies less restrictive attribute than its target ‘pcf8583_driver_exit’: ‘cold’ [-Wmissing-attributes]
  138 |  void cleanup_module(void) __attribute__((alias(#exitfn)));
      |       ^~~~~~~~~~~~~~
./include/linux/device.h:1360:1: note: in expansion of macro ‘module_exit’
 1360 | module_exit(__driver##_exit);
      | ^~~~~~~~~~~
./include/linux/i2c.h:751:2: note: in expansion of macro ‘module_driver’
  751 |  module_driver(__i2c_driver, i2c_add_driver, \
      |  ^~~~~~~~~~~~~
drivers/rtc/rtc-pcf8583.c:317:1: note: in expansion of macro ‘module_i2c_driver’
  317 | module_i2c_driver(pcf8583_driver);
      | ^~~~~~~~~~~~~~~~~
In file included from ./include/linux/i2c.h:30,
                 from drivers/rtc/rtc-pcf8583.c:16:
drivers/rtc/rtc-pcf8583.c:317:19: note: ‘cleanup_module’ target declared here
  317 | module_i2c_driver(pcf8583_driver);
      |                   ^~~~~~~~~~~~~~
./include/linux/device.h:1356:20: note: in definition of macro ‘module_driver’
 1356 | static void __exit __driver##_exit(void) \
      |                    ^~~~~~~~
drivers/rtc/rtc-pcf8583.c:317:1: note: in expansion of macro ‘module_i2c_driver’
  317 | module_i2c_driver(pcf8583_driver);
      | ^~~~~~~~~~~~~~~~~
In file included from drivers/rtc/rtc-pcf8583.c:15:
./include/linux/module.h:132:6: warning: ‘init_module’ specifies less restrictive attribute than its target ‘pcf8583_driver_init’: ‘cold’ [-Wmissing-attributes]
  132 |  int init_module(void) __attribute__((alias(#initfn)));
      |      ^~~~~~~~~~~
./include/linux/device.h:1355:1: note: in expansion of macro ‘module_init’
 1355 | module_init(__driver##_init); \
      | ^~~~~~~~~~~
./include/linux/i2c.h:751:2: note: in expansion of macro ‘module_driver’
  751 |  module_driver(__i2c_driver, i2c_add_driver, \
      |  ^~~~~~~~~~~~~
drivers/rtc/rtc-pcf8583.c:317:1: note: in expansion of macro ‘module_i2c_driver’
  317 | module_i2c_driver(pcf8583_driver);
      | ^~~~~~~~~~~~~~~~~
In file included from ./include/linux/i2c.h:30,
                 from drivers/rtc/rtc-pcf8583.c:16:
drivers/rtc/rtc-pcf8583.c:317:19: note: ‘init_module’ target declared here
  317 | module_i2c_driver(pcf8583_driver);
      |                   ^~~~~~~~~~~~~~
./include/linux/device.h:1351:19: note: in definition of macro ‘module_driver’
 1351 | static int __init __driver##_init(void) \
      |                   ^~~~~~~~
drivers/rtc/rtc-pcf8583.c:317:1: note: in expansion of macro ‘module_i2c_driver’
  317 | module_i2c_driver(pcf8583_driver);
      | ^~~~~~~~~~~~~~~~~
  CC [M]  drivers/rtc/rtc-r9701.o
In file included from drivers/rtc/rtc-r9701.c:16:
./include/linux/module.h:132:6: warning: ‘init_module’ specifies less restrictive attribute than its target ‘r9701_driver_init’: ‘cold’ [-Wmissing-attributes]
  132 |  int init_module(void) __attribute__((alias(#initfn)));
      |      ^~~~~~~~~~~
./include/linux/device.h:1355:1: note: in expansion of macro ‘module_init’
 1355 | module_init(__driver##_init); \
      | ^~~~~~~~~~~
./include/linux/spi/spi.h:290:2: note: in expansion of macro ‘module_driver’
  290 |  module_driver(__spi_driver, spi_register_driver, \
      |  ^~~~~~~~~~~~~
drivers/rtc/rtc-r9701.c:180:1: note: in expansion of macro ‘module_spi_driver’
  180 | module_spi_driver(r9701_driver);
      | ^~~~~~~~~~~~~~~~~
In file included from ./include/linux/platform_device.h:14,
                 from drivers/rtc/rtc-r9701.c:18:
drivers/rtc/rtc-r9701.c:180:19: note: ‘init_module’ target declared here
  180 | module_spi_driver(r9701_driver);
      |                   ^~~~~~~~~~~~
./include/linux/device.h:1351:19: note: in definition of macro ‘module_driver’
 1351 | static int __init __driver##_init(void) \
      |                   ^~~~~~~~
drivers/rtc/rtc-r9701.c:180:1: note: in expansion of macro ‘module_spi_driver’
  180 | module_spi_driver(r9701_driver);
      | ^~~~~~~~~~~~~~~~~
In file included from drivers/rtc/rtc-r9701.c:16:
./include/linux/module.h:138:7: warning: ‘cleanup_module’ specifies less restrictive attribute than its target ‘r9701_driver_exit’: ‘cold’ [-Wmissing-attributes]
  138 |  void cleanup_module(void) __attribute__((alias(#exitfn)));
      |       ^~~~~~~~~~~~~~
./include/linux/device.h:1360:1: note: in expansion of macro ‘module_exit’
 1360 | module_exit(__driver##_exit);
      | ^~~~~~~~~~~
./include/linux/spi/spi.h:290:2: note: in expansion of macro ‘module_driver’
  290 |  module_driver(__spi_driver, spi_register_driver, \
      |  ^~~~~~~~~~~~~
drivers/rtc/rtc-r9701.c:180:1: note: in expansion of macro ‘module_spi_driver’
  180 | module_spi_driver(r9701_driver);
      | ^~~~~~~~~~~~~~~~~
In file included from ./include/linux/platform_device.h:14,
                 from drivers/rtc/rtc-r9701.c:18:
drivers/rtc/rtc-r9701.c:180:19: note: ‘cleanup_module’ target declared here
  180 | module_spi_driver(r9701_driver);
      |                   ^~~~~~~~~~~~
./include/linux/device.h:1356:20: note: in definition of macro ‘module_driver’
 1356 | static void __exit __driver##_exit(void) \
      |                    ^~~~~~~~
drivers/rtc/rtc-r9701.c:180:1: note: in expansion of macro ‘module_spi_driver’
  180 | module_spi_driver(r9701_driver);
      | ^~~~~~~~~~~~~~~~~
  CC [M]  drivers/rtc/rtc-rs5c348.o
In file included from drivers/rtc/rtc-rs5c348.c:26:
./include/linux/module.h:132:6: warning: ‘init_module’ specifies less restrictive attribute than its target ‘rs5c348_driver_init’: ‘cold’ [-Wmissing-attributes]
  132 |  int init_module(void) __attribute__((alias(#initfn)));
      |      ^~~~~~~~~~~
./include/linux/device.h:1355:1: note: in expansion of macro ‘module_init’
 1355 | module_init(__driver##_init); \
      | ^~~~~~~~~~~
./include/linux/spi/spi.h:290:2: note: in expansion of macro ‘module_driver’
  290 |  module_driver(__spi_driver, spi_register_driver, \
      |  ^~~~~~~~~~~~~
drivers/rtc/rtc-rs5c348.c:225:1: note: in expansion of macro ‘module_spi_driver’
  225 | module_spi_driver(rs5c348_driver);
      | ^~~~~~~~~~~~~~~~~
In file included from drivers/rtc/rtc-rs5c348.c:17:
drivers/rtc/rtc-rs5c348.c:225:19: note: ‘init_module’ target declared here
  225 | module_spi_driver(rs5c348_driver);
      |                   ^~~~~~~~~~~~~~
./include/linux/device.h:1351:19: note: in definition of macro ‘module_driver’
 1351 | static int __init __driver##_init(void) \
      |                   ^~~~~~~~
drivers/rtc/rtc-rs5c348.c:225:1: note: in expansion of macro ‘module_spi_driver’
  225 | module_spi_driver(rs5c348_driver);
      | ^~~~~~~~~~~~~~~~~
In file included from drivers/rtc/rtc-rs5c348.c:26:
./include/linux/module.h:138:7: warning: ‘cleanup_module’ specifies less restrictive attribute than its target ‘rs5c348_driver_exit’: ‘cold’ [-Wmissing-attributes]
  138 |  void cleanup_module(void) __attribute__((alias(#exitfn)));
      |       ^~~~~~~~~~~~~~
./include/linux/device.h:1360:1: note: in expansion of macro ‘module_exit’
 1360 | module_exit(__driver##_exit);
      | ^~~~~~~~~~~
./include/linux/spi/spi.h:290:2: note: in expansion of macro ‘module_driver’
  290 |  module_driver(__spi_driver, spi_register_driver, \
      |  ^~~~~~~~~~~~~
drivers/rtc/rtc-rs5c348.c:225:1: note: in expansion of macro ‘module_spi_driver’
  225 | module_spi_driver(rs5c348_driver);
      | ^~~~~~~~~~~~~~~~~
In file included from drivers/rtc/rtc-rs5c348.c:17:
drivers/rtc/rtc-rs5c348.c:225:19: note: ‘cleanup_module’ target declared here
  225 | module_spi_driver(rs5c348_driver);
      |                   ^~~~~~~~~~~~~~
./include/linux/device.h:1356:20: note: in definition of macro ‘module_driver’
 1356 | static void __exit __driver##_exit(void) \
      |                    ^~~~~~~~
drivers/rtc/rtc-rs5c348.c:225:1: note: in expansion of macro ‘module_spi_driver’
  225 | module_spi_driver(rs5c348_driver);
      | ^~~~~~~~~~~~~~~~~
  CC [M]  drivers/rtc/rtc-rs5c372.o
In file included from drivers/rtc/rtc-rs5c372.c:17:
./include/linux/module.h:138:7: warning: ‘cleanup_module’ specifies less restrictive attribute than its target ‘rs5c372_driver_exit’: ‘cold’ [-Wmissing-attributes]
  138 |  void cleanup_module(void) __attribute__((alias(#exitfn)));
      |       ^~~~~~~~~~~~~~
./include/linux/device.h:1360:1: note: in expansion of macro ‘module_exit’
 1360 | module_exit(__driver##_exit);
      | ^~~~~~~~~~~
./include/linux/i2c.h:751:2: note: in expansion of macro ‘module_driver’
  751 |  module_driver(__i2c_driver, i2c_add_driver, \
      |  ^~~~~~~~~~~~~
drivers/rtc/rtc-rs5c372.c:682:1: note: in expansion of macro ‘module_i2c_driver’
  682 | module_i2c_driver(rs5c372_driver);
      | ^~~~~~~~~~~~~~~~~
In file included from ./include/linux/i2c.h:30,
                 from drivers/rtc/rtc-rs5c372.c:13:
drivers/rtc/rtc-rs5c372.c:682:19: note: ‘cleanup_module’ target declared here
  682 | module_i2c_driver(rs5c372_driver);
      |                   ^~~~~~~~~~~~~~
./include/linux/device.h:1356:20: note: in definition of macro ‘module_driver’
 1356 | static void __exit __driver##_exit(void) \
      |                    ^~~~~~~~
drivers/rtc/rtc-rs5c372.c:682:1: note: in expansion of macro ‘module_i2c_driver’
  682 | module_i2c_driver(rs5c372_driver);
      | ^~~~~~~~~~~~~~~~~
In file included from drivers/rtc/rtc-rs5c372.c:17:
./include/linux/module.h:132:6: warning: ‘init_module’ specifies less restrictive attribute than its target ‘rs5c372_driver_init’: ‘cold’ [-Wmissing-attributes]
  132 |  int init_module(void) __attribute__((alias(#initfn)));
      |      ^~~~~~~~~~~
./include/linux/device.h:1355:1: note: in expansion of macro ‘module_init’
 1355 | module_init(__driver##_init); \
      | ^~~~~~~~~~~
./include/linux/i2c.h:751:2: note: in expansion of macro ‘module_driver’
  751 |  module_driver(__i2c_driver, i2c_add_driver, \
      |  ^~~~~~~~~~~~~
drivers/rtc/rtc-rs5c372.c:682:1: note: in expansion of macro ‘module_i2c_driver’
  682 | module_i2c_driver(rs5c372_driver);
      | ^~~~~~~~~~~~~~~~~
In file included from ./include/linux/i2c.h:30,
                 from drivers/rtc/rtc-rs5c372.c:13:
drivers/rtc/rtc-rs5c372.c:682:19: note: ‘init_module’ target declared here
  682 | module_i2c_driver(rs5c372_driver);
      |                   ^~~~~~~~~~~~~~
./include/linux/device.h:1351:19: note: in definition of macro ‘module_driver’
 1351 | static int __init __driver##_init(void) \
      |                   ^~~~~~~~
drivers/rtc/rtc-rs5c372.c:682:1: note: in expansion of macro ‘module_i2c_driver’
  682 | module_i2c_driver(rs5c372_driver);
      | ^~~~~~~~~~~~~~~~~
  CC [M]  drivers/rtc/rtc-rv3029c2.o
In file included from drivers/rtc/rtc-rv3029c2.c:15:
./include/linux/module.h:138:7: warning: ‘cleanup_module’ specifies less restrictive attribute than its target ‘rv30x9_exit’: ‘cold’ [-Wmissing-attributes]
  138 |  void cleanup_module(void) __attribute__((alias(#exitfn)));
      |       ^~~~~~~~~~~~~~
drivers/rtc/rtc-rv3029c2.c:984:1: note: in expansion of macro ‘module_exit’
  984 | module_exit(rv30x9_exit)
      | ^~~~~~~~~~~
drivers/rtc/rtc-rv3029c2.c:979:20: note: ‘cleanup_module’ target declared here
  979 | static void __exit rv30x9_exit(void)
      |                    ^~~~~~~~~~~
In file included from drivers/rtc/rtc-rv3029c2.c:15:
./include/linux/module.h:132:6: warning: ‘init_module’ specifies less restrictive attribute than its target ‘rv30x9_init’: ‘cold’ [-Wmissing-attributes]
  132 |  int init_module(void) __attribute__((alias(#initfn)));
      |      ^~~~~~~~~~~
drivers/rtc/rtc-rv3029c2.c:977:1: note: in expansion of macro ‘module_init’
  977 | module_init(rv30x9_init)
      | ^~~~~~~~~~~
drivers/rtc/rtc-rv3029c2.c:959:19: note: ‘init_module’ target declared here
  959 | static int __init rv30x9_init(void)
      |                   ^~~~~~~~~~~
  CC [M]  drivers/rtc/rtc-rx4581.o
In file included from drivers/rtc/rtc-rx4581.c:34:
./include/linux/module.h:138:7: warning: ‘cleanup_module’ specifies less restrictive attribute than its target ‘rx4581_driver_exit’: ‘cold’ [-Wmissing-attributes]
  138 |  void cleanup_module(void) __attribute__((alias(#exitfn)));
      |       ^~~~~~~~~~~~~~
./include/linux/device.h:1360:1: note: in expansion of macro ‘module_exit’
 1360 | module_exit(__driver##_exit);
      | ^~~~~~~~~~~
./include/linux/spi/spi.h:290:2: note: in expansion of macro ‘module_driver’
  290 |  module_driver(__spi_driver, spi_register_driver, \
      |  ^~~~~~~~~~~~~
drivers/rtc/rtc-rx4581.c:299:1: note: in expansion of macro ‘module_spi_driver’
  299 | module_spi_driver(rx4581_driver);
      | ^~~~~~~~~~~~~~~~~
In file included from ./include/linux/platform_device.h:14,
                 from drivers/rtc/rtc-rx4581.c:36:
drivers/rtc/rtc-rx4581.c:299:19: note: ‘cleanup_module’ target declared here
  299 | module_spi_driver(rx4581_driver);
      |                   ^~~~~~~~~~~~~
./include/linux/device.h:1356:20: note: in definition of macro ‘module_driver’
 1356 | static void __exit __driver##_exit(void) \
      |                    ^~~~~~~~
drivers/rtc/rtc-rx4581.c:299:1: note: in expansion of macro ‘module_spi_driver’
  299 | module_spi_driver(rx4581_driver);
      | ^~~~~~~~~~~~~~~~~
In file included from drivers/rtc/rtc-rx4581.c:34:
./include/linux/module.h:132:6: warning: ‘init_module’ specifies less restrictive attribute than its target ‘rx4581_driver_init’: ‘cold’ [-Wmissing-attributes]
  132 |  int init_module(void) __attribute__((alias(#initfn)));
      |      ^~~~~~~~~~~
./include/linux/device.h:1355:1: note: in expansion of macro ‘module_init’
 1355 | module_init(__driver##_init); \
      | ^~~~~~~~~~~
./include/linux/spi/spi.h:290:2: note: in expansion of macro ‘module_driver’
  290 |  module_driver(__spi_driver, spi_register_driver, \
      |  ^~~~~~~~~~~~~
drivers/rtc/rtc-rx4581.c:299:1: note: in expansion of macro ‘module_spi_driver’
  299 | module_spi_driver(rx4581_driver);
      | ^~~~~~~~~~~~~~~~~
In file included from ./include/linux/platform_device.h:14,
                 from drivers/rtc/rtc-rx4581.c:36:
drivers/rtc/rtc-rx4581.c:299:19: note: ‘init_module’ target declared here
  299 | module_spi_driver(rx4581_driver);
      |                   ^~~~~~~~~~~~~
./include/linux/device.h:1351:19: note: in definition of macro ‘module_driver’
 1351 | static int __init __driver##_init(void) \
      |                   ^~~~~~~~
drivers/rtc/rtc-rx4581.c:299:1: note: in expansion of macro ‘module_spi_driver’
  299 | module_spi_driver(rx4581_driver);
      | ^~~~~~~~~~~~~~~~~
  CC [M]  drivers/rtc/rtc-rx8025.o
In file included from drivers/rtc/rtc-rx8025.c:25:
./include/linux/module.h:138:7: warning: ‘cleanup_module’ specifies less restrictive attribute than its target ‘rx8025_driver_exit’: ‘cold’ [-Wmissing-attributes]
  138 |  void cleanup_module(void) __attribute__((alias(#exitfn)));
      |       ^~~~~~~~~~~~~~
./include/linux/device.h:1360:1: note: in expansion of macro ‘module_exit’
 1360 | module_exit(__driver##_exit);
      | ^~~~~~~~~~~
./include/linux/i2c.h:751:2: note: in expansion of macro ‘module_driver’
  751 |  module_driver(__i2c_driver, i2c_add_driver, \
      |  ^~~~~~~~~~~~~
drivers/rtc/rtc-rx8025.c:583:1: note: in expansion of macro ‘module_i2c_driver’
  583 | module_i2c_driver(rx8025_driver);
      | ^~~~~~~~~~~~~~~~~
In file included from ./include/linux/i2c.h:30,
                 from drivers/rtc/rtc-rx8025.c:23:
drivers/rtc/rtc-rx8025.c:583:19: note: ‘cleanup_module’ target declared here
  583 | module_i2c_driver(rx8025_driver);
      |                   ^~~~~~~~~~~~~
./include/linux/device.h:1356:20: note: in definition of macro ‘module_driver’
 1356 | static void __exit __driver##_exit(void) \
      |                    ^~~~~~~~
drivers/rtc/rtc-rx8025.c:583:1: note: in expansion of macro ‘module_i2c_driver’
  583 | module_i2c_driver(rx8025_driver);
      | ^~~~~~~~~~~~~~~~~
In file included from drivers/rtc/rtc-rx8025.c:25:
./include/linux/module.h:132:6: warning: ‘init_module’ specifies less restrictive attribute than its target ‘rx8025_driver_init’: ‘cold’ [-Wmissing-attributes]
  132 |  int init_module(void) __attribute__((alias(#initfn)));
      |      ^~~~~~~~~~~
./include/linux/device.h:1355:1: note: in expansion of macro ‘module_init’
 1355 | module_init(__driver##_init); \
      | ^~~~~~~~~~~
./include/linux/i2c.h:751:2: note: in expansion of macro ‘module_driver’
  751 |  module_driver(__i2c_driver, i2c_add_driver, \
      |  ^~~~~~~~~~~~~
drivers/rtc/rtc-rx8025.c:583:1: note: in expansion of macro ‘module_i2c_driver’
  583 | module_i2c_driver(rx8025_driver);
      | ^~~~~~~~~~~~~~~~~
In file included from ./include/linux/i2c.h:30,
                 from drivers/rtc/rtc-rx8025.c:23:
drivers/rtc/rtc-rx8025.c:583:19: note: ‘init_module’ target declared here
  583 | module_i2c_driver(rx8025_driver);
      |                   ^~~~~~~~~~~~~
./include/linux/device.h:1351:19: note: in definition of macro ‘module_driver’
 1351 | static int __init __driver##_init(void) \
      |                   ^~~~~~~~
drivers/rtc/rtc-rx8025.c:583:1: note: in expansion of macro ‘module_i2c_driver’
  583 | module_i2c_driver(rx8025_driver);
      | ^~~~~~~~~~~~~~~~~
  CC [M]  drivers/rtc/rtc-rx8581.o
In file included from drivers/rtc/rtc-rx8581.c:15:
./include/linux/module.h:138:7: warning: ‘cleanup_module’ specifies less restrictive attribute than its target ‘rx8581_driver_exit’: ‘cold’ [-Wmissing-attributes]
  138 |  void cleanup_module(void) __attribute__((alias(#exitfn)));
      |       ^~~~~~~~~~~~~~
./include/linux/device.h:1360:1: note: in expansion of macro ‘module_exit’
 1360 | module_exit(__driver##_exit);
      | ^~~~~~~~~~~
./include/linux/i2c.h:751:2: note: in expansion of macro ‘module_driver’
  751 |  module_driver(__i2c_driver, i2c_add_driver, \
      |  ^~~~~~~~~~~~~
drivers/rtc/rtc-rx8581.c:319:1: note: in expansion of macro ‘module_i2c_driver’
  319 | module_i2c_driver(rx8581_driver);
      | ^~~~~~~~~~~~~~~~~
In file included from ./include/linux/i2c.h:30,
                 from drivers/rtc/rtc-rx8581.c:16:
drivers/rtc/rtc-rx8581.c:319:19: note: ‘cleanup_module’ target declared here
  319 | module_i2c_driver(rx8581_driver);
      |                   ^~~~~~~~~~~~~
./include/linux/device.h:1356:20: note: in definition of macro ‘module_driver’
 1356 | static void __exit __driver##_exit(void) \
      |                    ^~~~~~~~
drivers/rtc/rtc-rx8581.c:319:1: note: in expansion of macro ‘module_i2c_driver’
  319 | module_i2c_driver(rx8581_driver);
      | ^~~~~~~~~~~~~~~~~
In file included from drivers/rtc/rtc-rx8581.c:15:
./include/linux/module.h:132:6: warning: ‘init_module’ specifies less restrictive attribute than its target ‘rx8581_driver_init’: ‘cold’ [-Wmissing-attributes]
  132 |  int init_module(void) __attribute__((alias(#initfn)));
      |      ^~~~~~~~~~~
./include/linux/device.h:1355:1: note: in expansion of macro ‘module_init’
 1355 | module_init(__driver##_init); \
      | ^~~~~~~~~~~
./include/linux/i2c.h:751:2: note: in expansion of macro ‘module_driver’
  751 |  module_driver(__i2c_driver, i2c_add_driver, \
      |  ^~~~~~~~~~~~~
drivers/rtc/rtc-rx8581.c:319:1: note: in expansion of macro ‘module_i2c_driver’
  319 | module_i2c_driver(rx8581_driver);
      | ^~~~~~~~~~~~~~~~~
In file included from ./include/linux/i2c.h:30,
                 from drivers/rtc/rtc-rx8581.c:16:
drivers/rtc/rtc-rx8581.c:319:19: note: ‘init_module’ target declared here
  319 | module_i2c_driver(rx8581_driver);
      |                   ^~~~~~~~~~~~~
./include/linux/device.h:1351:19: note: in definition of macro ‘module_driver’
 1351 | static int __init __driver##_init(void) \
      |                   ^~~~~~~~
drivers/rtc/rtc-rx8581.c:319:1: note: in expansion of macro ‘module_i2c_driver’
  319 | module_i2c_driver(rx8581_driver);
      | ^~~~~~~~~~~~~~~~~
  CC [M]  drivers/rtc/rtc-s35390a.o
In file included from drivers/rtc/rtc-s35390a.c:12:
./include/linux/module.h:138:7: warning: ‘cleanup_module’ specifies less restrictive attribute than its target ‘s35390a_driver_exit’: ‘cold’ [-Wmissing-attributes]
  138 |  void cleanup_module(void) __attribute__((alias(#exitfn)));
      |       ^~~~~~~~~~~~~~
./include/linux/device.h:1360:1: note: in expansion of macro ‘module_exit’
 1360 | module_exit(__driver##_exit);
      | ^~~~~~~~~~~
./include/linux/i2c.h:751:2: note: in expansion of macro ‘module_driver’
  751 |  module_driver(__i2c_driver, i2c_add_driver, \
      |  ^~~~~~~~~~~~~
drivers/rtc/rtc-s35390a.c:511:1: note: in expansion of macro ‘module_i2c_driver’
  511 | module_i2c_driver(s35390a_driver);
      | ^~~~~~~~~~~~~~~~~
In file included from ./include/linux/rtc.h:53,
                 from drivers/rtc/rtc-s35390a.c:13:
drivers/rtc/rtc-s35390a.c:511:19: note: ‘cleanup_module’ target declared here
  511 | module_i2c_driver(s35390a_driver);
      |                   ^~~~~~~~~~~~~~
./include/linux/device.h:1356:20: note: in definition of macro ‘module_driver’
 1356 | static void __exit __driver##_exit(void) \
      |                    ^~~~~~~~
drivers/rtc/rtc-s35390a.c:511:1: note: in expansion of macro ‘module_i2c_driver’
  511 | module_i2c_driver(s35390a_driver);
      | ^~~~~~~~~~~~~~~~~
In file included from drivers/rtc/rtc-s35390a.c:12:
./include/linux/module.h:132:6: warning: ‘init_module’ specifies less restrictive attribute than its target ‘s35390a_driver_init’: ‘cold’ [-Wmissing-attributes]
  132 |  int init_module(void) __attribute__((alias(#initfn)));
      |      ^~~~~~~~~~~
./include/linux/device.h:1355:1: note: in expansion of macro ‘module_init’
 1355 | module_init(__driver##_init); \
      | ^~~~~~~~~~~
./include/linux/i2c.h:751:2: note: in expansion of macro ‘module_driver’
  751 |  module_driver(__i2c_driver, i2c_add_driver, \
      |  ^~~~~~~~~~~~~
drivers/rtc/rtc-s35390a.c:511:1: note: in expansion of macro ‘module_i2c_driver’
  511 | module_i2c_driver(s35390a_driver);
      | ^~~~~~~~~~~~~~~~~
In file included from ./include/linux/rtc.h:53,
                 from drivers/rtc/rtc-s35390a.c:13:
drivers/rtc/rtc-s35390a.c:511:19: note: ‘init_module’ target declared here
  511 | module_i2c_driver(s35390a_driver);
      |                   ^~~~~~~~~~~~~~
./include/linux/device.h:1351:19: note: in definition of macro ‘module_driver’
 1351 | static int __init __driver##_init(void) \
      |                   ^~~~~~~~
drivers/rtc/rtc-s35390a.c:511:1: note: in expansion of macro ‘module_i2c_driver’
  511 | module_i2c_driver(s35390a_driver);
      | ^~~~~~~~~~~~~~~~~
  CC [M]  drivers/rtc/rtc-x1205.o
In file included from drivers/rtc/rtc-x1205.c:24:
./include/linux/module.h:138:7: warning: ‘cleanup_module’ specifies less restrictive attribute than its target ‘x1205_driver_exit’: ‘cold’ [-Wmissing-attributes]
  138 |  void cleanup_module(void) __attribute__((alias(#exitfn)));
      |       ^~~~~~~~~~~~~~
./include/linux/device.h:1360:1: note: in expansion of macro ‘module_exit’
 1360 | module_exit(__driver##_exit);
      | ^~~~~~~~~~~
./include/linux/i2c.h:751:2: note: in expansion of macro ‘module_driver’
  751 |  module_driver(__i2c_driver, i2c_add_driver, \
      |  ^~~~~~~~~~~~~
drivers/rtc/rtc-x1205.c:685:1: note: in expansion of macro ‘module_i2c_driver’
  685 | module_i2c_driver(x1205_driver);
      | ^~~~~~~~~~~~~~~~~
In file included from ./include/linux/i2c.h:30,
                 from drivers/rtc/rtc-x1205.c:20:
drivers/rtc/rtc-x1205.c:685:19: note: ‘cleanup_module’ target declared here
  685 | module_i2c_driver(x1205_driver);
      |                   ^~~~~~~~~~~~
./include/linux/device.h:1356:20: note: in definition of macro ‘module_driver’
 1356 | static void __exit __driver##_exit(void) \
      |                    ^~~~~~~~
drivers/rtc/rtc-x1205.c:685:1: note: in expansion of macro ‘module_i2c_driver’
  685 | module_i2c_driver(x1205_driver);
      | ^~~~~~~~~~~~~~~~~
In file included from drivers/rtc/rtc-x1205.c:24:
./include/linux/module.h:132:6: warning: ‘init_module’ specifies less restrictive attribute than its target ‘x1205_driver_init’: ‘cold’ [-Wmissing-attributes]
  132 |  int init_module(void) __attribute__((alias(#initfn)));
      |      ^~~~~~~~~~~
./include/linux/device.h:1355:1: note: in expansion of macro ‘module_init’
 1355 | module_init(__driver##_init); \
      | ^~~~~~~~~~~
./include/linux/i2c.h:751:2: note: in expansion of macro ‘module_driver’
  751 |  module_driver(__i2c_driver, i2c_add_driver, \
      |  ^~~~~~~~~~~~~
drivers/rtc/rtc-x1205.c:685:1: note: in expansion of macro ‘module_i2c_driver’
  685 | module_i2c_driver(x1205_driver);
      | ^~~~~~~~~~~~~~~~~
In file included from ./include/linux/i2c.h:30,
                 from drivers/rtc/rtc-x1205.c:20:
drivers/rtc/rtc-x1205.c:685:19: note: ‘init_module’ target declared here
  685 | module_i2c_driver(x1205_driver);
      |                   ^~~~~~~~~~~~
./include/linux/device.h:1351:19: note: in definition of macro ‘module_driver’
 1351 | static int __init __driver##_init(void) \
      |                   ^~~~~~~~
drivers/rtc/rtc-x1205.c:685:1: note: in expansion of macro ‘module_i2c_driver’
  685 | module_i2c_driver(x1205_driver);
      | ^~~~~~~~~~~~~~~~~
  CC      drivers/scsi/scsi.o
  CC      drivers/scsi/hosts.o
  CC      drivers/scsi/scsi_ioctl.o
  CC      drivers/scsi/scsicam.o
  CC      drivers/scsi/scsi_error.o
  CC      drivers/scsi/scsi_lib.o
  CC      drivers/scsi/scsi_common.o
  CC      drivers/scsi/scsi_lib_dma.o
  CC      drivers/scsi/scsi_scan.o
  CC      drivers/scsi/scsi_sysfs.o
  CC      drivers/scsi/scsi_devinfo.o
drivers/scsi/scsi_devinfo.c: In function ‘scsi_strcpy_devinfo’:
drivers/scsi/scsi_devinfo.c:301:2: warning: ‘strncpy’ specified bound depends on the length of the source argument [-Wstringop-overflow=]
  301 |  strncpy(to, from, min(to_length, from_length));
      |  ^~~~~~~~~~~~~~~~~~~~~~~~~~~~~~~~~~~~~~~~~~~~~~
drivers/scsi/scsi_devinfo.c:300:16: note: length computed here
  300 |  from_length = strlen(from);
      |                ^~~~~~~~~~~~
drivers/scsi/scsi_devinfo.c:312:4: warning: ‘strncpy’ output truncated copying between 0 and 16 bytes from a string of length 16 [-Wstringop-truncation]
  312 |    strncpy(&to[from_length], spaces,
      |    ^~~~~~~~~~~~~~~~~~~~~~~~~~~~~~~~~
  313 |     to_length - from_length);
      |     ~~~~~~~~~~~~~~~~~~~~~~~~
  CC      drivers/scsi/scsi_sysctl.o
  CC      drivers/scsi/scsi_trace.o
  CC      drivers/scsi/scsi_logging.o
  CC      drivers/scsi/scsi_pm.o
  LD      drivers/scsi/scsi_mod.o
  CC      drivers/scsi/scsi_transport_iscsi.o
  LD      drivers/scsi/arm/built-in.o
  CC      drivers/scsi/sd.o
  LD      drivers/scsi/sd_mod.o
  LD      drivers/scsi/built-in.o
  CC [M]  drivers/scsi/libiscsi.o
  CC [M]  drivers/scsi/libiscsi_tcp.o
  CC [M]  drivers/scsi/iscsi_tcp.o
In file included from drivers/scsi/iscsi_tcp.c:38:
./include/linux/module.h:132:6: warning: ‘init_module’ specifies less restrictive attribute than its target ‘iscsi_sw_tcp_init’: ‘cold’ [-Wmissing-attributes]
  132 |  int init_module(void) __attribute__((alias(#initfn)));
      |      ^~~~~~~~~~~
drivers/scsi/iscsi_tcp.c:1039:1: note: in expansion of macro ‘module_init’
 1039 | module_init(iscsi_sw_tcp_init);
      | ^~~~~~~~~~~
drivers/scsi/iscsi_tcp.c:1018:19: note: ‘init_module’ target declared here
 1018 | static int __init iscsi_sw_tcp_init(void)
      |                   ^~~~~~~~~~~~~~~~~
In file included from drivers/scsi/iscsi_tcp.c:38:
./include/linux/module.h:138:7: warning: ‘cleanup_module’ specifies less restrictive attribute than its target ‘iscsi_sw_tcp_exit’: ‘cold’ [-Wmissing-attributes]
  138 |  void cleanup_module(void) __attribute__((alias(#exitfn)));
      |       ^~~~~~~~~~~~~~
drivers/scsi/iscsi_tcp.c:1040:1: note: in expansion of macro ‘module_exit’
 1040 | module_exit(iscsi_sw_tcp_exit);
      | ^~~~~~~~~~~
drivers/scsi/iscsi_tcp.c:1034:20: note: ‘cleanup_module’ target declared here
 1034 | static void __exit iscsi_sw_tcp_exit(void)
      |                    ^~~~~~~~~~~~~~~~~
  CC [M]  drivers/scsi/iscsi_boot_sysfs.o
  CC [M]  drivers/scsi/st.o
In file included from drivers/scsi/st.c:22:
./include/linux/module.h:132:6: warning: ‘init_module’ specifies less restrictive attribute than its target ‘init_st’: ‘cold’ [-Wmissing-attributes]
  132 |  int init_module(void) __attribute__((alias(#initfn)));
      |      ^~~~~~~~~~~
drivers/scsi/st.c:4530:1: note: in expansion of macro ‘module_init’
 4530 | module_init(init_st);
      | ^~~~~~~~~~~
drivers/scsi/st.c:4477:19: note: ‘init_module’ target declared here
 4477 | static int __init init_st(void)
      |                   ^~~~~~~
In file included from drivers/scsi/st.c:22:
./include/linux/module.h:138:7: warning: ‘cleanup_module’ specifies less restrictive attribute than its target ‘exit_st’: ‘cold’ [-Wmissing-attributes]
  138 |  void cleanup_module(void) __attribute__((alias(#exitfn)));
      |       ^~~~~~~~~~~~~~
drivers/scsi/st.c:4531:1: note: in expansion of macro ‘module_exit’
 4531 | module_exit(exit_st);
      | ^~~~~~~~~~~
drivers/scsi/st.c:4520:20: note: ‘cleanup_module’ target declared here
 4520 | static void __exit exit_st(void)
      |                    ^~~~~~~
  CC [M]  drivers/scsi/osst.o
In file included from drivers/scsi/osst.c:34:
./include/linux/module.h:132:6: warning: ‘init_module’ specifies less restrictive attribute than its target ‘init_osst’: ‘cold’ [-Wmissing-attributes]
  132 |  int init_module(void) __attribute__((alias(#initfn)));
      |      ^~~~~~~~~~~
drivers/scsi/osst.c:6095:1: note: in expansion of macro ‘module_init’
 6095 | module_init(init_osst);
      | ^~~~~~~~~~~
drivers/scsi/osst.c:6031:19: note: ‘init_module’ target declared here
 6031 | static int __init init_osst(void)
      |                   ^~~~~~~~~
In file included from drivers/scsi/osst.c:34:
./include/linux/module.h:138:7: warning: ‘cleanup_module’ specifies less restrictive attribute than its target ‘exit_osst’: ‘cold’ [-Wmissing-attributes]
  138 |  void cleanup_module(void) __attribute__((alias(#exitfn)));
      |       ^~~~~~~~~~~~~~
drivers/scsi/osst.c:6096:1: note: in expansion of macro ‘module_exit’
 6096 | module_exit(exit_osst);
      | ^~~~~~~~~~~
drivers/scsi/osst.c:6068:20: note: ‘cleanup_module’ target declared here
 6068 | static void __exit exit_osst (void)
      |                    ^~~~~~~~~
  CC [M]  drivers/scsi/sr.o
In file included from drivers/scsi/sr.c:35:
./include/linux/module.h:132:6: warning: ‘init_module’ specifies less restrictive attribute than its target ‘init_sr’: ‘cold’ [-Wmissing-attributes]
  132 |  int init_module(void) __attribute__((alias(#initfn)));
      |      ^~~~~~~~~~~
drivers/scsi/sr.c:1021:1: note: in expansion of macro ‘module_init’
 1021 | module_init(init_sr);
      | ^~~~~~~~~~~
drivers/scsi/sr.c:1001:19: note: ‘init_module’ target declared here
 1001 | static int __init init_sr(void)
      |                   ^~~~~~~
In file included from drivers/scsi/sr.c:35:
./include/linux/module.h:138:7: warning: ‘cleanup_module’ specifies less restrictive attribute than its target ‘exit_sr’: ‘cold’ [-Wmissing-attributes]
  138 |  void cleanup_module(void) __attribute__((alias(#exitfn)));
      |       ^~~~~~~~~~~~~~
drivers/scsi/sr.c:1022:1: note: in expansion of macro ‘module_exit’
 1022 | module_exit(exit_sr);
      | ^~~~~~~~~~~
drivers/scsi/sr.c:1015:20: note: ‘cleanup_module’ target declared here
 1015 | static void __exit exit_sr(void)
      |                    ^~~~~~~
  CC [M]  drivers/scsi/sr_ioctl.o
  CC [M]  drivers/scsi/sr_vendor.o
  LD [M]  drivers/scsi/sr_mod.o
  CC [M]  drivers/scsi/sg.o
In file included from drivers/scsi/sg.c:29:
./include/linux/module.h:132:6: warning: ‘init_module’ specifies less restrictive attribute than its target ‘init_sg’: ‘cold’ [-Wmissing-attributes]
  132 |  int init_module(void) __attribute__((alias(#initfn)));
      |      ^~~~~~~~~~~
drivers/scsi/sg.c:2689:1: note: in expansion of macro ‘module_init’
 2689 | module_init(init_sg);
      | ^~~~~~~~~~~
drivers/scsi/sg.c:1618:1: note: ‘init_module’ target declared here
 1618 | init_sg(void)
      | ^~~~~~~
In file included from drivers/scsi/sg.c:29:
./include/linux/module.h:138:7: warning: ‘cleanup_module’ specifies less restrictive attribute than its target ‘exit_sg’: ‘cold’ [-Wmissing-attributes]
  138 |  void cleanup_module(void) __attribute__((alias(#exitfn)));
      |       ^~~~~~~~~~~~~~
drivers/scsi/sg.c:2690:1: note: in expansion of macro ‘module_exit’
 2690 | module_exit(exit_sg);
      | ^~~~~~~~~~~
drivers/scsi/sg.c:1655:1: note: ‘cleanup_module’ target declared here
 1655 | exit_sg(void)
      | ^~~~~~~
  CC      drivers/soc/bcm/raspberrypi-power.o
  LD      drivers/soc/bcm/built-in.o
  LD      drivers/soc/fsl/built-in.o
  LD      drivers/soc/built-in.o
  CC      drivers/spi/spi.o
  LD      drivers/spi/built-in.o
  CC [M]  drivers/spi/spidev.o
In file included from drivers/spi/spidev.c:20:
./include/linux/module.h:138:7: warning: ‘cleanup_module’ specifies less restrictive attribute than its target ‘spidev_exit’: ‘cold’ [-Wmissing-attributes]
  138 |  void cleanup_module(void) __attribute__((alias(#exitfn)));
      |       ^~~~~~~~~~~~~~
drivers/spi/spidev.c:881:1: note: in expansion of macro ‘module_exit’
  881 | module_exit(spidev_exit);
      | ^~~~~~~~~~~
drivers/spi/spidev.c:875:20: note: ‘cleanup_module’ target declared here
  875 | static void __exit spidev_exit(void)
      |                    ^~~~~~~~~~~
In file included from drivers/spi/spidev.c:20:
./include/linux/module.h:132:6: warning: ‘init_module’ specifies less restrictive attribute than its target ‘spidev_init’: ‘cold’ [-Wmissing-attributes]
  132 |  int init_module(void) __attribute__((alias(#initfn)));
      |      ^~~~~~~~~~~
drivers/spi/spidev.c:873:1: note: in expansion of macro ‘module_init’
  873 | module_init(spidev_init);
      | ^~~~~~~~~~~
drivers/spi/spidev.c:847:19: note: ‘init_module’ target declared here
  847 | static int __init spidev_init(void)
      |                   ^~~~~~~~~~~
  CC [M]  drivers/spi/spi-bcm2835.o
In file included from drivers/spi/spi-bcm2835.c:33:
./include/linux/module.h:138:7: warning: ‘cleanup_module’ specifies less restrictive attribute than its target ‘bcm2835_spi_driver_exit’: ‘cold’ [-Wmissing-attributes]
  138 |  void cleanup_module(void) __attribute__((alias(#exitfn)));
      |       ^~~~~~~~~~~~~~
./include/linux/device.h:1360:1: note: in expansion of macro ‘module_exit’
 1360 | module_exit(__driver##_exit);
      | ^~~~~~~~~~~
./include/linux/platform_device.h:228:2: note: in expansion of macro ‘module_driver’
  228 |  module_driver(__platform_driver, platform_driver_register, \
      |  ^~~~~~~~~~~~~
drivers/spi/spi-bcm2835.c:812:1: note: in expansion of macro ‘module_platform_driver’
  812 | module_platform_driver(bcm2835_spi_driver);
      | ^~~~~~~~~~~~~~~~~~~~~~
In file included from ./include/linux/dma-mapping.h:6,
                 from drivers/spi/spi-bcm2835.c:27:
drivers/spi/spi-bcm2835.c:812:24: note: ‘cleanup_module’ target declared here
  812 | module_platform_driver(bcm2835_spi_driver);
      |                        ^~~~~~~~~~~~~~~~~~
./include/linux/device.h:1356:20: note: in definition of macro ‘module_driver’
 1356 | static void __exit __driver##_exit(void) \
      |                    ^~~~~~~~
drivers/spi/spi-bcm2835.c:812:1: note: in expansion of macro ‘module_platform_driver’
  812 | module_platform_driver(bcm2835_spi_driver);
      | ^~~~~~~~~~~~~~~~~~~~~~
In file included from drivers/spi/spi-bcm2835.c:33:
./include/linux/module.h:132:6: warning: ‘init_module’ specifies less restrictive attribute than its target ‘bcm2835_spi_driver_init’: ‘cold’ [-Wmissing-attributes]
  132 |  int init_module(void) __attribute__((alias(#initfn)));
      |      ^~~~~~~~~~~
./include/linux/device.h:1355:1: note: in expansion of macro ‘module_init’
 1355 | module_init(__driver##_init); \
      | ^~~~~~~~~~~
./include/linux/platform_device.h:228:2: note: in expansion of macro ‘module_driver’
  228 |  module_driver(__platform_driver, platform_driver_register, \
      |  ^~~~~~~~~~~~~
drivers/spi/spi-bcm2835.c:812:1: note: in expansion of macro ‘module_platform_driver’
  812 | module_platform_driver(bcm2835_spi_driver);
      | ^~~~~~~~~~~~~~~~~~~~~~
In file included from ./include/linux/dma-mapping.h:6,
                 from drivers/spi/spi-bcm2835.c:27:
drivers/spi/spi-bcm2835.c:812:24: note: ‘init_module’ target declared here
  812 | module_platform_driver(bcm2835_spi_driver);
      |                        ^~~~~~~~~~~~~~~~~~
./include/linux/device.h:1351:19: note: in definition of macro ‘module_driver’
 1351 | static int __init __driver##_init(void) \
      |                   ^~~~~~~~
drivers/spi/spi-bcm2835.c:812:1: note: in expansion of macro ‘module_platform_driver’
  812 | module_platform_driver(bcm2835_spi_driver);
      | ^~~~~~~~~~~~~~~~~~~~~~
  CC [M]  drivers/spi/spi-bcm2835aux.o
In file included from drivers/spi/spi-bcm2835aux.c:29:
./include/linux/module.h:138:7: warning: ‘cleanup_module’ specifies less restrictive attribute than its target ‘bcm2835aux_spi_driver_exit’: ‘cold’ [-Wmissing-attributes]
  138 |  void cleanup_module(void) __attribute__((alias(#exitfn)));
      |       ^~~~~~~~~~~~~~
./include/linux/device.h:1360:1: note: in expansion of macro ‘module_exit’
 1360 | module_exit(__driver##_exit);
      | ^~~~~~~~~~~
./include/linux/platform_device.h:228:2: note: in expansion of macro ‘module_driver’
  228 |  module_driver(__platform_driver, platform_driver_register, \
      |  ^~~~~~~~~~~~~
drivers/spi/spi-bcm2835aux.c:536:1: note: in expansion of macro ‘module_platform_driver’
  536 | module_platform_driver(bcm2835aux_spi_driver);
      | ^~~~~~~~~~~~~~~~~~~~~~
In file included from ./include/linux/node.h:17,
                 from ./include/linux/cpu.h:16,
                 from ./include/linux/of_device.h:4,
                 from drivers/spi/spi-bcm2835aux.c:32:
drivers/spi/spi-bcm2835aux.c:536:24: note: ‘cleanup_module’ target declared here
  536 | module_platform_driver(bcm2835aux_spi_driver);
      |                        ^~~~~~~~~~~~~~~~~~~~~
./include/linux/device.h:1356:20: note: in definition of macro ‘module_driver’
 1356 | static void __exit __driver##_exit(void) \
      |                    ^~~~~~~~
drivers/spi/spi-bcm2835aux.c:536:1: note: in expansion of macro ‘module_platform_driver’
  536 | module_platform_driver(bcm2835aux_spi_driver);
      | ^~~~~~~~~~~~~~~~~~~~~~
In file included from drivers/spi/spi-bcm2835aux.c:29:
./include/linux/module.h:132:6: warning: ‘init_module’ specifies less restrictive attribute than its target ‘bcm2835aux_spi_driver_init’: ‘cold’ [-Wmissing-attributes]
  132 |  int init_module(void) __attribute__((alias(#initfn)));
      |      ^~~~~~~~~~~
./include/linux/device.h:1355:1: note: in expansion of macro ‘module_init’
 1355 | module_init(__driver##_init); \
      | ^~~~~~~~~~~
./include/linux/platform_device.h:228:2: note: in expansion of macro ‘module_driver’
  228 |  module_driver(__platform_driver, platform_driver_register, \
      |  ^~~~~~~~~~~~~
drivers/spi/spi-bcm2835aux.c:536:1: note: in expansion of macro ‘module_platform_driver’
  536 | module_platform_driver(bcm2835aux_spi_driver);
      | ^~~~~~~~~~~~~~~~~~~~~~
In file included from ./include/linux/node.h:17,
                 from ./include/linux/cpu.h:16,
                 from ./include/linux/of_device.h:4,
                 from drivers/spi/spi-bcm2835aux.c:32:
drivers/spi/spi-bcm2835aux.c:536:24: note: ‘init_module’ target declared here
  536 | module_platform_driver(bcm2835aux_spi_driver);
      |                        ^~~~~~~~~~~~~~~~~~~~~
./include/linux/device.h:1351:19: note: in definition of macro ‘module_driver’
 1351 | static int __init __driver##_init(void) \
      |                   ^~~~~~~~
drivers/spi/spi-bcm2835aux.c:536:1: note: in expansion of macro ‘module_platform_driver’
  536 | module_platform_driver(bcm2835aux_spi_driver);
      | ^~~~~~~~~~~~~~~~~~~~~~
  LD      drivers/ssb/built-in.o
  CC [M]  drivers/ssb/main.o
In file included from drivers/ssb/main.c:15:
./include/linux/module.h:132:6: warning: ‘init_module’ specifies less restrictive attribute than its target ‘ssb_modinit’: ‘cold’ [-Wmissing-attributes]
  132 |  int init_module(void) __attribute__((alias(#initfn)));
      |      ^~~~~~~~~~~
./include/linux/module.h:117:27: note: in expansion of macro ‘module_init’
  117 | #define fs_initcall(fn)   module_init(fn)
      |                           ^~~~~~~~~~~
drivers/ssb/main.c:1326:1: note: in expansion of macro ‘fs_initcall’
 1326 | fs_initcall(ssb_modinit);
      | ^~~~~~~~~~~
drivers/ssb/main.c:1281:19: note: ‘init_module’ target declared here
 1281 | static int __init ssb_modinit(void)
      |                   ^~~~~~~~~~~
In file included from drivers/ssb/main.c:15:
./include/linux/module.h:138:7: warning: ‘cleanup_module’ specifies less restrictive attribute than its target ‘ssb_modexit’: ‘cold’ [-Wmissing-attributes]
  138 |  void cleanup_module(void) __attribute__((alias(#exitfn)));
      |       ^~~~~~~~~~~~~~
drivers/ssb/main.c:1335:1: note: in expansion of macro ‘module_exit’
 1335 | module_exit(ssb_modexit)
      | ^~~~~~~~~~~
drivers/ssb/main.c:1328:20: note: ‘cleanup_module’ target declared here
 1328 | static void __exit ssb_modexit(void)
      |                    ^~~~~~~~~~~
  CC [M]  drivers/ssb/scan.o
  CC [M]  drivers/ssb/driver_chipcommon.o
  CC [M]  drivers/ssb/driver_chipcommon_pmu.o
  LD [M]  drivers/ssb/ssb.o
  LD      drivers/staging/fbtft/built-in.o
  CC [M]  drivers/staging/fbtft/fbtft-core.o
drivers/staging/fbtft/fbtft-core.c: In function ‘fbtft_framebuffer_alloc’:
drivers/staging/fbtft/fbtft-core.c:769:2: warning: ‘strncpy’ specified bound 16 equals destination size [-Wstringop-truncation]
  769 |  strncpy(info->fix.id, dev->driver->name, 16);
      |  ^~~~~~~~~~~~~~~~~~~~~~~~~~~~~~~~~~~~~~~~~~~~
  CC [M]  drivers/staging/fbtft/fbtft-sysfs.o
  CC [M]  drivers/staging/fbtft/fbtft-bus.o
  CC [M]  drivers/staging/fbtft/fbtft-io.o
  LD [M]  drivers/staging/fbtft/fbtft.o
  CC [M]  drivers/staging/fbtft/fb_agm1264k-fl.o
In file included from drivers/staging/fbtft/fb_agm1264k-fl.c:17:
./include/linux/module.h:138:7: warning: ‘cleanup_module’ specifies less restrictive attribute than its target ‘fbtft_driver_module_exit’: ‘cold’ [-Wmissing-attributes]
  138 |  void cleanup_module(void) __attribute__((alias(#exitfn)));
      |       ^~~~~~~~~~~~~~
drivers/staging/fbtft/fbtft.h:355:1: note: in expansion of macro ‘module_exit’
  355 | module_exit(fbtft_driver_module_exit);
      | ^~~~~~~~~~~
drivers/staging/fbtft/fb_agm1264k-fl.c:450:1: note: in expansion of macro ‘FBTFT_REGISTER_DRIVER’
  450 | FBTFT_REGISTER_DRIVER(DRVNAME, "displaytronic,fb_agm1264k-fl", &display);
      | ^~~~~~~~~~~~~~~~~~~~~
In file included from drivers/staging/fbtft/fb_agm1264k-fl.c:24:
drivers/staging/fbtft/fbtft.h:348:20: note: ‘cleanup_module’ target declared here
  348 | static void __exit fbtft_driver_module_exit(void)                          \
      |                    ^~~~~~~~~~~~~~~~~~~~~~~~
drivers/staging/fbtft/fb_agm1264k-fl.c:450:1: note: in expansion of macro ‘FBTFT_REGISTER_DRIVER’
  450 | FBTFT_REGISTER_DRIVER(DRVNAME, "displaytronic,fb_agm1264k-fl", &display);
      | ^~~~~~~~~~~~~~~~~~~~~
In file included from drivers/staging/fbtft/fb_agm1264k-fl.c:17:
./include/linux/module.h:132:6: warning: ‘init_module’ specifies less restrictive attribute than its target ‘fbtft_driver_module_init’: ‘cold’ [-Wmissing-attributes]
  132 |  int init_module(void) __attribute__((alias(#initfn)));
      |      ^~~~~~~~~~~
drivers/staging/fbtft/fbtft.h:354:1: note: in expansion of macro ‘module_init’
  354 | module_init(fbtft_driver_module_init);                                     \
      | ^~~~~~~~~~~
drivers/staging/fbtft/fb_agm1264k-fl.c:450:1: note: in expansion of macro ‘FBTFT_REGISTER_DRIVER’
  450 | FBTFT_REGISTER_DRIVER(DRVNAME, "displaytronic,fb_agm1264k-fl", &display);
      | ^~~~~~~~~~~~~~~~~~~~~
In file included from drivers/staging/fbtft/fb_agm1264k-fl.c:24:
drivers/staging/fbtft/fbtft.h:338:19: note: ‘init_module’ target declared here
  338 | static int __init fbtft_driver_module_init(void)                           \
      |                   ^~~~~~~~~~~~~~~~~~~~~~~~
drivers/staging/fbtft/fb_agm1264k-fl.c:450:1: note: in expansion of macro ‘FBTFT_REGISTER_DRIVER’
  450 | FBTFT_REGISTER_DRIVER(DRVNAME, "displaytronic,fb_agm1264k-fl", &display);
      | ^~~~~~~~~~~~~~~~~~~~~
  CC [M]  drivers/staging/fbtft/fb_bd663474.o
In file included from drivers/staging/fbtft/fb_bd663474.c:21:
./include/linux/module.h:138:7: warning: ‘cleanup_module’ specifies less restrictive attribute than its target ‘fbtft_driver_module_exit’: ‘cold’ [-Wmissing-attributes]
  138 |  void cleanup_module(void) __attribute__((alias(#exitfn)));
      |       ^~~~~~~~~~~~~~
drivers/staging/fbtft/fbtft.h:355:1: note: in expansion of macro ‘module_exit’
  355 | module_exit(fbtft_driver_module_exit);
      | ^~~~~~~~~~~
drivers/staging/fbtft/fb_bd663474.c:175:1: note: in expansion of macro ‘FBTFT_REGISTER_DRIVER’
  175 | FBTFT_REGISTER_DRIVER(DRVNAME, "hitachi,bd663474", &display);
      | ^~~~~~~~~~~~~~~~~~~~~
In file included from drivers/staging/fbtft/fb_bd663474.c:27:
drivers/staging/fbtft/fbtft.h:348:20: note: ‘cleanup_module’ target declared here
  348 | static void __exit fbtft_driver_module_exit(void)                          \
      |                    ^~~~~~~~~~~~~~~~~~~~~~~~
drivers/staging/fbtft/fb_bd663474.c:175:1: note: in expansion of macro ‘FBTFT_REGISTER_DRIVER’
  175 | FBTFT_REGISTER_DRIVER(DRVNAME, "hitachi,bd663474", &display);
      | ^~~~~~~~~~~~~~~~~~~~~
In file included from drivers/staging/fbtft/fb_bd663474.c:21:
./include/linux/module.h:132:6: warning: ‘init_module’ specifies less restrictive attribute than its target ‘fbtft_driver_module_init’: ‘cold’ [-Wmissing-attributes]
  132 |  int init_module(void) __attribute__((alias(#initfn)));
      |      ^~~~~~~~~~~
drivers/staging/fbtft/fbtft.h:354:1: note: in expansion of macro ‘module_init’
  354 | module_init(fbtft_driver_module_init);                                     \
      | ^~~~~~~~~~~
drivers/staging/fbtft/fb_bd663474.c:175:1: note: in expansion of macro ‘FBTFT_REGISTER_DRIVER’
  175 | FBTFT_REGISTER_DRIVER(DRVNAME, "hitachi,bd663474", &display);
      | ^~~~~~~~~~~~~~~~~~~~~
In file included from drivers/staging/fbtft/fb_bd663474.c:27:
drivers/staging/fbtft/fbtft.h:338:19: note: ‘init_module’ target declared here
  338 | static int __init fbtft_driver_module_init(void)                           \
      |                   ^~~~~~~~~~~~~~~~~~~~~~~~
drivers/staging/fbtft/fb_bd663474.c:175:1: note: in expansion of macro ‘FBTFT_REGISTER_DRIVER’
  175 | FBTFT_REGISTER_DRIVER(DRVNAME, "hitachi,bd663474", &display);
      | ^~~~~~~~~~~~~~~~~~~~~
  CC [M]  drivers/staging/fbtft/fb_hx8340bn.o
In file included from drivers/staging/fbtft/fb_hx8340bn.c:22:
./include/linux/module.h:138:7: warning: ‘cleanup_module’ specifies less restrictive attribute than its target ‘fbtft_driver_module_exit’: ‘cold’ [-Wmissing-attributes]
  138 |  void cleanup_module(void) __attribute__((alias(#exitfn)));
      |       ^~~~~~~~~~~~~~
drivers/staging/fbtft/fbtft.h:355:1: note: in expansion of macro ‘module_exit’
  355 | module_exit(fbtft_driver_module_exit);
      | ^~~~~~~~~~~
drivers/staging/fbtft/fb_hx8340bn.c:225:1: note: in expansion of macro ‘FBTFT_REGISTER_DRIVER’
  225 | FBTFT_REGISTER_DRIVER(DRVNAME, "himax,hx8340bn", &display);
      | ^~~~~~~~~~~~~~~~~~~~~
In file included from drivers/staging/fbtft/fb_hx8340bn.c:30:
drivers/staging/fbtft/fbtft.h:348:20: note: ‘cleanup_module’ target declared here
  348 | static void __exit fbtft_driver_module_exit(void)                          \
      |                    ^~~~~~~~~~~~~~~~~~~~~~~~
drivers/staging/fbtft/fb_hx8340bn.c:225:1: note: in expansion of macro ‘FBTFT_REGISTER_DRIVER’
  225 | FBTFT_REGISTER_DRIVER(DRVNAME, "himax,hx8340bn", &display);
      | ^~~~~~~~~~~~~~~~~~~~~
In file included from drivers/staging/fbtft/fb_hx8340bn.c:22:
./include/linux/module.h:132:6: warning: ‘init_module’ specifies less restrictive attribute than its target ‘fbtft_driver_module_init’: ‘cold’ [-Wmissing-attributes]
  132 |  int init_module(void) __attribute__((alias(#initfn)));
      |      ^~~~~~~~~~~
drivers/staging/fbtft/fbtft.h:354:1: note: in expansion of macro ‘module_init’
  354 | module_init(fbtft_driver_module_init);                                     \
      | ^~~~~~~~~~~
drivers/staging/fbtft/fb_hx8340bn.c:225:1: note: in expansion of macro ‘FBTFT_REGISTER_DRIVER’
  225 | FBTFT_REGISTER_DRIVER(DRVNAME, "himax,hx8340bn", &display);
      | ^~~~~~~~~~~~~~~~~~~~~
In file included from drivers/staging/fbtft/fb_hx8340bn.c:30:
drivers/staging/fbtft/fbtft.h:338:19: note: ‘init_module’ target declared here
  338 | static int __init fbtft_driver_module_init(void)                           \
      |                   ^~~~~~~~~~~~~~~~~~~~~~~~
drivers/staging/fbtft/fb_hx8340bn.c:225:1: note: in expansion of macro ‘FBTFT_REGISTER_DRIVER’
  225 | FBTFT_REGISTER_DRIVER(DRVNAME, "himax,hx8340bn", &display);
      | ^~~~~~~~~~~~~~~~~~~~~
  CC [M]  drivers/staging/fbtft/fb_hx8347d.o
In file included from drivers/staging/fbtft/fb_hx8347d.c:19:
./include/linux/module.h:138:7: warning: ‘cleanup_module’ specifies less restrictive attribute than its target ‘fbtft_driver_module_exit’: ‘cold’ [-Wmissing-attributes]
  138 |  void cleanup_module(void) __attribute__((alias(#exitfn)));
      |       ^~~~~~~~~~~~~~
drivers/staging/fbtft/fbtft.h:355:1: note: in expansion of macro ‘module_exit’
  355 | module_exit(fbtft_driver_module_exit);
      | ^~~~~~~~~~~
drivers/staging/fbtft/fb_hx8347d.c:160:1: note: in expansion of macro ‘FBTFT_REGISTER_DRIVER’
  160 | FBTFT_REGISTER_DRIVER(DRVNAME, "himax,hx8347d", &display);
      | ^~~~~~~~~~~~~~~~~~~~~
In file included from drivers/staging/fbtft/fb_hx8347d.c:24:
drivers/staging/fbtft/fbtft.h:348:20: note: ‘cleanup_module’ target declared here
  348 | static void __exit fbtft_driver_module_exit(void)                          \
      |                    ^~~~~~~~~~~~~~~~~~~~~~~~
drivers/staging/fbtft/fb_hx8347d.c:160:1: note: in expansion of macro ‘FBTFT_REGISTER_DRIVER’
  160 | FBTFT_REGISTER_DRIVER(DRVNAME, "himax,hx8347d", &display);
      | ^~~~~~~~~~~~~~~~~~~~~
In file included from drivers/staging/fbtft/fb_hx8347d.c:19:
./include/linux/module.h:132:6: warning: ‘init_module’ specifies less restrictive attribute than its target ‘fbtft_driver_module_init’: ‘cold’ [-Wmissing-attributes]
  132 |  int init_module(void) __attribute__((alias(#initfn)));
      |      ^~~~~~~~~~~
drivers/staging/fbtft/fbtft.h:354:1: note: in expansion of macro ‘module_init’
  354 | module_init(fbtft_driver_module_init);                                     \
      | ^~~~~~~~~~~
drivers/staging/fbtft/fb_hx8347d.c:160:1: note: in expansion of macro ‘FBTFT_REGISTER_DRIVER’
  160 | FBTFT_REGISTER_DRIVER(DRVNAME, "himax,hx8347d", &display);
      | ^~~~~~~~~~~~~~~~~~~~~
In file included from drivers/staging/fbtft/fb_hx8347d.c:24:
drivers/staging/fbtft/fbtft.h:338:19: note: ‘init_module’ target declared here
  338 | static int __init fbtft_driver_module_init(void)                           \
      |                   ^~~~~~~~~~~~~~~~~~~~~~~~
drivers/staging/fbtft/fb_hx8347d.c:160:1: note: in expansion of macro ‘FBTFT_REGISTER_DRIVER’
  160 | FBTFT_REGISTER_DRIVER(DRVNAME, "himax,hx8347d", &display);
      | ^~~~~~~~~~~~~~~~~~~~~
  CC [M]  drivers/staging/fbtft/fb_hx8353d.o
In file included from drivers/staging/fbtft/fb_hx8353d.c:18:
./include/linux/module.h:138:7: warning: ‘cleanup_module’ specifies less restrictive attribute than its target ‘fbtft_driver_module_exit’: ‘cold’ [-Wmissing-attributes]
  138 |  void cleanup_module(void) __attribute__((alias(#exitfn)));
      |       ^~~~~~~~~~~~~~
drivers/staging/fbtft/fbtft.h:355:1: note: in expansion of macro ‘module_exit’
  355 | module_exit(fbtft_driver_module_exit);
      | ^~~~~~~~~~~
drivers/staging/fbtft/fb_hx8353d.c:148:1: note: in expansion of macro ‘FBTFT_REGISTER_DRIVER’
  148 | FBTFT_REGISTER_DRIVER(DRVNAME, "himax,hx8353d", &display);
      | ^~~~~~~~~~~~~~~~~~~~~
In file included from drivers/staging/fbtft/fb_hx8353d.c:24:
drivers/staging/fbtft/fbtft.h:348:20: note: ‘cleanup_module’ target declared here
  348 | static void __exit fbtft_driver_module_exit(void)                          \
      |                    ^~~~~~~~~~~~~~~~~~~~~~~~
drivers/staging/fbtft/fb_hx8353d.c:148:1: note: in expansion of macro ‘FBTFT_REGISTER_DRIVER’
  148 | FBTFT_REGISTER_DRIVER(DRVNAME, "himax,hx8353d", &display);
      | ^~~~~~~~~~~~~~~~~~~~~
In file included from drivers/staging/fbtft/fb_hx8353d.c:18:
./include/linux/module.h:132:6: warning: ‘init_module’ specifies less restrictive attribute than its target ‘fbtft_driver_module_init’: ‘cold’ [-Wmissing-attributes]
  132 |  int init_module(void) __attribute__((alias(#initfn)));
      |      ^~~~~~~~~~~
drivers/staging/fbtft/fbtft.h:354:1: note: in expansion of macro ‘module_init’
  354 | module_init(fbtft_driver_module_init);                                     \
      | ^~~~~~~~~~~
drivers/staging/fbtft/fb_hx8353d.c:148:1: note: in expansion of macro ‘FBTFT_REGISTER_DRIVER’
  148 | FBTFT_REGISTER_DRIVER(DRVNAME, "himax,hx8353d", &display);
      | ^~~~~~~~~~~~~~~~~~~~~
In file included from drivers/staging/fbtft/fb_hx8353d.c:24:
drivers/staging/fbtft/fbtft.h:338:19: note: ‘init_module’ target declared here
  338 | static int __init fbtft_driver_module_init(void)                           \
      |                   ^~~~~~~~~~~~~~~~~~~~~~~~
drivers/staging/fbtft/fb_hx8353d.c:148:1: note: in expansion of macro ‘FBTFT_REGISTER_DRIVER’
  148 | FBTFT_REGISTER_DRIVER(DRVNAME, "himax,hx8353d", &display);
      | ^~~~~~~~~~~~~~~~~~~~~
  CC [M]  drivers/staging/fbtft/fb_hx8357d.o
In file included from drivers/staging/fbtft/fb_hx8357d.c:21:
./include/linux/module.h:138:7: warning: ‘cleanup_module’ specifies less restrictive attribute than its target ‘fbtft_driver_module_exit’: ‘cold’ [-Wmissing-attributes]
  138 |  void cleanup_module(void) __attribute__((alias(#exitfn)));
      |       ^~~~~~~~~~~~~~
drivers/staging/fbtft/fbtft.h:355:1: note: in expansion of macro ‘module_exit’
  355 | module_exit(fbtft_driver_module_exit);
      | ^~~~~~~~~~~
drivers/staging/fbtft/fb_hx8357d.c:201:1: note: in expansion of macro ‘FBTFT_REGISTER_DRIVER’
  201 | FBTFT_REGISTER_DRIVER(DRVNAME, "himax,hx8357d", &display);
      | ^~~~~~~~~~~~~~~~~~~~~
In file included from drivers/staging/fbtft/fb_hx8357d.c:27:
drivers/staging/fbtft/fbtft.h:348:20: note: ‘cleanup_module’ target declared here
  348 | static void __exit fbtft_driver_module_exit(void)                          \
      |                    ^~~~~~~~~~~~~~~~~~~~~~~~
drivers/staging/fbtft/fb_hx8357d.c:201:1: note: in expansion of macro ‘FBTFT_REGISTER_DRIVER’
  201 | FBTFT_REGISTER_DRIVER(DRVNAME, "himax,hx8357d", &display);
      | ^~~~~~~~~~~~~~~~~~~~~
In file included from drivers/staging/fbtft/fb_hx8357d.c:21:
./include/linux/module.h:132:6: warning: ‘init_module’ specifies less restrictive attribute than its target ‘fbtft_driver_module_init’: ‘cold’ [-Wmissing-attributes]
  132 |  int init_module(void) __attribute__((alias(#initfn)));
      |      ^~~~~~~~~~~
drivers/staging/fbtft/fbtft.h:354:1: note: in expansion of macro ‘module_init’
  354 | module_init(fbtft_driver_module_init);                                     \
      | ^~~~~~~~~~~
drivers/staging/fbtft/fb_hx8357d.c:201:1: note: in expansion of macro ‘FBTFT_REGISTER_DRIVER’
  201 | FBTFT_REGISTER_DRIVER(DRVNAME, "himax,hx8357d", &display);
      | ^~~~~~~~~~~~~~~~~~~~~
In file included from drivers/staging/fbtft/fb_hx8357d.c:27:
drivers/staging/fbtft/fbtft.h:338:19: note: ‘init_module’ target declared here
  338 | static int __init fbtft_driver_module_init(void)                           \
      |                   ^~~~~~~~~~~~~~~~~~~~~~~~
drivers/staging/fbtft/fb_hx8357d.c:201:1: note: in expansion of macro ‘FBTFT_REGISTER_DRIVER’
  201 | FBTFT_REGISTER_DRIVER(DRVNAME, "himax,hx8357d", &display);
      | ^~~~~~~~~~~~~~~~~~~~~
  CC [M]  drivers/staging/fbtft/fb_ili9163.o
In file included from drivers/staging/fbtft/fb_ili9163.c:20:
./include/linux/module.h:138:7: warning: ‘cleanup_module’ specifies less restrictive attribute than its target ‘fbtft_driver_module_exit’: ‘cold’ [-Wmissing-attributes]
  138 |  void cleanup_module(void) __attribute__((alias(#exitfn)));
      |       ^~~~~~~~~~~~~~
drivers/staging/fbtft/fbtft.h:355:1: note: in expansion of macro ‘module_exit’
  355 | module_exit(fbtft_driver_module_exit);
      | ^~~~~~~~~~~
drivers/staging/fbtft/fb_ili9163.c:264:1: note: in expansion of macro ‘FBTFT_REGISTER_DRIVER’
  264 | FBTFT_REGISTER_DRIVER(DRVNAME, "ilitek,ili9163", &display);
      | ^~~~~~~~~~~~~~~~~~~~~
In file included from drivers/staging/fbtft/fb_ili9163.c:27:
drivers/staging/fbtft/fbtft.h:348:20: note: ‘cleanup_module’ target declared here
  348 | static void __exit fbtft_driver_module_exit(void)                          \
      |                    ^~~~~~~~~~~~~~~~~~~~~~~~
drivers/staging/fbtft/fb_ili9163.c:264:1: note: in expansion of macro ‘FBTFT_REGISTER_DRIVER’
  264 | FBTFT_REGISTER_DRIVER(DRVNAME, "ilitek,ili9163", &display);
      | ^~~~~~~~~~~~~~~~~~~~~
In file included from drivers/staging/fbtft/fb_ili9163.c:20:
./include/linux/module.h:132:6: warning: ‘init_module’ specifies less restrictive attribute than its target ‘fbtft_driver_module_init’: ‘cold’ [-Wmissing-attributes]
  132 |  int init_module(void) __attribute__((alias(#initfn)));
      |      ^~~~~~~~~~~
drivers/staging/fbtft/fbtft.h:354:1: note: in expansion of macro ‘module_init’
  354 | module_init(fbtft_driver_module_init);                                     \
      | ^~~~~~~~~~~
drivers/staging/fbtft/fb_ili9163.c:264:1: note: in expansion of macro ‘FBTFT_REGISTER_DRIVER’
  264 | FBTFT_REGISTER_DRIVER(DRVNAME, "ilitek,ili9163", &display);
      | ^~~~~~~~~~~~~~~~~~~~~
In file included from drivers/staging/fbtft/fb_ili9163.c:27:
drivers/staging/fbtft/fbtft.h:338:19: note: ‘init_module’ target declared here
  338 | static int __init fbtft_driver_module_init(void)                           \
      |                   ^~~~~~~~~~~~~~~~~~~~~~~~
drivers/staging/fbtft/fb_ili9163.c:264:1: note: in expansion of macro ‘FBTFT_REGISTER_DRIVER’
  264 | FBTFT_REGISTER_DRIVER(DRVNAME, "ilitek,ili9163", &display);
      | ^~~~~~~~~~~~~~~~~~~~~
  CC [M]  drivers/staging/fbtft/fb_ili9320.o
In file included from drivers/staging/fbtft/fb_ili9320.c:17:
./include/linux/module.h:138:7: warning: ‘cleanup_module’ specifies less restrictive attribute than its target ‘fbtft_driver_module_exit’: ‘cold’ [-Wmissing-attributes]
  138 |  void cleanup_module(void) __attribute__((alias(#exitfn)));
      |       ^~~~~~~~~~~~~~
drivers/staging/fbtft/fbtft.h:355:1: note: in expansion of macro ‘module_exit’
  355 | module_exit(fbtft_driver_module_exit);
      | ^~~~~~~~~~~
drivers/staging/fbtft/fb_ili9320.c:269:1: note: in expansion of macro ‘FBTFT_REGISTER_DRIVER’
  269 | FBTFT_REGISTER_DRIVER(DRVNAME, "ilitek,ili9320", &display);
      | ^~~~~~~~~~~~~~~~~~~~~
In file included from drivers/staging/fbtft/fb_ili9320.c:24:
drivers/staging/fbtft/fbtft.h:348:20: note: ‘cleanup_module’ target declared here
  348 | static void __exit fbtft_driver_module_exit(void)                          \
      |                    ^~~~~~~~~~~~~~~~~~~~~~~~
drivers/staging/fbtft/fb_ili9320.c:269:1: note: in expansion of macro ‘FBTFT_REGISTER_DRIVER’
  269 | FBTFT_REGISTER_DRIVER(DRVNAME, "ilitek,ili9320", &display);
      | ^~~~~~~~~~~~~~~~~~~~~
In file included from drivers/staging/fbtft/fb_ili9320.c:17:
./include/linux/module.h:132:6: warning: ‘init_module’ specifies less restrictive attribute than its target ‘fbtft_driver_module_init’: ‘cold’ [-Wmissing-attributes]
  132 |  int init_module(void) __attribute__((alias(#initfn)));
      |      ^~~~~~~~~~~
drivers/staging/fbtft/fbtft.h:354:1: note: in expansion of macro ‘module_init’
  354 | module_init(fbtft_driver_module_init);                                     \
      | ^~~~~~~~~~~
drivers/staging/fbtft/fb_ili9320.c:269:1: note: in expansion of macro ‘FBTFT_REGISTER_DRIVER’
  269 | FBTFT_REGISTER_DRIVER(DRVNAME, "ilitek,ili9320", &display);
      | ^~~~~~~~~~~~~~~~~~~~~
In file included from drivers/staging/fbtft/fb_ili9320.c:24:
drivers/staging/fbtft/fbtft.h:338:19: note: ‘init_module’ target declared here
  338 | static int __init fbtft_driver_module_init(void)                           \
      |                   ^~~~~~~~~~~~~~~~~~~~~~~~
drivers/staging/fbtft/fb_ili9320.c:269:1: note: in expansion of macro ‘FBTFT_REGISTER_DRIVER’
  269 | FBTFT_REGISTER_DRIVER(DRVNAME, "ilitek,ili9320", &display);
      | ^~~~~~~~~~~~~~~~~~~~~
  CC [M]  drivers/staging/fbtft/fb_ili9325.o
In file included from drivers/staging/fbtft/fb_ili9325.c:19:
./include/linux/module.h:138:7: warning: ‘cleanup_module’ specifies less restrictive attribute than its target ‘fbtft_driver_module_exit’: ‘cold’ [-Wmissing-attributes]
  138 |  void cleanup_module(void) __attribute__((alias(#exitfn)));
      |       ^~~~~~~~~~~~~~
drivers/staging/fbtft/fbtft.h:355:1: note: in expansion of macro ‘module_exit’
  355 | module_exit(fbtft_driver_module_exit);
      | ^~~~~~~~~~~
drivers/staging/fbtft/fb_ili9325.c:268:1: note: in expansion of macro ‘FBTFT_REGISTER_DRIVER’
  268 | FBTFT_REGISTER_DRIVER(DRVNAME, "ilitek,ili9325", &display);
      | ^~~~~~~~~~~~~~~~~~~~~
In file included from drivers/staging/fbtft/fb_ili9325.c:25:
drivers/staging/fbtft/fbtft.h:348:20: note: ‘cleanup_module’ target declared here
  348 | static void __exit fbtft_driver_module_exit(void)                          \
      |                    ^~~~~~~~~~~~~~~~~~~~~~~~
drivers/staging/fbtft/fb_ili9325.c:268:1: note: in expansion of macro ‘FBTFT_REGISTER_DRIVER’
  268 | FBTFT_REGISTER_DRIVER(DRVNAME, "ilitek,ili9325", &display);
      | ^~~~~~~~~~~~~~~~~~~~~
In file included from drivers/staging/fbtft/fb_ili9325.c:19:
./include/linux/module.h:132:6: warning: ‘init_module’ specifies less restrictive attribute than its target ‘fbtft_driver_module_init’: ‘cold’ [-Wmissing-attributes]
  132 |  int init_module(void) __attribute__((alias(#initfn)));
      |      ^~~~~~~~~~~
drivers/staging/fbtft/fbtft.h:354:1: note: in expansion of macro ‘module_init’
  354 | module_init(fbtft_driver_module_init);                                     \
      | ^~~~~~~~~~~
drivers/staging/fbtft/fb_ili9325.c:268:1: note: in expansion of macro ‘FBTFT_REGISTER_DRIVER’
  268 | FBTFT_REGISTER_DRIVER(DRVNAME, "ilitek,ili9325", &display);
      | ^~~~~~~~~~~~~~~~~~~~~
In file included from drivers/staging/fbtft/fb_ili9325.c:25:
drivers/staging/fbtft/fbtft.h:338:19: note: ‘init_module’ target declared here
  338 | static int __init fbtft_driver_module_init(void)                           \
      |                   ^~~~~~~~~~~~~~~~~~~~~~~~
drivers/staging/fbtft/fb_ili9325.c:268:1: note: in expansion of macro ‘FBTFT_REGISTER_DRIVER’
  268 | FBTFT_REGISTER_DRIVER(DRVNAME, "ilitek,ili9325", &display);
      | ^~~~~~~~~~~~~~~~~~~~~
  CC [M]  drivers/staging/fbtft/fb_ili9340.o
In file included from drivers/staging/fbtft/fb_ili9340.c:17:
./include/linux/module.h:138:7: warning: ‘cleanup_module’ specifies less restrictive attribute than its target ‘fbtft_driver_module_exit’: ‘cold’ [-Wmissing-attributes]
  138 |  void cleanup_module(void) __attribute__((alias(#exitfn)));
      |       ^~~~~~~~~~~~~~
drivers/staging/fbtft/fbtft.h:355:1: note: in expansion of macro ‘module_exit’
  355 | module_exit(fbtft_driver_module_exit);
      | ^~~~~~~~~~~
drivers/staging/fbtft/fb_ili9340.c:140:1: note: in expansion of macro ‘FBTFT_REGISTER_DRIVER’
  140 | FBTFT_REGISTER_DRIVER(DRVNAME, "ilitek,ili9340", &display);
      | ^~~~~~~~~~~~~~~~~~~~~
In file included from drivers/staging/fbtft/fb_ili9340.c:24:
drivers/staging/fbtft/fbtft.h:348:20: note: ‘cleanup_module’ target declared here
  348 | static void __exit fbtft_driver_module_exit(void)                          \
      |                    ^~~~~~~~~~~~~~~~~~~~~~~~
drivers/staging/fbtft/fb_ili9340.c:140:1: note: in expansion of macro ‘FBTFT_REGISTER_DRIVER’
  140 | FBTFT_REGISTER_DRIVER(DRVNAME, "ilitek,ili9340", &display);
      | ^~~~~~~~~~~~~~~~~~~~~
In file included from drivers/staging/fbtft/fb_ili9340.c:17:
./include/linux/module.h:132:6: warning: ‘init_module’ specifies less restrictive attribute than its target ‘fbtft_driver_module_init’: ‘cold’ [-Wmissing-attributes]
  132 |  int init_module(void) __attribute__((alias(#initfn)));
      |      ^~~~~~~~~~~
drivers/staging/fbtft/fbtft.h:354:1: note: in expansion of macro ‘module_init’
  354 | module_init(fbtft_driver_module_init);                                     \
      | ^~~~~~~~~~~
drivers/staging/fbtft/fb_ili9340.c:140:1: note: in expansion of macro ‘FBTFT_REGISTER_DRIVER’
  140 | FBTFT_REGISTER_DRIVER(DRVNAME, "ilitek,ili9340", &display);
      | ^~~~~~~~~~~~~~~~~~~~~
In file included from drivers/staging/fbtft/fb_ili9340.c:24:
drivers/staging/fbtft/fbtft.h:338:19: note: ‘init_module’ target declared here
  338 | static int __init fbtft_driver_module_init(void)                           \
      |                   ^~~~~~~~~~~~~~~~~~~~~~~~
drivers/staging/fbtft/fb_ili9340.c:140:1: note: in expansion of macro ‘FBTFT_REGISTER_DRIVER’
  140 | FBTFT_REGISTER_DRIVER(DRVNAME, "ilitek,ili9340", &display);
      | ^~~~~~~~~~~~~~~~~~~~~
  CC [M]  drivers/staging/fbtft/fb_ili9341.o
In file included from drivers/staging/fbtft/fb_ili9341.c:23:
./include/linux/module.h:138:7: warning: ‘cleanup_module’ specifies less restrictive attribute than its target ‘fbtft_driver_module_exit’: ‘cold’ [-Wmissing-attributes]
  138 |  void cleanup_module(void) __attribute__((alias(#exitfn)));
      |       ^~~~~~~~~~~~~~
drivers/staging/fbtft/fbtft.h:355:1: note: in expansion of macro ‘module_exit’
  355 | module_exit(fbtft_driver_module_exit);
      | ^~~~~~~~~~~
drivers/staging/fbtft/fb_ili9341.c:157:1: note: in expansion of macro ‘FBTFT_REGISTER_DRIVER’
  157 | FBTFT_REGISTER_DRIVER(DRVNAME, "ilitek,ili9341", &display);
      | ^~~~~~~~~~~~~~~~~~~~~
In file included from drivers/staging/fbtft/fb_ili9341.c:29:
drivers/staging/fbtft/fbtft.h:348:20: note: ‘cleanup_module’ target declared here
  348 | static void __exit fbtft_driver_module_exit(void)                          \
      |                    ^~~~~~~~~~~~~~~~~~~~~~~~
drivers/staging/fbtft/fb_ili9341.c:157:1: note: in expansion of macro ‘FBTFT_REGISTER_DRIVER’
  157 | FBTFT_REGISTER_DRIVER(DRVNAME, "ilitek,ili9341", &display);
      | ^~~~~~~~~~~~~~~~~~~~~
In file included from drivers/staging/fbtft/fb_ili9341.c:23:
./include/linux/module.h:132:6: warning: ‘init_module’ specifies less restrictive attribute than its target ‘fbtft_driver_module_init’: ‘cold’ [-Wmissing-attributes]
  132 |  int init_module(void) __attribute__((alias(#initfn)));
      |      ^~~~~~~~~~~
drivers/staging/fbtft/fbtft.h:354:1: note: in expansion of macro ‘module_init’
  354 | module_init(fbtft_driver_module_init);                                     \
      | ^~~~~~~~~~~
drivers/staging/fbtft/fb_ili9341.c:157:1: note: in expansion of macro ‘FBTFT_REGISTER_DRIVER’
  157 | FBTFT_REGISTER_DRIVER(DRVNAME, "ilitek,ili9341", &display);
      | ^~~~~~~~~~~~~~~~~~~~~
In file included from drivers/staging/fbtft/fb_ili9341.c:29:
drivers/staging/fbtft/fbtft.h:338:19: note: ‘init_module’ target declared here
  338 | static int __init fbtft_driver_module_init(void)                           \
      |                   ^~~~~~~~~~~~~~~~~~~~~~~~
drivers/staging/fbtft/fb_ili9341.c:157:1: note: in expansion of macro ‘FBTFT_REGISTER_DRIVER’
  157 | FBTFT_REGISTER_DRIVER(DRVNAME, "ilitek,ili9341", &display);
      | ^~~~~~~~~~~~~~~~~~~~~
  CC [M]  drivers/staging/fbtft/fb_ili9481.o
In file included from drivers/staging/fbtft/fb_ili9481.c:18:
./include/linux/module.h:138:7: warning: ‘cleanup_module’ specifies less restrictive attribute than its target ‘fbtft_driver_module_exit’: ‘cold’ [-Wmissing-attributes]
  138 |  void cleanup_module(void) __attribute__((alias(#exitfn)));
      |       ^~~~~~~~~~~~~~
drivers/staging/fbtft/fbtft.h:355:1: note: in expansion of macro ‘module_exit’
  355 | module_exit(fbtft_driver_module_exit);
      | ^~~~~~~~~~~
drivers/staging/fbtft/fb_ili9481.c:103:1: note: in expansion of macro ‘FBTFT_REGISTER_DRIVER’
  103 | FBTFT_REGISTER_DRIVER(DRVNAME, "ilitek,ili9481", &display);
      | ^~~~~~~~~~~~~~~~~~~~~
In file included from drivers/staging/fbtft/fb_ili9481.c:24:
drivers/staging/fbtft/fbtft.h:348:20: note: ‘cleanup_module’ target declared here
  348 | static void __exit fbtft_driver_module_exit(void)                          \
      |                    ^~~~~~~~~~~~~~~~~~~~~~~~
drivers/staging/fbtft/fb_ili9481.c:103:1: note: in expansion of macro ‘FBTFT_REGISTER_DRIVER’
  103 | FBTFT_REGISTER_DRIVER(DRVNAME, "ilitek,ili9481", &display);
      | ^~~~~~~~~~~~~~~~~~~~~
In file included from drivers/staging/fbtft/fb_ili9481.c:18:
./include/linux/module.h:132:6: warning: ‘init_module’ specifies less restrictive attribute than its target ‘fbtft_driver_module_init’: ‘cold’ [-Wmissing-attributes]
  132 |  int init_module(void) __attribute__((alias(#initfn)));
      |      ^~~~~~~~~~~
drivers/staging/fbtft/fbtft.h:354:1: note: in expansion of macro ‘module_init’
  354 | module_init(fbtft_driver_module_init);                                     \
      | ^~~~~~~~~~~
drivers/staging/fbtft/fb_ili9481.c:103:1: note: in expansion of macro ‘FBTFT_REGISTER_DRIVER’
  103 | FBTFT_REGISTER_DRIVER(DRVNAME, "ilitek,ili9481", &display);
      | ^~~~~~~~~~~~~~~~~~~~~
In file included from drivers/staging/fbtft/fb_ili9481.c:24:
drivers/staging/fbtft/fbtft.h:338:19: note: ‘init_module’ target declared here
  338 | static int __init fbtft_driver_module_init(void)                           \
      |                   ^~~~~~~~~~~~~~~~~~~~~~~~
drivers/staging/fbtft/fb_ili9481.c:103:1: note: in expansion of macro ‘FBTFT_REGISTER_DRIVER’
  103 | FBTFT_REGISTER_DRIVER(DRVNAME, "ilitek,ili9481", &display);
      | ^~~~~~~~~~~~~~~~~~~~~
  CC [M]  drivers/staging/fbtft/fb_ili9486.o
In file included from drivers/staging/fbtft/fb_ili9486.c:17:
./include/linux/module.h:138:7: warning: ‘cleanup_module’ specifies less restrictive attribute than its target ‘fbtft_driver_module_exit’: ‘cold’ [-Wmissing-attributes]
  138 |  void cleanup_module(void) __attribute__((alias(#exitfn)));
      |       ^~~~~~~~~~~~~~
drivers/staging/fbtft/fbtft.h:355:1: note: in expansion of macro ‘module_exit’
  355 | module_exit(fbtft_driver_module_exit);
      | ^~~~~~~~~~~
drivers/staging/fbtft/fb_ili9486.c:103:1: note: in expansion of macro ‘FBTFT_REGISTER_DRIVER’
  103 | FBTFT_REGISTER_DRIVER(DRVNAME, "ilitek,ili9486", &display);
      | ^~~~~~~~~~~~~~~~~~~~~
In file included from drivers/staging/fbtft/fb_ili9486.c:22:
drivers/staging/fbtft/fbtft.h:348:20: note: ‘cleanup_module’ target declared here
  348 | static void __exit fbtft_driver_module_exit(void)                          \
      |                    ^~~~~~~~~~~~~~~~~~~~~~~~
drivers/staging/fbtft/fb_ili9486.c:103:1: note: in expansion of macro ‘FBTFT_REGISTER_DRIVER’
  103 | FBTFT_REGISTER_DRIVER(DRVNAME, "ilitek,ili9486", &display);
      | ^~~~~~~~~~~~~~~~~~~~~
In file included from drivers/staging/fbtft/fb_ili9486.c:17:
./include/linux/module.h:132:6: warning: ‘init_module’ specifies less restrictive attribute than its target ‘fbtft_driver_module_init’: ‘cold’ [-Wmissing-attributes]
  132 |  int init_module(void) __attribute__((alias(#initfn)));
      |      ^~~~~~~~~~~
drivers/staging/fbtft/fbtft.h:354:1: note: in expansion of macro ‘module_init’
  354 | module_init(fbtft_driver_module_init);                                     \
      | ^~~~~~~~~~~
drivers/staging/fbtft/fb_ili9486.c:103:1: note: in expansion of macro ‘FBTFT_REGISTER_DRIVER’
  103 | FBTFT_REGISTER_DRIVER(DRVNAME, "ilitek,ili9486", &display);
      | ^~~~~~~~~~~~~~~~~~~~~
In file included from drivers/staging/fbtft/fb_ili9486.c:22:
drivers/staging/fbtft/fbtft.h:338:19: note: ‘init_module’ target declared here
  338 | static int __init fbtft_driver_module_init(void)                           \
      |                   ^~~~~~~~~~~~~~~~~~~~~~~~
drivers/staging/fbtft/fb_ili9486.c:103:1: note: in expansion of macro ‘FBTFT_REGISTER_DRIVER’
  103 | FBTFT_REGISTER_DRIVER(DRVNAME, "ilitek,ili9486", &display);
      | ^~~~~~~~~~~~~~~~~~~~~
  CC [M]  drivers/staging/fbtft/fb_pcd8544.o
In file included from drivers/staging/fbtft/fb_pcd8544.c:20:
./include/linux/module.h:138:7: warning: ‘cleanup_module’ specifies less restrictive attribute than its target ‘fbtft_driver_module_exit’: ‘cold’ [-Wmissing-attributes]
  138 |  void cleanup_module(void) __attribute__((alias(#exitfn)));
      |       ^~~~~~~~~~~~~~
drivers/staging/fbtft/fbtft.h:355:1: note: in expansion of macro ‘module_exit’
  355 | module_exit(fbtft_driver_module_exit);
      | ^~~~~~~~~~~
drivers/staging/fbtft/fb_pcd8544.c:169:1: note: in expansion of macro ‘FBTFT_REGISTER_DRIVER’
  169 | FBTFT_REGISTER_DRIVER(DRVNAME, "philips,pdc8544", &display);
      | ^~~~~~~~~~~~~~~~~~~~~
In file included from drivers/staging/fbtft/fb_pcd8544.c:27:
drivers/staging/fbtft/fbtft.h:348:20: note: ‘cleanup_module’ target declared here
  348 | static void __exit fbtft_driver_module_exit(void)                          \
      |                    ^~~~~~~~~~~~~~~~~~~~~~~~
drivers/staging/fbtft/fb_pcd8544.c:169:1: note: in expansion of macro ‘FBTFT_REGISTER_DRIVER’
  169 | FBTFT_REGISTER_DRIVER(DRVNAME, "philips,pdc8544", &display);
      | ^~~~~~~~~~~~~~~~~~~~~
In file included from drivers/staging/fbtft/fb_pcd8544.c:20:
./include/linux/module.h:132:6: warning: ‘init_module’ specifies less restrictive attribute than its target ‘fbtft_driver_module_init’: ‘cold’ [-Wmissing-attributes]
  132 |  int init_module(void) __attribute__((alias(#initfn)));
      |      ^~~~~~~~~~~
drivers/staging/fbtft/fbtft.h:354:1: note: in expansion of macro ‘module_init’
  354 | module_init(fbtft_driver_module_init);                                     \
      | ^~~~~~~~~~~
drivers/staging/fbtft/fb_pcd8544.c:169:1: note: in expansion of macro ‘FBTFT_REGISTER_DRIVER’
  169 | FBTFT_REGISTER_DRIVER(DRVNAME, "philips,pdc8544", &display);
      | ^~~~~~~~~~~~~~~~~~~~~
In file included from drivers/staging/fbtft/fb_pcd8544.c:27:
drivers/staging/fbtft/fbtft.h:338:19: note: ‘init_module’ target declared here
  338 | static int __init fbtft_driver_module_init(void)                           \
      |                   ^~~~~~~~~~~~~~~~~~~~~~~~
drivers/staging/fbtft/fb_pcd8544.c:169:1: note: in expansion of macro ‘FBTFT_REGISTER_DRIVER’
  169 | FBTFT_REGISTER_DRIVER(DRVNAME, "philips,pdc8544", &display);
      | ^~~~~~~~~~~~~~~~~~~~~
  CC [M]  drivers/staging/fbtft/fb_ra8875.o
In file included from drivers/staging/fbtft/fb_ra8875.c:16:
./include/linux/module.h:138:7: warning: ‘cleanup_module’ specifies less restrictive attribute than its target ‘fbtft_driver_module_exit’: ‘cold’ [-Wmissing-attributes]
  138 |  void cleanup_module(void) __attribute__((alias(#exitfn)));
      |       ^~~~~~~~~~~~~~
drivers/staging/fbtft/fbtft.h:355:1: note: in expansion of macro ‘module_exit’
  355 | module_exit(fbtft_driver_module_exit);
      | ^~~~~~~~~~~
drivers/staging/fbtft/fb_ra8875.c:309:1: note: in expansion of macro ‘FBTFT_REGISTER_DRIVER’
  309 | FBTFT_REGISTER_DRIVER(DRVNAME, "raio,ra8875", &display);
      | ^~~~~~~~~~~~~~~~~~~~~
In file included from drivers/staging/fbtft/fb_ra8875.c:22:
drivers/staging/fbtft/fbtft.h:348:20: note: ‘cleanup_module’ target declared here
  348 | static void __exit fbtft_driver_module_exit(void)                          \
      |                    ^~~~~~~~~~~~~~~~~~~~~~~~
drivers/staging/fbtft/fb_ra8875.c:309:1: note: in expansion of macro ‘FBTFT_REGISTER_DRIVER’
  309 | FBTFT_REGISTER_DRIVER(DRVNAME, "raio,ra8875", &display);
      | ^~~~~~~~~~~~~~~~~~~~~
In file included from drivers/staging/fbtft/fb_ra8875.c:16:
./include/linux/module.h:132:6: warning: ‘init_module’ specifies less restrictive attribute than its target ‘fbtft_driver_module_init’: ‘cold’ [-Wmissing-attributes]
  132 |  int init_module(void) __attribute__((alias(#initfn)));
      |      ^~~~~~~~~~~
drivers/staging/fbtft/fbtft.h:354:1: note: in expansion of macro ‘module_init’
  354 | module_init(fbtft_driver_module_init);                                     \
      | ^~~~~~~~~~~
drivers/staging/fbtft/fb_ra8875.c:309:1: note: in expansion of macro ‘FBTFT_REGISTER_DRIVER’
  309 | FBTFT_REGISTER_DRIVER(DRVNAME, "raio,ra8875", &display);
      | ^~~~~~~~~~~~~~~~~~~~~
In file included from drivers/staging/fbtft/fb_ra8875.c:22:
drivers/staging/fbtft/fbtft.h:338:19: note: ‘init_module’ target declared here
  338 | static int __init fbtft_driver_module_init(void)                           \
      |                   ^~~~~~~~~~~~~~~~~~~~~~~~
drivers/staging/fbtft/fb_ra8875.c:309:1: note: in expansion of macro ‘FBTFT_REGISTER_DRIVER’
  309 | FBTFT_REGISTER_DRIVER(DRVNAME, "raio,ra8875", &display);
      | ^~~~~~~~~~~~~~~~~~~~~
  CC [M]  drivers/staging/fbtft/fb_s6d02a1.o
In file included from drivers/staging/fbtft/fb_s6d02a1.c:18:
./include/linux/module.h:138:7: warning: ‘cleanup_module’ specifies less restrictive attribute than its target ‘fbtft_driver_module_exit’: ‘cold’ [-Wmissing-attributes]
  138 |  void cleanup_module(void) __attribute__((alias(#exitfn)));
      |       ^~~~~~~~~~~~~~
drivers/staging/fbtft/fbtft.h:355:1: note: in expansion of macro ‘module_exit’
  355 | module_exit(fbtft_driver_module_exit);
      | ^~~~~~~~~~~
drivers/staging/fbtft/fb_s6d02a1.c:157:1: note: in expansion of macro ‘FBTFT_REGISTER_DRIVER’
  157 | FBTFT_REGISTER_DRIVER(DRVNAME, "samsung,s6d02a1", &display);
      | ^~~~~~~~~~~~~~~~~~~~~
In file included from drivers/staging/fbtft/fb_s6d02a1.c:23:
drivers/staging/fbtft/fbtft.h:348:20: note: ‘cleanup_module’ target declared here
  348 | static void __exit fbtft_driver_module_exit(void)                          \
      |                    ^~~~~~~~~~~~~~~~~~~~~~~~
drivers/staging/fbtft/fb_s6d02a1.c:157:1: note: in expansion of macro ‘FBTFT_REGISTER_DRIVER’
  157 | FBTFT_REGISTER_DRIVER(DRVNAME, "samsung,s6d02a1", &display);
      | ^~~~~~~~~~~~~~~~~~~~~
In file included from drivers/staging/fbtft/fb_s6d02a1.c:18:
./include/linux/module.h:132:6: warning: ‘init_module’ specifies less restrictive attribute than its target ‘fbtft_driver_module_init’: ‘cold’ [-Wmissing-attributes]
  132 |  int init_module(void) __attribute__((alias(#initfn)));
      |      ^~~~~~~~~~~
drivers/staging/fbtft/fbtft.h:354:1: note: in expansion of macro ‘module_init’
  354 | module_init(fbtft_driver_module_init);                                     \
      | ^~~~~~~~~~~
drivers/staging/fbtft/fb_s6d02a1.c:157:1: note: in expansion of macro ‘FBTFT_REGISTER_DRIVER’
  157 | FBTFT_REGISTER_DRIVER(DRVNAME, "samsung,s6d02a1", &display);
      | ^~~~~~~~~~~~~~~~~~~~~
In file included from drivers/staging/fbtft/fb_s6d02a1.c:23:
drivers/staging/fbtft/fbtft.h:338:19: note: ‘init_module’ target declared here
  338 | static int __init fbtft_driver_module_init(void)                           \
      |                   ^~~~~~~~~~~~~~~~~~~~~~~~
drivers/staging/fbtft/fb_s6d02a1.c:157:1: note: in expansion of macro ‘FBTFT_REGISTER_DRIVER’
  157 | FBTFT_REGISTER_DRIVER(DRVNAME, "samsung,s6d02a1", &display);
      | ^~~~~~~~~~~~~~~~~~~~~
  CC [M]  drivers/staging/fbtft/fb_s6d1121.o
In file included from drivers/staging/fbtft/fb_s6d1121.c:21:
./include/linux/module.h:138:7: warning: ‘cleanup_module’ specifies less restrictive attribute than its target ‘fbtft_driver_module_exit’: ‘cold’ [-Wmissing-attributes]
  138 |  void cleanup_module(void) __attribute__((alias(#exitfn)));
      |       ^~~~~~~~~~~~~~
drivers/staging/fbtft/fbtft.h:355:1: note: in expansion of macro ‘module_exit’
  355 | module_exit(fbtft_driver_module_exit);
      | ^~~~~~~~~~~
drivers/staging/fbtft/fb_s6d1121.c:185:1: note: in expansion of macro ‘FBTFT_REGISTER_DRIVER’
  185 | FBTFT_REGISTER_DRIVER(DRVNAME, "samsung,s6d1121", &display);
      | ^~~~~~~~~~~~~~~~~~~~~
In file included from drivers/staging/fbtft/fb_s6d1121.c:27:
drivers/staging/fbtft/fbtft.h:348:20: note: ‘cleanup_module’ target declared here
  348 | static void __exit fbtft_driver_module_exit(void)                          \
      |                    ^~~~~~~~~~~~~~~~~~~~~~~~
drivers/staging/fbtft/fb_s6d1121.c:185:1: note: in expansion of macro ‘FBTFT_REGISTER_DRIVER’
  185 | FBTFT_REGISTER_DRIVER(DRVNAME, "samsung,s6d1121", &display);
      | ^~~~~~~~~~~~~~~~~~~~~
In file included from drivers/staging/fbtft/fb_s6d1121.c:21:
./include/linux/module.h:132:6: warning: ‘init_module’ specifies less restrictive attribute than its target ‘fbtft_driver_module_init’: ‘cold’ [-Wmissing-attributes]
  132 |  int init_module(void) __attribute__((alias(#initfn)));
      |      ^~~~~~~~~~~
drivers/staging/fbtft/fbtft.h:354:1: note: in expansion of macro ‘module_init’
  354 | module_init(fbtft_driver_module_init);                                     \
      | ^~~~~~~~~~~
drivers/staging/fbtft/fb_s6d1121.c:185:1: note: in expansion of macro ‘FBTFT_REGISTER_DRIVER’
  185 | FBTFT_REGISTER_DRIVER(DRVNAME, "samsung,s6d1121", &display);
      | ^~~~~~~~~~~~~~~~~~~~~
In file included from drivers/staging/fbtft/fb_s6d1121.c:27:
drivers/staging/fbtft/fbtft.h:338:19: note: ‘init_module’ target declared here
  338 | static int __init fbtft_driver_module_init(void)                           \
      |                   ^~~~~~~~~~~~~~~~~~~~~~~~
drivers/staging/fbtft/fb_s6d1121.c:185:1: note: in expansion of macro ‘FBTFT_REGISTER_DRIVER’
  185 | FBTFT_REGISTER_DRIVER(DRVNAME, "samsung,s6d1121", &display);
      | ^~~~~~~~~~~~~~~~~~~~~
  CC [M]  drivers/staging/fbtft/fb_ssd1289.o
In file included from drivers/staging/fbtft/fb_ssd1289.c:19:
./include/linux/module.h:138:7: warning: ‘cleanup_module’ specifies less restrictive attribute than its target ‘fbtft_driver_module_exit’: ‘cold’ [-Wmissing-attributes]
  138 |  void cleanup_module(void) __attribute__((alias(#exitfn)));
      |       ^~~~~~~~~~~~~~
drivers/staging/fbtft/fbtft.h:355:1: note: in expansion of macro ‘module_exit’
  355 | module_exit(fbtft_driver_module_exit);
      | ^~~~~~~~~~~
drivers/staging/fbtft/fb_ssd1289.c:182:1: note: in expansion of macro ‘FBTFT_REGISTER_DRIVER’
  182 | FBTFT_REGISTER_DRIVER(DRVNAME, "solomon,ssd1289", &display);
      | ^~~~~~~~~~~~~~~~~~~~~
In file included from drivers/staging/fbtft/fb_ssd1289.c:24:
drivers/staging/fbtft/fbtft.h:348:20: note: ‘cleanup_module’ target declared here
  348 | static void __exit fbtft_driver_module_exit(void)                          \
      |                    ^~~~~~~~~~~~~~~~~~~~~~~~
drivers/staging/fbtft/fb_ssd1289.c:182:1: note: in expansion of macro ‘FBTFT_REGISTER_DRIVER’
  182 | FBTFT_REGISTER_DRIVER(DRVNAME, "solomon,ssd1289", &display);
      | ^~~~~~~~~~~~~~~~~~~~~
In file included from drivers/staging/fbtft/fb_ssd1289.c:19:
./include/linux/module.h:132:6: warning: ‘init_module’ specifies less restrictive attribute than its target ‘fbtft_driver_module_init’: ‘cold’ [-Wmissing-attributes]
  132 |  int init_module(void) __attribute__((alias(#initfn)));
      |      ^~~~~~~~~~~
drivers/staging/fbtft/fbtft.h:354:1: note: in expansion of macro ‘module_init’
  354 | module_init(fbtft_driver_module_init);                                     \
      | ^~~~~~~~~~~
drivers/staging/fbtft/fb_ssd1289.c:182:1: note: in expansion of macro ‘FBTFT_REGISTER_DRIVER’
  182 | FBTFT_REGISTER_DRIVER(DRVNAME, "solomon,ssd1289", &display);
      | ^~~~~~~~~~~~~~~~~~~~~
In file included from drivers/staging/fbtft/fb_ssd1289.c:24:
drivers/staging/fbtft/fbtft.h:338:19: note: ‘init_module’ target declared here
  338 | static int __init fbtft_driver_module_init(void)                           \
      |                   ^~~~~~~~~~~~~~~~~~~~~~~~
drivers/staging/fbtft/fb_ssd1289.c:182:1: note: in expansion of macro ‘FBTFT_REGISTER_DRIVER’
  182 | FBTFT_REGISTER_DRIVER(DRVNAME, "solomon,ssd1289", &display);
      | ^~~~~~~~~~~~~~~~~~~~~
  CC [M]  drivers/staging/fbtft/fb_ssd1306.o
In file included from drivers/staging/fbtft/fb_ssd1306.c:17:
./include/linux/module.h:138:7: warning: ‘cleanup_module’ specifies less restrictive attribute than its target ‘fbtft_driver_module_exit’: ‘cold’ [-Wmissing-attributes]
  138 |  void cleanup_module(void) __attribute__((alias(#exitfn)));
      |       ^~~~~~~~~~~~~~
drivers/staging/fbtft/fbtft.h:355:1: note: in expansion of macro ‘module_exit’
  355 | module_exit(fbtft_driver_module_exit);
      | ^~~~~~~~~~~
drivers/staging/fbtft/fb_ssd1306.c:208:1: note: in expansion of macro ‘FBTFT_REGISTER_DRIVER’
  208 | FBTFT_REGISTER_DRIVER(DRVNAME, "solomon,ssd1306", &display);
      | ^~~~~~~~~~~~~~~~~~~~~
In file included from drivers/staging/fbtft/fb_ssd1306.c:23:
drivers/staging/fbtft/fbtft.h:348:20: note: ‘cleanup_module’ target declared here
  348 | static void __exit fbtft_driver_module_exit(void)                          \
      |                    ^~~~~~~~~~~~~~~~~~~~~~~~
drivers/staging/fbtft/fb_ssd1306.c:208:1: note: in expansion of macro ‘FBTFT_REGISTER_DRIVER’
  208 | FBTFT_REGISTER_DRIVER(DRVNAME, "solomon,ssd1306", &display);
      | ^~~~~~~~~~~~~~~~~~~~~
In file included from drivers/staging/fbtft/fb_ssd1306.c:17:
./include/linux/module.h:132:6: warning: ‘init_module’ specifies less restrictive attribute than its target ‘fbtft_driver_module_init’: ‘cold’ [-Wmissing-attributes]
  132 |  int init_module(void) __attribute__((alias(#initfn)));
      |      ^~~~~~~~~~~
drivers/staging/fbtft/fbtft.h:354:1: note: in expansion of macro ‘module_init’
  354 | module_init(fbtft_driver_module_init);                                     \
      | ^~~~~~~~~~~
drivers/staging/fbtft/fb_ssd1306.c:208:1: note: in expansion of macro ‘FBTFT_REGISTER_DRIVER’
  208 | FBTFT_REGISTER_DRIVER(DRVNAME, "solomon,ssd1306", &display);
      | ^~~~~~~~~~~~~~~~~~~~~
In file included from drivers/staging/fbtft/fb_ssd1306.c:23:
drivers/staging/fbtft/fbtft.h:338:19: note: ‘init_module’ target declared here
  338 | static int __init fbtft_driver_module_init(void)                           \
      |                   ^~~~~~~~~~~~~~~~~~~~~~~~
drivers/staging/fbtft/fb_ssd1306.c:208:1: note: in expansion of macro ‘FBTFT_REGISTER_DRIVER’
  208 | FBTFT_REGISTER_DRIVER(DRVNAME, "solomon,ssd1306", &display);
      | ^~~~~~~~~~~~~~~~~~~~~
  CC [M]  drivers/staging/fbtft/fb_ssd1331.o
In file included from drivers/staging/fbtft/fb_ssd1331.c:1:
./include/linux/module.h:138:7: warning: ‘cleanup_module’ specifies less restrictive attribute than its target ‘fbtft_driver_module_exit’: ‘cold’ [-Wmissing-attributes]
  138 |  void cleanup_module(void) __attribute__((alias(#exitfn)));
      |       ^~~~~~~~~~~~~~
drivers/staging/fbtft/fbtft.h:355:1: note: in expansion of macro ‘module_exit’
  355 | module_exit(fbtft_driver_module_exit);
      | ^~~~~~~~~~~
drivers/staging/fbtft/fb_ssd1331.c:187:1: note: in expansion of macro ‘FBTFT_REGISTER_DRIVER’
  187 | FBTFT_REGISTER_DRIVER(DRVNAME, "solomon,ssd1331", &display);
      | ^~~~~~~~~~~~~~~~~~~~~
In file included from drivers/staging/fbtft/fb_ssd1331.c:8:
drivers/staging/fbtft/fbtft.h:348:20: note: ‘cleanup_module’ target declared here
  348 | static void __exit fbtft_driver_module_exit(void)                          \
      |                    ^~~~~~~~~~~~~~~~~~~~~~~~
drivers/staging/fbtft/fb_ssd1331.c:187:1: note: in expansion of macro ‘FBTFT_REGISTER_DRIVER’
  187 | FBTFT_REGISTER_DRIVER(DRVNAME, "solomon,ssd1331", &display);
      | ^~~~~~~~~~~~~~~~~~~~~
In file included from drivers/staging/fbtft/fb_ssd1331.c:1:
./include/linux/module.h:132:6: warning: ‘init_module’ specifies less restrictive attribute than its target ‘fbtft_driver_module_init’: ‘cold’ [-Wmissing-attributes]
  132 |  int init_module(void) __attribute__((alias(#initfn)));
      |      ^~~~~~~~~~~
drivers/staging/fbtft/fbtft.h:354:1: note: in expansion of macro ‘module_init’
  354 | module_init(fbtft_driver_module_init);                                     \
      | ^~~~~~~~~~~
drivers/staging/fbtft/fb_ssd1331.c:187:1: note: in expansion of macro ‘FBTFT_REGISTER_DRIVER’
  187 | FBTFT_REGISTER_DRIVER(DRVNAME, "solomon,ssd1331", &display);
      | ^~~~~~~~~~~~~~~~~~~~~
In file included from drivers/staging/fbtft/fb_ssd1331.c:8:
drivers/staging/fbtft/fbtft.h:338:19: note: ‘init_module’ target declared here
  338 | static int __init fbtft_driver_module_init(void)                           \
      |                   ^~~~~~~~~~~~~~~~~~~~~~~~
drivers/staging/fbtft/fb_ssd1331.c:187:1: note: in expansion of macro ‘FBTFT_REGISTER_DRIVER’
  187 | FBTFT_REGISTER_DRIVER(DRVNAME, "solomon,ssd1331", &display);
      | ^~~~~~~~~~~~~~~~~~~~~
  CC [M]  drivers/staging/fbtft/fb_ssd1351.o
In file included from drivers/staging/fbtft/fb_ssd1351.c:1:
./include/linux/module.h:138:7: warning: ‘cleanup_module’ specifies less restrictive attribute than its target ‘fbtft_driver_module_exit’: ‘cold’ [-Wmissing-attributes]
  138 |  void cleanup_module(void) __attribute__((alias(#exitfn)));
      |       ^~~~~~~~~~~~~~
drivers/staging/fbtft/fbtft.h:355:1: note: in expansion of macro ‘module_exit’
  355 | module_exit(fbtft_driver_module_exit);
      | ^~~~~~~~~~~
drivers/staging/fbtft/fb_ssd1351.c:229:1: note: in expansion of macro ‘FBTFT_REGISTER_DRIVER’
  229 | FBTFT_REGISTER_DRIVER(DRVNAME, "solomon,ssd1351", &display);
      | ^~~~~~~~~~~~~~~~~~~~~
In file included from drivers/staging/fbtft/fb_ssd1351.c:8:
drivers/staging/fbtft/fbtft.h:348:20: note: ‘cleanup_module’ target declared here
  348 | static void __exit fbtft_driver_module_exit(void)                          \
      |                    ^~~~~~~~~~~~~~~~~~~~~~~~
drivers/staging/fbtft/fb_ssd1351.c:229:1: note: in expansion of macro ‘FBTFT_REGISTER_DRIVER’
  229 | FBTFT_REGISTER_DRIVER(DRVNAME, "solomon,ssd1351", &display);
      | ^~~~~~~~~~~~~~~~~~~~~
In file included from drivers/staging/fbtft/fb_ssd1351.c:1:
./include/linux/module.h:132:6: warning: ‘init_module’ specifies less restrictive attribute than its target ‘fbtft_driver_module_init’: ‘cold’ [-Wmissing-attributes]
  132 |  int init_module(void) __attribute__((alias(#initfn)));
      |      ^~~~~~~~~~~
drivers/staging/fbtft/fbtft.h:354:1: note: in expansion of macro ‘module_init’
  354 | module_init(fbtft_driver_module_init);                                     \
      | ^~~~~~~~~~~
drivers/staging/fbtft/fb_ssd1351.c:229:1: note: in expansion of macro ‘FBTFT_REGISTER_DRIVER’
  229 | FBTFT_REGISTER_DRIVER(DRVNAME, "solomon,ssd1351", &display);
      | ^~~~~~~~~~~~~~~~~~~~~
In file included from drivers/staging/fbtft/fb_ssd1351.c:8:
drivers/staging/fbtft/fbtft.h:338:19: note: ‘init_module’ target declared here
  338 | static int __init fbtft_driver_module_init(void)                           \
      |                   ^~~~~~~~~~~~~~~~~~~~~~~~
drivers/staging/fbtft/fb_ssd1351.c:229:1: note: in expansion of macro ‘FBTFT_REGISTER_DRIVER’
  229 | FBTFT_REGISTER_DRIVER(DRVNAME, "solomon,ssd1351", &display);
      | ^~~~~~~~~~~~~~~~~~~~~
  CC [M]  drivers/staging/fbtft/fb_st7735r.o
In file included from drivers/staging/fbtft/fb_st7735r.c:17:
./include/linux/module.h:138:7: warning: ‘cleanup_module’ specifies less restrictive attribute than its target ‘fbtft_driver_module_exit’: ‘cold’ [-Wmissing-attributes]
  138 |  void cleanup_module(void) __attribute__((alias(#exitfn)));
      |       ^~~~~~~~~~~~~~
drivers/staging/fbtft/fbtft.h:355:1: note: in expansion of macro ‘module_exit’
  355 | module_exit(fbtft_driver_module_exit);
      | ^~~~~~~~~~~
drivers/staging/fbtft/fb_st7735r.c:181:1: note: in expansion of macro ‘FBTFT_REGISTER_DRIVER’
  181 | FBTFT_REGISTER_DRIVER(DRVNAME, "sitronix,st7735r", &display);
      | ^~~~~~~~~~~~~~~~~~~~~
In file included from drivers/staging/fbtft/fb_st7735r.c:22:
drivers/staging/fbtft/fbtft.h:348:20: note: ‘cleanup_module’ target declared here
  348 | static void __exit fbtft_driver_module_exit(void)                          \
      |                    ^~~~~~~~~~~~~~~~~~~~~~~~
drivers/staging/fbtft/fb_st7735r.c:181:1: note: in expansion of macro ‘FBTFT_REGISTER_DRIVER’
  181 | FBTFT_REGISTER_DRIVER(DRVNAME, "sitronix,st7735r", &display);
      | ^~~~~~~~~~~~~~~~~~~~~
In file included from drivers/staging/fbtft/fb_st7735r.c:17:
./include/linux/module.h:132:6: warning: ‘init_module’ specifies less restrictive attribute than its target ‘fbtft_driver_module_init’: ‘cold’ [-Wmissing-attributes]
  132 |  int init_module(void) __attribute__((alias(#initfn)));
      |      ^~~~~~~~~~~
drivers/staging/fbtft/fbtft.h:354:1: note: in expansion of macro ‘module_init’
  354 | module_init(fbtft_driver_module_init);                                     \
      | ^~~~~~~~~~~
drivers/staging/fbtft/fb_st7735r.c:181:1: note: in expansion of macro ‘FBTFT_REGISTER_DRIVER’
  181 | FBTFT_REGISTER_DRIVER(DRVNAME, "sitronix,st7735r", &display);
      | ^~~~~~~~~~~~~~~~~~~~~
In file included from drivers/staging/fbtft/fb_st7735r.c:22:
drivers/staging/fbtft/fbtft.h:338:19: note: ‘init_module’ target declared here
  338 | static int __init fbtft_driver_module_init(void)                           \
      |                   ^~~~~~~~~~~~~~~~~~~~~~~~
drivers/staging/fbtft/fb_st7735r.c:181:1: note: in expansion of macro ‘FBTFT_REGISTER_DRIVER’
  181 | FBTFT_REGISTER_DRIVER(DRVNAME, "sitronix,st7735r", &display);
      | ^~~~~~~~~~~~~~~~~~~~~
  CC [M]  drivers/staging/fbtft/fb_st7789v.o
In file included from drivers/staging/fbtft/fb_st7789v.c:21:
./include/linux/module.h:138:7: warning: ‘cleanup_module’ specifies less restrictive attribute than its target ‘fbtft_driver_module_exit’: ‘cold’ [-Wmissing-attributes]
  138 |  void cleanup_module(void) __attribute__((alias(#exitfn)));
      |       ^~~~~~~~~~~~~~
drivers/staging/fbtft/fbtft.h:355:1: note: in expansion of macro ‘module_exit’
  355 | module_exit(fbtft_driver_module_exit);
      | ^~~~~~~~~~~
drivers/staging/fbtft/fb_st7789v.c:256:1: note: in expansion of macro ‘FBTFT_REGISTER_DRIVER’
  256 | FBTFT_REGISTER_DRIVER(DRVNAME, "sitronix,st7789v", &display);
      | ^~~~~~~~~~~~~~~~~~~~~
In file included from drivers/staging/fbtft/fb_st7789v.c:24:
drivers/staging/fbtft/fbtft.h:348:20: note: ‘cleanup_module’ target declared here
  348 | static void __exit fbtft_driver_module_exit(void)                          \
      |                    ^~~~~~~~~~~~~~~~~~~~~~~~
drivers/staging/fbtft/fb_st7789v.c:256:1: note: in expansion of macro ‘FBTFT_REGISTER_DRIVER’
  256 | FBTFT_REGISTER_DRIVER(DRVNAME, "sitronix,st7789v", &display);
      | ^~~~~~~~~~~~~~~~~~~~~
In file included from drivers/staging/fbtft/fb_st7789v.c:21:
./include/linux/module.h:132:6: warning: ‘init_module’ specifies less restrictive attribute than its target ‘fbtft_driver_module_init’: ‘cold’ [-Wmissing-attributes]
  132 |  int init_module(void) __attribute__((alias(#initfn)));
      |      ^~~~~~~~~~~
drivers/staging/fbtft/fbtft.h:354:1: note: in expansion of macro ‘module_init’
  354 | module_init(fbtft_driver_module_init);                                     \
      | ^~~~~~~~~~~
drivers/staging/fbtft/fb_st7789v.c:256:1: note: in expansion of macro ‘FBTFT_REGISTER_DRIVER’
  256 | FBTFT_REGISTER_DRIVER(DRVNAME, "sitronix,st7789v", &display);
      | ^~~~~~~~~~~~~~~~~~~~~
In file included from drivers/staging/fbtft/fb_st7789v.c:24:
drivers/staging/fbtft/fbtft.h:338:19: note: ‘init_module’ target declared here
  338 | static int __init fbtft_driver_module_init(void)                           \
      |                   ^~~~~~~~~~~~~~~~~~~~~~~~
drivers/staging/fbtft/fb_st7789v.c:256:1: note: in expansion of macro ‘FBTFT_REGISTER_DRIVER’
  256 | FBTFT_REGISTER_DRIVER(DRVNAME, "sitronix,st7789v", &display);
      | ^~~~~~~~~~~~~~~~~~~~~
  CC [M]  drivers/staging/fbtft/fb_tinylcd.o
In file included from drivers/staging/fbtft/fb_tinylcd.c:17:
./include/linux/module.h:138:7: warning: ‘cleanup_module’ specifies less restrictive attribute than its target ‘fbtft_driver_module_exit’: ‘cold’ [-Wmissing-attributes]
  138 |  void cleanup_module(void) __attribute__((alias(#exitfn)));
      |       ^~~~~~~~~~~~~~
drivers/staging/fbtft/fbtft.h:355:1: note: in expansion of macro ‘module_exit’
  355 | module_exit(fbtft_driver_module_exit);
      | ^~~~~~~~~~~
drivers/staging/fbtft/fb_tinylcd.c:105:1: note: in expansion of macro ‘FBTFT_REGISTER_DRIVER’
  105 | FBTFT_REGISTER_DRIVER(DRVNAME, "neosec,tinylcd", &display);
      | ^~~~~~~~~~~~~~~~~~~~~
In file included from drivers/staging/fbtft/fb_tinylcd.c:23:
drivers/staging/fbtft/fbtft.h:348:20: note: ‘cleanup_module’ target declared here
  348 | static void __exit fbtft_driver_module_exit(void)                          \
      |                    ^~~~~~~~~~~~~~~~~~~~~~~~
drivers/staging/fbtft/fb_tinylcd.c:105:1: note: in expansion of macro ‘FBTFT_REGISTER_DRIVER’
  105 | FBTFT_REGISTER_DRIVER(DRVNAME, "neosec,tinylcd", &display);
      | ^~~~~~~~~~~~~~~~~~~~~
In file included from drivers/staging/fbtft/fb_tinylcd.c:17:
./include/linux/module.h:132:6: warning: ‘init_module’ specifies less restrictive attribute than its target ‘fbtft_driver_module_init’: ‘cold’ [-Wmissing-attributes]
  132 |  int init_module(void) __attribute__((alias(#initfn)));
      |      ^~~~~~~~~~~
drivers/staging/fbtft/fbtft.h:354:1: note: in expansion of macro ‘module_init’
  354 | module_init(fbtft_driver_module_init);                                     \
      | ^~~~~~~~~~~
drivers/staging/fbtft/fb_tinylcd.c:105:1: note: in expansion of macro ‘FBTFT_REGISTER_DRIVER’
  105 | FBTFT_REGISTER_DRIVER(DRVNAME, "neosec,tinylcd", &display);
      | ^~~~~~~~~~~~~~~~~~~~~
In file included from drivers/staging/fbtft/fb_tinylcd.c:23:
drivers/staging/fbtft/fbtft.h:338:19: note: ‘init_module’ target declared here
  338 | static int __init fbtft_driver_module_init(void)                           \
      |                   ^~~~~~~~~~~~~~~~~~~~~~~~
drivers/staging/fbtft/fb_tinylcd.c:105:1: note: in expansion of macro ‘FBTFT_REGISTER_DRIVER’
  105 | FBTFT_REGISTER_DRIVER(DRVNAME, "neosec,tinylcd", &display);
      | ^~~~~~~~~~~~~~~~~~~~~
  CC [M]  drivers/staging/fbtft/fb_tls8204.o
In file included from drivers/staging/fbtft/fb_tls8204.c:21:
./include/linux/module.h:138:7: warning: ‘cleanup_module’ specifies less restrictive attribute than its target ‘fbtft_driver_module_exit’: ‘cold’ [-Wmissing-attributes]
  138 |  void cleanup_module(void) __attribute__((alias(#exitfn)));
      |       ^~~~~~~~~~~~~~
drivers/staging/fbtft/fbtft.h:355:1: note: in expansion of macro ‘module_exit’
  355 | module_exit(fbtft_driver_module_exit);
      | ^~~~~~~~~~~
drivers/staging/fbtft/fb_tls8204.c:162:1: note: in expansion of macro ‘FBTFT_REGISTER_DRIVER’
  162 | FBTFT_REGISTER_DRIVER(DRVNAME, "teralane,tls8204", &display);
      | ^~~~~~~~~~~~~~~~~~~~~
In file included from drivers/staging/fbtft/fb_tls8204.c:28:
drivers/staging/fbtft/fbtft.h:348:20: note: ‘cleanup_module’ target declared here
  348 | static void __exit fbtft_driver_module_exit(void)                          \
      |                    ^~~~~~~~~~~~~~~~~~~~~~~~
drivers/staging/fbtft/fb_tls8204.c:162:1: note: in expansion of macro ‘FBTFT_REGISTER_DRIVER’
  162 | FBTFT_REGISTER_DRIVER(DRVNAME, "teralane,tls8204", &display);
      | ^~~~~~~~~~~~~~~~~~~~~
In file included from drivers/staging/fbtft/fb_tls8204.c:21:
./include/linux/module.h:132:6: warning: ‘init_module’ specifies less restrictive attribute than its target ‘fbtft_driver_module_init’: ‘cold’ [-Wmissing-attributes]
  132 |  int init_module(void) __attribute__((alias(#initfn)));
      |      ^~~~~~~~~~~
drivers/staging/fbtft/fbtft.h:354:1: note: in expansion of macro ‘module_init’
  354 | module_init(fbtft_driver_module_init);                                     \
      | ^~~~~~~~~~~
drivers/staging/fbtft/fb_tls8204.c:162:1: note: in expansion of macro ‘FBTFT_REGISTER_DRIVER’
  162 | FBTFT_REGISTER_DRIVER(DRVNAME, "teralane,tls8204", &display);
      | ^~~~~~~~~~~~~~~~~~~~~
In file included from drivers/staging/fbtft/fb_tls8204.c:28:
drivers/staging/fbtft/fbtft.h:338:19: note: ‘init_module’ target declared here
  338 | static int __init fbtft_driver_module_init(void)                           \
      |                   ^~~~~~~~~~~~~~~~~~~~~~~~
drivers/staging/fbtft/fb_tls8204.c:162:1: note: in expansion of macro ‘FBTFT_REGISTER_DRIVER’
  162 | FBTFT_REGISTER_DRIVER(DRVNAME, "teralane,tls8204", &display);
      | ^~~~~~~~~~~~~~~~~~~~~
  CC [M]  drivers/staging/fbtft/fb_uc1701.o
In file included from drivers/staging/fbtft/fb_uc1701.c:20:
./include/linux/module.h:138:7: warning: ‘cleanup_module’ specifies less restrictive attribute than its target ‘fbtft_driver_module_exit’: ‘cold’ [-Wmissing-attributes]
  138 |  void cleanup_module(void) __attribute__((alias(#exitfn)));
      |       ^~~~~~~~~~~~~~
drivers/staging/fbtft/fbtft.h:355:1: note: in expansion of macro ‘module_exit’
  355 | module_exit(fbtft_driver_module_exit);
      | ^~~~~~~~~~~
drivers/staging/fbtft/fb_uc1701.c:172:1: note: in expansion of macro ‘FBTFT_REGISTER_DRIVER’
  172 | FBTFT_REGISTER_DRIVER(DRVNAME, "UltraChip,uc1701", &display);
      | ^~~~~~~~~~~~~~~~~~~~~
In file included from drivers/staging/fbtft/fb_uc1701.c:27:
drivers/staging/fbtft/fbtft.h:348:20: note: ‘cleanup_module’ target declared here
  348 | static void __exit fbtft_driver_module_exit(void)                          \
      |                    ^~~~~~~~~~~~~~~~~~~~~~~~
drivers/staging/fbtft/fb_uc1701.c:172:1: note: in expansion of macro ‘FBTFT_REGISTER_DRIVER’
  172 | FBTFT_REGISTER_DRIVER(DRVNAME, "UltraChip,uc1701", &display);
      | ^~~~~~~~~~~~~~~~~~~~~
In file included from drivers/staging/fbtft/fb_uc1701.c:20:
./include/linux/module.h:132:6: warning: ‘init_module’ specifies less restrictive attribute than its target ‘fbtft_driver_module_init’: ‘cold’ [-Wmissing-attributes]
  132 |  int init_module(void) __attribute__((alias(#initfn)));
      |      ^~~~~~~~~~~
drivers/staging/fbtft/fbtft.h:354:1: note: in expansion of macro ‘module_init’
  354 | module_init(fbtft_driver_module_init);                                     \
      | ^~~~~~~~~~~
drivers/staging/fbtft/fb_uc1701.c:172:1: note: in expansion of macro ‘FBTFT_REGISTER_DRIVER’
  172 | FBTFT_REGISTER_DRIVER(DRVNAME, "UltraChip,uc1701", &display);
      | ^~~~~~~~~~~~~~~~~~~~~
In file included from drivers/staging/fbtft/fb_uc1701.c:27:
drivers/staging/fbtft/fbtft.h:338:19: note: ‘init_module’ target declared here
  338 | static int __init fbtft_driver_module_init(void)                           \
      |                   ^~~~~~~~~~~~~~~~~~~~~~~~
drivers/staging/fbtft/fb_uc1701.c:172:1: note: in expansion of macro ‘FBTFT_REGISTER_DRIVER’
  172 | FBTFT_REGISTER_DRIVER(DRVNAME, "UltraChip,uc1701", &display);
      | ^~~~~~~~~~~~~~~~~~~~~
  CC [M]  drivers/staging/fbtft/fb_upd161704.o
In file included from drivers/staging/fbtft/fb_upd161704.c:21:
./include/linux/module.h:138:7: warning: ‘cleanup_module’ specifies less restrictive attribute than its target ‘fbtft_driver_module_exit’: ‘cold’ [-Wmissing-attributes]
  138 |  void cleanup_module(void) __attribute__((alias(#exitfn)));
      |       ^~~~~~~~~~~~~~
drivers/staging/fbtft/fbtft.h:355:1: note: in expansion of macro ‘module_exit’
  355 | module_exit(fbtft_driver_module_exit);
      | ^~~~~~~~~~~
drivers/staging/fbtft/fb_upd161704.c:188:1: note: in expansion of macro ‘FBTFT_REGISTER_DRIVER’
  188 | FBTFT_REGISTER_DRIVER(DRVNAME, "nec,upd161704", &display);
      | ^~~~~~~~~~~~~~~~~~~~~
In file included from drivers/staging/fbtft/fb_upd161704.c:27:
drivers/staging/fbtft/fbtft.h:348:20: note: ‘cleanup_module’ target declared here
  348 | static void __exit fbtft_driver_module_exit(void)                          \
      |                    ^~~~~~~~~~~~~~~~~~~~~~~~
drivers/staging/fbtft/fb_upd161704.c:188:1: note: in expansion of macro ‘FBTFT_REGISTER_DRIVER’
  188 | FBTFT_REGISTER_DRIVER(DRVNAME, "nec,upd161704", &display);
      | ^~~~~~~~~~~~~~~~~~~~~
In file included from drivers/staging/fbtft/fb_upd161704.c:21:
./include/linux/module.h:132:6: warning: ‘init_module’ specifies less restrictive attribute than its target ‘fbtft_driver_module_init’: ‘cold’ [-Wmissing-attributes]
  132 |  int init_module(void) __attribute__((alias(#initfn)));
      |      ^~~~~~~~~~~
drivers/staging/fbtft/fbtft.h:354:1: note: in expansion of macro ‘module_init’
  354 | module_init(fbtft_driver_module_init);                                     \
      | ^~~~~~~~~~~
drivers/staging/fbtft/fb_upd161704.c:188:1: note: in expansion of macro ‘FBTFT_REGISTER_DRIVER’
  188 | FBTFT_REGISTER_DRIVER(DRVNAME, "nec,upd161704", &display);
      | ^~~~~~~~~~~~~~~~~~~~~
In file included from drivers/staging/fbtft/fb_upd161704.c:27:
drivers/staging/fbtft/fbtft.h:338:19: note: ‘init_module’ target declared here
  338 | static int __init fbtft_driver_module_init(void)                           \
      |                   ^~~~~~~~~~~~~~~~~~~~~~~~
drivers/staging/fbtft/fb_upd161704.c:188:1: note: in expansion of macro ‘FBTFT_REGISTER_DRIVER’
  188 | FBTFT_REGISTER_DRIVER(DRVNAME, "nec,upd161704", &display);
      | ^~~~~~~~~~~~~~~~~~~~~
  CC [M]  drivers/staging/fbtft/fb_watterott.o
In file included from drivers/staging/fbtft/fb_watterott.c:17:
./include/linux/module.h:138:7: warning: ‘cleanup_module’ specifies less restrictive attribute than its target ‘fbtft_driver_module_exit’: ‘cold’ [-Wmissing-attributes]
  138 |  void cleanup_module(void) __attribute__((alias(#exitfn)));
      |       ^~~~~~~~~~~~~~
drivers/staging/fbtft/fbtft.h:355:1: note: in expansion of macro ‘module_exit’
  355 | module_exit(fbtft_driver_module_exit);
      | ^~~~~~~~~~~
drivers/staging/fbtft/fb_watterott.c:296:1: note: in expansion of macro ‘FBTFT_REGISTER_DRIVER’
  296 | FBTFT_REGISTER_DRIVER(DRVNAME, "watterott,openlcd", &display);
      | ^~~~~~~~~~~~~~~~~~~~~
In file included from drivers/staging/fbtft/fb_watterott.c:23:
drivers/staging/fbtft/fbtft.h:348:20: note: ‘cleanup_module’ target declared here
  348 | static void __exit fbtft_driver_module_exit(void)                          \
      |                    ^~~~~~~~~~~~~~~~~~~~~~~~
drivers/staging/fbtft/fb_watterott.c:296:1: note: in expansion of macro ‘FBTFT_REGISTER_DRIVER’
  296 | FBTFT_REGISTER_DRIVER(DRVNAME, "watterott,openlcd", &display);
      | ^~~~~~~~~~~~~~~~~~~~~
In file included from drivers/staging/fbtft/fb_watterott.c:17:
./include/linux/module.h:132:6: warning: ‘init_module’ specifies less restrictive attribute than its target ‘fbtft_driver_module_init’: ‘cold’ [-Wmissing-attributes]
  132 |  int init_module(void) __attribute__((alias(#initfn)));
      |      ^~~~~~~~~~~
drivers/staging/fbtft/fbtft.h:354:1: note: in expansion of macro ‘module_init’
  354 | module_init(fbtft_driver_module_init);                                     \
      | ^~~~~~~~~~~
drivers/staging/fbtft/fb_watterott.c:296:1: note: in expansion of macro ‘FBTFT_REGISTER_DRIVER’
  296 | FBTFT_REGISTER_DRIVER(DRVNAME, "watterott,openlcd", &display);
      | ^~~~~~~~~~~~~~~~~~~~~
In file included from drivers/staging/fbtft/fb_watterott.c:23:
drivers/staging/fbtft/fbtft.h:338:19: note: ‘init_module’ target declared here
  338 | static int __init fbtft_driver_module_init(void)                           \
      |                   ^~~~~~~~~~~~~~~~~~~~~~~~
drivers/staging/fbtft/fb_watterott.c:296:1: note: in expansion of macro ‘FBTFT_REGISTER_DRIVER’
  296 | FBTFT_REGISTER_DRIVER(DRVNAME, "watterott,openlcd", &display);
      | ^~~~~~~~~~~~~~~~~~~~~
  CC [M]  drivers/staging/fbtft/flexfb.o
In file included from drivers/staging/fbtft/flexfb.c:17:
./include/linux/module.h:132:6: warning: ‘init_module’ specifies less restrictive attribute than its target ‘flexfb_init’: ‘cold’ [-Wmissing-attributes]
  132 |  int init_module(void) __attribute__((alias(#initfn)));
      |      ^~~~~~~~~~~
drivers/staging/fbtft/flexfb.c:614:1: note: in expansion of macro ‘module_init’
  614 | module_init(flexfb_init);
      | ^~~~~~~~~~~
drivers/staging/fbtft/flexfb.c:595:19: note: ‘init_module’ target declared here
  595 | static int __init flexfb_init(void)
      |                   ^~~~~~~~~~~
In file included from drivers/staging/fbtft/flexfb.c:17:
./include/linux/module.h:138:7: warning: ‘cleanup_module’ specifies less restrictive attribute than its target ‘flexfb_exit’: ‘cold’ [-Wmissing-attributes]
  138 |  void cleanup_module(void) __attribute__((alias(#exitfn)));
      |       ^~~~~~~~~~~~~~
drivers/staging/fbtft/flexfb.c:615:1: note: in expansion of macro ‘module_exit’
  615 | module_exit(flexfb_exit);
      | ^~~~~~~~~~~
drivers/staging/fbtft/flexfb.c:606:20: note: ‘cleanup_module’ target declared here
  606 | static void __exit flexfb_exit(void)
      |                    ^~~~~~~~~~~
  CC [M]  drivers/staging/fbtft/fbtft_device.o
In file included from drivers/staging/fbtft/fbtft_device.c:17:
./include/linux/module.h:132:6: warning: ‘init_module’ specifies less restrictive attribute than its target ‘fbtft_device_init’: ‘cold’ [-Wmissing-attributes]
  132 |  int init_module(void) __attribute__((alias(#initfn)));
      |      ^~~~~~~~~~~
./include/linux/module.h:114:28: note: in expansion of macro ‘module_init’
  114 | #define arch_initcall(fn)  module_init(fn)
      |                            ^~~~~~~~~~~
drivers/staging/fbtft/fbtft_device.c:1592:1: note: in expansion of macro ‘arch_initcall’
 1592 | arch_initcall(fbtft_device_init);
      | ^~~~~~~~~~~~~
drivers/staging/fbtft/fbtft_device.c:1393:19: note: ‘init_module’ target declared here
 1393 | static int __init fbtft_device_init(void)
      |                   ^~~~~~~~~~~~~~~~~
In file included from drivers/staging/fbtft/fbtft_device.c:17:
./include/linux/module.h:138:7: warning: ‘cleanup_module’ specifies less restrictive attribute than its target ‘fbtft_device_exit’: ‘cold’ [-Wmissing-attributes]
  138 |  void cleanup_module(void) __attribute__((alias(#exitfn)));
      |       ^~~~~~~~~~~~~~
drivers/staging/fbtft/fbtft_device.c:1593:1: note: in expansion of macro ‘module_exit’
 1593 | module_exit(fbtft_device_exit);
      | ^~~~~~~~~~~
drivers/staging/fbtft/fbtft_device.c:1580:20: note: ‘cleanup_module’ target declared here
 1580 | static void __exit fbtft_device_exit(void)
      |                    ^~~~~~~~~~~~~~~~~
drivers/staging/fbtft/fbtft_device.c: In function ‘fbtft_device_init’:
drivers/staging/fbtft/fbtft_device.c:1486:4: warning: ‘strncpy’ specified bound 32 equals destination size [-Wstringop-truncation]
 1486 |    strncpy(displays[i].spi->modalias, name, SPI_NAME_SIZE);
      |    ^~~~~~~~~~~~~~~~~~~~~~~~~~~~~~~~~~~~~~~~~~~~~~~~~~~~~~~
  LD      drivers/staging/iio/accel/built-in.o
  LD      drivers/staging/iio/adc/built-in.o
  LD      drivers/staging/iio/addac/built-in.o
  LD      drivers/staging/iio/cdc/built-in.o
  LD      drivers/staging/iio/frequency/built-in.o
  LD      drivers/staging/iio/gyro/built-in.o
  LD      drivers/staging/iio/impedance-analyzer/built-in.o
  LD      drivers/staging/iio/light/built-in.o
  LD      drivers/staging/iio/meter/built-in.o
  LD      drivers/staging/iio/resolver/built-in.o
  LD      drivers/staging/iio/trigger/built-in.o
  LD      drivers/staging/iio/built-in.o
  LD      drivers/staging/media/lirc/built-in.o
  CC [M]  drivers/staging/media/lirc/lirc_imon.o
In file included from drivers/staging/media/lirc/lirc_imon.c:27:
./include/linux/module.h:138:7: warning: ‘cleanup_module’ specifies less restrictive attribute than its target ‘imon_driver_exit’: ‘cold’ [-Wmissing-attributes]
  138 |  void cleanup_module(void) __attribute__((alias(#exitfn)));
      |       ^~~~~~~~~~~~~~
./include/linux/device.h:1360:1: note: in expansion of macro ‘module_exit’
 1360 | module_exit(__driver##_exit);
      | ^~~~~~~~~~~
./include/linux/usb.h:1195:2: note: in expansion of macro ‘module_driver’
 1195 |  module_driver(__usb_driver, usb_register, \
      |  ^~~~~~~~~~~~~
drivers/staging/media/lirc/lirc_imon.c:978:1: note: in expansion of macro ‘module_usb_driver’
  978 | module_usb_driver(imon_driver);
      | ^~~~~~~~~~~~~~~~~
In file included from ./include/linux/usb/ch9.h:35,
                 from ./include/linux/usb.h:5,
                 from drivers/staging/media/lirc/lirc_imon.c:30:
drivers/staging/media/lirc/lirc_imon.c:978:19: note: ‘cleanup_module’ target declared here
  978 | module_usb_driver(imon_driver);
      |                   ^~~~~~~~~~~
./include/linux/device.h:1356:20: note: in definition of macro ‘module_driver’
 1356 | static void __exit __driver##_exit(void) \
      |                    ^~~~~~~~
drivers/staging/media/lirc/lirc_imon.c:978:1: note: in expansion of macro ‘module_usb_driver’
  978 | module_usb_driver(imon_driver);
      | ^~~~~~~~~~~~~~~~~
In file included from drivers/staging/media/lirc/lirc_imon.c:27:
./include/linux/module.h:132:6: warning: ‘init_module’ specifies less restrictive attribute than its target ‘imon_driver_init’: ‘cold’ [-Wmissing-attributes]
  132 |  int init_module(void) __attribute__((alias(#initfn)));
      |      ^~~~~~~~~~~
./include/linux/device.h:1355:1: note: in expansion of macro ‘module_init’
 1355 | module_init(__driver##_init); \
      | ^~~~~~~~~~~
./include/linux/usb.h:1195:2: note: in expansion of macro ‘module_driver’
 1195 |  module_driver(__usb_driver, usb_register, \
      |  ^~~~~~~~~~~~~
drivers/staging/media/lirc/lirc_imon.c:978:1: note: in expansion of macro ‘module_usb_driver’
  978 | module_usb_driver(imon_driver);
      | ^~~~~~~~~~~~~~~~~
In file included from ./include/linux/usb/ch9.h:35,
                 from ./include/linux/usb.h:5,
                 from drivers/staging/media/lirc/lirc_imon.c:30:
drivers/staging/media/lirc/lirc_imon.c:978:19: note: ‘init_module’ target declared here
  978 | module_usb_driver(imon_driver);
      |                   ^~~~~~~~~~~
./include/linux/device.h:1351:19: note: in definition of macro ‘module_driver’
 1351 | static int __init __driver##_init(void) \
      |                   ^~~~~~~~
drivers/staging/media/lirc/lirc_imon.c:978:1: note: in expansion of macro ‘module_usb_driver’
  978 | module_usb_driver(imon_driver);
      | ^~~~~~~~~~~~~~~~~
  CC [M]  drivers/staging/media/lirc/lirc_rpi.o
In file included from drivers/staging/media/lirc/lirc_rpi.c:27:
./include/linux/module.h:138:7: warning: ‘cleanup_module’ specifies less restrictive attribute than its target ‘lirc_rpi_exit_module’: ‘cold’ [-Wmissing-attributes]
  138 |  void cleanup_module(void) __attribute__((alias(#exitfn)));
      |       ^~~~~~~~~~~~~~
drivers/staging/media/lirc/lirc_rpi.c:704:1: note: in expansion of macro ‘module_exit’
  704 | module_exit(lirc_rpi_exit_module);
      | ^~~~~~~~~~~
drivers/staging/media/lirc/lirc_rpi.c:691:20: note: ‘cleanup_module’ target declared here
  691 | static void __exit lirc_rpi_exit_module(void)
      |                    ^~~~~~~~~~~~~~~~~~~~
In file included from drivers/staging/media/lirc/lirc_rpi.c:27:
./include/linux/module.h:132:6: warning: ‘init_module’ specifies less restrictive attribute than its target ‘lirc_rpi_init_module’: ‘cold’ [-Wmissing-attributes]
  132 |  int init_module(void) __attribute__((alias(#initfn)));
      |      ^~~~~~~~~~~
drivers/staging/media/lirc/lirc_rpi.c:703:1: note: in expansion of macro ‘module_init’
  703 | module_init(lirc_rpi_init_module);
      | ^~~~~~~~~~~
drivers/staging/media/lirc/lirc_rpi.c:654:19: note: ‘init_module’ target declared here
  654 | static int __init lirc_rpi_init_module(void)
      |                   ^~~~~~~~~~~~~~~~~~~~
  CC [M]  drivers/staging/media/lirc/lirc_sasem.o
In file included from drivers/staging/media/lirc/lirc_sasem.c:41:
./include/linux/module.h:132:6: warning: ‘init_module’ specifies less restrictive attribute than its target ‘sasem_driver_init’: ‘cold’ [-Wmissing-attributes]
  132 |  int init_module(void) __attribute__((alias(#initfn)));
      |      ^~~~~~~~~~~
./include/linux/device.h:1355:1: note: in expansion of macro ‘module_init’
 1355 | module_init(__driver##_init); \
      | ^~~~~~~~~~~
./include/linux/usb.h:1195:2: note: in expansion of macro ‘module_driver’
 1195 |  module_driver(__usb_driver, usb_register, \
      |  ^~~~~~~~~~~~~
drivers/staging/media/lirc/lirc_sasem.c:897:1: note: in expansion of macro ‘module_usb_driver’
  897 | module_usb_driver(sasem_driver);
      | ^~~~~~~~~~~~~~~~~
In file included from ./include/linux/usb/ch9.h:35,
                 from ./include/linux/usb.h:5,
                 from drivers/staging/media/lirc/lirc_sasem.c:44:
drivers/staging/media/lirc/lirc_sasem.c:897:19: note: ‘init_module’ target declared here
  897 | module_usb_driver(sasem_driver);
      |                   ^~~~~~~~~~~~
./include/linux/device.h:1351:19: note: in definition of macro ‘module_driver’
 1351 | static int __init __driver##_init(void) \
      |                   ^~~~~~~~
drivers/staging/media/lirc/lirc_sasem.c:897:1: note: in expansion of macro ‘module_usb_driver’
  897 | module_usb_driver(sasem_driver);
      | ^~~~~~~~~~~~~~~~~
In file included from drivers/staging/media/lirc/lirc_sasem.c:41:
./include/linux/module.h:138:7: warning: ‘cleanup_module’ specifies less restrictive attribute than its target ‘sasem_driver_exit’: ‘cold’ [-Wmissing-attributes]
  138 |  void cleanup_module(void) __attribute__((alias(#exitfn)));
      |       ^~~~~~~~~~~~~~
./include/linux/device.h:1360:1: note: in expansion of macro ‘module_exit’
 1360 | module_exit(__driver##_exit);
      | ^~~~~~~~~~~
./include/linux/usb.h:1195:2: note: in expansion of macro ‘module_driver’
 1195 |  module_driver(__usb_driver, usb_register, \
      |  ^~~~~~~~~~~~~
drivers/staging/media/lirc/lirc_sasem.c:897:1: note: in expansion of macro ‘module_usb_driver’
  897 | module_usb_driver(sasem_driver);
      | ^~~~~~~~~~~~~~~~~
In file included from ./include/linux/usb/ch9.h:35,
                 from ./include/linux/usb.h:5,
                 from drivers/staging/media/lirc/lirc_sasem.c:44:
drivers/staging/media/lirc/lirc_sasem.c:897:19: note: ‘cleanup_module’ target declared here
  897 | module_usb_driver(sasem_driver);
      |                   ^~~~~~~~~~~~
./include/linux/device.h:1356:20: note: in definition of macro ‘module_driver’
 1356 | static void __exit __driver##_exit(void) \
      |                    ^~~~~~~~
drivers/staging/media/lirc/lirc_sasem.c:897:1: note: in expansion of macro ‘module_usb_driver’
  897 | module_usb_driver(sasem_driver);
      | ^~~~~~~~~~~~~~~~~
  CC [M]  drivers/staging/media/lirc/lirc_serial.o
In file included from drivers/staging/media/lirc/lirc_serial.c:53:
./include/linux/module.h:132:6: warning: ‘init_module’ specifies less restrictive attribute than its target ‘lirc_serial_init_module’: ‘cold’ [-Wmissing-attributes]
  132 |  int init_module(void) __attribute__((alias(#initfn)));
      |      ^~~~~~~~~~~
drivers/staging/media/lirc/lirc_serial.c:1084:1: note: in expansion of macro ‘module_init’
 1084 | module_init(lirc_serial_init_module);
      | ^~~~~~~~~~~
drivers/staging/media/lirc/lirc_serial.c:1029:19: note: ‘init_module’ target declared here
 1029 | static int __init lirc_serial_init_module(void)
      |                   ^~~~~~~~~~~~~~~~~~~~~~~
In file included from drivers/staging/media/lirc/lirc_serial.c:53:
./include/linux/module.h:138:7: warning: ‘cleanup_module’ specifies less restrictive attribute than its target ‘lirc_serial_exit_module’: ‘cold’ [-Wmissing-attributes]
  138 |  void cleanup_module(void) __attribute__((alias(#exitfn)));
      |       ^~~~~~~~~~~~~~
drivers/staging/media/lirc/lirc_serial.c:1085:1: note: in expansion of macro ‘module_exit’
 1085 | module_exit(lirc_serial_exit_module);
      | ^~~~~~~~~~~
drivers/staging/media/lirc/lirc_serial.c:1076:20: note: ‘cleanup_module’ target declared here
 1076 | static void __exit lirc_serial_exit_module(void)
      |                    ^~~~~~~~~~~~~~~~~~~~~~~
  LD      drivers/staging/media/built-in.o
  LD      drivers/staging/rtl8188eu/built-in.o
  CC [M]  drivers/staging/rtl8188eu/core/rtw_ap.o
  CC [M]  drivers/staging/rtl8188eu/core/rtw_cmd.o
drivers/staging/rtl8188eu/core/rtw_cmd.c: In function ‘rtw_joinbss_cmd’:
drivers/staging/rtl8188eu/core/rtw_cmd.c:476:38: warning: taking address of packed member of ‘struct wlan_bssid_ex’ may result in an unaligned pointer value [-Waddress-of-packed-member]
  476 |          pnetwork->network.IELength, &psecnetwork->IELength);
      |                                      ^~~~~~~~~~~~~~~~~~~~~~
  CC [M]  drivers/staging/rtl8188eu/core/rtw_debug.o
  CC [M]  drivers/staging/rtl8188eu/core/rtw_efuse.o
  CC [M]  drivers/staging/rtl8188eu/core/rtw_ieee80211.o
  CC [M]  drivers/staging/rtl8188eu/core/rtw_ioctl_set.o
drivers/staging/rtl8188eu/core/rtw_ioctl_set.c: In function ‘rtw_set_802_11_infrastructure_mode’:
drivers/staging/rtl8188eu/core/rtw_ioctl_set.c:328:47: warning: taking address of packed member of ‘struct wlan_bssid_ex’ may result in an unaligned pointer value [-Waddress-of-packed-member]
  328 |  enum ndis_802_11_network_infra *pold_state = &(cur_network->network.InfrastructureMode);
      |                                               ^~~~~~~~~~~~~~~~~~~~~~~~~~~~~~~~~~~~~~~~~~
  CC [M]  drivers/staging/rtl8188eu/core/rtw_iol.o
  CC [M]  drivers/staging/rtl8188eu/core/rtw_led.o
  CC [M]  drivers/staging/rtl8188eu/core/rtw_mlme.o
  CC [M]  drivers/staging/rtl8188eu/core/rtw_mlme_ext.o
drivers/staging/rtl8188eu/core/rtw_mlme_ext.c: In function ‘linked_status_chk’:
drivers/staging/rtl8188eu/core/rtw_mlme_ext.c:4738:34: warning: taking address of packed member of ‘struct wlan_bssid_ex’ may result in an unaligned pointer value [-Waddress-of-packed-member]
 4738 |      issue_probereq_ex(padapter, &pmlmeinfo->network.Ssid, psta->hwaddr, 3, 1);
      |                                  ^~~~~~~~~~~~~~~~~~~~~~~~
drivers/staging/rtl8188eu/core/rtw_mlme_ext.c:4754:7: warning: taking address of packed member of ‘struct wlan_bssid_ex’ may result in an unaligned pointer value [-Waddress-of-packed-member]
 4754 |       &pmlmeinfo->network.Ssid,
      |       ^~~~~~~~~~~~~~~~~~~~~~~~
drivers/staging/rtl8188eu/core/rtw_mlme_ext.c:4758:7: warning: taking address of packed member of ‘struct wlan_bssid_ex’ may result in an unaligned pointer value [-Waddress-of-packed-member]
 4758 |       &pmlmeinfo->network.Ssid,
      |       ^~~~~~~~~~~~~~~~~~~~~~~~
drivers/staging/rtl8188eu/core/rtw_mlme_ext.c:4762:7: warning: taking address of packed member of ‘struct wlan_bssid_ex’ may result in an unaligned pointer value [-Waddress-of-packed-member]
 4762 |       &pmlmeinfo->network.Ssid,
      |       ^~~~~~~~~~~~~~~~~~~~~~~~
  CC [M]  drivers/staging/rtl8188eu/core/rtw_pwrctrl.o
  CC [M]  drivers/staging/rtl8188eu/core/rtw_recv.o
  CC [M]  drivers/staging/rtl8188eu/core/rtw_rf.o
  CC [M]  drivers/staging/rtl8188eu/core/rtw_security.o
  CC [M]  drivers/staging/rtl8188eu/core/rtw_sreset.o
  CC [M]  drivers/staging/rtl8188eu/core/rtw_sta_mgt.o
  CC [M]  drivers/staging/rtl8188eu/core/rtw_wlan_util.o
  CC [M]  drivers/staging/rtl8188eu/core/rtw_xmit.o
  CC [M]  drivers/staging/rtl8188eu/hal/fw.o
  CC [M]  drivers/staging/rtl8188eu/hal/mac_cfg.o
  CC [M]  drivers/staging/rtl8188eu/hal/bb_cfg.o
  CC [M]  drivers/staging/rtl8188eu/hal/rf_cfg.o
  CC [M]  drivers/staging/rtl8188eu/hal/pwrseqcmd.o
  CC [M]  drivers/staging/rtl8188eu/hal/pwrseq.o
  CC [M]  drivers/staging/rtl8188eu/hal/Hal8188ERateAdaptive.o
  CC [M]  drivers/staging/rtl8188eu/hal/hal_intf.o
  CC [M]  drivers/staging/rtl8188eu/hal/hal_com.o
  CC [M]  drivers/staging/rtl8188eu/hal/odm.o
  CC [M]  drivers/staging/rtl8188eu/hal/odm_HWConfig.o
  CC [M]  drivers/staging/rtl8188eu/hal/odm_RTL8188E.o
  CC [M]  drivers/staging/rtl8188eu/hal/rtl8188e_cmd.o
  CC [M]  drivers/staging/rtl8188eu/hal/rtl8188e_dm.o
  CC [M]  drivers/staging/rtl8188eu/hal/rtl8188e_hal_init.o
  CC [M]  drivers/staging/rtl8188eu/hal/phy.o
  CC [M]  drivers/staging/rtl8188eu/hal/rf.o
  CC [M]  drivers/staging/rtl8188eu/hal/rtl8188e_rxdesc.o
  CC [M]  drivers/staging/rtl8188eu/hal/rtl8188e_xmit.o
  CC [M]  drivers/staging/rtl8188eu/hal/rtl8188eu_led.o
  CC [M]  drivers/staging/rtl8188eu/hal/rtl8188eu_recv.o
  CC [M]  drivers/staging/rtl8188eu/hal/rtl8188eu_xmit.o
  CC [M]  drivers/staging/rtl8188eu/hal/usb_halinit.o
  CC [M]  drivers/staging/rtl8188eu/os_dep/ioctl_linux.o
drivers/staging/rtl8188eu/os_dep/ioctl_linux.c: In function ‘rtw_wx_set_enc_ext’:
drivers/staging/rtl8188eu/os_dep/ioctl_linux.c:1924:2: warning: ‘strncpy’ specified bound 16 equals destination size [-Wstringop-truncation]
 1924 |  strncpy((char *)param->u.crypt.alg, alg_name, IEEE_CRYPT_ALG_NAME_LEN);
      |  ^~~~~~~~~~~~~~~~~~~~~~~~~~~~~~~~~~~~~~~~~~~~~~~~~~~~~~~~~~~~~~~~~~~~~~
  CC [M]  drivers/staging/rtl8188eu/os_dep/mlme_linux.o
  CC [M]  drivers/staging/rtl8188eu/os_dep/mon.o
  CC [M]  drivers/staging/rtl8188eu/os_dep/os_intfs.o
  CC [M]  drivers/staging/rtl8188eu/os_dep/osdep_service.o
  CC [M]  drivers/staging/rtl8188eu/os_dep/recv_linux.o
  CC [M]  drivers/staging/rtl8188eu/os_dep/rtw_android.o
  CC [M]  drivers/staging/rtl8188eu/os_dep/usb_intf.o
In file included from ./drivers/staging/rtl8188eu/include/osdep_service.h:29,
                 from drivers/staging/rtl8188eu/os_dep/usb_intf.c:17:
./include/linux/module.h:138:7: warning: ‘cleanup_module’ specifies less restrictive attribute than its target ‘rtl8188e_usb_drv_exit’: ‘cold’ [-Wmissing-attributes]
  138 |  void cleanup_module(void) __attribute__((alias(#exitfn)));
      |       ^~~~~~~~~~~~~~
./include/linux/device.h:1360:1: note: in expansion of macro ‘module_exit’
 1360 | module_exit(__driver##_exit);
      | ^~~~~~~~~~~
./include/linux/usb.h:1195:2: note: in expansion of macro ‘module_driver’
 1195 |  module_driver(__usb_driver, usb_register, \
      |  ^~~~~~~~~~~~~
drivers/staging/rtl8188eu/os_dep/usb_intf.c:533:1: note: in expansion of macro ‘module_usb_driver’
  533 | module_usb_driver(rtl8188e_usb_drv)
      | ^~~~~~~~~~~~~~~~~
In file included from ./include/linux/dmaengine.h:20,
                 from ./include/linux/netdevice.h:38,
                 from ./drivers/staging/rtl8188eu/include/osdep_service.h:31,
                 from drivers/staging/rtl8188eu/os_dep/usb_intf.c:17:
drivers/staging/rtl8188eu/os_dep/usb_intf.c:533:19: note: ‘cleanup_module’ target declared here
  533 | module_usb_driver(rtl8188e_usb_drv)
      |                   ^~~~~~~~~~~~~~~~
./include/linux/device.h:1356:20: note: in definition of macro ‘module_driver’
 1356 | static void __exit __driver##_exit(void) \
      |                    ^~~~~~~~
drivers/staging/rtl8188eu/os_dep/usb_intf.c:533:1: note: in expansion of macro ‘module_usb_driver’
  533 | module_usb_driver(rtl8188e_usb_drv)
      | ^~~~~~~~~~~~~~~~~
In file included from ./drivers/staging/rtl8188eu/include/osdep_service.h:29,
                 from drivers/staging/rtl8188eu/os_dep/usb_intf.c:17:
./include/linux/module.h:132:6: warning: ‘init_module’ specifies less restrictive attribute than its target ‘rtl8188e_usb_drv_init’: ‘cold’ [-Wmissing-attributes]
  132 |  int init_module(void) __attribute__((alias(#initfn)));
      |      ^~~~~~~~~~~
./include/linux/device.h:1355:1: note: in expansion of macro ‘module_init’
 1355 | module_init(__driver##_init); \
      | ^~~~~~~~~~~
./include/linux/usb.h:1195:2: note: in expansion of macro ‘module_driver’
 1195 |  module_driver(__usb_driver, usb_register, \
      |  ^~~~~~~~~~~~~
drivers/staging/rtl8188eu/os_dep/usb_intf.c:533:1: note: in expansion of macro ‘module_usb_driver’
  533 | module_usb_driver(rtl8188e_usb_drv)
      | ^~~~~~~~~~~~~~~~~
In file included from ./include/linux/dmaengine.h:20,
                 from ./include/linux/netdevice.h:38,
                 from ./drivers/staging/rtl8188eu/include/osdep_service.h:31,
                 from drivers/staging/rtl8188eu/os_dep/usb_intf.c:17:
drivers/staging/rtl8188eu/os_dep/usb_intf.c:533:19: note: ‘init_module’ target declared here
  533 | module_usb_driver(rtl8188e_usb_drv)
      |                   ^~~~~~~~~~~~~~~~
./include/linux/device.h:1351:19: note: in definition of macro ‘module_driver’
 1351 | static int __init __driver##_init(void) \
      |                   ^~~~~~~~
drivers/staging/rtl8188eu/os_dep/usb_intf.c:533:1: note: in expansion of macro ‘module_usb_driver’
  533 | module_usb_driver(rtl8188e_usb_drv)
      | ^~~~~~~~~~~~~~~~~
  CC [M]  drivers/staging/rtl8188eu/os_dep/usb_ops_linux.o
  CC [M]  drivers/staging/rtl8188eu/os_dep/xmit_linux.o
  LD [M]  drivers/staging/rtl8188eu/r8188eu.o
  LD      drivers/staging/rtl8712/built-in.o
  CC [M]  drivers/staging/rtl8712/rtl871x_cmd.o
In file included from drivers/staging/rtl8712/rtl871x_cmd.h:34,
                 from drivers/staging/rtl8712/drv_types.h:55,
                 from drivers/staging/rtl8712/rtl871x_cmd.c:49:
drivers/staging/rtl8712/ieee80211.h:577:1: warning: alignment 1 of ‘struct ieee80211_authentication’ is less than 2 [-Wpacked-not-aligned]
  577 | } __packed;
      | ^
drivers/staging/rtl8712/ieee80211.h:585:1: warning: alignment 1 of ‘struct ieee80211_probe_response’ is less than 2 [-Wpacked-not-aligned]
  585 | } __packed;
      | ^
drivers/staging/rtl8712/ieee80211.h:589:1: warning: alignment 1 of ‘struct ieee80211_probe_request’ is less than 2 [-Wpacked-not-aligned]
  589 | } __packed;
      | ^
drivers/staging/rtl8712/ieee80211.h:596:1: warning: alignment 1 of ‘struct ieee80211_assoc_request_frame’ is less than 2 [-Wpacked-not-aligned]
  596 | } __packed;
      | ^
drivers/staging/rtl8712/ieee80211.h:603:1: warning: alignment 1 of ‘struct ieee80211_assoc_response_frame’ is less than 2 [-Wpacked-not-aligned]
  603 | } __packed;
      | ^
  CC [M]  drivers/staging/rtl8712/rtl8712_cmd.o
In file included from drivers/staging/rtl8712/rtl871x_cmd.h:34,
                 from drivers/staging/rtl8712/drv_types.h:55,
                 from drivers/staging/rtl8712/rtl8712_cmd.c:49:
drivers/staging/rtl8712/ieee80211.h:577:1: warning: alignment 1 of ‘struct ieee80211_authentication’ is less than 2 [-Wpacked-not-aligned]
  577 | } __packed;
      | ^
drivers/staging/rtl8712/ieee80211.h:585:1: warning: alignment 1 of ‘struct ieee80211_probe_response’ is less than 2 [-Wpacked-not-aligned]
  585 | } __packed;
      | ^
drivers/staging/rtl8712/ieee80211.h:589:1: warning: alignment 1 of ‘struct ieee80211_probe_request’ is less than 2 [-Wpacked-not-aligned]
  589 | } __packed;
      | ^
drivers/staging/rtl8712/ieee80211.h:596:1: warning: alignment 1 of ‘struct ieee80211_assoc_request_frame’ is less than 2 [-Wpacked-not-aligned]
  596 | } __packed;
      | ^
drivers/staging/rtl8712/ieee80211.h:603:1: warning: alignment 1 of ‘struct ieee80211_assoc_response_frame’ is less than 2 [-Wpacked-not-aligned]
  603 | } __packed;
      | ^
  CC [M]  drivers/staging/rtl8712/rtl871x_security.o
In file included from drivers/staging/rtl8712/rtl871x_cmd.h:34,
                 from drivers/staging/rtl8712/drv_types.h:55,
                 from drivers/staging/rtl8712/rtl871x_security.c:46:
drivers/staging/rtl8712/ieee80211.h:577:1: warning: alignment 1 of ‘struct ieee80211_authentication’ is less than 2 [-Wpacked-not-aligned]
  577 | } __packed;
      | ^
drivers/staging/rtl8712/ieee80211.h:585:1: warning: alignment 1 of ‘struct ieee80211_probe_response’ is less than 2 [-Wpacked-not-aligned]
  585 | } __packed;
      | ^
drivers/staging/rtl8712/ieee80211.h:589:1: warning: alignment 1 of ‘struct ieee80211_probe_request’ is less than 2 [-Wpacked-not-aligned]
  589 | } __packed;
      | ^
drivers/staging/rtl8712/ieee80211.h:596:1: warning: alignment 1 of ‘struct ieee80211_assoc_request_frame’ is less than 2 [-Wpacked-not-aligned]
  596 | } __packed;
      | ^
drivers/staging/rtl8712/ieee80211.h:603:1: warning: alignment 1 of ‘struct ieee80211_assoc_response_frame’ is less than 2 [-Wpacked-not-aligned]
  603 | } __packed;
      | ^
  CC [M]  drivers/staging/rtl8712/rtl871x_eeprom.o
In file included from drivers/staging/rtl8712/rtl871x_cmd.h:34,
                 from drivers/staging/rtl8712/drv_types.h:55,
                 from drivers/staging/rtl8712/rtl871x_eeprom.c:32:
drivers/staging/rtl8712/ieee80211.h:577:1: warning: alignment 1 of ‘struct ieee80211_authentication’ is less than 2 [-Wpacked-not-aligned]
  577 | } __packed;
      | ^
drivers/staging/rtl8712/ieee80211.h:585:1: warning: alignment 1 of ‘struct ieee80211_probe_response’ is less than 2 [-Wpacked-not-aligned]
  585 | } __packed;
      | ^
drivers/staging/rtl8712/ieee80211.h:589:1: warning: alignment 1 of ‘struct ieee80211_probe_request’ is less than 2 [-Wpacked-not-aligned]
  589 | } __packed;
      | ^
drivers/staging/rtl8712/ieee80211.h:596:1: warning: alignment 1 of ‘struct ieee80211_assoc_request_frame’ is less than 2 [-Wpacked-not-aligned]
  596 | } __packed;
      | ^
drivers/staging/rtl8712/ieee80211.h:603:1: warning: alignment 1 of ‘struct ieee80211_assoc_response_frame’ is less than 2 [-Wpacked-not-aligned]
  603 | } __packed;
      | ^
  CC [M]  drivers/staging/rtl8712/rtl8712_efuse.o
In file included from drivers/staging/rtl8712/rtl871x_cmd.h:34,
                 from drivers/staging/rtl8712/drv_types.h:55,
                 from drivers/staging/rtl8712/rtl8712_efuse.c:32:
drivers/staging/rtl8712/ieee80211.h:577:1: warning: alignment 1 of ‘struct ieee80211_authentication’ is less than 2 [-Wpacked-not-aligned]
  577 | } __packed;
      | ^
drivers/staging/rtl8712/ieee80211.h:585:1: warning: alignment 1 of ‘struct ieee80211_probe_response’ is less than 2 [-Wpacked-not-aligned]
  585 | } __packed;
      | ^
drivers/staging/rtl8712/ieee80211.h:589:1: warning: alignment 1 of ‘struct ieee80211_probe_request’ is less than 2 [-Wpacked-not-aligned]
  589 | } __packed;
      | ^
drivers/staging/rtl8712/ieee80211.h:596:1: warning: alignment 1 of ‘struct ieee80211_assoc_request_frame’ is less than 2 [-Wpacked-not-aligned]
  596 | } __packed;
      | ^
drivers/staging/rtl8712/ieee80211.h:603:1: warning: alignment 1 of ‘struct ieee80211_assoc_response_frame’ is less than 2 [-Wpacked-not-aligned]
  603 | } __packed;
      | ^
  CC [M]  drivers/staging/rtl8712/hal_init.o
In file included from drivers/staging/rtl8712/rtl871x_cmd.h:34,
                 from drivers/staging/rtl8712/drv_types.h:55,
                 from drivers/staging/rtl8712/hal_init.c:34:
drivers/staging/rtl8712/ieee80211.h:577:1: warning: alignment 1 of ‘struct ieee80211_authentication’ is less than 2 [-Wpacked-not-aligned]
  577 | } __packed;
      | ^
drivers/staging/rtl8712/ieee80211.h:585:1: warning: alignment 1 of ‘struct ieee80211_probe_response’ is less than 2 [-Wpacked-not-aligned]
  585 | } __packed;
      | ^
drivers/staging/rtl8712/ieee80211.h:589:1: warning: alignment 1 of ‘struct ieee80211_probe_request’ is less than 2 [-Wpacked-not-aligned]
  589 | } __packed;
      | ^
drivers/staging/rtl8712/ieee80211.h:596:1: warning: alignment 1 of ‘struct ieee80211_assoc_request_frame’ is less than 2 [-Wpacked-not-aligned]
  596 | } __packed;
      | ^
drivers/staging/rtl8712/ieee80211.h:603:1: warning: alignment 1 of ‘struct ieee80211_assoc_response_frame’ is less than 2 [-Wpacked-not-aligned]
  603 | } __packed;
      | ^
  CC [M]  drivers/staging/rtl8712/usb_halinit.o
In file included from drivers/staging/rtl8712/rtl871x_cmd.h:34,
                 from drivers/staging/rtl8712/drv_types.h:55,
                 from drivers/staging/rtl8712/usb_halinit.c:32:
drivers/staging/rtl8712/ieee80211.h:577:1: warning: alignment 1 of ‘struct ieee80211_authentication’ is less than 2 [-Wpacked-not-aligned]
  577 | } __packed;
      | ^
drivers/staging/rtl8712/ieee80211.h:585:1: warning: alignment 1 of ‘struct ieee80211_probe_response’ is less than 2 [-Wpacked-not-aligned]
  585 | } __packed;
      | ^
drivers/staging/rtl8712/ieee80211.h:589:1: warning: alignment 1 of ‘struct ieee80211_probe_request’ is less than 2 [-Wpacked-not-aligned]
  589 | } __packed;
      | ^
drivers/staging/rtl8712/ieee80211.h:596:1: warning: alignment 1 of ‘struct ieee80211_assoc_request_frame’ is less than 2 [-Wpacked-not-aligned]
  596 | } __packed;
      | ^
drivers/staging/rtl8712/ieee80211.h:603:1: warning: alignment 1 of ‘struct ieee80211_assoc_response_frame’ is less than 2 [-Wpacked-not-aligned]
  603 | } __packed;
      | ^
  CC [M]  drivers/staging/rtl8712/usb_ops.o
In file included from drivers/staging/rtl8712/rtl871x_cmd.h:34,
                 from drivers/staging/rtl8712/drv_types.h:55,
                 from drivers/staging/rtl8712/usb_ops.c:32:
drivers/staging/rtl8712/ieee80211.h:577:1: warning: alignment 1 of ‘struct ieee80211_authentication’ is less than 2 [-Wpacked-not-aligned]
  577 | } __packed;
      | ^
drivers/staging/rtl8712/ieee80211.h:585:1: warning: alignment 1 of ‘struct ieee80211_probe_response’ is less than 2 [-Wpacked-not-aligned]
  585 | } __packed;
      | ^
drivers/staging/rtl8712/ieee80211.h:589:1: warning: alignment 1 of ‘struct ieee80211_probe_request’ is less than 2 [-Wpacked-not-aligned]
  589 | } __packed;
      | ^
drivers/staging/rtl8712/ieee80211.h:596:1: warning: alignment 1 of ‘struct ieee80211_assoc_request_frame’ is less than 2 [-Wpacked-not-aligned]
  596 | } __packed;
      | ^
drivers/staging/rtl8712/ieee80211.h:603:1: warning: alignment 1 of ‘struct ieee80211_assoc_response_frame’ is less than 2 [-Wpacked-not-aligned]
  603 | } __packed;
      | ^
  CC [M]  drivers/staging/rtl8712/usb_ops_linux.o
In file included from drivers/staging/rtl8712/rtl871x_cmd.h:34,
                 from drivers/staging/rtl8712/drv_types.h:55,
                 from drivers/staging/rtl8712/usb_ops_linux.c:34:
drivers/staging/rtl8712/ieee80211.h:577:1: warning: alignment 1 of ‘struct ieee80211_authentication’ is less than 2 [-Wpacked-not-aligned]
  577 | } __packed;
      | ^
drivers/staging/rtl8712/ieee80211.h:585:1: warning: alignment 1 of ‘struct ieee80211_probe_response’ is less than 2 [-Wpacked-not-aligned]
  585 | } __packed;
      | ^
drivers/staging/rtl8712/ieee80211.h:589:1: warning: alignment 1 of ‘struct ieee80211_probe_request’ is less than 2 [-Wpacked-not-aligned]
  589 | } __packed;
      | ^
drivers/staging/rtl8712/ieee80211.h:596:1: warning: alignment 1 of ‘struct ieee80211_assoc_request_frame’ is less than 2 [-Wpacked-not-aligned]
  596 | } __packed;
      | ^
drivers/staging/rtl8712/ieee80211.h:603:1: warning: alignment 1 of ‘struct ieee80211_assoc_response_frame’ is less than 2 [-Wpacked-not-aligned]
  603 | } __packed;
      | ^
  CC [M]  drivers/staging/rtl8712/rtl871x_io.o
In file included from drivers/staging/rtl8712/rtl871x_cmd.h:34,
                 from drivers/staging/rtl8712/drv_types.h:55,
                 from drivers/staging/rtl8712/rtl871x_io.c:45:
drivers/staging/rtl8712/ieee80211.h:577:1: warning: alignment 1 of ‘struct ieee80211_authentication’ is less than 2 [-Wpacked-not-aligned]
  577 | } __packed;
      | ^
drivers/staging/rtl8712/ieee80211.h:585:1: warning: alignment 1 of ‘struct ieee80211_probe_response’ is less than 2 [-Wpacked-not-aligned]
  585 | } __packed;
      | ^
drivers/staging/rtl8712/ieee80211.h:589:1: warning: alignment 1 of ‘struct ieee80211_probe_request’ is less than 2 [-Wpacked-not-aligned]
  589 | } __packed;
      | ^
drivers/staging/rtl8712/ieee80211.h:596:1: warning: alignment 1 of ‘struct ieee80211_assoc_request_frame’ is less than 2 [-Wpacked-not-aligned]
  596 | } __packed;
      | ^
drivers/staging/rtl8712/ieee80211.h:603:1: warning: alignment 1 of ‘struct ieee80211_assoc_response_frame’ is less than 2 [-Wpacked-not-aligned]
  603 | } __packed;
      | ^
  CC [M]  drivers/staging/rtl8712/rtl8712_io.o
In file included from drivers/staging/rtl8712/rtl871x_cmd.h:34,
                 from drivers/staging/rtl8712/drv_types.h:55,
                 from drivers/staging/rtl8712/rtl8712_io.c:32:
drivers/staging/rtl8712/ieee80211.h:577:1: warning: alignment 1 of ‘struct ieee80211_authentication’ is less than 2 [-Wpacked-not-aligned]
  577 | } __packed;
      | ^
drivers/staging/rtl8712/ieee80211.h:585:1: warning: alignment 1 of ‘struct ieee80211_probe_response’ is less than 2 [-Wpacked-not-aligned]
  585 | } __packed;
      | ^
drivers/staging/rtl8712/ieee80211.h:589:1: warning: alignment 1 of ‘struct ieee80211_probe_request’ is less than 2 [-Wpacked-not-aligned]
  589 | } __packed;
      | ^
drivers/staging/rtl8712/ieee80211.h:596:1: warning: alignment 1 of ‘struct ieee80211_assoc_request_frame’ is less than 2 [-Wpacked-not-aligned]
  596 | } __packed;
      | ^
drivers/staging/rtl8712/ieee80211.h:603:1: warning: alignment 1 of ‘struct ieee80211_assoc_response_frame’ is less than 2 [-Wpacked-not-aligned]
  603 | } __packed;
      | ^
  CC [M]  drivers/staging/rtl8712/rtl871x_ioctl_linux.o
In file included from drivers/staging/rtl8712/rtl871x_cmd.h:34,
                 from drivers/staging/rtl8712/drv_types.h:55,
                 from drivers/staging/rtl8712/rtl871x_ioctl_linux.c:33:
drivers/staging/rtl8712/ieee80211.h:577:1: warning: alignment 1 of ‘struct ieee80211_authentication’ is less than 2 [-Wpacked-not-aligned]
  577 | } __packed;
      | ^
drivers/staging/rtl8712/ieee80211.h:585:1: warning: alignment 1 of ‘struct ieee80211_probe_response’ is less than 2 [-Wpacked-not-aligned]
  585 | } __packed;
      | ^
drivers/staging/rtl8712/ieee80211.h:589:1: warning: alignment 1 of ‘struct ieee80211_probe_request’ is less than 2 [-Wpacked-not-aligned]
  589 | } __packed;
      | ^
drivers/staging/rtl8712/ieee80211.h:596:1: warning: alignment 1 of ‘struct ieee80211_assoc_request_frame’ is less than 2 [-Wpacked-not-aligned]
  596 | } __packed;
      | ^
drivers/staging/rtl8712/ieee80211.h:603:1: warning: alignment 1 of ‘struct ieee80211_assoc_response_frame’ is less than 2 [-Wpacked-not-aligned]
  603 | } __packed;
      | ^
drivers/staging/rtl8712/rtl871x_ioctl_linux.c: In function ‘r871x_wx_set_enc_ext’:
drivers/staging/rtl8712/rtl871x_ioctl_linux.c:1800:2: warning: ‘strncpy’ specified bound 16 equals destination size [-Wstringop-truncation]
 1800 |  strncpy((char *)param->u.crypt.alg, alg_name, IEEE_CRYPT_ALG_NAME_LEN);
      |  ^~~~~~~~~~~~~~~~~~~~~~~~~~~~~~~~~~~~~~~~~~~~~~~~~~~~~~~~~~~~~~~~~~~~~~
  CC [M]  drivers/staging/rtl8712/rtl871x_ioctl_rtl.o
In file included from drivers/staging/rtl8712/rtl871x_cmd.h:34,
                 from drivers/staging/rtl8712/drv_types.h:55,
                 from drivers/staging/rtl8712/rtl871x_ioctl_rtl.c:33:
drivers/staging/rtl8712/ieee80211.h:577:1: warning: alignment 1 of ‘struct ieee80211_authentication’ is less than 2 [-Wpacked-not-aligned]
  577 | } __packed;
      | ^
drivers/staging/rtl8712/ieee80211.h:585:1: warning: alignment 1 of ‘struct ieee80211_probe_response’ is less than 2 [-Wpacked-not-aligned]
  585 | } __packed;
      | ^
drivers/staging/rtl8712/ieee80211.h:589:1: warning: alignment 1 of ‘struct ieee80211_probe_request’ is less than 2 [-Wpacked-not-aligned]
  589 | } __packed;
      | ^
drivers/staging/rtl8712/ieee80211.h:596:1: warning: alignment 1 of ‘struct ieee80211_assoc_request_frame’ is less than 2 [-Wpacked-not-aligned]
  596 | } __packed;
      | ^
drivers/staging/rtl8712/ieee80211.h:603:1: warning: alignment 1 of ‘struct ieee80211_assoc_response_frame’ is less than 2 [-Wpacked-not-aligned]
  603 | } __packed;
      | ^
  CC [M]  drivers/staging/rtl8712/rtl871x_ioctl_set.o
In file included from drivers/staging/rtl8712/rtl871x_cmd.h:34,
                 from drivers/staging/rtl8712/drv_types.h:55,
                 from drivers/staging/rtl8712/rtl871x_ioctl_set.c:32:
drivers/staging/rtl8712/ieee80211.h:577:1: warning: alignment 1 of ‘struct ieee80211_authentication’ is less than 2 [-Wpacked-not-aligned]
  577 | } __packed;
      | ^
drivers/staging/rtl8712/ieee80211.h:585:1: warning: alignment 1 of ‘struct ieee80211_probe_response’ is less than 2 [-Wpacked-not-aligned]
  585 | } __packed;
      | ^
drivers/staging/rtl8712/ieee80211.h:589:1: warning: alignment 1 of ‘struct ieee80211_probe_request’ is less than 2 [-Wpacked-not-aligned]
  589 | } __packed;
      | ^
drivers/staging/rtl8712/ieee80211.h:596:1: warning: alignment 1 of ‘struct ieee80211_assoc_request_frame’ is less than 2 [-Wpacked-not-aligned]
  596 | } __packed;
      | ^
drivers/staging/rtl8712/ieee80211.h:603:1: warning: alignment 1 of ‘struct ieee80211_assoc_response_frame’ is less than 2 [-Wpacked-not-aligned]
  603 | } __packed;
      | ^
  CC [M]  drivers/staging/rtl8712/rtl8712_led.o
In file included from drivers/staging/rtl8712/rtl871x_cmd.h:34,
                 from drivers/staging/rtl8712/drv_types.h:55,
                 from drivers/staging/rtl8712/rtl8712_led.c:29:
drivers/staging/rtl8712/ieee80211.h:577:1: warning: alignment 1 of ‘struct ieee80211_authentication’ is less than 2 [-Wpacked-not-aligned]
  577 | } __packed;
      | ^
drivers/staging/rtl8712/ieee80211.h:585:1: warning: alignment 1 of ‘struct ieee80211_probe_response’ is less than 2 [-Wpacked-not-aligned]
  585 | } __packed;
      | ^
drivers/staging/rtl8712/ieee80211.h:589:1: warning: alignment 1 of ‘struct ieee80211_probe_request’ is less than 2 [-Wpacked-not-aligned]
  589 | } __packed;
      | ^
drivers/staging/rtl8712/ieee80211.h:596:1: warning: alignment 1 of ‘struct ieee80211_assoc_request_frame’ is less than 2 [-Wpacked-not-aligned]
  596 | } __packed;
      | ^
drivers/staging/rtl8712/ieee80211.h:603:1: warning: alignment 1 of ‘struct ieee80211_assoc_response_frame’ is less than 2 [-Wpacked-not-aligned]
  603 | } __packed;
      | ^
  CC [M]  drivers/staging/rtl8712/rtl871x_mlme.o
In file included from drivers/staging/rtl8712/rtl871x_cmd.h:34,
                 from drivers/staging/rtl8712/drv_types.h:55,
                 from drivers/staging/rtl8712/rtl871x_mlme.c:34:
drivers/staging/rtl8712/ieee80211.h:577:1: warning: alignment 1 of ‘struct ieee80211_authentication’ is less than 2 [-Wpacked-not-aligned]
  577 | } __packed;
      | ^
drivers/staging/rtl8712/ieee80211.h:585:1: warning: alignment 1 of ‘struct ieee80211_probe_response’ is less than 2 [-Wpacked-not-aligned]
  585 | } __packed;
      | ^
drivers/staging/rtl8712/ieee80211.h:589:1: warning: alignment 1 of ‘struct ieee80211_probe_request’ is less than 2 [-Wpacked-not-aligned]
  589 | } __packed;
      | ^
drivers/staging/rtl8712/ieee80211.h:596:1: warning: alignment 1 of ‘struct ieee80211_assoc_request_frame’ is less than 2 [-Wpacked-not-aligned]
  596 | } __packed;
      | ^
drivers/staging/rtl8712/ieee80211.h:603:1: warning: alignment 1 of ‘struct ieee80211_assoc_response_frame’ is less than 2 [-Wpacked-not-aligned]
  603 | } __packed;
      | ^
  CC [M]  drivers/staging/rtl8712/ieee80211.o
In file included from drivers/staging/rtl8712/rtl871x_cmd.h:34,
                 from drivers/staging/rtl8712/drv_types.h:55,
                 from drivers/staging/rtl8712/ieee80211.c:27:
drivers/staging/rtl8712/ieee80211.h:577:1: warning: alignment 1 of ‘struct ieee80211_authentication’ is less than 2 [-Wpacked-not-aligned]
  577 | } __packed;
      | ^
drivers/staging/rtl8712/ieee80211.h:585:1: warning: alignment 1 of ‘struct ieee80211_probe_response’ is less than 2 [-Wpacked-not-aligned]
  585 | } __packed;
      | ^
drivers/staging/rtl8712/ieee80211.h:589:1: warning: alignment 1 of ‘struct ieee80211_probe_request’ is less than 2 [-Wpacked-not-aligned]
  589 | } __packed;
      | ^
drivers/staging/rtl8712/ieee80211.h:596:1: warning: alignment 1 of ‘struct ieee80211_assoc_request_frame’ is less than 2 [-Wpacked-not-aligned]
  596 | } __packed;
      | ^
drivers/staging/rtl8712/ieee80211.h:603:1: warning: alignment 1 of ‘struct ieee80211_assoc_response_frame’ is less than 2 [-Wpacked-not-aligned]
  603 | } __packed;
      | ^
  CC [M]  drivers/staging/rtl8712/rtl871x_mp_ioctl.o
In file included from drivers/staging/rtl8712/rtl871x_cmd.h:34,
                 from drivers/staging/rtl8712/drv_types.h:55,
                 from drivers/staging/rtl8712/rtl871x_mp_ioctl.c:31:
drivers/staging/rtl8712/ieee80211.h:577:1: warning: alignment 1 of ‘struct ieee80211_authentication’ is less than 2 [-Wpacked-not-aligned]
  577 | } __packed;
      | ^
drivers/staging/rtl8712/ieee80211.h:585:1: warning: alignment 1 of ‘struct ieee80211_probe_response’ is less than 2 [-Wpacked-not-aligned]
  585 | } __packed;
      | ^
drivers/staging/rtl8712/ieee80211.h:589:1: warning: alignment 1 of ‘struct ieee80211_probe_request’ is less than 2 [-Wpacked-not-aligned]
  589 | } __packed;
      | ^
drivers/staging/rtl8712/ieee80211.h:596:1: warning: alignment 1 of ‘struct ieee80211_assoc_request_frame’ is less than 2 [-Wpacked-not-aligned]
  596 | } __packed;
      | ^
drivers/staging/rtl8712/ieee80211.h:603:1: warning: alignment 1 of ‘struct ieee80211_assoc_response_frame’ is less than 2 [-Wpacked-not-aligned]
  603 | } __packed;
      | ^
  CC [M]  drivers/staging/rtl8712/rtl871x_mp.o
In file included from drivers/staging/rtl8712/rtl871x_cmd.h:34,
                 from drivers/staging/rtl8712/drv_types.h:55,
                 from drivers/staging/rtl8712/rtl871x_mp.c:29:
drivers/staging/rtl8712/ieee80211.h:577:1: warning: alignment 1 of ‘struct ieee80211_authentication’ is less than 2 [-Wpacked-not-aligned]
  577 | } __packed;
      | ^
drivers/staging/rtl8712/ieee80211.h:585:1: warning: alignment 1 of ‘struct ieee80211_probe_response’ is less than 2 [-Wpacked-not-aligned]
  585 | } __packed;
      | ^
drivers/staging/rtl8712/ieee80211.h:589:1: warning: alignment 1 of ‘struct ieee80211_probe_request’ is less than 2 [-Wpacked-not-aligned]
  589 | } __packed;
      | ^
drivers/staging/rtl8712/ieee80211.h:596:1: warning: alignment 1 of ‘struct ieee80211_assoc_request_frame’ is less than 2 [-Wpacked-not-aligned]
  596 | } __packed;
      | ^
drivers/staging/rtl8712/ieee80211.h:603:1: warning: alignment 1 of ‘struct ieee80211_assoc_response_frame’ is less than 2 [-Wpacked-not-aligned]
  603 | } __packed;
      | ^
  CC [M]  drivers/staging/rtl8712/mlme_linux.o
In file included from drivers/staging/rtl8712/rtl871x_cmd.h:34,
                 from drivers/staging/rtl8712/drv_types.h:55,
                 from drivers/staging/rtl8712/mlme_linux.c:32:
drivers/staging/rtl8712/ieee80211.h:577:1: warning: alignment 1 of ‘struct ieee80211_authentication’ is less than 2 [-Wpacked-not-aligned]
  577 | } __packed;
      | ^
drivers/staging/rtl8712/ieee80211.h:585:1: warning: alignment 1 of ‘struct ieee80211_probe_response’ is less than 2 [-Wpacked-not-aligned]
  585 | } __packed;
      | ^
drivers/staging/rtl8712/ieee80211.h:589:1: warning: alignment 1 of ‘struct ieee80211_probe_request’ is less than 2 [-Wpacked-not-aligned]
  589 | } __packed;
      | ^
drivers/staging/rtl8712/ieee80211.h:596:1: warning: alignment 1 of ‘struct ieee80211_assoc_request_frame’ is less than 2 [-Wpacked-not-aligned]
  596 | } __packed;
      | ^
drivers/staging/rtl8712/ieee80211.h:603:1: warning: alignment 1 of ‘struct ieee80211_assoc_response_frame’ is less than 2 [-Wpacked-not-aligned]
  603 | } __packed;
      | ^
  CC [M]  drivers/staging/rtl8712/recv_linux.o
In file included from drivers/staging/rtl8712/rtl871x_cmd.h:34,
                 from drivers/staging/rtl8712/drv_types.h:55,
                 from drivers/staging/rtl8712/recv_linux.c:34:
drivers/staging/rtl8712/ieee80211.h:577:1: warning: alignment 1 of ‘struct ieee80211_authentication’ is less than 2 [-Wpacked-not-aligned]
  577 | } __packed;
      | ^
drivers/staging/rtl8712/ieee80211.h:585:1: warning: alignment 1 of ‘struct ieee80211_probe_response’ is less than 2 [-Wpacked-not-aligned]
  585 | } __packed;
      | ^
drivers/staging/rtl8712/ieee80211.h:589:1: warning: alignment 1 of ‘struct ieee80211_probe_request’ is less than 2 [-Wpacked-not-aligned]
  589 | } __packed;
      | ^
drivers/staging/rtl8712/ieee80211.h:596:1: warning: alignment 1 of ‘struct ieee80211_assoc_request_frame’ is less than 2 [-Wpacked-not-aligned]
  596 | } __packed;
      | ^
drivers/staging/rtl8712/ieee80211.h:603:1: warning: alignment 1 of ‘struct ieee80211_assoc_response_frame’ is less than 2 [-Wpacked-not-aligned]
  603 | } __packed;
      | ^
  CC [M]  drivers/staging/rtl8712/xmit_linux.o
In file included from drivers/staging/rtl8712/rtl871x_cmd.h:34,
                 from drivers/staging/rtl8712/drv_types.h:55,
                 from drivers/staging/rtl8712/xmit_linux.c:37:
drivers/staging/rtl8712/ieee80211.h:577:1: warning: alignment 1 of ‘struct ieee80211_authentication’ is less than 2 [-Wpacked-not-aligned]
  577 | } __packed;
      | ^
drivers/staging/rtl8712/ieee80211.h:585:1: warning: alignment 1 of ‘struct ieee80211_probe_response’ is less than 2 [-Wpacked-not-aligned]
  585 | } __packed;
      | ^
drivers/staging/rtl8712/ieee80211.h:589:1: warning: alignment 1 of ‘struct ieee80211_probe_request’ is less than 2 [-Wpacked-not-aligned]
  589 | } __packed;
      | ^
drivers/staging/rtl8712/ieee80211.h:596:1: warning: alignment 1 of ‘struct ieee80211_assoc_request_frame’ is less than 2 [-Wpacked-not-aligned]
  596 | } __packed;
      | ^
drivers/staging/rtl8712/ieee80211.h:603:1: warning: alignment 1 of ‘struct ieee80211_assoc_response_frame’ is less than 2 [-Wpacked-not-aligned]
  603 | } __packed;
      | ^
  CC [M]  drivers/staging/rtl8712/usb_intf.o
In file included from drivers/staging/rtl8712/rtl871x_cmd.h:34,
                 from drivers/staging/rtl8712/drv_types.h:55,
                 from drivers/staging/rtl8712/usb_intf.c:36:
drivers/staging/rtl8712/ieee80211.h:577:1: warning: alignment 1 of ‘struct ieee80211_authentication’ is less than 2 [-Wpacked-not-aligned]
  577 | } __packed;
      | ^
drivers/staging/rtl8712/ieee80211.h:585:1: warning: alignment 1 of ‘struct ieee80211_probe_response’ is less than 2 [-Wpacked-not-aligned]
  585 | } __packed;
      | ^
drivers/staging/rtl8712/ieee80211.h:589:1: warning: alignment 1 of ‘struct ieee80211_probe_request’ is less than 2 [-Wpacked-not-aligned]
  589 | } __packed;
      | ^
drivers/staging/rtl8712/ieee80211.h:596:1: warning: alignment 1 of ‘struct ieee80211_assoc_request_frame’ is less than 2 [-Wpacked-not-aligned]
  596 | } __packed;
      | ^
drivers/staging/rtl8712/ieee80211.h:603:1: warning: alignment 1 of ‘struct ieee80211_assoc_response_frame’ is less than 2 [-Wpacked-not-aligned]
  603 | } __packed;
      | ^
In file included from drivers/staging/rtl8712/usb_intf.c:32:
./include/linux/module.h:138:7: warning: ‘cleanup_module’ specifies less restrictive attribute than its target ‘r8712u_drv_halt’: ‘cold’ [-Wmissing-attributes]
  138 |  void cleanup_module(void) __attribute__((alias(#exitfn)));
      |       ^~~~~~~~~~~~~~
drivers/staging/rtl8712/usb_intf.c:665:1: note: in expansion of macro ‘module_exit’
  665 | module_exit(r8712u_drv_halt);
      | ^~~~~~~~~~~
drivers/staging/rtl8712/usb_intf.c:658:20: note: ‘cleanup_module’ target declared here
  658 | static void __exit r8712u_drv_halt(void)
      |                    ^~~~~~~~~~~~~~~
In file included from drivers/staging/rtl8712/usb_intf.c:32:
./include/linux/module.h:132:6: warning: ‘init_module’ specifies less restrictive attribute than its target ‘r8712u_drv_entry’: ‘cold’ [-Wmissing-attributes]
  132 |  int init_module(void) __attribute__((alias(#initfn)));
      |      ^~~~~~~~~~~
drivers/staging/rtl8712/usb_intf.c:664:1: note: in expansion of macro ‘module_init’
  664 | module_init(r8712u_drv_entry);
      | ^~~~~~~~~~~
drivers/staging/rtl8712/usb_intf.c:652:19: note: ‘init_module’ target declared here
  652 | static int __init r8712u_drv_entry(void)
      |                   ^~~~~~~~~~~~~~~~
  CC [M]  drivers/staging/rtl8712/os_intfs.o
In file included from drivers/staging/rtl8712/rtl871x_cmd.h:34,
                 from drivers/staging/rtl8712/drv_types.h:55,
                 from drivers/staging/rtl8712/os_intfs.c:35:
drivers/staging/rtl8712/ieee80211.h:577:1: warning: alignment 1 of ‘struct ieee80211_authentication’ is less than 2 [-Wpacked-not-aligned]
  577 | } __packed;
      | ^
drivers/staging/rtl8712/ieee80211.h:585:1: warning: alignment 1 of ‘struct ieee80211_probe_response’ is less than 2 [-Wpacked-not-aligned]
  585 | } __packed;
      | ^
drivers/staging/rtl8712/ieee80211.h:589:1: warning: alignment 1 of ‘struct ieee80211_probe_request’ is less than 2 [-Wpacked-not-aligned]
  589 | } __packed;
      | ^
drivers/staging/rtl8712/ieee80211.h:596:1: warning: alignment 1 of ‘struct ieee80211_assoc_request_frame’ is less than 2 [-Wpacked-not-aligned]
  596 | } __packed;
      | ^
drivers/staging/rtl8712/ieee80211.h:603:1: warning: alignment 1 of ‘struct ieee80211_assoc_response_frame’ is less than 2 [-Wpacked-not-aligned]
  603 | } __packed;
      | ^
  CC [M]  drivers/staging/rtl8712/rtl871x_pwrctrl.o
In file included from drivers/staging/rtl8712/rtl871x_cmd.h:34,
                 from drivers/staging/rtl8712/drv_types.h:55,
                 from drivers/staging/rtl8712/rtl871x_pwrctrl.c:32:
drivers/staging/rtl8712/ieee80211.h:577:1: warning: alignment 1 of ‘struct ieee80211_authentication’ is less than 2 [-Wpacked-not-aligned]
  577 | } __packed;
      | ^
drivers/staging/rtl8712/ieee80211.h:585:1: warning: alignment 1 of ‘struct ieee80211_probe_response’ is less than 2 [-Wpacked-not-aligned]
  585 | } __packed;
      | ^
drivers/staging/rtl8712/ieee80211.h:589:1: warning: alignment 1 of ‘struct ieee80211_probe_request’ is less than 2 [-Wpacked-not-aligned]
  589 | } __packed;
      | ^
drivers/staging/rtl8712/ieee80211.h:596:1: warning: alignment 1 of ‘struct ieee80211_assoc_request_frame’ is less than 2 [-Wpacked-not-aligned]
  596 | } __packed;
      | ^
drivers/staging/rtl8712/ieee80211.h:603:1: warning: alignment 1 of ‘struct ieee80211_assoc_response_frame’ is less than 2 [-Wpacked-not-aligned]
  603 | } __packed;
      | ^
  CC [M]  drivers/staging/rtl8712/rtl8712_recv.o
In file included from drivers/staging/rtl8712/rtl871x_cmd.h:34,
                 from drivers/staging/rtl8712/drv_types.h:55,
                 from drivers/staging/rtl8712/rtl8712_recv.c:35:
drivers/staging/rtl8712/ieee80211.h:577:1: warning: alignment 1 of ‘struct ieee80211_authentication’ is less than 2 [-Wpacked-not-aligned]
  577 | } __packed;
      | ^
drivers/staging/rtl8712/ieee80211.h:585:1: warning: alignment 1 of ‘struct ieee80211_probe_response’ is less than 2 [-Wpacked-not-aligned]
  585 | } __packed;
      | ^
drivers/staging/rtl8712/ieee80211.h:589:1: warning: alignment 1 of ‘struct ieee80211_probe_request’ is less than 2 [-Wpacked-not-aligned]
  589 | } __packed;
      | ^
drivers/staging/rtl8712/ieee80211.h:596:1: warning: alignment 1 of ‘struct ieee80211_assoc_request_frame’ is less than 2 [-Wpacked-not-aligned]
  596 | } __packed;
      | ^
drivers/staging/rtl8712/ieee80211.h:603:1: warning: alignment 1 of ‘struct ieee80211_assoc_response_frame’ is less than 2 [-Wpacked-not-aligned]
  603 | } __packed;
      | ^
  CC [M]  drivers/staging/rtl8712/rtl871x_recv.o
In file included from drivers/staging/rtl8712/rtl871x_cmd.h:34,
                 from drivers/staging/rtl8712/drv_types.h:55,
                 from drivers/staging/rtl8712/rtl871x_recv.c:38:
drivers/staging/rtl8712/ieee80211.h:577:1: warning: alignment 1 of ‘struct ieee80211_authentication’ is less than 2 [-Wpacked-not-aligned]
  577 | } __packed;
      | ^
drivers/staging/rtl8712/ieee80211.h:585:1: warning: alignment 1 of ‘struct ieee80211_probe_response’ is less than 2 [-Wpacked-not-aligned]
  585 | } __packed;
      | ^
drivers/staging/rtl8712/ieee80211.h:589:1: warning: alignment 1 of ‘struct ieee80211_probe_request’ is less than 2 [-Wpacked-not-aligned]
  589 | } __packed;
      | ^
drivers/staging/rtl8712/ieee80211.h:596:1: warning: alignment 1 of ‘struct ieee80211_assoc_request_frame’ is less than 2 [-Wpacked-not-aligned]
  596 | } __packed;
      | ^
drivers/staging/rtl8712/ieee80211.h:603:1: warning: alignment 1 of ‘struct ieee80211_assoc_response_frame’ is less than 2 [-Wpacked-not-aligned]
  603 | } __packed;
      | ^
  CC [M]  drivers/staging/rtl8712/rtl871x_sta_mgt.o
In file included from drivers/staging/rtl8712/rtl871x_cmd.h:34,
                 from drivers/staging/rtl8712/drv_types.h:55,
                 from drivers/staging/rtl8712/rtl871x_sta_mgt.c:32:
drivers/staging/rtl8712/ieee80211.h:577:1: warning: alignment 1 of ‘struct ieee80211_authentication’ is less than 2 [-Wpacked-not-aligned]
  577 | } __packed;
      | ^
drivers/staging/rtl8712/ieee80211.h:585:1: warning: alignment 1 of ‘struct ieee80211_probe_response’ is less than 2 [-Wpacked-not-aligned]
  585 | } __packed;
      | ^
drivers/staging/rtl8712/ieee80211.h:589:1: warning: alignment 1 of ‘struct ieee80211_probe_request’ is less than 2 [-Wpacked-not-aligned]
  589 | } __packed;
      | ^
drivers/staging/rtl8712/ieee80211.h:596:1: warning: alignment 1 of ‘struct ieee80211_assoc_request_frame’ is less than 2 [-Wpacked-not-aligned]
  596 | } __packed;
      | ^
drivers/staging/rtl8712/ieee80211.h:603:1: warning: alignment 1 of ‘struct ieee80211_assoc_response_frame’ is less than 2 [-Wpacked-not-aligned]
  603 | } __packed;
      | ^
  CC [M]  drivers/staging/rtl8712/rtl871x_xmit.o
In file included from drivers/staging/rtl8712/rtl871x_cmd.h:34,
                 from drivers/staging/rtl8712/drv_types.h:55,
                 from drivers/staging/rtl8712/rtl871x_xmit.c:32:
drivers/staging/rtl8712/ieee80211.h:577:1: warning: alignment 1 of ‘struct ieee80211_authentication’ is less than 2 [-Wpacked-not-aligned]
  577 | } __packed;
      | ^
drivers/staging/rtl8712/ieee80211.h:585:1: warning: alignment 1 of ‘struct ieee80211_probe_response’ is less than 2 [-Wpacked-not-aligned]
  585 | } __packed;
      | ^
drivers/staging/rtl8712/ieee80211.h:589:1: warning: alignment 1 of ‘struct ieee80211_probe_request’ is less than 2 [-Wpacked-not-aligned]
  589 | } __packed;
      | ^
drivers/staging/rtl8712/ieee80211.h:596:1: warning: alignment 1 of ‘struct ieee80211_assoc_request_frame’ is less than 2 [-Wpacked-not-aligned]
  596 | } __packed;
      | ^
drivers/staging/rtl8712/ieee80211.h:603:1: warning: alignment 1 of ‘struct ieee80211_assoc_response_frame’ is less than 2 [-Wpacked-not-aligned]
  603 | } __packed;
      | ^
  CC [M]  drivers/staging/rtl8712/rtl8712_xmit.o
In file included from drivers/staging/rtl8712/rtl871x_cmd.h:34,
                 from drivers/staging/rtl8712/drv_types.h:55,
                 from drivers/staging/rtl8712/rtl8712_xmit.c:32:
drivers/staging/rtl8712/ieee80211.h:577:1: warning: alignment 1 of ‘struct ieee80211_authentication’ is less than 2 [-Wpacked-not-aligned]
  577 | } __packed;
      | ^
drivers/staging/rtl8712/ieee80211.h:585:1: warning: alignment 1 of ‘struct ieee80211_probe_response’ is less than 2 [-Wpacked-not-aligned]
  585 | } __packed;
      | ^
drivers/staging/rtl8712/ieee80211.h:589:1: warning: alignment 1 of ‘struct ieee80211_probe_request’ is less than 2 [-Wpacked-not-aligned]
  589 | } __packed;
      | ^
drivers/staging/rtl8712/ieee80211.h:596:1: warning: alignment 1 of ‘struct ieee80211_assoc_request_frame’ is less than 2 [-Wpacked-not-aligned]
  596 | } __packed;
      | ^
drivers/staging/rtl8712/ieee80211.h:603:1: warning: alignment 1 of ‘struct ieee80211_assoc_response_frame’ is less than 2 [-Wpacked-not-aligned]
  603 | } __packed;
      | ^
  LD [M]  drivers/staging/rtl8712/r8712u.o
  LD      drivers/staging/speakup/built-in.o
  CC [M]  drivers/staging/speakup/speakup_soft.o
In file included from drivers/staging/speakup/spk_types.h:14,
                 from drivers/staging/speakup/spk_priv.h:23,
                 from drivers/staging/speakup/speakup_soft.c:27:
./include/linux/module.h:132:6: warning: ‘init_module’ specifies less restrictive attribute than its target ‘synth_soft_init’: ‘cold’ [-Wmissing-attributes]
  132 |  int init_module(void) __attribute__((alias(#initfn)));
      |      ^~~~~~~~~~~
./include/linux/device.h:1355:1: note: in expansion of macro ‘module_init’
 1355 | module_init(__driver##_init); \
      | ^~~~~~~~~~~
drivers/staging/speakup/spk_types.h:192:2: note: in expansion of macro ‘module_driver’
  192 |  module_driver(__spk_synth, synth_add, synth_remove)
      |  ^~~~~~~~~~~~~
drivers/staging/speakup/speakup_soft.c:351:1: note: in expansion of macro ‘module_spk_synth’
  351 | module_spk_synth(synth_soft);
      | ^~~~~~~~~~~~~~~~
In file included from ./include/linux/miscdevice.h:6,
                 from drivers/staging/speakup/speakup_soft.c:23:
drivers/staging/speakup/speakup_soft.c:351:18: note: ‘init_module’ target declared here
  351 | module_spk_synth(synth_soft);
      |                  ^~~~~~~~~~
./include/linux/device.h:1351:19: note: in definition of macro ‘module_driver’
 1351 | static int __init __driver##_init(void) \
      |                   ^~~~~~~~
drivers/staging/speakup/speakup_soft.c:351:1: note: in expansion of macro ‘module_spk_synth’
  351 | module_spk_synth(synth_soft);
      | ^~~~~~~~~~~~~~~~
In file included from drivers/staging/speakup/spk_types.h:14,
                 from drivers/staging/speakup/spk_priv.h:23,
                 from drivers/staging/speakup/speakup_soft.c:27:
./include/linux/module.h:138:7: warning: ‘cleanup_module’ specifies less restrictive attribute than its target ‘synth_soft_exit’: ‘cold’ [-Wmissing-attributes]
  138 |  void cleanup_module(void) __attribute__((alias(#exitfn)));
      |       ^~~~~~~~~~~~~~
./include/linux/device.h:1360:1: note: in expansion of macro ‘module_exit’
 1360 | module_exit(__driver##_exit);
      | ^~~~~~~~~~~
drivers/staging/speakup/spk_types.h:192:2: note: in expansion of macro ‘module_driver’
  192 |  module_driver(__spk_synth, synth_add, synth_remove)
      |  ^~~~~~~~~~~~~
drivers/staging/speakup/speakup_soft.c:351:1: note: in expansion of macro ‘module_spk_synth’
  351 | module_spk_synth(synth_soft);
      | ^~~~~~~~~~~~~~~~
In file included from ./include/linux/miscdevice.h:6,
                 from drivers/staging/speakup/speakup_soft.c:23:
drivers/staging/speakup/speakup_soft.c:351:18: note: ‘cleanup_module’ target declared here
  351 | module_spk_synth(synth_soft);
      |                  ^~~~~~~~~~
./include/linux/device.h:1356:20: note: in definition of macro ‘module_driver’
 1356 | static void __exit __driver##_exit(void) \
      |                    ^~~~~~~~
drivers/staging/speakup/speakup_soft.c:351:1: note: in expansion of macro ‘module_spk_synth’
  351 | module_spk_synth(synth_soft);
      | ^~~~~~~~~~~~~~~~
  CC [M]  drivers/staging/speakup/buffers.o
  CC [M]  drivers/staging/speakup/devsynth.o
  CC [M]  drivers/staging/speakup/i18n.o
  CC [M]  drivers/staging/speakup/fakekey.o
  CC [M]  drivers/staging/speakup/main.o
In file included from drivers/staging/speakup/main.c:37:
./include/linux/module.h:132:6: warning: ‘init_module’ specifies less restrictive attribute than its target ‘speakup_init’: ‘cold’ [-Wmissing-attributes]
  132 |  int init_module(void) __attribute__((alias(#initfn)));
      |      ^~~~~~~~~~~
drivers/staging/speakup/main.c:2422:1: note: in expansion of macro ‘module_init’
 2422 | module_init(speakup_init);
      | ^~~~~~~~~~~
drivers/staging/speakup/main.c:2305:19: note: ‘init_module’ target declared here
 2305 | static int __init speakup_init(void)
      |                   ^~~~~~~~~~~~
In file included from drivers/staging/speakup/main.c:37:
./include/linux/module.h:138:7: warning: ‘cleanup_module’ specifies less restrictive attribute than its target ‘speakup_exit’: ‘cold’ [-Wmissing-attributes]
  138 |  void cleanup_module(void) __attribute__((alias(#exitfn)));
      |       ^~~~~~~~~~~~~~
drivers/staging/speakup/main.c:2423:1: note: in expansion of macro ‘module_exit’
 2423 | module_exit(speakup_exit);
      | ^~~~~~~~~~~
drivers/staging/speakup/main.c:2271:20: note: ‘cleanup_module’ target declared here
 2271 | static void __exit speakup_exit(void)
      |                    ^~~~~~~~~~~~
  CC [M]  drivers/staging/speakup/keyhelp.o
  CC [M]  drivers/staging/speakup/kobjects.o
drivers/staging/speakup/kobjects.c: In function ‘punc_store’:
drivers/staging/speakup/kobjects.c:520:2: warning: ‘strncpy’ output truncated before terminating nul copying as many bytes from a string as its length [-Wstringop-truncation]
  520 |  strncpy(punc_buf, buf, x);
      |  ^~~~~~~~~~~~~~~~~~~~~~~~~
drivers/staging/speakup/kobjects.c:502:6: note: length computed here
  502 |  x = strlen(buf);
      |      ^~~~~~~~~~~
drivers/staging/speakup/kobjects.c: In function ‘synth_store’:
drivers/staging/speakup/kobjects.c:390:2: warning: ‘strncpy’ output truncated before terminating nul copying as many bytes from a string as its length [-Wstringop-truncation]
  390 |  strncpy(new_synth_name, buf, len);
      |  ^~~~~~~~~~~~~~~~~~~~~~~~~~~~~~~~~
drivers/staging/speakup/kobjects.c:387:8: note: length computed here
  387 |  len = strlen(buf);
      |        ^~~~~~~~~~~
  CC [M]  drivers/staging/speakup/selection.o
  CC [M]  drivers/staging/speakup/serialio.o
  CC [M]  drivers/staging/speakup/synth.o
  CC [M]  drivers/staging/speakup/thread.o
  CC [M]  drivers/staging/speakup/varhandlers.o
  LD [M]  drivers/staging/speakup/speakup.o
  CC      drivers/staging/vc04_services/interface/vchiq_arm/vchiq_core.o
  CC      drivers/staging/vc04_services/interface/vchiq_arm/vchiq_arm.o
drivers/staging/vc04_services/interface/vchiq_arm/vchiq_arm.c: In function ‘vchiq_open’:
drivers/staging/vc04_services/interface/vchiq_arm/vchiq_arm.c:1143:7: warning: unused variable ‘ret’ [-Wunused-variable]
 1143 |   int ret;
      |       ^~~
  CC      drivers/staging/vc04_services/interface/vchiq_arm/vchiq_kern_lib.o
  CC      drivers/staging/vc04_services/interface/vchiq_arm/vchiq_2835_arm.o
  CC      drivers/staging/vc04_services/interface/vchiq_arm/vchiq_debugfs.o
  CC      drivers/staging/vc04_services/interface/vchiq_arm/vchiq_shim.o
  CC      drivers/staging/vc04_services/interface/vchiq_arm/vchiq_util.o
  CC      drivers/staging/vc04_services/interface/vchiq_arm/vchiq_connected.o
  LD      drivers/staging/vc04_services/vchiq.o
  LD      drivers/staging/vc04_services/built-in.o
  LD      drivers/staging/vt6656/built-in.o
  CC [M]  drivers/staging/vt6656/main_usb.o
In file included from drivers/staging/vt6656/main_usb.c:42:
drivers/staging/vt6656/rxtx.h:84:1: warning: alignment 1 of ‘struct vnt_tx_datahead_g’ is less than 2 [-Wpacked-not-aligned]
   84 | } __packed;
      | ^
drivers/staging/vt6656/rxtx.h:96:1: warning: alignment 1 of ‘struct vnt_tx_datahead_g_fb’ is less than 2 [-Wpacked-not-aligned]
   96 | } __packed;
      | ^
drivers/staging/vt6656/rxtx.h:103:1: warning: alignment 1 of ‘struct vnt_tx_datahead_ab’ is less than 2 [-Wpacked-not-aligned]
  103 | } __packed;
      | ^
drivers/staging/vt6656/rxtx.h:112:1: warning: alignment 1 of ‘struct vnt_tx_datahead_a_fb’ is less than 2 [-Wpacked-not-aligned]
  112 | } __packed;
      | ^
drivers/staging/vt6656/rxtx.h:124:1: warning: alignment 1 of ‘struct vnt_rts_g’ is less than 2 [-Wpacked-not-aligned]
  124 | } __packed;
      | ^
drivers/staging/vt6656/rxtx.h:139:1: warning: alignment 1 of ‘struct vnt_rts_g_fb’ is less than 2 [-Wpacked-not-aligned]
  139 | } __packed;
      | ^
drivers/staging/vt6656/rxtx.h:147:1: warning: alignment 1 of ‘struct vnt_rts_ab’ is less than 2 [-Wpacked-not-aligned]
  147 | } __packed;
      | ^
drivers/staging/vt6656/rxtx.h:157:1: warning: alignment 1 of ‘struct vnt_rts_a_fb’ is less than 2 [-Wpacked-not-aligned]
  157 | } __packed;
      | ^
drivers/staging/vt6656/rxtx.h:167:1: warning: alignment 1 of ‘struct vnt_cts’ is less than 2 [-Wpacked-not-aligned]
  167 | } __packed;
      | ^
drivers/staging/vt6656/rxtx.h:178:1: warning: alignment 1 of ‘struct vnt_cts_fb’ is less than 2 [-Wpacked-not-aligned]
  178 | } __packed;
      | ^
drivers/staging/vt6656/rxtx.h:250:1: warning: alignment 1 of ‘struct vnt_beacon_buffer’ is less than 2 [-Wpacked-not-aligned]
  250 | } __packed;
      | ^
In file included from ./include/linux/phy.h:24,
                 from ./include/net/dsa.h:19,
                 from ./include/linux/netdevice.h:44,
                 from ./include/linux/etherdevice.h:26,
                 from drivers/staging/vt6656/main_usb.c:34:
./include/linux/module.h:138:7: warning: ‘cleanup_module’ specifies less restrictive attribute than its target ‘vt6656_driver_exit’: ‘cold’ [-Wmissing-attributes]
  138 |  void cleanup_module(void) __attribute__((alias(#exitfn)));
      |       ^~~~~~~~~~~~~~
./include/linux/device.h:1360:1: note: in expansion of macro ‘module_exit’
 1360 | module_exit(__driver##_exit);
      | ^~~~~~~~~~~
./include/linux/usb.h:1195:2: note: in expansion of macro ‘module_driver’
 1195 |  module_driver(__usb_driver, usb_register, \
      |  ^~~~~~~~~~~~~
drivers/staging/vt6656/main_usb.c:1062:1: note: in expansion of macro ‘module_usb_driver’
 1062 | module_usb_driver(vt6656_driver);
      | ^~~~~~~~~~~~~~~~~
In file included from ./include/linux/dma-mapping.h:6,
                 from ./include/linux/skbuff.h:34,
                 from ./include/linux/if_ether.h:23,
                 from ./include/linux/etherdevice.h:25,
                 from drivers/staging/vt6656/main_usb.c:34:
drivers/staging/vt6656/main_usb.c:1062:19: note: ‘cleanup_module’ target declared here
 1062 | module_usb_driver(vt6656_driver);
      |                   ^~~~~~~~~~~~~
./include/linux/device.h:1356:20: note: in definition of macro ‘module_driver’
 1356 | static void __exit __driver##_exit(void) \
      |                    ^~~~~~~~
drivers/staging/vt6656/main_usb.c:1062:1: note: in expansion of macro ‘module_usb_driver’
 1062 | module_usb_driver(vt6656_driver);
      | ^~~~~~~~~~~~~~~~~
In file included from ./include/linux/phy.h:24,
                 from ./include/net/dsa.h:19,
                 from ./include/linux/netdevice.h:44,
                 from ./include/linux/etherdevice.h:26,
                 from drivers/staging/vt6656/main_usb.c:34:
./include/linux/module.h:132:6: warning: ‘init_module’ specifies less restrictive attribute than its target ‘vt6656_driver_init’: ‘cold’ [-Wmissing-attributes]
  132 |  int init_module(void) __attribute__((alias(#initfn)));
      |      ^~~~~~~~~~~
./include/linux/device.h:1355:1: note: in expansion of macro ‘module_init’
 1355 | module_init(__driver##_init); \
      | ^~~~~~~~~~~
./include/linux/usb.h:1195:2: note: in expansion of macro ‘module_driver’
 1195 |  module_driver(__usb_driver, usb_register, \
      |  ^~~~~~~~~~~~~
drivers/staging/vt6656/main_usb.c:1062:1: note: in expansion of macro ‘module_usb_driver’
 1062 | module_usb_driver(vt6656_driver);
      | ^~~~~~~~~~~~~~~~~
In file included from ./include/linux/dma-mapping.h:6,
                 from ./include/linux/skbuff.h:34,
                 from ./include/linux/if_ether.h:23,
                 from ./include/linux/etherdevice.h:25,
                 from drivers/staging/vt6656/main_usb.c:34:
drivers/staging/vt6656/main_usb.c:1062:19: note: ‘init_module’ target declared here
 1062 | module_usb_driver(vt6656_driver);
      |                   ^~~~~~~~~~~~~
./include/linux/device.h:1351:19: note: in definition of macro ‘module_driver’
 1351 | static int __init __driver##_init(void) \
      |                   ^~~~~~~~
drivers/staging/vt6656/main_usb.c:1062:1: note: in expansion of macro ‘module_usb_driver’
 1062 | module_usb_driver(vt6656_driver);
      | ^~~~~~~~~~~~~~~~~
  CC [M]  drivers/staging/vt6656/card.o
  CC [M]  drivers/staging/vt6656/mac.o
  CC [M]  drivers/staging/vt6656/baseband.o
  CC [M]  drivers/staging/vt6656/wcmd.o
In file included from drivers/staging/vt6656/wcmd.c:38:
drivers/staging/vt6656/rxtx.h:84:1: warning: alignment 1 of ‘struct vnt_tx_datahead_g’ is less than 2 [-Wpacked-not-aligned]
   84 | } __packed;
      | ^
drivers/staging/vt6656/rxtx.h:96:1: warning: alignment 1 of ‘struct vnt_tx_datahead_g_fb’ is less than 2 [-Wpacked-not-aligned]
   96 | } __packed;
      | ^
drivers/staging/vt6656/rxtx.h:103:1: warning: alignment 1 of ‘struct vnt_tx_datahead_ab’ is less than 2 [-Wpacked-not-aligned]
  103 | } __packed;
      | ^
drivers/staging/vt6656/rxtx.h:112:1: warning: alignment 1 of ‘struct vnt_tx_datahead_a_fb’ is less than 2 [-Wpacked-not-aligned]
  112 | } __packed;
      | ^
drivers/staging/vt6656/rxtx.h:124:1: warning: alignment 1 of ‘struct vnt_rts_g’ is less than 2 [-Wpacked-not-aligned]
  124 | } __packed;
      | ^
drivers/staging/vt6656/rxtx.h:139:1: warning: alignment 1 of ‘struct vnt_rts_g_fb’ is less than 2 [-Wpacked-not-aligned]
  139 | } __packed;
      | ^
drivers/staging/vt6656/rxtx.h:147:1: warning: alignment 1 of ‘struct vnt_rts_ab’ is less than 2 [-Wpacked-not-aligned]
  147 | } __packed;
      | ^
drivers/staging/vt6656/rxtx.h:157:1: warning: alignment 1 of ‘struct vnt_rts_a_fb’ is less than 2 [-Wpacked-not-aligned]
  157 | } __packed;
      | ^
drivers/staging/vt6656/rxtx.h:167:1: warning: alignment 1 of ‘struct vnt_cts’ is less than 2 [-Wpacked-not-aligned]
  167 | } __packed;
      | ^
drivers/staging/vt6656/rxtx.h:178:1: warning: alignment 1 of ‘struct vnt_cts_fb’ is less than 2 [-Wpacked-not-aligned]
  178 | } __packed;
      | ^
drivers/staging/vt6656/rxtx.h:250:1: warning: alignment 1 of ‘struct vnt_beacon_buffer’ is less than 2 [-Wpacked-not-aligned]
  250 | } __packed;
      | ^
  CC [M]  drivers/staging/vt6656/rxtx.o
In file included from drivers/staging/vt6656/rxtx.c:38:
drivers/staging/vt6656/rxtx.h:84:1: warning: alignment 1 of ‘struct vnt_tx_datahead_g’ is less than 2 [-Wpacked-not-aligned]
   84 | } __packed;
      | ^
drivers/staging/vt6656/rxtx.h:96:1: warning: alignment 1 of ‘struct vnt_tx_datahead_g_fb’ is less than 2 [-Wpacked-not-aligned]
   96 | } __packed;
      | ^
drivers/staging/vt6656/rxtx.h:103:1: warning: alignment 1 of ‘struct vnt_tx_datahead_ab’ is less than 2 [-Wpacked-not-aligned]
  103 | } __packed;
      | ^
drivers/staging/vt6656/rxtx.h:112:1: warning: alignment 1 of ‘struct vnt_tx_datahead_a_fb’ is less than 2 [-Wpacked-not-aligned]
  112 | } __packed;
      | ^
drivers/staging/vt6656/rxtx.h:124:1: warning: alignment 1 of ‘struct vnt_rts_g’ is less than 2 [-Wpacked-not-aligned]
  124 | } __packed;
      | ^
drivers/staging/vt6656/rxtx.h:139:1: warning: alignment 1 of ‘struct vnt_rts_g_fb’ is less than 2 [-Wpacked-not-aligned]
  139 | } __packed;
      | ^
drivers/staging/vt6656/rxtx.h:147:1: warning: alignment 1 of ‘struct vnt_rts_ab’ is less than 2 [-Wpacked-not-aligned]
  147 | } __packed;
      | ^
drivers/staging/vt6656/rxtx.h:157:1: warning: alignment 1 of ‘struct vnt_rts_a_fb’ is less than 2 [-Wpacked-not-aligned]
  157 | } __packed;
      | ^
drivers/staging/vt6656/rxtx.h:167:1: warning: alignment 1 of ‘struct vnt_cts’ is less than 2 [-Wpacked-not-aligned]
  167 | } __packed;
      | ^
drivers/staging/vt6656/rxtx.h:178:1: warning: alignment 1 of ‘struct vnt_cts_fb’ is less than 2 [-Wpacked-not-aligned]
  178 | } __packed;
      | ^
drivers/staging/vt6656/rxtx.h:250:1: warning: alignment 1 of ‘struct vnt_beacon_buffer’ is less than 2 [-Wpacked-not-aligned]
  250 | } __packed;
      | ^
drivers/staging/vt6656/rxtx.c: In function ‘vnt_rxtx_datahead_g’:
drivers/staging/vt6656/rxtx.c:296:56: warning: taking address of packed member of ‘struct vnt_tx_datahead_g’ may result in an unaligned pointer value [-Waddress-of-packed-member]
  296 |  tx_context->tx_hdr_size = vnt_mac_hdr_pos(tx_context, &buf->hdr);
      |                                                        ^~~~~~~~~
drivers/staging/vt6656/rxtx.c: In function ‘vnt_rxtx_datahead_g_fb’:
drivers/staging/vt6656/rxtx.c:329:56: warning: taking address of packed member of ‘struct vnt_tx_datahead_g_fb’ may result in an unaligned pointer value [-Waddress-of-packed-member]
  329 |  tx_context->tx_hdr_size = vnt_mac_hdr_pos(tx_context, &buf->hdr);
      |                                                        ^~~~~~~~~
drivers/staging/vt6656/rxtx.c: In function ‘vnt_rxtx_datahead_a_fb’:
drivers/staging/vt6656/rxtx.c:353:56: warning: taking address of packed member of ‘struct vnt_tx_datahead_a_fb’ may result in an unaligned pointer value [-Waddress-of-packed-member]
  353 |  tx_context->tx_hdr_size = vnt_mac_hdr_pos(tx_context, &buf->hdr);
      |                                                        ^~~~~~~~~
drivers/staging/vt6656/rxtx.c: In function ‘vnt_rxtx_datahead_ab’:
drivers/staging/vt6656/rxtx.c:384:56: warning: taking address of packed member of ‘struct vnt_tx_datahead_ab’ may result in an unaligned pointer value [-Waddress-of-packed-member]
  384 |  tx_context->tx_hdr_size = vnt_mac_hdr_pos(tx_context, &buf->hdr);
      |                                                        ^~~~~~~~~
drivers/staging/vt6656/rxtx.c: In function ‘vnt_rxtx_rts_g_head’:
drivers/staging/vt6656/rxtx.c:427:37: warning: taking address of packed member of ‘struct vnt_rts_g’ may result in an unaligned pointer value [-Waddress-of-packed-member]
  427 |  vnt_fill_ieee80211_rts(tx_context, &buf->data, buf->duration_aa);
      |                                     ^~~~~~~~~~
drivers/staging/vt6656/rxtx.c: In function ‘vnt_rxtx_rts_g_fb_head’:
drivers/staging/vt6656/rxtx.c:471:37: warning: taking address of packed member of ‘struct vnt_rts_g_fb’ may result in an unaligned pointer value [-Waddress-of-packed-member]
  471 |  vnt_fill_ieee80211_rts(tx_context, &buf->data, buf->duration_aa);
      |                                     ^~~~~~~~~~
drivers/staging/vt6656/rxtx.c: In function ‘vnt_rxtx_rts_ab_head’:
drivers/staging/vt6656/rxtx.c:490:37: warning: taking address of packed member of ‘struct vnt_rts_ab’ may result in an unaligned pointer value [-Waddress-of-packed-member]
  490 |  vnt_fill_ieee80211_rts(tx_context, &buf->data, buf->duration);
      |                                     ^~~~~~~~~~
drivers/staging/vt6656/rxtx.c: In function ‘vnt_rxtx_rts_a_fb_head’:
drivers/staging/vt6656/rxtx.c:519:37: warning: taking address of packed member of ‘struct vnt_rts_a_fb’ may result in an unaligned pointer value [-Waddress-of-packed-member]
  519 |  vnt_fill_ieee80211_rts(tx_context, &buf->data, buf->duration);
      |                                     ^~~~~~~~~~
drivers/staging/vt6656/rxtx.c: In function ‘vnt_beacon_xmit’:
drivers/staging/vt6656/rxtx.c:1050:13: warning: taking address of packed member of ‘struct vnt_beacon_buffer’ may result in an unaligned pointer value [-Waddress-of-packed-member]
 1050 |  mgmt_hdr = &beacon_buffer->mgmt_hdr;
      |             ^~~~~~~~~~~~~~~~~~~~~~~~
  CC [M]  drivers/staging/vt6656/dpc.o
  CC [M]  drivers/staging/vt6656/power.o
In file included from drivers/staging/vt6656/power.c:37:
drivers/staging/vt6656/rxtx.h:84:1: warning: alignment 1 of ‘struct vnt_tx_datahead_g’ is less than 2 [-Wpacked-not-aligned]
   84 | } __packed;
      | ^
drivers/staging/vt6656/rxtx.h:96:1: warning: alignment 1 of ‘struct vnt_tx_datahead_g_fb’ is less than 2 [-Wpacked-not-aligned]
   96 | } __packed;
      | ^
drivers/staging/vt6656/rxtx.h:103:1: warning: alignment 1 of ‘struct vnt_tx_datahead_ab’ is less than 2 [-Wpacked-not-aligned]
  103 | } __packed;
      | ^
drivers/staging/vt6656/rxtx.h:112:1: warning: alignment 1 of ‘struct vnt_tx_datahead_a_fb’ is less than 2 [-Wpacked-not-aligned]
  112 | } __packed;
      | ^
drivers/staging/vt6656/rxtx.h:124:1: warning: alignment 1 of ‘struct vnt_rts_g’ is less than 2 [-Wpacked-not-aligned]
  124 | } __packed;
      | ^
drivers/staging/vt6656/rxtx.h:139:1: warning: alignment 1 of ‘struct vnt_rts_g_fb’ is less than 2 [-Wpacked-not-aligned]
  139 | } __packed;
      | ^
drivers/staging/vt6656/rxtx.h:147:1: warning: alignment 1 of ‘struct vnt_rts_ab’ is less than 2 [-Wpacked-not-aligned]
  147 | } __packed;
      | ^
drivers/staging/vt6656/rxtx.h:157:1: warning: alignment 1 of ‘struct vnt_rts_a_fb’ is less than 2 [-Wpacked-not-aligned]
  157 | } __packed;
      | ^
drivers/staging/vt6656/rxtx.h:167:1: warning: alignment 1 of ‘struct vnt_cts’ is less than 2 [-Wpacked-not-aligned]
  167 | } __packed;
      | ^
drivers/staging/vt6656/rxtx.h:178:1: warning: alignment 1 of ‘struct vnt_cts_fb’ is less than 2 [-Wpacked-not-aligned]
  178 | } __packed;
      | ^
drivers/staging/vt6656/rxtx.h:250:1: warning: alignment 1 of ‘struct vnt_beacon_buffer’ is less than 2 [-Wpacked-not-aligned]
  250 | } __packed;
      | ^
  CC [M]  drivers/staging/vt6656/key.o
  CC [M]  drivers/staging/vt6656/rf.o
  CC [M]  drivers/staging/vt6656/usbpipe.o
In file included from drivers/staging/vt6656/usbpipe.c:38:
drivers/staging/vt6656/rxtx.h:84:1: warning: alignment 1 of ‘struct vnt_tx_datahead_g’ is less than 2 [-Wpacked-not-aligned]
   84 | } __packed;
      | ^
drivers/staging/vt6656/rxtx.h:96:1: warning: alignment 1 of ‘struct vnt_tx_datahead_g_fb’ is less than 2 [-Wpacked-not-aligned]
   96 | } __packed;
      | ^
drivers/staging/vt6656/rxtx.h:103:1: warning: alignment 1 of ‘struct vnt_tx_datahead_ab’ is less than 2 [-Wpacked-not-aligned]
  103 | } __packed;
      | ^
drivers/staging/vt6656/rxtx.h:112:1: warning: alignment 1 of ‘struct vnt_tx_datahead_a_fb’ is less than 2 [-Wpacked-not-aligned]
  112 | } __packed;
      | ^
drivers/staging/vt6656/rxtx.h:124:1: warning: alignment 1 of ‘struct vnt_rts_g’ is less than 2 [-Wpacked-not-aligned]
  124 | } __packed;
      | ^
drivers/staging/vt6656/rxtx.h:139:1: warning: alignment 1 of ‘struct vnt_rts_g_fb’ is less than 2 [-Wpacked-not-aligned]
  139 | } __packed;
      | ^
drivers/staging/vt6656/rxtx.h:147:1: warning: alignment 1 of ‘struct vnt_rts_ab’ is less than 2 [-Wpacked-not-aligned]
  147 | } __packed;
      | ^
drivers/staging/vt6656/rxtx.h:157:1: warning: alignment 1 of ‘struct vnt_rts_a_fb’ is less than 2 [-Wpacked-not-aligned]
  157 | } __packed;
      | ^
drivers/staging/vt6656/rxtx.h:167:1: warning: alignment 1 of ‘struct vnt_cts’ is less than 2 [-Wpacked-not-aligned]
  167 | } __packed;
      | ^
drivers/staging/vt6656/rxtx.h:178:1: warning: alignment 1 of ‘struct vnt_cts_fb’ is less than 2 [-Wpacked-not-aligned]
  178 | } __packed;
      | ^
drivers/staging/vt6656/rxtx.h:250:1: warning: alignment 1 of ‘struct vnt_beacon_buffer’ is less than 2 [-Wpacked-not-aligned]
  250 | } __packed;
      | ^
  CC [M]  drivers/staging/vt6656/channel.o
  CC [M]  drivers/staging/vt6656/firmware.o
  CC [M]  drivers/staging/vt6656/int.o
  LD [M]  drivers/staging/vt6656/vt6656_stage.o
  LD      drivers/staging/wlan-ng/built-in.o
  CC [M]  drivers/staging/wlan-ng/prism2usb.o
In file included from drivers/staging/wlan-ng/prism2usb.c:4:
drivers/staging/wlan-ng/prism2sta.c: In function ‘prism2sta_inf_tallies’:
drivers/staging/wlan-ng/prism2sta.c:1005:18: warning: taking address of packed member of ‘union hfa384x_infodata’ may result in an unaligned pointer value [-Waddress-of-packed-member]
 1005 |   src32 = (u32 *)&inf->info.commtallies32;
      |                  ^~~~~~~~~~~~~~~~~~~~~~~~
drivers/staging/wlan-ng/prism2sta.c:1010:18: warning: taking address of packed member of ‘union hfa384x_infodata’ may result in an unaligned pointer value [-Waddress-of-packed-member]
 1010 |   src16 = (u16 *)&inf->info.commtallies16;
      |                  ^~~~~~~~~~~~~~~~~~~~~~~~
In file included from drivers/staging/wlan-ng/hfa384x_usb.c:113,
                 from drivers/staging/wlan-ng/prism2usb.c:1:
drivers/staging/wlan-ng/prism2usb.c: At top level:
./include/linux/module.h:138:7: warning: ‘cleanup_module’ specifies less restrictive attribute than its target ‘prism2_usb_driver_exit’: ‘cold’ [-Wmissing-attributes]
  138 |  void cleanup_module(void) __attribute__((alias(#exitfn)));
      |       ^~~~~~~~~~~~~~
./include/linux/device.h:1360:1: note: in expansion of macro ‘module_exit’
 1360 | module_exit(__driver##_exit);
      | ^~~~~~~~~~~
./include/linux/usb.h:1195:2: note: in expansion of macro ‘module_driver’
 1195 |  module_driver(__usb_driver, usb_register, \
      |  ^~~~~~~~~~~~~
drivers/staging/wlan-ng/prism2usb.c:291:1: note: in expansion of macro ‘module_usb_driver’
  291 | module_usb_driver(prism2_usb_driver);
      | ^~~~~~~~~~~~~~~~~
In file included from ./include/linux/dmaengine.h:20,
                 from ./include/linux/netdevice.h:38,
                 from drivers/staging/wlan-ng/hfa384x_usb.c:119,
                 from drivers/staging/wlan-ng/prism2usb.c:1:
drivers/staging/wlan-ng/prism2usb.c:291:19: note: ‘cleanup_module’ target declared here
  291 | module_usb_driver(prism2_usb_driver);
      |                   ^~~~~~~~~~~~~~~~~
./include/linux/device.h:1356:20: note: in definition of macro ‘module_driver’
 1356 | static void __exit __driver##_exit(void) \
      |                    ^~~~~~~~
drivers/staging/wlan-ng/prism2usb.c:291:1: note: in expansion of macro ‘module_usb_driver’
  291 | module_usb_driver(prism2_usb_driver);
      | ^~~~~~~~~~~~~~~~~
In file included from drivers/staging/wlan-ng/hfa384x_usb.c:113,
                 from drivers/staging/wlan-ng/prism2usb.c:1:
./include/linux/module.h:132:6: warning: ‘init_module’ specifies less restrictive attribute than its target ‘prism2_usb_driver_init’: ‘cold’ [-Wmissing-attributes]
  132 |  int init_module(void) __attribute__((alias(#initfn)));
      |      ^~~~~~~~~~~
./include/linux/device.h:1355:1: note: in expansion of macro ‘module_init’
 1355 | module_init(__driver##_init); \
      | ^~~~~~~~~~~
./include/linux/usb.h:1195:2: note: in expansion of macro ‘module_driver’
 1195 |  module_driver(__usb_driver, usb_register, \
      |  ^~~~~~~~~~~~~
drivers/staging/wlan-ng/prism2usb.c:291:1: note: in expansion of macro ‘module_usb_driver’
  291 | module_usb_driver(prism2_usb_driver);
      | ^~~~~~~~~~~~~~~~~
In file included from ./include/linux/dmaengine.h:20,
                 from ./include/linux/netdevice.h:38,
                 from drivers/staging/wlan-ng/hfa384x_usb.c:119,
                 from drivers/staging/wlan-ng/prism2usb.c:1:
drivers/staging/wlan-ng/prism2usb.c:291:19: note: ‘init_module’ target declared here
  291 | module_usb_driver(prism2_usb_driver);
      |                   ^~~~~~~~~~~~~~~~~
./include/linux/device.h:1351:19: note: in definition of macro ‘module_driver’
 1351 | static int __init __driver##_init(void) \
      |                   ^~~~~~~~
drivers/staging/wlan-ng/prism2usb.c:291:1: note: in expansion of macro ‘module_usb_driver’
  291 | module_usb_driver(prism2_usb_driver);
      | ^~~~~~~~~~~~~~~~~
  CC [M]  drivers/staging/wlan-ng/p80211conv.o
  CC [M]  drivers/staging/wlan-ng/p80211req.o
  CC [M]  drivers/staging/wlan-ng/p80211wep.o
  CC [M]  drivers/staging/wlan-ng/p80211netdev.o
  LD [M]  drivers/staging/wlan-ng/prism2_usb.o
  LD      drivers/staging/built-in.o
  CC      drivers/thermal/thermal_core.o
  CC      drivers/thermal/of-thermal.o
  CC      drivers/thermal/step_wise.o
  LD      drivers/thermal/thermal_sys.o
  LD      drivers/thermal/samsung/built-in.o
  CC      drivers/thermal/bcm2835-thermal.o
  LD      drivers/thermal/built-in.o
  CC      drivers/tty/tty_io.o
  CC      drivers/tty/n_tty.o
  CC      drivers/tty/tty_ioctl.o
  CC      drivers/tty/tty_ldisc.o
  CC      drivers/tty/tty_buffer.o
  CC      drivers/tty/tty_port.o
  CC      drivers/tty/tty_mutex.o
  CC      drivers/tty/tty_ldsem.o
  CC      drivers/tty/pty.o
  CC      drivers/tty/sysrq.o
  LD      drivers/tty/ipwireless/built-in.o
  CC      drivers/tty/serial/serial_core.o
  CC      drivers/tty/serial/earlycon.o
  CC      drivers/tty/serial/8250/8250_core.o
  LD      drivers/tty/serial/8250/8250.o
  CC      drivers/tty/serial/8250/8250_port.o
  LD      drivers/tty/serial/8250/8250_base.o
  CC      drivers/tty/serial/8250/8250_bcm2835aux.o
  CC      drivers/tty/serial/8250/8250_early.o
  CC      drivers/tty/serial/8250/8250_fsl.o
  CC      drivers/tty/serial/8250/8250_of.o
  LD      drivers/tty/serial/8250/built-in.o
  CC      drivers/tty/serial/amba-pl011.o
  CC      drivers/tty/serial/kgdboc.o
  LD      drivers/tty/serial/built-in.o
  CC [M]  drivers/tty/serial/sc16is7xx.o
In file included from drivers/tty/serial/sc16is7xx.c:22:
./include/linux/module.h:138:7: warning: ‘cleanup_module’ specifies less restrictive attribute than its target ‘sc16is7xx_exit’: ‘cold’ [-Wmissing-attributes]
  138 |  void cleanup_module(void) __attribute__((alias(#exitfn)));
      |       ^~~~~~~~~~~~~~
drivers/tty/serial/sc16is7xx.c:1504:1: note: in expansion of macro ‘module_exit’
 1504 | module_exit(sc16is7xx_exit);
      | ^~~~~~~~~~~
drivers/tty/serial/sc16is7xx.c:1493:20: note: ‘cleanup_module’ target declared here
 1493 | static void __exit sc16is7xx_exit(void)
      |                    ^~~~~~~~~~~~~~
In file included from drivers/tty/serial/sc16is7xx.c:22:
./include/linux/module.h:132:6: warning: ‘init_module’ specifies less restrictive attribute than its target ‘sc16is7xx_init’: ‘cold’ [-Wmissing-attributes]
  132 |  int init_module(void) __attribute__((alias(#initfn)));
      |      ^~~~~~~~~~~
drivers/tty/serial/sc16is7xx.c:1491:1: note: in expansion of macro ‘module_init’
 1491 | module_init(sc16is7xx_init);
      | ^~~~~~~~~~~
drivers/tty/serial/sc16is7xx.c:1464:19: note: ‘init_module’ target declared here
 1464 | static int __init sc16is7xx_init(void)
      |                   ^~~~~~~~~~~~~~
  CC      drivers/tty/vt/vt_ioctl.o
  CC      drivers/tty/vt/vc_screen.o
  CC      drivers/tty/vt/selection.o
  CC      drivers/tty/vt/keyboard.o
  CC      drivers/tty/vt/consolemap.o
  CONMK   drivers/tty/vt/consolemap_deftbl.c
  CC      drivers/tty/vt/consolemap_deftbl.o
  CC      drivers/tty/vt/vt.o
  SHIPPED drivers/tty/vt/defkeymap.c
  CC      drivers/tty/vt/defkeymap.o
  LD      drivers/tty/vt/built-in.o
  LD      drivers/tty/built-in.o
  LD      drivers/uio/built-in.o
  CC [M]  drivers/uio/uio.o
In file included from drivers/uio/uio.c:16:
./include/linux/module.h:132:6: warning: ‘init_module’ specifies less restrictive attribute than its target ‘uio_init’: ‘cold’ [-Wmissing-attributes]
  132 |  int init_module(void) __attribute__((alias(#initfn)));
      |      ^~~~~~~~~~~
drivers/uio/uio.c:911:1: note: in expansion of macro ‘module_init’
  911 | module_init(uio_init)
      | ^~~~~~~~~~~
drivers/uio/uio.c:900:19: note: ‘init_module’ target declared here
  900 | static int __init uio_init(void)
      |                   ^~~~~~~~
In file included from drivers/uio/uio.c:16:
./include/linux/module.h:138:7: warning: ‘cleanup_module’ specifies less restrictive attribute than its target ‘uio_exit’: ‘cold’ [-Wmissing-attributes]
  138 |  void cleanup_module(void) __attribute__((alias(#exitfn)));
      |       ^~~~~~~~~~~~~~
drivers/uio/uio.c:912:1: note: in expansion of macro ‘module_exit’
  912 | module_exit(uio_exit)
      | ^~~~~~~~~~~
drivers/uio/uio.c:905:20: note: ‘cleanup_module’ target declared here
  905 | static void __exit uio_exit(void)
      |                    ^~~~~~~~
  CC [M]  drivers/uio/uio_pdrv_genirq.o
In file included from drivers/uio/uio_pdrv_genirq.c:21:
./include/linux/module.h:138:7: warning: ‘cleanup_module’ specifies less restrictive attribute than its target ‘uio_pdrv_genirq_exit’: ‘cold’ [-Wmissing-attributes]
  138 |  void cleanup_module(void) __attribute__((alias(#exitfn)));
      |       ^~~~~~~~~~~~~~
./include/linux/device.h:1360:1: note: in expansion of macro ‘module_exit’
 1360 | module_exit(__driver##_exit);
      | ^~~~~~~~~~~
./include/linux/platform_device.h:228:2: note: in expansion of macro ‘module_driver’
  228 |  module_driver(__platform_driver, platform_driver_register, \
      |  ^~~~~~~~~~~~~
drivers/uio/uio_pdrv_genirq.c:274:1: note: in expansion of macro ‘module_platform_driver’
  274 | module_platform_driver(uio_pdrv_genirq);
      | ^~~~~~~~~~~~~~~~~~~~~~
In file included from ./include/linux/platform_device.h:14,
                 from drivers/uio/uio_pdrv_genirq.c:17:
drivers/uio/uio_pdrv_genirq.c:274:24: note: ‘cleanup_module’ target declared here
  274 | module_platform_driver(uio_pdrv_genirq);
      |                        ^~~~~~~~~~~~~~~
./include/linux/device.h:1356:20: note: in definition of macro ‘module_driver’
 1356 | static void __exit __driver##_exit(void) \
      |                    ^~~~~~~~
drivers/uio/uio_pdrv_genirq.c:274:1: note: in expansion of macro ‘module_platform_driver’
  274 | module_platform_driver(uio_pdrv_genirq);
      | ^~~~~~~~~~~~~~~~~~~~~~
In file included from drivers/uio/uio_pdrv_genirq.c:21:
./include/linux/module.h:132:6: warning: ‘init_module’ specifies less restrictive attribute than its target ‘uio_pdrv_genirq_init’: ‘cold’ [-Wmissing-attributes]
  132 |  int init_module(void) __attribute__((alias(#initfn)));
      |      ^~~~~~~~~~~
./include/linux/device.h:1355:1: note: in expansion of macro ‘module_init’
 1355 | module_init(__driver##_init); \
      | ^~~~~~~~~~~
./include/linux/platform_device.h:228:2: note: in expansion of macro ‘module_driver’
  228 |  module_driver(__platform_driver, platform_driver_register, \
      |  ^~~~~~~~~~~~~
drivers/uio/uio_pdrv_genirq.c:274:1: note: in expansion of macro ‘module_platform_driver’
  274 | module_platform_driver(uio_pdrv_genirq);
      | ^~~~~~~~~~~~~~~~~~~~~~
In file included from ./include/linux/platform_device.h:14,
                 from drivers/uio/uio_pdrv_genirq.c:17:
drivers/uio/uio_pdrv_genirq.c:274:24: note: ‘init_module’ target declared here
  274 | module_platform_driver(uio_pdrv_genirq);
      |                        ^~~~~~~~~~~~~~~
./include/linux/device.h:1351:19: note: in definition of macro ‘module_driver’
 1351 | static int __init __driver##_init(void) \
      |                   ^~~~~~~~
drivers/uio/uio_pdrv_genirq.c:274:1: note: in expansion of macro ‘module_platform_driver’
  274 | module_platform_driver(uio_pdrv_genirq);
      | ^~~~~~~~~~~~~~~~~~~~~~
  LD      drivers/usb/atm/built-in.o
  CC [M]  drivers/usb/atm/cxacru.o
In file included from drivers/usb/atm/cxacru.c:32:
./include/linux/module.h:138:7: warning: ‘cleanup_module’ specifies less restrictive attribute than its target ‘cxacru_usb_driver_exit’: ‘cold’ [-Wmissing-attributes]
  138 |  void cleanup_module(void) __attribute__((alias(#exitfn)));
      |       ^~~~~~~~~~~~~~
./include/linux/device.h:1360:1: note: in expansion of macro ‘module_exit’
 1360 | module_exit(__driver##_exit);
      | ^~~~~~~~~~~
./include/linux/usb.h:1195:2: note: in expansion of macro ‘module_driver’
 1195 |  module_driver(__usb_driver, usb_register, \
      |  ^~~~~~~~~~~~~
drivers/usb/atm/cxacru.c:1378:1: note: in expansion of macro ‘module_usb_driver’
 1378 | module_usb_driver(cxacru_usb_driver);
      | ^~~~~~~~~~~~~~~~~
In file included from drivers/usb/atm/cxacru.c:38:
drivers/usb/atm/cxacru.c:1378:19: note: ‘cleanup_module’ target declared here
 1378 | module_usb_driver(cxacru_usb_driver);
      |                   ^~~~~~~~~~~~~~~~~
./include/linux/device.h:1356:20: note: in definition of macro ‘module_driver’
 1356 | static void __exit __driver##_exit(void) \
      |                    ^~~~~~~~
drivers/usb/atm/cxacru.c:1378:1: note: in expansion of macro ‘module_usb_driver’
 1378 | module_usb_driver(cxacru_usb_driver);
      | ^~~~~~~~~~~~~~~~~
In file included from drivers/usb/atm/cxacru.c:32:
./include/linux/module.h:132:6: warning: ‘init_module’ specifies less restrictive attribute than its target ‘cxacru_usb_driver_init’: ‘cold’ [-Wmissing-attributes]
  132 |  int init_module(void) __attribute__((alias(#initfn)));
      |      ^~~~~~~~~~~
./include/linux/device.h:1355:1: note: in expansion of macro ‘module_init’
 1355 | module_init(__driver##_init); \
      | ^~~~~~~~~~~
./include/linux/usb.h:1195:2: note: in expansion of macro ‘module_driver’
 1195 |  module_driver(__usb_driver, usb_register, \
      |  ^~~~~~~~~~~~~
drivers/usb/atm/cxacru.c:1378:1: note: in expansion of macro ‘module_usb_driver’
 1378 | module_usb_driver(cxacru_usb_driver);
      | ^~~~~~~~~~~~~~~~~
In file included from drivers/usb/atm/cxacru.c:38:
drivers/usb/atm/cxacru.c:1378:19: note: ‘init_module’ target declared here
 1378 | module_usb_driver(cxacru_usb_driver);
      |                   ^~~~~~~~~~~~~~~~~
./include/linux/device.h:1351:19: note: in definition of macro ‘module_driver’
 1351 | static int __init __driver##_init(void) \
      |                   ^~~~~~~~
drivers/usb/atm/cxacru.c:1378:1: note: in expansion of macro ‘module_usb_driver’
 1378 | module_usb_driver(cxacru_usb_driver);
      | ^~~~~~~~~~~~~~~~~
  CC [M]  drivers/usb/atm/speedtch.o
In file included from drivers/usb/atm/speedtch.c:31:
./include/linux/module.h:138:7: warning: ‘cleanup_module’ specifies less restrictive attribute than its target ‘speedtch_usb_driver_exit’: ‘cold’ [-Wmissing-attributes]
  138 |  void cleanup_module(void) __attribute__((alias(#exitfn)));
      |       ^~~~~~~~~~~~~~
./include/linux/device.h:1360:1: note: in expansion of macro ‘module_exit’
 1360 | module_exit(__driver##_exit);
      | ^~~~~~~~~~~
./include/linux/usb.h:1195:2: note: in expansion of macro ‘module_driver’
 1195 |  module_driver(__usb_driver, usb_register, \
      |  ^~~~~~~~~~~~~
drivers/usb/atm/speedtch.c:960:1: note: in expansion of macro ‘module_usb_driver’
  960 | module_usb_driver(speedtch_usb_driver);
      | ^~~~~~~~~~~~~~~~~
In file included from drivers/usb/atm/speedtch.c:27:
drivers/usb/atm/speedtch.c:960:19: note: ‘cleanup_module’ target declared here
  960 | module_usb_driver(speedtch_usb_driver);
      |                   ^~~~~~~~~~~~~~~~~~~
./include/linux/device.h:1356:20: note: in definition of macro ‘module_driver’
 1356 | static void __exit __driver##_exit(void) \
      |                    ^~~~~~~~
drivers/usb/atm/speedtch.c:960:1: note: in expansion of macro ‘module_usb_driver’
  960 | module_usb_driver(speedtch_usb_driver);
      | ^~~~~~~~~~~~~~~~~
In file included from drivers/usb/atm/speedtch.c:31:
./include/linux/module.h:132:6: warning: ‘init_module’ specifies less restrictive attribute than its target ‘speedtch_usb_driver_init’: ‘cold’ [-Wmissing-attributes]
  132 |  int init_module(void) __attribute__((alias(#initfn)));
      |      ^~~~~~~~~~~
./include/linux/device.h:1355:1: note: in expansion of macro ‘module_init’
 1355 | module_init(__driver##_init); \
      | ^~~~~~~~~~~
./include/linux/usb.h:1195:2: note: in expansion of macro ‘module_driver’
 1195 |  module_driver(__usb_driver, usb_register, \
      |  ^~~~~~~~~~~~~
drivers/usb/atm/speedtch.c:960:1: note: in expansion of macro ‘module_usb_driver’
  960 | module_usb_driver(speedtch_usb_driver);
      | ^~~~~~~~~~~~~~~~~
In file included from drivers/usb/atm/speedtch.c:27:
drivers/usb/atm/speedtch.c:960:19: note: ‘init_module’ target declared here
  960 | module_usb_driver(speedtch_usb_driver);
      |                   ^~~~~~~~~~~~~~~~~~~
./include/linux/device.h:1351:19: note: in definition of macro ‘module_driver’
 1351 | static int __init __driver##_init(void) \
      |                   ^~~~~~~~
drivers/usb/atm/speedtch.c:960:1: note: in expansion of macro ‘module_usb_driver’
  960 | module_usb_driver(speedtch_usb_driver);
      | ^~~~~~~~~~~~~~~~~
  CC [M]  drivers/usb/atm/ueagle-atm.o
In file included from drivers/usb/atm/ueagle-atm.c:58:
./include/linux/module.h:138:7: warning: ‘cleanup_module’ specifies less restrictive attribute than its target ‘uea_driver_exit’: ‘cold’ [-Wmissing-attributes]
  138 |  void cleanup_module(void) __attribute__((alias(#exitfn)));
      |       ^~~~~~~~~~~~~~
./include/linux/device.h:1360:1: note: in expansion of macro ‘module_exit’
 1360 | module_exit(__driver##_exit);
      | ^~~~~~~~~~~
./include/linux/usb.h:1195:2: note: in expansion of macro ‘module_driver’
 1195 |  module_driver(__usb_driver, usb_register, \
      |  ^~~~~~~~~~~~~
drivers/usb/atm/ueagle-atm.c:2771:1: note: in expansion of macro ‘module_usb_driver’
 2771 | module_usb_driver(uea_driver);
      | ^~~~~~~~~~~~~~~~~
In file included from ./include/linux/usb/ch9.h:35,
                 from ./include/linux/usb.h:5,
                 from drivers/usb/atm/ueagle-atm.c:61:
drivers/usb/atm/ueagle-atm.c:2771:19: note: ‘cleanup_module’ target declared here
 2771 | module_usb_driver(uea_driver);
      |                   ^~~~~~~~~~
./include/linux/device.h:1356:20: note: in definition of macro ‘module_driver’
 1356 | static void __exit __driver##_exit(void) \
      |                    ^~~~~~~~
drivers/usb/atm/ueagle-atm.c:2771:1: note: in expansion of macro ‘module_usb_driver’
 2771 | module_usb_driver(uea_driver);
      | ^~~~~~~~~~~~~~~~~
In file included from drivers/usb/atm/ueagle-atm.c:58:
./include/linux/module.h:132:6: warning: ‘init_module’ specifies less restrictive attribute than its target ‘uea_driver_init’: ‘cold’ [-Wmissing-attributes]
  132 |  int init_module(void) __attribute__((alias(#initfn)));
      |      ^~~~~~~~~~~
./include/linux/device.h:1355:1: note: in expansion of macro ‘module_init’
 1355 | module_init(__driver##_init); \
      | ^~~~~~~~~~~
./include/linux/usb.h:1195:2: note: in expansion of macro ‘module_driver’
 1195 |  module_driver(__usb_driver, usb_register, \
      |  ^~~~~~~~~~~~~
drivers/usb/atm/ueagle-atm.c:2771:1: note: in expansion of macro ‘module_usb_driver’
 2771 | module_usb_driver(uea_driver);
      | ^~~~~~~~~~~~~~~~~
In file included from ./include/linux/usb/ch9.h:35,
                 from ./include/linux/usb.h:5,
                 from drivers/usb/atm/ueagle-atm.c:61:
drivers/usb/atm/ueagle-atm.c:2771:19: note: ‘init_module’ target declared here
 2771 | module_usb_driver(uea_driver);
      |                   ^~~~~~~~~~
./include/linux/device.h:1351:19: note: in definition of macro ‘module_driver’
 1351 | static int __init __driver##_init(void) \
      |                   ^~~~~~~~
drivers/usb/atm/ueagle-atm.c:2771:1: note: in expansion of macro ‘module_usb_driver’
 2771 | module_usb_driver(uea_driver);
      | ^~~~~~~~~~~~~~~~~
  CC [M]  drivers/usb/atm/usbatm.o
In file included from ./include/linux/phy.h:24,
                 from ./include/net/dsa.h:19,
                 from ./include/linux/netdevice.h:44,
                 from ./include/net/sock.h:51,
                 from ./include/linux/atmdev.h:12,
                 from drivers/usb/atm/usbatm.h:28,
                 from drivers/usb/atm/usbatm.c:65:
./include/linux/module.h:132:6: warning: ‘init_module’ specifies less restrictive attribute than its target ‘usbatm_usb_init’: ‘cold’ [-Wmissing-attributes]
  132 |  int init_module(void) __attribute__((alias(#initfn)));
      |      ^~~~~~~~~~~
drivers/usb/atm/usbatm.c:1308:1: note: in expansion of macro ‘module_init’
 1308 | module_init(usbatm_usb_init);
      | ^~~~~~~~~~~
drivers/usb/atm/usbatm.c:1291:19: note: ‘init_module’ target declared here
 1291 | static int __init usbatm_usb_init(void)
      |                   ^~~~~~~~~~~~~~~
In file included from ./include/linux/phy.h:24,
                 from ./include/net/dsa.h:19,
                 from ./include/linux/netdevice.h:44,
                 from ./include/net/sock.h:51,
                 from ./include/linux/atmdev.h:12,
                 from drivers/usb/atm/usbatm.h:28,
                 from drivers/usb/atm/usbatm.c:65:
./include/linux/module.h:138:7: warning: ‘cleanup_module’ specifies less restrictive attribute than its target ‘usbatm_usb_exit’: ‘cold’ [-Wmissing-attributes]
  138 |  void cleanup_module(void) __attribute__((alias(#exitfn)));
      |       ^~~~~~~~~~~~~~
drivers/usb/atm/usbatm.c:1313:1: note: in expansion of macro ‘module_exit’
 1313 | module_exit(usbatm_usb_exit);
      | ^~~~~~~~~~~
drivers/usb/atm/usbatm.c:1310:20: note: ‘cleanup_module’ target declared here
 1310 | static void __exit usbatm_usb_exit(void)
      |                    ^~~~~~~~~~~~~~~
  CC [M]  drivers/usb/atm/xusbatm.o
In file included from drivers/usb/atm/xusbatm.c:22:
./include/linux/module.h:132:6: warning: ‘init_module’ specifies less restrictive attribute than its target ‘xusbatm_init’: ‘cold’ [-Wmissing-attributes]
  132 |  int init_module(void) __attribute__((alias(#initfn)));
      |      ^~~~~~~~~~~
drivers/usb/atm/xusbatm.c:220:1: note: in expansion of macro ‘module_init’
  220 | module_init(xusbatm_init);
      | ^~~~~~~~~~~
drivers/usb/atm/xusbatm.c:188:19: note: ‘init_module’ target declared here
  188 | static int __init xusbatm_init(void)
      |                   ^~~~~~~~~~~~
In file included from drivers/usb/atm/xusbatm.c:22:
./include/linux/module.h:138:7: warning: ‘cleanup_module’ specifies less restrictive attribute than its target ‘xusbatm_exit’: ‘cold’ [-Wmissing-attributes]
  138 |  void cleanup_module(void) __attribute__((alias(#exitfn)));
      |       ^~~~~~~~~~~~~~
drivers/usb/atm/xusbatm.c:226:1: note: in expansion of macro ‘module_exit’
  226 | module_exit(xusbatm_exit);
      | ^~~~~~~~~~~
drivers/usb/atm/xusbatm.c:222:20: note: ‘cleanup_module’ target declared here
  222 | static void __exit xusbatm_exit(void)
      |                    ^~~~~~~~~~~~
  LD      drivers/usb/class/built-in.o
  CC [M]  drivers/usb/class/cdc-acm.o
In file included from drivers/usb/class/cdc-acm.c:42:
./include/linux/module.h:138:7: warning: ‘cleanup_module’ specifies less restrictive attribute than its target ‘acm_exit’: ‘cold’ [-Wmissing-attributes]
  138 |  void cleanup_module(void) __attribute__((alias(#exitfn)));
      |       ^~~~~~~~~~~~~~
drivers/usb/class/cdc-acm.c:1996:1: note: in expansion of macro ‘module_exit’
 1996 | module_exit(acm_exit);
      | ^~~~~~~~~~~
drivers/usb/class/cdc-acm.c:1987:20: note: ‘cleanup_module’ target declared here
 1987 | static void __exit acm_exit(void)
      |                    ^~~~~~~~
In file included from drivers/usb/class/cdc-acm.c:42:
./include/linux/module.h:132:6: warning: ‘init_module’ specifies less restrictive attribute than its target ‘acm_init’: ‘cold’ [-Wmissing-attributes]
  132 |  int init_module(void) __attribute__((alias(#initfn)));
      |      ^~~~~~~~~~~
drivers/usb/class/cdc-acm.c:1995:1: note: in expansion of macro ‘module_init’
 1995 | module_init(acm_init);
      | ^~~~~~~~~~~
drivers/usb/class/cdc-acm.c:1951:19: note: ‘init_module’ target declared here
 1951 | static int __init acm_init(void)
      |                   ^~~~~~~~
  CC [M]  drivers/usb/class/usblp.o
In file included from drivers/usb/class/usblp.c:50:
./include/linux/module.h:138:7: warning: ‘cleanup_module’ specifies less restrictive attribute than its target ‘usblp_driver_exit’: ‘cold’ [-Wmissing-attributes]
  138 |  void cleanup_module(void) __attribute__((alias(#exitfn)));
      |       ^~~~~~~~~~~~~~
./include/linux/device.h:1360:1: note: in expansion of macro ‘module_exit’
 1360 | module_exit(__driver##_exit);
      | ^~~~~~~~~~~
./include/linux/usb.h:1195:2: note: in expansion of macro ‘module_driver’
 1195 |  module_driver(__usb_driver, usb_register, \
      |  ^~~~~~~~~~~~~
drivers/usb/class/usblp.c:1449:1: note: in expansion of macro ‘module_usb_driver’
 1449 | module_usb_driver(usblp_driver);
      | ^~~~~~~~~~~~~~~~~
In file included from ./include/linux/usb/ch9.h:35,
                 from ./include/linux/usb.h:5,
                 from drivers/usb/class/usblp.c:59:
drivers/usb/class/usblp.c:1449:19: note: ‘cleanup_module’ target declared here
 1449 | module_usb_driver(usblp_driver);
      |                   ^~~~~~~~~~~~
./include/linux/device.h:1356:20: note: in definition of macro ‘module_driver’
 1356 | static void __exit __driver##_exit(void) \
      |                    ^~~~~~~~
drivers/usb/class/usblp.c:1449:1: note: in expansion of macro ‘module_usb_driver’
 1449 | module_usb_driver(usblp_driver);
      | ^~~~~~~~~~~~~~~~~
In file included from drivers/usb/class/usblp.c:50:
./include/linux/module.h:132:6: warning: ‘init_module’ specifies less restrictive attribute than its target ‘usblp_driver_init’: ‘cold’ [-Wmissing-attributes]
  132 |  int init_module(void) __attribute__((alias(#initfn)));
      |      ^~~~~~~~~~~
./include/linux/device.h:1355:1: note: in expansion of macro ‘module_init’
 1355 | module_init(__driver##_init); \
      | ^~~~~~~~~~~
./include/linux/usb.h:1195:2: note: in expansion of macro ‘module_driver’
 1195 |  module_driver(__usb_driver, usb_register, \
      |  ^~~~~~~~~~~~~
drivers/usb/class/usblp.c:1449:1: note: in expansion of macro ‘module_usb_driver’
 1449 | module_usb_driver(usblp_driver);
      | ^~~~~~~~~~~~~~~~~
In file included from ./include/linux/usb/ch9.h:35,
                 from ./include/linux/usb.h:5,
                 from drivers/usb/class/usblp.c:59:
drivers/usb/class/usblp.c:1449:19: note: ‘init_module’ target declared here
 1449 | module_usb_driver(usblp_driver);
      |                   ^~~~~~~~~~~~
./include/linux/device.h:1351:19: note: in definition of macro ‘module_driver’
 1351 | static int __init __driver##_init(void) \
      |                   ^~~~~~~~
drivers/usb/class/usblp.c:1449:1: note: in expansion of macro ‘module_usb_driver’
 1449 | module_usb_driver(usblp_driver);
      | ^~~~~~~~~~~~~~~~~
  CC [M]  drivers/usb/class/cdc-wdm.o
In file included from drivers/usb/class/cdc-wdm.c:18:
./include/linux/module.h:138:7: warning: ‘cleanup_module’ specifies less restrictive attribute than its target ‘wdm_driver_exit’: ‘cold’ [-Wmissing-attributes]
  138 |  void cleanup_module(void) __attribute__((alias(#exitfn)));
      |       ^~~~~~~~~~~~~~
./include/linux/device.h:1360:1: note: in expansion of macro ‘module_exit’
 1360 | module_exit(__driver##_exit);
      | ^~~~~~~~~~~
./include/linux/usb.h:1195:2: note: in expansion of macro ‘module_driver’
 1195 |  module_driver(__usb_driver, usb_register, \
      |  ^~~~~~~~~~~~~
drivers/usb/class/cdc-wdm.c:1112:1: note: in expansion of macro ‘module_usb_driver’
 1112 | module_usb_driver(wdm_driver);
      | ^~~~~~~~~~~~~~~~~
In file included from ./include/linux/usb/ch9.h:35,
                 from ./include/linux/usb.h:5,
                 from drivers/usb/class/cdc-wdm.c:23:
drivers/usb/class/cdc-wdm.c:1112:19: note: ‘cleanup_module’ target declared here
 1112 | module_usb_driver(wdm_driver);
      |                   ^~~~~~~~~~
./include/linux/device.h:1356:20: note: in definition of macro ‘module_driver’
 1356 | static void __exit __driver##_exit(void) \
      |                    ^~~~~~~~
drivers/usb/class/cdc-wdm.c:1112:1: note: in expansion of macro ‘module_usb_driver’
 1112 | module_usb_driver(wdm_driver);
      | ^~~~~~~~~~~~~~~~~
In file included from drivers/usb/class/cdc-wdm.c:18:
./include/linux/module.h:132:6: warning: ‘init_module’ specifies less restrictive attribute than its target ‘wdm_driver_init’: ‘cold’ [-Wmissing-attributes]
  132 |  int init_module(void) __attribute__((alias(#initfn)));
      |      ^~~~~~~~~~~
./include/linux/device.h:1355:1: note: in expansion of macro ‘module_init’
 1355 | module_init(__driver##_init); \
      | ^~~~~~~~~~~
./include/linux/usb.h:1195:2: note: in expansion of macro ‘module_driver’
 1195 |  module_driver(__usb_driver, usb_register, \
      |  ^~~~~~~~~~~~~
drivers/usb/class/cdc-wdm.c:1112:1: note: in expansion of macro ‘module_usb_driver’
 1112 | module_usb_driver(wdm_driver);
      | ^~~~~~~~~~~~~~~~~
In file included from ./include/linux/usb/ch9.h:35,
                 from ./include/linux/usb.h:5,
                 from drivers/usb/class/cdc-wdm.c:23:
drivers/usb/class/cdc-wdm.c:1112:19: note: ‘init_module’ target declared here
 1112 | module_usb_driver(wdm_driver);
      |                   ^~~~~~~~~~
./include/linux/device.h:1351:19: note: in definition of macro ‘module_driver’
 1351 | static int __init __driver##_init(void) \
      |                   ^~~~~~~~
drivers/usb/class/cdc-wdm.c:1112:1: note: in expansion of macro ‘module_usb_driver’
 1112 | module_usb_driver(wdm_driver);
      | ^~~~~~~~~~~~~~~~~
  CC      drivers/usb/common/common.o
  LD      drivers/usb/common/usb-common.o
  LD      drivers/usb/common/built-in.o
  CC      drivers/usb/core/usb.o
  CC      drivers/usb/core/hub.o
  CC      drivers/usb/core/hcd.o
  CC      drivers/usb/core/urb.o
  CC      drivers/usb/core/message.o
  CC      drivers/usb/core/driver.o
  CC      drivers/usb/core/config.o
  CC      drivers/usb/core/file.o
  CC      drivers/usb/core/buffer.o
  CC      drivers/usb/core/sysfs.o
  CC      drivers/usb/core/endpoint.o
  CC      drivers/usb/core/devio.o
drivers/usb/core/devio.c: In function ‘proc_do_submiturb’:
drivers/usb/core/devio.c:1502:43: warning: taking address of packed member of ‘struct usb_ctrlrequest’ may result in an unaligned pointer value [-Waddress-of-packed-member]
 1502 |   if (uurb->buffer_length < (le16_to_cpup(&dr->wLength) + 8)) {
      |                                           ^~~~~~~~~~~~
drivers/usb/core/devio.c:1507:24: warning: taking address of packed member of ‘struct usb_ctrlrequest’ may result in an unaligned pointer value [-Waddress-of-packed-member]
 1507 |           le16_to_cpup(&dr->wIndex));
      |                        ^~~~~~~~~~~
drivers/usb/core/devio.c:1510:38: warning: taking address of packed member of ‘struct usb_ctrlrequest’ may result in an unaligned pointer value [-Waddress-of-packed-member]
 1510 |   uurb->buffer_length = le16_to_cpup(&dr->wLength);
      |                                      ^~~~~~~~~~~~
In file included from ./include/linux/usb/ch9.h:35,
                 from ./include/linux/usb.h:5,
                 from drivers/usb/core/devio.c:44:
drivers/usb/core/devio.c:1523:19: warning: taking address of packed member of ‘struct usb_ctrlrequest’ may result in an unaligned pointer value [-Waddress-of-packed-member]
 1523 |    __le16_to_cpup(&dr->wValue),
      |                   ^~~~~~~~~~~
./include/linux/device.h:1197:58: note: in definition of macro ‘dev_info’
 1197 | #define dev_info(dev, fmt, arg...) _dev_info(dev, fmt, ##arg)
      |                                                          ^~~
drivers/usb/core/devio.c:1519:3: note: in expansion of macro ‘snoop’
 1519 |   snoop(&ps->dev->dev, "control urb: bRequestType=%02x "
      |   ^~~~~
drivers/usb/core/devio.c:1524:19: warning: taking address of packed member of ‘struct usb_ctrlrequest’ may result in an unaligned pointer value [-Waddress-of-packed-member]
 1524 |    __le16_to_cpup(&dr->wIndex),
      |                   ^~~~~~~~~~~
./include/linux/device.h:1197:58: note: in definition of macro ‘dev_info’
 1197 | #define dev_info(dev, fmt, arg...) _dev_info(dev, fmt, ##arg)
      |                                                          ^~~
drivers/usb/core/devio.c:1519:3: note: in expansion of macro ‘snoop’
 1519 |   snoop(&ps->dev->dev, "control urb: bRequestType=%02x "
      |   ^~~~~
drivers/usb/core/devio.c:1525:19: warning: taking address of packed member of ‘struct usb_ctrlrequest’ may result in an unaligned pointer value [-Waddress-of-packed-member]
 1525 |    __le16_to_cpup(&dr->wLength));
      |                   ^~~~~~~~~~~~
./include/linux/device.h:1197:58: note: in definition of macro ‘dev_info’
 1197 | #define dev_info(dev, fmt, arg...) _dev_info(dev, fmt, ##arg)
      |                                                          ^~~
drivers/usb/core/devio.c:1519:3: note: in expansion of macro ‘snoop’
 1519 |   snoop(&ps->dev->dev, "control urb: bRequestType=%02x "
      |   ^~~~~
  CC      drivers/usb/core/notify.o
  CC      drivers/usb/core/generic.o
  CC      drivers/usb/core/quirks.o
  CC      drivers/usb/core/devices.o
  CC      drivers/usb/core/port.o
  CC      drivers/usb/core/of.o
  LD      drivers/usb/core/usbcore.o
  LD      drivers/usb/core/built-in.o
  CC      drivers/usb/host/dwc_common_port/dwc_cc.o
  CC      drivers/usb/host/dwc_common_port/dwc_modpow.o
  CC      drivers/usb/host/dwc_common_port/dwc_dh.o
  CC      drivers/usb/host/dwc_common_port/dwc_crypto.o
  CC      drivers/usb/host/dwc_common_port/dwc_notifier.o
  CC      drivers/usb/host/dwc_common_port/dwc_common_linux.o
  CC      drivers/usb/host/dwc_common_port/dwc_mem.o
  LD      drivers/usb/host/dwc_common_port/dwc_common_port_lib.o
  LD      drivers/usb/host/dwc_common_port/built-in.o
  CC      drivers/usb/host/dwc_otg/dwc_otg_driver.o
  CC      drivers/usb/host/dwc_otg/dwc_otg_attr.o
drivers/usb/host/dwc_otg/dwc_otg_attr.c: In function ‘spramdump_show’:
drivers/usb/host/dwc_otg/dwc_otg_attr.c:921:27: warning: unused variable ‘otg_dev’ [-Wunused-variable]
  921 |         dwc_otg_device_t *otg_dev = dwc_otg_drvdev(_dev);
      |                           ^~~~~~~
  CC      drivers/usb/host/dwc_otg/dwc_otg_cil.o
  CC      drivers/usb/host/dwc_otg/dwc_otg_cil_intr.o
  CC      drivers/usb/host/dwc_otg/dwc_otg_pcd_linux.o
  CC      drivers/usb/host/dwc_otg/dwc_otg_pcd.o
  CC      drivers/usb/host/dwc_otg/dwc_otg_pcd_intr.o
  CC      drivers/usb/host/dwc_otg/dwc_otg_hcd.o
drivers/usb/host/dwc_otg/dwc_otg_hcd.c: In function ‘dwc_otg_hcd_select_transactions’:
drivers/usb/host/dwc_otg/dwc_otg_hcd.c:2008:17: warning: unused variable ‘flags’ [-Wunused-variable]
 2008 |  dwc_irqflags_t flags;
      |                 ^~~~~
  CC      drivers/usb/host/dwc_otg/dwc_otg_hcd_linux.o
  CC      drivers/usb/host/dwc_otg/dwc_otg_hcd_intr.o
drivers/usb/host/dwc_otg/dwc_otg_hcd_intr.c: In function ‘release_channel’:
drivers/usb/host/dwc_otg/dwc_otg_hcd_intr.c:951:17: warning: unused variable ‘flags’ [-Wunused-variable]
  951 |  dwc_irqflags_t flags;
      |                 ^~~~~
  CC      drivers/usb/host/dwc_otg/dwc_otg_hcd_queue.o
  CC      drivers/usb/host/dwc_otg/dwc_otg_hcd_ddma.o
  CC      drivers/usb/host/dwc_otg/dwc_otg_adp.o
  CC      drivers/usb/host/dwc_otg/dwc_otg_fiq_fsm.o
drivers/usb/host/dwc_otg/dwc_otg_fiq_fsm.c: In function ‘fiq_fsm_update_hs_isoc’:
drivers/usb/host/dwc_otg/dwc_otg_fiq_fsm.c:587:61: warning: statement will never be executed [-Wswitch-unreachable]
  587 |   st->hctsiz_copy.b.xfersize = nrpackets * st->hcchar_copy.b.mps;
      |                                            ~~~~~~~~~~~~~~~~~^~~~
  AS      drivers/usb/host/dwc_otg/dwc_otg_fiq_stub.o
  LD      drivers/usb/host/dwc_otg/dwc_otg.o
  LD      drivers/usb/host/dwc_otg/built-in.o
  LD      drivers/usb/host/built-in.o
  LD      drivers/usb/image/built-in.o
  CC [M]  drivers/usb/image/mdc800.o
In file included from drivers/usb/image/mdc800.c:96:
./include/linux/module.h:138:7: warning: ‘cleanup_module’ specifies less restrictive attribute than its target ‘usb_mdc800_cleanup’: ‘cold’ [-Wmissing-attributes]
  138 |  void cleanup_module(void) __attribute__((alias(#exitfn)));
      |       ^~~~~~~~~~~~~~
drivers/usb/image/mdc800.c:1084:1: note: in expansion of macro ‘module_exit’
 1084 | module_exit (usb_mdc800_cleanup);
      | ^~~~~~~~~~~
drivers/usb/image/mdc800.c:1067:20: note: ‘cleanup_module’ target declared here
 1067 | static void __exit usb_mdc800_cleanup (void)
      |                    ^~~~~~~~~~~~~~~~~~
In file included from drivers/usb/image/mdc800.c:96:
./include/linux/module.h:132:6: warning: ‘init_module’ specifies less restrictive attribute than its target ‘usb_mdc800_init’: ‘cold’ [-Wmissing-attributes]
  132 |  int init_module(void) __attribute__((alias(#initfn)));
      |      ^~~~~~~~~~~
drivers/usb/image/mdc800.c:1083:1: note: in expansion of macro ‘module_init’
 1083 | module_init (usb_mdc800_init);
      | ^~~~~~~~~~~
drivers/usb/image/mdc800.c:994:19: note: ‘init_module’ target declared here
  994 | static int __init usb_mdc800_init (void)
      |                   ^~~~~~~~~~~~~~~
  CC [M]  drivers/usb/image/microtek.o
In file included from drivers/usb/image/microtek.c:122:
./include/linux/module.h:138:7: warning: ‘cleanup_module’ specifies less restrictive attribute than its target ‘mts_usb_driver_exit’: ‘cold’ [-Wmissing-attributes]
  138 |  void cleanup_module(void) __attribute__((alias(#exitfn)));
      |       ^~~~~~~~~~~~~~
./include/linux/device.h:1360:1: note: in expansion of macro ‘module_exit’
 1360 | module_exit(__driver##_exit);
      | ^~~~~~~~~~~
./include/linux/usb.h:1195:2: note: in expansion of macro ‘module_driver’
 1195 |  module_driver(__usb_driver, usb_register, \
      |  ^~~~~~~~~~~~~
drivers/usb/image/microtek.c:808:1: note: in expansion of macro ‘module_usb_driver’
  808 | module_usb_driver(mts_usb_driver);
      | ^~~~~~~~~~~~~~~~~
In file included from ./include/linux/usb/ch9.h:35,
                 from ./include/linux/usb.h:5,
                 from drivers/usb/image/microtek.c:130:
drivers/usb/image/microtek.c:808:19: note: ‘cleanup_module’ target declared here
  808 | module_usb_driver(mts_usb_driver);
      |                   ^~~~~~~~~~~~~~
./include/linux/device.h:1356:20: note: in definition of macro ‘module_driver’
 1356 | static void __exit __driver##_exit(void) \
      |                    ^~~~~~~~
drivers/usb/image/microtek.c:808:1: note: in expansion of macro ‘module_usb_driver’
  808 | module_usb_driver(mts_usb_driver);
      | ^~~~~~~~~~~~~~~~~
In file included from drivers/usb/image/microtek.c:122:
./include/linux/module.h:132:6: warning: ‘init_module’ specifies less restrictive attribute than its target ‘mts_usb_driver_init’: ‘cold’ [-Wmissing-attributes]
  132 |  int init_module(void) __attribute__((alias(#initfn)));
      |      ^~~~~~~~~~~
./include/linux/device.h:1355:1: note: in expansion of macro ‘module_init’
 1355 | module_init(__driver##_init); \
      | ^~~~~~~~~~~
./include/linux/usb.h:1195:2: note: in expansion of macro ‘module_driver’
 1195 |  module_driver(__usb_driver, usb_register, \
      |  ^~~~~~~~~~~~~
drivers/usb/image/microtek.c:808:1: note: in expansion of macro ‘module_usb_driver’
  808 | module_usb_driver(mts_usb_driver);
      | ^~~~~~~~~~~~~~~~~
In file included from ./include/linux/usb/ch9.h:35,
                 from ./include/linux/usb.h:5,
                 from drivers/usb/image/microtek.c:130:
drivers/usb/image/microtek.c:808:19: note: ‘init_module’ target declared here
  808 | module_usb_driver(mts_usb_driver);
      |                   ^~~~~~~~~~~~~~
./include/linux/device.h:1351:19: note: in definition of macro ‘module_driver’
 1351 | static int __init __driver##_init(void) \
      |                   ^~~~~~~~
drivers/usb/image/microtek.c:808:1: note: in expansion of macro ‘module_usb_driver’
  808 | module_usb_driver(mts_usb_driver);
      | ^~~~~~~~~~~~~~~~~
  LD      drivers/usb/misc/built-in.o
  CC [M]  drivers/usb/misc/adutux.o
In file included from drivers/usb/misc/adutux.c:26:
./include/linux/module.h:138:7: warning: ‘cleanup_module’ specifies less restrictive attribute than its target ‘adu_driver_exit’: ‘cold’ [-Wmissing-attributes]
  138 |  void cleanup_module(void) __attribute__((alias(#exitfn)));
      |       ^~~~~~~~~~~~~~
./include/linux/device.h:1360:1: note: in expansion of macro ‘module_exit’
 1360 | module_exit(__driver##_exit);
      | ^~~~~~~~~~~
./include/linux/usb.h:1195:2: note: in expansion of macro ‘module_driver’
 1195 |  module_driver(__usb_driver, usb_register, \
      |  ^~~~~~~~~~~~~
drivers/usb/misc/adutux.c:820:1: note: in expansion of macro ‘module_usb_driver’
  820 | module_usb_driver(adu_driver);
      | ^~~~~~~~~~~~~~~~~
In file included from ./include/linux/usb/ch9.h:35,
                 from ./include/linux/usb.h:5,
                 from drivers/usb/misc/adutux.c:27:
drivers/usb/misc/adutux.c:820:19: note: ‘cleanup_module’ target declared here
  820 | module_usb_driver(adu_driver);
      |                   ^~~~~~~~~~
./include/linux/device.h:1356:20: note: in definition of macro ‘module_driver’
 1356 | static void __exit __driver##_exit(void) \
      |                    ^~~~~~~~
drivers/usb/misc/adutux.c:820:1: note: in expansion of macro ‘module_usb_driver’
  820 | module_usb_driver(adu_driver);
      | ^~~~~~~~~~~~~~~~~
In file included from drivers/usb/misc/adutux.c:26:
./include/linux/module.h:132:6: warning: ‘init_module’ specifies less restrictive attribute than its target ‘adu_driver_init’: ‘cold’ [-Wmissing-attributes]
  132 |  int init_module(void) __attribute__((alias(#initfn)));
      |      ^~~~~~~~~~~
./include/linux/device.h:1355:1: note: in expansion of macro ‘module_init’
 1355 | module_init(__driver##_init); \
      | ^~~~~~~~~~~
./include/linux/usb.h:1195:2: note: in expansion of macro ‘module_driver’
 1195 |  module_driver(__usb_driver, usb_register, \
      |  ^~~~~~~~~~~~~
drivers/usb/misc/adutux.c:820:1: note: in expansion of macro ‘module_usb_driver’
  820 | module_usb_driver(adu_driver);
      | ^~~~~~~~~~~~~~~~~
In file included from ./include/linux/usb/ch9.h:35,
                 from ./include/linux/usb.h:5,
                 from drivers/usb/misc/adutux.c:27:
drivers/usb/misc/adutux.c:820:19: note: ‘init_module’ target declared here
  820 | module_usb_driver(adu_driver);
      |                   ^~~~~~~~~~
./include/linux/device.h:1351:19: note: in definition of macro ‘module_driver’
 1351 | static int __init __driver##_init(void) \
      |                   ^~~~~~~~
drivers/usb/misc/adutux.c:820:1: note: in expansion of macro ‘module_usb_driver’
  820 | module_usb_driver(adu_driver);
      | ^~~~~~~~~~~~~~~~~
  CC [M]  drivers/usb/misc/appledisplay.o
In file included from drivers/usb/misc/appledisplay.c:26:
./include/linux/module.h:138:7: warning: ‘cleanup_module’ specifies less restrictive attribute than its target ‘appledisplay_exit’: ‘cold’ [-Wmissing-attributes]
  138 |  void cleanup_module(void) __attribute__((alias(#exitfn)));
      |       ^~~~~~~~~~~~~~
drivers/usb/misc/appledisplay.c:376:1: note: in expansion of macro ‘module_exit’
  376 | module_exit(appledisplay_exit);
      | ^~~~~~~~~~~
drivers/usb/misc/appledisplay.c:366:20: note: ‘cleanup_module’ target declared here
  366 | static void __exit appledisplay_exit(void)
      |                    ^~~~~~~~~~~~~~~~~
In file included from drivers/usb/misc/appledisplay.c:26:
./include/linux/module.h:132:6: warning: ‘init_module’ specifies less restrictive attribute than its target ‘appledisplay_init’: ‘cold’ [-Wmissing-attributes]
  132 |  int init_module(void) __attribute__((alias(#initfn)));
      |      ^~~~~~~~~~~
drivers/usb/misc/appledisplay.c:375:1: note: in expansion of macro ‘module_init’
  375 | module_init(appledisplay_init);
      | ^~~~~~~~~~~
drivers/usb/misc/appledisplay.c:361:19: note: ‘init_module’ target declared here
  361 | static int __init appledisplay_init(void)
      |                   ^~~~~~~~~~~~~~~~~
  CC [M]  drivers/usb/misc/cypress_cy7c63.o
In file included from drivers/usb/misc/cypress_cy7c63.c:32:
./include/linux/module.h:138:7: warning: ‘cleanup_module’ specifies less restrictive attribute than its target ‘cypress_driver_exit’: ‘cold’ [-Wmissing-attributes]
  138 |  void cleanup_module(void) __attribute__((alias(#exitfn)));
      |       ^~~~~~~~~~~~~~
./include/linux/device.h:1360:1: note: in expansion of macro ‘module_exit’
 1360 | module_exit(__driver##_exit);
      | ^~~~~~~~~~~
./include/linux/usb.h:1195:2: note: in expansion of macro ‘module_driver’
 1195 |  module_driver(__usb_driver, usb_register, \
      |  ^~~~~~~~~~~~~
drivers/usb/misc/cypress_cy7c63.c:270:1: note: in expansion of macro ‘module_usb_driver’
  270 | module_usb_driver(cypress_driver);
      | ^~~~~~~~~~~~~~~~~
In file included from ./include/linux/usb/ch9.h:35,
                 from ./include/linux/usb.h:5,
                 from drivers/usb/misc/cypress_cy7c63.c:35:
drivers/usb/misc/cypress_cy7c63.c:270:19: note: ‘cleanup_module’ target declared here
  270 | module_usb_driver(cypress_driver);
      |                   ^~~~~~~~~~~~~~
./include/linux/device.h:1356:20: note: in definition of macro ‘module_driver’
 1356 | static void __exit __driver##_exit(void) \
      |                    ^~~~~~~~
drivers/usb/misc/cypress_cy7c63.c:270:1: note: in expansion of macro ‘module_usb_driver’
  270 | module_usb_driver(cypress_driver);
      | ^~~~~~~~~~~~~~~~~
In file included from drivers/usb/misc/cypress_cy7c63.c:32:
./include/linux/module.h:132:6: warning: ‘init_module’ specifies less restrictive attribute than its target ‘cypress_driver_init’: ‘cold’ [-Wmissing-attributes]
  132 |  int init_module(void) __attribute__((alias(#initfn)));
      |      ^~~~~~~~~~~
./include/linux/device.h:1355:1: note: in expansion of macro ‘module_init’
 1355 | module_init(__driver##_init); \
      | ^~~~~~~~~~~
./include/linux/usb.h:1195:2: note: in expansion of macro ‘module_driver’
 1195 |  module_driver(__usb_driver, usb_register, \
      |  ^~~~~~~~~~~~~
drivers/usb/misc/cypress_cy7c63.c:270:1: note: in expansion of macro ‘module_usb_driver’
  270 | module_usb_driver(cypress_driver);
      | ^~~~~~~~~~~~~~~~~
In file included from ./include/linux/usb/ch9.h:35,
                 from ./include/linux/usb.h:5,
                 from drivers/usb/misc/cypress_cy7c63.c:35:
drivers/usb/misc/cypress_cy7c63.c:270:19: note: ‘init_module’ target declared here
  270 | module_usb_driver(cypress_driver);
      |                   ^~~~~~~~~~~~~~
./include/linux/device.h:1351:19: note: in definition of macro ‘module_driver’
 1351 | static int __init __driver##_init(void) \
      |                   ^~~~~~~~
drivers/usb/misc/cypress_cy7c63.c:270:1: note: in expansion of macro ‘module_usb_driver’
  270 | module_usb_driver(cypress_driver);
      | ^~~~~~~~~~~~~~~~~
  CC [M]  drivers/usb/misc/cytherm.o
In file included from drivers/usb/misc/cytherm.c:20:
./include/linux/module.h:138:7: warning: ‘cleanup_module’ specifies less restrictive attribute than its target ‘cytherm_driver_exit’: ‘cold’ [-Wmissing-attributes]
  138 |  void cleanup_module(void) __attribute__((alias(#exitfn)));
      |       ^~~~~~~~~~~~~~
./include/linux/device.h:1360:1: note: in expansion of macro ‘module_exit’
 1360 | module_exit(__driver##_exit);
      | ^~~~~~~~~~~
./include/linux/usb.h:1195:2: note: in expansion of macro ‘module_driver’
 1195 |  module_driver(__usb_driver, usb_register, \
      |  ^~~~~~~~~~~~~
drivers/usb/misc/cytherm.c:403:1: note: in expansion of macro ‘module_usb_driver’
  403 | module_usb_driver(cytherm_driver);
      | ^~~~~~~~~~~~~~~~~
In file included from ./include/linux/usb/ch9.h:35,
                 from ./include/linux/usb.h:5,
                 from drivers/usb/misc/cytherm.c:21:
drivers/usb/misc/cytherm.c:403:19: note: ‘cleanup_module’ target declared here
  403 | module_usb_driver(cytherm_driver);
      |                   ^~~~~~~~~~~~~~
./include/linux/device.h:1356:20: note: in definition of macro ‘module_driver’
 1356 | static void __exit __driver##_exit(void) \
      |                    ^~~~~~~~
drivers/usb/misc/cytherm.c:403:1: note: in expansion of macro ‘module_usb_driver’
  403 | module_usb_driver(cytherm_driver);
      | ^~~~~~~~~~~~~~~~~
In file included from drivers/usb/misc/cytherm.c:20:
./include/linux/module.h:132:6: warning: ‘init_module’ specifies less restrictive attribute than its target ‘cytherm_driver_init’: ‘cold’ [-Wmissing-attributes]
  132 |  int init_module(void) __attribute__((alias(#initfn)));
      |      ^~~~~~~~~~~
./include/linux/device.h:1355:1: note: in expansion of macro ‘module_init’
 1355 | module_init(__driver##_init); \
      | ^~~~~~~~~~~
./include/linux/usb.h:1195:2: note: in expansion of macro ‘module_driver’
 1195 |  module_driver(__usb_driver, usb_register, \
      |  ^~~~~~~~~~~~~
drivers/usb/misc/cytherm.c:403:1: note: in expansion of macro ‘module_usb_driver’
  403 | module_usb_driver(cytherm_driver);
      | ^~~~~~~~~~~~~~~~~
In file included from ./include/linux/usb/ch9.h:35,
                 from ./include/linux/usb.h:5,
                 from drivers/usb/misc/cytherm.c:21:
drivers/usb/misc/cytherm.c:403:19: note: ‘init_module’ target declared here
  403 | module_usb_driver(cytherm_driver);
      |                   ^~~~~~~~~~~~~~
./include/linux/device.h:1351:19: note: in definition of macro ‘module_driver’
 1351 | static int __init __driver##_init(void) \
      |                   ^~~~~~~~
drivers/usb/misc/cytherm.c:403:1: note: in expansion of macro ‘module_usb_driver’
  403 | module_usb_driver(cytherm_driver);
      | ^~~~~~~~~~~~~~~~~
  CC [M]  drivers/usb/misc/emi26.o
In file included from drivers/usb/misc/emi26.c:15:
./include/linux/module.h:138:7: warning: ‘cleanup_module’ specifies less restrictive attribute than its target ‘emi26_driver_exit’: ‘cold’ [-Wmissing-attributes]
  138 |  void cleanup_module(void) __attribute__((alias(#exitfn)));
      |       ^~~~~~~~~~~~~~
./include/linux/device.h:1360:1: note: in expansion of macro ‘module_exit’
 1360 | module_exit(__driver##_exit);
      | ^~~~~~~~~~~
./include/linux/usb.h:1195:2: note: in expansion of macro ‘module_driver’
 1195 |  module_driver(__usb_driver, usb_register, \
      |  ^~~~~~~~~~~~~
drivers/usb/misc/emi26.c:252:1: note: in expansion of macro ‘module_usb_driver’
  252 | module_usb_driver(emi26_driver);
      | ^~~~~~~~~~~~~~~~~
In file included from ./include/linux/usb/ch9.h:35,
                 from ./include/linux/usb.h:5,
                 from drivers/usb/misc/emi26.c:16:
drivers/usb/misc/emi26.c:252:19: note: ‘cleanup_module’ target declared here
  252 | module_usb_driver(emi26_driver);
      |                   ^~~~~~~~~~~~
./include/linux/device.h:1356:20: note: in definition of macro ‘module_driver’
 1356 | static void __exit __driver##_exit(void) \
      |                    ^~~~~~~~
drivers/usb/misc/emi26.c:252:1: note: in expansion of macro ‘module_usb_driver’
  252 | module_usb_driver(emi26_driver);
      | ^~~~~~~~~~~~~~~~~
In file included from drivers/usb/misc/emi26.c:15:
./include/linux/module.h:132:6: warning: ‘init_module’ specifies less restrictive attribute than its target ‘emi26_driver_init’: ‘cold’ [-Wmissing-attributes]
  132 |  int init_module(void) __attribute__((alias(#initfn)));
      |      ^~~~~~~~~~~
./include/linux/device.h:1355:1: note: in expansion of macro ‘module_init’
 1355 | module_init(__driver##_init); \
      | ^~~~~~~~~~~
./include/linux/usb.h:1195:2: note: in expansion of macro ‘module_driver’
 1195 |  module_driver(__usb_driver, usb_register, \
      |  ^~~~~~~~~~~~~
drivers/usb/misc/emi26.c:252:1: note: in expansion of macro ‘module_usb_driver’
  252 | module_usb_driver(emi26_driver);
      | ^~~~~~~~~~~~~~~~~
In file included from ./include/linux/usb/ch9.h:35,
                 from ./include/linux/usb.h:5,
                 from drivers/usb/misc/emi26.c:16:
drivers/usb/misc/emi26.c:252:19: note: ‘init_module’ target declared here
  252 | module_usb_driver(emi26_driver);
      |                   ^~~~~~~~~~~~
./include/linux/device.h:1351:19: note: in definition of macro ‘module_driver’
 1351 | static int __init __driver##_init(void) \
      |                   ^~~~~~~~
drivers/usb/misc/emi26.c:252:1: note: in expansion of macro ‘module_usb_driver’
  252 | module_usb_driver(emi26_driver);
      | ^~~~~~~~~~~~~~~~~
  CC [M]  drivers/usb/misc/emi62.o
In file included from drivers/usb/misc/emi62.c:13:
./include/linux/module.h:138:7: warning: ‘cleanup_module’ specifies less restrictive attribute than its target ‘emi62_driver_exit’: ‘cold’ [-Wmissing-attributes]
  138 |  void cleanup_module(void) __attribute__((alias(#exitfn)));
      |       ^~~~~~~~~~~~~~
./include/linux/device.h:1360:1: note: in expansion of macro ‘module_exit’
 1360 | module_exit(__driver##_exit);
      | ^~~~~~~~~~~
./include/linux/usb.h:1195:2: note: in expansion of macro ‘module_driver’
 1195 |  module_driver(__usb_driver, usb_register, \
      |  ^~~~~~~~~~~~~
drivers/usb/misc/emi62.c:265:1: note: in expansion of macro ‘module_usb_driver’
  265 | module_usb_driver(emi62_driver);
      | ^~~~~~~~~~~~~~~~~
In file included from ./include/linux/usb/ch9.h:35,
                 from ./include/linux/usb.h:5,
                 from drivers/usb/misc/emi62.c:14:
drivers/usb/misc/emi62.c:265:19: note: ‘cleanup_module’ target declared here
  265 | module_usb_driver(emi62_driver);
      |                   ^~~~~~~~~~~~
./include/linux/device.h:1356:20: note: in definition of macro ‘module_driver’
 1356 | static void __exit __driver##_exit(void) \
      |                    ^~~~~~~~
drivers/usb/misc/emi62.c:265:1: note: in expansion of macro ‘module_usb_driver’
  265 | module_usb_driver(emi62_driver);
      | ^~~~~~~~~~~~~~~~~
In file included from drivers/usb/misc/emi62.c:13:
./include/linux/module.h:132:6: warning: ‘init_module’ specifies less restrictive attribute than its target ‘emi62_driver_init’: ‘cold’ [-Wmissing-attributes]
  132 |  int init_module(void) __attribute__((alias(#initfn)));
      |      ^~~~~~~~~~~
./include/linux/device.h:1355:1: note: in expansion of macro ‘module_init’
 1355 | module_init(__driver##_init); \
      | ^~~~~~~~~~~
./include/linux/usb.h:1195:2: note: in expansion of macro ‘module_driver’
 1195 |  module_driver(__usb_driver, usb_register, \
      |  ^~~~~~~~~~~~~
drivers/usb/misc/emi62.c:265:1: note: in expansion of macro ‘module_usb_driver’
  265 | module_usb_driver(emi62_driver);
      | ^~~~~~~~~~~~~~~~~
In file included from ./include/linux/usb/ch9.h:35,
                 from ./include/linux/usb.h:5,
                 from drivers/usb/misc/emi62.c:14:
drivers/usb/misc/emi62.c:265:19: note: ‘init_module’ target declared here
  265 | module_usb_driver(emi62_driver);
      |                   ^~~~~~~~~~~~
./include/linux/device.h:1351:19: note: in definition of macro ‘module_driver’
 1351 | static int __init __driver##_init(void) \
      |                   ^~~~~~~~
drivers/usb/misc/emi62.c:265:1: note: in expansion of macro ‘module_usb_driver’
  265 | module_usb_driver(emi62_driver);
      | ^~~~~~~~~~~~~~~~~
  CC [M]  drivers/usb/misc/ezusb.o
  CC [M]  drivers/usb/misc/ftdi-elan.o
In file included from drivers/usb/misc/ftdi-elan.c:48:
./include/linux/module.h:138:7: warning: ‘cleanup_module’ specifies less restrictive attribute than its target ‘ftdi_elan_exit’: ‘cold’ [-Wmissing-attributes]
  138 |  void cleanup_module(void) __attribute__((alias(#exitfn)));
      |       ^~~~~~~~~~~~~~
drivers/usb/misc/ftdi-elan.c:2857:1: note: in expansion of macro ‘module_exit’
 2857 | module_exit(ftdi_elan_exit);
      | ^~~~~~~~~~~
drivers/usb/misc/ftdi-elan.c:2842:20: note: ‘cleanup_module’ target declared here
 2842 | static void __exit ftdi_elan_exit(void)
      |                    ^~~~~~~~~~~~~~
In file included from drivers/usb/misc/ftdi-elan.c:48:
./include/linux/module.h:132:6: warning: ‘init_module’ specifies less restrictive attribute than its target ‘ftdi_elan_init’: ‘cold’ [-Wmissing-attributes]
  132 |  int init_module(void) __attribute__((alias(#initfn)));
      |      ^~~~~~~~~~~
drivers/usb/misc/ftdi-elan.c:2856:1: note: in expansion of macro ‘module_init’
 2856 | module_init(ftdi_elan_init);
      | ^~~~~~~~~~~
drivers/usb/misc/ftdi-elan.c:2828:19: note: ‘init_module’ target declared here
 2828 | static int __init ftdi_elan_init(void)
      |                   ^~~~~~~~~~~~~~
  CC [M]  drivers/usb/misc/idmouse.o
In file included from drivers/usb/misc/idmouse.c:23:
./include/linux/module.h:138:7: warning: ‘cleanup_module’ specifies less restrictive attribute than its target ‘idmouse_driver_exit’: ‘cold’ [-Wmissing-attributes]
  138 |  void cleanup_module(void) __attribute__((alias(#exitfn)));
      |       ^~~~~~~~~~~~~~
./include/linux/device.h:1360:1: note: in expansion of macro ‘module_exit’
 1360 | module_exit(__driver##_exit);
      | ^~~~~~~~~~~
./include/linux/usb.h:1195:2: note: in expansion of macro ‘module_driver’
 1195 |  module_driver(__usb_driver, usb_register, \
      |  ^~~~~~~~~~~~~
drivers/usb/misc/idmouse.c:433:1: note: in expansion of macro ‘module_usb_driver’
  433 | module_usb_driver(idmouse_driver);
      | ^~~~~~~~~~~~~~~~~
In file included from ./include/linux/usb/ch9.h:35,
                 from ./include/linux/usb.h:5,
                 from drivers/usb/misc/idmouse.c:27:
drivers/usb/misc/idmouse.c:433:19: note: ‘cleanup_module’ target declared here
  433 | module_usb_driver(idmouse_driver);
      |                   ^~~~~~~~~~~~~~
./include/linux/device.h:1356:20: note: in definition of macro ‘module_driver’
 1356 | static void __exit __driver##_exit(void) \
      |                    ^~~~~~~~
drivers/usb/misc/idmouse.c:433:1: note: in expansion of macro ‘module_usb_driver’
  433 | module_usb_driver(idmouse_driver);
      | ^~~~~~~~~~~~~~~~~
In file included from drivers/usb/misc/idmouse.c:23:
./include/linux/module.h:132:6: warning: ‘init_module’ specifies less restrictive attribute than its target ‘idmouse_driver_init’: ‘cold’ [-Wmissing-attributes]
  132 |  int init_module(void) __attribute__((alias(#initfn)));
      |      ^~~~~~~~~~~
./include/linux/device.h:1355:1: note: in expansion of macro ‘module_init’
 1355 | module_init(__driver##_init); \
      | ^~~~~~~~~~~
./include/linux/usb.h:1195:2: note: in expansion of macro ‘module_driver’
 1195 |  module_driver(__usb_driver, usb_register, \
      |  ^~~~~~~~~~~~~
drivers/usb/misc/idmouse.c:433:1: note: in expansion of macro ‘module_usb_driver’
  433 | module_usb_driver(idmouse_driver);
      | ^~~~~~~~~~~~~~~~~
In file included from ./include/linux/usb/ch9.h:35,
                 from ./include/linux/usb.h:5,
                 from drivers/usb/misc/idmouse.c:27:
drivers/usb/misc/idmouse.c:433:19: note: ‘init_module’ target declared here
  433 | module_usb_driver(idmouse_driver);
      |                   ^~~~~~~~~~~~~~
./include/linux/device.h:1351:19: note: in definition of macro ‘module_driver’
 1351 | static int __init __driver##_init(void) \
      |                   ^~~~~~~~
drivers/usb/misc/idmouse.c:433:1: note: in expansion of macro ‘module_usb_driver’
  433 | module_usb_driver(idmouse_driver);
      | ^~~~~~~~~~~~~~~~~
  CC [M]  drivers/usb/misc/iowarrior.o
In file included from drivers/usb/misc/iowarrior.c:16:
./include/linux/module.h:138:7: warning: ‘cleanup_module’ specifies less restrictive attribute than its target ‘iowarrior_driver_exit’: ‘cold’ [-Wmissing-attributes]
  138 |  void cleanup_module(void) __attribute__((alias(#exitfn)));
      |       ^~~~~~~~~~~~~~
./include/linux/device.h:1360:1: note: in expansion of macro ‘module_exit’
 1360 | module_exit(__driver##_exit);
      | ^~~~~~~~~~~
./include/linux/usb.h:1195:2: note: in expansion of macro ‘module_driver’
 1195 |  module_driver(__usb_driver, usb_register, \
      |  ^~~~~~~~~~~~~
drivers/usb/misc/iowarrior.c:928:1: note: in expansion of macro ‘module_usb_driver’
  928 | module_usb_driver(iowarrior_driver);
      | ^~~~~~~~~~~~~~~~~
In file included from ./include/linux/usb/ch9.h:35,
                 from ./include/linux/usb.h:5,
                 from drivers/usb/misc/iowarrior.c:17:
drivers/usb/misc/iowarrior.c:928:19: note: ‘cleanup_module’ target declared here
  928 | module_usb_driver(iowarrior_driver);
      |                   ^~~~~~~~~~~~~~~~
./include/linux/device.h:1356:20: note: in definition of macro ‘module_driver’
 1356 | static void __exit __driver##_exit(void) \
      |                    ^~~~~~~~
drivers/usb/misc/iowarrior.c:928:1: note: in expansion of macro ‘module_usb_driver’
  928 | module_usb_driver(iowarrior_driver);
      | ^~~~~~~~~~~~~~~~~
In file included from drivers/usb/misc/iowarrior.c:16:
./include/linux/module.h:132:6: warning: ‘init_module’ specifies less restrictive attribute than its target ‘iowarrior_driver_init’: ‘cold’ [-Wmissing-attributes]
  132 |  int init_module(void) __attribute__((alias(#initfn)));
      |      ^~~~~~~~~~~
./include/linux/device.h:1355:1: note: in expansion of macro ‘module_init’
 1355 | module_init(__driver##_init); \
      | ^~~~~~~~~~~
./include/linux/usb.h:1195:2: note: in expansion of macro ‘module_driver’
 1195 |  module_driver(__usb_driver, usb_register, \
      |  ^~~~~~~~~~~~~
drivers/usb/misc/iowarrior.c:928:1: note: in expansion of macro ‘module_usb_driver’
  928 | module_usb_driver(iowarrior_driver);
      | ^~~~~~~~~~~~~~~~~
In file included from ./include/linux/usb/ch9.h:35,
                 from ./include/linux/usb.h:5,
                 from drivers/usb/misc/iowarrior.c:17:
drivers/usb/misc/iowarrior.c:928:19: note: ‘init_module’ target declared here
  928 | module_usb_driver(iowarrior_driver);
      |                   ^~~~~~~~~~~~~~~~
./include/linux/device.h:1351:19: note: in definition of macro ‘module_driver’
 1351 | static int __init __driver##_init(void) \
      |                   ^~~~~~~~
drivers/usb/misc/iowarrior.c:928:1: note: in expansion of macro ‘module_usb_driver’
  928 | module_usb_driver(iowarrior_driver);
      | ^~~~~~~~~~~~~~~~~
  CC [M]  drivers/usb/misc/isight_firmware.o
In file included from drivers/usb/misc/isight_firmware.c:27:
./include/linux/module.h:138:7: warning: ‘cleanup_module’ specifies less restrictive attribute than its target ‘isight_firmware_driver_exit’: ‘cold’ [-Wmissing-attributes]
  138 |  void cleanup_module(void) __attribute__((alias(#exitfn)));
      |       ^~~~~~~~~~~~~~
./include/linux/device.h:1360:1: note: in expansion of macro ‘module_exit’
 1360 | module_exit(__driver##_exit);
      | ^~~~~~~~~~~
./include/linux/usb.h:1195:2: note: in expansion of macro ‘module_driver’
 1195 |  module_driver(__usb_driver, usb_register, \
      |  ^~~~~~~~~~~~~
drivers/usb/misc/isight_firmware.c:131:1: note: in expansion of macro ‘module_usb_driver’
  131 | module_usb_driver(isight_firmware_driver);
      | ^~~~~~~~~~~~~~~~~
In file included from ./include/linux/usb/ch9.h:35,
                 from ./include/linux/usb.h:5,
                 from drivers/usb/misc/isight_firmware.c:24:
drivers/usb/misc/isight_firmware.c:131:19: note: ‘cleanup_module’ target declared here
  131 | module_usb_driver(isight_firmware_driver);
      |                   ^~~~~~~~~~~~~~~~~~~~~~
./include/linux/device.h:1356:20: note: in definition of macro ‘module_driver’
 1356 | static void __exit __driver##_exit(void) \
      |                    ^~~~~~~~
drivers/usb/misc/isight_firmware.c:131:1: note: in expansion of macro ‘module_usb_driver’
  131 | module_usb_driver(isight_firmware_driver);
      | ^~~~~~~~~~~~~~~~~
In file included from drivers/usb/misc/isight_firmware.c:27:
./include/linux/module.h:132:6: warning: ‘init_module’ specifies less restrictive attribute than its target ‘isight_firmware_driver_init’: ‘cold’ [-Wmissing-attributes]
  132 |  int init_module(void) __attribute__((alias(#initfn)));
      |      ^~~~~~~~~~~
./include/linux/device.h:1355:1: note: in expansion of macro ‘module_init’
 1355 | module_init(__driver##_init); \
      | ^~~~~~~~~~~
./include/linux/usb.h:1195:2: note: in expansion of macro ‘module_driver’
 1195 |  module_driver(__usb_driver, usb_register, \
      |  ^~~~~~~~~~~~~
drivers/usb/misc/isight_firmware.c:131:1: note: in expansion of macro ‘module_usb_driver’
  131 | module_usb_driver(isight_firmware_driver);
      | ^~~~~~~~~~~~~~~~~
In file included from ./include/linux/usb/ch9.h:35,
                 from ./include/linux/usb.h:5,
                 from drivers/usb/misc/isight_firmware.c:24:
drivers/usb/misc/isight_firmware.c:131:19: note: ‘init_module’ target declared here
  131 | module_usb_driver(isight_firmware_driver);
      |                   ^~~~~~~~~~~~~~~~~~~~~~
./include/linux/device.h:1351:19: note: in definition of macro ‘module_driver’
 1351 | static int __init __driver##_init(void) \
      |                   ^~~~~~~~
drivers/usb/misc/isight_firmware.c:131:1: note: in expansion of macro ‘module_usb_driver’
  131 | module_usb_driver(isight_firmware_driver);
      | ^~~~~~~~~~~~~~~~~
  CC [M]  drivers/usb/misc/usblcd.o
In file included from drivers/usb/misc/usblcd.c:15:
./include/linux/module.h:138:7: warning: ‘cleanup_module’ specifies less restrictive attribute than its target ‘lcd_driver_exit’: ‘cold’ [-Wmissing-attributes]
  138 |  void cleanup_module(void) __attribute__((alias(#exitfn)));
      |       ^~~~~~~~~~~~~~
./include/linux/device.h:1360:1: note: in expansion of macro ‘module_exit’
 1360 | module_exit(__driver##_exit);
      | ^~~~~~~~~~~
./include/linux/usb.h:1195:2: note: in expansion of macro ‘module_driver’
 1195 |  module_driver(__usb_driver, usb_register, \
      |  ^~~~~~~~~~~~~
drivers/usb/misc/usblcd.c:451:1: note: in expansion of macro ‘module_usb_driver’
  451 | module_usb_driver(lcd_driver);
      | ^~~~~~~~~~~~~~~~~
In file included from ./include/linux/usb/ch9.h:35,
                 from ./include/linux/usb.h:5,
                 from drivers/usb/misc/usblcd.c:21:
drivers/usb/misc/usblcd.c:451:19: note: ‘cleanup_module’ target declared here
  451 | module_usb_driver(lcd_driver);
      |                   ^~~~~~~~~~
./include/linux/device.h:1356:20: note: in definition of macro ‘module_driver’
 1356 | static void __exit __driver##_exit(void) \
      |                    ^~~~~~~~
drivers/usb/misc/usblcd.c:451:1: note: in expansion of macro ‘module_usb_driver’
  451 | module_usb_driver(lcd_driver);
      | ^~~~~~~~~~~~~~~~~
In file included from drivers/usb/misc/usblcd.c:15:
./include/linux/module.h:132:6: warning: ‘init_module’ specifies less restrictive attribute than its target ‘lcd_driver_init’: ‘cold’ [-Wmissing-attributes]
  132 |  int init_module(void) __attribute__((alias(#initfn)));
      |      ^~~~~~~~~~~
./include/linux/device.h:1355:1: note: in expansion of macro ‘module_init’
 1355 | module_init(__driver##_init); \
      | ^~~~~~~~~~~
./include/linux/usb.h:1195:2: note: in expansion of macro ‘module_driver’
 1195 |  module_driver(__usb_driver, usb_register, \
      |  ^~~~~~~~~~~~~
drivers/usb/misc/usblcd.c:451:1: note: in expansion of macro ‘module_usb_driver’
  451 | module_usb_driver(lcd_driver);
      | ^~~~~~~~~~~~~~~~~
In file included from ./include/linux/usb/ch9.h:35,
                 from ./include/linux/usb.h:5,
                 from drivers/usb/misc/usblcd.c:21:
drivers/usb/misc/usblcd.c:451:19: note: ‘init_module’ target declared here
  451 | module_usb_driver(lcd_driver);
      |                   ^~~~~~~~~~
./include/linux/device.h:1351:19: note: in definition of macro ‘module_driver’
 1351 | static int __init __driver##_init(void) \
      |                   ^~~~~~~~
drivers/usb/misc/usblcd.c:451:1: note: in expansion of macro ‘module_usb_driver’
  451 | module_usb_driver(lcd_driver);
      | ^~~~~~~~~~~~~~~~~
  CC [M]  drivers/usb/misc/ldusb.o
In file included from drivers/usb/misc/ldusb.c:28:
./include/linux/module.h:138:7: warning: ‘cleanup_module’ specifies less restrictive attribute than its target ‘ld_usb_driver_exit’: ‘cold’ [-Wmissing-attributes]
  138 |  void cleanup_module(void) __attribute__((alias(#exitfn)));
      |       ^~~~~~~~~~~~~~
./include/linux/device.h:1360:1: note: in expansion of macro ‘module_exit’
 1360 | module_exit(__driver##_exit);
      | ^~~~~~~~~~~
./include/linux/usb.h:1195:2: note: in expansion of macro ‘module_driver’
 1195 |  module_driver(__usb_driver, usb_register, \
      |  ^~~~~~~~~~~~~
drivers/usb/misc/ldusb.c:791:1: note: in expansion of macro ‘module_usb_driver’
  791 | module_usb_driver(ld_usb_driver);
      | ^~~~~~~~~~~~~~~~~
In file included from ./include/linux/input.h:22,
                 from drivers/usb/misc/ldusb.c:32:
drivers/usb/misc/ldusb.c:791:19: note: ‘cleanup_module’ target declared here
  791 | module_usb_driver(ld_usb_driver);
      |                   ^~~~~~~~~~~~~
./include/linux/device.h:1356:20: note: in definition of macro ‘module_driver’
 1356 | static void __exit __driver##_exit(void) \
      |                    ^~~~~~~~
drivers/usb/misc/ldusb.c:791:1: note: in expansion of macro ‘module_usb_driver’
  791 | module_usb_driver(ld_usb_driver);
      | ^~~~~~~~~~~~~~~~~
In file included from drivers/usb/misc/ldusb.c:28:
./include/linux/module.h:132:6: warning: ‘init_module’ specifies less restrictive attribute than its target ‘ld_usb_driver_init’: ‘cold’ [-Wmissing-attributes]
  132 |  int init_module(void) __attribute__((alias(#initfn)));
      |      ^~~~~~~~~~~
./include/linux/device.h:1355:1: note: in expansion of macro ‘module_init’
 1355 | module_init(__driver##_init); \
      | ^~~~~~~~~~~
./include/linux/usb.h:1195:2: note: in expansion of macro ‘module_driver’
 1195 |  module_driver(__usb_driver, usb_register, \
      |  ^~~~~~~~~~~~~
drivers/usb/misc/ldusb.c:791:1: note: in expansion of macro ‘module_usb_driver’
  791 | module_usb_driver(ld_usb_driver);
      | ^~~~~~~~~~~~~~~~~
In file included from ./include/linux/input.h:22,
                 from drivers/usb/misc/ldusb.c:32:
drivers/usb/misc/ldusb.c:791:19: note: ‘init_module’ target declared here
  791 | module_usb_driver(ld_usb_driver);
      |                   ^~~~~~~~~~~~~
./include/linux/device.h:1351:19: note: in definition of macro ‘module_driver’
 1351 | static int __init __driver##_init(void) \
      |                   ^~~~~~~~
drivers/usb/misc/ldusb.c:791:1: note: in expansion of macro ‘module_usb_driver’
  791 | module_usb_driver(ld_usb_driver);
      | ^~~~~~~~~~~~~~~~~
  CC [M]  drivers/usb/misc/legousbtower.o
In file included from drivers/usb/misc/legousbtower.c:83:
./include/linux/module.h:138:7: warning: ‘cleanup_module’ specifies less restrictive attribute than its target ‘tower_driver_exit’: ‘cold’ [-Wmissing-attributes]
  138 |  void cleanup_module(void) __attribute__((alias(#exitfn)));
      |       ^~~~~~~~~~~~~~
./include/linux/device.h:1360:1: note: in expansion of macro ‘module_exit’
 1360 | module_exit(__driver##_exit);
      | ^~~~~~~~~~~
./include/linux/usb.h:1195:2: note: in expansion of macro ‘module_driver’
 1195 |  module_driver(__usb_driver, usb_register, \
      |  ^~~~~~~~~~~~~
drivers/usb/misc/legousbtower.c:992:1: note: in expansion of macro ‘module_usb_driver’
  992 | module_usb_driver(tower_driver);
      | ^~~~~~~~~~~~~~~~~
In file included from ./include/linux/usb/ch9.h:35,
                 from ./include/linux/usb.h:5,
                 from drivers/usb/misc/legousbtower.c:87:
drivers/usb/misc/legousbtower.c:992:19: note: ‘cleanup_module’ target declared here
  992 | module_usb_driver(tower_driver);
      |                   ^~~~~~~~~~~~
./include/linux/device.h:1356:20: note: in definition of macro ‘module_driver’
 1356 | static void __exit __driver##_exit(void) \
      |                    ^~~~~~~~
drivers/usb/misc/legousbtower.c:992:1: note: in expansion of macro ‘module_usb_driver’
  992 | module_usb_driver(tower_driver);
      | ^~~~~~~~~~~~~~~~~
In file included from drivers/usb/misc/legousbtower.c:83:
./include/linux/module.h:132:6: warning: ‘init_module’ specifies less restrictive attribute than its target ‘tower_driver_init’: ‘cold’ [-Wmissing-attributes]
  132 |  int init_module(void) __attribute__((alias(#initfn)));
      |      ^~~~~~~~~~~
./include/linux/device.h:1355:1: note: in expansion of macro ‘module_init’
 1355 | module_init(__driver##_init); \
      | ^~~~~~~~~~~
./include/linux/usb.h:1195:2: note: in expansion of macro ‘module_driver’
 1195 |  module_driver(__usb_driver, usb_register, \
      |  ^~~~~~~~~~~~~
drivers/usb/misc/legousbtower.c:992:1: note: in expansion of macro ‘module_usb_driver’
  992 | module_usb_driver(tower_driver);
      | ^~~~~~~~~~~~~~~~~
In file included from ./include/linux/usb/ch9.h:35,
                 from ./include/linux/usb.h:5,
                 from drivers/usb/misc/legousbtower.c:87:
drivers/usb/misc/legousbtower.c:992:19: note: ‘init_module’ target declared here
  992 | module_usb_driver(tower_driver);
      |                   ^~~~~~~~~~~~
./include/linux/device.h:1351:19: note: in definition of macro ‘module_driver’
 1351 | static int __init __driver##_init(void) \
      |                   ^~~~~~~~
drivers/usb/misc/legousbtower.c:992:1: note: in expansion of macro ‘module_usb_driver’
  992 | module_usb_driver(tower_driver);
      | ^~~~~~~~~~~~~~~~~
  CC [M]  drivers/usb/misc/rio500.o
In file included from drivers/usb/misc/rio500.c:31:
./include/linux/module.h:138:7: warning: ‘cleanup_module’ specifies less restrictive attribute than its target ‘rio_driver_exit’: ‘cold’ [-Wmissing-attributes]
  138 |  void cleanup_module(void) __attribute__((alias(#exitfn)));
      |       ^~~~~~~~~~~~~~
./include/linux/device.h:1360:1: note: in expansion of macro ‘module_exit’
 1360 | module_exit(__driver##_exit);
      | ^~~~~~~~~~~
./include/linux/usb.h:1195:2: note: in expansion of macro ‘module_driver’
 1195 |  module_driver(__usb_driver, usb_register, \
      |  ^~~~~~~~~~~~~
drivers/usb/misc/rio500.c:548:1: note: in expansion of macro ‘module_usb_driver’
  548 | module_usb_driver(rio_driver);
      | ^~~~~~~~~~~~~~~~~
In file included from ./include/linux/usb/ch9.h:35,
                 from ./include/linux/usb.h:5,
                 from drivers/usb/misc/rio500.c:41:
drivers/usb/misc/rio500.c:548:19: note: ‘cleanup_module’ target declared here
  548 | module_usb_driver(rio_driver);
      |                   ^~~~~~~~~~
./include/linux/device.h:1356:20: note: in definition of macro ‘module_driver’
 1356 | static void __exit __driver##_exit(void) \
      |                    ^~~~~~~~
drivers/usb/misc/rio500.c:548:1: note: in expansion of macro ‘module_usb_driver’
  548 | module_usb_driver(rio_driver);
      | ^~~~~~~~~~~~~~~~~
In file included from drivers/usb/misc/rio500.c:31:
./include/linux/module.h:132:6: warning: ‘init_module’ specifies less restrictive attribute than its target ‘rio_driver_init’: ‘cold’ [-Wmissing-attributes]
  132 |  int init_module(void) __attribute__((alias(#initfn)));
      |      ^~~~~~~~~~~
./include/linux/device.h:1355:1: note: in expansion of macro ‘module_init’
 1355 | module_init(__driver##_init); \
      | ^~~~~~~~~~~
./include/linux/usb.h:1195:2: note: in expansion of macro ‘module_driver’
 1195 |  module_driver(__usb_driver, usb_register, \
      |  ^~~~~~~~~~~~~
drivers/usb/misc/rio500.c:548:1: note: in expansion of macro ‘module_usb_driver’
  548 | module_usb_driver(rio_driver);
      | ^~~~~~~~~~~~~~~~~
In file included from ./include/linux/usb/ch9.h:35,
                 from ./include/linux/usb.h:5,
                 from drivers/usb/misc/rio500.c:41:
drivers/usb/misc/rio500.c:548:19: note: ‘init_module’ target declared here
  548 | module_usb_driver(rio_driver);
      |                   ^~~~~~~~~~
./include/linux/device.h:1351:19: note: in definition of macro ‘module_driver’
 1351 | static int __init __driver##_init(void) \
      |                   ^~~~~~~~
drivers/usb/misc/rio500.c:548:1: note: in expansion of macro ‘module_usb_driver’
  548 | module_usb_driver(rio_driver);
      | ^~~~~~~~~~~~~~~~~
  CC [M]  drivers/usb/misc/usbtest.o
drivers/usb/misc/usbtest.c: In function ‘get_maxpacket’:
drivers/usb/misc/usbtest.c:353:22: warning: taking address of packed member of ‘struct usb_endpoint_descriptor’ may result in an unaligned pointer value [-Waddress-of-packed-member]
  353 |  return le16_to_cpup(&ep->desc.wMaxPacketSize);
      |                      ^~~~~~~~~~~~~~~~~~~~~~~~
In file included from drivers/usb/misc/usbtest.c:6:
drivers/usb/misc/usbtest.c: At top level:
./include/linux/module.h:138:7: warning: ‘cleanup_module’ specifies less restrictive attribute than its target ‘usbtest_exit’: ‘cold’ [-Wmissing-attributes]
  138 |  void cleanup_module(void) __attribute__((alias(#exitfn)));
      |       ^~~~~~~~~~~~~~
drivers/usb/misc/usbtest.c:2963:1: note: in expansion of macro ‘module_exit’
 2963 | module_exit(usbtest_exit);
      | ^~~~~~~~~~~
drivers/usb/misc/usbtest.c:2959:20: note: ‘cleanup_module’ target declared here
 2959 | static void __exit usbtest_exit(void)
      |                    ^~~~~~~~~~~~
In file included from drivers/usb/misc/usbtest.c:6:
./include/linux/module.h:132:6: warning: ‘init_module’ specifies less restrictive attribute than its target ‘usbtest_init’: ‘cold’ [-Wmissing-attributes]
  132 |  int init_module(void) __attribute__((alias(#initfn)));
      |      ^~~~~~~~~~~
drivers/usb/misc/usbtest.c:2957:1: note: in expansion of macro ‘module_init’
 2957 | module_init(usbtest_init);
      | ^~~~~~~~~~~
drivers/usb/misc/usbtest.c:2949:19: note: ‘init_module’ target declared here
 2949 | static int __init usbtest_init(void)
      |                   ^~~~~~~~~~~~
  CC [M]  drivers/usb/misc/trancevibrator.o
In file included from drivers/usb/misc/trancevibrator.c:25:
./include/linux/module.h:138:7: warning: ‘cleanup_module’ specifies less restrictive attribute than its target ‘tv_driver_exit’: ‘cold’ [-Wmissing-attributes]
  138 |  void cleanup_module(void) __attribute__((alias(#exitfn)));
      |       ^~~~~~~~~~~~~~
./include/linux/device.h:1360:1: note: in expansion of macro ‘module_exit’
 1360 | module_exit(__driver##_exit);
      | ^~~~~~~~~~~
./include/linux/usb.h:1195:2: note: in expansion of macro ‘module_driver’
 1195 |  module_driver(__usb_driver, usb_register, \
      |  ^~~~~~~~~~~~~
drivers/usb/misc/trancevibrator.c:138:1: note: in expansion of macro ‘module_usb_driver’
  138 | module_usb_driver(tv_driver);
      | ^~~~~~~~~~~~~~~~~
In file included from ./include/linux/usb/ch9.h:35,
                 from ./include/linux/usb.h:5,
                 from drivers/usb/misc/trancevibrator.c:26:
drivers/usb/misc/trancevibrator.c:138:19: note: ‘cleanup_module’ target declared here
  138 | module_usb_driver(tv_driver);
      |                   ^~~~~~~~~
./include/linux/device.h:1356:20: note: in definition of macro ‘module_driver’
 1356 | static void __exit __driver##_exit(void) \
      |                    ^~~~~~~~
drivers/usb/misc/trancevibrator.c:138:1: note: in expansion of macro ‘module_usb_driver’
  138 | module_usb_driver(tv_driver);
      | ^~~~~~~~~~~~~~~~~
In file included from drivers/usb/misc/trancevibrator.c:25:
./include/linux/module.h:132:6: warning: ‘init_module’ specifies less restrictive attribute than its target ‘tv_driver_init’: ‘cold’ [-Wmissing-attributes]
  132 |  int init_module(void) __attribute__((alias(#initfn)));
      |      ^~~~~~~~~~~
./include/linux/device.h:1355:1: note: in expansion of macro ‘module_init’
 1355 | module_init(__driver##_init); \
      | ^~~~~~~~~~~
./include/linux/usb.h:1195:2: note: in expansion of macro ‘module_driver’
 1195 |  module_driver(__usb_driver, usb_register, \
      |  ^~~~~~~~~~~~~
drivers/usb/misc/trancevibrator.c:138:1: note: in expansion of macro ‘module_usb_driver’
  138 | module_usb_driver(tv_driver);
      | ^~~~~~~~~~~~~~~~~
In file included from ./include/linux/usb/ch9.h:35,
                 from ./include/linux/usb.h:5,
                 from drivers/usb/misc/trancevibrator.c:26:
drivers/usb/misc/trancevibrator.c:138:19: note: ‘init_module’ target declared here
  138 | module_usb_driver(tv_driver);
      |                   ^~~~~~~~~
./include/linux/device.h:1351:19: note: in definition of macro ‘module_driver’
 1351 | static int __init __driver##_init(void) \
      |                   ^~~~~~~~
drivers/usb/misc/trancevibrator.c:138:1: note: in expansion of macro ‘module_usb_driver’
  138 | module_usb_driver(tv_driver);
      | ^~~~~~~~~~~~~~~~~
  CC [M]  drivers/usb/misc/usbsevseg.o
In file included from drivers/usb/misc/usbsevseg.c:16:
./include/linux/module.h:138:7: warning: ‘cleanup_module’ specifies less restrictive attribute than its target ‘sevseg_driver_exit’: ‘cold’ [-Wmissing-attributes]
  138 |  void cleanup_module(void) __attribute__((alias(#exitfn)));
      |       ^~~~~~~~~~~~~~
./include/linux/device.h:1360:1: note: in expansion of macro ‘module_exit’
 1360 | module_exit(__driver##_exit);
      | ^~~~~~~~~~~
./include/linux/usb.h:1195:2: note: in expansion of macro ‘module_driver’
 1195 |  module_driver(__usb_driver, usb_register, \
      |  ^~~~~~~~~~~~~
drivers/usb/misc/usbsevseg.c:435:1: note: in expansion of macro ‘module_usb_driver’
  435 | module_usb_driver(sevseg_driver);
      | ^~~~~~~~~~~~~~~~~
In file included from ./include/linux/usb/ch9.h:35,
                 from ./include/linux/usb.h:5,
                 from drivers/usb/misc/usbsevseg.c:18:
drivers/usb/misc/usbsevseg.c:435:19: note: ‘cleanup_module’ target declared here
  435 | module_usb_driver(sevseg_driver);
      |                   ^~~~~~~~~~~~~
./include/linux/device.h:1356:20: note: in definition of macro ‘module_driver’
 1356 | static void __exit __driver##_exit(void) \
      |                    ^~~~~~~~
drivers/usb/misc/usbsevseg.c:435:1: note: in expansion of macro ‘module_usb_driver’
  435 | module_usb_driver(sevseg_driver);
      | ^~~~~~~~~~~~~~~~~
In file included from drivers/usb/misc/usbsevseg.c:16:
./include/linux/module.h:132:6: warning: ‘init_module’ specifies less restrictive attribute than its target ‘sevseg_driver_init’: ‘cold’ [-Wmissing-attributes]
  132 |  int init_module(void) __attribute__((alias(#initfn)));
      |      ^~~~~~~~~~~
./include/linux/device.h:1355:1: note: in expansion of macro ‘module_init’
 1355 | module_init(__driver##_init); \
      | ^~~~~~~~~~~
./include/linux/usb.h:1195:2: note: in expansion of macro ‘module_driver’
 1195 |  module_driver(__usb_driver, usb_register, \
      |  ^~~~~~~~~~~~~
drivers/usb/misc/usbsevseg.c:435:1: note: in expansion of macro ‘module_usb_driver’
  435 | module_usb_driver(sevseg_driver);
      | ^~~~~~~~~~~~~~~~~
In file included from ./include/linux/usb/ch9.h:35,
                 from ./include/linux/usb.h:5,
                 from drivers/usb/misc/usbsevseg.c:18:
drivers/usb/misc/usbsevseg.c:435:19: note: ‘init_module’ target declared here
  435 | module_usb_driver(sevseg_driver);
      |                   ^~~~~~~~~~~~~
./include/linux/device.h:1351:19: note: in definition of macro ‘module_driver’
 1351 | static int __init __driver##_init(void) \
      |                   ^~~~~~~~
drivers/usb/misc/usbsevseg.c:435:1: note: in expansion of macro ‘module_usb_driver’
  435 | module_usb_driver(sevseg_driver);
      | ^~~~~~~~~~~~~~~~~
  CC [M]  drivers/usb/misc/yurex.o
In file included from drivers/usb/misc/yurex.c:15:
./include/linux/module.h:138:7: warning: ‘cleanup_module’ specifies less restrictive attribute than its target ‘yurex_driver_exit’: ‘cold’ [-Wmissing-attributes]
  138 |  void cleanup_module(void) __attribute__((alias(#exitfn)));
      |       ^~~~~~~~~~~~~~
./include/linux/device.h:1360:1: note: in expansion of macro ‘module_exit’
 1360 | module_exit(__driver##_exit);
      | ^~~~~~~~~~~
./include/linux/usb.h:1195:2: note: in expansion of macro ‘module_driver’
 1195 |  module_driver(__usb_driver, usb_register, \
      |  ^~~~~~~~~~~~~
drivers/usb/misc/yurex.c:538:1: note: in expansion of macro ‘module_usb_driver’
  538 | module_usb_driver(yurex_driver);
      | ^~~~~~~~~~~~~~~~~
In file included from ./include/linux/usb/ch9.h:35,
                 from ./include/linux/usb.h:5,
                 from drivers/usb/misc/yurex.c:19:
drivers/usb/misc/yurex.c:538:19: note: ‘cleanup_module’ target declared here
  538 | module_usb_driver(yurex_driver);
      |                   ^~~~~~~~~~~~
./include/linux/device.h:1356:20: note: in definition of macro ‘module_driver’
 1356 | static void __exit __driver##_exit(void) \
      |                    ^~~~~~~~
drivers/usb/misc/yurex.c:538:1: note: in expansion of macro ‘module_usb_driver’
  538 | module_usb_driver(yurex_driver);
      | ^~~~~~~~~~~~~~~~~
In file included from drivers/usb/misc/yurex.c:15:
./include/linux/module.h:132:6: warning: ‘init_module’ specifies less restrictive attribute than its target ‘yurex_driver_init’: ‘cold’ [-Wmissing-attributes]
  132 |  int init_module(void) __attribute__((alias(#initfn)));
      |      ^~~~~~~~~~~
./include/linux/device.h:1355:1: note: in expansion of macro ‘module_init’
 1355 | module_init(__driver##_init); \
      | ^~~~~~~~~~~
./include/linux/usb.h:1195:2: note: in expansion of macro ‘module_driver’
 1195 |  module_driver(__usb_driver, usb_register, \
      |  ^~~~~~~~~~~~~
drivers/usb/misc/yurex.c:538:1: note: in expansion of macro ‘module_usb_driver’
  538 | module_usb_driver(yurex_driver);
      | ^~~~~~~~~~~~~~~~~
In file included from ./include/linux/usb/ch9.h:35,
                 from ./include/linux/usb.h:5,
                 from drivers/usb/misc/yurex.c:19:
drivers/usb/misc/yurex.c:538:19: note: ‘init_module’ target declared here
  538 | module_usb_driver(yurex_driver);
      |                   ^~~~~~~~~~~~
./include/linux/device.h:1351:19: note: in definition of macro ‘module_driver’
 1351 | static int __init __driver##_init(void) \
      |                   ^~~~~~~~
drivers/usb/misc/yurex.c:538:1: note: in expansion of macro ‘module_usb_driver’
  538 | module_usb_driver(yurex_driver);
      | ^~~~~~~~~~~~~~~~~
  LD      drivers/usb/mon/built-in.o
  CC [M]  drivers/usb/mon/mon_main.o
In file included from drivers/usb/mon/mon_main.c:10:
./include/linux/module.h:132:6: warning: ‘init_module’ specifies less restrictive attribute than its target ‘mon_init’: ‘cold’ [-Wmissing-attributes]
  132 |  int init_module(void) __attribute__((alias(#initfn)));
      |      ^~~~~~~~~~~
drivers/usb/mon/mon_main.c:431:1: note: in expansion of macro ‘module_init’
  431 | module_init(mon_init);
      | ^~~~~~~~~~~
drivers/usb/mon/mon_main.c:349:19: note: ‘init_module’ target declared here
  349 | static int __init mon_init(void)
      |                   ^~~~~~~~
In file included from drivers/usb/mon/mon_main.c:10:
./include/linux/module.h:138:7: warning: ‘cleanup_module’ specifies less restrictive attribute than its target ‘mon_exit’: ‘cold’ [-Wmissing-attributes]
  138 |  void cleanup_module(void) __attribute__((alias(#exitfn)));
      |       ^~~~~~~~~~~~~~
drivers/usb/mon/mon_main.c:432:1: note: in expansion of macro ‘module_exit’
  432 | module_exit(mon_exit);
      | ^~~~~~~~~~~
drivers/usb/mon/mon_main.c:383:20: note: ‘cleanup_module’ target declared here
  383 | static void __exit mon_exit(void)
      |                    ^~~~~~~~
  CC [M]  drivers/usb/mon/mon_stat.o
  CC [M]  drivers/usb/mon/mon_text.o
  CC [M]  drivers/usb/mon/mon_bin.o
  LD [M]  drivers/usb/mon/usbmon.o
  CC      drivers/usb/phy/of.o
  LD      drivers/usb/phy/built-in.o
  LD      drivers/usb/serial/built-in.o
  CC [M]  drivers/usb/serial/usb-serial.o
In file included from drivers/usb/serial/usb-serial.c:29:
./include/linux/module.h:132:6: warning: ‘init_module’ specifies less restrictive attribute than its target ‘usb_serial_init’: ‘cold’ [-Wmissing-attributes]
  132 |  int init_module(void) __attribute__((alias(#initfn)));
      |      ^~~~~~~~~~~
drivers/usb/serial/usb-serial.c:1315:1: note: in expansion of macro ‘module_init’
 1315 | module_init(usb_serial_init);
      | ^~~~~~~~~~~
drivers/usb/serial/usb-serial.c:1234:19: note: ‘init_module’ target declared here
 1234 | static int __init usb_serial_init(void)
      |                   ^~~~~~~~~~~~~~~
In file included from drivers/usb/serial/usb-serial.c:29:
./include/linux/module.h:138:7: warning: ‘cleanup_module’ specifies less restrictive attribute than its target ‘usb_serial_exit’: ‘cold’ [-Wmissing-attributes]
  138 |  void cleanup_module(void) __attribute__((alias(#exitfn)));
      |       ^~~~~~~~~~~~~~
drivers/usb/serial/usb-serial.c:1316:1: note: in expansion of macro ‘module_exit’
 1316 | module_exit(usb_serial_exit);
      | ^~~~~~~~~~~
drivers/usb/serial/usb-serial.c:1301:20: note: ‘cleanup_module’ target declared here
 1301 | static void __exit usb_serial_exit(void)
      |                    ^~~~~~~~~~~~~~~
  CC [M]  drivers/usb/serial/generic.o
  CC [M]  drivers/usb/serial/bus.o
  LD [M]  drivers/usb/serial/usbserial.o
  CC [M]  drivers/usb/serial/aircable.o
In file included from drivers/usb/serial/aircable.c:50:
./include/linux/module.h:138:7: warning: ‘cleanup_module’ specifies less restrictive attribute than its target ‘usb_serial_module_exit’: ‘cold’ [-Wmissing-attributes]
  138 |  void cleanup_module(void) __attribute__((alias(#exitfn)));
      |       ^~~~~~~~~~~~~~
./include/linux/usb/serial.h:408:1: note: in expansion of macro ‘module_exit’
  408 | module_exit(usb_serial_module_exit);
      | ^~~~~~~~~~~
./include/linux/usb/serial.h:411:2: note: in expansion of macro ‘usb_serial_module_driver’
  411 |  usb_serial_module_driver(KBUILD_MODNAME, __serial_drivers, __ids)
      |  ^~~~~~~~~~~~~~~~~~~~~~~~
drivers/usb/serial/aircable.c:180:1: note: in expansion of macro ‘module_usb_serial_driver’
  180 | module_usb_serial_driver(serial_drivers, id_table);
      | ^~~~~~~~~~~~~~~~~~~~~~~~
In file included from drivers/usb/serial/aircable.c:53:
./include/linux/usb/serial.h:404:20: note: ‘cleanup_module’ target declared here
  404 | static void __exit usb_serial_module_exit(void)    \
      |                    ^~~~~~~~~~~~~~~~~~~~~~
./include/linux/usb/serial.h:411:2: note: in expansion of macro ‘usb_serial_module_driver’
  411 |  usb_serial_module_driver(KBUILD_MODNAME, __serial_drivers, __ids)
      |  ^~~~~~~~~~~~~~~~~~~~~~~~
drivers/usb/serial/aircable.c:180:1: note: in expansion of macro ‘module_usb_serial_driver’
  180 | module_usb_serial_driver(serial_drivers, id_table);
      | ^~~~~~~~~~~~~~~~~~~~~~~~
In file included from drivers/usb/serial/aircable.c:50:
./include/linux/module.h:132:6: warning: ‘init_module’ specifies less restrictive attribute than its target ‘usb_serial_module_init’: ‘cold’ [-Wmissing-attributes]
  132 |  int init_module(void) __attribute__((alias(#initfn)));
      |      ^~~~~~~~~~~
./include/linux/usb/serial.h:403:1: note: in expansion of macro ‘module_init’
  403 | module_init(usb_serial_module_init);     \
      | ^~~~~~~~~~~
./include/linux/usb/serial.h:411:2: note: in expansion of macro ‘usb_serial_module_driver’
  411 |  usb_serial_module_driver(KBUILD_MODNAME, __serial_drivers, __ids)
      |  ^~~~~~~~~~~~~~~~~~~~~~~~
drivers/usb/serial/aircable.c:180:1: note: in expansion of macro ‘module_usb_serial_driver’
  180 | module_usb_serial_driver(serial_drivers, id_table);
      | ^~~~~~~~~~~~~~~~~~~~~~~~
In file included from drivers/usb/serial/aircable.c:53:
./include/linux/usb/serial.h:398:19: note: ‘init_module’ target declared here
  398 | static int __init usb_serial_module_init(void)    \
      |                   ^~~~~~~~~~~~~~~~~~~~~~
./include/linux/usb/serial.h:411:2: note: in expansion of macro ‘usb_serial_module_driver’
  411 |  usb_serial_module_driver(KBUILD_MODNAME, __serial_drivers, __ids)
      |  ^~~~~~~~~~~~~~~~~~~~~~~~
drivers/usb/serial/aircable.c:180:1: note: in expansion of macro ‘module_usb_serial_driver’
  180 | module_usb_serial_driver(serial_drivers, id_table);
      | ^~~~~~~~~~~~~~~~~~~~~~~~
  CC [M]  drivers/usb/serial/ark3116.o
In file included from drivers/usb/serial/ark3116.c:30:
./include/linux/module.h:138:7: warning: ‘cleanup_module’ specifies less restrictive attribute than its target ‘usb_serial_module_exit’: ‘cold’ [-Wmissing-attributes]
  138 |  void cleanup_module(void) __attribute__((alias(#exitfn)));
      |       ^~~~~~~~~~~~~~
./include/linux/usb/serial.h:408:1: note: in expansion of macro ‘module_exit’
  408 | module_exit(usb_serial_module_exit);
      | ^~~~~~~~~~~
./include/linux/usb/serial.h:411:2: note: in expansion of macro ‘usb_serial_module_driver’
  411 |  usb_serial_module_driver(KBUILD_MODNAME, __serial_drivers, __ids)
      |  ^~~~~~~~~~~~~~~~~~~~~~~~
drivers/usb/serial/ark3116.c:705:1: note: in expansion of macro ‘module_usb_serial_driver’
  705 | module_usb_serial_driver(serial_drivers, id_table);
      | ^~~~~~~~~~~~~~~~~~~~~~~~
In file included from drivers/usb/serial/ark3116.c:32:
./include/linux/usb/serial.h:404:20: note: ‘cleanup_module’ target declared here
  404 | static void __exit usb_serial_module_exit(void)    \
      |                    ^~~~~~~~~~~~~~~~~~~~~~
./include/linux/usb/serial.h:411:2: note: in expansion of macro ‘usb_serial_module_driver’
  411 |  usb_serial_module_driver(KBUILD_MODNAME, __serial_drivers, __ids)
      |  ^~~~~~~~~~~~~~~~~~~~~~~~
drivers/usb/serial/ark3116.c:705:1: note: in expansion of macro ‘module_usb_serial_driver’
  705 | module_usb_serial_driver(serial_drivers, id_table);
      | ^~~~~~~~~~~~~~~~~~~~~~~~
In file included from drivers/usb/serial/ark3116.c:30:
./include/linux/module.h:132:6: warning: ‘init_module’ specifies less restrictive attribute than its target ‘usb_serial_module_init’: ‘cold’ [-Wmissing-attributes]
  132 |  int init_module(void) __attribute__((alias(#initfn)));
      |      ^~~~~~~~~~~
./include/linux/usb/serial.h:403:1: note: in expansion of macro ‘module_init’
  403 | module_init(usb_serial_module_init);     \
      | ^~~~~~~~~~~
./include/linux/usb/serial.h:411:2: note: in expansion of macro ‘usb_serial_module_driver’
  411 |  usb_serial_module_driver(KBUILD_MODNAME, __serial_drivers, __ids)
      |  ^~~~~~~~~~~~~~~~~~~~~~~~
drivers/usb/serial/ark3116.c:705:1: note: in expansion of macro ‘module_usb_serial_driver’
  705 | module_usb_serial_driver(serial_drivers, id_table);
      | ^~~~~~~~~~~~~~~~~~~~~~~~
In file included from drivers/usb/serial/ark3116.c:32:
./include/linux/usb/serial.h:398:19: note: ‘init_module’ target declared here
  398 | static int __init usb_serial_module_init(void)    \
      |                   ^~~~~~~~~~~~~~~~~~~~~~
./include/linux/usb/serial.h:411:2: note: in expansion of macro ‘usb_serial_module_driver’
  411 |  usb_serial_module_driver(KBUILD_MODNAME, __serial_drivers, __ids)
      |  ^~~~~~~~~~~~~~~~~~~~~~~~
drivers/usb/serial/ark3116.c:705:1: note: in expansion of macro ‘module_usb_serial_driver’
  705 | module_usb_serial_driver(serial_drivers, id_table);
      | ^~~~~~~~~~~~~~~~~~~~~~~~
  CC [M]  drivers/usb/serial/belkin_sa.o
In file included from drivers/usb/serial/belkin_sa.c:32:
./include/linux/module.h:138:7: warning: ‘cleanup_module’ specifies less restrictive attribute than its target ‘usb_serial_module_exit’: ‘cold’ [-Wmissing-attributes]
  138 |  void cleanup_module(void) __attribute__((alias(#exitfn)));
      |       ^~~~~~~~~~~~~~
./include/linux/usb/serial.h:408:1: note: in expansion of macro ‘module_exit’
  408 | module_exit(usb_serial_module_exit);
      | ^~~~~~~~~~~
./include/linux/usb/serial.h:411:2: note: in expansion of macro ‘usb_serial_module_driver’
  411 |  usb_serial_module_driver(KBUILD_MODNAME, __serial_drivers, __ids)
      |  ^~~~~~~~~~~~~~~~~~~~~~~~
drivers/usb/serial/belkin_sa.c:497:1: note: in expansion of macro ‘module_usb_serial_driver’
  497 | module_usb_serial_driver(serial_drivers, id_table);
      | ^~~~~~~~~~~~~~~~~~~~~~~~
In file included from drivers/usb/serial/belkin_sa.c:36:
./include/linux/usb/serial.h:404:20: note: ‘cleanup_module’ target declared here
  404 | static void __exit usb_serial_module_exit(void)    \
      |                    ^~~~~~~~~~~~~~~~~~~~~~
./include/linux/usb/serial.h:411:2: note: in expansion of macro ‘usb_serial_module_driver’
  411 |  usb_serial_module_driver(KBUILD_MODNAME, __serial_drivers, __ids)
      |  ^~~~~~~~~~~~~~~~~~~~~~~~
drivers/usb/serial/belkin_sa.c:497:1: note: in expansion of macro ‘module_usb_serial_driver’
  497 | module_usb_serial_driver(serial_drivers, id_table);
      | ^~~~~~~~~~~~~~~~~~~~~~~~
In file included from drivers/usb/serial/belkin_sa.c:32:
./include/linux/module.h:132:6: warning: ‘init_module’ specifies less restrictive attribute than its target ‘usb_serial_module_init’: ‘cold’ [-Wmissing-attributes]
  132 |  int init_module(void) __attribute__((alias(#initfn)));
      |      ^~~~~~~~~~~
./include/linux/usb/serial.h:403:1: note: in expansion of macro ‘module_init’
  403 | module_init(usb_serial_module_init);     \
      | ^~~~~~~~~~~
./include/linux/usb/serial.h:411:2: note: in expansion of macro ‘usb_serial_module_driver’
  411 |  usb_serial_module_driver(KBUILD_MODNAME, __serial_drivers, __ids)
      |  ^~~~~~~~~~~~~~~~~~~~~~~~
drivers/usb/serial/belkin_sa.c:497:1: note: in expansion of macro ‘module_usb_serial_driver’
  497 | module_usb_serial_driver(serial_drivers, id_table);
      | ^~~~~~~~~~~~~~~~~~~~~~~~
In file included from drivers/usb/serial/belkin_sa.c:36:
./include/linux/usb/serial.h:398:19: note: ‘init_module’ target declared here
  398 | static int __init usb_serial_module_init(void)    \
      |                   ^~~~~~~~~~~~~~~~~~~~~~
./include/linux/usb/serial.h:411:2: note: in expansion of macro ‘usb_serial_module_driver’
  411 |  usb_serial_module_driver(KBUILD_MODNAME, __serial_drivers, __ids)
      |  ^~~~~~~~~~~~~~~~~~~~~~~~
drivers/usb/serial/belkin_sa.c:497:1: note: in expansion of macro ‘module_usb_serial_driver’
  497 | module_usb_serial_driver(serial_drivers, id_table);
      | ^~~~~~~~~~~~~~~~~~~~~~~~
  CC [M]  drivers/usb/serial/ch341.o
In file included from drivers/usb/serial/ch341.c:20:
./include/linux/module.h:138:7: warning: ‘cleanup_module’ specifies less restrictive attribute than its target ‘usb_serial_module_exit’: ‘cold’ [-Wmissing-attributes]
  138 |  void cleanup_module(void) __attribute__((alias(#exitfn)));
      |       ^~~~~~~~~~~~~~
./include/linux/usb/serial.h:408:1: note: in expansion of macro ‘module_exit’
  408 | module_exit(usb_serial_module_exit);
      | ^~~~~~~~~~~
./include/linux/usb/serial.h:411:2: note: in expansion of macro ‘usb_serial_module_driver’
  411 |  usb_serial_module_driver(KBUILD_MODNAME, __serial_drivers, __ids)
      |  ^~~~~~~~~~~~~~~~~~~~~~~~
drivers/usb/serial/ch341.c:646:1: note: in expansion of macro ‘module_usb_serial_driver’
  646 | module_usb_serial_driver(serial_drivers, id_table);
      | ^~~~~~~~~~~~~~~~~~~~~~~~
In file included from drivers/usb/serial/ch341.c:23:
./include/linux/usb/serial.h:404:20: note: ‘cleanup_module’ target declared here
  404 | static void __exit usb_serial_module_exit(void)    \
      |                    ^~~~~~~~~~~~~~~~~~~~~~
./include/linux/usb/serial.h:411:2: note: in expansion of macro ‘usb_serial_module_driver’
  411 |  usb_serial_module_driver(KBUILD_MODNAME, __serial_drivers, __ids)
      |  ^~~~~~~~~~~~~~~~~~~~~~~~
drivers/usb/serial/ch341.c:646:1: note: in expansion of macro ‘module_usb_serial_driver’
  646 | module_usb_serial_driver(serial_drivers, id_table);
      | ^~~~~~~~~~~~~~~~~~~~~~~~
In file included from drivers/usb/serial/ch341.c:20:
./include/linux/module.h:132:6: warning: ‘init_module’ specifies less restrictive attribute than its target ‘usb_serial_module_init’: ‘cold’ [-Wmissing-attributes]
  132 |  int init_module(void) __attribute__((alias(#initfn)));
      |      ^~~~~~~~~~~
./include/linux/usb/serial.h:403:1: note: in expansion of macro ‘module_init’
  403 | module_init(usb_serial_module_init);     \
      | ^~~~~~~~~~~
./include/linux/usb/serial.h:411:2: note: in expansion of macro ‘usb_serial_module_driver’
  411 |  usb_serial_module_driver(KBUILD_MODNAME, __serial_drivers, __ids)
      |  ^~~~~~~~~~~~~~~~~~~~~~~~
drivers/usb/serial/ch341.c:646:1: note: in expansion of macro ‘module_usb_serial_driver’
  646 | module_usb_serial_driver(serial_drivers, id_table);
      | ^~~~~~~~~~~~~~~~~~~~~~~~
In file included from drivers/usb/serial/ch341.c:23:
./include/linux/usb/serial.h:398:19: note: ‘init_module’ target declared here
  398 | static int __init usb_serial_module_init(void)    \
      |                   ^~~~~~~~~~~~~~~~~~~~~~
./include/linux/usb/serial.h:411:2: note: in expansion of macro ‘usb_serial_module_driver’
  411 |  usb_serial_module_driver(KBUILD_MODNAME, __serial_drivers, __ids)
      |  ^~~~~~~~~~~~~~~~~~~~~~~~
drivers/usb/serial/ch341.c:646:1: note: in expansion of macro ‘module_usb_serial_driver’
  646 | module_usb_serial_driver(serial_drivers, id_table);
      | ^~~~~~~~~~~~~~~~~~~~~~~~
  CC [M]  drivers/usb/serial/cp210x.o
In file included from drivers/usb/serial/cp210x.c:21:
./include/linux/module.h:138:7: warning: ‘cleanup_module’ specifies less restrictive attribute than its target ‘usb_serial_module_exit’: ‘cold’ [-Wmissing-attributes]
  138 |  void cleanup_module(void) __attribute__((alias(#exitfn)));
      |       ^~~~~~~~~~~~~~
./include/linux/usb/serial.h:408:1: note: in expansion of macro ‘module_exit’
  408 | module_exit(usb_serial_module_exit);
      | ^~~~~~~~~~~
./include/linux/usb/serial.h:411:2: note: in expansion of macro ‘usb_serial_module_driver’
  411 |  usb_serial_module_driver(KBUILD_MODNAME, __serial_drivers, __ids)
      |  ^~~~~~~~~~~~~~~~~~~~~~~~
drivers/usb/serial/cp210x.c:1153:1: note: in expansion of macro ‘module_usb_serial_driver’
 1153 | module_usb_serial_driver(serial_drivers, id_table);
      | ^~~~~~~~~~~~~~~~~~~~~~~~
In file included from drivers/usb/serial/cp210x.c:25:
./include/linux/usb/serial.h:404:20: note: ‘cleanup_module’ target declared here
  404 | static void __exit usb_serial_module_exit(void)    \
      |                    ^~~~~~~~~~~~~~~~~~~~~~
./include/linux/usb/serial.h:411:2: note: in expansion of macro ‘usb_serial_module_driver’
  411 |  usb_serial_module_driver(KBUILD_MODNAME, __serial_drivers, __ids)
      |  ^~~~~~~~~~~~~~~~~~~~~~~~
drivers/usb/serial/cp210x.c:1153:1: note: in expansion of macro ‘module_usb_serial_driver’
 1153 | module_usb_serial_driver(serial_drivers, id_table);
      | ^~~~~~~~~~~~~~~~~~~~~~~~
In file included from drivers/usb/serial/cp210x.c:21:
./include/linux/module.h:132:6: warning: ‘init_module’ specifies less restrictive attribute than its target ‘usb_serial_module_init’: ‘cold’ [-Wmissing-attributes]
  132 |  int init_module(void) __attribute__((alias(#initfn)));
      |      ^~~~~~~~~~~
./include/linux/usb/serial.h:403:1: note: in expansion of macro ‘module_init’
  403 | module_init(usb_serial_module_init);     \
      | ^~~~~~~~~~~
./include/linux/usb/serial.h:411:2: note: in expansion of macro ‘usb_serial_module_driver’
  411 |  usb_serial_module_driver(KBUILD_MODNAME, __serial_drivers, __ids)
      |  ^~~~~~~~~~~~~~~~~~~~~~~~
drivers/usb/serial/cp210x.c:1153:1: note: in expansion of macro ‘module_usb_serial_driver’
 1153 | module_usb_serial_driver(serial_drivers, id_table);
      | ^~~~~~~~~~~~~~~~~~~~~~~~
In file included from drivers/usb/serial/cp210x.c:25:
./include/linux/usb/serial.h:398:19: note: ‘init_module’ target declared here
  398 | static int __init usb_serial_module_init(void)    \
      |                   ^~~~~~~~~~~~~~~~~~~~~~
./include/linux/usb/serial.h:411:2: note: in expansion of macro ‘usb_serial_module_driver’
  411 |  usb_serial_module_driver(KBUILD_MODNAME, __serial_drivers, __ids)
      |  ^~~~~~~~~~~~~~~~~~~~~~~~
drivers/usb/serial/cp210x.c:1153:1: note: in expansion of macro ‘module_usb_serial_driver’
 1153 | module_usb_serial_driver(serial_drivers, id_table);
      | ^~~~~~~~~~~~~~~~~~~~~~~~
  CC [M]  drivers/usb/serial/cyberjack.o
In file included from drivers/usb/serial/cyberjack.c:37:
./include/linux/module.h:138:7: warning: ‘cleanup_module’ specifies less restrictive attribute than its target ‘usb_serial_module_exit’: ‘cold’ [-Wmissing-attributes]
  138 |  void cleanup_module(void) __attribute__((alias(#exitfn)));
      |       ^~~~~~~~~~~~~~
./include/linux/usb/serial.h:408:1: note: in expansion of macro ‘module_exit’
  408 | module_exit(usb_serial_module_exit);
      | ^~~~~~~~~~~
./include/linux/usb/serial.h:411:2: note: in expansion of macro ‘usb_serial_module_driver’
  411 |  usb_serial_module_driver(KBUILD_MODNAME, __serial_drivers, __ids)
      |  ^~~~~~~~~~~~~~~~~~~~~~~~
drivers/usb/serial/cyberjack.c:426:1: note: in expansion of macro ‘module_usb_serial_driver’
  426 | module_usb_serial_driver(serial_drivers, id_table);
      | ^~~~~~~~~~~~~~~~~~~~~~~~
In file included from drivers/usb/serial/cyberjack.c:41:
./include/linux/usb/serial.h:404:20: note: ‘cleanup_module’ target declared here
  404 | static void __exit usb_serial_module_exit(void)    \
      |                    ^~~~~~~~~~~~~~~~~~~~~~
./include/linux/usb/serial.h:411:2: note: in expansion of macro ‘usb_serial_module_driver’
  411 |  usb_serial_module_driver(KBUILD_MODNAME, __serial_drivers, __ids)
      |  ^~~~~~~~~~~~~~~~~~~~~~~~
drivers/usb/serial/cyberjack.c:426:1: note: in expansion of macro ‘module_usb_serial_driver’
  426 | module_usb_serial_driver(serial_drivers, id_table);
      | ^~~~~~~~~~~~~~~~~~~~~~~~
In file included from drivers/usb/serial/cyberjack.c:37:
./include/linux/module.h:132:6: warning: ‘init_module’ specifies less restrictive attribute than its target ‘usb_serial_module_init’: ‘cold’ [-Wmissing-attributes]
  132 |  int init_module(void) __attribute__((alias(#initfn)));
      |      ^~~~~~~~~~~
./include/linux/usb/serial.h:403:1: note: in expansion of macro ‘module_init’
  403 | module_init(usb_serial_module_init);     \
      | ^~~~~~~~~~~
./include/linux/usb/serial.h:411:2: note: in expansion of macro ‘usb_serial_module_driver’
  411 |  usb_serial_module_driver(KBUILD_MODNAME, __serial_drivers, __ids)
      |  ^~~~~~~~~~~~~~~~~~~~~~~~
drivers/usb/serial/cyberjack.c:426:1: note: in expansion of macro ‘module_usb_serial_driver’
  426 | module_usb_serial_driver(serial_drivers, id_table);
      | ^~~~~~~~~~~~~~~~~~~~~~~~
In file included from drivers/usb/serial/cyberjack.c:41:
./include/linux/usb/serial.h:398:19: note: ‘init_module’ target declared here
  398 | static int __init usb_serial_module_init(void)    \
      |                   ^~~~~~~~~~~~~~~~~~~~~~
./include/linux/usb/serial.h:411:2: note: in expansion of macro ‘usb_serial_module_driver’
  411 |  usb_serial_module_driver(KBUILD_MODNAME, __serial_drivers, __ids)
      |  ^~~~~~~~~~~~~~~~~~~~~~~~
drivers/usb/serial/cyberjack.c:426:1: note: in expansion of macro ‘module_usb_serial_driver’
  426 | module_usb_serial_driver(serial_drivers, id_table);
      | ^~~~~~~~~~~~~~~~~~~~~~~~
  CC [M]  drivers/usb/serial/cypress_m8.o
In file included from drivers/usb/serial/cypress_m8.c:34:
./include/linux/module.h:138:7: warning: ‘cleanup_module’ specifies less restrictive attribute than its target ‘usb_serial_module_exit’: ‘cold’ [-Wmissing-attributes]
  138 |  void cleanup_module(void) __attribute__((alias(#exitfn)));
      |       ^~~~~~~~~~~~~~
./include/linux/usb/serial.h:408:1: note: in expansion of macro ‘module_exit’
  408 | module_exit(usb_serial_module_exit);
      | ^~~~~~~~~~~
./include/linux/usb/serial.h:411:2: note: in expansion of macro ‘usb_serial_module_driver’
  411 |  usb_serial_module_driver(KBUILD_MODNAME, __serial_drivers, __ids)
      |  ^~~~~~~~~~~~~~~~~~~~~~~~
drivers/usb/serial/cypress_m8.c:1254:1: note: in expansion of macro ‘module_usb_serial_driver’
 1254 | module_usb_serial_driver(serial_drivers, id_table_combined);
      | ^~~~~~~~~~~~~~~~~~~~~~~~
In file included from drivers/usb/serial/cypress_m8.c:38:
./include/linux/usb/serial.h:404:20: note: ‘cleanup_module’ target declared here
  404 | static void __exit usb_serial_module_exit(void)    \
      |                    ^~~~~~~~~~~~~~~~~~~~~~
./include/linux/usb/serial.h:411:2: note: in expansion of macro ‘usb_serial_module_driver’
  411 |  usb_serial_module_driver(KBUILD_MODNAME, __serial_drivers, __ids)
      |  ^~~~~~~~~~~~~~~~~~~~~~~~
drivers/usb/serial/cypress_m8.c:1254:1: note: in expansion of macro ‘module_usb_serial_driver’
 1254 | module_usb_serial_driver(serial_drivers, id_table_combined);
      | ^~~~~~~~~~~~~~~~~~~~~~~~
In file included from drivers/usb/serial/cypress_m8.c:34:
./include/linux/module.h:132:6: warning: ‘init_module’ specifies less restrictive attribute than its target ‘usb_serial_module_init’: ‘cold’ [-Wmissing-attributes]
  132 |  int init_module(void) __attribute__((alias(#initfn)));
      |      ^~~~~~~~~~~
./include/linux/usb/serial.h:403:1: note: in expansion of macro ‘module_init’
  403 | module_init(usb_serial_module_init);     \
      | ^~~~~~~~~~~
./include/linux/usb/serial.h:411:2: note: in expansion of macro ‘usb_serial_module_driver’
  411 |  usb_serial_module_driver(KBUILD_MODNAME, __serial_drivers, __ids)
      |  ^~~~~~~~~~~~~~~~~~~~~~~~
drivers/usb/serial/cypress_m8.c:1254:1: note: in expansion of macro ‘module_usb_serial_driver’
 1254 | module_usb_serial_driver(serial_drivers, id_table_combined);
      | ^~~~~~~~~~~~~~~~~~~~~~~~
In file included from drivers/usb/serial/cypress_m8.c:38:
./include/linux/usb/serial.h:398:19: note: ‘init_module’ target declared here
  398 | static int __init usb_serial_module_init(void)    \
      |                   ^~~~~~~~~~~~~~~~~~~~~~
./include/linux/usb/serial.h:411:2: note: in expansion of macro ‘usb_serial_module_driver’
  411 |  usb_serial_module_driver(KBUILD_MODNAME, __serial_drivers, __ids)
      |  ^~~~~~~~~~~~~~~~~~~~~~~~
drivers/usb/serial/cypress_m8.c:1254:1: note: in expansion of macro ‘module_usb_serial_driver’
 1254 | module_usb_serial_driver(serial_drivers, id_table_combined);
      | ^~~~~~~~~~~~~~~~~~~~~~~~
  CC [M]  drivers/usb/serial/usb_debug.o
In file included from drivers/usb/serial/usb_debug.c:14:
./include/linux/module.h:138:7: warning: ‘cleanup_module’ specifies less restrictive attribute than its target ‘usb_serial_module_exit’: ‘cold’ [-Wmissing-attributes]
  138 |  void cleanup_module(void) __attribute__((alias(#exitfn)));
      |       ^~~~~~~~~~~~~~
./include/linux/usb/serial.h:408:1: note: in expansion of macro ‘module_exit’
  408 | module_exit(usb_serial_module_exit);
      | ^~~~~~~~~~~
./include/linux/usb/serial.h:411:2: note: in expansion of macro ‘usb_serial_module_driver’
  411 |  usb_serial_module_driver(KBUILD_MODNAME, __serial_drivers, __ids)
      |  ^~~~~~~~~~~~~~~~~~~~~~~~
drivers/usb/serial/usb_debug.c:78:1: note: in expansion of macro ‘module_usb_serial_driver’
   78 | module_usb_serial_driver(serial_drivers, id_table);
      | ^~~~~~~~~~~~~~~~~~~~~~~~
In file included from drivers/usb/serial/usb_debug.c:16:
./include/linux/usb/serial.h:404:20: note: ‘cleanup_module’ target declared here
  404 | static void __exit usb_serial_module_exit(void)    \
      |                    ^~~~~~~~~~~~~~~~~~~~~~
./include/linux/usb/serial.h:411:2: note: in expansion of macro ‘usb_serial_module_driver’
  411 |  usb_serial_module_driver(KBUILD_MODNAME, __serial_drivers, __ids)
      |  ^~~~~~~~~~~~~~~~~~~~~~~~
drivers/usb/serial/usb_debug.c:78:1: note: in expansion of macro ‘module_usb_serial_driver’
   78 | module_usb_serial_driver(serial_drivers, id_table);
      | ^~~~~~~~~~~~~~~~~~~~~~~~
In file included from drivers/usb/serial/usb_debug.c:14:
./include/linux/module.h:132:6: warning: ‘init_module’ specifies less restrictive attribute than its target ‘usb_serial_module_init’: ‘cold’ [-Wmissing-attributes]
  132 |  int init_module(void) __attribute__((alias(#initfn)));
      |      ^~~~~~~~~~~
./include/linux/usb/serial.h:403:1: note: in expansion of macro ‘module_init’
  403 | module_init(usb_serial_module_init);     \
      | ^~~~~~~~~~~
./include/linux/usb/serial.h:411:2: note: in expansion of macro ‘usb_serial_module_driver’
  411 |  usb_serial_module_driver(KBUILD_MODNAME, __serial_drivers, __ids)
      |  ^~~~~~~~~~~~~~~~~~~~~~~~
drivers/usb/serial/usb_debug.c:78:1: note: in expansion of macro ‘module_usb_serial_driver’
   78 | module_usb_serial_driver(serial_drivers, id_table);
      | ^~~~~~~~~~~~~~~~~~~~~~~~
In file included from drivers/usb/serial/usb_debug.c:16:
./include/linux/usb/serial.h:398:19: note: ‘init_module’ target declared here
  398 | static int __init usb_serial_module_init(void)    \
      |                   ^~~~~~~~~~~~~~~~~~~~~~
./include/linux/usb/serial.h:411:2: note: in expansion of macro ‘usb_serial_module_driver’
  411 |  usb_serial_module_driver(KBUILD_MODNAME, __serial_drivers, __ids)
      |  ^~~~~~~~~~~~~~~~~~~~~~~~
drivers/usb/serial/usb_debug.c:78:1: note: in expansion of macro ‘module_usb_serial_driver’
   78 | module_usb_serial_driver(serial_drivers, id_table);
      | ^~~~~~~~~~~~~~~~~~~~~~~~
  CC [M]  drivers/usb/serial/digi_acceleport.o
In file included from drivers/usb/serial/digi_acceleport.c:24:
./include/linux/module.h:138:7: warning: ‘cleanup_module’ specifies less restrictive attribute than its target ‘usb_serial_module_exit’: ‘cold’ [-Wmissing-attributes]
  138 |  void cleanup_module(void) __attribute__((alias(#exitfn)));
      |       ^~~~~~~~~~~~~~
./include/linux/usb/serial.h:408:1: note: in expansion of macro ‘module_exit’
  408 | module_exit(usb_serial_module_exit);
      | ^~~~~~~~~~~
./include/linux/usb/serial.h:411:2: note: in expansion of macro ‘usb_serial_module_driver’
  411 |  usb_serial_module_driver(KBUILD_MODNAME, __serial_drivers, __ids)
      |  ^~~~~~~~~~~~~~~~~~~~~~~~
drivers/usb/serial/digi_acceleport.c:1566:1: note: in expansion of macro ‘module_usb_serial_driver’
 1566 | module_usb_serial_driver(serial_drivers, id_table_combined);
      | ^~~~~~~~~~~~~~~~~~~~~~~~
In file included from drivers/usb/serial/digi_acceleport.c:30:
./include/linux/usb/serial.h:404:20: note: ‘cleanup_module’ target declared here
  404 | static void __exit usb_serial_module_exit(void)    \
      |                    ^~~~~~~~~~~~~~~~~~~~~~
./include/linux/usb/serial.h:411:2: note: in expansion of macro ‘usb_serial_module_driver’
  411 |  usb_serial_module_driver(KBUILD_MODNAME, __serial_drivers, __ids)
      |  ^~~~~~~~~~~~~~~~~~~~~~~~
drivers/usb/serial/digi_acceleport.c:1566:1: note: in expansion of macro ‘module_usb_serial_driver’
 1566 | module_usb_serial_driver(serial_drivers, id_table_combined);
      | ^~~~~~~~~~~~~~~~~~~~~~~~
In file included from drivers/usb/serial/digi_acceleport.c:24:
./include/linux/module.h:132:6: warning: ‘init_module’ specifies less restrictive attribute than its target ‘usb_serial_module_init’: ‘cold’ [-Wmissing-attributes]
  132 |  int init_module(void) __attribute__((alias(#initfn)));
      |      ^~~~~~~~~~~
./include/linux/usb/serial.h:403:1: note: in expansion of macro ‘module_init’
  403 | module_init(usb_serial_module_init);     \
      | ^~~~~~~~~~~
./include/linux/usb/serial.h:411:2: note: in expansion of macro ‘usb_serial_module_driver’
  411 |  usb_serial_module_driver(KBUILD_MODNAME, __serial_drivers, __ids)
      |  ^~~~~~~~~~~~~~~~~~~~~~~~
drivers/usb/serial/digi_acceleport.c:1566:1: note: in expansion of macro ‘module_usb_serial_driver’
 1566 | module_usb_serial_driver(serial_drivers, id_table_combined);
      | ^~~~~~~~~~~~~~~~~~~~~~~~
In file included from drivers/usb/serial/digi_acceleport.c:30:
./include/linux/usb/serial.h:398:19: note: ‘init_module’ target declared here
  398 | static int __init usb_serial_module_init(void)    \
      |                   ^~~~~~~~~~~~~~~~~~~~~~
./include/linux/usb/serial.h:411:2: note: in expansion of macro ‘usb_serial_module_driver’
  411 |  usb_serial_module_driver(KBUILD_MODNAME, __serial_drivers, __ids)
      |  ^~~~~~~~~~~~~~~~~~~~~~~~
drivers/usb/serial/digi_acceleport.c:1566:1: note: in expansion of macro ‘module_usb_serial_driver’
 1566 | module_usb_serial_driver(serial_drivers, id_table_combined);
      | ^~~~~~~~~~~~~~~~~~~~~~~~
  CC [M]  drivers/usb/serial/io_edgeport.o
In file included from drivers/usb/serial/io_edgeport.c:39:
./include/linux/module.h:138:7: warning: ‘cleanup_module’ specifies less restrictive attribute than its target ‘usb_serial_module_exit’: ‘cold’ [-Wmissing-attributes]
  138 |  void cleanup_module(void) __attribute__((alias(#exitfn)));
      |       ^~~~~~~~~~~~~~
./include/linux/usb/serial.h:408:1: note: in expansion of macro ‘module_exit’
  408 | module_exit(usb_serial_module_exit);
      | ^~~~~~~~~~~
./include/linux/usb/serial.h:411:2: note: in expansion of macro ‘usb_serial_module_driver’
  411 |  usb_serial_module_driver(KBUILD_MODNAME, __serial_drivers, __ids)
      |  ^~~~~~~~~~~~~~~~~~~~~~~~
drivers/usb/serial/io_edgeport.c:3038:1: note: in expansion of macro ‘module_usb_serial_driver’
 3038 | module_usb_serial_driver(serial_drivers, id_table_combined);
      | ^~~~~~~~~~~~~~~~~~~~~~~~
In file included from drivers/usb/serial/io_edgeport.c:48:
./include/linux/usb/serial.h:404:20: note: ‘cleanup_module’ target declared here
  404 | static void __exit usb_serial_module_exit(void)    \
      |                    ^~~~~~~~~~~~~~~~~~~~~~
./include/linux/usb/serial.h:411:2: note: in expansion of macro ‘usb_serial_module_driver’
  411 |  usb_serial_module_driver(KBUILD_MODNAME, __serial_drivers, __ids)
      |  ^~~~~~~~~~~~~~~~~~~~~~~~
drivers/usb/serial/io_edgeport.c:3038:1: note: in expansion of macro ‘module_usb_serial_driver’
 3038 | module_usb_serial_driver(serial_drivers, id_table_combined);
      | ^~~~~~~~~~~~~~~~~~~~~~~~
In file included from drivers/usb/serial/io_edgeport.c:39:
./include/linux/module.h:132:6: warning: ‘init_module’ specifies less restrictive attribute than its target ‘usb_serial_module_init’: ‘cold’ [-Wmissing-attributes]
  132 |  int init_module(void) __attribute__((alias(#initfn)));
      |      ^~~~~~~~~~~
./include/linux/usb/serial.h:403:1: note: in expansion of macro ‘module_init’
  403 | module_init(usb_serial_module_init);     \
      | ^~~~~~~~~~~
./include/linux/usb/serial.h:411:2: note: in expansion of macro ‘usb_serial_module_driver’
  411 |  usb_serial_module_driver(KBUILD_MODNAME, __serial_drivers, __ids)
      |  ^~~~~~~~~~~~~~~~~~~~~~~~
drivers/usb/serial/io_edgeport.c:3038:1: note: in expansion of macro ‘module_usb_serial_driver’
 3038 | module_usb_serial_driver(serial_drivers, id_table_combined);
      | ^~~~~~~~~~~~~~~~~~~~~~~~
In file included from drivers/usb/serial/io_edgeport.c:48:
./include/linux/usb/serial.h:398:19: note: ‘init_module’ target declared here
  398 | static int __init usb_serial_module_init(void)    \
      |                   ^~~~~~~~~~~~~~~~~~~~~~
./include/linux/usb/serial.h:411:2: note: in expansion of macro ‘usb_serial_module_driver’
  411 |  usb_serial_module_driver(KBUILD_MODNAME, __serial_drivers, __ids)
      |  ^~~~~~~~~~~~~~~~~~~~~~~~
drivers/usb/serial/io_edgeport.c:3038:1: note: in expansion of macro ‘module_usb_serial_driver’
 3038 | module_usb_serial_driver(serial_drivers, id_table_combined);
      | ^~~~~~~~~~~~~~~~~~~~~~~~
  CC [M]  drivers/usb/serial/io_ti.o
In file included from ./include/linux/byteorder/little_endian.h:4,
                 from ./arch/arm/include/uapi/asm/byteorder.h:21,
                 from ./include/asm-generic/bitops/le.h:5,
                 from ./arch/arm/include/asm/bitops.h:340,
                 from ./include/linux/bitops.h:36,
                 from ./include/linux/kernel.h:10,
                 from drivers/usb/serial/io_ti.c:20:
drivers/usb/serial/io_ti.c: In function ‘change_port_settings’:
drivers/usb/serial/io_ti.c:2375:15: warning: taking address of packed member of ‘struct ump_uart_config’ may result in an unaligned pointer value [-Waddress-of-packed-member]
 2375 |  cpu_to_be16s(&config->wFlags);
./include/uapi/linux/byteorder/little_endian.h:101:38: note: in definition of macro ‘__cpu_to_be16s’
  101 | #define __cpu_to_be16s(x) __swab16s((x))
      |                                      ^
drivers/usb/serial/io_ti.c:2375:2: note: in expansion of macro ‘cpu_to_be16s’
 2375 |  cpu_to_be16s(&config->wFlags);
      |  ^~~~~~~~~~~~
drivers/usb/serial/io_ti.c:2376:15: warning: taking address of packed member of ‘struct ump_uart_config’ may result in an unaligned pointer value [-Waddress-of-packed-member]
 2376 |  cpu_to_be16s(&config->wBaudRate);
./include/uapi/linux/byteorder/little_endian.h:101:38: note: in definition of macro ‘__cpu_to_be16s’
  101 | #define __cpu_to_be16s(x) __swab16s((x))
      |                                      ^
drivers/usb/serial/io_ti.c:2376:2: note: in expansion of macro ‘cpu_to_be16s’
 2376 |  cpu_to_be16s(&config->wBaudRate);
      |  ^~~~~~~~~~~~
In file included from drivers/usb/serial/io_ti.c:27:
drivers/usb/serial/io_ti.c: At top level:
./include/linux/module.h:138:7: warning: ‘cleanup_module’ specifies less restrictive attribute than its target ‘usb_serial_module_exit’: ‘cold’ [-Wmissing-attributes]
  138 |  void cleanup_module(void) __attribute__((alias(#exitfn)));
      |       ^~~~~~~~~~~~~~
./include/linux/usb/serial.h:408:1: note: in expansion of macro ‘module_exit’
  408 | module_exit(usb_serial_module_exit);
      | ^~~~~~~~~~~
./include/linux/usb/serial.h:411:2: note: in expansion of macro ‘usb_serial_module_driver’
  411 |  usb_serial_module_driver(KBUILD_MODNAME, __serial_drivers, __ids)
      |  ^~~~~~~~~~~~~~~~~~~~~~~~
drivers/usb/serial/io_ti.c:2816:1: note: in expansion of macro ‘module_usb_serial_driver’
 2816 | module_usb_serial_driver(serial_drivers, id_table_combined);
      | ^~~~~~~~~~~~~~~~~~~~~~~~
In file included from drivers/usb/serial/io_ti.c:37:
./include/linux/usb/serial.h:404:20: note: ‘cleanup_module’ target declared here
  404 | static void __exit usb_serial_module_exit(void)    \
      |                    ^~~~~~~~~~~~~~~~~~~~~~
./include/linux/usb/serial.h:411:2: note: in expansion of macro ‘usb_serial_module_driver’
  411 |  usb_serial_module_driver(KBUILD_MODNAME, __serial_drivers, __ids)
      |  ^~~~~~~~~~~~~~~~~~~~~~~~
drivers/usb/serial/io_ti.c:2816:1: note: in expansion of macro ‘module_usb_serial_driver’
 2816 | module_usb_serial_driver(serial_drivers, id_table_combined);
      | ^~~~~~~~~~~~~~~~~~~~~~~~
In file included from drivers/usb/serial/io_ti.c:27:
./include/linux/module.h:132:6: warning: ‘init_module’ specifies less restrictive attribute than its target ‘usb_serial_module_init’: ‘cold’ [-Wmissing-attributes]
  132 |  int init_module(void) __attribute__((alias(#initfn)));
      |      ^~~~~~~~~~~
./include/linux/usb/serial.h:403:1: note: in expansion of macro ‘module_init’
  403 | module_init(usb_serial_module_init);     \
      | ^~~~~~~~~~~
./include/linux/usb/serial.h:411:2: note: in expansion of macro ‘usb_serial_module_driver’
  411 |  usb_serial_module_driver(KBUILD_MODNAME, __serial_drivers, __ids)
      |  ^~~~~~~~~~~~~~~~~~~~~~~~
drivers/usb/serial/io_ti.c:2816:1: note: in expansion of macro ‘module_usb_serial_driver’
 2816 | module_usb_serial_driver(serial_drivers, id_table_combined);
      | ^~~~~~~~~~~~~~~~~~~~~~~~
In file included from drivers/usb/serial/io_ti.c:37:
./include/linux/usb/serial.h:398:19: note: ‘init_module’ target declared here
  398 | static int __init usb_serial_module_init(void)    \
      |                   ^~~~~~~~~~~~~~~~~~~~~~
./include/linux/usb/serial.h:411:2: note: in expansion of macro ‘usb_serial_module_driver’
  411 |  usb_serial_module_driver(KBUILD_MODNAME, __serial_drivers, __ids)
      |  ^~~~~~~~~~~~~~~~~~~~~~~~
drivers/usb/serial/io_ti.c:2816:1: note: in expansion of macro ‘module_usb_serial_driver’
 2816 | module_usb_serial_driver(serial_drivers, id_table_combined);
      | ^~~~~~~~~~~~~~~~~~~~~~~~
  CC [M]  drivers/usb/serial/empeg.o
In file included from drivers/usb/serial/empeg.c:24:
./include/linux/module.h:138:7: warning: ‘cleanup_module’ specifies less restrictive attribute than its target ‘usb_serial_module_exit’: ‘cold’ [-Wmissing-attributes]
  138 |  void cleanup_module(void) __attribute__((alias(#exitfn)));
      |       ^~~~~~~~~~~~~~
./include/linux/usb/serial.h:408:1: note: in expansion of macro ‘module_exit’
  408 | module_exit(usb_serial_module_exit);
      | ^~~~~~~~~~~
./include/linux/usb/serial.h:411:2: note: in expansion of macro ‘usb_serial_module_driver’
  411 |  usb_serial_module_driver(KBUILD_MODNAME, __serial_drivers, __ids)
      |  ^~~~~~~~~~~~~~~~~~~~~~~~
drivers/usb/serial/empeg.c:125:1: note: in expansion of macro ‘module_usb_serial_driver’
  125 | module_usb_serial_driver(serial_drivers, id_table);
      | ^~~~~~~~~~~~~~~~~~~~~~~~
In file included from drivers/usb/serial/empeg.c:28:
./include/linux/usb/serial.h:404:20: note: ‘cleanup_module’ target declared here
  404 | static void __exit usb_serial_module_exit(void)    \
      |                    ^~~~~~~~~~~~~~~~~~~~~~
./include/linux/usb/serial.h:411:2: note: in expansion of macro ‘usb_serial_module_driver’
  411 |  usb_serial_module_driver(KBUILD_MODNAME, __serial_drivers, __ids)
      |  ^~~~~~~~~~~~~~~~~~~~~~~~
drivers/usb/serial/empeg.c:125:1: note: in expansion of macro ‘module_usb_serial_driver’
  125 | module_usb_serial_driver(serial_drivers, id_table);
      | ^~~~~~~~~~~~~~~~~~~~~~~~
In file included from drivers/usb/serial/empeg.c:24:
./include/linux/module.h:132:6: warning: ‘init_module’ specifies less restrictive attribute than its target ‘usb_serial_module_init’: ‘cold’ [-Wmissing-attributes]
  132 |  int init_module(void) __attribute__((alias(#initfn)));
      |      ^~~~~~~~~~~
./include/linux/usb/serial.h:403:1: note: in expansion of macro ‘module_init’
  403 | module_init(usb_serial_module_init);     \
      | ^~~~~~~~~~~
./include/linux/usb/serial.h:411:2: note: in expansion of macro ‘usb_serial_module_driver’
  411 |  usb_serial_module_driver(KBUILD_MODNAME, __serial_drivers, __ids)
      |  ^~~~~~~~~~~~~~~~~~~~~~~~
drivers/usb/serial/empeg.c:125:1: note: in expansion of macro ‘module_usb_serial_driver’
  125 | module_usb_serial_driver(serial_drivers, id_table);
      | ^~~~~~~~~~~~~~~~~~~~~~~~
In file included from drivers/usb/serial/empeg.c:28:
./include/linux/usb/serial.h:398:19: note: ‘init_module’ target declared here
  398 | static int __init usb_serial_module_init(void)    \
      |                   ^~~~~~~~~~~~~~~~~~~~~~
./include/linux/usb/serial.h:411:2: note: in expansion of macro ‘usb_serial_module_driver’
  411 |  usb_serial_module_driver(KBUILD_MODNAME, __serial_drivers, __ids)
      |  ^~~~~~~~~~~~~~~~~~~~~~~~
drivers/usb/serial/empeg.c:125:1: note: in expansion of macro ‘module_usb_serial_driver’
  125 | module_usb_serial_driver(serial_drivers, id_table);
      | ^~~~~~~~~~~~~~~~~~~~~~~~
  CC [M]  drivers/usb/serial/f81232.o
In file included from drivers/usb/serial/f81232.c:20:
./include/linux/module.h:138:7: warning: ‘cleanup_module’ specifies less restrictive attribute than its target ‘usb_serial_module_exit’: ‘cold’ [-Wmissing-attributes]
  138 |  void cleanup_module(void) __attribute__((alias(#exitfn)));
      |       ^~~~~~~~~~~~~~
./include/linux/usb/serial.h:408:1: note: in expansion of macro ‘module_exit’
  408 | module_exit(usb_serial_module_exit);
      | ^~~~~~~~~~~
./include/linux/usb/serial.h:411:2: note: in expansion of macro ‘usb_serial_module_driver’
  411 |  usb_serial_module_driver(KBUILD_MODNAME, __serial_drivers, __ids)
      |  ^~~~~~~~~~~~~~~~~~~~~~~~
drivers/usb/serial/f81232.c:689:1: note: in expansion of macro ‘module_usb_serial_driver’
  689 | module_usb_serial_driver(serial_drivers, id_table);
      | ^~~~~~~~~~~~~~~~~~~~~~~~
In file included from drivers/usb/serial/f81232.c:25:
./include/linux/usb/serial.h:404:20: note: ‘cleanup_module’ target declared here
  404 | static void __exit usb_serial_module_exit(void)    \
      |                    ^~~~~~~~~~~~~~~~~~~~~~
./include/linux/usb/serial.h:411:2: note: in expansion of macro ‘usb_serial_module_driver’
  411 |  usb_serial_module_driver(KBUILD_MODNAME, __serial_drivers, __ids)
      |  ^~~~~~~~~~~~~~~~~~~~~~~~
drivers/usb/serial/f81232.c:689:1: note: in expansion of macro ‘module_usb_serial_driver’
  689 | module_usb_serial_driver(serial_drivers, id_table);
      | ^~~~~~~~~~~~~~~~~~~~~~~~
In file included from drivers/usb/serial/f81232.c:20:
./include/linux/module.h:132:6: warning: ‘init_module’ specifies less restrictive attribute than its target ‘usb_serial_module_init’: ‘cold’ [-Wmissing-attributes]
  132 |  int init_module(void) __attribute__((alias(#initfn)));
      |      ^~~~~~~~~~~
./include/linux/usb/serial.h:403:1: note: in expansion of macro ‘module_init’
  403 | module_init(usb_serial_module_init);     \
      | ^~~~~~~~~~~
./include/linux/usb/serial.h:411:2: note: in expansion of macro ‘usb_serial_module_driver’
  411 |  usb_serial_module_driver(KBUILD_MODNAME, __serial_drivers, __ids)
      |  ^~~~~~~~~~~~~~~~~~~~~~~~
drivers/usb/serial/f81232.c:689:1: note: in expansion of macro ‘module_usb_serial_driver’
  689 | module_usb_serial_driver(serial_drivers, id_table);
      | ^~~~~~~~~~~~~~~~~~~~~~~~
In file included from drivers/usb/serial/f81232.c:25:
./include/linux/usb/serial.h:398:19: note: ‘init_module’ target declared here
  398 | static int __init usb_serial_module_init(void)    \
      |                   ^~~~~~~~~~~~~~~~~~~~~~
./include/linux/usb/serial.h:411:2: note: in expansion of macro ‘usb_serial_module_driver’
  411 |  usb_serial_module_driver(KBUILD_MODNAME, __serial_drivers, __ids)
      |  ^~~~~~~~~~~~~~~~~~~~~~~~
drivers/usb/serial/f81232.c:689:1: note: in expansion of macro ‘module_usb_serial_driver’
  689 | module_usb_serial_driver(serial_drivers, id_table);
      | ^~~~~~~~~~~~~~~~~~~~~~~~
  CC [M]  drivers/usb/serial/ftdi_sio.o
In file included from drivers/usb/serial/ftdi_sio.c:40:
./include/linux/module.h:138:7: warning: ‘cleanup_module’ specifies less restrictive attribute than its target ‘usb_serial_module_exit’: ‘cold’ [-Wmissing-attributes]
  138 |  void cleanup_module(void) __attribute__((alias(#exitfn)));
      |       ^~~~~~~~~~~~~~
./include/linux/usb/serial.h:408:1: note: in expansion of macro ‘module_exit’
  408 | module_exit(usb_serial_module_exit);
      | ^~~~~~~~~~~
./include/linux/usb/serial.h:411:2: note: in expansion of macro ‘usb_serial_module_driver’
  411 |  usb_serial_module_driver(KBUILD_MODNAME, __serial_drivers, __ids)
      |  ^~~~~~~~~~~~~~~~~~~~~~~~
drivers/usb/serial/ftdi_sio.c:2523:1: note: in expansion of macro ‘module_usb_serial_driver’
 2523 | module_usb_serial_driver(serial_drivers, id_table_combined);
      | ^~~~~~~~~~~~~~~~~~~~~~~~
In file included from drivers/usb/serial/ftdi_sio.c:46:
./include/linux/usb/serial.h:404:20: note: ‘cleanup_module’ target declared here
  404 | static void __exit usb_serial_module_exit(void)    \
      |                    ^~~~~~~~~~~~~~~~~~~~~~
./include/linux/usb/serial.h:411:2: note: in expansion of macro ‘usb_serial_module_driver’
  411 |  usb_serial_module_driver(KBUILD_MODNAME, __serial_drivers, __ids)
      |  ^~~~~~~~~~~~~~~~~~~~~~~~
drivers/usb/serial/ftdi_sio.c:2523:1: note: in expansion of macro ‘module_usb_serial_driver’
 2523 | module_usb_serial_driver(serial_drivers, id_table_combined);
      | ^~~~~~~~~~~~~~~~~~~~~~~~
In file included from drivers/usb/serial/ftdi_sio.c:40:
./include/linux/module.h:132:6: warning: ‘init_module’ specifies less restrictive attribute than its target ‘usb_serial_module_init’: ‘cold’ [-Wmissing-attributes]
  132 |  int init_module(void) __attribute__((alias(#initfn)));
      |      ^~~~~~~~~~~
./include/linux/usb/serial.h:403:1: note: in expansion of macro ‘module_init’
  403 | module_init(usb_serial_module_init);     \
      | ^~~~~~~~~~~
./include/linux/usb/serial.h:411:2: note: in expansion of macro ‘usb_serial_module_driver’
  411 |  usb_serial_module_driver(KBUILD_MODNAME, __serial_drivers, __ids)
      |  ^~~~~~~~~~~~~~~~~~~~~~~~
drivers/usb/serial/ftdi_sio.c:2523:1: note: in expansion of macro ‘module_usb_serial_driver’
 2523 | module_usb_serial_driver(serial_drivers, id_table_combined);
      | ^~~~~~~~~~~~~~~~~~~~~~~~
In file included from drivers/usb/serial/ftdi_sio.c:46:
./include/linux/usb/serial.h:398:19: note: ‘init_module’ target declared here
  398 | static int __init usb_serial_module_init(void)    \
      |                   ^~~~~~~~~~~~~~~~~~~~~~
./include/linux/usb/serial.h:411:2: note: in expansion of macro ‘usb_serial_module_driver’
  411 |  usb_serial_module_driver(KBUILD_MODNAME, __serial_drivers, __ids)
      |  ^~~~~~~~~~~~~~~~~~~~~~~~
drivers/usb/serial/ftdi_sio.c:2523:1: note: in expansion of macro ‘module_usb_serial_driver’
 2523 | module_usb_serial_driver(serial_drivers, id_table_combined);
      | ^~~~~~~~~~~~~~~~~~~~~~~~
  CC [M]  drivers/usb/serial/garmin_gps.o
In file included from drivers/usb/serial/garmin_gps.c:33:
./include/linux/module.h:138:7: warning: ‘cleanup_module’ specifies less restrictive attribute than its target ‘usb_serial_module_exit’: ‘cold’ [-Wmissing-attributes]
  138 |  void cleanup_module(void) __attribute__((alias(#exitfn)));
      |       ^~~~~~~~~~~~~~
./include/linux/usb/serial.h:408:1: note: in expansion of macro ‘module_exit’
  408 | module_exit(usb_serial_module_exit);
      | ^~~~~~~~~~~
./include/linux/usb/serial.h:411:2: note: in expansion of macro ‘usb_serial_module_driver’
  411 |  usb_serial_module_driver(KBUILD_MODNAME, __serial_drivers, __ids)
      |  ^~~~~~~~~~~~~~~~~~~~~~~~
drivers/usb/serial/garmin_gps.c:1465:1: note: in expansion of macro ‘module_usb_serial_driver’
 1465 | module_usb_serial_driver(serial_drivers, id_table);
      | ^~~~~~~~~~~~~~~~~~~~~~~~
In file included from drivers/usb/serial/garmin_gps.c:38:
./include/linux/usb/serial.h:404:20: note: ‘cleanup_module’ target declared here
  404 | static void __exit usb_serial_module_exit(void)    \
      |                    ^~~~~~~~~~~~~~~~~~~~~~
./include/linux/usb/serial.h:411:2: note: in expansion of macro ‘usb_serial_module_driver’
  411 |  usb_serial_module_driver(KBUILD_MODNAME, __serial_drivers, __ids)
      |  ^~~~~~~~~~~~~~~~~~~~~~~~
drivers/usb/serial/garmin_gps.c:1465:1: note: in expansion of macro ‘module_usb_serial_driver’
 1465 | module_usb_serial_driver(serial_drivers, id_table);
      | ^~~~~~~~~~~~~~~~~~~~~~~~
In file included from drivers/usb/serial/garmin_gps.c:33:
./include/linux/module.h:132:6: warning: ‘init_module’ specifies less restrictive attribute than its target ‘usb_serial_module_init’: ‘cold’ [-Wmissing-attributes]
  132 |  int init_module(void) __attribute__((alias(#initfn)));
      |      ^~~~~~~~~~~
./include/linux/usb/serial.h:403:1: note: in expansion of macro ‘module_init’
  403 | module_init(usb_serial_module_init);     \
      | ^~~~~~~~~~~
./include/linux/usb/serial.h:411:2: note: in expansion of macro ‘usb_serial_module_driver’
  411 |  usb_serial_module_driver(KBUILD_MODNAME, __serial_drivers, __ids)
      |  ^~~~~~~~~~~~~~~~~~~~~~~~
drivers/usb/serial/garmin_gps.c:1465:1: note: in expansion of macro ‘module_usb_serial_driver’
 1465 | module_usb_serial_driver(serial_drivers, id_table);
      | ^~~~~~~~~~~~~~~~~~~~~~~~
In file included from drivers/usb/serial/garmin_gps.c:38:
./include/linux/usb/serial.h:398:19: note: ‘init_module’ target declared here
  398 | static int __init usb_serial_module_init(void)    \
      |                   ^~~~~~~~~~~~~~~~~~~~~~
./include/linux/usb/serial.h:411:2: note: in expansion of macro ‘usb_serial_module_driver’
  411 |  usb_serial_module_driver(KBUILD_MODNAME, __serial_drivers, __ids)
      |  ^~~~~~~~~~~~~~~~~~~~~~~~
drivers/usb/serial/garmin_gps.c:1465:1: note: in expansion of macro ‘module_usb_serial_driver’
 1465 | module_usb_serial_driver(serial_drivers, id_table);
      | ^~~~~~~~~~~~~~~~~~~~~~~~
  CC [M]  drivers/usb/serial/ipaq.o
In file included from drivers/usb/serial/ipaq.c:19:
./include/linux/module.h:138:7: warning: ‘cleanup_module’ specifies less restrictive attribute than its target ‘usb_serial_module_exit’: ‘cold’ [-Wmissing-attributes]
  138 |  void cleanup_module(void) __attribute__((alias(#exitfn)));
      |       ^~~~~~~~~~~~~~
./include/linux/usb/serial.h:408:1: note: in expansion of macro ‘module_exit’
  408 | module_exit(usb_serial_module_exit);
      | ^~~~~~~~~~~
./include/linux/usb/serial.h:411:2: note: in expansion of macro ‘usb_serial_module_driver’
  411 |  usb_serial_module_driver(KBUILD_MODNAME, __serial_drivers, __ids)
      |  ^~~~~~~~~~~~~~~~~~~~~~~~
drivers/usb/serial/ipaq.c:607:1: note: in expansion of macro ‘module_usb_serial_driver’
  607 | module_usb_serial_driver(serial_drivers, ipaq_id_table);
      | ^~~~~~~~~~~~~~~~~~~~~~~~
In file included from drivers/usb/serial/ipaq.c:23:
./include/linux/usb/serial.h:404:20: note: ‘cleanup_module’ target declared here
  404 | static void __exit usb_serial_module_exit(void)    \
      |                    ^~~~~~~~~~~~~~~~~~~~~~
./include/linux/usb/serial.h:411:2: note: in expansion of macro ‘usb_serial_module_driver’
  411 |  usb_serial_module_driver(KBUILD_MODNAME, __serial_drivers, __ids)
      |  ^~~~~~~~~~~~~~~~~~~~~~~~
drivers/usb/serial/ipaq.c:607:1: note: in expansion of macro ‘module_usb_serial_driver’
  607 | module_usb_serial_driver(serial_drivers, ipaq_id_table);
      | ^~~~~~~~~~~~~~~~~~~~~~~~
In file included from drivers/usb/serial/ipaq.c:19:
./include/linux/module.h:132:6: warning: ‘init_module’ specifies less restrictive attribute than its target ‘usb_serial_module_init’: ‘cold’ [-Wmissing-attributes]
  132 |  int init_module(void) __attribute__((alias(#initfn)));
      |      ^~~~~~~~~~~
./include/linux/usb/serial.h:403:1: note: in expansion of macro ‘module_init’
  403 | module_init(usb_serial_module_init);     \
      | ^~~~~~~~~~~
./include/linux/usb/serial.h:411:2: note: in expansion of macro ‘usb_serial_module_driver’
  411 |  usb_serial_module_driver(KBUILD_MODNAME, __serial_drivers, __ids)
      |  ^~~~~~~~~~~~~~~~~~~~~~~~
drivers/usb/serial/ipaq.c:607:1: note: in expansion of macro ‘module_usb_serial_driver’
  607 | module_usb_serial_driver(serial_drivers, ipaq_id_table);
      | ^~~~~~~~~~~~~~~~~~~~~~~~
In file included from drivers/usb/serial/ipaq.c:23:
./include/linux/usb/serial.h:398:19: note: ‘init_module’ target declared here
  398 | static int __init usb_serial_module_init(void)    \
      |                   ^~~~~~~~~~~~~~~~~~~~~~
./include/linux/usb/serial.h:411:2: note: in expansion of macro ‘usb_serial_module_driver’
  411 |  usb_serial_module_driver(KBUILD_MODNAME, __serial_drivers, __ids)
      |  ^~~~~~~~~~~~~~~~~~~~~~~~
drivers/usb/serial/ipaq.c:607:1: note: in expansion of macro ‘module_usb_serial_driver’
  607 | module_usb_serial_driver(serial_drivers, ipaq_id_table);
      | ^~~~~~~~~~~~~~~~~~~~~~~~
  CC [M]  drivers/usb/serial/ipw.o
In file included from drivers/usb/serial/ipw.c:44:
./include/linux/module.h:138:7: warning: ‘cleanup_module’ specifies less restrictive attribute than its target ‘usb_serial_module_exit’: ‘cold’ [-Wmissing-attributes]
  138 |  void cleanup_module(void) __attribute__((alias(#exitfn)));
      |       ^~~~~~~~~~~~~~
./include/linux/usb/serial.h:408:1: note: in expansion of macro ‘module_exit’
  408 | module_exit(usb_serial_module_exit);
      | ^~~~~~~~~~~
./include/linux/usb/serial.h:411:2: note: in expansion of macro ‘usb_serial_module_driver’
  411 |  usb_serial_module_driver(KBUILD_MODNAME, __serial_drivers, __ids)
      |  ^~~~~~~~~~~~~~~~~~~~~~~~
drivers/usb/serial/ipw.c:312:1: note: in expansion of macro ‘module_usb_serial_driver’
  312 | module_usb_serial_driver(serial_drivers, id_table);
      | ^~~~~~~~~~~~~~~~~~~~~~~~
In file included from drivers/usb/serial/ipw.c:47:
./include/linux/usb/serial.h:404:20: note: ‘cleanup_module’ target declared here
  404 | static void __exit usb_serial_module_exit(void)    \
      |                    ^~~~~~~~~~~~~~~~~~~~~~
./include/linux/usb/serial.h:411:2: note: in expansion of macro ‘usb_serial_module_driver’
  411 |  usb_serial_module_driver(KBUILD_MODNAME, __serial_drivers, __ids)
      |  ^~~~~~~~~~~~~~~~~~~~~~~~
drivers/usb/serial/ipw.c:312:1: note: in expansion of macro ‘module_usb_serial_driver’
  312 | module_usb_serial_driver(serial_drivers, id_table);
      | ^~~~~~~~~~~~~~~~~~~~~~~~
In file included from drivers/usb/serial/ipw.c:44:
./include/linux/module.h:132:6: warning: ‘init_module’ specifies less restrictive attribute than its target ‘usb_serial_module_init’: ‘cold’ [-Wmissing-attributes]
  132 |  int init_module(void) __attribute__((alias(#initfn)));
      |      ^~~~~~~~~~~
./include/linux/usb/serial.h:403:1: note: in expansion of macro ‘module_init’
  403 | module_init(usb_serial_module_init);     \
      | ^~~~~~~~~~~
./include/linux/usb/serial.h:411:2: note: in expansion of macro ‘usb_serial_module_driver’
  411 |  usb_serial_module_driver(KBUILD_MODNAME, __serial_drivers, __ids)
      |  ^~~~~~~~~~~~~~~~~~~~~~~~
drivers/usb/serial/ipw.c:312:1: note: in expansion of macro ‘module_usb_serial_driver’
  312 | module_usb_serial_driver(serial_drivers, id_table);
      | ^~~~~~~~~~~~~~~~~~~~~~~~
In file included from drivers/usb/serial/ipw.c:47:
./include/linux/usb/serial.h:398:19: note: ‘init_module’ target declared here
  398 | static int __init usb_serial_module_init(void)    \
      |                   ^~~~~~~~~~~~~~~~~~~~~~
./include/linux/usb/serial.h:411:2: note: in expansion of macro ‘usb_serial_module_driver’
  411 |  usb_serial_module_driver(KBUILD_MODNAME, __serial_drivers, __ids)
      |  ^~~~~~~~~~~~~~~~~~~~~~~~
drivers/usb/serial/ipw.c:312:1: note: in expansion of macro ‘module_usb_serial_driver’
  312 | module_usb_serial_driver(serial_drivers, id_table);
      | ^~~~~~~~~~~~~~~~~~~~~~~~
  CC [M]  drivers/usb/serial/ir-usb.o
In file included from drivers/usb/serial/ir-usb.c:34:
./include/linux/module.h:138:7: warning: ‘cleanup_module’ specifies less restrictive attribute than its target ‘ir_exit’: ‘cold’ [-Wmissing-attributes]
  138 |  void cleanup_module(void) __attribute__((alias(#exitfn)));
      |       ^~~~~~~~~~~~~~
drivers/usb/serial/ir-usb.c:434:1: note: in expansion of macro ‘module_exit’
  434 | module_exit(ir_exit);
      | ^~~~~~~~~~~
drivers/usb/serial/ir-usb.c:427:20: note: ‘cleanup_module’ target declared here
  427 | static void __exit ir_exit(void)
      |                    ^~~~~~~
In file included from drivers/usb/serial/ir-usb.c:34:
./include/linux/module.h:132:6: warning: ‘init_module’ specifies less restrictive attribute than its target ‘ir_init’: ‘cold’ [-Wmissing-attributes]
  132 |  int init_module(void) __attribute__((alias(#initfn)));
      |      ^~~~~~~~~~~
drivers/usb/serial/ir-usb.c:433:1: note: in expansion of macro ‘module_init’
  433 | module_init(ir_init);
      | ^~~~~~~~~~~
drivers/usb/serial/ir-usb.c:417:19: note: ‘init_module’ target declared here
  417 | static int __init ir_init(void)
      |                   ^~~~~~~
  CC [M]  drivers/usb/serial/iuu_phoenix.o
In file included from drivers/usb/serial/iuu_phoenix.c:25:
./include/linux/module.h:138:7: warning: ‘cleanup_module’ specifies less restrictive attribute than its target ‘usb_serial_module_exit’: ‘cold’ [-Wmissing-attributes]
  138 |  void cleanup_module(void) __attribute__((alias(#exitfn)));
      |       ^~~~~~~~~~~~~~
./include/linux/usb/serial.h:408:1: note: in expansion of macro ‘module_exit’
  408 | module_exit(usb_serial_module_exit);
      | ^~~~~~~~~~~
./include/linux/usb/serial.h:411:2: note: in expansion of macro ‘usb_serial_module_driver’
  411 |  usb_serial_module_driver(KBUILD_MODNAME, __serial_drivers, __ids)
      |  ^~~~~~~~~~~~~~~~~~~~~~~~
drivers/usb/serial/iuu_phoenix.c:1218:1: note: in expansion of macro ‘module_usb_serial_driver’
 1218 | module_usb_serial_driver(serial_drivers, id_table);
      | ^~~~~~~~~~~~~~~~~~~~~~~~
In file included from drivers/usb/serial/iuu_phoenix.c:30:
./include/linux/usb/serial.h:404:20: note: ‘cleanup_module’ target declared here
  404 | static void __exit usb_serial_module_exit(void)    \
      |                    ^~~~~~~~~~~~~~~~~~~~~~
./include/linux/usb/serial.h:411:2: note: in expansion of macro ‘usb_serial_module_driver’
  411 |  usb_serial_module_driver(KBUILD_MODNAME, __serial_drivers, __ids)
      |  ^~~~~~~~~~~~~~~~~~~~~~~~
drivers/usb/serial/iuu_phoenix.c:1218:1: note: in expansion of macro ‘module_usb_serial_driver’
 1218 | module_usb_serial_driver(serial_drivers, id_table);
      | ^~~~~~~~~~~~~~~~~~~~~~~~
In file included from drivers/usb/serial/iuu_phoenix.c:25:
./include/linux/module.h:132:6: warning: ‘init_module’ specifies less restrictive attribute than its target ‘usb_serial_module_init’: ‘cold’ [-Wmissing-attributes]
  132 |  int init_module(void) __attribute__((alias(#initfn)));
      |      ^~~~~~~~~~~
./include/linux/usb/serial.h:403:1: note: in expansion of macro ‘module_init’
  403 | module_init(usb_serial_module_init);     \
      | ^~~~~~~~~~~
./include/linux/usb/serial.h:411:2: note: in expansion of macro ‘usb_serial_module_driver’
  411 |  usb_serial_module_driver(KBUILD_MODNAME, __serial_drivers, __ids)
      |  ^~~~~~~~~~~~~~~~~~~~~~~~
drivers/usb/serial/iuu_phoenix.c:1218:1: note: in expansion of macro ‘module_usb_serial_driver’
 1218 | module_usb_serial_driver(serial_drivers, id_table);
      | ^~~~~~~~~~~~~~~~~~~~~~~~
In file included from drivers/usb/serial/iuu_phoenix.c:30:
./include/linux/usb/serial.h:398:19: note: ‘init_module’ target declared here
  398 | static int __init usb_serial_module_init(void)    \
      |                   ^~~~~~~~~~~~~~~~~~~~~~
./include/linux/usb/serial.h:411:2: note: in expansion of macro ‘usb_serial_module_driver’
  411 |  usb_serial_module_driver(KBUILD_MODNAME, __serial_drivers, __ids)
      |  ^~~~~~~~~~~~~~~~~~~~~~~~
drivers/usb/serial/iuu_phoenix.c:1218:1: note: in expansion of macro ‘module_usb_serial_driver’
 1218 | module_usb_serial_driver(serial_drivers, id_table);
      | ^~~~~~~~~~~~~~~~~~~~~~~~
  CC [M]  drivers/usb/serial/keyspan.o
In file included from drivers/usb/serial/keyspan.c:38:
./include/linux/module.h:138:7: warning: ‘cleanup_module’ specifies less restrictive attribute than its target ‘usb_serial_module_exit’: ‘cold’ [-Wmissing-attributes]
  138 |  void cleanup_module(void) __attribute__((alias(#exitfn)));
      |       ^~~~~~~~~~~~~~
./include/linux/usb/serial.h:408:1: note: in expansion of macro ‘module_exit’
  408 | module_exit(usb_serial_module_exit);
      | ^~~~~~~~~~~
./include/linux/usb/serial.h:411:2: note: in expansion of macro ‘usb_serial_module_driver’
  411 |  usb_serial_module_driver(KBUILD_MODNAME, __serial_drivers, __ids)
      |  ^~~~~~~~~~~~~~~~~~~~~~~~
drivers/usb/serial/keyspan.c:129:1: note: in expansion of macro ‘module_usb_serial_driver’
  129 | module_usb_serial_driver(serial_drivers, keyspan_ids_combined);
      | ^~~~~~~~~~~~~~~~~~~~~~~~
In file included from drivers/usb/serial/keyspan.c:42:
./include/linux/usb/serial.h:404:20: note: ‘cleanup_module’ target declared here
  404 | static void __exit usb_serial_module_exit(void)    \
      |                    ^~~~~~~~~~~~~~~~~~~~~~
./include/linux/usb/serial.h:411:2: note: in expansion of macro ‘usb_serial_module_driver’
  411 |  usb_serial_module_driver(KBUILD_MODNAME, __serial_drivers, __ids)
      |  ^~~~~~~~~~~~~~~~~~~~~~~~
drivers/usb/serial/keyspan.c:129:1: note: in expansion of macro ‘module_usb_serial_driver’
  129 | module_usb_serial_driver(serial_drivers, keyspan_ids_combined);
      | ^~~~~~~~~~~~~~~~~~~~~~~~
In file included from drivers/usb/serial/keyspan.c:38:
./include/linux/module.h:132:6: warning: ‘init_module’ specifies less restrictive attribute than its target ‘usb_serial_module_init’: ‘cold’ [-Wmissing-attributes]
  132 |  int init_module(void) __attribute__((alias(#initfn)));
      |      ^~~~~~~~~~~
./include/linux/usb/serial.h:403:1: note: in expansion of macro ‘module_init’
  403 | module_init(usb_serial_module_init);     \
      | ^~~~~~~~~~~
./include/linux/usb/serial.h:411:2: note: in expansion of macro ‘usb_serial_module_driver’
  411 |  usb_serial_module_driver(KBUILD_MODNAME, __serial_drivers, __ids)
      |  ^~~~~~~~~~~~~~~~~~~~~~~~
drivers/usb/serial/keyspan.c:129:1: note: in expansion of macro ‘module_usb_serial_driver’
  129 | module_usb_serial_driver(serial_drivers, keyspan_ids_combined);
      | ^~~~~~~~~~~~~~~~~~~~~~~~
In file included from drivers/usb/serial/keyspan.c:42:
./include/linux/usb/serial.h:398:19: note: ‘init_module’ target declared here
  398 | static int __init usb_serial_module_init(void)    \
      |                   ^~~~~~~~~~~~~~~~~~~~~~
./include/linux/usb/serial.h:411:2: note: in expansion of macro ‘usb_serial_module_driver’
  411 |  usb_serial_module_driver(KBUILD_MODNAME, __serial_drivers, __ids)
      |  ^~~~~~~~~~~~~~~~~~~~~~~~
drivers/usb/serial/keyspan.c:129:1: note: in expansion of macro ‘module_usb_serial_driver’
  129 | module_usb_serial_driver(serial_drivers, keyspan_ids_combined);
      | ^~~~~~~~~~~~~~~~~~~~~~~~
  CC [M]  drivers/usb/serial/keyspan_pda.o
In file included from drivers/usb/serial/keyspan_pda.c:24:
./include/linux/module.h:138:7: warning: ‘cleanup_module’ specifies less restrictive attribute than its target ‘usb_serial_module_exit’: ‘cold’ [-Wmissing-attributes]
  138 |  void cleanup_module(void) __attribute__((alias(#exitfn)));
      |       ^~~~~~~~~~~~~~
./include/linux/usb/serial.h:408:1: note: in expansion of macro ‘module_exit’
  408 | module_exit(usb_serial_module_exit);
      | ^~~~~~~~~~~
./include/linux/usb/serial.h:411:2: note: in expansion of macro ‘usb_serial_module_driver’
  411 |  usb_serial_module_driver(KBUILD_MODNAME, __serial_drivers, __ids)
      |  ^~~~~~~~~~~~~~~~~~~~~~~~
drivers/usb/serial/keyspan_pda.c:817:1: note: in expansion of macro ‘module_usb_serial_driver’
  817 | module_usb_serial_driver(serial_drivers, id_table_combined);
      | ^~~~~~~~~~~~~~~~~~~~~~~~
In file included from drivers/usb/serial/keyspan_pda.c:29:
./include/linux/usb/serial.h:404:20: note: ‘cleanup_module’ target declared here
  404 | static void __exit usb_serial_module_exit(void)    \
      |                    ^~~~~~~~~~~~~~~~~~~~~~
./include/linux/usb/serial.h:411:2: note: in expansion of macro ‘usb_serial_module_driver’
  411 |  usb_serial_module_driver(KBUILD_MODNAME, __serial_drivers, __ids)
      |  ^~~~~~~~~~~~~~~~~~~~~~~~
drivers/usb/serial/keyspan_pda.c:817:1: note: in expansion of macro ‘module_usb_serial_driver’
  817 | module_usb_serial_driver(serial_drivers, id_table_combined);
      | ^~~~~~~~~~~~~~~~~~~~~~~~
In file included from drivers/usb/serial/keyspan_pda.c:24:
./include/linux/module.h:132:6: warning: ‘init_module’ specifies less restrictive attribute than its target ‘usb_serial_module_init’: ‘cold’ [-Wmissing-attributes]
  132 |  int init_module(void) __attribute__((alias(#initfn)));
      |      ^~~~~~~~~~~
./include/linux/usb/serial.h:403:1: note: in expansion of macro ‘module_init’
  403 | module_init(usb_serial_module_init);     \
      | ^~~~~~~~~~~
./include/linux/usb/serial.h:411:2: note: in expansion of macro ‘usb_serial_module_driver’
  411 |  usb_serial_module_driver(KBUILD_MODNAME, __serial_drivers, __ids)
      |  ^~~~~~~~~~~~~~~~~~~~~~~~
drivers/usb/serial/keyspan_pda.c:817:1: note: in expansion of macro ‘module_usb_serial_driver’
  817 | module_usb_serial_driver(serial_drivers, id_table_combined);
      | ^~~~~~~~~~~~~~~~~~~~~~~~
In file included from drivers/usb/serial/keyspan_pda.c:29:
./include/linux/usb/serial.h:398:19: note: ‘init_module’ target declared here
  398 | static int __init usb_serial_module_init(void)    \
      |                   ^~~~~~~~~~~~~~~~~~~~~~
./include/linux/usb/serial.h:411:2: note: in expansion of macro ‘usb_serial_module_driver’
  411 |  usb_serial_module_driver(KBUILD_MODNAME, __serial_drivers, __ids)
      |  ^~~~~~~~~~~~~~~~~~~~~~~~
drivers/usb/serial/keyspan_pda.c:817:1: note: in expansion of macro ‘module_usb_serial_driver’
  817 | module_usb_serial_driver(serial_drivers, id_table_combined);
      | ^~~~~~~~~~~~~~~~~~~~~~~~
  CC [M]  drivers/usb/serial/kl5kusb105.o
In file included from drivers/usb/serial/kl5kusb105.c:44:
./include/linux/module.h:138:7: warning: ‘cleanup_module’ specifies less restrictive attribute than its target ‘usb_serial_module_exit’: ‘cold’ [-Wmissing-attributes]
  138 |  void cleanup_module(void) __attribute__((alias(#exitfn)));
      |       ^~~~~~~~~~~~~~
./include/linux/usb/serial.h:408:1: note: in expansion of macro ‘module_exit’
  408 | module_exit(usb_serial_module_exit);
      | ^~~~~~~~~~~
./include/linux/usb/serial.h:411:2: note: in expansion of macro ‘usb_serial_module_driver’
  411 |  usb_serial_module_driver(KBUILD_MODNAME, __serial_drivers, __ids)
      |  ^~~~~~~~~~~~~~~~~~~~~~~~
drivers/usb/serial/kl5kusb105.c:617:1: note: in expansion of macro ‘module_usb_serial_driver’
  617 | module_usb_serial_driver(serial_drivers, id_table);
      | ^~~~~~~~~~~~~~~~~~~~~~~~
In file included from drivers/usb/serial/kl5kusb105.c:48:
./include/linux/usb/serial.h:404:20: note: ‘cleanup_module’ target declared here
  404 | static void __exit usb_serial_module_exit(void)    \
      |                    ^~~~~~~~~~~~~~~~~~~~~~
./include/linux/usb/serial.h:411:2: note: in expansion of macro ‘usb_serial_module_driver’
  411 |  usb_serial_module_driver(KBUILD_MODNAME, __serial_drivers, __ids)
      |  ^~~~~~~~~~~~~~~~~~~~~~~~
drivers/usb/serial/kl5kusb105.c:617:1: note: in expansion of macro ‘module_usb_serial_driver’
  617 | module_usb_serial_driver(serial_drivers, id_table);
      | ^~~~~~~~~~~~~~~~~~~~~~~~
In file included from drivers/usb/serial/kl5kusb105.c:44:
./include/linux/module.h:132:6: warning: ‘init_module’ specifies less restrictive attribute than its target ‘usb_serial_module_init’: ‘cold’ [-Wmissing-attributes]
  132 |  int init_module(void) __attribute__((alias(#initfn)));
      |      ^~~~~~~~~~~
./include/linux/usb/serial.h:403:1: note: in expansion of macro ‘module_init’
  403 | module_init(usb_serial_module_init);     \
      | ^~~~~~~~~~~
./include/linux/usb/serial.h:411:2: note: in expansion of macro ‘usb_serial_module_driver’
  411 |  usb_serial_module_driver(KBUILD_MODNAME, __serial_drivers, __ids)
      |  ^~~~~~~~~~~~~~~~~~~~~~~~
drivers/usb/serial/kl5kusb105.c:617:1: note: in expansion of macro ‘module_usb_serial_driver’
  617 | module_usb_serial_driver(serial_drivers, id_table);
      | ^~~~~~~~~~~~~~~~~~~~~~~~
In file included from drivers/usb/serial/kl5kusb105.c:48:
./include/linux/usb/serial.h:398:19: note: ‘init_module’ target declared here
  398 | static int __init usb_serial_module_init(void)    \
      |                   ^~~~~~~~~~~~~~~~~~~~~~
./include/linux/usb/serial.h:411:2: note: in expansion of macro ‘usb_serial_module_driver’
  411 |  usb_serial_module_driver(KBUILD_MODNAME, __serial_drivers, __ids)
      |  ^~~~~~~~~~~~~~~~~~~~~~~~
drivers/usb/serial/kl5kusb105.c:617:1: note: in expansion of macro ‘module_usb_serial_driver’
  617 | module_usb_serial_driver(serial_drivers, id_table);
      | ^~~~~~~~~~~~~~~~~~~~~~~~
  CC [M]  drivers/usb/serial/kobil_sct.o
In file included from drivers/usb/serial/kobil_sct.c:32:
./include/linux/module.h:138:7: warning: ‘cleanup_module’ specifies less restrictive attribute than its target ‘usb_serial_module_exit’: ‘cold’ [-Wmissing-attributes]
  138 |  void cleanup_module(void) __attribute__((alias(#exitfn)));
      |       ^~~~~~~~~~~~~~
./include/linux/usb/serial.h:408:1: note: in expansion of macro ‘module_exit’
  408 | module_exit(usb_serial_module_exit);
      | ^~~~~~~~~~~
./include/linux/usb/serial.h:411:2: note: in expansion of macro ‘usb_serial_module_driver’
  411 |  usb_serial_module_driver(KBUILD_MODNAME, __serial_drivers, __ids)
      |  ^~~~~~~~~~~~~~~~~~~~~~~~
drivers/usb/serial/kobil_sct.c:567:1: note: in expansion of macro ‘module_usb_serial_driver’
  567 | module_usb_serial_driver(serial_drivers, id_table);
      | ^~~~~~~~~~~~~~~~~~~~~~~~
In file included from drivers/usb/serial/kobil_sct.c:36:
./include/linux/usb/serial.h:404:20: note: ‘cleanup_module’ target declared here
  404 | static void __exit usb_serial_module_exit(void)    \
      |                    ^~~~~~~~~~~~~~~~~~~~~~
./include/linux/usb/serial.h:411:2: note: in expansion of macro ‘usb_serial_module_driver’
  411 |  usb_serial_module_driver(KBUILD_MODNAME, __serial_drivers, __ids)
      |  ^~~~~~~~~~~~~~~~~~~~~~~~
drivers/usb/serial/kobil_sct.c:567:1: note: in expansion of macro ‘module_usb_serial_driver’
  567 | module_usb_serial_driver(serial_drivers, id_table);
      | ^~~~~~~~~~~~~~~~~~~~~~~~
In file included from drivers/usb/serial/kobil_sct.c:32:
./include/linux/module.h:132:6: warning: ‘init_module’ specifies less restrictive attribute than its target ‘usb_serial_module_init’: ‘cold’ [-Wmissing-attributes]
  132 |  int init_module(void) __attribute__((alias(#initfn)));
      |      ^~~~~~~~~~~
./include/linux/usb/serial.h:403:1: note: in expansion of macro ‘module_init’
  403 | module_init(usb_serial_module_init);     \
      | ^~~~~~~~~~~
./include/linux/usb/serial.h:411:2: note: in expansion of macro ‘usb_serial_module_driver’
  411 |  usb_serial_module_driver(KBUILD_MODNAME, __serial_drivers, __ids)
      |  ^~~~~~~~~~~~~~~~~~~~~~~~
drivers/usb/serial/kobil_sct.c:567:1: note: in expansion of macro ‘module_usb_serial_driver’
  567 | module_usb_serial_driver(serial_drivers, id_table);
      | ^~~~~~~~~~~~~~~~~~~~~~~~
In file included from drivers/usb/serial/kobil_sct.c:36:
./include/linux/usb/serial.h:398:19: note: ‘init_module’ target declared here
  398 | static int __init usb_serial_module_init(void)    \
      |                   ^~~~~~~~~~~~~~~~~~~~~~
./include/linux/usb/serial.h:411:2: note: in expansion of macro ‘usb_serial_module_driver’
  411 |  usb_serial_module_driver(KBUILD_MODNAME, __serial_drivers, __ids)
      |  ^~~~~~~~~~~~~~~~~~~~~~~~
drivers/usb/serial/kobil_sct.c:567:1: note: in expansion of macro ‘module_usb_serial_driver’
  567 | module_usb_serial_driver(serial_drivers, id_table);
      | ^~~~~~~~~~~~~~~~~~~~~~~~
  CC [M]  drivers/usb/serial/mct_u232.o
In file included from drivers/usb/serial/mct_u232.c:30:
./include/linux/module.h:138:7: warning: ‘cleanup_module’ specifies less restrictive attribute than its target ‘usb_serial_module_exit’: ‘cold’ [-Wmissing-attributes]
  138 |  void cleanup_module(void) __attribute__((alias(#exitfn)));
      |       ^~~~~~~~~~~~~~
./include/linux/usb/serial.h:408:1: note: in expansion of macro ‘module_exit’
  408 | module_exit(usb_serial_module_exit);
      | ^~~~~~~~~~~
./include/linux/usb/serial.h:411:2: note: in expansion of macro ‘usb_serial_module_driver’
  411 |  usb_serial_module_driver(KBUILD_MODNAME, __serial_drivers, __ids)
      |  ^~~~~~~~~~~~~~~~~~~~~~~~
drivers/usb/serial/mct_u232.c:778:1: note: in expansion of macro ‘module_usb_serial_driver’
  778 | module_usb_serial_driver(serial_drivers, id_table);
      | ^~~~~~~~~~~~~~~~~~~~~~~~
In file included from drivers/usb/serial/mct_u232.c:35:
./include/linux/usb/serial.h:404:20: note: ‘cleanup_module’ target declared here
  404 | static void __exit usb_serial_module_exit(void)    \
      |                    ^~~~~~~~~~~~~~~~~~~~~~
./include/linux/usb/serial.h:411:2: note: in expansion of macro ‘usb_serial_module_driver’
  411 |  usb_serial_module_driver(KBUILD_MODNAME, __serial_drivers, __ids)
      |  ^~~~~~~~~~~~~~~~~~~~~~~~
drivers/usb/serial/mct_u232.c:778:1: note: in expansion of macro ‘module_usb_serial_driver’
  778 | module_usb_serial_driver(serial_drivers, id_table);
      | ^~~~~~~~~~~~~~~~~~~~~~~~
In file included from drivers/usb/serial/mct_u232.c:30:
./include/linux/module.h:132:6: warning: ‘init_module’ specifies less restrictive attribute than its target ‘usb_serial_module_init’: ‘cold’ [-Wmissing-attributes]
  132 |  int init_module(void) __attribute__((alias(#initfn)));
      |      ^~~~~~~~~~~
./include/linux/usb/serial.h:403:1: note: in expansion of macro ‘module_init’
  403 | module_init(usb_serial_module_init);     \
      | ^~~~~~~~~~~
./include/linux/usb/serial.h:411:2: note: in expansion of macro ‘usb_serial_module_driver’
  411 |  usb_serial_module_driver(KBUILD_MODNAME, __serial_drivers, __ids)
      |  ^~~~~~~~~~~~~~~~~~~~~~~~
drivers/usb/serial/mct_u232.c:778:1: note: in expansion of macro ‘module_usb_serial_driver’
  778 | module_usb_serial_driver(serial_drivers, id_table);
      | ^~~~~~~~~~~~~~~~~~~~~~~~
In file included from drivers/usb/serial/mct_u232.c:35:
./include/linux/usb/serial.h:398:19: note: ‘init_module’ target declared here
  398 | static int __init usb_serial_module_init(void)    \
      |                   ^~~~~~~~~~~~~~~~~~~~~~
./include/linux/usb/serial.h:411:2: note: in expansion of macro ‘usb_serial_module_driver’
  411 |  usb_serial_module_driver(KBUILD_MODNAME, __serial_drivers, __ids)
      |  ^~~~~~~~~~~~~~~~~~~~~~~~
drivers/usb/serial/mct_u232.c:778:1: note: in expansion of macro ‘module_usb_serial_driver’
  778 | module_usb_serial_driver(serial_drivers, id_table);
      | ^~~~~~~~~~~~~~~~~~~~~~~~
  CC [M]  drivers/usb/serial/metro-usb.o
In file included from drivers/usb/serial/metro-usb.c:11:
./include/linux/module.h:138:7: warning: ‘cleanup_module’ specifies less restrictive attribute than its target ‘usb_serial_module_exit’: ‘cold’ [-Wmissing-attributes]
  138 |  void cleanup_module(void) __attribute__((alias(#exitfn)));
      |       ^~~~~~~~~~~~~~
./include/linux/usb/serial.h:408:1: note: in expansion of macro ‘module_exit’
  408 | module_exit(usb_serial_module_exit);
      | ^~~~~~~~~~~
./include/linux/usb/serial.h:411:2: note: in expansion of macro ‘usb_serial_module_driver’
  411 |  usb_serial_module_driver(KBUILD_MODNAME, __serial_drivers, __ids)
      |  ^~~~~~~~~~~~~~~~~~~~~~~~
drivers/usb/serial/metro-usb.c:395:1: note: in expansion of macro ‘module_usb_serial_driver’
  395 | module_usb_serial_driver(serial_drivers, id_table);
      | ^~~~~~~~~~~~~~~~~~~~~~~~
In file included from drivers/usb/serial/metro-usb.c:20:
./include/linux/usb/serial.h:404:20: note: ‘cleanup_module’ target declared here
  404 | static void __exit usb_serial_module_exit(void)    \
      |                    ^~~~~~~~~~~~~~~~~~~~~~
./include/linux/usb/serial.h:411:2: note: in expansion of macro ‘usb_serial_module_driver’
  411 |  usb_serial_module_driver(KBUILD_MODNAME, __serial_drivers, __ids)
      |  ^~~~~~~~~~~~~~~~~~~~~~~~
drivers/usb/serial/metro-usb.c:395:1: note: in expansion of macro ‘module_usb_serial_driver’
  395 | module_usb_serial_driver(serial_drivers, id_table);
      | ^~~~~~~~~~~~~~~~~~~~~~~~
In file included from drivers/usb/serial/metro-usb.c:11:
./include/linux/module.h:132:6: warning: ‘init_module’ specifies less restrictive attribute than its target ‘usb_serial_module_init’: ‘cold’ [-Wmissing-attributes]
  132 |  int init_module(void) __attribute__((alias(#initfn)));
      |      ^~~~~~~~~~~
./include/linux/usb/serial.h:403:1: note: in expansion of macro ‘module_init’
  403 | module_init(usb_serial_module_init);     \
      | ^~~~~~~~~~~
./include/linux/usb/serial.h:411:2: note: in expansion of macro ‘usb_serial_module_driver’
  411 |  usb_serial_module_driver(KBUILD_MODNAME, __serial_drivers, __ids)
      |  ^~~~~~~~~~~~~~~~~~~~~~~~
drivers/usb/serial/metro-usb.c:395:1: note: in expansion of macro ‘module_usb_serial_driver’
  395 | module_usb_serial_driver(serial_drivers, id_table);
      | ^~~~~~~~~~~~~~~~~~~~~~~~
In file included from drivers/usb/serial/metro-usb.c:20:
./include/linux/usb/serial.h:398:19: note: ‘init_module’ target declared here
  398 | static int __init usb_serial_module_init(void)    \
      |                   ^~~~~~~~~~~~~~~~~~~~~~
./include/linux/usb/serial.h:411:2: note: in expansion of macro ‘usb_serial_module_driver’
  411 |  usb_serial_module_driver(KBUILD_MODNAME, __serial_drivers, __ids)
      |  ^~~~~~~~~~~~~~~~~~~~~~~~
drivers/usb/serial/metro-usb.c:395:1: note: in expansion of macro ‘module_usb_serial_driver’
  395 | module_usb_serial_driver(serial_drivers, id_table);
      | ^~~~~~~~~~~~~~~~~~~~~~~~
  CC [M]  drivers/usb/serial/mos7720.o
In file included from drivers/usb/serial/mos7720.c:29:
./include/linux/module.h:138:7: warning: ‘cleanup_module’ specifies less restrictive attribute than its target ‘usb_serial_module_exit’: ‘cold’ [-Wmissing-attributes]
  138 |  void cleanup_module(void) __attribute__((alias(#exitfn)));
      |       ^~~~~~~~~~~~~~
./include/linux/usb/serial.h:408:1: note: in expansion of macro ‘module_exit’
  408 | module_exit(usb_serial_module_exit);
      | ^~~~~~~~~~~
./include/linux/usb/serial.h:411:2: note: in expansion of macro ‘usb_serial_module_driver’
  411 |  usb_serial_module_driver(KBUILD_MODNAME, __serial_drivers, __ids)
      |  ^~~~~~~~~~~~~~~~~~~~~~~~
drivers/usb/serial/mos7720.c:2076:1: note: in expansion of macro ‘module_usb_serial_driver’
 2076 | module_usb_serial_driver(serial_drivers, id_table);
      | ^~~~~~~~~~~~~~~~~~~~~~~~
In file included from drivers/usb/serial/mos7720.c:34:
./include/linux/usb/serial.h:404:20: note: ‘cleanup_module’ target declared here
  404 | static void __exit usb_serial_module_exit(void)    \
      |                    ^~~~~~~~~~~~~~~~~~~~~~
./include/linux/usb/serial.h:411:2: note: in expansion of macro ‘usb_serial_module_driver’
  411 |  usb_serial_module_driver(KBUILD_MODNAME, __serial_drivers, __ids)
      |  ^~~~~~~~~~~~~~~~~~~~~~~~
drivers/usb/serial/mos7720.c:2076:1: note: in expansion of macro ‘module_usb_serial_driver’
 2076 | module_usb_serial_driver(serial_drivers, id_table);
      | ^~~~~~~~~~~~~~~~~~~~~~~~
In file included from drivers/usb/serial/mos7720.c:29:
./include/linux/module.h:132:6: warning: ‘init_module’ specifies less restrictive attribute than its target ‘usb_serial_module_init’: ‘cold’ [-Wmissing-attributes]
  132 |  int init_module(void) __attribute__((alias(#initfn)));
      |      ^~~~~~~~~~~
./include/linux/usb/serial.h:403:1: note: in expansion of macro ‘module_init’
  403 | module_init(usb_serial_module_init);     \
      | ^~~~~~~~~~~
./include/linux/usb/serial.h:411:2: note: in expansion of macro ‘usb_serial_module_driver’
  411 |  usb_serial_module_driver(KBUILD_MODNAME, __serial_drivers, __ids)
      |  ^~~~~~~~~~~~~~~~~~~~~~~~
drivers/usb/serial/mos7720.c:2076:1: note: in expansion of macro ‘module_usb_serial_driver’
 2076 | module_usb_serial_driver(serial_drivers, id_table);
      | ^~~~~~~~~~~~~~~~~~~~~~~~
In file included from drivers/usb/serial/mos7720.c:34:
./include/linux/usb/serial.h:398:19: note: ‘init_module’ target declared here
  398 | static int __init usb_serial_module_init(void)    \
      |                   ^~~~~~~~~~~~~~~~~~~~~~
./include/linux/usb/serial.h:411:2: note: in expansion of macro ‘usb_serial_module_driver’
  411 |  usb_serial_module_driver(KBUILD_MODNAME, __serial_drivers, __ids)
      |  ^~~~~~~~~~~~~~~~~~~~~~~~
drivers/usb/serial/mos7720.c:2076:1: note: in expansion of macro ‘module_usb_serial_driver’
 2076 | module_usb_serial_driver(serial_drivers, id_table);
      | ^~~~~~~~~~~~~~~~~~~~~~~~
  CC [M]  drivers/usb/serial/mos7840.o
In file included from drivers/usb/serial/mos7840.c:31:
./include/linux/module.h:138:7: warning: ‘cleanup_module’ specifies less restrictive attribute than its target ‘usb_serial_module_exit’: ‘cold’ [-Wmissing-attributes]
  138 |  void cleanup_module(void) __attribute__((alias(#exitfn)));
      |       ^~~~~~~~~~~~~~
./include/linux/usb/serial.h:408:1: note: in expansion of macro ‘module_exit’
  408 | module_exit(usb_serial_module_exit);
      | ^~~~~~~~~~~
./include/linux/usb/serial.h:411:2: note: in expansion of macro ‘usb_serial_module_driver’
  411 |  usb_serial_module_driver(KBUILD_MODNAME, __serial_drivers, __ids)
      |  ^~~~~~~~~~~~~~~~~~~~~~~~
drivers/usb/serial/mos7840.c:2429:1: note: in expansion of macro ‘module_usb_serial_driver’
 2429 | module_usb_serial_driver(serial_drivers, id_table);
      | ^~~~~~~~~~~~~~~~~~~~~~~~
In file included from drivers/usb/serial/mos7840.c:34:
./include/linux/usb/serial.h:404:20: note: ‘cleanup_module’ target declared here
  404 | static void __exit usb_serial_module_exit(void)    \
      |                    ^~~~~~~~~~~~~~~~~~~~~~
./include/linux/usb/serial.h:411:2: note: in expansion of macro ‘usb_serial_module_driver’
  411 |  usb_serial_module_driver(KBUILD_MODNAME, __serial_drivers, __ids)
      |  ^~~~~~~~~~~~~~~~~~~~~~~~
drivers/usb/serial/mos7840.c:2429:1: note: in expansion of macro ‘module_usb_serial_driver’
 2429 | module_usb_serial_driver(serial_drivers, id_table);
      | ^~~~~~~~~~~~~~~~~~~~~~~~
In file included from drivers/usb/serial/mos7840.c:31:
./include/linux/module.h:132:6: warning: ‘init_module’ specifies less restrictive attribute than its target ‘usb_serial_module_init’: ‘cold’ [-Wmissing-attributes]
  132 |  int init_module(void) __attribute__((alias(#initfn)));
      |      ^~~~~~~~~~~
./include/linux/usb/serial.h:403:1: note: in expansion of macro ‘module_init’
  403 | module_init(usb_serial_module_init);     \
      | ^~~~~~~~~~~
./include/linux/usb/serial.h:411:2: note: in expansion of macro ‘usb_serial_module_driver’
  411 |  usb_serial_module_driver(KBUILD_MODNAME, __serial_drivers, __ids)
      |  ^~~~~~~~~~~~~~~~~~~~~~~~
drivers/usb/serial/mos7840.c:2429:1: note: in expansion of macro ‘module_usb_serial_driver’
 2429 | module_usb_serial_driver(serial_drivers, id_table);
      | ^~~~~~~~~~~~~~~~~~~~~~~~
In file included from drivers/usb/serial/mos7840.c:34:
./include/linux/usb/serial.h:398:19: note: ‘init_module’ target declared here
  398 | static int __init usb_serial_module_init(void)    \
      |                   ^~~~~~~~~~~~~~~~~~~~~~
./include/linux/usb/serial.h:411:2: note: in expansion of macro ‘usb_serial_module_driver’
  411 |  usb_serial_module_driver(KBUILD_MODNAME, __serial_drivers, __ids)
      |  ^~~~~~~~~~~~~~~~~~~~~~~~
drivers/usb/serial/mos7840.c:2429:1: note: in expansion of macro ‘module_usb_serial_driver’
 2429 | module_usb_serial_driver(serial_drivers, id_table);
      | ^~~~~~~~~~~~~~~~~~~~~~~~
  CC [M]  drivers/usb/serial/navman.o
In file included from drivers/usb/serial/navman.c:19:
./include/linux/module.h:138:7: warning: ‘cleanup_module’ specifies less restrictive attribute than its target ‘usb_serial_module_exit’: ‘cold’ [-Wmissing-attributes]
  138 |  void cleanup_module(void) __attribute__((alias(#exitfn)));
      |       ^~~~~~~~~~~~~~
./include/linux/usb/serial.h:408:1: note: in expansion of macro ‘module_exit’
  408 | module_exit(usb_serial_module_exit);
      | ^~~~~~~~~~~
./include/linux/usb/serial.h:411:2: note: in expansion of macro ‘usb_serial_module_driver’
  411 |  usb_serial_module_driver(KBUILD_MODNAME, __serial_drivers, __ids)
      |  ^~~~~~~~~~~~~~~~~~~~~~~~
drivers/usb/serial/navman.c:116:1: note: in expansion of macro ‘module_usb_serial_driver’
  116 | module_usb_serial_driver(serial_drivers, id_table);
      | ^~~~~~~~~~~~~~~~~~~~~~~~
In file included from drivers/usb/serial/navman.c:21:
./include/linux/usb/serial.h:404:20: note: ‘cleanup_module’ target declared here
  404 | static void __exit usb_serial_module_exit(void)    \
      |                    ^~~~~~~~~~~~~~~~~~~~~~
./include/linux/usb/serial.h:411:2: note: in expansion of macro ‘usb_serial_module_driver’
  411 |  usb_serial_module_driver(KBUILD_MODNAME, __serial_drivers, __ids)
      |  ^~~~~~~~~~~~~~~~~~~~~~~~
drivers/usb/serial/navman.c:116:1: note: in expansion of macro ‘module_usb_serial_driver’
  116 | module_usb_serial_driver(serial_drivers, id_table);
      | ^~~~~~~~~~~~~~~~~~~~~~~~
In file included from drivers/usb/serial/navman.c:19:
./include/linux/module.h:132:6: warning: ‘init_module’ specifies less restrictive attribute than its target ‘usb_serial_module_init’: ‘cold’ [-Wmissing-attributes]
  132 |  int init_module(void) __attribute__((alias(#initfn)));
      |      ^~~~~~~~~~~
./include/linux/usb/serial.h:403:1: note: in expansion of macro ‘module_init’
  403 | module_init(usb_serial_module_init);     \
      | ^~~~~~~~~~~
./include/linux/usb/serial.h:411:2: note: in expansion of macro ‘usb_serial_module_driver’
  411 |  usb_serial_module_driver(KBUILD_MODNAME, __serial_drivers, __ids)
      |  ^~~~~~~~~~~~~~~~~~~~~~~~
drivers/usb/serial/navman.c:116:1: note: in expansion of macro ‘module_usb_serial_driver’
  116 | module_usb_serial_driver(serial_drivers, id_table);
      | ^~~~~~~~~~~~~~~~~~~~~~~~
In file included from drivers/usb/serial/navman.c:21:
./include/linux/usb/serial.h:398:19: note: ‘init_module’ target declared here
  398 | static int __init usb_serial_module_init(void)    \
      |                   ^~~~~~~~~~~~~~~~~~~~~~
./include/linux/usb/serial.h:411:2: note: in expansion of macro ‘usb_serial_module_driver’
  411 |  usb_serial_module_driver(KBUILD_MODNAME, __serial_drivers, __ids)
      |  ^~~~~~~~~~~~~~~~~~~~~~~~
drivers/usb/serial/navman.c:116:1: note: in expansion of macro ‘module_usb_serial_driver’
  116 | module_usb_serial_driver(serial_drivers, id_table);
      | ^~~~~~~~~~~~~~~~~~~~~~~~
  CC [M]  drivers/usb/serial/omninet.o
In file included from drivers/usb/serial/omninet.c:20:
./include/linux/module.h:138:7: warning: ‘cleanup_module’ specifies less restrictive attribute than its target ‘usb_serial_module_exit’: ‘cold’ [-Wmissing-attributes]
  138 |  void cleanup_module(void) __attribute__((alias(#exitfn)));
      |       ^~~~~~~~~~~~~~
./include/linux/usb/serial.h:408:1: note: in expansion of macro ‘module_exit’
  408 | module_exit(usb_serial_module_exit);
      | ^~~~~~~~~~~
./include/linux/usb/serial.h:411:2: note: in expansion of macro ‘usb_serial_module_driver’
  411 |  usb_serial_module_driver(KBUILD_MODNAME, __serial_drivers, __ids)
      |  ^~~~~~~~~~~~~~~~~~~~~~~~
drivers/usb/serial/omninet.c:261:1: note: in expansion of macro ‘module_usb_serial_driver’
  261 | module_usb_serial_driver(serial_drivers, id_table);
      | ^~~~~~~~~~~~~~~~~~~~~~~~
In file included from drivers/usb/serial/omninet.c:23:
./include/linux/usb/serial.h:404:20: note: ‘cleanup_module’ target declared here
  404 | static void __exit usb_serial_module_exit(void)    \
      |                    ^~~~~~~~~~~~~~~~~~~~~~
./include/linux/usb/serial.h:411:2: note: in expansion of macro ‘usb_serial_module_driver’
  411 |  usb_serial_module_driver(KBUILD_MODNAME, __serial_drivers, __ids)
      |  ^~~~~~~~~~~~~~~~~~~~~~~~
drivers/usb/serial/omninet.c:261:1: note: in expansion of macro ‘module_usb_serial_driver’
  261 | module_usb_serial_driver(serial_drivers, id_table);
      | ^~~~~~~~~~~~~~~~~~~~~~~~
In file included from drivers/usb/serial/omninet.c:20:
./include/linux/module.h:132:6: warning: ‘init_module’ specifies less restrictive attribute than its target ‘usb_serial_module_init’: ‘cold’ [-Wmissing-attributes]
  132 |  int init_module(void) __attribute__((alias(#initfn)));
      |      ^~~~~~~~~~~
./include/linux/usb/serial.h:403:1: note: in expansion of macro ‘module_init’
  403 | module_init(usb_serial_module_init);     \
      | ^~~~~~~~~~~
./include/linux/usb/serial.h:411:2: note: in expansion of macro ‘usb_serial_module_driver’
  411 |  usb_serial_module_driver(KBUILD_MODNAME, __serial_drivers, __ids)
      |  ^~~~~~~~~~~~~~~~~~~~~~~~
drivers/usb/serial/omninet.c:261:1: note: in expansion of macro ‘module_usb_serial_driver’
  261 | module_usb_serial_driver(serial_drivers, id_table);
      | ^~~~~~~~~~~~~~~~~~~~~~~~
In file included from drivers/usb/serial/omninet.c:23:
./include/linux/usb/serial.h:398:19: note: ‘init_module’ target declared here
  398 | static int __init usb_serial_module_init(void)    \
      |                   ^~~~~~~~~~~~~~~~~~~~~~
./include/linux/usb/serial.h:411:2: note: in expansion of macro ‘usb_serial_module_driver’
  411 |  usb_serial_module_driver(KBUILD_MODNAME, __serial_drivers, __ids)
      |  ^~~~~~~~~~~~~~~~~~~~~~~~
drivers/usb/serial/omninet.c:261:1: note: in expansion of macro ‘module_usb_serial_driver’
  261 | module_usb_serial_driver(serial_drivers, id_table);
      | ^~~~~~~~~~~~~~~~~~~~~~~~
  CC [M]  drivers/usb/serial/opticon.o
In file included from drivers/usb/serial/opticon.c:20:
./include/linux/module.h:138:7: warning: ‘cleanup_module’ specifies less restrictive attribute than its target ‘usb_serial_module_exit’: ‘cold’ [-Wmissing-attributes]
  138 |  void cleanup_module(void) __attribute__((alias(#exitfn)));
      |       ^~~~~~~~~~~~~~
./include/linux/usb/serial.h:408:1: note: in expansion of macro ‘module_exit’
  408 | module_exit(usb_serial_module_exit);
      | ^~~~~~~~~~~
./include/linux/usb/serial.h:411:2: note: in expansion of macro ‘usb_serial_module_driver’
  411 |  usb_serial_module_driver(KBUILD_MODNAME, __serial_drivers, __ids)
      |  ^~~~~~~~~~~~~~~~~~~~~~~~
drivers/usb/serial/opticon.c:434:1: note: in expansion of macro ‘module_usb_serial_driver’
  434 | module_usb_serial_driver(serial_drivers, id_table);
      | ^~~~~~~~~~~~~~~~~~~~~~~~
In file included from drivers/usb/serial/opticon.c:22:
./include/linux/usb/serial.h:404:20: note: ‘cleanup_module’ target declared here
  404 | static void __exit usb_serial_module_exit(void)    \
      |                    ^~~~~~~~~~~~~~~~~~~~~~
./include/linux/usb/serial.h:411:2: note: in expansion of macro ‘usb_serial_module_driver’
  411 |  usb_serial_module_driver(KBUILD_MODNAME, __serial_drivers, __ids)
      |  ^~~~~~~~~~~~~~~~~~~~~~~~
drivers/usb/serial/opticon.c:434:1: note: in expansion of macro ‘module_usb_serial_driver’
  434 | module_usb_serial_driver(serial_drivers, id_table);
      | ^~~~~~~~~~~~~~~~~~~~~~~~
In file included from drivers/usb/serial/opticon.c:20:
./include/linux/module.h:132:6: warning: ‘init_module’ specifies less restrictive attribute than its target ‘usb_serial_module_init’: ‘cold’ [-Wmissing-attributes]
  132 |  int init_module(void) __attribute__((alias(#initfn)));
      |      ^~~~~~~~~~~
./include/linux/usb/serial.h:403:1: note: in expansion of macro ‘module_init’
  403 | module_init(usb_serial_module_init);     \
      | ^~~~~~~~~~~
./include/linux/usb/serial.h:411:2: note: in expansion of macro ‘usb_serial_module_driver’
  411 |  usb_serial_module_driver(KBUILD_MODNAME, __serial_drivers, __ids)
      |  ^~~~~~~~~~~~~~~~~~~~~~~~
drivers/usb/serial/opticon.c:434:1: note: in expansion of macro ‘module_usb_serial_driver’
  434 | module_usb_serial_driver(serial_drivers, id_table);
      | ^~~~~~~~~~~~~~~~~~~~~~~~
In file included from drivers/usb/serial/opticon.c:22:
./include/linux/usb/serial.h:398:19: note: ‘init_module’ target declared here
  398 | static int __init usb_serial_module_init(void)    \
      |                   ^~~~~~~~~~~~~~~~~~~~~~
./include/linux/usb/serial.h:411:2: note: in expansion of macro ‘usb_serial_module_driver’
  411 |  usb_serial_module_driver(KBUILD_MODNAME, __serial_drivers, __ids)
      |  ^~~~~~~~~~~~~~~~~~~~~~~~
drivers/usb/serial/opticon.c:434:1: note: in expansion of macro ‘module_usb_serial_driver’
  434 | module_usb_serial_driver(serial_drivers, id_table);
      | ^~~~~~~~~~~~~~~~~~~~~~~~
  CC [M]  drivers/usb/serial/option.o
In file included from drivers/usb/serial/option.c:40:
./include/linux/module.h:138:7: warning: ‘cleanup_module’ specifies less restrictive attribute than its target ‘usb_serial_module_exit’: ‘cold’ [-Wmissing-attributes]
  138 |  void cleanup_module(void) __attribute__((alias(#exitfn)));
      |       ^~~~~~~~~~~~~~
./include/linux/usb/serial.h:408:1: note: in expansion of macro ‘module_exit’
  408 | module_exit(usb_serial_module_exit);
      | ^~~~~~~~~~~
./include/linux/usb/serial.h:411:2: note: in expansion of macro ‘usb_serial_module_driver’
  411 |  usb_serial_module_driver(KBUILD_MODNAME, __serial_drivers, __ids)
      |  ^~~~~~~~~~~~~~~~~~~~~~~~
drivers/usb/serial/option.c:2109:1: note: in expansion of macro ‘module_usb_serial_driver’
 2109 | module_usb_serial_driver(serial_drivers, option_ids);
      | ^~~~~~~~~~~~~~~~~~~~~~~~
In file included from drivers/usb/serial/option.c:43:
./include/linux/usb/serial.h:404:20: note: ‘cleanup_module’ target declared here
  404 | static void __exit usb_serial_module_exit(void)    \
      |                    ^~~~~~~~~~~~~~~~~~~~~~
./include/linux/usb/serial.h:411:2: note: in expansion of macro ‘usb_serial_module_driver’
  411 |  usb_serial_module_driver(KBUILD_MODNAME, __serial_drivers, __ids)
      |  ^~~~~~~~~~~~~~~~~~~~~~~~
drivers/usb/serial/option.c:2109:1: note: in expansion of macro ‘module_usb_serial_driver’
 2109 | module_usb_serial_driver(serial_drivers, option_ids);
      | ^~~~~~~~~~~~~~~~~~~~~~~~
In file included from drivers/usb/serial/option.c:40:
./include/linux/module.h:132:6: warning: ‘init_module’ specifies less restrictive attribute than its target ‘usb_serial_module_init’: ‘cold’ [-Wmissing-attributes]
  132 |  int init_module(void) __attribute__((alias(#initfn)));
      |      ^~~~~~~~~~~
./include/linux/usb/serial.h:403:1: note: in expansion of macro ‘module_init’
  403 | module_init(usb_serial_module_init);     \
      | ^~~~~~~~~~~
./include/linux/usb/serial.h:411:2: note: in expansion of macro ‘usb_serial_module_driver’
  411 |  usb_serial_module_driver(KBUILD_MODNAME, __serial_drivers, __ids)
      |  ^~~~~~~~~~~~~~~~~~~~~~~~
drivers/usb/serial/option.c:2109:1: note: in expansion of macro ‘module_usb_serial_driver’
 2109 | module_usb_serial_driver(serial_drivers, option_ids);
      | ^~~~~~~~~~~~~~~~~~~~~~~~
In file included from drivers/usb/serial/option.c:43:
./include/linux/usb/serial.h:398:19: note: ‘init_module’ target declared here
  398 | static int __init usb_serial_module_init(void)    \
      |                   ^~~~~~~~~~~~~~~~~~~~~~
./include/linux/usb/serial.h:411:2: note: in expansion of macro ‘usb_serial_module_driver’
  411 |  usb_serial_module_driver(KBUILD_MODNAME, __serial_drivers, __ids)
      |  ^~~~~~~~~~~~~~~~~~~~~~~~
drivers/usb/serial/option.c:2109:1: note: in expansion of macro ‘module_usb_serial_driver’
 2109 | module_usb_serial_driver(serial_drivers, option_ids);
      | ^~~~~~~~~~~~~~~~~~~~~~~~
  CC [M]  drivers/usb/serial/oti6858.o
In file included from drivers/usb/serial/oti6858.c:47:
./include/linux/module.h:138:7: warning: ‘cleanup_module’ specifies less restrictive attribute than its target ‘usb_serial_module_exit’: ‘cold’ [-Wmissing-attributes]
  138 |  void cleanup_module(void) __attribute__((alias(#exitfn)));
      |       ^~~~~~~~~~~~~~
./include/linux/usb/serial.h:408:1: note: in expansion of macro ‘module_exit’
  408 | module_exit(usb_serial_module_exit);
      | ^~~~~~~~~~~
./include/linux/usb/serial.h:411:2: note: in expansion of macro ‘usb_serial_module_driver’
  411 |  usb_serial_module_driver(KBUILD_MODNAME, __serial_drivers, __ids)
      |  ^~~~~~~~~~~~~~~~~~~~~~~~
drivers/usb/serial/oti6858.c:859:1: note: in expansion of macro ‘module_usb_serial_driver’
  859 | module_usb_serial_driver(serial_drivers, id_table);
      | ^~~~~~~~~~~~~~~~~~~~~~~~
In file included from drivers/usb/serial/oti6858.c:51:
./include/linux/usb/serial.h:404:20: note: ‘cleanup_module’ target declared here
  404 | static void __exit usb_serial_module_exit(void)    \
      |                    ^~~~~~~~~~~~~~~~~~~~~~
./include/linux/usb/serial.h:411:2: note: in expansion of macro ‘usb_serial_module_driver’
  411 |  usb_serial_module_driver(KBUILD_MODNAME, __serial_drivers, __ids)
      |  ^~~~~~~~~~~~~~~~~~~~~~~~
drivers/usb/serial/oti6858.c:859:1: note: in expansion of macro ‘module_usb_serial_driver’
  859 | module_usb_serial_driver(serial_drivers, id_table);
      | ^~~~~~~~~~~~~~~~~~~~~~~~
In file included from drivers/usb/serial/oti6858.c:47:
./include/linux/module.h:132:6: warning: ‘init_module’ specifies less restrictive attribute than its target ‘usb_serial_module_init’: ‘cold’ [-Wmissing-attributes]
  132 |  int init_module(void) __attribute__((alias(#initfn)));
      |      ^~~~~~~~~~~
./include/linux/usb/serial.h:403:1: note: in expansion of macro ‘module_init’
  403 | module_init(usb_serial_module_init);     \
      | ^~~~~~~~~~~
./include/linux/usb/serial.h:411:2: note: in expansion of macro ‘usb_serial_module_driver’
  411 |  usb_serial_module_driver(KBUILD_MODNAME, __serial_drivers, __ids)
      |  ^~~~~~~~~~~~~~~~~~~~~~~~
drivers/usb/serial/oti6858.c:859:1: note: in expansion of macro ‘module_usb_serial_driver’
  859 | module_usb_serial_driver(serial_drivers, id_table);
      | ^~~~~~~~~~~~~~~~~~~~~~~~
In file included from drivers/usb/serial/oti6858.c:51:
./include/linux/usb/serial.h:398:19: note: ‘init_module’ target declared here
  398 | static int __init usb_serial_module_init(void)    \
      |                   ^~~~~~~~~~~~~~~~~~~~~~
./include/linux/usb/serial.h:411:2: note: in expansion of macro ‘usb_serial_module_driver’
  411 |  usb_serial_module_driver(KBUILD_MODNAME, __serial_drivers, __ids)
      |  ^~~~~~~~~~~~~~~~~~~~~~~~
drivers/usb/serial/oti6858.c:859:1: note: in expansion of macro ‘module_usb_serial_driver’
  859 | module_usb_serial_driver(serial_drivers, id_table);
      | ^~~~~~~~~~~~~~~~~~~~~~~~
  CC [M]  drivers/usb/serial/pl2303.o
In file included from drivers/usb/serial/pl2303.c:24:
./include/linux/module.h:138:7: warning: ‘cleanup_module’ specifies less restrictive attribute than its target ‘usb_serial_module_exit’: ‘cold’ [-Wmissing-attributes]
  138 |  void cleanup_module(void) __attribute__((alias(#exitfn)));
      |       ^~~~~~~~~~~~~~
./include/linux/usb/serial.h:408:1: note: in expansion of macro ‘module_exit’
  408 | module_exit(usb_serial_module_exit);
      | ^~~~~~~~~~~
./include/linux/usb/serial.h:411:2: note: in expansion of macro ‘usb_serial_module_driver’
  411 |  usb_serial_module_driver(KBUILD_MODNAME, __serial_drivers, __ids)
      |  ^~~~~~~~~~~~~~~~~~~~~~~~
drivers/usb/serial/pl2303.c:973:1: note: in expansion of macro ‘module_usb_serial_driver’
  973 | module_usb_serial_driver(serial_drivers, id_table);
      | ^~~~~~~~~~~~~~~~~~~~~~~~
In file included from drivers/usb/serial/pl2303.c:29:
./include/linux/usb/serial.h:404:20: note: ‘cleanup_module’ target declared here
  404 | static void __exit usb_serial_module_exit(void)    \
      |                    ^~~~~~~~~~~~~~~~~~~~~~
./include/linux/usb/serial.h:411:2: note: in expansion of macro ‘usb_serial_module_driver’
  411 |  usb_serial_module_driver(KBUILD_MODNAME, __serial_drivers, __ids)
      |  ^~~~~~~~~~~~~~~~~~~~~~~~
drivers/usb/serial/pl2303.c:973:1: note: in expansion of macro ‘module_usb_serial_driver’
  973 | module_usb_serial_driver(serial_drivers, id_table);
      | ^~~~~~~~~~~~~~~~~~~~~~~~
In file included from drivers/usb/serial/pl2303.c:24:
./include/linux/module.h:132:6: warning: ‘init_module’ specifies less restrictive attribute than its target ‘usb_serial_module_init’: ‘cold’ [-Wmissing-attributes]
  132 |  int init_module(void) __attribute__((alias(#initfn)));
      |      ^~~~~~~~~~~
./include/linux/usb/serial.h:403:1: note: in expansion of macro ‘module_init’
  403 | module_init(usb_serial_module_init);     \
      | ^~~~~~~~~~~
./include/linux/usb/serial.h:411:2: note: in expansion of macro ‘usb_serial_module_driver’
  411 |  usb_serial_module_driver(KBUILD_MODNAME, __serial_drivers, __ids)
      |  ^~~~~~~~~~~~~~~~~~~~~~~~
drivers/usb/serial/pl2303.c:973:1: note: in expansion of macro ‘module_usb_serial_driver’
  973 | module_usb_serial_driver(serial_drivers, id_table);
      | ^~~~~~~~~~~~~~~~~~~~~~~~
In file included from drivers/usb/serial/pl2303.c:29:
./include/linux/usb/serial.h:398:19: note: ‘init_module’ target declared here
  398 | static int __init usb_serial_module_init(void)    \
      |                   ^~~~~~~~~~~~~~~~~~~~~~
./include/linux/usb/serial.h:411:2: note: in expansion of macro ‘usb_serial_module_driver’
  411 |  usb_serial_module_driver(KBUILD_MODNAME, __serial_drivers, __ids)
      |  ^~~~~~~~~~~~~~~~~~~~~~~~
drivers/usb/serial/pl2303.c:973:1: note: in expansion of macro ‘module_usb_serial_driver’
  973 | module_usb_serial_driver(serial_drivers, id_table);
      | ^~~~~~~~~~~~~~~~~~~~~~~~
  CC [M]  drivers/usb/serial/qcaux.o
In file included from drivers/usb/serial/qcaux.c:20:
./include/linux/module.h:138:7: warning: ‘cleanup_module’ specifies less restrictive attribute than its target ‘usb_serial_module_exit’: ‘cold’ [-Wmissing-attributes]
  138 |  void cleanup_module(void) __attribute__((alias(#exitfn)));
      |       ^~~~~~~~~~~~~~
./include/linux/usb/serial.h:408:1: note: in expansion of macro ‘module_exit’
  408 | module_exit(usb_serial_module_exit);
      | ^~~~~~~~~~~
./include/linux/usb/serial.h:411:2: note: in expansion of macro ‘usb_serial_module_driver’
  411 |  usb_serial_module_driver(KBUILD_MODNAME, __serial_drivers, __ids)
      |  ^~~~~~~~~~~~~~~~~~~~~~~~
drivers/usb/serial/qcaux.c:89:1: note: in expansion of macro ‘module_usb_serial_driver’
   89 | module_usb_serial_driver(serial_drivers, id_table);
      | ^~~~~~~~~~~~~~~~~~~~~~~~
In file included from drivers/usb/serial/qcaux.c:22:
./include/linux/usb/serial.h:404:20: note: ‘cleanup_module’ target declared here
  404 | static void __exit usb_serial_module_exit(void)    \
      |                    ^~~~~~~~~~~~~~~~~~~~~~
./include/linux/usb/serial.h:411:2: note: in expansion of macro ‘usb_serial_module_driver’
  411 |  usb_serial_module_driver(KBUILD_MODNAME, __serial_drivers, __ids)
      |  ^~~~~~~~~~~~~~~~~~~~~~~~
drivers/usb/serial/qcaux.c:89:1: note: in expansion of macro ‘module_usb_serial_driver’
   89 | module_usb_serial_driver(serial_drivers, id_table);
      | ^~~~~~~~~~~~~~~~~~~~~~~~
In file included from drivers/usb/serial/qcaux.c:20:
./include/linux/module.h:132:6: warning: ‘init_module’ specifies less restrictive attribute than its target ‘usb_serial_module_init’: ‘cold’ [-Wmissing-attributes]
  132 |  int init_module(void) __attribute__((alias(#initfn)));
      |      ^~~~~~~~~~~
./include/linux/usb/serial.h:403:1: note: in expansion of macro ‘module_init’
  403 | module_init(usb_serial_module_init);     \
      | ^~~~~~~~~~~
./include/linux/usb/serial.h:411:2: note: in expansion of macro ‘usb_serial_module_driver’
  411 |  usb_serial_module_driver(KBUILD_MODNAME, __serial_drivers, __ids)
      |  ^~~~~~~~~~~~~~~~~~~~~~~~
drivers/usb/serial/qcaux.c:89:1: note: in expansion of macro ‘module_usb_serial_driver’
   89 | module_usb_serial_driver(serial_drivers, id_table);
      | ^~~~~~~~~~~~~~~~~~~~~~~~
In file included from drivers/usb/serial/qcaux.c:22:
./include/linux/usb/serial.h:398:19: note: ‘init_module’ target declared here
  398 | static int __init usb_serial_module_init(void)    \
      |                   ^~~~~~~~~~~~~~~~~~~~~~
./include/linux/usb/serial.h:411:2: note: in expansion of macro ‘usb_serial_module_driver’
  411 |  usb_serial_module_driver(KBUILD_MODNAME, __serial_drivers, __ids)
      |  ^~~~~~~~~~~~~~~~~~~~~~~~
drivers/usb/serial/qcaux.c:89:1: note: in expansion of macro ‘module_usb_serial_driver’
   89 | module_usb_serial_driver(serial_drivers, id_table);
      | ^~~~~~~~~~~~~~~~~~~~~~~~
  CC [M]  drivers/usb/serial/qcserial.o
In file included from drivers/usb/serial/qcserial.c:16:
./include/linux/module.h:138:7: warning: ‘cleanup_module’ specifies less restrictive attribute than its target ‘usb_serial_module_exit’: ‘cold’ [-Wmissing-attributes]
  138 |  void cleanup_module(void) __attribute__((alias(#exitfn)));
      |       ^~~~~~~~~~~~~~
./include/linux/usb/serial.h:408:1: note: in expansion of macro ‘module_exit’
  408 | module_exit(usb_serial_module_exit);
      | ^~~~~~~~~~~
./include/linux/usb/serial.h:411:2: note: in expansion of macro ‘usb_serial_module_driver’
  411 |  usb_serial_module_driver(KBUILD_MODNAME, __serial_drivers, __ids)
      |  ^~~~~~~~~~~~~~~~~~~~~~~~
drivers/usb/serial/qcserial.c:480:1: note: in expansion of macro ‘module_usb_serial_driver’
  480 | module_usb_serial_driver(serial_drivers, id_table);
      | ^~~~~~~~~~~~~~~~~~~~~~~~
In file included from drivers/usb/serial/qcserial.c:18:
./include/linux/usb/serial.h:404:20: note: ‘cleanup_module’ target declared here
  404 | static void __exit usb_serial_module_exit(void)    \
      |                    ^~~~~~~~~~~~~~~~~~~~~~
./include/linux/usb/serial.h:411:2: note: in expansion of macro ‘usb_serial_module_driver’
  411 |  usb_serial_module_driver(KBUILD_MODNAME, __serial_drivers, __ids)
      |  ^~~~~~~~~~~~~~~~~~~~~~~~
drivers/usb/serial/qcserial.c:480:1: note: in expansion of macro ‘module_usb_serial_driver’
  480 | module_usb_serial_driver(serial_drivers, id_table);
      | ^~~~~~~~~~~~~~~~~~~~~~~~
In file included from drivers/usb/serial/qcserial.c:16:
./include/linux/module.h:132:6: warning: ‘init_module’ specifies less restrictive attribute than its target ‘usb_serial_module_init’: ‘cold’ [-Wmissing-attributes]
  132 |  int init_module(void) __attribute__((alias(#initfn)));
      |      ^~~~~~~~~~~
./include/linux/usb/serial.h:403:1: note: in expansion of macro ‘module_init’
  403 | module_init(usb_serial_module_init);     \
      | ^~~~~~~~~~~
./include/linux/usb/serial.h:411:2: note: in expansion of macro ‘usb_serial_module_driver’
  411 |  usb_serial_module_driver(KBUILD_MODNAME, __serial_drivers, __ids)
      |  ^~~~~~~~~~~~~~~~~~~~~~~~
drivers/usb/serial/qcserial.c:480:1: note: in expansion of macro ‘module_usb_serial_driver’
  480 | module_usb_serial_driver(serial_drivers, id_table);
      | ^~~~~~~~~~~~~~~~~~~~~~~~
In file included from drivers/usb/serial/qcserial.c:18:
./include/linux/usb/serial.h:398:19: note: ‘init_module’ target declared here
  398 | static int __init usb_serial_module_init(void)    \
      |                   ^~~~~~~~~~~~~~~~~~~~~~
./include/linux/usb/serial.h:411:2: note: in expansion of macro ‘usb_serial_module_driver’
  411 |  usb_serial_module_driver(KBUILD_MODNAME, __serial_drivers, __ids)
      |  ^~~~~~~~~~~~~~~~~~~~~~~~
drivers/usb/serial/qcserial.c:480:1: note: in expansion of macro ‘module_usb_serial_driver’
  480 | module_usb_serial_driver(serial_drivers, id_table);
      | ^~~~~~~~~~~~~~~~~~~~~~~~
  CC [M]  drivers/usb/serial/quatech2.o
In file included from drivers/usb/serial/quatech2.c:22:
./include/linux/module.h:138:7: warning: ‘cleanup_module’ specifies less restrictive attribute than its target ‘usb_serial_module_exit’: ‘cold’ [-Wmissing-attributes]
  138 |  void cleanup_module(void) __attribute__((alias(#exitfn)));
      |       ^~~~~~~~~~~~~~
./include/linux/usb/serial.h:408:1: note: in expansion of macro ‘module_exit’
  408 | module_exit(usb_serial_module_exit);
      | ^~~~~~~~~~~
./include/linux/usb/serial.h:411:2: note: in expansion of macro ‘usb_serial_module_driver’
  411 |  usb_serial_module_driver(KBUILD_MODNAME, __serial_drivers, __ids)
      |  ^~~~~~~~~~~~~~~~~~~~~~~~
drivers/usb/serial/quatech2.c:1032:1: note: in expansion of macro ‘module_usb_serial_driver’
 1032 | module_usb_serial_driver(serial_drivers, id_table);
      | ^~~~~~~~~~~~~~~~~~~~~~~~
In file included from drivers/usb/serial/quatech2.c:25:
./include/linux/usb/serial.h:404:20: note: ‘cleanup_module’ target declared here
  404 | static void __exit usb_serial_module_exit(void)    \
      |                    ^~~~~~~~~~~~~~~~~~~~~~
./include/linux/usb/serial.h:411:2: note: in expansion of macro ‘usb_serial_module_driver’
  411 |  usb_serial_module_driver(KBUILD_MODNAME, __serial_drivers, __ids)
      |  ^~~~~~~~~~~~~~~~~~~~~~~~
drivers/usb/serial/quatech2.c:1032:1: note: in expansion of macro ‘module_usb_serial_driver’
 1032 | module_usb_serial_driver(serial_drivers, id_table);
      | ^~~~~~~~~~~~~~~~~~~~~~~~
In file included from drivers/usb/serial/quatech2.c:22:
./include/linux/module.h:132:6: warning: ‘init_module’ specifies less restrictive attribute than its target ‘usb_serial_module_init’: ‘cold’ [-Wmissing-attributes]
  132 |  int init_module(void) __attribute__((alias(#initfn)));
      |      ^~~~~~~~~~~
./include/linux/usb/serial.h:403:1: note: in expansion of macro ‘module_init’
  403 | module_init(usb_serial_module_init);     \
      | ^~~~~~~~~~~
./include/linux/usb/serial.h:411:2: note: in expansion of macro ‘usb_serial_module_driver’
  411 |  usb_serial_module_driver(KBUILD_MODNAME, __serial_drivers, __ids)
      |  ^~~~~~~~~~~~~~~~~~~~~~~~
drivers/usb/serial/quatech2.c:1032:1: note: in expansion of macro ‘module_usb_serial_driver’
 1032 | module_usb_serial_driver(serial_drivers, id_table);
      | ^~~~~~~~~~~~~~~~~~~~~~~~
In file included from drivers/usb/serial/quatech2.c:25:
./include/linux/usb/serial.h:398:19: note: ‘init_module’ target declared here
  398 | static int __init usb_serial_module_init(void)    \
      |                   ^~~~~~~~~~~~~~~~~~~~~~
./include/linux/usb/serial.h:411:2: note: in expansion of macro ‘usb_serial_module_driver’
  411 |  usb_serial_module_driver(KBUILD_MODNAME, __serial_drivers, __ids)
      |  ^~~~~~~~~~~~~~~~~~~~~~~~
drivers/usb/serial/quatech2.c:1032:1: note: in expansion of macro ‘module_usb_serial_driver’
 1032 | module_usb_serial_driver(serial_drivers, id_table);
      | ^~~~~~~~~~~~~~~~~~~~~~~~
  CC [M]  drivers/usb/serial/safe_serial.o
In file included from drivers/usb/serial/safe_serial.c:73:
./include/linux/module.h:138:7: warning: ‘cleanup_module’ specifies less restrictive attribute than its target ‘usb_serial_module_exit’: ‘cold’ [-Wmissing-attributes]
  138 |  void cleanup_module(void) __attribute__((alias(#exitfn)));
      |       ^~~~~~~~~~~~~~
./include/linux/usb/serial.h:408:1: note: in expansion of macro ‘module_exit’
  408 | module_exit(usb_serial_module_exit);
      | ^~~~~~~~~~~
./include/linux/usb/serial.h:411:2: note: in expansion of macro ‘usb_serial_module_driver’
  411 |  usb_serial_module_driver(KBUILD_MODNAME, __serial_drivers, __ids)
      |  ^~~~~~~~~~~~~~~~~~~~~~~~
drivers/usb/serial/safe_serial.c:305:1: note: in expansion of macro ‘module_usb_serial_driver’
  305 | module_usb_serial_driver(serial_drivers, id_table);
      | ^~~~~~~~~~~~~~~~~~~~~~~~
In file included from drivers/usb/serial/safe_serial.c:77:
./include/linux/usb/serial.h:404:20: note: ‘cleanup_module’ target declared here
  404 | static void __exit usb_serial_module_exit(void)    \
      |                    ^~~~~~~~~~~~~~~~~~~~~~
./include/linux/usb/serial.h:411:2: note: in expansion of macro ‘usb_serial_module_driver’
  411 |  usb_serial_module_driver(KBUILD_MODNAME, __serial_drivers, __ids)
      |  ^~~~~~~~~~~~~~~~~~~~~~~~
drivers/usb/serial/safe_serial.c:305:1: note: in expansion of macro ‘module_usb_serial_driver’
  305 | module_usb_serial_driver(serial_drivers, id_table);
      | ^~~~~~~~~~~~~~~~~~~~~~~~
In file included from drivers/usb/serial/safe_serial.c:73:
./include/linux/module.h:132:6: warning: ‘init_module’ specifies less restrictive attribute than its target ‘usb_serial_module_init’: ‘cold’ [-Wmissing-attributes]
  132 |  int init_module(void) __attribute__((alias(#initfn)));
      |      ^~~~~~~~~~~
./include/linux/usb/serial.h:403:1: note: in expansion of macro ‘module_init’
  403 | module_init(usb_serial_module_init);     \
      | ^~~~~~~~~~~
./include/linux/usb/serial.h:411:2: note: in expansion of macro ‘usb_serial_module_driver’
  411 |  usb_serial_module_driver(KBUILD_MODNAME, __serial_drivers, __ids)
      |  ^~~~~~~~~~~~~~~~~~~~~~~~
drivers/usb/serial/safe_serial.c:305:1: note: in expansion of macro ‘module_usb_serial_driver’
  305 | module_usb_serial_driver(serial_drivers, id_table);
      | ^~~~~~~~~~~~~~~~~~~~~~~~
In file included from drivers/usb/serial/safe_serial.c:77:
./include/linux/usb/serial.h:398:19: note: ‘init_module’ target declared here
  398 | static int __init usb_serial_module_init(void)    \
      |                   ^~~~~~~~~~~~~~~~~~~~~~
./include/linux/usb/serial.h:411:2: note: in expansion of macro ‘usb_serial_module_driver’
  411 |  usb_serial_module_driver(KBUILD_MODNAME, __serial_drivers, __ids)
      |  ^~~~~~~~~~~~~~~~~~~~~~~~
drivers/usb/serial/safe_serial.c:305:1: note: in expansion of macro ‘module_usb_serial_driver’
  305 | module_usb_serial_driver(serial_drivers, id_table);
      | ^~~~~~~~~~~~~~~~~~~~~~~~
  CC [M]  drivers/usb/serial/sierra.o
In file included from drivers/usb/serial/sierra.c:31:
./include/linux/module.h:138:7: warning: ‘cleanup_module’ specifies less restrictive attribute than its target ‘usb_serial_module_exit’: ‘cold’ [-Wmissing-attributes]
  138 |  void cleanup_module(void) __attribute__((alias(#exitfn)));
      |       ^~~~~~~~~~~~~~
./include/linux/usb/serial.h:408:1: note: in expansion of macro ‘module_exit’
  408 | module_exit(usb_serial_module_exit);
      | ^~~~~~~~~~~
./include/linux/usb/serial.h:411:2: note: in expansion of macro ‘usb_serial_module_driver’
  411 |  usb_serial_module_driver(KBUILD_MODNAME, __serial_drivers, __ids)
      |  ^~~~~~~~~~~~~~~~~~~~~~~~
drivers/usb/serial/sierra.c:1094:1: note: in expansion of macro ‘module_usb_serial_driver’
 1094 | module_usb_serial_driver(serial_drivers, id_table);
      | ^~~~~~~~~~~~~~~~~~~~~~~~
In file included from drivers/usb/serial/sierra.c:33:
./include/linux/usb/serial.h:404:20: note: ‘cleanup_module’ target declared here
  404 | static void __exit usb_serial_module_exit(void)    \
      |                    ^~~~~~~~~~~~~~~~~~~~~~
./include/linux/usb/serial.h:411:2: note: in expansion of macro ‘usb_serial_module_driver’
  411 |  usb_serial_module_driver(KBUILD_MODNAME, __serial_drivers, __ids)
      |  ^~~~~~~~~~~~~~~~~~~~~~~~
drivers/usb/serial/sierra.c:1094:1: note: in expansion of macro ‘module_usb_serial_driver’
 1094 | module_usb_serial_driver(serial_drivers, id_table);
      | ^~~~~~~~~~~~~~~~~~~~~~~~
In file included from drivers/usb/serial/sierra.c:31:
./include/linux/module.h:132:6: warning: ‘init_module’ specifies less restrictive attribute than its target ‘usb_serial_module_init’: ‘cold’ [-Wmissing-attributes]
  132 |  int init_module(void) __attribute__((alias(#initfn)));
      |      ^~~~~~~~~~~
./include/linux/usb/serial.h:403:1: note: in expansion of macro ‘module_init’
  403 | module_init(usb_serial_module_init);     \
      | ^~~~~~~~~~~
./include/linux/usb/serial.h:411:2: note: in expansion of macro ‘usb_serial_module_driver’
  411 |  usb_serial_module_driver(KBUILD_MODNAME, __serial_drivers, __ids)
      |  ^~~~~~~~~~~~~~~~~~~~~~~~
drivers/usb/serial/sierra.c:1094:1: note: in expansion of macro ‘module_usb_serial_driver’
 1094 | module_usb_serial_driver(serial_drivers, id_table);
      | ^~~~~~~~~~~~~~~~~~~~~~~~
In file included from drivers/usb/serial/sierra.c:33:
./include/linux/usb/serial.h:398:19: note: ‘init_module’ target declared here
  398 | static int __init usb_serial_module_init(void)    \
      |                   ^~~~~~~~~~~~~~~~~~~~~~
./include/linux/usb/serial.h:411:2: note: in expansion of macro ‘usb_serial_module_driver’
  411 |  usb_serial_module_driver(KBUILD_MODNAME, __serial_drivers, __ids)
      |  ^~~~~~~~~~~~~~~~~~~~~~~~
drivers/usb/serial/sierra.c:1094:1: note: in expansion of macro ‘module_usb_serial_driver’
 1094 | module_usb_serial_driver(serial_drivers, id_table);
      | ^~~~~~~~~~~~~~~~~~~~~~~~
  CC [M]  drivers/usb/serial/spcp8x5.o
In file included from drivers/usb/serial/spcp8x5.c:23:
./include/linux/module.h:138:7: warning: ‘cleanup_module’ specifies less restrictive attribute than its target ‘usb_serial_module_exit’: ‘cold’ [-Wmissing-attributes]
  138 |  void cleanup_module(void) __attribute__((alias(#exitfn)));
      |       ^~~~~~~~~~~~~~
./include/linux/usb/serial.h:408:1: note: in expansion of macro ‘module_exit’
  408 | module_exit(usb_serial_module_exit);
      | ^~~~~~~~~~~
./include/linux/usb/serial.h:411:2: note: in expansion of macro ‘usb_serial_module_driver’
  411 |  usb_serial_module_driver(KBUILD_MODNAME, __serial_drivers, __ids)
      |  ^~~~~~~~~~~~~~~~~~~~~~~~
drivers/usb/serial/spcp8x5.c:508:1: note: in expansion of macro ‘module_usb_serial_driver’
  508 | module_usb_serial_driver(serial_drivers, id_table);
      | ^~~~~~~~~~~~~~~~~~~~~~~~
In file included from drivers/usb/serial/spcp8x5.c:26:
./include/linux/usb/serial.h:404:20: note: ‘cleanup_module’ target declared here
  404 | static void __exit usb_serial_module_exit(void)    \
      |                    ^~~~~~~~~~~~~~~~~~~~~~
./include/linux/usb/serial.h:411:2: note: in expansion of macro ‘usb_serial_module_driver’
  411 |  usb_serial_module_driver(KBUILD_MODNAME, __serial_drivers, __ids)
      |  ^~~~~~~~~~~~~~~~~~~~~~~~
drivers/usb/serial/spcp8x5.c:508:1: note: in expansion of macro ‘module_usb_serial_driver’
  508 | module_usb_serial_driver(serial_drivers, id_table);
      | ^~~~~~~~~~~~~~~~~~~~~~~~
In file included from drivers/usb/serial/spcp8x5.c:23:
./include/linux/module.h:132:6: warning: ‘init_module’ specifies less restrictive attribute than its target ‘usb_serial_module_init’: ‘cold’ [-Wmissing-attributes]
  132 |  int init_module(void) __attribute__((alias(#initfn)));
      |      ^~~~~~~~~~~
./include/linux/usb/serial.h:403:1: note: in expansion of macro ‘module_init’
  403 | module_init(usb_serial_module_init);     \
      | ^~~~~~~~~~~
./include/linux/usb/serial.h:411:2: note: in expansion of macro ‘usb_serial_module_driver’
  411 |  usb_serial_module_driver(KBUILD_MODNAME, __serial_drivers, __ids)
      |  ^~~~~~~~~~~~~~~~~~~~~~~~
drivers/usb/serial/spcp8x5.c:508:1: note: in expansion of macro ‘module_usb_serial_driver’
  508 | module_usb_serial_driver(serial_drivers, id_table);
      | ^~~~~~~~~~~~~~~~~~~~~~~~
In file included from drivers/usb/serial/spcp8x5.c:26:
./include/linux/usb/serial.h:398:19: note: ‘init_module’ target declared here
  398 | static int __init usb_serial_module_init(void)    \
      |                   ^~~~~~~~~~~~~~~~~~~~~~
./include/linux/usb/serial.h:411:2: note: in expansion of macro ‘usb_serial_module_driver’
  411 |  usb_serial_module_driver(KBUILD_MODNAME, __serial_drivers, __ids)
      |  ^~~~~~~~~~~~~~~~~~~~~~~~
drivers/usb/serial/spcp8x5.c:508:1: note: in expansion of macro ‘module_usb_serial_driver’
  508 | module_usb_serial_driver(serial_drivers, id_table);
      | ^~~~~~~~~~~~~~~~~~~~~~~~
  CC [M]  drivers/usb/serial/ssu100.o
In file included from drivers/usb/serial/ssu100.c:13:
./include/linux/module.h:138:7: warning: ‘cleanup_module’ specifies less restrictive attribute than its target ‘usb_serial_module_exit’: ‘cold’ [-Wmissing-attributes]
  138 |  void cleanup_module(void) __attribute__((alias(#exitfn)));
      |       ^~~~~~~~~~~~~~
./include/linux/usb/serial.h:408:1: note: in expansion of macro ‘module_exit’
  408 | module_exit(usb_serial_module_exit);
      | ^~~~~~~~~~~
./include/linux/usb/serial.h:411:2: note: in expansion of macro ‘usb_serial_module_driver’
  411 |  usb_serial_module_driver(KBUILD_MODNAME, __serial_drivers, __ids)
      |  ^~~~~~~~~~~~~~~~~~~~~~~~
drivers/usb/serial/ssu100.c:580:1: note: in expansion of macro ‘module_usb_serial_driver’
  580 | module_usb_serial_driver(serial_drivers, id_table);
      | ^~~~~~~~~~~~~~~~~~~~~~~~
In file included from drivers/usb/serial/ssu100.c:16:
./include/linux/usb/serial.h:404:20: note: ‘cleanup_module’ target declared here
  404 | static void __exit usb_serial_module_exit(void)    \
      |                    ^~~~~~~~~~~~~~~~~~~~~~
./include/linux/usb/serial.h:411:2: note: in expansion of macro ‘usb_serial_module_driver’
  411 |  usb_serial_module_driver(KBUILD_MODNAME, __serial_drivers, __ids)
      |  ^~~~~~~~~~~~~~~~~~~~~~~~
drivers/usb/serial/ssu100.c:580:1: note: in expansion of macro ‘module_usb_serial_driver’
  580 | module_usb_serial_driver(serial_drivers, id_table);
      | ^~~~~~~~~~~~~~~~~~~~~~~~
In file included from drivers/usb/serial/ssu100.c:13:
./include/linux/module.h:132:6: warning: ‘init_module’ specifies less restrictive attribute than its target ‘usb_serial_module_init’: ‘cold’ [-Wmissing-attributes]
  132 |  int init_module(void) __attribute__((alias(#initfn)));
      |      ^~~~~~~~~~~
./include/linux/usb/serial.h:403:1: note: in expansion of macro ‘module_init’
  403 | module_init(usb_serial_module_init);     \
      | ^~~~~~~~~~~
./include/linux/usb/serial.h:411:2: note: in expansion of macro ‘usb_serial_module_driver’
  411 |  usb_serial_module_driver(KBUILD_MODNAME, __serial_drivers, __ids)
      |  ^~~~~~~~~~~~~~~~~~~~~~~~
drivers/usb/serial/ssu100.c:580:1: note: in expansion of macro ‘module_usb_serial_driver’
  580 | module_usb_serial_driver(serial_drivers, id_table);
      | ^~~~~~~~~~~~~~~~~~~~~~~~
In file included from drivers/usb/serial/ssu100.c:16:
./include/linux/usb/serial.h:398:19: note: ‘init_module’ target declared here
  398 | static int __init usb_serial_module_init(void)    \
      |                   ^~~~~~~~~~~~~~~~~~~~~~
./include/linux/usb/serial.h:411:2: note: in expansion of macro ‘usb_serial_module_driver’
  411 |  usb_serial_module_driver(KBUILD_MODNAME, __serial_drivers, __ids)
      |  ^~~~~~~~~~~~~~~~~~~~~~~~
drivers/usb/serial/ssu100.c:580:1: note: in expansion of macro ‘module_usb_serial_driver’
  580 | module_usb_serial_driver(serial_drivers, id_table);
      | ^~~~~~~~~~~~~~~~~~~~~~~~
  CC [M]  drivers/usb/serial/symbolserial.o
In file included from drivers/usb/serial/symbolserial.c:18:
./include/linux/module.h:138:7: warning: ‘cleanup_module’ specifies less restrictive attribute than its target ‘usb_serial_module_exit’: ‘cold’ [-Wmissing-attributes]
  138 |  void cleanup_module(void) __attribute__((alias(#exitfn)));
      |       ^~~~~~~~~~~~~~
./include/linux/usb/serial.h:408:1: note: in expansion of macro ‘module_exit’
  408 | module_exit(usb_serial_module_exit);
      | ^~~~~~~~~~~
./include/linux/usb/serial.h:411:2: note: in expansion of macro ‘usb_serial_module_driver’
  411 |  usb_serial_module_driver(KBUILD_MODNAME, __serial_drivers, __ids)
      |  ^~~~~~~~~~~~~~~~~~~~~~~~
drivers/usb/serial/symbolserial.c:205:1: note: in expansion of macro ‘module_usb_serial_driver’
  205 | module_usb_serial_driver(serial_drivers, id_table);
      | ^~~~~~~~~~~~~~~~~~~~~~~~
In file included from drivers/usb/serial/symbolserial.c:20:
./include/linux/usb/serial.h:404:20: note: ‘cleanup_module’ target declared here
  404 | static void __exit usb_serial_module_exit(void)    \
      |                    ^~~~~~~~~~~~~~~~~~~~~~
./include/linux/usb/serial.h:411:2: note: in expansion of macro ‘usb_serial_module_driver’
  411 |  usb_serial_module_driver(KBUILD_MODNAME, __serial_drivers, __ids)
      |  ^~~~~~~~~~~~~~~~~~~~~~~~
drivers/usb/serial/symbolserial.c:205:1: note: in expansion of macro ‘module_usb_serial_driver’
  205 | module_usb_serial_driver(serial_drivers, id_table);
      | ^~~~~~~~~~~~~~~~~~~~~~~~
In file included from drivers/usb/serial/symbolserial.c:18:
./include/linux/module.h:132:6: warning: ‘init_module’ specifies less restrictive attribute than its target ‘usb_serial_module_init’: ‘cold’ [-Wmissing-attributes]
  132 |  int init_module(void) __attribute__((alias(#initfn)));
      |      ^~~~~~~~~~~
./include/linux/usb/serial.h:403:1: note: in expansion of macro ‘module_init’
  403 | module_init(usb_serial_module_init);     \
      | ^~~~~~~~~~~
./include/linux/usb/serial.h:411:2: note: in expansion of macro ‘usb_serial_module_driver’
  411 |  usb_serial_module_driver(KBUILD_MODNAME, __serial_drivers, __ids)
      |  ^~~~~~~~~~~~~~~~~~~~~~~~
drivers/usb/serial/symbolserial.c:205:1: note: in expansion of macro ‘module_usb_serial_driver’
  205 | module_usb_serial_driver(serial_drivers, id_table);
      | ^~~~~~~~~~~~~~~~~~~~~~~~
In file included from drivers/usb/serial/symbolserial.c:20:
./include/linux/usb/serial.h:398:19: note: ‘init_module’ target declared here
  398 | static int __init usb_serial_module_init(void)    \
      |                   ^~~~~~~~~~~~~~~~~~~~~~
./include/linux/usb/serial.h:411:2: note: in expansion of macro ‘usb_serial_module_driver’
  411 |  usb_serial_module_driver(KBUILD_MODNAME, __serial_drivers, __ids)
      |  ^~~~~~~~~~~~~~~~~~~~~~~~
drivers/usb/serial/symbolserial.c:205:1: note: in expansion of macro ‘module_usb_serial_driver’
  205 | module_usb_serial_driver(serial_drivers, id_table);
      | ^~~~~~~~~~~~~~~~~~~~~~~~
  CC [M]  drivers/usb/serial/usb_wwan.o
  CC [M]  drivers/usb/serial/ti_usb_3410_5052.o
In file included from drivers/usb/serial/ti_usb_3410_5052.c:27:
./include/linux/module.h:138:7: warning: ‘cleanup_module’ specifies less restrictive attribute than its target ‘usb_serial_module_exit’: ‘cold’ [-Wmissing-attributes]
  138 |  void cleanup_module(void) __attribute__((alias(#exitfn)));
      |       ^~~~~~~~~~~~~~
./include/linux/usb/serial.h:408:1: note: in expansion of macro ‘module_exit’
  408 | module_exit(usb_serial_module_exit);
      | ^~~~~~~~~~~
./include/linux/usb/serial.h:411:2: note: in expansion of macro ‘usb_serial_module_driver’
  411 |  usb_serial_module_driver(KBUILD_MODNAME, __serial_drivers, __ids)
      |  ^~~~~~~~~~~~~~~~~~~~~~~~
drivers/usb/serial/ti_usb_3410_5052.c:513:1: note: in expansion of macro ‘module_usb_serial_driver’
  513 | module_usb_serial_driver(serial_drivers, ti_id_table_combined);
      | ^~~~~~~~~~~~~~~~~~~~~~~~
In file included from drivers/usb/serial/ti_usb_3410_5052.c:35:
./include/linux/usb/serial.h:404:20: note: ‘cleanup_module’ target declared here
  404 | static void __exit usb_serial_module_exit(void)    \
      |                    ^~~~~~~~~~~~~~~~~~~~~~
./include/linux/usb/serial.h:411:2: note: in expansion of macro ‘usb_serial_module_driver’
  411 |  usb_serial_module_driver(KBUILD_MODNAME, __serial_drivers, __ids)
      |  ^~~~~~~~~~~~~~~~~~~~~~~~
drivers/usb/serial/ti_usb_3410_5052.c:513:1: note: in expansion of macro ‘module_usb_serial_driver’
  513 | module_usb_serial_driver(serial_drivers, ti_id_table_combined);
      | ^~~~~~~~~~~~~~~~~~~~~~~~
In file included from drivers/usb/serial/ti_usb_3410_5052.c:27:
./include/linux/module.h:132:6: warning: ‘init_module’ specifies less restrictive attribute than its target ‘usb_serial_module_init’: ‘cold’ [-Wmissing-attributes]
  132 |  int init_module(void) __attribute__((alias(#initfn)));
      |      ^~~~~~~~~~~
./include/linux/usb/serial.h:403:1: note: in expansion of macro ‘module_init’
  403 | module_init(usb_serial_module_init);     \
      | ^~~~~~~~~~~
./include/linux/usb/serial.h:411:2: note: in expansion of macro ‘usb_serial_module_driver’
  411 |  usb_serial_module_driver(KBUILD_MODNAME, __serial_drivers, __ids)
      |  ^~~~~~~~~~~~~~~~~~~~~~~~
drivers/usb/serial/ti_usb_3410_5052.c:513:1: note: in expansion of macro ‘module_usb_serial_driver’
  513 | module_usb_serial_driver(serial_drivers, ti_id_table_combined);
      | ^~~~~~~~~~~~~~~~~~~~~~~~
In file included from drivers/usb/serial/ti_usb_3410_5052.c:35:
./include/linux/usb/serial.h:398:19: note: ‘init_module’ target declared here
  398 | static int __init usb_serial_module_init(void)    \
      |                   ^~~~~~~~~~~~~~~~~~~~~~
./include/linux/usb/serial.h:411:2: note: in expansion of macro ‘usb_serial_module_driver’
  411 |  usb_serial_module_driver(KBUILD_MODNAME, __serial_drivers, __ids)
      |  ^~~~~~~~~~~~~~~~~~~~~~~~
drivers/usb/serial/ti_usb_3410_5052.c:513:1: note: in expansion of macro ‘module_usb_serial_driver’
  513 | module_usb_serial_driver(serial_drivers, ti_id_table_combined);
      | ^~~~~~~~~~~~~~~~~~~~~~~~
  CC [M]  drivers/usb/serial/visor.o
In file included from drivers/usb/serial/visor.c:23:
./include/linux/module.h:138:7: warning: ‘cleanup_module’ specifies less restrictive attribute than its target ‘usb_serial_module_exit’: ‘cold’ [-Wmissing-attributes]
  138 |  void cleanup_module(void) __attribute__((alias(#exitfn)));
      |       ^~~~~~~~~~~~~~
./include/linux/usb/serial.h:408:1: note: in expansion of macro ‘module_exit’
  408 | module_exit(usb_serial_module_exit);
      | ^~~~~~~~~~~
./include/linux/usb/serial.h:411:2: note: in expansion of macro ‘usb_serial_module_driver’
  411 |  usb_serial_module_driver(KBUILD_MODNAME, __serial_drivers, __ids)
      |  ^~~~~~~~~~~~~~~~~~~~~~~~
drivers/usb/serial/visor.c:622:1: note: in expansion of macro ‘module_usb_serial_driver’
  622 | module_usb_serial_driver(serial_drivers, id_table_combined);
      | ^~~~~~~~~~~~~~~~~~~~~~~~
In file included from drivers/usb/serial/visor.c:28:
./include/linux/usb/serial.h:404:20: note: ‘cleanup_module’ target declared here
  404 | static void __exit usb_serial_module_exit(void)    \
      |                    ^~~~~~~~~~~~~~~~~~~~~~
./include/linux/usb/serial.h:411:2: note: in expansion of macro ‘usb_serial_module_driver’
  411 |  usb_serial_module_driver(KBUILD_MODNAME, __serial_drivers, __ids)
      |  ^~~~~~~~~~~~~~~~~~~~~~~~
drivers/usb/serial/visor.c:622:1: note: in expansion of macro ‘module_usb_serial_driver’
  622 | module_usb_serial_driver(serial_drivers, id_table_combined);
      | ^~~~~~~~~~~~~~~~~~~~~~~~
In file included from drivers/usb/serial/visor.c:23:
./include/linux/module.h:132:6: warning: ‘init_module’ specifies less restrictive attribute than its target ‘usb_serial_module_init’: ‘cold’ [-Wmissing-attributes]
  132 |  int init_module(void) __attribute__((alias(#initfn)));
      |      ^~~~~~~~~~~
./include/linux/usb/serial.h:403:1: note: in expansion of macro ‘module_init’
  403 | module_init(usb_serial_module_init);     \
      | ^~~~~~~~~~~
./include/linux/usb/serial.h:411:2: note: in expansion of macro ‘usb_serial_module_driver’
  411 |  usb_serial_module_driver(KBUILD_MODNAME, __serial_drivers, __ids)
      |  ^~~~~~~~~~~~~~~~~~~~~~~~
drivers/usb/serial/visor.c:622:1: note: in expansion of macro ‘module_usb_serial_driver’
  622 | module_usb_serial_driver(serial_drivers, id_table_combined);
      | ^~~~~~~~~~~~~~~~~~~~~~~~
In file included from drivers/usb/serial/visor.c:28:
./include/linux/usb/serial.h:398:19: note: ‘init_module’ target declared here
  398 | static int __init usb_serial_module_init(void)    \
      |                   ^~~~~~~~~~~~~~~~~~~~~~
./include/linux/usb/serial.h:411:2: note: in expansion of macro ‘usb_serial_module_driver’
  411 |  usb_serial_module_driver(KBUILD_MODNAME, __serial_drivers, __ids)
      |  ^~~~~~~~~~~~~~~~~~~~~~~~
drivers/usb/serial/visor.c:622:1: note: in expansion of macro ‘module_usb_serial_driver’
  622 | module_usb_serial_driver(serial_drivers, id_table_combined);
      | ^~~~~~~~~~~~~~~~~~~~~~~~
  CC [M]  drivers/usb/serial/wishbone-serial.o
In file included from drivers/usb/serial/wishbone-serial.c:15:
./include/linux/module.h:138:7: warning: ‘cleanup_module’ specifies less restrictive attribute than its target ‘usb_serial_module_exit’: ‘cold’ [-Wmissing-attributes]
  138 |  void cleanup_module(void) __attribute__((alias(#exitfn)));
      |       ^~~~~~~~~~~~~~
./include/linux/usb/serial.h:408:1: note: in expansion of macro ‘module_exit’
  408 | module_exit(usb_serial_module_exit);
      | ^~~~~~~~~~~
./include/linux/usb/serial.h:411:2: note: in expansion of macro ‘usb_serial_module_driver’
  411 |  usb_serial_module_driver(KBUILD_MODNAME, __serial_drivers, __ids)
      |  ^~~~~~~~~~~~~~~~~~~~~~~~
drivers/usb/serial/wishbone-serial.c:90:1: note: in expansion of macro ‘module_usb_serial_driver’
   90 | module_usb_serial_driver(serial_drivers, id_table);
      | ^~~~~~~~~~~~~~~~~~~~~~~~
In file included from drivers/usb/serial/wishbone-serial.c:17:
./include/linux/usb/serial.h:404:20: note: ‘cleanup_module’ target declared here
  404 | static void __exit usb_serial_module_exit(void)    \
      |                    ^~~~~~~~~~~~~~~~~~~~~~
./include/linux/usb/serial.h:411:2: note: in expansion of macro ‘usb_serial_module_driver’
  411 |  usb_serial_module_driver(KBUILD_MODNAME, __serial_drivers, __ids)
      |  ^~~~~~~~~~~~~~~~~~~~~~~~
drivers/usb/serial/wishbone-serial.c:90:1: note: in expansion of macro ‘module_usb_serial_driver’
   90 | module_usb_serial_driver(serial_drivers, id_table);
      | ^~~~~~~~~~~~~~~~~~~~~~~~
In file included from drivers/usb/serial/wishbone-serial.c:15:
./include/linux/module.h:132:6: warning: ‘init_module’ specifies less restrictive attribute than its target ‘usb_serial_module_init’: ‘cold’ [-Wmissing-attributes]
  132 |  int init_module(void) __attribute__((alias(#initfn)));
      |      ^~~~~~~~~~~
./include/linux/usb/serial.h:403:1: note: in expansion of macro ‘module_init’
  403 | module_init(usb_serial_module_init);     \
      | ^~~~~~~~~~~
./include/linux/usb/serial.h:411:2: note: in expansion of macro ‘usb_serial_module_driver’
  411 |  usb_serial_module_driver(KBUILD_MODNAME, __serial_drivers, __ids)
      |  ^~~~~~~~~~~~~~~~~~~~~~~~
drivers/usb/serial/wishbone-serial.c:90:1: note: in expansion of macro ‘module_usb_serial_driver’
   90 | module_usb_serial_driver(serial_drivers, id_table);
      | ^~~~~~~~~~~~~~~~~~~~~~~~
In file included from drivers/usb/serial/wishbone-serial.c:17:
./include/linux/usb/serial.h:398:19: note: ‘init_module’ target declared here
  398 | static int __init usb_serial_module_init(void)    \
      |                   ^~~~~~~~~~~~~~~~~~~~~~
./include/linux/usb/serial.h:411:2: note: in expansion of macro ‘usb_serial_module_driver’
  411 |  usb_serial_module_driver(KBUILD_MODNAME, __serial_drivers, __ids)
      |  ^~~~~~~~~~~~~~~~~~~~~~~~
drivers/usb/serial/wishbone-serial.c:90:1: note: in expansion of macro ‘module_usb_serial_driver’
   90 | module_usb_serial_driver(serial_drivers, id_table);
      | ^~~~~~~~~~~~~~~~~~~~~~~~
  CC [M]  drivers/usb/serial/whiteheat.o
In file included from drivers/usb/serial/whiteheat.c:25:
./include/linux/module.h:138:7: warning: ‘cleanup_module’ specifies less restrictive attribute than its target ‘usb_serial_module_exit’: ‘cold’ [-Wmissing-attributes]
  138 |  void cleanup_module(void) __attribute__((alias(#exitfn)));
      |       ^~~~~~~~~~~~~~
./include/linux/usb/serial.h:408:1: note: in expansion of macro ‘module_exit’
  408 | module_exit(usb_serial_module_exit);
      | ^~~~~~~~~~~
./include/linux/usb/serial.h:411:2: note: in expansion of macro ‘usb_serial_module_driver’
  411 |  usb_serial_module_driver(KBUILD_MODNAME, __serial_drivers, __ids)
      |  ^~~~~~~~~~~~~~~~~~~~~~~~
drivers/usb/serial/whiteheat.c:864:1: note: in expansion of macro ‘module_usb_serial_driver’
  864 | module_usb_serial_driver(serial_drivers, id_table_combined);
      | ^~~~~~~~~~~~~~~~~~~~~~~~
In file included from drivers/usb/serial/whiteheat.c:33:
./include/linux/usb/serial.h:404:20: note: ‘cleanup_module’ target declared here
  404 | static void __exit usb_serial_module_exit(void)    \
      |                    ^~~~~~~~~~~~~~~~~~~~~~
./include/linux/usb/serial.h:411:2: note: in expansion of macro ‘usb_serial_module_driver’
  411 |  usb_serial_module_driver(KBUILD_MODNAME, __serial_drivers, __ids)
      |  ^~~~~~~~~~~~~~~~~~~~~~~~
drivers/usb/serial/whiteheat.c:864:1: note: in expansion of macro ‘module_usb_serial_driver’
  864 | module_usb_serial_driver(serial_drivers, id_table_combined);
      | ^~~~~~~~~~~~~~~~~~~~~~~~
In file included from drivers/usb/serial/whiteheat.c:25:
./include/linux/module.h:132:6: warning: ‘init_module’ specifies less restrictive attribute than its target ‘usb_serial_module_init’: ‘cold’ [-Wmissing-attributes]
  132 |  int init_module(void) __attribute__((alias(#initfn)));
      |      ^~~~~~~~~~~
./include/linux/usb/serial.h:403:1: note: in expansion of macro ‘module_init’
  403 | module_init(usb_serial_module_init);     \
      | ^~~~~~~~~~~
./include/linux/usb/serial.h:411:2: note: in expansion of macro ‘usb_serial_module_driver’
  411 |  usb_serial_module_driver(KBUILD_MODNAME, __serial_drivers, __ids)
      |  ^~~~~~~~~~~~~~~~~~~~~~~~
drivers/usb/serial/whiteheat.c:864:1: note: in expansion of macro ‘module_usb_serial_driver’
  864 | module_usb_serial_driver(serial_drivers, id_table_combined);
      | ^~~~~~~~~~~~~~~~~~~~~~~~
In file included from drivers/usb/serial/whiteheat.c:33:
./include/linux/usb/serial.h:398:19: note: ‘init_module’ target declared here
  398 | static int __init usb_serial_module_init(void)    \
      |                   ^~~~~~~~~~~~~~~~~~~~~~
./include/linux/usb/serial.h:411:2: note: in expansion of macro ‘usb_serial_module_driver’
  411 |  usb_serial_module_driver(KBUILD_MODNAME, __serial_drivers, __ids)
      |  ^~~~~~~~~~~~~~~~~~~~~~~~
drivers/usb/serial/whiteheat.c:864:1: note: in expansion of macro ‘module_usb_serial_driver’
  864 | module_usb_serial_driver(serial_drivers, id_table_combined);
      | ^~~~~~~~~~~~~~~~~~~~~~~~
  CC [M]  drivers/usb/serial/xsens_mt.o
In file included from drivers/usb/serial/xsens_mt.c:13:
./include/linux/module.h:138:7: warning: ‘cleanup_module’ specifies less restrictive attribute than its target ‘usb_serial_module_exit’: ‘cold’ [-Wmissing-attributes]
  138 |  void cleanup_module(void) __attribute__((alias(#exitfn)));
      |       ^~~~~~~~~~~~~~
./include/linux/usb/serial.h:408:1: note: in expansion of macro ‘module_exit’
  408 | module_exit(usb_serial_module_exit);
      | ^~~~~~~~~~~
./include/linux/usb/serial.h:411:2: note: in expansion of macro ‘usb_serial_module_driver’
  411 |  usb_serial_module_driver(KBUILD_MODNAME, __serial_drivers, __ids)
      |  ^~~~~~~~~~~~~~~~~~~~~~~~
drivers/usb/serial/xsens_mt.c:68:1: note: in expansion of macro ‘module_usb_serial_driver’
   68 | module_usb_serial_driver(serial_drivers, id_table);
      | ^~~~~~~~~~~~~~~~~~~~~~~~
In file included from drivers/usb/serial/xsens_mt.c:15:
./include/linux/usb/serial.h:404:20: note: ‘cleanup_module’ target declared here
  404 | static void __exit usb_serial_module_exit(void)    \
      |                    ^~~~~~~~~~~~~~~~~~~~~~
./include/linux/usb/serial.h:411:2: note: in expansion of macro ‘usb_serial_module_driver’
  411 |  usb_serial_module_driver(KBUILD_MODNAME, __serial_drivers, __ids)
      |  ^~~~~~~~~~~~~~~~~~~~~~~~
drivers/usb/serial/xsens_mt.c:68:1: note: in expansion of macro ‘module_usb_serial_driver’
   68 | module_usb_serial_driver(serial_drivers, id_table);
      | ^~~~~~~~~~~~~~~~~~~~~~~~
In file included from drivers/usb/serial/xsens_mt.c:13:
./include/linux/module.h:132:6: warning: ‘init_module’ specifies less restrictive attribute than its target ‘usb_serial_module_init’: ‘cold’ [-Wmissing-attributes]
  132 |  int init_module(void) __attribute__((alias(#initfn)));
      |      ^~~~~~~~~~~
./include/linux/usb/serial.h:403:1: note: in expansion of macro ‘module_init’
  403 | module_init(usb_serial_module_init);     \
      | ^~~~~~~~~~~
./include/linux/usb/serial.h:411:2: note: in expansion of macro ‘usb_serial_module_driver’
  411 |  usb_serial_module_driver(KBUILD_MODNAME, __serial_drivers, __ids)
      |  ^~~~~~~~~~~~~~~~~~~~~~~~
drivers/usb/serial/xsens_mt.c:68:1: note: in expansion of macro ‘module_usb_serial_driver’
   68 | module_usb_serial_driver(serial_drivers, id_table);
      | ^~~~~~~~~~~~~~~~~~~~~~~~
In file included from drivers/usb/serial/xsens_mt.c:15:
./include/linux/usb/serial.h:398:19: note: ‘init_module’ target declared here
  398 | static int __init usb_serial_module_init(void)    \
      |                   ^~~~~~~~~~~~~~~~~~~~~~
./include/linux/usb/serial.h:411:2: note: in expansion of macro ‘usb_serial_module_driver’
  411 |  usb_serial_module_driver(KBUILD_MODNAME, __serial_drivers, __ids)
      |  ^~~~~~~~~~~~~~~~~~~~~~~~
drivers/usb/serial/xsens_mt.c:68:1: note: in expansion of macro ‘module_usb_serial_driver’
   68 | module_usb_serial_driver(serial_drivers, id_table);
      | ^~~~~~~~~~~~~~~~~~~~~~~~
  CC      drivers/usb/storage/scsiglue.o
  CC      drivers/usb/storage/protocol.o
  CC      drivers/usb/storage/transport.o
  CC      drivers/usb/storage/usb.o
  CC      drivers/usb/storage/initializers.o
  CC      drivers/usb/storage/sierra_ms.o
  CC      drivers/usb/storage/option_ms.o
  CC      drivers/usb/storage/usual-tables.o
  LD      drivers/usb/storage/usb-storage.o
  LD      drivers/usb/storage/built-in.o
  CC [M]  drivers/usb/storage/alauda.o
In file included from drivers/usb/storage/alauda.c:34:
./include/linux/module.h:138:7: warning: ‘cleanup_module’ specifies less restrictive attribute than its target ‘alauda_driver_exit’: ‘cold’ [-Wmissing-attributes]
  138 |  void cleanup_module(void) __attribute__((alias(#exitfn)));
      |       ^~~~~~~~~~~~~~
drivers/usb/storage/usb.h:223:1: note: in expansion of macro ‘module_exit’
  223 | module_exit(__driver##_exit)
      | ^~~~~~~~~~~
drivers/usb/storage/alauda.c:1276:1: note: in expansion of macro ‘module_usb_stor_driver’
 1276 | module_usb_stor_driver(alauda_driver, alauda_host_template, DRV_NAME);
      | ^~~~~~~~~~~~~~~~~~~~~~
In file included from drivers/usb/storage/alauda.c:41:
drivers/usb/storage/alauda.c:1276:24: note: ‘cleanup_module’ target declared here
 1276 | module_usb_stor_driver(alauda_driver, alauda_host_template, DRV_NAME);
      |                        ^~~~~~~~~~~~~
drivers/usb/storage/usb.h:219:20: note: in definition of macro ‘module_usb_stor_driver’
  219 | static void __exit __driver##_exit(void) \
      |                    ^~~~~~~~
In file included from drivers/usb/storage/alauda.c:34:
./include/linux/module.h:132:6: warning: ‘init_module’ specifies less restrictive attribute than its target ‘alauda_driver_init’: ‘cold’ [-Wmissing-attributes]
  132 |  int init_module(void) __attribute__((alias(#initfn)));
      |      ^~~~~~~~~~~
drivers/usb/storage/usb.h:218:1: note: in expansion of macro ‘module_init’
  218 | module_init(__driver##_init); \
      | ^~~~~~~~~~~
drivers/usb/storage/alauda.c:1276:1: note: in expansion of macro ‘module_usb_stor_driver’
 1276 | module_usb_stor_driver(alauda_driver, alauda_host_template, DRV_NAME);
      | ^~~~~~~~~~~~~~~~~~~~~~
In file included from drivers/usb/storage/alauda.c:41:
drivers/usb/storage/alauda.c:1276:24: note: ‘init_module’ target declared here
 1276 | module_usb_stor_driver(alauda_driver, alauda_host_template, DRV_NAME);
      |                        ^~~~~~~~~~~~~
drivers/usb/storage/usb.h:213:19: note: in definition of macro ‘module_usb_stor_driver’
  213 | static int __init __driver##_init(void) \
      |                   ^~~~~~~~
  LD [M]  drivers/usb/storage/ums-alauda.o
  CC [M]  drivers/usb/storage/cypress_atacb.o
In file included from drivers/usb/storage/cypress_atacb.c:22:
./include/linux/module.h:138:7: warning: ‘cleanup_module’ specifies less restrictive attribute than its target ‘cypress_driver_exit’: ‘cold’ [-Wmissing-attributes]
  138 |  void cleanup_module(void) __attribute__((alias(#exitfn)));
      |       ^~~~~~~~~~~~~~
drivers/usb/storage/usb.h:223:1: note: in expansion of macro ‘module_exit’
  223 | module_exit(__driver##_exit)
      | ^~~~~~~~~~~
drivers/usb/storage/cypress_atacb.c:299:1: note: in expansion of macro ‘module_usb_stor_driver’
  299 | module_usb_stor_driver(cypress_driver, cypress_host_template, DRV_NAME);
      | ^~~~~~~~~~~~~~~~~~~~~~
In file included from drivers/usb/storage/cypress_atacb.c:28:
drivers/usb/storage/cypress_atacb.c:299:24: note: ‘cleanup_module’ target declared here
  299 | module_usb_stor_driver(cypress_driver, cypress_host_template, DRV_NAME);
      |                        ^~~~~~~~~~~~~~
drivers/usb/storage/usb.h:219:20: note: in definition of macro ‘module_usb_stor_driver’
  219 | static void __exit __driver##_exit(void) \
      |                    ^~~~~~~~
In file included from drivers/usb/storage/cypress_atacb.c:22:
./include/linux/module.h:132:6: warning: ‘init_module’ specifies less restrictive attribute than its target ‘cypress_driver_init’: ‘cold’ [-Wmissing-attributes]
  132 |  int init_module(void) __attribute__((alias(#initfn)));
      |      ^~~~~~~~~~~
drivers/usb/storage/usb.h:218:1: note: in expansion of macro ‘module_init’
  218 | module_init(__driver##_init); \
      | ^~~~~~~~~~~
drivers/usb/storage/cypress_atacb.c:299:1: note: in expansion of macro ‘module_usb_stor_driver’
  299 | module_usb_stor_driver(cypress_driver, cypress_host_template, DRV_NAME);
      | ^~~~~~~~~~~~~~~~~~~~~~
In file included from drivers/usb/storage/cypress_atacb.c:28:
drivers/usb/storage/cypress_atacb.c:299:24: note: ‘init_module’ target declared here
  299 | module_usb_stor_driver(cypress_driver, cypress_host_template, DRV_NAME);
      |                        ^~~~~~~~~~~~~~
drivers/usb/storage/usb.h:213:19: note: in definition of macro ‘module_usb_stor_driver’
  213 | static int __init __driver##_init(void) \
      |                   ^~~~~~~~
  LD [M]  drivers/usb/storage/ums-cypress.o
  CC [M]  drivers/usb/storage/datafab.o
In file included from drivers/usb/storage/datafab.c:53:
./include/linux/module.h:138:7: warning: ‘cleanup_module’ specifies less restrictive attribute than its target ‘datafab_driver_exit’: ‘cold’ [-Wmissing-attributes]
  138 |  void cleanup_module(void) __attribute__((alias(#exitfn)));
      |       ^~~~~~~~~~~~~~
drivers/usb/storage/usb.h:223:1: note: in expansion of macro ‘module_exit’
  223 | module_exit(__driver##_exit)
      | ^~~~~~~~~~~
drivers/usb/storage/datafab.c:770:1: note: in expansion of macro ‘module_usb_stor_driver’
  770 | module_usb_stor_driver(datafab_driver, datafab_host_template, DRV_NAME);
      | ^~~~~~~~~~~~~~~~~~~~~~
In file included from drivers/usb/storage/datafab.c:59:
drivers/usb/storage/datafab.c:770:24: note: ‘cleanup_module’ target declared here
  770 | module_usb_stor_driver(datafab_driver, datafab_host_template, DRV_NAME);
      |                        ^~~~~~~~~~~~~~
drivers/usb/storage/usb.h:219:20: note: in definition of macro ‘module_usb_stor_driver’
  219 | static void __exit __driver##_exit(void) \
      |                    ^~~~~~~~
In file included from drivers/usb/storage/datafab.c:53:
./include/linux/module.h:132:6: warning: ‘init_module’ specifies less restrictive attribute than its target ‘datafab_driver_init’: ‘cold’ [-Wmissing-attributes]
  132 |  int init_module(void) __attribute__((alias(#initfn)));
      |      ^~~~~~~~~~~
drivers/usb/storage/usb.h:218:1: note: in expansion of macro ‘module_init’
  218 | module_init(__driver##_init); \
      | ^~~~~~~~~~~
drivers/usb/storage/datafab.c:770:1: note: in expansion of macro ‘module_usb_stor_driver’
  770 | module_usb_stor_driver(datafab_driver, datafab_host_template, DRV_NAME);
      | ^~~~~~~~~~~~~~~~~~~~~~
In file included from drivers/usb/storage/datafab.c:59:
drivers/usb/storage/datafab.c:770:24: note: ‘init_module’ target declared here
  770 | module_usb_stor_driver(datafab_driver, datafab_host_template, DRV_NAME);
      |                        ^~~~~~~~~~~~~~
drivers/usb/storage/usb.h:213:19: note: in definition of macro ‘module_usb_stor_driver’
  213 | static int __init __driver##_init(void) \
      |                   ^~~~~~~~
  LD [M]  drivers/usb/storage/ums-datafab.o
  CC [M]  drivers/usb/storage/ene_ub6250.o
In file included from drivers/usb/storage/ene_ub6250.c:19:
./include/linux/module.h:138:7: warning: ‘cleanup_module’ specifies less restrictive attribute than its target ‘ene_ub6250_driver_exit’: ‘cold’ [-Wmissing-attributes]
  138 |  void cleanup_module(void) __attribute__((alias(#exitfn)));
      |       ^~~~~~~~~~~~~~
drivers/usb/storage/usb.h:223:1: note: in expansion of macro ‘module_exit’
  223 | module_exit(__driver##_exit)
      | ^~~~~~~~~~~
drivers/usb/storage/ene_ub6250.c:2436:1: note: in expansion of macro ‘module_usb_stor_driver’
 2436 | module_usb_stor_driver(ene_ub6250_driver, ene_ub6250_host_template, DRV_NAME);
      | ^~~~~~~~~~~~~~~~~~~~~~
In file included from drivers/usb/storage/ene_ub6250.c:27:
drivers/usb/storage/ene_ub6250.c:2436:24: note: ‘cleanup_module’ target declared here
 2436 | module_usb_stor_driver(ene_ub6250_driver, ene_ub6250_host_template, DRV_NAME);
      |                        ^~~~~~~~~~~~~~~~~
drivers/usb/storage/usb.h:219:20: note: in definition of macro ‘module_usb_stor_driver’
  219 | static void __exit __driver##_exit(void) \
      |                    ^~~~~~~~
In file included from drivers/usb/storage/ene_ub6250.c:19:
./include/linux/module.h:132:6: warning: ‘init_module’ specifies less restrictive attribute than its target ‘ene_ub6250_driver_init’: ‘cold’ [-Wmissing-attributes]
  132 |  int init_module(void) __attribute__((alias(#initfn)));
      |      ^~~~~~~~~~~
drivers/usb/storage/usb.h:218:1: note: in expansion of macro ‘module_init’
  218 | module_init(__driver##_init); \
      | ^~~~~~~~~~~
drivers/usb/storage/ene_ub6250.c:2436:1: note: in expansion of macro ‘module_usb_stor_driver’
 2436 | module_usb_stor_driver(ene_ub6250_driver, ene_ub6250_host_template, DRV_NAME);
      | ^~~~~~~~~~~~~~~~~~~~~~
In file included from drivers/usb/storage/ene_ub6250.c:27:
drivers/usb/storage/ene_ub6250.c:2436:24: note: ‘init_module’ target declared here
 2436 | module_usb_stor_driver(ene_ub6250_driver, ene_ub6250_host_template, DRV_NAME);
      |                        ^~~~~~~~~~~~~~~~~
drivers/usb/storage/usb.h:213:19: note: in definition of macro ‘module_usb_stor_driver’
  213 | static int __init __driver##_init(void) \
      |                   ^~~~~~~~
  LD [M]  drivers/usb/storage/ums-eneub6250.o
  CC [M]  drivers/usb/storage/freecom.o
In file included from drivers/usb/storage/freecom.c:30:
./include/linux/module.h:138:7: warning: ‘cleanup_module’ specifies less restrictive attribute than its target ‘freecom_driver_exit’: ‘cold’ [-Wmissing-attributes]
  138 |  void cleanup_module(void) __attribute__((alias(#exitfn)));
      |       ^~~~~~~~~~~~~~
drivers/usb/storage/usb.h:223:1: note: in expansion of macro ‘module_exit’
  223 | module_exit(__driver##_exit)
      | ^~~~~~~~~~~
drivers/usb/storage/freecom.c:591:1: note: in expansion of macro ‘module_usb_stor_driver’
  591 | module_usb_stor_driver(freecom_driver, freecom_host_template, DRV_NAME);
      | ^~~~~~~~~~~~~~~~~~~~~~
In file included from drivers/usb/storage/freecom.c:34:
drivers/usb/storage/freecom.c:591:24: note: ‘cleanup_module’ target declared here
  591 | module_usb_stor_driver(freecom_driver, freecom_host_template, DRV_NAME);
      |                        ^~~~~~~~~~~~~~
drivers/usb/storage/usb.h:219:20: note: in definition of macro ‘module_usb_stor_driver’
  219 | static void __exit __driver##_exit(void) \
      |                    ^~~~~~~~
In file included from drivers/usb/storage/freecom.c:30:
./include/linux/module.h:132:6: warning: ‘init_module’ specifies less restrictive attribute than its target ‘freecom_driver_init’: ‘cold’ [-Wmissing-attributes]
  132 |  int init_module(void) __attribute__((alias(#initfn)));
      |      ^~~~~~~~~~~
drivers/usb/storage/usb.h:218:1: note: in expansion of macro ‘module_init’
  218 | module_init(__driver##_init); \
      | ^~~~~~~~~~~
drivers/usb/storage/freecom.c:591:1: note: in expansion of macro ‘module_usb_stor_driver’
  591 | module_usb_stor_driver(freecom_driver, freecom_host_template, DRV_NAME);
      | ^~~~~~~~~~~~~~~~~~~~~~
In file included from drivers/usb/storage/freecom.c:34:
drivers/usb/storage/freecom.c:591:24: note: ‘init_module’ target declared here
  591 | module_usb_stor_driver(freecom_driver, freecom_host_template, DRV_NAME);
      |                        ^~~~~~~~~~~~~~
drivers/usb/storage/usb.h:213:19: note: in definition of macro ‘module_usb_stor_driver’
  213 | static int __init __driver##_init(void) \
      |                   ^~~~~~~~
  LD [M]  drivers/usb/storage/ums-freecom.o
  CC [M]  drivers/usb/storage/isd200.o
In file included from drivers/usb/storage/isd200.c:48:
./include/linux/module.h:138:7: warning: ‘cleanup_module’ specifies less restrictive attribute than its target ‘isd200_driver_exit’: ‘cold’ [-Wmissing-attributes]
  138 |  void cleanup_module(void) __attribute__((alias(#exitfn)));
      |       ^~~~~~~~~~~~~~
drivers/usb/storage/usb.h:223:1: note: in expansion of macro ‘module_exit’
  223 | module_exit(__driver##_exit)
      | ^~~~~~~~~~~
drivers/usb/storage/isd200.c:1585:1: note: in expansion of macro ‘module_usb_stor_driver’
 1585 | module_usb_stor_driver(isd200_driver, isd200_host_template, DRV_NAME);
      | ^~~~~~~~~~~~~~~~~~~~~~
In file included from drivers/usb/storage/isd200.c:58:
drivers/usb/storage/isd200.c:1585:24: note: ‘cleanup_module’ target declared here
 1585 | module_usb_stor_driver(isd200_driver, isd200_host_template, DRV_NAME);
      |                        ^~~~~~~~~~~~~
drivers/usb/storage/usb.h:219:20: note: in definition of macro ‘module_usb_stor_driver’
  219 | static void __exit __driver##_exit(void) \
      |                    ^~~~~~~~
In file included from drivers/usb/storage/isd200.c:48:
./include/linux/module.h:132:6: warning: ‘init_module’ specifies less restrictive attribute than its target ‘isd200_driver_init’: ‘cold’ [-Wmissing-attributes]
  132 |  int init_module(void) __attribute__((alias(#initfn)));
      |      ^~~~~~~~~~~
drivers/usb/storage/usb.h:218:1: note: in expansion of macro ‘module_init’
  218 | module_init(__driver##_init); \
      | ^~~~~~~~~~~
drivers/usb/storage/isd200.c:1585:1: note: in expansion of macro ‘module_usb_stor_driver’
 1585 | module_usb_stor_driver(isd200_driver, isd200_host_template, DRV_NAME);
      | ^~~~~~~~~~~~~~~~~~~~~~
In file included from drivers/usb/storage/isd200.c:58:
drivers/usb/storage/isd200.c:1585:24: note: ‘init_module’ target declared here
 1585 | module_usb_stor_driver(isd200_driver, isd200_host_template, DRV_NAME);
      |                        ^~~~~~~~~~~~~
drivers/usb/storage/usb.h:213:19: note: in definition of macro ‘module_usb_stor_driver’
  213 | static int __init __driver##_init(void) \
      |                   ^~~~~~~~
  LD [M]  drivers/usb/storage/ums-isd200.o
  CC [M]  drivers/usb/storage/jumpshot.o
In file included from drivers/usb/storage/jumpshot.c:50:
./include/linux/module.h:138:7: warning: ‘cleanup_module’ specifies less restrictive attribute than its target ‘jumpshot_driver_exit’: ‘cold’ [-Wmissing-attributes]
  138 |  void cleanup_module(void) __attribute__((alias(#exitfn)));
      |       ^~~~~~~~~~~~~~
drivers/usb/storage/usb.h:223:1: note: in expansion of macro ‘module_exit’
  223 | module_exit(__driver##_exit)
      | ^~~~~~~~~~~
drivers/usb/storage/jumpshot.c:695:1: note: in expansion of macro ‘module_usb_stor_driver’
  695 | module_usb_stor_driver(jumpshot_driver, jumpshot_host_template, DRV_NAME);
      | ^~~~~~~~~~~~~~~~~~~~~~
In file included from drivers/usb/storage/jumpshot.c:56:
drivers/usb/storage/jumpshot.c:695:24: note: ‘cleanup_module’ target declared here
  695 | module_usb_stor_driver(jumpshot_driver, jumpshot_host_template, DRV_NAME);
      |                        ^~~~~~~~~~~~~~~
drivers/usb/storage/usb.h:219:20: note: in definition of macro ‘module_usb_stor_driver’
  219 | static void __exit __driver##_exit(void) \
      |                    ^~~~~~~~
In file included from drivers/usb/storage/jumpshot.c:50:
./include/linux/module.h:132:6: warning: ‘init_module’ specifies less restrictive attribute than its target ‘jumpshot_driver_init’: ‘cold’ [-Wmissing-attributes]
  132 |  int init_module(void) __attribute__((alias(#initfn)));
      |      ^~~~~~~~~~~
drivers/usb/storage/usb.h:218:1: note: in expansion of macro ‘module_init’
  218 | module_init(__driver##_init); \
      | ^~~~~~~~~~~
drivers/usb/storage/jumpshot.c:695:1: note: in expansion of macro ‘module_usb_stor_driver’
  695 | module_usb_stor_driver(jumpshot_driver, jumpshot_host_template, DRV_NAME);
      | ^~~~~~~~~~~~~~~~~~~~~~
In file included from drivers/usb/storage/jumpshot.c:56:
drivers/usb/storage/jumpshot.c:695:24: note: ‘init_module’ target declared here
  695 | module_usb_stor_driver(jumpshot_driver, jumpshot_host_template, DRV_NAME);
      |                        ^~~~~~~~~~~~~~~
drivers/usb/storage/usb.h:213:19: note: in definition of macro ‘module_usb_stor_driver’
  213 | static int __init __driver##_init(void) \
      |                   ^~~~~~~~
  LD [M]  drivers/usb/storage/ums-jumpshot.o
  CC [M]  drivers/usb/storage/karma.o
In file included from drivers/usb/storage/karma.c:22:
./include/linux/module.h:138:7: warning: ‘cleanup_module’ specifies less restrictive attribute than its target ‘karma_driver_exit’: ‘cold’ [-Wmissing-attributes]
  138 |  void cleanup_module(void) __attribute__((alias(#exitfn)));
      |       ^~~~~~~~~~~~~~
drivers/usb/storage/usb.h:223:1: note: in expansion of macro ‘module_exit’
  223 | module_exit(__driver##_exit)
      | ^~~~~~~~~~~
drivers/usb/storage/karma.c:243:1: note: in expansion of macro ‘module_usb_stor_driver’
  243 | module_usb_stor_driver(karma_driver, karma_host_template, DRV_NAME);
      | ^~~~~~~~~~~~~~~~~~~~~~
In file included from drivers/usb/storage/karma.c:29:
drivers/usb/storage/karma.c:243:24: note: ‘cleanup_module’ target declared here
  243 | module_usb_stor_driver(karma_driver, karma_host_template, DRV_NAME);
      |                        ^~~~~~~~~~~~
drivers/usb/storage/usb.h:219:20: note: in definition of macro ‘module_usb_stor_driver’
  219 | static void __exit __driver##_exit(void) \
      |                    ^~~~~~~~
In file included from drivers/usb/storage/karma.c:22:
./include/linux/module.h:132:6: warning: ‘init_module’ specifies less restrictive attribute than its target ‘karma_driver_init’: ‘cold’ [-Wmissing-attributes]
  132 |  int init_module(void) __attribute__((alias(#initfn)));
      |      ^~~~~~~~~~~
drivers/usb/storage/usb.h:218:1: note: in expansion of macro ‘module_init’
  218 | module_init(__driver##_init); \
      | ^~~~~~~~~~~
drivers/usb/storage/karma.c:243:1: note: in expansion of macro ‘module_usb_stor_driver’
  243 | module_usb_stor_driver(karma_driver, karma_host_template, DRV_NAME);
      | ^~~~~~~~~~~~~~~~~~~~~~
In file included from drivers/usb/storage/karma.c:29:
drivers/usb/storage/karma.c:243:24: note: ‘init_module’ target declared here
  243 | module_usb_stor_driver(karma_driver, karma_host_template, DRV_NAME);
      |                        ^~~~~~~~~~~~
drivers/usb/storage/usb.h:213:19: note: in definition of macro ‘module_usb_stor_driver’
  213 | static int __init __driver##_init(void) \
      |                   ^~~~~~~~
  LD [M]  drivers/usb/storage/ums-karma.o
  CC [M]  drivers/usb/storage/onetouch.o
In file included from drivers/usb/storage/onetouch.c:34:
./include/linux/module.h:138:7: warning: ‘cleanup_module’ specifies less restrictive attribute than its target ‘onetouch_driver_exit’: ‘cold’ [-Wmissing-attributes]
  138 |  void cleanup_module(void) __attribute__((alias(#exitfn)));
      |       ^~~~~~~~~~~~~~
drivers/usb/storage/usb.h:223:1: note: in expansion of macro ‘module_exit’
  223 | module_exit(__driver##_exit)
      | ^~~~~~~~~~~
drivers/usb/storage/onetouch.c:323:1: note: in expansion of macro ‘module_usb_stor_driver’
  323 | module_usb_stor_driver(onetouch_driver, onetouch_host_template, DRV_NAME);
      | ^~~~~~~~~~~~~~~~~~~~~~
In file included from drivers/usb/storage/onetouch.c:36:
drivers/usb/storage/onetouch.c:323:24: note: ‘cleanup_module’ target declared here
  323 | module_usb_stor_driver(onetouch_driver, onetouch_host_template, DRV_NAME);
      |                        ^~~~~~~~~~~~~~~
drivers/usb/storage/usb.h:219:20: note: in definition of macro ‘module_usb_stor_driver’
  219 | static void __exit __driver##_exit(void) \
      |                    ^~~~~~~~
In file included from drivers/usb/storage/onetouch.c:34:
./include/linux/module.h:132:6: warning: ‘init_module’ specifies less restrictive attribute than its target ‘onetouch_driver_init’: ‘cold’ [-Wmissing-attributes]
  132 |  int init_module(void) __attribute__((alias(#initfn)));
      |      ^~~~~~~~~~~
drivers/usb/storage/usb.h:218:1: note: in expansion of macro ‘module_init’
  218 | module_init(__driver##_init); \
      | ^~~~~~~~~~~
drivers/usb/storage/onetouch.c:323:1: note: in expansion of macro ‘module_usb_stor_driver’
  323 | module_usb_stor_driver(onetouch_driver, onetouch_host_template, DRV_NAME);
      | ^~~~~~~~~~~~~~~~~~~~~~
In file included from drivers/usb/storage/onetouch.c:36:
drivers/usb/storage/onetouch.c:323:24: note: ‘init_module’ target declared here
  323 | module_usb_stor_driver(onetouch_driver, onetouch_host_template, DRV_NAME);
      |                        ^~~~~~~~~~~~~~~
drivers/usb/storage/usb.h:213:19: note: in definition of macro ‘module_usb_stor_driver’
  213 | static int __init __driver##_init(void) \
      |                   ^~~~~~~~
  LD [M]  drivers/usb/storage/ums-onetouch.o
  CC [M]  drivers/usb/storage/realtek_cr.o
In file included from drivers/usb/storage/realtek_cr.c:24:
./include/linux/module.h:138:7: warning: ‘cleanup_module’ specifies less restrictive attribute than its target ‘realtek_cr_driver_exit’: ‘cold’ [-Wmissing-attributes]
  138 |  void cleanup_module(void) __attribute__((alias(#exitfn)));
      |       ^~~~~~~~~~~~~~
drivers/usb/storage/usb.h:223:1: note: in expansion of macro ‘module_exit’
  223 | module_exit(__driver##_exit)
      | ^~~~~~~~~~~
drivers/usb/storage/realtek_cr.c:1083:1: note: in expansion of macro ‘module_usb_stor_driver’
 1083 | module_usb_stor_driver(realtek_cr_driver, realtek_cr_host_template, DRV_NAME);
      | ^~~~~~~~~~~~~~~~~~~~~~
In file included from drivers/usb/storage/realtek_cr.c:39:
drivers/usb/storage/realtek_cr.c:1083:24: note: ‘cleanup_module’ target declared here
 1083 | module_usb_stor_driver(realtek_cr_driver, realtek_cr_host_template, DRV_NAME);
      |                        ^~~~~~~~~~~~~~~~~
drivers/usb/storage/usb.h:219:20: note: in definition of macro ‘module_usb_stor_driver’
  219 | static void __exit __driver##_exit(void) \
      |                    ^~~~~~~~
In file included from drivers/usb/storage/realtek_cr.c:24:
./include/linux/module.h:132:6: warning: ‘init_module’ specifies less restrictive attribute than its target ‘realtek_cr_driver_init’: ‘cold’ [-Wmissing-attributes]
  132 |  int init_module(void) __attribute__((alias(#initfn)));
      |      ^~~~~~~~~~~
drivers/usb/storage/usb.h:218:1: note: in expansion of macro ‘module_init’
  218 | module_init(__driver##_init); \
      | ^~~~~~~~~~~
drivers/usb/storage/realtek_cr.c:1083:1: note: in expansion of macro ‘module_usb_stor_driver’
 1083 | module_usb_stor_driver(realtek_cr_driver, realtek_cr_host_template, DRV_NAME);
      | ^~~~~~~~~~~~~~~~~~~~~~
In file included from drivers/usb/storage/realtek_cr.c:39:
drivers/usb/storage/realtek_cr.c:1083:24: note: ‘init_module’ target declared here
 1083 | module_usb_stor_driver(realtek_cr_driver, realtek_cr_host_template, DRV_NAME);
      |                        ^~~~~~~~~~~~~~~~~
drivers/usb/storage/usb.h:213:19: note: in definition of macro ‘module_usb_stor_driver’
  213 | static int __init __driver##_init(void) \
      |                   ^~~~~~~~
  LD [M]  drivers/usb/storage/ums-realtek.o
  CC [M]  drivers/usb/storage/sddr09.o
In file included from drivers/usb/storage/sddr09.c:45:
./include/linux/module.h:138:7: warning: ‘cleanup_module’ specifies less restrictive attribute than its target ‘sddr09_driver_exit’: ‘cold’ [-Wmissing-attributes]
  138 |  void cleanup_module(void) __attribute__((alias(#exitfn)));
      |       ^~~~~~~~~~~~~~
drivers/usb/storage/usb.h:223:1: note: in expansion of macro ‘module_exit’
  223 | module_exit(__driver##_exit)
      | ^~~~~~~~~~~
drivers/usb/storage/sddr09.c:1804:1: note: in expansion of macro ‘module_usb_stor_driver’
 1804 | module_usb_stor_driver(sddr09_driver, sddr09_host_template, DRV_NAME);
      | ^~~~~~~~~~~~~~~~~~~~~~
In file included from drivers/usb/storage/sddr09.c:52:
drivers/usb/storage/sddr09.c:1804:24: note: ‘cleanup_module’ target declared here
 1804 | module_usb_stor_driver(sddr09_driver, sddr09_host_template, DRV_NAME);
      |                        ^~~~~~~~~~~~~
drivers/usb/storage/usb.h:219:20: note: in definition of macro ‘module_usb_stor_driver’
  219 | static void __exit __driver##_exit(void) \
      |                    ^~~~~~~~
In file included from drivers/usb/storage/sddr09.c:45:
./include/linux/module.h:132:6: warning: ‘init_module’ specifies less restrictive attribute than its target ‘sddr09_driver_init’: ‘cold’ [-Wmissing-attributes]
  132 |  int init_module(void) __attribute__((alias(#initfn)));
      |      ^~~~~~~~~~~
drivers/usb/storage/usb.h:218:1: note: in expansion of macro ‘module_init’
  218 | module_init(__driver##_init); \
      | ^~~~~~~~~~~
drivers/usb/storage/sddr09.c:1804:1: note: in expansion of macro ‘module_usb_stor_driver’
 1804 | module_usb_stor_driver(sddr09_driver, sddr09_host_template, DRV_NAME);
      | ^~~~~~~~~~~~~~~~~~~~~~
In file included from drivers/usb/storage/sddr09.c:52:
drivers/usb/storage/sddr09.c:1804:24: note: ‘init_module’ target declared here
 1804 | module_usb_stor_driver(sddr09_driver, sddr09_host_template, DRV_NAME);
      |                        ^~~~~~~~~~~~~
drivers/usb/storage/usb.h:213:19: note: in definition of macro ‘module_usb_stor_driver’
  213 | static int __init __driver##_init(void) \
      |                   ^~~~~~~~
  LD [M]  drivers/usb/storage/ums-sddr09.o
  CC [M]  drivers/usb/storage/sddr55.o
In file included from drivers/usb/storage/sddr55.c:28:
./include/linux/module.h:138:7: warning: ‘cleanup_module’ specifies less restrictive attribute than its target ‘sddr55_driver_exit’: ‘cold’ [-Wmissing-attributes]
  138 |  void cleanup_module(void) __attribute__((alias(#exitfn)));
      |       ^~~~~~~~~~~~~~
drivers/usb/storage/usb.h:223:1: note: in expansion of macro ‘module_exit’
  223 | module_exit(__driver##_exit)
      | ^~~~~~~~~~~
drivers/usb/storage/sddr55.c:1026:1: note: in expansion of macro ‘module_usb_stor_driver’
 1026 | module_usb_stor_driver(sddr55_driver, sddr55_host_template, DRV_NAME);
      | ^~~~~~~~~~~~~~~~~~~~~~
In file included from drivers/usb/storage/sddr55.c:34:
drivers/usb/storage/sddr55.c:1026:24: note: ‘cleanup_module’ target declared here
 1026 | module_usb_stor_driver(sddr55_driver, sddr55_host_template, DRV_NAME);
      |                        ^~~~~~~~~~~~~
drivers/usb/storage/usb.h:219:20: note: in definition of macro ‘module_usb_stor_driver’
  219 | static void __exit __driver##_exit(void) \
      |                    ^~~~~~~~
In file included from drivers/usb/storage/sddr55.c:28:
./include/linux/module.h:132:6: warning: ‘init_module’ specifies less restrictive attribute than its target ‘sddr55_driver_init’: ‘cold’ [-Wmissing-attributes]
  132 |  int init_module(void) __attribute__((alias(#initfn)));
      |      ^~~~~~~~~~~
drivers/usb/storage/usb.h:218:1: note: in expansion of macro ‘module_init’
  218 | module_init(__driver##_init); \
      | ^~~~~~~~~~~
drivers/usb/storage/sddr55.c:1026:1: note: in expansion of macro ‘module_usb_stor_driver’
 1026 | module_usb_stor_driver(sddr55_driver, sddr55_host_template, DRV_NAME);
      | ^~~~~~~~~~~~~~~~~~~~~~
In file included from drivers/usb/storage/sddr55.c:34:
drivers/usb/storage/sddr55.c:1026:24: note: ‘init_module’ target declared here
 1026 | module_usb_stor_driver(sddr55_driver, sddr55_host_template, DRV_NAME);
      |                        ^~~~~~~~~~~~~
drivers/usb/storage/usb.h:213:19: note: in definition of macro ‘module_usb_stor_driver’
  213 | static int __init __driver##_init(void) \
      |                   ^~~~~~~~
  LD [M]  drivers/usb/storage/ums-sddr55.o
  CC [M]  drivers/usb/storage/shuttle_usbat.o
In file included from drivers/usb/storage/shuttle_usbat.c:46:
./include/linux/module.h:138:7: warning: ‘cleanup_module’ specifies less restrictive attribute than its target ‘usbat_driver_exit’: ‘cold’ [-Wmissing-attributes]
  138 |  void cleanup_module(void) __attribute__((alias(#exitfn)));
      |       ^~~~~~~~~~~~~~
drivers/usb/storage/usb.h:223:1: note: in expansion of macro ‘module_exit’
  223 | module_exit(__driver##_exit)
      | ^~~~~~~~~~~
drivers/usb/storage/shuttle_usbat.c:1884:1: note: in expansion of macro ‘module_usb_stor_driver’
 1884 | module_usb_stor_driver(usbat_driver, usbat_host_template, DRV_NAME);
      | ^~~~~~~~~~~~~~~~~~~~~~
In file included from drivers/usb/storage/shuttle_usbat.c:53:
drivers/usb/storage/shuttle_usbat.c:1884:24: note: ‘cleanup_module’ target declared here
 1884 | module_usb_stor_driver(usbat_driver, usbat_host_template, DRV_NAME);
      |                        ^~~~~~~~~~~~
drivers/usb/storage/usb.h:219:20: note: in definition of macro ‘module_usb_stor_driver’
  219 | static void __exit __driver##_exit(void) \
      |                    ^~~~~~~~
In file included from drivers/usb/storage/shuttle_usbat.c:46:
./include/linux/module.h:132:6: warning: ‘init_module’ specifies less restrictive attribute than its target ‘usbat_driver_init’: ‘cold’ [-Wmissing-attributes]
  132 |  int init_module(void) __attribute__((alias(#initfn)));
      |      ^~~~~~~~~~~
drivers/usb/storage/usb.h:218:1: note: in expansion of macro ‘module_init’
  218 | module_init(__driver##_init); \
      | ^~~~~~~~~~~
drivers/usb/storage/shuttle_usbat.c:1884:1: note: in expansion of macro ‘module_usb_stor_driver’
 1884 | module_usb_stor_driver(usbat_driver, usbat_host_template, DRV_NAME);
      | ^~~~~~~~~~~~~~~~~~~~~~
In file included from drivers/usb/storage/shuttle_usbat.c:53:
drivers/usb/storage/shuttle_usbat.c:1884:24: note: ‘init_module’ target declared here
 1884 | module_usb_stor_driver(usbat_driver, usbat_host_template, DRV_NAME);
      |                        ^~~~~~~~~~~~
drivers/usb/storage/usb.h:213:19: note: in definition of macro ‘module_usb_stor_driver’
  213 | static int __init __driver##_init(void) \
      |                   ^~~~~~~~
  LD [M]  drivers/usb/storage/ums-usbat.o
  LD      drivers/usb/usbip/built-in.o
  CC [M]  drivers/usb/usbip/usbip_common.o
In file included from ./include/linux/byteorder/little_endian.h:4,
                 from ./arch/arm/include/uapi/asm/byteorder.h:21,
                 from drivers/usb/usbip/usbip_common.c:22:
drivers/usb/usbip/usbip_common.c: In function ‘correct_endian_cmd_submit’:
drivers/usb/usbip/usbip_common.c:463:16: warning: taking address of packed member of ‘struct usbip_header_cmd_submit’ may result in an unaligned pointer value [-Waddress-of-packed-member]
  463 |   cpu_to_be32s(&pdu->transfer_buffer_length);
./include/uapi/linux/byteorder/little_endian.h:99:38: note: in definition of macro ‘__cpu_to_be32s’
   99 | #define __cpu_to_be32s(x) __swab32s((x))
      |                                      ^
drivers/usb/usbip/usbip_common.c:463:3: note: in expansion of macro ‘cpu_to_be32s’
  463 |   cpu_to_be32s(&pdu->transfer_buffer_length);
      |   ^~~~~~~~~~~~
drivers/usb/usbip/usbip_common.c:464:16: warning: taking address of packed member of ‘struct usbip_header_cmd_submit’ may result in an unaligned pointer value [-Waddress-of-packed-member]
  464 |   cpu_to_be32s(&pdu->start_frame);
./include/uapi/linux/byteorder/little_endian.h:99:38: note: in definition of macro ‘__cpu_to_be32s’
   99 | #define __cpu_to_be32s(x) __swab32s((x))
      |                                      ^
drivers/usb/usbip/usbip_common.c:464:3: note: in expansion of macro ‘cpu_to_be32s’
  464 |   cpu_to_be32s(&pdu->start_frame);
      |   ^~~~~~~~~~~~
drivers/usb/usbip/usbip_common.c:465:16: warning: taking address of packed member of ‘struct usbip_header_cmd_submit’ may result in an unaligned pointer value [-Waddress-of-packed-member]
  465 |   cpu_to_be32s(&pdu->number_of_packets);
./include/uapi/linux/byteorder/little_endian.h:99:38: note: in definition of macro ‘__cpu_to_be32s’
   99 | #define __cpu_to_be32s(x) __swab32s((x))
      |                                      ^
drivers/usb/usbip/usbip_common.c:465:3: note: in expansion of macro ‘cpu_to_be32s’
  465 |   cpu_to_be32s(&pdu->number_of_packets);
      |   ^~~~~~~~~~~~
drivers/usb/usbip/usbip_common.c:466:16: warning: taking address of packed member of ‘struct usbip_header_cmd_submit’ may result in an unaligned pointer value [-Waddress-of-packed-member]
  466 |   cpu_to_be32s(&pdu->interval);
./include/uapi/linux/byteorder/little_endian.h:99:38: note: in definition of macro ‘__cpu_to_be32s’
   99 | #define __cpu_to_be32s(x) __swab32s((x))
      |                                      ^
drivers/usb/usbip/usbip_common.c:466:3: note: in expansion of macro ‘cpu_to_be32s’
  466 |   cpu_to_be32s(&pdu->interval);
      |   ^~~~~~~~~~~~
drivers/usb/usbip/usbip_common.c:470:16: warning: taking address of packed member of ‘struct usbip_header_cmd_submit’ may result in an unaligned pointer value [-Waddress-of-packed-member]
  470 |   be32_to_cpus(&pdu->transfer_buffer_length);
./include/uapi/linux/byteorder/little_endian.h:100:38: note: in definition of macro ‘__be32_to_cpus’
  100 | #define __be32_to_cpus(x) __swab32s((x))
      |                                      ^
drivers/usb/usbip/usbip_common.c:470:3: note: in expansion of macro ‘be32_to_cpus’
  470 |   be32_to_cpus(&pdu->transfer_buffer_length);
      |   ^~~~~~~~~~~~
drivers/usb/usbip/usbip_common.c:471:16: warning: taking address of packed member of ‘struct usbip_header_cmd_submit’ may result in an unaligned pointer value [-Waddress-of-packed-member]
  471 |   be32_to_cpus(&pdu->start_frame);
./include/uapi/linux/byteorder/little_endian.h:100:38: note: in definition of macro ‘__be32_to_cpus’
  100 | #define __be32_to_cpus(x) __swab32s((x))
      |                                      ^
drivers/usb/usbip/usbip_common.c:471:3: note: in expansion of macro ‘be32_to_cpus’
  471 |   be32_to_cpus(&pdu->start_frame);
      |   ^~~~~~~~~~~~
drivers/usb/usbip/usbip_common.c:472:16: warning: taking address of packed member of ‘struct usbip_header_cmd_submit’ may result in an unaligned pointer value [-Waddress-of-packed-member]
  472 |   be32_to_cpus(&pdu->number_of_packets);
./include/uapi/linux/byteorder/little_endian.h:100:38: note: in definition of macro ‘__be32_to_cpus’
  100 | #define __be32_to_cpus(x) __swab32s((x))
      |                                      ^
drivers/usb/usbip/usbip_common.c:472:3: note: in expansion of macro ‘be32_to_cpus’
  472 |   be32_to_cpus(&pdu->number_of_packets);
      |   ^~~~~~~~~~~~
drivers/usb/usbip/usbip_common.c:473:16: warning: taking address of packed member of ‘struct usbip_header_cmd_submit’ may result in an unaligned pointer value [-Waddress-of-packed-member]
  473 |   be32_to_cpus(&pdu->interval);
./include/uapi/linux/byteorder/little_endian.h:100:38: note: in definition of macro ‘__be32_to_cpus’
  100 | #define __be32_to_cpus(x) __swab32s((x))
      |                                      ^
drivers/usb/usbip/usbip_common.c:473:3: note: in expansion of macro ‘be32_to_cpus’
  473 |   be32_to_cpus(&pdu->interval);
      |   ^~~~~~~~~~~~
drivers/usb/usbip/usbip_common.c: In function ‘correct_endian_ret_submit’:
drivers/usb/usbip/usbip_common.c:481:16: warning: taking address of packed member of ‘struct usbip_header_ret_submit’ may result in an unaligned pointer value [-Waddress-of-packed-member]
  481 |   cpu_to_be32s(&pdu->status);
./include/uapi/linux/byteorder/little_endian.h:99:38: note: in definition of macro ‘__cpu_to_be32s’
   99 | #define __cpu_to_be32s(x) __swab32s((x))
      |                                      ^
drivers/usb/usbip/usbip_common.c:481:3: note: in expansion of macro ‘cpu_to_be32s’
  481 |   cpu_to_be32s(&pdu->status);
      |   ^~~~~~~~~~~~
drivers/usb/usbip/usbip_common.c:482:16: warning: taking address of packed member of ‘struct usbip_header_ret_submit’ may result in an unaligned pointer value [-Waddress-of-packed-member]
  482 |   cpu_to_be32s(&pdu->actual_length);
./include/uapi/linux/byteorder/little_endian.h:99:38: note: in definition of macro ‘__cpu_to_be32s’
   99 | #define __cpu_to_be32s(x) __swab32s((x))
      |                                      ^
drivers/usb/usbip/usbip_common.c:482:3: note: in expansion of macro ‘cpu_to_be32s’
  482 |   cpu_to_be32s(&pdu->actual_length);
      |   ^~~~~~~~~~~~
drivers/usb/usbip/usbip_common.c:483:16: warning: taking address of packed member of ‘struct usbip_header_ret_submit’ may result in an unaligned pointer value [-Waddress-of-packed-member]
  483 |   cpu_to_be32s(&pdu->start_frame);
./include/uapi/linux/byteorder/little_endian.h:99:38: note: in definition of macro ‘__cpu_to_be32s’
   99 | #define __cpu_to_be32s(x) __swab32s((x))
      |                                      ^
drivers/usb/usbip/usbip_common.c:483:3: note: in expansion of macro ‘cpu_to_be32s’
  483 |   cpu_to_be32s(&pdu->start_frame);
      |   ^~~~~~~~~~~~
drivers/usb/usbip/usbip_common.c:484:16: warning: taking address of packed member of ‘struct usbip_header_ret_submit’ may result in an unaligned pointer value [-Waddress-of-packed-member]
  484 |   cpu_to_be32s(&pdu->number_of_packets);
./include/uapi/linux/byteorder/little_endian.h:99:38: note: in definition of macro ‘__cpu_to_be32s’
   99 | #define __cpu_to_be32s(x) __swab32s((x))
      |                                      ^
drivers/usb/usbip/usbip_common.c:484:3: note: in expansion of macro ‘cpu_to_be32s’
  484 |   cpu_to_be32s(&pdu->number_of_packets);
      |   ^~~~~~~~~~~~
drivers/usb/usbip/usbip_common.c:485:16: warning: taking address of packed member of ‘struct usbip_header_ret_submit’ may result in an unaligned pointer value [-Waddress-of-packed-member]
  485 |   cpu_to_be32s(&pdu->error_count);
./include/uapi/linux/byteorder/little_endian.h:99:38: note: in definition of macro ‘__cpu_to_be32s’
   99 | #define __cpu_to_be32s(x) __swab32s((x))
      |                                      ^
drivers/usb/usbip/usbip_common.c:485:3: note: in expansion of macro ‘cpu_to_be32s’
  485 |   cpu_to_be32s(&pdu->error_count);
      |   ^~~~~~~~~~~~
drivers/usb/usbip/usbip_common.c:487:16: warning: taking address of packed member of ‘struct usbip_header_ret_submit’ may result in an unaligned pointer value [-Waddress-of-packed-member]
  487 |   be32_to_cpus(&pdu->status);
./include/uapi/linux/byteorder/little_endian.h:100:38: note: in definition of macro ‘__be32_to_cpus’
  100 | #define __be32_to_cpus(x) __swab32s((x))
      |                                      ^
drivers/usb/usbip/usbip_common.c:487:3: note: in expansion of macro ‘be32_to_cpus’
  487 |   be32_to_cpus(&pdu->status);
      |   ^~~~~~~~~~~~
drivers/usb/usbip/usbip_common.c:488:16: warning: taking address of packed member of ‘struct usbip_header_ret_submit’ may result in an unaligned pointer value [-Waddress-of-packed-member]
  488 |   be32_to_cpus(&pdu->actual_length);
./include/uapi/linux/byteorder/little_endian.h:100:38: note: in definition of macro ‘__be32_to_cpus’
  100 | #define __be32_to_cpus(x) __swab32s((x))
      |                                      ^
drivers/usb/usbip/usbip_common.c:488:3: note: in expansion of macro ‘be32_to_cpus’
  488 |   be32_to_cpus(&pdu->actual_length);
      |   ^~~~~~~~~~~~
drivers/usb/usbip/usbip_common.c:489:16: warning: taking address of packed member of ‘struct usbip_header_ret_submit’ may result in an unaligned pointer value [-Waddress-of-packed-member]
  489 |   be32_to_cpus(&pdu->start_frame);
./include/uapi/linux/byteorder/little_endian.h:100:38: note: in definition of macro ‘__be32_to_cpus’
  100 | #define __be32_to_cpus(x) __swab32s((x))
      |                                      ^
drivers/usb/usbip/usbip_common.c:489:3: note: in expansion of macro ‘be32_to_cpus’
  489 |   be32_to_cpus(&pdu->start_frame);
      |   ^~~~~~~~~~~~
drivers/usb/usbip/usbip_common.c:490:16: warning: taking address of packed member of ‘struct usbip_header_ret_submit’ may result in an unaligned pointer value [-Waddress-of-packed-member]
  490 |   be32_to_cpus(&pdu->number_of_packets);
./include/uapi/linux/byteorder/little_endian.h:100:38: note: in definition of macro ‘__be32_to_cpus’
  100 | #define __be32_to_cpus(x) __swab32s((x))
      |                                      ^
drivers/usb/usbip/usbip_common.c:490:3: note: in expansion of macro ‘be32_to_cpus’
  490 |   be32_to_cpus(&pdu->number_of_packets);
      |   ^~~~~~~~~~~~
drivers/usb/usbip/usbip_common.c:491:16: warning: taking address of packed member of ‘struct usbip_header_ret_submit’ may result in an unaligned pointer value [-Waddress-of-packed-member]
  491 |   be32_to_cpus(&pdu->error_count);
./include/uapi/linux/byteorder/little_endian.h:100:38: note: in definition of macro ‘__be32_to_cpus’
  100 | #define __be32_to_cpus(x) __swab32s((x))
      |                                      ^
drivers/usb/usbip/usbip_common.c:491:3: note: in expansion of macro ‘be32_to_cpus’
  491 |   be32_to_cpus(&pdu->error_count);
      |   ^~~~~~~~~~~~
drivers/usb/usbip/usbip_common.c: In function ‘correct_endian_ret_unlink’:
drivers/usb/usbip/usbip_common.c:508:16: warning: taking address of packed member of ‘struct usbip_header_ret_unlink’ may result in an unaligned pointer value [-Waddress-of-packed-member]
  508 |   cpu_to_be32s(&pdu->status);
./include/uapi/linux/byteorder/little_endian.h:99:38: note: in definition of macro ‘__cpu_to_be32s’
   99 | #define __cpu_to_be32s(x) __swab32s((x))
      |                                      ^
drivers/usb/usbip/usbip_common.c:508:3: note: in expansion of macro ‘cpu_to_be32s’
  508 |   cpu_to_be32s(&pdu->status);
      |   ^~~~~~~~~~~~
drivers/usb/usbip/usbip_common.c:510:16: warning: taking address of packed member of ‘struct usbip_header_ret_unlink’ may result in an unaligned pointer value [-Waddress-of-packed-member]
  510 |   be32_to_cpus(&pdu->status);
./include/uapi/linux/byteorder/little_endian.h:100:38: note: in definition of macro ‘__be32_to_cpus’
  100 | #define __be32_to_cpus(x) __swab32s((x))
      |                                      ^
drivers/usb/usbip/usbip_common.c:510:3: note: in expansion of macro ‘be32_to_cpus’
  510 |   be32_to_cpus(&pdu->status);
      |   ^~~~~~~~~~~~
In file included from drivers/usb/usbip/usbip_common.c:28:
drivers/usb/usbip/usbip_common.c: At top level:
./include/linux/module.h:132:6: warning: ‘init_module’ specifies less restrictive attribute than its target ‘usbip_core_init’: ‘cold’ [-Wmissing-attributes]
  132 |  int init_module(void) __attribute__((alias(#initfn)));
      |      ^~~~~~~~~~~
drivers/usb/usbip/usbip_common.c:773:1: note: in expansion of macro ‘module_init’
  773 | module_init(usbip_core_init);
      | ^~~~~~~~~~~
drivers/usb/usbip/usbip_common.c:755:19: note: ‘init_module’ target declared here
  755 | static int __init usbip_core_init(void)
      |                   ^~~~~~~~~~~~~~~
In file included from drivers/usb/usbip/usbip_common.c:28:
./include/linux/module.h:138:7: warning: ‘cleanup_module’ specifies less restrictive attribute than its target ‘usbip_core_exit’: ‘cold’ [-Wmissing-attributes]
  138 |  void cleanup_module(void) __attribute__((alias(#exitfn)));
      |       ^~~~~~~~~~~~~~
drivers/usb/usbip/usbip_common.c:774:1: note: in expansion of macro ‘module_exit’
  774 | module_exit(usbip_core_exit);
      | ^~~~~~~~~~~
drivers/usb/usbip/usbip_common.c:767:20: note: ‘cleanup_module’ target declared here
  767 | static void __exit usbip_core_exit(void)
      |                    ^~~~~~~~~~~~~~~
  CC [M]  drivers/usb/usbip/usbip_event.o
  LD [M]  drivers/usb/usbip/usbip-core.o
  CC [M]  drivers/usb/usbip/vhci_sysfs.o
  CC [M]  drivers/usb/usbip/vhci_tx.o
  CC [M]  drivers/usb/usbip/vhci_rx.o
  CC [M]  drivers/usb/usbip/vhci_hcd.o
In file included from drivers/usb/usbip/vhci_hcd.c:25:
./include/linux/module.h:132:6: warning: ‘init_module’ specifies less restrictive attribute than its target ‘vhci_hcd_init’: ‘cold’ [-Wmissing-attributes]
  132 |  int init_module(void) __attribute__((alias(#initfn)));
      |      ^~~~~~~~~~~
drivers/usb/usbip/vhci_hcd.c:1272:1: note: in expansion of macro ‘module_init’
 1272 | module_init(vhci_hcd_init);
      | ^~~~~~~~~~~
drivers/usb/usbip/vhci_hcd.c:1230:19: note: ‘init_module’ target declared here
 1230 | static int __init vhci_hcd_init(void)
      |                   ^~~~~~~~~~~~~
In file included from drivers/usb/usbip/vhci_hcd.c:25:
./include/linux/module.h:138:7: warning: ‘cleanup_module’ specifies less restrictive attribute than its target ‘vhci_hcd_exit’: ‘cold’ [-Wmissing-attributes]
  138 |  void cleanup_module(void) __attribute__((alias(#exitfn)));
      |       ^~~~~~~~~~~~~~
drivers/usb/usbip/vhci_hcd.c:1273:1: note: in expansion of macro ‘module_exit’
 1273 | module_exit(vhci_hcd_exit);
      | ^~~~~~~~~~~
drivers/usb/usbip/vhci_hcd.c:1265:20: note: ‘cleanup_module’ target declared here
 1265 | static void __exit vhci_hcd_exit(void)
      |                    ^~~~~~~~~~~~~
  LD [M]  drivers/usb/usbip/vhci-hcd.o
  CC [M]  drivers/usb/usbip/stub_dev.o
  CC [M]  drivers/usb/usbip/stub_main.o
In file included from drivers/usb/usbip/stub_main.c:21:
./include/linux/module.h:132:6: warning: ‘init_module’ specifies less restrictive attribute than its target ‘usbip_host_init’: ‘cold’ [-Wmissing-attributes]
  132 |  int init_module(void) __attribute__((alias(#initfn)));
      |      ^~~~~~~~~~~
drivers/usb/usbip/stub_main.c:334:1: note: in expansion of macro ‘module_init’
  334 | module_init(usbip_host_init);
      | ^~~~~~~~~~~
drivers/usb/usbip/stub_main.c:275:19: note: ‘init_module’ target declared here
  275 | static int __init usbip_host_init(void)
      |                   ^~~~~~~~~~~~~~~
In file included from drivers/usb/usbip/stub_main.c:21:
./include/linux/module.h:138:7: warning: ‘cleanup_module’ specifies less restrictive attribute than its target ‘usbip_host_exit’: ‘cold’ [-Wmissing-attributes]
  138 |  void cleanup_module(void) __attribute__((alias(#exitfn)));
      |       ^~~~~~~~~~~~~~
drivers/usb/usbip/stub_main.c:335:1: note: in expansion of macro ‘module_exit’
  335 | module_exit(usbip_host_exit);
      | ^~~~~~~~~~~
drivers/usb/usbip/stub_main.c:317:20: note: ‘cleanup_module’ target declared here
  317 | static void __exit usbip_host_exit(void)
      |                    ^~~~~~~~~~~~~~~
  CC [M]  drivers/usb/usbip/stub_rx.o
  CC [M]  drivers/usb/usbip/stub_tx.o
  LD [M]  drivers/usb/usbip/usbip-host.o
  LD      drivers/usb/built-in.o
  CC      drivers/video/hdmi.o
drivers/video/hdmi.c: In function ‘hdmi_spd_infoframe_init’:
drivers/video/hdmi.c:171:2: warning: ‘strncpy’ specified bound 8 equals destination size [-Wstringop-truncation]
  171 |  strncpy(frame->vendor, vendor, sizeof(frame->vendor));
      |  ^~~~~~~~~~~~~~~~~~~~~~~~~~~~~~~~~~~~~~~~~~~~~~~~~~~~~
drivers/video/hdmi.c:172:2: warning: ‘strncpy’ specified bound 16 equals destination size [-Wstringop-truncation]
  172 |  strncpy(frame->product, product, sizeof(frame->product));
      |  ^~~~~~~~~~~~~~~~~~~~~~~~~~~~~~~~~~~~~~~~~~~~~~~~~~~~~~~~
  CC      drivers/video/backlight/backlight.o
  LD      drivers/video/backlight/built-in.o
  CC [M]  drivers/video/backlight/lcd.o
In file included from drivers/video/backlight/lcd.c:10:
./include/linux/module.h:132:6: warning: ‘init_module’ specifies less restrictive attribute than its target ‘lcd_class_init’: ‘cold’ [-Wmissing-attributes]
  132 |  int init_module(void) __attribute__((alias(#initfn)));
      |      ^~~~~~~~~~~
./include/linux/module.h:112:32: note: in expansion of macro ‘module_init’
  112 | #define postcore_initcall(fn)  module_init(fn)
      |                                ^~~~~~~~~~~
drivers/video/backlight/lcd.c:359:1: note: in expansion of macro ‘postcore_initcall’
  359 | postcore_initcall(lcd_class_init);
      | ^~~~~~~~~~~~~~~~~
drivers/video/backlight/lcd.c:342:19: note: ‘init_module’ target declared here
  342 | static int __init lcd_class_init(void)
      |                   ^~~~~~~~~~~~~~
In file included from drivers/video/backlight/lcd.c:10:
./include/linux/module.h:138:7: warning: ‘cleanup_module’ specifies less restrictive attribute than its target ‘lcd_class_exit’: ‘cold’ [-Wmissing-attributes]
  138 |  void cleanup_module(void) __attribute__((alias(#exitfn)));
      |       ^~~~~~~~~~~~~~
drivers/video/backlight/lcd.c:360:1: note: in expansion of macro ‘module_exit’
  360 | module_exit(lcd_class_exit);
      | ^~~~~~~~~~~
drivers/video/backlight/lcd.c:337:20: note: ‘cleanup_module’ target declared here
  337 | static void __exit lcd_class_exit(void)
      |                    ^~~~~~~~~~~~~~
  CC [M]  drivers/video/backlight/gpio_backlight.o
In file included from drivers/video/backlight/gpio_backlight.c:15:
./include/linux/module.h:138:7: warning: ‘cleanup_module’ specifies less restrictive attribute than its target ‘gpio_backlight_driver_exit’: ‘cold’ [-Wmissing-attributes]
  138 |  void cleanup_module(void) __attribute__((alias(#exitfn)));
      |       ^~~~~~~~~~~~~~
./include/linux/device.h:1360:1: note: in expansion of macro ‘module_exit’
 1360 | module_exit(__driver##_exit);
      | ^~~~~~~~~~~
./include/linux/platform_device.h:228:2: note: in expansion of macro ‘module_driver’
  228 |  module_driver(__platform_driver, platform_driver_register, \
      |  ^~~~~~~~~~~~~
drivers/video/backlight/gpio_backlight.c:165:1: note: in expansion of macro ‘module_platform_driver’
  165 | module_platform_driver(gpio_backlight_driver);
      | ^~~~~~~~~~~~~~~~~~~~~~
In file included from ./include/linux/backlight.h:11,
                 from drivers/video/backlight/gpio_backlight.c:9:
drivers/video/backlight/gpio_backlight.c:165:24: note: ‘cleanup_module’ target declared here
  165 | module_platform_driver(gpio_backlight_driver);
      |                        ^~~~~~~~~~~~~~~~~~~~~
./include/linux/device.h:1356:20: note: in definition of macro ‘module_driver’
 1356 | static void __exit __driver##_exit(void) \
      |                    ^~~~~~~~
drivers/video/backlight/gpio_backlight.c:165:1: note: in expansion of macro ‘module_platform_driver’
  165 | module_platform_driver(gpio_backlight_driver);
      | ^~~~~~~~~~~~~~~~~~~~~~
In file included from drivers/video/backlight/gpio_backlight.c:15:
./include/linux/module.h:132:6: warning: ‘init_module’ specifies less restrictive attribute than its target ‘gpio_backlight_driver_init’: ‘cold’ [-Wmissing-attributes]
  132 |  int init_module(void) __attribute__((alias(#initfn)));
      |      ^~~~~~~~~~~
./include/linux/device.h:1355:1: note: in expansion of macro ‘module_init’
 1355 | module_init(__driver##_init); \
      | ^~~~~~~~~~~
./include/linux/platform_device.h:228:2: note: in expansion of macro ‘module_driver’
  228 |  module_driver(__platform_driver, platform_driver_register, \
      |  ^~~~~~~~~~~~~
drivers/video/backlight/gpio_backlight.c:165:1: note: in expansion of macro ‘module_platform_driver’
  165 | module_platform_driver(gpio_backlight_driver);
      | ^~~~~~~~~~~~~~~~~~~~~~
In file included from ./include/linux/backlight.h:11,
                 from drivers/video/backlight/gpio_backlight.c:9:
drivers/video/backlight/gpio_backlight.c:165:24: note: ‘init_module’ target declared here
  165 | module_platform_driver(gpio_backlight_driver);
      |                        ^~~~~~~~~~~~~~~~~~~~~
./include/linux/device.h:1351:19: note: in definition of macro ‘module_driver’
 1351 | static int __init __driver##_init(void) \
      |                   ^~~~~~~~
drivers/video/backlight/gpio_backlight.c:165:1: note: in expansion of macro ‘module_platform_driver’
  165 | module_platform_driver(gpio_backlight_driver);
      | ^~~~~~~~~~~~~~~~~~~~~~
  CC [M]  drivers/video/backlight/rpi_backlight.o
In file included from drivers/video/backlight/rpi_backlight.c:15:
./include/linux/module.h:138:7: warning: ‘cleanup_module’ specifies less restrictive attribute than its target ‘rpi_backlight_driver_exit’: ‘cold’ [-Wmissing-attributes]
  138 |  void cleanup_module(void) __attribute__((alias(#exitfn)));
      |       ^~~~~~~~~~~~~~
./include/linux/device.h:1360:1: note: in expansion of macro ‘module_exit’
 1360 | module_exit(__driver##_exit);
      | ^~~~~~~~~~~
./include/linux/platform_device.h:228:2: note: in expansion of macro ‘module_driver’
  228 |  module_driver(__platform_driver, platform_driver_register, \
      |  ^~~~~~~~~~~~~
drivers/video/backlight/rpi_backlight.c:115:1: note: in expansion of macro ‘module_platform_driver’
  115 | module_platform_driver(rpi_backlight_driver);
      | ^~~~~~~~~~~~~~~~~~~~~~
In file included from ./include/linux/backlight.h:11,
                 from drivers/video/backlight/rpi_backlight.c:9:
drivers/video/backlight/rpi_backlight.c:115:24: note: ‘cleanup_module’ target declared here
  115 | module_platform_driver(rpi_backlight_driver);
      |                        ^~~~~~~~~~~~~~~~~~~~
./include/linux/device.h:1356:20: note: in definition of macro ‘module_driver’
 1356 | static void __exit __driver##_exit(void) \
      |                    ^~~~~~~~
drivers/video/backlight/rpi_backlight.c:115:1: note: in expansion of macro ‘module_platform_driver’
  115 | module_platform_driver(rpi_backlight_driver);
      | ^~~~~~~~~~~~~~~~~~~~~~
In file included from drivers/video/backlight/rpi_backlight.c:15:
./include/linux/module.h:132:6: warning: ‘init_module’ specifies less restrictive attribute than its target ‘rpi_backlight_driver_init’: ‘cold’ [-Wmissing-attributes]
  132 |  int init_module(void) __attribute__((alias(#initfn)));
      |      ^~~~~~~~~~~
./include/linux/device.h:1355:1: note: in expansion of macro ‘module_init’
 1355 | module_init(__driver##_init); \
      | ^~~~~~~~~~~
./include/linux/platform_device.h:228:2: note: in expansion of macro ‘module_driver’
  228 |  module_driver(__platform_driver, platform_driver_register, \
      |  ^~~~~~~~~~~~~
drivers/video/backlight/rpi_backlight.c:115:1: note: in expansion of macro ‘module_platform_driver’
  115 | module_platform_driver(rpi_backlight_driver);
      | ^~~~~~~~~~~~~~~~~~~~~~
In file included from ./include/linux/backlight.h:11,
                 from drivers/video/backlight/rpi_backlight.c:9:
drivers/video/backlight/rpi_backlight.c:115:24: note: ‘init_module’ target declared here
  115 | module_platform_driver(rpi_backlight_driver);
      |                        ^~~~~~~~~~~~~~~~~~~~
./include/linux/device.h:1351:19: note: in definition of macro ‘module_driver’
 1351 | static int __init __driver##_init(void) \
      |                   ^~~~~~~~
drivers/video/backlight/rpi_backlight.c:115:1: note: in expansion of macro ‘module_platform_driver’
  115 | module_platform_driver(rpi_backlight_driver);
      | ^~~~~~~~~~~~~~~~~~~~~~
  CC      drivers/video/console/dummycon.o
  CC      drivers/video/console/fbcon.o
  CC      drivers/video/console/bitblit.o
  CC      drivers/video/console/softcursor.o
  LD      drivers/video/console/built-in.o
  CC      drivers/video/fbdev/core/fb_cmdline.o
  CC      drivers/video/fbdev/core/fb_notify.o
  CC      drivers/video/fbdev/core/fbmem.o
  CC      drivers/video/fbdev/core/fbmon.o
  CC      drivers/video/fbdev/core/fbcmap.o
  CC      drivers/video/fbdev/core/fbsysfs.o
  CC      drivers/video/fbdev/core/modedb.o
  CC      drivers/video/fbdev/core/fbcvt.o
  CC      drivers/video/fbdev/core/fb_defio.o
  LD      drivers/video/fbdev/core/fb.o
  CC      drivers/video/fbdev/core/cfbfillrect.o
  CC      drivers/video/fbdev/core/cfbcopyarea.o
  CC      drivers/video/fbdev/core/cfbimgblt.o
  LD      drivers/video/fbdev/core/built-in.o
  CC [M]  drivers/video/fbdev/core/sysfillrect.o
  CC [M]  drivers/video/fbdev/core/syscopyarea.o
  CC [M]  drivers/video/fbdev/core/sysimgblt.o
  CC [M]  drivers/video/fbdev/core/fb_sys_fops.o
  LD      drivers/video/fbdev/omap2/omapfb/displays/built-in.o
  LD      drivers/video/fbdev/omap2/omapfb/dss/built-in.o
  LD      drivers/video/fbdev/omap2/omapfb/built-in.o
  LD      drivers/video/fbdev/omap2/built-in.o
  CC      drivers/video/fbdev/bcm2708_fb.o
  LD      drivers/video/fbdev/built-in.o
  CC [M]  drivers/video/fbdev/udlfb.o
In file included from drivers/video/fbdev/udlfb.c:21:
./include/linux/module.h:138:7: warning: ‘cleanup_module’ specifies less restrictive attribute than its target ‘dlfb_driver_exit’: ‘cold’ [-Wmissing-attributes]
  138 |  void cleanup_module(void) __attribute__((alias(#exitfn)));
      |       ^~~~~~~~~~~~~~
./include/linux/device.h:1360:1: note: in expansion of macro ‘module_exit’
 1360 | module_exit(__driver##_exit);
      | ^~~~~~~~~~~
./include/linux/usb.h:1195:2: note: in expansion of macro ‘module_driver’
 1195 |  module_driver(__usb_driver, usb_register, \
      |  ^~~~~~~~~~~~~
drivers/video/fbdev/udlfb.c:1781:1: note: in expansion of macro ‘module_usb_driver’
 1781 | module_usb_driver(dlfb_driver);
      | ^~~~~~~~~~~~~~~~~
In file included from ./include/linux/usb/ch9.h:35,
                 from ./include/linux/usb.h:5,
                 from drivers/video/fbdev/udlfb.c:24:
drivers/video/fbdev/udlfb.c:1781:19: note: ‘cleanup_module’ target declared here
 1781 | module_usb_driver(dlfb_driver);
      |                   ^~~~~~~~~~~
./include/linux/device.h:1356:20: note: in definition of macro ‘module_driver’
 1356 | static void __exit __driver##_exit(void) \
      |                    ^~~~~~~~
drivers/video/fbdev/udlfb.c:1781:1: note: in expansion of macro ‘module_usb_driver’
 1781 | module_usb_driver(dlfb_driver);
      | ^~~~~~~~~~~~~~~~~
In file included from drivers/video/fbdev/udlfb.c:21:
./include/linux/module.h:132:6: warning: ‘init_module’ specifies less restrictive attribute than its target ‘dlfb_driver_init’: ‘cold’ [-Wmissing-attributes]
  132 |  int init_module(void) __attribute__((alias(#initfn)));
      |      ^~~~~~~~~~~
./include/linux/device.h:1355:1: note: in expansion of macro ‘module_init’
 1355 | module_init(__driver##_init); \
      | ^~~~~~~~~~~
./include/linux/usb.h:1195:2: note: in expansion of macro ‘module_driver’
 1195 |  module_driver(__usb_driver, usb_register, \
      |  ^~~~~~~~~~~~~
drivers/video/fbdev/udlfb.c:1781:1: note: in expansion of macro ‘module_usb_driver’
 1781 | module_usb_driver(dlfb_driver);
      | ^~~~~~~~~~~~~~~~~
In file included from ./include/linux/usb/ch9.h:35,
                 from ./include/linux/usb.h:5,
                 from drivers/video/fbdev/udlfb.c:24:
drivers/video/fbdev/udlfb.c:1781:19: note: ‘init_module’ target declared here
 1781 | module_usb_driver(dlfb_driver);
      |                   ^~~~~~~~~~~
./include/linux/device.h:1351:19: note: in definition of macro ‘module_driver’
 1351 | static int __init __driver##_init(void) \
      |                   ^~~~~~~~
drivers/video/fbdev/udlfb.c:1781:1: note: in expansion of macro ‘module_usb_driver’
 1781 | module_usb_driver(dlfb_driver);
      | ^~~~~~~~~~~~~~~~~
  CC [M]  drivers/video/fbdev/ssd1307fb.o
In file included from drivers/video/fbdev/ssd1307fb.c:14:
./include/linux/module.h:138:7: warning: ‘cleanup_module’ specifies less restrictive attribute than its target ‘ssd1307fb_driver_exit’: ‘cold’ [-Wmissing-attributes]
  138 |  void cleanup_module(void) __attribute__((alias(#exitfn)));
      |       ^~~~~~~~~~~~~~
./include/linux/device.h:1360:1: note: in expansion of macro ‘module_exit’
 1360 | module_exit(__driver##_exit);
      | ^~~~~~~~~~~
./include/linux/i2c.h:751:2: note: in expansion of macro ‘module_driver’
  751 |  module_driver(__i2c_driver, i2c_add_driver, \
      |  ^~~~~~~~~~~~~
drivers/video/fbdev/ssd1307fb.c:745:1: note: in expansion of macro ‘module_i2c_driver’
  745 | module_i2c_driver(ssd1307fb_driver);
      | ^~~~~~~~~~~~~~~~~
In file included from ./include/linux/backlight.h:11,
                 from drivers/video/fbdev/ssd1307fb.c:9:
drivers/video/fbdev/ssd1307fb.c:745:19: note: ‘cleanup_module’ target declared here
  745 | module_i2c_driver(ssd1307fb_driver);
      |                   ^~~~~~~~~~~~~~~~
./include/linux/device.h:1356:20: note: in definition of macro ‘module_driver’
 1356 | static void __exit __driver##_exit(void) \
      |                    ^~~~~~~~
drivers/video/fbdev/ssd1307fb.c:745:1: note: in expansion of macro ‘module_i2c_driver’
  745 | module_i2c_driver(ssd1307fb_driver);
      | ^~~~~~~~~~~~~~~~~
In file included from drivers/video/fbdev/ssd1307fb.c:14:
./include/linux/module.h:132:6: warning: ‘init_module’ specifies less restrictive attribute than its target ‘ssd1307fb_driver_init’: ‘cold’ [-Wmissing-attributes]
  132 |  int init_module(void) __attribute__((alias(#initfn)));
      |      ^~~~~~~~~~~
./include/linux/device.h:1355:1: note: in expansion of macro ‘module_init’
 1355 | module_init(__driver##_init); \
      | ^~~~~~~~~~~
./include/linux/i2c.h:751:2: note: in expansion of macro ‘module_driver’
  751 |  module_driver(__i2c_driver, i2c_add_driver, \
      |  ^~~~~~~~~~~~~
drivers/video/fbdev/ssd1307fb.c:745:1: note: in expansion of macro ‘module_i2c_driver’
  745 | module_i2c_driver(ssd1307fb_driver);
      | ^~~~~~~~~~~~~~~~~
In file included from ./include/linux/backlight.h:11,
                 from drivers/video/fbdev/ssd1307fb.c:9:
drivers/video/fbdev/ssd1307fb.c:745:19: note: ‘init_module’ target declared here
  745 | module_i2c_driver(ssd1307fb_driver);
      |                   ^~~~~~~~~~~~~~~~
./include/linux/device.h:1351:19: note: in definition of macro ‘module_driver’
 1351 | static int __init __driver##_init(void) \
      |                   ^~~~~~~~
drivers/video/fbdev/ssd1307fb.c:745:1: note: in expansion of macro ‘module_i2c_driver’
  745 | module_i2c_driver(ssd1307fb_driver);
      | ^~~~~~~~~~~~~~~~~
  CC [M]  drivers/video/fbdev/rpisense-fb.o
In file included from drivers/video/fbdev/rpisense-fb.c:16:
./include/linux/module.h:138:7: warning: ‘cleanup_module’ specifies less restrictive attribute than its target ‘rpisense_fb_driver_exit’: ‘cold’ [-Wmissing-attributes]
  138 |  void cleanup_module(void) __attribute__((alias(#exitfn)));
      |       ^~~~~~~~~~~~~~
./include/linux/device.h:1360:1: note: in expansion of macro ‘module_exit’
 1360 | module_exit(__driver##_exit);
      | ^~~~~~~~~~~
./include/linux/platform_device.h:228:2: note: in expansion of macro ‘module_driver’
  228 |  module_driver(__platform_driver, platform_driver_register, \
      |  ^~~~~~~~~~~~~
drivers/video/fbdev/rpisense-fb.c:288:1: note: in expansion of macro ‘module_platform_driver’
  288 | module_platform_driver(rpisense_fb_driver);
      | ^~~~~~~~~~~~~~~~~~~~~~
In file included from ./include/linux/i2c.h:30,
                 from ./include/uapi/linux/fb.h:5,
                 from ./include/linux/fb.h:5,
                 from drivers/video/fbdev/rpisense-fb.c:24:
drivers/video/fbdev/rpisense-fb.c:288:24: note: ‘cleanup_module’ target declared here
  288 | module_platform_driver(rpisense_fb_driver);
      |                        ^~~~~~~~~~~~~~~~~~
./include/linux/device.h:1356:20: note: in definition of macro ‘module_driver’
 1356 | static void __exit __driver##_exit(void) \
      |                    ^~~~~~~~
drivers/video/fbdev/rpisense-fb.c:288:1: note: in expansion of macro ‘module_platform_driver’
  288 | module_platform_driver(rpisense_fb_driver);
      | ^~~~~~~~~~~~~~~~~~~~~~
In file included from drivers/video/fbdev/rpisense-fb.c:16:
./include/linux/module.h:132:6: warning: ‘init_module’ specifies less restrictive attribute than its target ‘rpisense_fb_driver_init’: ‘cold’ [-Wmissing-attributes]
  132 |  int init_module(void) __attribute__((alias(#initfn)));
      |      ^~~~~~~~~~~
./include/linux/device.h:1355:1: note: in expansion of macro ‘module_init’
 1355 | module_init(__driver##_init); \
      | ^~~~~~~~~~~
./include/linux/platform_device.h:228:2: note: in expansion of macro ‘module_driver’
  228 |  module_driver(__platform_driver, platform_driver_register, \
      |  ^~~~~~~~~~~~~
drivers/video/fbdev/rpisense-fb.c:288:1: note: in expansion of macro ‘module_platform_driver’
  288 | module_platform_driver(rpisense_fb_driver);
      | ^~~~~~~~~~~~~~~~~~~~~~
In file included from ./include/linux/i2c.h:30,
                 from ./include/uapi/linux/fb.h:5,
                 from ./include/linux/fb.h:5,
                 from drivers/video/fbdev/rpisense-fb.c:24:
drivers/video/fbdev/rpisense-fb.c:288:24: note: ‘init_module’ target declared here
  288 | module_platform_driver(rpisense_fb_driver);
      |                        ^~~~~~~~~~~~~~~~~~
./include/linux/device.h:1351:19: note: in definition of macro ‘module_driver’
 1351 | static int __init __driver##_init(void) \
      |                   ^~~~~~~~
drivers/video/fbdev/rpisense-fb.c:288:1: note: in expansion of macro ‘module_platform_driver’
  288 | module_platform_driver(rpisense_fb_driver);
      | ^~~~~~~~~~~~~~~~~~~~~~
  CC      drivers/video/logo/logo.o
  LOGO    drivers/video/logo/logo_linux_clut224.c
  CC      drivers/video/logo/logo_linux_clut224.o
  LD      drivers/video/logo/built-in.o
  LOGO    drivers/video/logo/logo_superh_mono.c
  LOGO    drivers/video/logo/logo_linux_mono.c
  LOGO    drivers/video/logo/logo_superh_vga16.c
  LOGO    drivers/video/logo/clut_vga16.c
  LOGO    drivers/video/logo/logo_linux_vga16.c
  LOGO    drivers/video/logo/logo_blackfin_vga16.c
  LOGO    drivers/video/logo/logo_spe_clut224.c
  LOGO    drivers/video/logo/logo_mac_clut224.c
  LOGO    drivers/video/logo/logo_superh_clut224.c
  LOGO    drivers/video/logo/logo_sun_clut224.c
  LOGO    drivers/video/logo/logo_parisc_clut224.c
  LOGO    drivers/video/logo/logo_blackfin_clut224.c
  LOGO    drivers/video/logo/logo_dec_clut224.c
  LOGO    drivers/video/logo/logo_m32r_clut224.c
  LOGO    drivers/video/logo/logo_sgi_clut224.c
  CC      drivers/video/display_timing.o
  CC      drivers/video/videomode.o
  CC      drivers/video/of_display_timing.o
  CC      drivers/video/of_videomode.o
  LD      drivers/video/built-in.o
  LD      drivers/w1/masters/built-in.o
  CC [M]  drivers/w1/masters/ds2490.o
In file included from drivers/w1/masters/ds2490.c:22:
./include/linux/module.h:138:7: warning: ‘cleanup_module’ specifies less restrictive attribute than its target ‘ds_driver_exit’: ‘cold’ [-Wmissing-attributes]
  138 |  void cleanup_module(void) __attribute__((alias(#exitfn)));
      |       ^~~~~~~~~~~~~~
./include/linux/device.h:1360:1: note: in expansion of macro ‘module_exit’
 1360 | module_exit(__driver##_exit);
      | ^~~~~~~~~~~
./include/linux/usb.h:1195:2: note: in expansion of macro ‘module_driver’
 1195 |  module_driver(__usb_driver, usb_register, \
      |  ^~~~~~~~~~~~~
drivers/w1/masters/ds2490.c:1112:1: note: in expansion of macro ‘module_usb_driver’
 1112 | module_usb_driver(ds_driver);
      | ^~~~~~~~~~~~~~~~~
In file included from ./include/linux/usb/ch9.h:35,
                 from ./include/linux/usb.h:5,
                 from drivers/w1/masters/ds2490.c:25:
drivers/w1/masters/ds2490.c:1112:19: note: ‘cleanup_module’ target declared here
 1112 | module_usb_driver(ds_driver);
      |                   ^~~~~~~~~
./include/linux/device.h:1356:20: note: in definition of macro ‘module_driver’
 1356 | static void __exit __driver##_exit(void) \
      |                    ^~~~~~~~
drivers/w1/masters/ds2490.c:1112:1: note: in expansion of macro ‘module_usb_driver’
 1112 | module_usb_driver(ds_driver);
      | ^~~~~~~~~~~~~~~~~
In file included from drivers/w1/masters/ds2490.c:22:
./include/linux/module.h:132:6: warning: ‘init_module’ specifies less restrictive attribute than its target ‘ds_driver_init’: ‘cold’ [-Wmissing-attributes]
  132 |  int init_module(void) __attribute__((alias(#initfn)));
      |      ^~~~~~~~~~~
./include/linux/device.h:1355:1: note: in expansion of macro ‘module_init’
 1355 | module_init(__driver##_init); \
      | ^~~~~~~~~~~
./include/linux/usb.h:1195:2: note: in expansion of macro ‘module_driver’
 1195 |  module_driver(__usb_driver, usb_register, \
      |  ^~~~~~~~~~~~~
drivers/w1/masters/ds2490.c:1112:1: note: in expansion of macro ‘module_usb_driver’
 1112 | module_usb_driver(ds_driver);
      | ^~~~~~~~~~~~~~~~~
In file included from ./include/linux/usb/ch9.h:35,
                 from ./include/linux/usb.h:5,
                 from drivers/w1/masters/ds2490.c:25:
drivers/w1/masters/ds2490.c:1112:19: note: ‘init_module’ target declared here
 1112 | module_usb_driver(ds_driver);
      |                   ^~~~~~~~~
./include/linux/device.h:1351:19: note: in definition of macro ‘module_driver’
 1351 | static int __init __driver##_init(void) \
      |                   ^~~~~~~~
drivers/w1/masters/ds2490.c:1112:1: note: in expansion of macro ‘module_usb_driver’
 1112 | module_usb_driver(ds_driver);
      | ^~~~~~~~~~~~~~~~~
  CC [M]  drivers/w1/masters/ds2482.o
In file included from drivers/w1/masters/ds2482.c:16:
./include/linux/module.h:138:7: warning: ‘cleanup_module’ specifies less restrictive attribute than its target ‘ds2482_driver_exit’: ‘cold’ [-Wmissing-attributes]
  138 |  void cleanup_module(void) __attribute__((alias(#exitfn)));
      |       ^~~~~~~~~~~~~~
./include/linux/device.h:1360:1: note: in expansion of macro ‘module_exit’
 1360 | module_exit(__driver##_exit);
      | ^~~~~~~~~~~
./include/linux/i2c.h:751:2: note: in expansion of macro ‘module_driver’
  751 |  module_driver(__i2c_driver, i2c_add_driver, \
      |  ^~~~~~~~~~~~~
drivers/w1/masters/ds2482.c:563:1: note: in expansion of macro ‘module_i2c_driver’
  563 | module_i2c_driver(ds2482_driver);
      | ^~~~~~~~~~~~~~~~~
In file included from ./include/linux/i2c.h:30,
                 from drivers/w1/masters/ds2482.c:19:
drivers/w1/masters/ds2482.c:563:19: note: ‘cleanup_module’ target declared here
  563 | module_i2c_driver(ds2482_driver);
      |                   ^~~~~~~~~~~~~
./include/linux/device.h:1356:20: note: in definition of macro ‘module_driver’
 1356 | static void __exit __driver##_exit(void) \
      |                    ^~~~~~~~
drivers/w1/masters/ds2482.c:563:1: note: in expansion of macro ‘module_i2c_driver’
  563 | module_i2c_driver(ds2482_driver);
      | ^~~~~~~~~~~~~~~~~
In file included from drivers/w1/masters/ds2482.c:16:
./include/linux/module.h:132:6: warning: ‘init_module’ specifies less restrictive attribute than its target ‘ds2482_driver_init’: ‘cold’ [-Wmissing-attributes]
  132 |  int init_module(void) __attribute__((alias(#initfn)));
      |      ^~~~~~~~~~~
./include/linux/device.h:1355:1: note: in expansion of macro ‘module_init’
 1355 | module_init(__driver##_init); \
      | ^~~~~~~~~~~
./include/linux/i2c.h:751:2: note: in expansion of macro ‘module_driver’
  751 |  module_driver(__i2c_driver, i2c_add_driver, \
      |  ^~~~~~~~~~~~~
drivers/w1/masters/ds2482.c:563:1: note: in expansion of macro ‘module_i2c_driver’
  563 | module_i2c_driver(ds2482_driver);
      | ^~~~~~~~~~~~~~~~~
In file included from ./include/linux/i2c.h:30,
                 from drivers/w1/masters/ds2482.c:19:
drivers/w1/masters/ds2482.c:563:19: note: ‘init_module’ target declared here
  563 | module_i2c_driver(ds2482_driver);
      |                   ^~~~~~~~~~~~~
./include/linux/device.h:1351:19: note: in definition of macro ‘module_driver’
 1351 | static int __init __driver##_init(void) \
      |                   ^~~~~~~~
drivers/w1/masters/ds2482.c:563:1: note: in expansion of macro ‘module_i2c_driver’
  563 | module_i2c_driver(ds2482_driver);
      | ^~~~~~~~~~~~~~~~~
  CC [M]  drivers/w1/masters/ds1wm.o
In file included from drivers/w1/masters/ds1wm.c:14:
./include/linux/module.h:132:6: warning: ‘init_module’ specifies less restrictive attribute than its target ‘ds1wm_init’: ‘cold’ [-Wmissing-attributes]
  132 |  int init_module(void) __attribute__((alias(#initfn)));
      |      ^~~~~~~~~~~
drivers/w1/masters/ds1wm.c:575:1: note: in expansion of macro ‘module_init’
  575 | module_init(ds1wm_init);
      | ^~~~~~~~~~~
drivers/w1/masters/ds1wm.c:564:19: note: ‘init_module’ target declared here
  564 | static int __init ds1wm_init(void)
      |                   ^~~~~~~~~~
In file included from drivers/w1/masters/ds1wm.c:14:
./include/linux/module.h:138:7: warning: ‘cleanup_module’ specifies less restrictive attribute than its target ‘ds1wm_exit’: ‘cold’ [-Wmissing-attributes]
  138 |  void cleanup_module(void) __attribute__((alias(#exitfn)));
      |       ^~~~~~~~~~~~~~
drivers/w1/masters/ds1wm.c:576:1: note: in expansion of macro ‘module_exit’
  576 | module_exit(ds1wm_exit);
      | ^~~~~~~~~~~
drivers/w1/masters/ds1wm.c:570:20: note: ‘cleanup_module’ target declared here
  570 | static void __exit ds1wm_exit(void)
      |                    ^~~~~~~~~~
  CC [M]  drivers/w1/masters/w1-gpio.o
In file included from drivers/w1/masters/w1-gpio.c:12:
./include/linux/module.h:138:7: warning: ‘cleanup_module’ specifies less restrictive attribute than its target ‘w1_gpio_driver_exit’: ‘cold’ [-Wmissing-attributes]
  138 |  void cleanup_module(void) __attribute__((alias(#exitfn)));
      |       ^~~~~~~~~~~~~~
./include/linux/device.h:1360:1: note: in expansion of macro ‘module_exit’
 1360 | module_exit(__driver##_exit);
      | ^~~~~~~~~~~
./include/linux/platform_device.h:228:2: note: in expansion of macro ‘module_driver’
  228 |  module_driver(__platform_driver, platform_driver_register, \
      |  ^~~~~~~~~~~~~
drivers/w1/masters/w1-gpio.c:290:1: note: in expansion of macro ‘module_platform_driver’
  290 | module_platform_driver(w1_gpio_driver);
      | ^~~~~~~~~~~~~~~~~~~~~~
In file included from ./include/linux/platform_device.h:14,
                 from drivers/w1/masters/w1-gpio.c:13:
drivers/w1/masters/w1-gpio.c:290:24: note: ‘cleanup_module’ target declared here
  290 | module_platform_driver(w1_gpio_driver);
      |                        ^~~~~~~~~~~~~~
./include/linux/device.h:1356:20: note: in definition of macro ‘module_driver’
 1356 | static void __exit __driver##_exit(void) \
      |                    ^~~~~~~~
drivers/w1/masters/w1-gpio.c:290:1: note: in expansion of macro ‘module_platform_driver’
  290 | module_platform_driver(w1_gpio_driver);
      | ^~~~~~~~~~~~~~~~~~~~~~
In file included from drivers/w1/masters/w1-gpio.c:12:
./include/linux/module.h:132:6: warning: ‘init_module’ specifies less restrictive attribute than its target ‘w1_gpio_driver_init’: ‘cold’ [-Wmissing-attributes]
  132 |  int init_module(void) __attribute__((alias(#initfn)));
      |      ^~~~~~~~~~~
./include/linux/device.h:1355:1: note: in expansion of macro ‘module_init’
 1355 | module_init(__driver##_init); \
      | ^~~~~~~~~~~
./include/linux/platform_device.h:228:2: note: in expansion of macro ‘module_driver’
  228 |  module_driver(__platform_driver, platform_driver_register, \
      |  ^~~~~~~~~~~~~
drivers/w1/masters/w1-gpio.c:290:1: note: in expansion of macro ‘module_platform_driver’
  290 | module_platform_driver(w1_gpio_driver);
      | ^~~~~~~~~~~~~~~~~~~~~~
In file included from ./include/linux/platform_device.h:14,
                 from drivers/w1/masters/w1-gpio.c:13:
drivers/w1/masters/w1-gpio.c:290:24: note: ‘init_module’ target declared here
  290 | module_platform_driver(w1_gpio_driver);
      |                        ^~~~~~~~~~~~~~
./include/linux/device.h:1351:19: note: in definition of macro ‘module_driver’
 1351 | static int __init __driver##_init(void) \
      |                   ^~~~~~~~
drivers/w1/masters/w1-gpio.c:290:1: note: in expansion of macro ‘module_platform_driver’
  290 | module_platform_driver(w1_gpio_driver);
      | ^~~~~~~~~~~~~~~~~~~~~~
  LD      drivers/w1/slaves/built-in.o
  CC [M]  drivers/w1/slaves/w1_therm.o
In file included from drivers/w1/slaves/w1_therm.c:25:
./include/linux/module.h:132:6: warning: ‘init_module’ specifies less restrictive attribute than its target ‘w1_therm_init’: ‘cold’ [-Wmissing-attributes]
  132 |  int init_module(void) __attribute__((alias(#initfn)));
      |      ^~~~~~~~~~~
drivers/w1/slaves/w1_therm.c:647:1: note: in expansion of macro ‘module_init’
  647 | module_init(w1_therm_init);
      | ^~~~~~~~~~~
drivers/w1/slaves/w1_therm.c:625:19: note: ‘init_module’ target declared here
  625 | static int __init w1_therm_init(void)
      |                   ^~~~~~~~~~~~~
In file included from drivers/w1/slaves/w1_therm.c:25:
./include/linux/module.h:138:7: warning: ‘cleanup_module’ specifies less restrictive attribute than its target ‘w1_therm_fini’: ‘cold’ [-Wmissing-attributes]
  138 |  void cleanup_module(void) __attribute__((alias(#exitfn)));
      |       ^~~~~~~~~~~~~~
drivers/w1/slaves/w1_therm.c:648:1: note: in expansion of macro ‘module_exit’
  648 | module_exit(w1_therm_fini);
      | ^~~~~~~~~~~
drivers/w1/slaves/w1_therm.c:638:20: note: ‘cleanup_module’ target declared here
  638 | static void __exit w1_therm_fini(void)
      |                    ^~~~~~~~~~~~~
  CC [M]  drivers/w1/slaves/w1_smem.o
In file included from drivers/w1/slaves/w1_smem.c:25:
./include/linux/module.h:132:6: warning: ‘init_module’ specifies less restrictive attribute than its target ‘w1_smem_init’: ‘cold’ [-Wmissing-attributes]
  132 |  int init_module(void) __attribute__((alias(#initfn)));
      |      ^~~~~~~~~~~
drivers/w1/slaves/w1_smem.c:71:1: note: in expansion of macro ‘module_init’
   71 | module_init(w1_smem_init);
      | ^~~~~~~~~~~
drivers/w1/slaves/w1_smem.c:48:19: note: ‘init_module’ target declared here
   48 | static int __init w1_smem_init(void)
      |                   ^~~~~~~~~~~~
In file included from drivers/w1/slaves/w1_smem.c:25:
./include/linux/module.h:138:7: warning: ‘cleanup_module’ specifies less restrictive attribute than its target ‘w1_smem_fini’: ‘cold’ [-Wmissing-attributes]
  138 |  void cleanup_module(void) __attribute__((alias(#exitfn)));
      |       ^~~~~~~~~~~~~~
drivers/w1/slaves/w1_smem.c:72:1: note: in expansion of macro ‘module_exit’
   72 | module_exit(w1_smem_fini);
      | ^~~~~~~~~~~
drivers/w1/slaves/w1_smem.c:65:20: note: ‘cleanup_module’ target declared here
   65 | static void __exit w1_smem_fini(void)
      |                    ^~~~~~~~~~~~
  CC [M]  drivers/w1/slaves/w1_ds2408.o
In file included from drivers/w1/slaves/w1_ds2408.c:11:
./include/linux/module.h:132:6: warning: ‘init_module’ specifies less restrictive attribute than its target ‘w1_family_29_init’: ‘cold’ [-Wmissing-attributes]
  132 |  int init_module(void) __attribute__((alias(#initfn)));
      |      ^~~~~~~~~~~
./include/linux/device.h:1355:1: note: in expansion of macro ‘module_init’
 1355 | module_init(__driver##_init); \
      | ^~~~~~~~~~~
drivers/w1/slaves/../w1_family.h:101:2: note: in expansion of macro ‘module_driver’
  101 |  module_driver(__w1_family, w1_register_family, \
      |  ^~~~~~~~~~~~~
drivers/w1/slaves/w1_ds2408.c:354:1: note: in expansion of macro ‘module_w1_family’
  354 | module_w1_family(w1_family_29);
      | ^~~~~~~~~~~~~~~~
In file included from drivers/w1/slaves/w1_ds2408.c:13:
drivers/w1/slaves/w1_ds2408.c:354:18: note: ‘init_module’ target declared here
  354 | module_w1_family(w1_family_29);
      |                  ^~~~~~~~~~~~
./include/linux/device.h:1351:19: note: in definition of macro ‘module_driver’
 1351 | static int __init __driver##_init(void) \
      |                   ^~~~~~~~
drivers/w1/slaves/w1_ds2408.c:354:1: note: in expansion of macro ‘module_w1_family’
  354 | module_w1_family(w1_family_29);
      | ^~~~~~~~~~~~~~~~
In file included from drivers/w1/slaves/w1_ds2408.c:11:
./include/linux/module.h:138:7: warning: ‘cleanup_module’ specifies less restrictive attribute than its target ‘w1_family_29_exit’: ‘cold’ [-Wmissing-attributes]
  138 |  void cleanup_module(void) __attribute__((alias(#exitfn)));
      |       ^~~~~~~~~~~~~~
./include/linux/device.h:1360:1: note: in expansion of macro ‘module_exit’
 1360 | module_exit(__driver##_exit);
      | ^~~~~~~~~~~
drivers/w1/slaves/../w1_family.h:101:2: note: in expansion of macro ‘module_driver’
  101 |  module_driver(__w1_family, w1_register_family, \
      |  ^~~~~~~~~~~~~
drivers/w1/slaves/w1_ds2408.c:354:1: note: in expansion of macro ‘module_w1_family’
  354 | module_w1_family(w1_family_29);
      | ^~~~~~~~~~~~~~~~
In file included from drivers/w1/slaves/w1_ds2408.c:13:
drivers/w1/slaves/w1_ds2408.c:354:18: note: ‘cleanup_module’ target declared here
  354 | module_w1_family(w1_family_29);
      |                  ^~~~~~~~~~~~
./include/linux/device.h:1356:20: note: in definition of macro ‘module_driver’
 1356 | static void __exit __driver##_exit(void) \
      |                    ^~~~~~~~
drivers/w1/slaves/w1_ds2408.c:354:1: note: in expansion of macro ‘module_w1_family’
  354 | module_w1_family(w1_family_29);
      | ^~~~~~~~~~~~~~~~
  CC [M]  drivers/w1/slaves/w1_ds2413.o
In file included from drivers/w1/slaves/w1_ds2413.c:12:
./include/linux/module.h:132:6: warning: ‘init_module’ specifies less restrictive attribute than its target ‘w1_family_3a_init’: ‘cold’ [-Wmissing-attributes]
  132 |  int init_module(void) __attribute__((alias(#initfn)));
      |      ^~~~~~~~~~~
./include/linux/device.h:1355:1: note: in expansion of macro ‘module_init’
 1355 | module_init(__driver##_init); \
      | ^~~~~~~~~~~
drivers/w1/slaves/../w1_family.h:101:2: note: in expansion of macro ‘module_driver’
  101 |  module_driver(__w1_family, w1_register_family, \
      |  ^~~~~~~~~~~~~
drivers/w1/slaves/w1_ds2413.c:138:1: note: in expansion of macro ‘module_w1_family’
  138 | module_w1_family(w1_family_3a);
      | ^~~~~~~~~~~~~~~~
In file included from drivers/w1/slaves/w1_ds2413.c:14:
drivers/w1/slaves/w1_ds2413.c:138:18: note: ‘init_module’ target declared here
  138 | module_w1_family(w1_family_3a);
      |                  ^~~~~~~~~~~~
./include/linux/device.h:1351:19: note: in definition of macro ‘module_driver’
 1351 | static int __init __driver##_init(void) \
      |                   ^~~~~~~~
drivers/w1/slaves/w1_ds2413.c:138:1: note: in expansion of macro ‘module_w1_family’
  138 | module_w1_family(w1_family_3a);
      | ^~~~~~~~~~~~~~~~
In file included from drivers/w1/slaves/w1_ds2413.c:12:
./include/linux/module.h:138:7: warning: ‘cleanup_module’ specifies less restrictive attribute than its target ‘w1_family_3a_exit’: ‘cold’ [-Wmissing-attributes]
  138 |  void cleanup_module(void) __attribute__((alias(#exitfn)));
      |       ^~~~~~~~~~~~~~
./include/linux/device.h:1360:1: note: in expansion of macro ‘module_exit’
 1360 | module_exit(__driver##_exit);
      | ^~~~~~~~~~~
drivers/w1/slaves/../w1_family.h:101:2: note: in expansion of macro ‘module_driver’
  101 |  module_driver(__w1_family, w1_register_family, \
      |  ^~~~~~~~~~~~~
drivers/w1/slaves/w1_ds2413.c:138:1: note: in expansion of macro ‘module_w1_family’
  138 | module_w1_family(w1_family_3a);
      | ^~~~~~~~~~~~~~~~
In file included from drivers/w1/slaves/w1_ds2413.c:14:
drivers/w1/slaves/w1_ds2413.c:138:18: note: ‘cleanup_module’ target declared here
  138 | module_w1_family(w1_family_3a);
      |                  ^~~~~~~~~~~~
./include/linux/device.h:1356:20: note: in definition of macro ‘module_driver’
 1356 | static void __exit __driver##_exit(void) \
      |                    ^~~~~~~~
drivers/w1/slaves/w1_ds2413.c:138:1: note: in expansion of macro ‘module_w1_family’
  138 | module_w1_family(w1_family_3a);
      | ^~~~~~~~~~~~~~~~
  CC [M]  drivers/w1/slaves/w1_ds2406.o
In file included from drivers/w1/slaves/w1_ds2406.c:12:
./include/linux/module.h:132:6: warning: ‘init_module’ specifies less restrictive attribute than its target ‘w1_family_12_init’: ‘cold’ [-Wmissing-attributes]
  132 |  int init_module(void) __attribute__((alias(#initfn)));
      |      ^~~~~~~~~~~
./include/linux/device.h:1355:1: note: in expansion of macro ‘module_init’
 1355 | module_init(__driver##_init); \
      | ^~~~~~~~~~~
drivers/w1/slaves/../w1_family.h:101:2: note: in expansion of macro ‘module_driver’
  101 |  module_driver(__w1_family, w1_register_family, \
      |  ^~~~~~~~~~~~~
drivers/w1/slaves/w1_ds2406.c:156:1: note: in expansion of macro ‘module_w1_family’
  156 | module_w1_family(w1_family_12);
      | ^~~~~~~~~~~~~~~~
In file included from drivers/w1/slaves/w1_ds2406.c:14:
drivers/w1/slaves/w1_ds2406.c:156:18: note: ‘init_module’ target declared here
  156 | module_w1_family(w1_family_12);
      |                  ^~~~~~~~~~~~
./include/linux/device.h:1351:19: note: in definition of macro ‘module_driver’
 1351 | static int __init __driver##_init(void) \
      |                   ^~~~~~~~
drivers/w1/slaves/w1_ds2406.c:156:1: note: in expansion of macro ‘module_w1_family’
  156 | module_w1_family(w1_family_12);
      | ^~~~~~~~~~~~~~~~
In file included from drivers/w1/slaves/w1_ds2406.c:12:
./include/linux/module.h:138:7: warning: ‘cleanup_module’ specifies less restrictive attribute than its target ‘w1_family_12_exit’: ‘cold’ [-Wmissing-attributes]
  138 |  void cleanup_module(void) __attribute__((alias(#exitfn)));
      |       ^~~~~~~~~~~~~~
./include/linux/device.h:1360:1: note: in expansion of macro ‘module_exit’
 1360 | module_exit(__driver##_exit);
      | ^~~~~~~~~~~
drivers/w1/slaves/../w1_family.h:101:2: note: in expansion of macro ‘module_driver’
  101 |  module_driver(__w1_family, w1_register_family, \
      |  ^~~~~~~~~~~~~
drivers/w1/slaves/w1_ds2406.c:156:1: note: in expansion of macro ‘module_w1_family’
  156 | module_w1_family(w1_family_12);
      | ^~~~~~~~~~~~~~~~
In file included from drivers/w1/slaves/w1_ds2406.c:14:
drivers/w1/slaves/w1_ds2406.c:156:18: note: ‘cleanup_module’ target declared here
  156 | module_w1_family(w1_family_12);
      |                  ^~~~~~~~~~~~
./include/linux/device.h:1356:20: note: in definition of macro ‘module_driver’
 1356 | static void __exit __driver##_exit(void) \
      |                    ^~~~~~~~
drivers/w1/slaves/w1_ds2406.c:156:1: note: in expansion of macro ‘module_w1_family’
  156 | module_w1_family(w1_family_12);
      | ^~~~~~~~~~~~~~~~
  CC [M]  drivers/w1/slaves/w1_ds2423.o
In file included from drivers/w1/slaves/w1_ds2423.c:26:
./include/linux/module.h:132:6: warning: ‘init_module’ specifies less restrictive attribute than its target ‘w1_family_1d_init’: ‘cold’ [-Wmissing-attributes]
  132 |  int init_module(void) __attribute__((alias(#initfn)));
      |      ^~~~~~~~~~~
./include/linux/device.h:1355:1: note: in expansion of macro ‘module_init’
 1355 | module_init(__driver##_init); \
      | ^~~~~~~~~~~
drivers/w1/slaves/../w1_family.h:101:2: note: in expansion of macro ‘module_driver’
  101 |  module_driver(__w1_family, w1_register_family, \
      |  ^~~~~~~~~~~~~
drivers/w1/slaves/w1_ds2423.c:141:1: note: in expansion of macro ‘module_w1_family’
  141 | module_w1_family(w1_family_1d);
      | ^~~~~~~~~~~~~~~~
In file included from drivers/w1/slaves/w1_ds2423.c:28:
drivers/w1/slaves/w1_ds2423.c:141:18: note: ‘init_module’ target declared here
  141 | module_w1_family(w1_family_1d);
      |                  ^~~~~~~~~~~~
./include/linux/device.h:1351:19: note: in definition of macro ‘module_driver’
 1351 | static int __init __driver##_init(void) \
      |                   ^~~~~~~~
drivers/w1/slaves/w1_ds2423.c:141:1: note: in expansion of macro ‘module_w1_family’
  141 | module_w1_family(w1_family_1d);
      | ^~~~~~~~~~~~~~~~
In file included from drivers/w1/slaves/w1_ds2423.c:26:
./include/linux/module.h:138:7: warning: ‘cleanup_module’ specifies less restrictive attribute than its target ‘w1_family_1d_exit’: ‘cold’ [-Wmissing-attributes]
  138 |  void cleanup_module(void) __attribute__((alias(#exitfn)));
      |       ^~~~~~~~~~~~~~
./include/linux/device.h:1360:1: note: in expansion of macro ‘module_exit’
 1360 | module_exit(__driver##_exit);
      | ^~~~~~~~~~~
drivers/w1/slaves/../w1_family.h:101:2: note: in expansion of macro ‘module_driver’
  101 |  module_driver(__w1_family, w1_register_family, \
      |  ^~~~~~~~~~~~~
drivers/w1/slaves/w1_ds2423.c:141:1: note: in expansion of macro ‘module_w1_family’
  141 | module_w1_family(w1_family_1d);
      | ^~~~~~~~~~~~~~~~
In file included from drivers/w1/slaves/w1_ds2423.c:28:
drivers/w1/slaves/w1_ds2423.c:141:18: note: ‘cleanup_module’ target declared here
  141 | module_w1_family(w1_family_1d);
      |                  ^~~~~~~~~~~~
./include/linux/device.h:1356:20: note: in definition of macro ‘module_driver’
 1356 | static void __exit __driver##_exit(void) \
      |                    ^~~~~~~~
drivers/w1/slaves/w1_ds2423.c:141:1: note: in expansion of macro ‘module_w1_family’
  141 | module_w1_family(w1_family_1d);
      | ^~~~~~~~~~~~~~~~
  CC [M]  drivers/w1/slaves/w1_ds2431.o
In file included from drivers/w1/slaves/w1_ds2431.c:13:
./include/linux/module.h:132:6: warning: ‘init_module’ specifies less restrictive attribute than its target ‘w1_family_2d_init’: ‘cold’ [-Wmissing-attributes]
  132 |  int init_module(void) __attribute__((alias(#initfn)));
      |      ^~~~~~~~~~~
./include/linux/device.h:1355:1: note: in expansion of macro ‘module_init’
 1355 | module_init(__driver##_init); \
      | ^~~~~~~~~~~
drivers/w1/slaves/../w1_family.h:101:2: note: in expansion of macro ‘module_driver’
  101 |  module_driver(__w1_family, w1_register_family, \
      |  ^~~~~~~~~~~~~
drivers/w1/slaves/w1_ds2431.c:291:1: note: in expansion of macro ‘module_w1_family’
  291 | module_w1_family(w1_family_2d);
      | ^~~~~~~~~~~~~~~~
In file included from drivers/w1/slaves/w1_ds2431.c:15:
drivers/w1/slaves/w1_ds2431.c:291:18: note: ‘init_module’ target declared here
  291 | module_w1_family(w1_family_2d);
      |                  ^~~~~~~~~~~~
./include/linux/device.h:1351:19: note: in definition of macro ‘module_driver’
 1351 | static int __init __driver##_init(void) \
      |                   ^~~~~~~~
drivers/w1/slaves/w1_ds2431.c:291:1: note: in expansion of macro ‘module_w1_family’
  291 | module_w1_family(w1_family_2d);
      | ^~~~~~~~~~~~~~~~
In file included from drivers/w1/slaves/w1_ds2431.c:13:
./include/linux/module.h:138:7: warning: ‘cleanup_module’ specifies less restrictive attribute than its target ‘w1_family_2d_exit’: ‘cold’ [-Wmissing-attributes]
  138 |  void cleanup_module(void) __attribute__((alias(#exitfn)));
      |       ^~~~~~~~~~~~~~
./include/linux/device.h:1360:1: note: in expansion of macro ‘module_exit’
 1360 | module_exit(__driver##_exit);
      | ^~~~~~~~~~~
drivers/w1/slaves/../w1_family.h:101:2: note: in expansion of macro ‘module_driver’
  101 |  module_driver(__w1_family, w1_register_family, \
      |  ^~~~~~~~~~~~~
drivers/w1/slaves/w1_ds2431.c:291:1: note: in expansion of macro ‘module_w1_family’
  291 | module_w1_family(w1_family_2d);
      | ^~~~~~~~~~~~~~~~
In file included from drivers/w1/slaves/w1_ds2431.c:15:
drivers/w1/slaves/w1_ds2431.c:291:18: note: ‘cleanup_module’ target declared here
  291 | module_w1_family(w1_family_2d);
      |                  ^~~~~~~~~~~~
./include/linux/device.h:1356:20: note: in definition of macro ‘module_driver’
 1356 | static void __exit __driver##_exit(void) \
      |                    ^~~~~~~~
drivers/w1/slaves/w1_ds2431.c:291:1: note: in expansion of macro ‘module_w1_family’
  291 | module_w1_family(w1_family_2d);
      | ^~~~~~~~~~~~~~~~
  CC [M]  drivers/w1/slaves/w1_ds2433.o
In file included from drivers/w1/slaves/w1_ds2433.c:11:
./include/linux/module.h:132:6: warning: ‘init_module’ specifies less restrictive attribute than its target ‘w1_family_23_init’: ‘cold’ [-Wmissing-attributes]
  132 |  int init_module(void) __attribute__((alias(#initfn)));
      |      ^~~~~~~~~~~
./include/linux/device.h:1355:1: note: in expansion of macro ‘module_init’
 1355 | module_init(__driver##_init); \
      | ^~~~~~~~~~~
drivers/w1/slaves/../w1_family.h:101:2: note: in expansion of macro ‘module_driver’
  101 |  module_driver(__w1_family, w1_register_family, \
      |  ^~~~~~~~~~~~~
drivers/w1/slaves/w1_ds2433.c:308:1: note: in expansion of macro ‘module_w1_family’
  308 | module_w1_family(w1_family_23);
      | ^~~~~~~~~~~~~~~~
In file included from drivers/w1/slaves/w1_ds2433.c:13:
drivers/w1/slaves/w1_ds2433.c:308:18: note: ‘init_module’ target declared here
  308 | module_w1_family(w1_family_23);
      |                  ^~~~~~~~~~~~
./include/linux/device.h:1351:19: note: in definition of macro ‘module_driver’
 1351 | static int __init __driver##_init(void) \
      |                   ^~~~~~~~
drivers/w1/slaves/w1_ds2433.c:308:1: note: in expansion of macro ‘module_w1_family’
  308 | module_w1_family(w1_family_23);
      | ^~~~~~~~~~~~~~~~
In file included from drivers/w1/slaves/w1_ds2433.c:11:
./include/linux/module.h:138:7: warning: ‘cleanup_module’ specifies less restrictive attribute than its target ‘w1_family_23_exit’: ‘cold’ [-Wmissing-attributes]
  138 |  void cleanup_module(void) __attribute__((alias(#exitfn)));
      |       ^~~~~~~~~~~~~~
./include/linux/device.h:1360:1: note: in expansion of macro ‘module_exit’
 1360 | module_exit(__driver##_exit);
      | ^~~~~~~~~~~
drivers/w1/slaves/../w1_family.h:101:2: note: in expansion of macro ‘module_driver’
  101 |  module_driver(__w1_family, w1_register_family, \
      |  ^~~~~~~~~~~~~
drivers/w1/slaves/w1_ds2433.c:308:1: note: in expansion of macro ‘module_w1_family’
  308 | module_w1_family(w1_family_23);
      | ^~~~~~~~~~~~~~~~
In file included from drivers/w1/slaves/w1_ds2433.c:13:
drivers/w1/slaves/w1_ds2433.c:308:18: note: ‘cleanup_module’ target declared here
  308 | module_w1_family(w1_family_23);
      |                  ^~~~~~~~~~~~
./include/linux/device.h:1356:20: note: in definition of macro ‘module_driver’
 1356 | static void __exit __driver##_exit(void) \
      |                    ^~~~~~~~
drivers/w1/slaves/w1_ds2433.c:308:1: note: in expansion of macro ‘module_w1_family’
  308 | module_w1_family(w1_family_23);
      | ^~~~~~~~~~~~~~~~
  CC [M]  drivers/w1/slaves/w1_ds2438.o
In file included from drivers/w1/slaves/w1_ds2438.c:11:
./include/linux/module.h:132:6: warning: ‘init_module’ specifies less restrictive attribute than its target ‘w1_ds2438_family_init’: ‘cold’ [-Wmissing-attributes]
  132 |  int init_module(void) __attribute__((alias(#initfn)));
      |      ^~~~~~~~~~~
./include/linux/device.h:1355:1: note: in expansion of macro ‘module_init’
 1355 | module_init(__driver##_init); \
      | ^~~~~~~~~~~
drivers/w1/slaves/../w1_family.h:101:2: note: in expansion of macro ‘module_driver’
  101 |  module_driver(__w1_family, w1_register_family, \
      |  ^~~~~~~~~~~~~
drivers/w1/slaves/w1_ds2438.c:385:1: note: in expansion of macro ‘module_w1_family’
  385 | module_w1_family(w1_ds2438_family);
      | ^~~~~~~~~~~~~~~~
In file included from drivers/w1/slaves/w1_ds2438.c:12:
drivers/w1/slaves/w1_ds2438.c:385:18: note: ‘init_module’ target declared here
  385 | module_w1_family(w1_ds2438_family);
      |                  ^~~~~~~~~~~~~~~~
./include/linux/device.h:1351:19: note: in definition of macro ‘module_driver’
 1351 | static int __init __driver##_init(void) \
      |                   ^~~~~~~~
drivers/w1/slaves/w1_ds2438.c:385:1: note: in expansion of macro ‘module_w1_family’
  385 | module_w1_family(w1_ds2438_family);
      | ^~~~~~~~~~~~~~~~
In file included from drivers/w1/slaves/w1_ds2438.c:11:
./include/linux/module.h:138:7: warning: ‘cleanup_module’ specifies less restrictive attribute than its target ‘w1_ds2438_family_exit’: ‘cold’ [-Wmissing-attributes]
  138 |  void cleanup_module(void) __attribute__((alias(#exitfn)));
      |       ^~~~~~~~~~~~~~
./include/linux/device.h:1360:1: note: in expansion of macro ‘module_exit’
 1360 | module_exit(__driver##_exit);
      | ^~~~~~~~~~~
drivers/w1/slaves/../w1_family.h:101:2: note: in expansion of macro ‘module_driver’
  101 |  module_driver(__w1_family, w1_register_family, \
      |  ^~~~~~~~~~~~~
drivers/w1/slaves/w1_ds2438.c:385:1: note: in expansion of macro ‘module_w1_family’
  385 | module_w1_family(w1_ds2438_family);
      | ^~~~~~~~~~~~~~~~
In file included from drivers/w1/slaves/w1_ds2438.c:12:
drivers/w1/slaves/w1_ds2438.c:385:18: note: ‘cleanup_module’ target declared here
  385 | module_w1_family(w1_ds2438_family);
      |                  ^~~~~~~~~~~~~~~~
./include/linux/device.h:1356:20: note: in definition of macro ‘module_driver’
 1356 | static void __exit __driver##_exit(void) \
      |                    ^~~~~~~~
drivers/w1/slaves/w1_ds2438.c:385:1: note: in expansion of macro ‘module_w1_family’
  385 | module_w1_family(w1_ds2438_family);
      | ^~~~~~~~~~~~~~~~
  CC [M]  drivers/w1/slaves/w1_ds2760.o
In file included from drivers/w1/slaves/w1_ds2760.c:13:
./include/linux/module.h:132:6: warning: ‘init_module’ specifies less restrictive attribute than its target ‘w1_ds2760_family_init’: ‘cold’ [-Wmissing-attributes]
  132 |  int init_module(void) __attribute__((alias(#initfn)));
      |      ^~~~~~~~~~~
./include/linux/device.h:1355:1: note: in expansion of macro ‘module_init’
 1355 | module_init(__driver##_init); \
      | ^~~~~~~~~~~
drivers/w1/slaves/../w1_family.h:101:2: note: in expansion of macro ‘module_driver’
  101 |  module_driver(__w1_family, w1_register_family, \
      |  ^~~~~~~~~~~~~
drivers/w1/slaves/w1_ds2760.c:165:1: note: in expansion of macro ‘module_w1_family’
  165 | module_w1_family(w1_ds2760_family);
      | ^~~~~~~~~~~~~~~~
In file included from drivers/w1/slaves/w1_ds2760.c:14:
drivers/w1/slaves/w1_ds2760.c:165:18: note: ‘init_module’ target declared here
  165 | module_w1_family(w1_ds2760_family);
      |                  ^~~~~~~~~~~~~~~~
./include/linux/device.h:1351:19: note: in definition of macro ‘module_driver’
 1351 | static int __init __driver##_init(void) \
      |                   ^~~~~~~~
drivers/w1/slaves/w1_ds2760.c:165:1: note: in expansion of macro ‘module_w1_family’
  165 | module_w1_family(w1_ds2760_family);
      | ^~~~~~~~~~~~~~~~
In file included from drivers/w1/slaves/w1_ds2760.c:13:
./include/linux/module.h:138:7: warning: ‘cleanup_module’ specifies less restrictive attribute than its target ‘w1_ds2760_family_exit’: ‘cold’ [-Wmissing-attributes]
  138 |  void cleanup_module(void) __attribute__((alias(#exitfn)));
      |       ^~~~~~~~~~~~~~
./include/linux/device.h:1360:1: note: in expansion of macro ‘module_exit’
 1360 | module_exit(__driver##_exit);
      | ^~~~~~~~~~~
drivers/w1/slaves/../w1_family.h:101:2: note: in expansion of macro ‘module_driver’
  101 |  module_driver(__w1_family, w1_register_family, \
      |  ^~~~~~~~~~~~~
drivers/w1/slaves/w1_ds2760.c:165:1: note: in expansion of macro ‘module_w1_family’
  165 | module_w1_family(w1_ds2760_family);
      | ^~~~~~~~~~~~~~~~
In file included from drivers/w1/slaves/w1_ds2760.c:14:
drivers/w1/slaves/w1_ds2760.c:165:18: note: ‘cleanup_module’ target declared here
  165 | module_w1_family(w1_ds2760_family);
      |                  ^~~~~~~~~~~~~~~~
./include/linux/device.h:1356:20: note: in definition of macro ‘module_driver’
 1356 | static void __exit __driver##_exit(void) \
      |                    ^~~~~~~~
drivers/w1/slaves/w1_ds2760.c:165:1: note: in expansion of macro ‘module_w1_family’
  165 | module_w1_family(w1_ds2760_family);
      | ^~~~~~~~~~~~~~~~
  CC [M]  drivers/w1/slaves/w1_ds2780.o
In file included from drivers/w1/slaves/w1_ds2780.c:17:
./include/linux/module.h:132:6: warning: ‘init_module’ specifies less restrictive attribute than its target ‘w1_ds2780_family_init’: ‘cold’ [-Wmissing-attributes]
  132 |  int init_module(void) __attribute__((alias(#initfn)));
      |      ^~~~~~~~~~~
./include/linux/device.h:1355:1: note: in expansion of macro ‘module_init’
 1355 | module_init(__driver##_init); \
      | ^~~~~~~~~~~
drivers/w1/slaves/../w1_family.h:101:2: note: in expansion of macro ‘module_driver’
  101 |  module_driver(__w1_family, w1_register_family, \
      |  ^~~~~~~~~~~~~
drivers/w1/slaves/w1_ds2780.c:157:1: note: in expansion of macro ‘module_w1_family’
  157 | module_w1_family(w1_ds2780_family);
      | ^~~~~~~~~~~~~~~~
In file included from drivers/w1/slaves/w1_ds2780.c:18:
drivers/w1/slaves/w1_ds2780.c:157:18: note: ‘init_module’ target declared here
  157 | module_w1_family(w1_ds2780_family);
      |                  ^~~~~~~~~~~~~~~~
./include/linux/device.h:1351:19: note: in definition of macro ‘module_driver’
 1351 | static int __init __driver##_init(void) \
      |                   ^~~~~~~~
drivers/w1/slaves/w1_ds2780.c:157:1: note: in expansion of macro ‘module_w1_family’
  157 | module_w1_family(w1_ds2780_family);
      | ^~~~~~~~~~~~~~~~
In file included from drivers/w1/slaves/w1_ds2780.c:17:
./include/linux/module.h:138:7: warning: ‘cleanup_module’ specifies less restrictive attribute than its target ‘w1_ds2780_family_exit’: ‘cold’ [-Wmissing-attributes]
  138 |  void cleanup_module(void) __attribute__((alias(#exitfn)));
      |       ^~~~~~~~~~~~~~
./include/linux/device.h:1360:1: note: in expansion of macro ‘module_exit’
 1360 | module_exit(__driver##_exit);
      | ^~~~~~~~~~~
drivers/w1/slaves/../w1_family.h:101:2: note: in expansion of macro ‘module_driver’
  101 |  module_driver(__w1_family, w1_register_family, \
      |  ^~~~~~~~~~~~~
drivers/w1/slaves/w1_ds2780.c:157:1: note: in expansion of macro ‘module_w1_family’
  157 | module_w1_family(w1_ds2780_family);
      | ^~~~~~~~~~~~~~~~
In file included from drivers/w1/slaves/w1_ds2780.c:18:
drivers/w1/slaves/w1_ds2780.c:157:18: note: ‘cleanup_module’ target declared here
  157 | module_w1_family(w1_ds2780_family);
      |                  ^~~~~~~~~~~~~~~~
./include/linux/device.h:1356:20: note: in definition of macro ‘module_driver’
 1356 | static void __exit __driver##_exit(void) \
      |                    ^~~~~~~~
drivers/w1/slaves/w1_ds2780.c:157:1: note: in expansion of macro ‘module_w1_family’
  157 | module_w1_family(w1_ds2780_family);
      | ^~~~~~~~~~~~~~~~
  CC [M]  drivers/w1/slaves/w1_ds2781.o
In file included from drivers/w1/slaves/w1_ds2781.c:15:
./include/linux/module.h:132:6: warning: ‘init_module’ specifies less restrictive attribute than its target ‘w1_ds2781_family_init’: ‘cold’ [-Wmissing-attributes]
  132 |  int init_module(void) __attribute__((alias(#initfn)));
      |      ^~~~~~~~~~~
./include/linux/device.h:1355:1: note: in expansion of macro ‘module_init’
 1355 | module_init(__driver##_init); \
      | ^~~~~~~~~~~
drivers/w1/slaves/../w1_family.h:101:2: note: in expansion of macro ‘module_driver’
  101 |  module_driver(__w1_family, w1_register_family, \
      |  ^~~~~~~~~~~~~
drivers/w1/slaves/w1_ds2781.c:154:1: note: in expansion of macro ‘module_w1_family’
  154 | module_w1_family(w1_ds2781_family);
      | ^~~~~~~~~~~~~~~~
In file included from drivers/w1/slaves/w1_ds2781.c:16:
drivers/w1/slaves/w1_ds2781.c:154:18: note: ‘init_module’ target declared here
  154 | module_w1_family(w1_ds2781_family);
      |                  ^~~~~~~~~~~~~~~~
./include/linux/device.h:1351:19: note: in definition of macro ‘module_driver’
 1351 | static int __init __driver##_init(void) \
      |                   ^~~~~~~~
drivers/w1/slaves/w1_ds2781.c:154:1: note: in expansion of macro ‘module_w1_family’
  154 | module_w1_family(w1_ds2781_family);
      | ^~~~~~~~~~~~~~~~
In file included from drivers/w1/slaves/w1_ds2781.c:15:
./include/linux/module.h:138:7: warning: ‘cleanup_module’ specifies less restrictive attribute than its target ‘w1_ds2781_family_exit’: ‘cold’ [-Wmissing-attributes]
  138 |  void cleanup_module(void) __attribute__((alias(#exitfn)));
      |       ^~~~~~~~~~~~~~
./include/linux/device.h:1360:1: note: in expansion of macro ‘module_exit’
 1360 | module_exit(__driver##_exit);
      | ^~~~~~~~~~~
drivers/w1/slaves/../w1_family.h:101:2: note: in expansion of macro ‘module_driver’
  101 |  module_driver(__w1_family, w1_register_family, \
      |  ^~~~~~~~~~~~~
drivers/w1/slaves/w1_ds2781.c:154:1: note: in expansion of macro ‘module_w1_family’
  154 | module_w1_family(w1_ds2781_family);
      | ^~~~~~~~~~~~~~~~
In file included from drivers/w1/slaves/w1_ds2781.c:16:
drivers/w1/slaves/w1_ds2781.c:154:18: note: ‘cleanup_module’ target declared here
  154 | module_w1_family(w1_ds2781_family);
      |                  ^~~~~~~~~~~~~~~~
./include/linux/device.h:1356:20: note: in definition of macro ‘module_driver’
 1356 | static void __exit __driver##_exit(void) \
      |                    ^~~~~~~~
drivers/w1/slaves/w1_ds2781.c:154:1: note: in expansion of macro ‘module_w1_family’
  154 | module_w1_family(w1_ds2781_family);
      | ^~~~~~~~~~~~~~~~
  CC [M]  drivers/w1/slaves/w1_bq27000.o
In file included from drivers/w1/slaves/w1_bq27000.c:13:
./include/linux/module.h:132:6: warning: ‘init_module’ specifies less restrictive attribute than its target ‘w1_bq27000_init’: ‘cold’ [-Wmissing-attributes]
  132 |  int init_module(void) __attribute__((alias(#initfn)));
      |      ^~~~~~~~~~~
drivers/w1/slaves/w1_bq27000.c:110:1: note: in expansion of macro ‘module_init’
  110 | module_init(w1_bq27000_init);
      | ^~~~~~~~~~~
drivers/w1/slaves/w1_bq27000.c:96:19: note: ‘init_module’ target declared here
   96 | static int __init w1_bq27000_init(void)
      |                   ^~~~~~~~~~~~~~~
In file included from drivers/w1/slaves/w1_bq27000.c:13:
./include/linux/module.h:138:7: warning: ‘cleanup_module’ specifies less restrictive attribute than its target ‘w1_bq27000_exit’: ‘cold’ [-Wmissing-attributes]
  138 |  void cleanup_module(void) __attribute__((alias(#exitfn)));
      |       ^~~~~~~~~~~~~~
drivers/w1/slaves/w1_bq27000.c:111:1: note: in expansion of macro ‘module_exit’
  111 | module_exit(w1_bq27000_exit);
      | ^~~~~~~~~~~
drivers/w1/slaves/w1_bq27000.c:104:20: note: ‘cleanup_module’ target declared here
  104 | static void __exit w1_bq27000_exit(void)
      |                    ^~~~~~~~~~~~~~~
  CC [M]  drivers/w1/slaves/w1_ds28e04.o
In file included from drivers/w1/slaves/w1_ds28e04.c:11:
./include/linux/module.h:132:6: warning: ‘init_module’ specifies less restrictive attribute than its target ‘w1_family_1C_init’: ‘cold’ [-Wmissing-attributes]
  132 |  int init_module(void) __attribute__((alias(#initfn)));
      |      ^~~~~~~~~~~
./include/linux/device.h:1355:1: note: in expansion of macro ‘module_init’
 1355 | module_init(__driver##_init); \
      | ^~~~~~~~~~~
drivers/w1/slaves/../w1_family.h:101:2: note: in expansion of macro ‘module_driver’
  101 |  module_driver(__w1_family, w1_register_family, \
      |  ^~~~~~~~~~~~~
drivers/w1/slaves/w1_ds28e04.c:430:1: note: in expansion of macro ‘module_w1_family’
  430 | module_w1_family(w1_family_1C);
      | ^~~~~~~~~~~~~~~~
In file included from drivers/w1/slaves/w1_ds28e04.c:13:
drivers/w1/slaves/w1_ds28e04.c:430:18: note: ‘init_module’ target declared here
  430 | module_w1_family(w1_family_1C);
      |                  ^~~~~~~~~~~~
./include/linux/device.h:1351:19: note: in definition of macro ‘module_driver’
 1351 | static int __init __driver##_init(void) \
      |                   ^~~~~~~~
drivers/w1/slaves/w1_ds28e04.c:430:1: note: in expansion of macro ‘module_w1_family’
  430 | module_w1_family(w1_family_1C);
      | ^~~~~~~~~~~~~~~~
In file included from drivers/w1/slaves/w1_ds28e04.c:11:
./include/linux/module.h:138:7: warning: ‘cleanup_module’ specifies less restrictive attribute than its target ‘w1_family_1C_exit’: ‘cold’ [-Wmissing-attributes]
  138 |  void cleanup_module(void) __attribute__((alias(#exitfn)));
      |       ^~~~~~~~~~~~~~
./include/linux/device.h:1360:1: note: in expansion of macro ‘module_exit’
 1360 | module_exit(__driver##_exit);
      | ^~~~~~~~~~~
drivers/w1/slaves/../w1_family.h:101:2: note: in expansion of macro ‘module_driver’
  101 |  module_driver(__w1_family, w1_register_family, \
      |  ^~~~~~~~~~~~~
drivers/w1/slaves/w1_ds28e04.c:430:1: note: in expansion of macro ‘module_w1_family’
  430 | module_w1_family(w1_family_1C);
      | ^~~~~~~~~~~~~~~~
In file included from drivers/w1/slaves/w1_ds28e04.c:13:
drivers/w1/slaves/w1_ds28e04.c:430:18: note: ‘cleanup_module’ target declared here
  430 | module_w1_family(w1_family_1C);
      |                  ^~~~~~~~~~~~
./include/linux/device.h:1356:20: note: in definition of macro ‘module_driver’
 1356 | static void __exit __driver##_exit(void) \
      |                    ^~~~~~~~
drivers/w1/slaves/w1_ds28e04.c:430:1: note: in expansion of macro ‘module_w1_family’
  430 | module_w1_family(w1_family_1C);
      | ^~~~~~~~~~~~~~~~
  LD      drivers/w1/built-in.o
  CC [M]  drivers/w1/w1.o
In file included from drivers/w1/w1.c:24:
./include/linux/module.h:132:6: warning: ‘init_module’ specifies less restrictive attribute than its target ‘w1_init’: ‘cold’ [-Wmissing-attributes]
  132 |  int init_module(void) __attribute__((alias(#initfn)));
      |      ^~~~~~~~~~~
drivers/w1/w1.c:1237:1: note: in expansion of macro ‘module_init’
 1237 | module_init(w1_init);
      | ^~~~~~~~~~~
drivers/w1/w1.c:1176:19: note: ‘init_module’ target declared here
 1176 | static int __init w1_init(void)
      |                   ^~~~~~~
In file included from drivers/w1/w1.c:24:
./include/linux/module.h:138:7: warning: ‘cleanup_module’ specifies less restrictive attribute than its target ‘w1_fini’: ‘cold’ [-Wmissing-attributes]
  138 |  void cleanup_module(void) __attribute__((alias(#exitfn)));
      |       ^~~~~~~~~~~~~~
drivers/w1/w1.c:1238:1: note: in expansion of macro ‘module_exit’
 1238 | module_exit(w1_fini);
      | ^~~~~~~~~~~
drivers/w1/w1.c:1222:20: note: ‘cleanup_module’ target declared here
 1222 | static void __exit w1_fini(void)
      |                    ^~~~~~~
  CC [M]  drivers/w1/w1_int.o
  CC [M]  drivers/w1/w1_family.o
  CC [M]  drivers/w1/w1_netlink.o
  CC [M]  drivers/w1/w1_io.o
  LD [M]  drivers/w1/wire.o
  CC      drivers/watchdog/watchdog_core.o
  CC      drivers/watchdog/watchdog_dev.o
  LD      drivers/watchdog/watchdog.o
  CC      drivers/watchdog/bcm2835_wdt.o
  LD      drivers/watchdog/built-in.o
  CC [M]  drivers/watchdog/gpio_wdt.o
In file included from drivers/watchdog/gpio_wdt.c:14:
./include/linux/module.h:138:7: warning: ‘cleanup_module’ specifies less restrictive attribute than its target ‘gpio_wdt_driver_exit’: ‘cold’ [-Wmissing-attributes]
  138 |  void cleanup_module(void) __attribute__((alias(#exitfn)));
      |       ^~~~~~~~~~~~~~
./include/linux/device.h:1360:1: note: in expansion of macro ‘module_exit’
 1360 | module_exit(__driver##_exit);
      | ^~~~~~~~~~~
./include/linux/platform_device.h:228:2: note: in expansion of macro ‘module_driver’
  228 |  module_driver(__platform_driver, platform_driver_register, \
      |  ^~~~~~~~~~~~~
drivers/watchdog/gpio_wdt.c:251:1: note: in expansion of macro ‘module_platform_driver’
  251 | module_platform_driver(gpio_wdt_driver);
      | ^~~~~~~~~~~~~~~~~~~~~~
In file included from ./include/linux/gpio/driver.h:4,
                 from ./include/asm-generic/gpio.h:12,
                 from ./arch/arm/include/asm/gpio.h:9,
                 from ./include/linux/gpio.h:48,
                 from ./include/linux/of_gpio.h:20,
                 from drivers/watchdog/gpio_wdt.c:15:
drivers/watchdog/gpio_wdt.c:251:24: note: ‘cleanup_module’ target declared here
  251 | module_platform_driver(gpio_wdt_driver);
      |                        ^~~~~~~~~~~~~~~
./include/linux/device.h:1356:20: note: in definition of macro ‘module_driver’
 1356 | static void __exit __driver##_exit(void) \
      |                    ^~~~~~~~
drivers/watchdog/gpio_wdt.c:251:1: note: in expansion of macro ‘module_platform_driver’
  251 | module_platform_driver(gpio_wdt_driver);
      | ^~~~~~~~~~~~~~~~~~~~~~
In file included from drivers/watchdog/gpio_wdt.c:14:
./include/linux/module.h:132:6: warning: ‘init_module’ specifies less restrictive attribute than its target ‘gpio_wdt_driver_init’: ‘cold’ [-Wmissing-attributes]
  132 |  int init_module(void) __attribute__((alias(#initfn)));
      |      ^~~~~~~~~~~
./include/linux/device.h:1355:1: note: in expansion of macro ‘module_init’
 1355 | module_init(__driver##_init); \
      | ^~~~~~~~~~~
./include/linux/platform_device.h:228:2: note: in expansion of macro ‘module_driver’
  228 |  module_driver(__platform_driver, platform_driver_register, \
      |  ^~~~~~~~~~~~~
drivers/watchdog/gpio_wdt.c:251:1: note: in expansion of macro ‘module_platform_driver’
  251 | module_platform_driver(gpio_wdt_driver);
      | ^~~~~~~~~~~~~~~~~~~~~~
In file included from ./include/linux/gpio/driver.h:4,
                 from ./include/asm-generic/gpio.h:12,
                 from ./arch/arm/include/asm/gpio.h:9,
                 from ./include/linux/gpio.h:48,
                 from ./include/linux/of_gpio.h:20,
                 from drivers/watchdog/gpio_wdt.c:15:
drivers/watchdog/gpio_wdt.c:251:24: note: ‘init_module’ target declared here
  251 | module_platform_driver(gpio_wdt_driver);
      |                        ^~~~~~~~~~~~~~~
./include/linux/device.h:1351:19: note: in definition of macro ‘module_driver’
 1351 | static int __init __driver##_init(void) \
      |                   ^~~~~~~~
drivers/watchdog/gpio_wdt.c:251:1: note: in expansion of macro ‘module_platform_driver’
  251 | module_platform_driver(gpio_wdt_driver);
      | ^~~~~~~~~~~~~~~~~~~~~~
  LD      drivers/built-in.o
  CC      sound/sound_core.o
  LD      sound/soundcore.o
  LD      sound/built-in.o
  CC [M]  sound/ac97_bus.o
In file included from sound/ac97_bus.c:14:
./include/linux/module.h:132:6: warning: ‘init_module’ specifies less restrictive attribute than its target ‘ac97_bus_init’: ‘cold’ [-Wmissing-attributes]
  132 |  int init_module(void) __attribute__((alias(#initfn)));
      |      ^~~~~~~~~~~
./include/linux/module.h:115:30: note: in expansion of macro ‘module_init’
  115 | #define subsys_initcall(fn)  module_init(fn)
      |                              ^~~~~~~~~~~
sound/ac97_bus.c:102:1: note: in expansion of macro ‘subsys_initcall’
  102 | subsys_initcall(ac97_bus_init);
      | ^~~~~~~~~~~~~~~
sound/ac97_bus.c:97:19: note: ‘init_module’ target declared here
   97 | static int __init ac97_bus_init(void)
      |                   ^~~~~~~~~~~~~
In file included from sound/ac97_bus.c:14:
./include/linux/module.h:138:7: warning: ‘cleanup_module’ specifies less restrictive attribute than its target ‘ac97_bus_exit’: ‘cold’ [-Wmissing-attributes]
  138 |  void cleanup_module(void) __attribute__((alias(#exitfn)));
      |       ^~~~~~~~~~~~~~
sound/ac97_bus.c:109:1: note: in expansion of macro ‘module_exit’
  109 | module_exit(ac97_bus_exit);
      | ^~~~~~~~~~~
sound/ac97_bus.c:104:20: note: ‘cleanup_module’ target declared here
  104 | static void __exit ac97_bus_exit(void)
      |                    ^~~~~~~~~~~~~
  LD      sound/arm/built-in.o
  CC [M]  sound/arm/bcm2835.o
  CC [M]  sound/arm/bcm2835-ctl.o
  CC [M]  sound/arm/bcm2835-pcm.o
  CC [M]  sound/arm/bcm2835-vchiq.o
  LD [M]  sound/arm/snd-bcm2835.o
  LD      sound/atmel/built-in.o
  LD      sound/core/oss/built-in.o
  CC [M]  sound/core/oss/mixer_oss.o
In file included from sound/core/oss/mixer_oss.c:26:
./include/linux/module.h:132:6: warning: ‘init_module’ specifies less restrictive attribute than its target ‘alsa_mixer_oss_init’: ‘cold’ [-Wmissing-attributes]
  132 |  int init_module(void) __attribute__((alias(#initfn)));
      |      ^~~~~~~~~~~
sound/core/oss/mixer_oss.c:1426:1: note: in expansion of macro ‘module_init’
 1426 | module_init(alsa_mixer_oss_init)
      | ^~~~~~~~~~~
sound/core/oss/mixer_oss.c:1403:19: note: ‘init_module’ target declared here
 1403 | static int __init alsa_mixer_oss_init(void)
      |                   ^~~~~~~~~~~~~~~~~~~
In file included from sound/core/oss/mixer_oss.c:26:
./include/linux/module.h:138:7: warning: ‘cleanup_module’ specifies less restrictive attribute than its target ‘alsa_mixer_oss_exit’: ‘cold’ [-Wmissing-attributes]
  138 |  void cleanup_module(void) __attribute__((alias(#exitfn)));
      |       ^~~~~~~~~~~~~~
sound/core/oss/mixer_oss.c:1427:1: note: in expansion of macro ‘module_exit’
 1427 | module_exit(alsa_mixer_oss_exit)
      | ^~~~~~~~~~~
sound/core/oss/mixer_oss.c:1415:20: note: ‘cleanup_module’ target declared here
 1415 | static void __exit alsa_mixer_oss_exit(void)
      |                    ^~~~~~~~~~~~~~~~~~~
  LD [M]  sound/core/oss/snd-mixer-oss.o
  CC [M]  sound/core/oss/pcm_oss.o
In file included from sound/core/oss/pcm_oss.c:33:
./include/linux/module.h:132:6: warning: ‘init_module’ specifies less restrictive attribute than its target ‘alsa_pcm_oss_init’: ‘cold’ [-Wmissing-attributes]
  132 |  int init_module(void) __attribute__((alias(#initfn)));
      |      ^~~~~~~~~~~
sound/core/oss/pcm_oss.c:3136:1: note: in expansion of macro ‘module_init’
 3136 | module_init(alsa_pcm_oss_init)
      | ^~~~~~~~~~~
sound/core/oss/pcm_oss.c:3108:19: note: ‘init_module’ target declared here
 3108 | static int __init alsa_pcm_oss_init(void)
      |                   ^~~~~~~~~~~~~~~~~
In file included from sound/core/oss/pcm_oss.c:33:
./include/linux/module.h:138:7: warning: ‘cleanup_module’ specifies less restrictive attribute than its target ‘alsa_pcm_oss_exit’: ‘cold’ [-Wmissing-attributes]
  138 |  void cleanup_module(void) __attribute__((alias(#exitfn)));
      |       ^~~~~~~~~~~~~~
sound/core/oss/pcm_oss.c:3137:1: note: in expansion of macro ‘module_exit’
 3137 | module_exit(alsa_pcm_oss_exit)
      | ^~~~~~~~~~~
sound/core/oss/pcm_oss.c:3131:20: note: ‘cleanup_module’ target declared here
 3131 | static void __exit alsa_pcm_oss_exit(void)
      |                    ^~~~~~~~~~~~~~~~~
  CC [M]  sound/core/oss/pcm_plugin.o
  CC [M]  sound/core/oss/io.o
  CC [M]  sound/core/oss/copy.o
  CC [M]  sound/core/oss/linear.o
  CC [M]  sound/core/oss/mulaw.o
  CC [M]  sound/core/oss/route.o
  CC [M]  sound/core/oss/rate.o
  LD [M]  sound/core/oss/snd-pcm-oss.o
  LD      sound/core/seq/built-in.o
  CC [M]  sound/core/seq/seq.o
In file included from sound/core/seq/seq.c:23:
./include/linux/module.h:132:6: warning: ‘init_module’ specifies less restrictive attribute than its target ‘alsa_seq_init’: ‘cold’ [-Wmissing-attributes]
  132 |  int init_module(void) __attribute__((alias(#initfn)));
      |      ^~~~~~~~~~~
sound/core/seq/seq.c:135:1: note: in expansion of macro ‘module_init’
  135 | module_init(alsa_seq_init)
      | ^~~~~~~~~~~
sound/core/seq/seq.c:83:19: note: ‘init_module’ target declared here
   83 | static int __init alsa_seq_init(void)
      |                   ^~~~~~~~~~~~~
In file included from sound/core/seq/seq.c:23:
./include/linux/module.h:138:7: warning: ‘cleanup_module’ specifies less restrictive attribute than its target ‘alsa_seq_exit’: ‘cold’ [-Wmissing-attributes]
  138 |  void cleanup_module(void) __attribute__((alias(#exitfn)));
      |       ^~~~~~~~~~~~~~
sound/core/seq/seq.c:136:1: note: in expansion of macro ‘module_exit’
  136 | module_exit(alsa_seq_exit)
      | ^~~~~~~~~~~
sound/core/seq/seq.c:115:20: note: ‘cleanup_module’ target declared here
  115 | static void __exit alsa_seq_exit(void)
      |                    ^~~~~~~~~~~~~
  CC [M]  sound/core/seq/seq_lock.o
  CC [M]  sound/core/seq/seq_clientmgr.o
  CC [M]  sound/core/seq/seq_memory.o
  CC [M]  sound/core/seq/seq_queue.o
  CC [M]  sound/core/seq/seq_fifo.o
  CC [M]  sound/core/seq/seq_prioq.o
  CC [M]  sound/core/seq/seq_timer.o
  CC [M]  sound/core/seq/seq_system.o
  CC [M]  sound/core/seq/seq_ports.o
  CC [M]  sound/core/seq/seq_info.o
  LD [M]  sound/core/seq/snd-seq.o
  CC [M]  sound/core/seq/seq_device.o
In file included from sound/core/seq/seq_device.c:41:
./include/linux/module.h:132:6: warning: ‘init_module’ specifies less restrictive attribute than its target ‘alsa_seq_device_init’: ‘cold’ [-Wmissing-attributes]
  132 |  int init_module(void) __attribute__((alias(#initfn)));
      |      ^~~~~~~~~~~
./include/linux/module.h:115:30: note: in expansion of macro ‘module_init’
  115 | #define subsys_initcall(fn)  module_init(fn)
      |                              ^~~~~~~~~~~
sound/core/seq/seq_device.c:317:1: note: in expansion of macro ‘subsys_initcall’
  317 | subsys_initcall(alsa_seq_device_init)
      | ^~~~~~~~~~~~~~~
sound/core/seq/seq_device.c:293:19: note: ‘init_module’ target declared here
  293 | static int __init alsa_seq_device_init(void)
      |                   ^~~~~~~~~~~~~~~~~~~~
In file included from sound/core/seq/seq_device.c:41:
./include/linux/module.h:138:7: warning: ‘cleanup_module’ specifies less restrictive attribute than its target ‘alsa_seq_device_exit’: ‘cold’ [-Wmissing-attributes]
  138 |  void cleanup_module(void) __attribute__((alias(#exitfn)));
      |       ^~~~~~~~~~~~~~
sound/core/seq/seq_device.c:318:1: note: in expansion of macro ‘module_exit’
  318 | module_exit(alsa_seq_device_exit)
      | ^~~~~~~~~~~
sound/core/seq/seq_device.c:306:20: note: ‘cleanup_module’ target declared here
  306 | static void __exit alsa_seq_device_exit(void)
      |                    ^~~~~~~~~~~~~~~~~~~~
  LD [M]  sound/core/seq/snd-seq-device.o
  CC [M]  sound/core/seq/seq_midi_event.o
In file included from sound/core/seq/seq_midi_event.c:25:
./include/linux/module.h:132:6: warning: ‘init_module’ specifies less restrictive attribute than its target ‘alsa_seq_midi_event_init’: ‘cold’ [-Wmissing-attributes]
  132 |  int init_module(void) __attribute__((alias(#initfn)));
      |      ^~~~~~~~~~~
sound/core/seq/seq_midi_event.c:549:1: note: in expansion of macro ‘module_init’
  549 | module_init(alsa_seq_midi_event_init)
      | ^~~~~~~~~~~
sound/core/seq/seq_midi_event.c:540:19: note: ‘init_module’ target declared here
  540 | static int __init alsa_seq_midi_event_init(void)
      |                   ^~~~~~~~~~~~~~~~~~~~~~~~
In file included from sound/core/seq/seq_midi_event.c:25:
./include/linux/module.h:138:7: warning: ‘cleanup_module’ specifies less restrictive attribute than its target ‘alsa_seq_midi_event_exit’: ‘cold’ [-Wmissing-attributes]
  138 |  void cleanup_module(void) __attribute__((alias(#exitfn)));
      |       ^~~~~~~~~~~~~~
sound/core/seq/seq_midi_event.c:550:1: note: in expansion of macro ‘module_exit’
  550 | module_exit(alsa_seq_midi_event_exit)
      | ^~~~~~~~~~~
sound/core/seq/seq_midi_event.c:545:20: note: ‘cleanup_module’ target declared here
  545 | static void __exit alsa_seq_midi_event_exit(void)
      |                    ^~~~~~~~~~~~~~~~~~~~~~~~
  LD [M]  sound/core/seq/snd-seq-midi-event.o
  CC [M]  sound/core/seq/seq_dummy.o
In file included from sound/core/seq/seq_dummy.c:23:
./include/linux/module.h:132:6: warning: ‘init_module’ specifies less restrictive attribute than its target ‘alsa_seq_dummy_init’: ‘cold’ [-Wmissing-attributes]
  132 |  int init_module(void) __attribute__((alias(#initfn)));
      |      ^~~~~~~~~~~
sound/core/seq/seq_dummy.c:225:1: note: in expansion of macro ‘module_init’
  225 | module_init(alsa_seq_dummy_init)
      | ^~~~~~~~~~~
sound/core/seq/seq_dummy.c:215:19: note: ‘init_module’ target declared here
  215 | static int __init alsa_seq_dummy_init(void)
      |                   ^~~~~~~~~~~~~~~~~~~
In file included from sound/core/seq/seq_dummy.c:23:
./include/linux/module.h:138:7: warning: ‘cleanup_module’ specifies less restrictive attribute than its target ‘alsa_seq_dummy_exit’: ‘cold’ [-Wmissing-attributes]
  138 |  void cleanup_module(void) __attribute__((alias(#exitfn)));
      |       ^~~~~~~~~~~~~~
sound/core/seq/seq_dummy.c:226:1: note: in expansion of macro ‘module_exit’
  226 | module_exit(alsa_seq_dummy_exit)
      | ^~~~~~~~~~~
sound/core/seq/seq_dummy.c:220:20: note: ‘cleanup_module’ target declared here
  220 | static void __exit alsa_seq_dummy_exit(void)
      |                    ^~~~~~~~~~~~~~~~~~~
  LD [M]  sound/core/seq/snd-seq-dummy.o
  CC [M]  sound/core/seq/seq_virmidi.o
In file included from sound/core/seq/seq_virmidi.c:40:
./include/linux/module.h:132:6: warning: ‘init_module’ specifies less restrictive attribute than its target ‘alsa_virmidi_init’: ‘cold’ [-Wmissing-attributes]
  132 |  int init_module(void) __attribute__((alias(#initfn)));
      |      ^~~~~~~~~~~
sound/core/seq/seq_virmidi.c:562:1: note: in expansion of macro ‘module_init’
  562 | module_init(alsa_virmidi_init)
      | ^~~~~~~~~~~
sound/core/seq/seq_virmidi.c:553:19: note: ‘init_module’ target declared here
  553 | static int __init alsa_virmidi_init(void)
      |                   ^~~~~~~~~~~~~~~~~
In file included from sound/core/seq/seq_virmidi.c:40:
./include/linux/module.h:138:7: warning: ‘cleanup_module’ specifies less restrictive attribute than its target ‘alsa_virmidi_exit’: ‘cold’ [-Wmissing-attributes]
  138 |  void cleanup_module(void) __attribute__((alias(#exitfn)));
      |       ^~~~~~~~~~~~~~
sound/core/seq/seq_virmidi.c:563:1: note: in expansion of macro ‘module_exit’
  563 | module_exit(alsa_virmidi_exit)
      | ^~~~~~~~~~~
sound/core/seq/seq_virmidi.c:558:20: note: ‘cleanup_module’ target declared here
  558 | static void __exit alsa_virmidi_exit(void)
      |                    ^~~~~~~~~~~~~~~~~
  LD [M]  sound/core/seq/snd-seq-virmidi.o
  CC [M]  sound/core/seq/seq_midi.o
In file included from sound/core/seq/seq_midi.c:33:
./include/linux/module.h:132:6: warning: ‘init_module’ specifies less restrictive attribute than its target ‘seq_midisynth_driver_init’: ‘cold’ [-Wmissing-attributes]
  132 |  int init_module(void) __attribute__((alias(#initfn)));
      |      ^~~~~~~~~~~
./include/linux/device.h:1355:1: note: in expansion of macro ‘module_init’
 1355 | module_init(__driver##_init); \
      | ^~~~~~~~~~~
./include/sound/seq_device.h:88:2: note: in expansion of macro ‘module_driver’
   88 |  module_driver(drv, snd_seq_driver_register, snd_seq_driver_unregister)
      |  ^~~~~~~~~~~~~
sound/core/seq/seq_midi.c:472:1: note: in expansion of macro ‘module_snd_seq_driver’
  472 | module_snd_seq_driver(seq_midisynth_driver);
      | ^~~~~~~~~~~~~~~~~~~~~
In file included from ./include/sound/core.h:25,
                 from sound/core/seq/seq_midi.c:35:
sound/core/seq/seq_midi.c:472:23: note: ‘init_module’ target declared here
  472 | module_snd_seq_driver(seq_midisynth_driver);
      |                       ^~~~~~~~~~~~~~~~~~~~
./include/linux/device.h:1351:19: note: in definition of macro ‘module_driver’
 1351 | static int __init __driver##_init(void) \
      |                   ^~~~~~~~
sound/core/seq/seq_midi.c:472:1: note: in expansion of macro ‘module_snd_seq_driver’
  472 | module_snd_seq_driver(seq_midisynth_driver);
      | ^~~~~~~~~~~~~~~~~~~~~
In file included from sound/core/seq/seq_midi.c:33:
./include/linux/module.h:138:7: warning: ‘cleanup_module’ specifies less restrictive attribute than its target ‘seq_midisynth_driver_exit’: ‘cold’ [-Wmissing-attributes]
  138 |  void cleanup_module(void) __attribute__((alias(#exitfn)));
      |       ^~~~~~~~~~~~~~
./include/linux/device.h:1360:1: note: in expansion of macro ‘module_exit’
 1360 | module_exit(__driver##_exit);
      | ^~~~~~~~~~~
./include/sound/seq_device.h:88:2: note: in expansion of macro ‘module_driver’
   88 |  module_driver(drv, snd_seq_driver_register, snd_seq_driver_unregister)
      |  ^~~~~~~~~~~~~
sound/core/seq/seq_midi.c:472:1: note: in expansion of macro ‘module_snd_seq_driver’
  472 | module_snd_seq_driver(seq_midisynth_driver);
      | ^~~~~~~~~~~~~~~~~~~~~
In file included from ./include/sound/core.h:25,
                 from sound/core/seq/seq_midi.c:35:
sound/core/seq/seq_midi.c:472:23: note: ‘cleanup_module’ target declared here
  472 | module_snd_seq_driver(seq_midisynth_driver);
      |                       ^~~~~~~~~~~~~~~~~~~~
./include/linux/device.h:1356:20: note: in definition of macro ‘module_driver’
 1356 | static void __exit __driver##_exit(void) \
      |                    ^~~~~~~~
sound/core/seq/seq_midi.c:472:1: note: in expansion of macro ‘module_snd_seq_driver’
  472 | module_snd_seq_driver(seq_midisynth_driver);
      | ^~~~~~~~~~~~~~~~~~~~~
  LD [M]  sound/core/seq/snd-seq-midi.o
  LD      sound/core/seq/oss/built-in.o
  CC [M]  sound/core/seq/oss/seq_oss.o
In file included from sound/core/seq/oss/seq_oss.c:24:
./include/linux/module.h:132:6: warning: ‘init_module’ specifies less restrictive attribute than its target ‘alsa_seq_oss_init’: ‘cold’ [-Wmissing-attributes]
  132 |  int init_module(void) __attribute__((alias(#initfn)));
      |      ^~~~~~~~~~~
sound/core/seq/oss/seq_oss.c:118:1: note: in expansion of macro ‘module_init’
  118 | module_init(alsa_seq_oss_init)
      | ^~~~~~~~~~~
sound/core/seq/oss/seq_oss.c:79:19: note: ‘init_module’ target declared here
   79 | static int __init alsa_seq_oss_init(void)
      |                   ^~~~~~~~~~~~~~~~~
In file included from sound/core/seq/oss/seq_oss.c:24:
./include/linux/module.h:138:7: warning: ‘cleanup_module’ specifies less restrictive attribute than its target ‘alsa_seq_oss_exit’: ‘cold’ [-Wmissing-attributes]
  138 |  void cleanup_module(void) __attribute__((alias(#exitfn)));
      |       ^~~~~~~~~~~~~~
sound/core/seq/oss/seq_oss.c:119:1: note: in expansion of macro ‘module_exit’
  119 | module_exit(alsa_seq_oss_exit)
      | ^~~~~~~~~~~
sound/core/seq/oss/seq_oss.c:110:20: note: ‘cleanup_module’ target declared here
  110 | static void __exit alsa_seq_oss_exit(void)
      |                    ^~~~~~~~~~~~~~~~~
  CC [M]  sound/core/seq/oss/seq_oss_init.o
  CC [M]  sound/core/seq/oss/seq_oss_timer.o
  CC [M]  sound/core/seq/oss/seq_oss_ioctl.o
  CC [M]  sound/core/seq/oss/seq_oss_event.o
  CC [M]  sound/core/seq/oss/seq_oss_rw.o
  CC [M]  sound/core/seq/oss/seq_oss_synth.o
  CC [M]  sound/core/seq/oss/seq_oss_midi.o
  CC [M]  sound/core/seq/oss/seq_oss_readq.o
  CC [M]  sound/core/seq/oss/seq_oss_writeq.o
  LD [M]  sound/core/seq/oss/snd-seq-oss.o
  LD      sound/core/built-in.o
  CC [M]  sound/core/sound.o
In file included from sound/core/sound.c:26:
./include/linux/module.h:132:6: warning: ‘init_module’ specifies less restrictive attribute than its target ‘alsa_sound_init’: ‘cold’ [-Wmissing-attributes]
  132 |  int init_module(void) __attribute__((alias(#initfn)));
      |      ^~~~~~~~~~~
./include/linux/module.h:115:30: note: in expansion of macro ‘module_init’
  115 | #define subsys_initcall(fn)  module_init(fn)
      |                              ^~~~~~~~~~~
sound/core/sound.c:424:1: note: in expansion of macro ‘subsys_initcall’
  424 | subsys_initcall(alsa_sound_init);
      | ^~~~~~~~~~~~~~~
sound/core/sound.c:400:19: note: ‘init_module’ target declared here
  400 | static int __init alsa_sound_init(void)
      |                   ^~~~~~~~~~~~~~~
In file included from sound/core/sound.c:26:
./include/linux/module.h:138:7: warning: ‘cleanup_module’ specifies less restrictive attribute than its target ‘alsa_sound_exit’: ‘cold’ [-Wmissing-attributes]
  138 |  void cleanup_module(void) __attribute__((alias(#exitfn)));
      |       ^~~~~~~~~~~~~~
sound/core/sound.c:425:1: note: in expansion of macro ‘module_exit’
  425 | module_exit(alsa_sound_exit);
      | ^~~~~~~~~~~
sound/core/sound.c:418:20: note: ‘cleanup_module’ target declared here
  418 | static void __exit alsa_sound_exit(void)
      |                    ^~~~~~~~~~~~~~~
  CC [M]  sound/core/init.o
  CC [M]  sound/core/memory.o
  CC [M]  sound/core/control.o
  CC [M]  sound/core/misc.o
  CC [M]  sound/core/device.o
  CC [M]  sound/core/info.o
  CC [M]  sound/core/info_oss.o
  CC [M]  sound/core/sound_oss.o
  CC [M]  sound/core/vmaster.o
  CC [M]  sound/core/ctljack.o
  CC [M]  sound/core/jack.o
  LD [M]  sound/core/snd.o
  CC [M]  sound/core/hwdep.o
In file included from sound/core/hwdep.c:27:
./include/linux/module.h:132:6: warning: ‘init_module’ specifies less restrictive attribute than its target ‘alsa_hwdep_init’: ‘cold’ [-Wmissing-attributes]
  132 |  int init_module(void) __attribute__((alias(#initfn)));
      |      ^~~~~~~~~~~
sound/core/hwdep.c:549:1: note: in expansion of macro ‘module_init’
  549 | module_init(alsa_hwdep_init)
      | ^~~~~~~~~~~
sound/core/hwdep.c:534:19: note: ‘init_module’ target declared here
  534 | static int __init alsa_hwdep_init(void)
      |                   ^~~~~~~~~~~~~~~
In file included from sound/core/hwdep.c:27:
./include/linux/module.h:138:7: warning: ‘cleanup_module’ specifies less restrictive attribute than its target ‘alsa_hwdep_exit’: ‘cold’ [-Wmissing-attributes]
  138 |  void cleanup_module(void) __attribute__((alias(#exitfn)));
      |       ^~~~~~~~~~~~~~
sound/core/hwdep.c:550:1: note: in expansion of macro ‘module_exit’
  550 | module_exit(alsa_hwdep_exit)
      | ^~~~~~~~~~~
sound/core/hwdep.c:542:20: note: ‘cleanup_module’ target declared here
  542 | static void __exit alsa_hwdep_exit(void)
      |                    ^~~~~~~~~~~~~~~
  LD [M]  sound/core/snd-hwdep.o
  CC [M]  sound/core/timer.o
In file included from sound/core/timer.c:28:
./include/linux/module.h:132:6: warning: ‘init_module’ specifies less restrictive attribute than its target ‘alsa_timer_init’: ‘cold’ [-Wmissing-attributes]
  132 |  int init_module(void) __attribute__((alias(#initfn)));
      |      ^~~~~~~~~~~
sound/core/timer.c:2122:1: note: in expansion of macro ‘module_init’
 2122 | module_init(alsa_timer_init)
      | ^~~~~~~~~~~
sound/core/timer.c:2079:19: note: ‘init_module’ target declared here
 2079 | static int __init alsa_timer_init(void)
      |                   ^~~~~~~~~~~~~~~
In file included from sound/core/timer.c:28:
./include/linux/module.h:138:7: warning: ‘cleanup_module’ specifies less restrictive attribute than its target ‘alsa_timer_exit’: ‘cold’ [-Wmissing-attributes]
  138 |  void cleanup_module(void) __attribute__((alias(#exitfn)));
      |       ^~~~~~~~~~~~~~
sound/core/timer.c:2123:1: note: in expansion of macro ‘module_exit’
 2123 | module_exit(alsa_timer_exit)
      | ^~~~~~~~~~~
sound/core/timer.c:2111:20: note: ‘cleanup_module’ target declared here
 2111 | static void __exit alsa_timer_exit(void)
      |                    ^~~~~~~~~~~~~~~
  LD [M]  sound/core/snd-timer.o
  CC [M]  sound/core/hrtimer.o
In file included from sound/core/hrtimer.c:23:
./include/linux/module.h:132:6: warning: ‘init_module’ specifies less restrictive attribute than its target ‘snd_hrtimer_init’: ‘cold’ [-Wmissing-attributes]
  132 |  int init_module(void) __attribute__((alias(#initfn)));
      |      ^~~~~~~~~~~
sound/core/hrtimer.c:181:1: note: in expansion of macro ‘module_init’
  181 | module_init(snd_hrtimer_init);
      | ^~~~~~~~~~~
sound/core/hrtimer.c:144:19: note: ‘init_module’ target declared here
  144 | static int __init snd_hrtimer_init(void)
      |                   ^~~~~~~~~~~~~~~~
In file included from sound/core/hrtimer.c:23:
./include/linux/module.h:138:7: warning: ‘cleanup_module’ specifies less restrictive attribute than its target ‘snd_hrtimer_exit’: ‘cold’ [-Wmissing-attributes]
  138 |  void cleanup_module(void) __attribute__((alias(#exitfn)));
      |       ^~~~~~~~~~~~~~
sound/core/hrtimer.c:182:1: note: in expansion of macro ‘module_exit’
  182 | module_exit(snd_hrtimer_exit);
      | ^~~~~~~~~~~
sound/core/hrtimer.c:173:20: note: ‘cleanup_module’ target declared here
  173 | static void __exit snd_hrtimer_exit(void)
      |                    ^~~~~~~~~~~~~~~~
  LD [M]  sound/core/snd-hrtimer.o
  CC [M]  sound/core/pcm.o
In file included from sound/core/pcm.c:24:
./include/linux/module.h:132:6: warning: ‘init_module’ specifies less restrictive attribute than its target ‘alsa_pcm_init’: ‘cold’ [-Wmissing-attributes]
  132 |  int init_module(void) __attribute__((alias(#initfn)));
      |      ^~~~~~~~~~~
sound/core/pcm.c:1260:1: note: in expansion of macro ‘module_init’
 1260 | module_init(alsa_pcm_init)
      | ^~~~~~~~~~~
sound/core/pcm.c:1245:19: note: ‘init_module’ target declared here
 1245 | static int __init alsa_pcm_init(void)
      |                   ^~~~~~~~~~~~~
In file included from sound/core/pcm.c:24:
./include/linux/module.h:138:7: warning: ‘cleanup_module’ specifies less restrictive attribute than its target ‘alsa_pcm_exit’: ‘cold’ [-Wmissing-attributes]
  138 |  void cleanup_module(void) __attribute__((alias(#exitfn)));
      |       ^~~~~~~~~~~~~~
sound/core/pcm.c:1261:1: note: in expansion of macro ‘module_exit’
 1261 | module_exit(alsa_pcm_exit)
      | ^~~~~~~~~~~
sound/core/pcm.c:1253:20: note: ‘cleanup_module’ target declared here
 1253 | static void __exit alsa_pcm_exit(void)
      |                    ^~~~~~~~~~~~~
  CC [M]  sound/core/pcm_native.o
  CC [M]  sound/core/pcm_lib.o
  CC [M]  sound/core/pcm_misc.o
  CC [M]  sound/core/pcm_memory.o
  CC [M]  sound/core/memalloc.o
  CC [M]  sound/core/pcm_timer.o
  CC [M]  sound/core/pcm_drm_eld.o
  LD [M]  sound/core/snd-pcm.o
  CC [M]  sound/core/pcm_dmaengine.o
  LD [M]  sound/core/snd-pcm-dmaengine.o
  CC [M]  sound/core/rawmidi.o
In file included from sound/core/rawmidi.c:30:
./include/linux/module.h:132:6: warning: ‘init_module’ specifies less restrictive attribute than its target ‘alsa_rawmidi_init’: ‘cold’ [-Wmissing-attributes]
  132 |  int init_module(void) __attribute__((alias(#initfn)));
      |      ^~~~~~~~~~~
sound/core/rawmidi.c:1805:1: note: in expansion of macro ‘module_init’
 1805 | module_init(alsa_rawmidi_init)
      | ^~~~~~~~~~~
sound/core/rawmidi.c:1774:19: note: ‘init_module’ target declared here
 1774 | static int __init alsa_rawmidi_init(void)
      |                   ^~~~~~~~~~~~~~~~~
In file included from sound/core/rawmidi.c:30:
./include/linux/module.h:138:7: warning: ‘cleanup_module’ specifies less restrictive attribute than its target ‘alsa_rawmidi_exit’: ‘cold’ [-Wmissing-attributes]
  138 |  void cleanup_module(void) __attribute__((alias(#exitfn)));
      |       ^~~~~~~~~~~~~~
sound/core/rawmidi.c:1806:1: note: in expansion of macro ‘module_exit’
 1806 | module_exit(alsa_rawmidi_exit)
      | ^~~~~~~~~~~
sound/core/rawmidi.c:1799:20: note: ‘cleanup_module’ target declared here
 1799 | static void __exit alsa_rawmidi_exit(void)
      |                    ^~~~~~~~~~~~~~~~~
  LD [M]  sound/core/snd-rawmidi.o
  CC [M]  sound/core/compress_offload.o
In file included from sound/core/compress_offload.c:40:
./include/linux/module.h:132:6: warning: ‘init_module’ specifies less restrictive attribute than its target ‘snd_compress_init’: ‘cold’ [-Wmissing-attributes]
  132 |  int init_module(void) __attribute__((alias(#initfn)));
      |      ^~~~~~~~~~~
sound/core/compress_offload.c:1172:1: note: in expansion of macro ‘module_init’
 1172 | module_init(snd_compress_init);
      | ^~~~~~~~~~~
sound/core/compress_offload.c:1163:19: note: ‘init_module’ target declared here
 1163 | static int __init snd_compress_init(void)
      |                   ^~~~~~~~~~~~~~~~~
In file included from sound/core/compress_offload.c:40:
./include/linux/module.h:138:7: warning: ‘cleanup_module’ specifies less restrictive attribute than its target ‘snd_compress_exit’: ‘cold’ [-Wmissing-attributes]
  138 |  void cleanup_module(void) __attribute__((alias(#exitfn)));
      |       ^~~~~~~~~~~~~~
sound/core/compress_offload.c:1173:1: note: in expansion of macro ‘module_exit’
 1173 | module_exit(snd_compress_exit);
      | ^~~~~~~~~~~
sound/core/compress_offload.c:1168:20: note: ‘cleanup_module’ target declared here
 1168 | static void __exit snd_compress_exit(void)
      |                    ^~~~~~~~~~~~~~~~~
  LD [M]  sound/core/snd-compress.o
  LD      sound/drivers/built-in.o
  CC [M]  sound/drivers/dummy.o
In file included from sound/drivers/dummy.c:30:
./include/linux/module.h:132:6: warning: ‘init_module’ specifies less restrictive attribute than its target ‘alsa_card_dummy_init’: ‘cold’ [-Wmissing-attributes]
  132 |  int init_module(void) __attribute__((alias(#initfn)));
      |      ^~~~~~~~~~~
sound/drivers/dummy.c:1224:1: note: in expansion of macro ‘module_init’
 1224 | module_init(alsa_card_dummy_init)
      | ^~~~~~~~~~~
sound/drivers/dummy.c:1179:19: note: ‘init_module’ target declared here
 1179 | static int __init alsa_card_dummy_init(void)
      |                   ^~~~~~~~~~~~~~~~~~~~
In file included from sound/drivers/dummy.c:30:
./include/linux/module.h:138:7: warning: ‘cleanup_module’ specifies less restrictive attribute than its target ‘alsa_card_dummy_exit’: ‘cold’ [-Wmissing-attributes]
  138 |  void cleanup_module(void) __attribute__((alias(#exitfn)));
      |       ^~~~~~~~~~~~~~
sound/drivers/dummy.c:1225:1: note: in expansion of macro ‘module_exit’
 1225 | module_exit(alsa_card_dummy_exit)
      | ^~~~~~~~~~~
sound/drivers/dummy.c:1219:20: note: ‘cleanup_module’ target declared here
 1219 | static void __exit alsa_card_dummy_exit(void)
      |                    ^~~~~~~~~~~~~~~~~~~~
  LD [M]  sound/drivers/snd-dummy.o
  CC [M]  sound/drivers/aloop.o
In file included from sound/drivers/aloop.c:37:
./include/linux/module.h:132:6: warning: ‘init_module’ specifies less restrictive attribute than its target ‘alsa_card_loopback_init’: ‘cold’ [-Wmissing-attributes]
  132 |  int init_module(void) __attribute__((alias(#initfn)));
      |      ^~~~~~~~~~~
sound/drivers/aloop.c:1269:1: note: in expansion of macro ‘module_init’
 1269 | module_init(alsa_card_loopback_init)
      | ^~~~~~~~~~~
sound/drivers/aloop.c:1229:19: note: ‘init_module’ target declared here
 1229 | static int __init alsa_card_loopback_init(void)
      |                   ^~~~~~~~~~~~~~~~~~~~~~~
In file included from sound/drivers/aloop.c:37:
./include/linux/module.h:138:7: warning: ‘cleanup_module’ specifies less restrictive attribute than its target ‘alsa_card_loopback_exit’: ‘cold’ [-Wmissing-attributes]
  138 |  void cleanup_module(void) __attribute__((alias(#exitfn)));
      |       ^~~~~~~~~~~~~~
sound/drivers/aloop.c:1270:1: note: in expansion of macro ‘module_exit’
 1270 | module_exit(alsa_card_loopback_exit)
      | ^~~~~~~~~~~
sound/drivers/aloop.c:1264:20: note: ‘cleanup_module’ target declared here
 1264 | static void __exit alsa_card_loopback_exit(void)
      |                    ^~~~~~~~~~~~~~~~~~~~~~~
  LD [M]  sound/drivers/snd-aloop.o
  CC [M]  sound/drivers/virmidi.o
In file included from sound/drivers/virmidi.c:48:
./include/linux/module.h:132:6: warning: ‘init_module’ specifies less restrictive attribute than its target ‘alsa_card_virmidi_init’: ‘cold’ [-Wmissing-attributes]
  132 |  int init_module(void) __attribute__((alias(#initfn)));
      |      ^~~~~~~~~~~
sound/drivers/virmidi.c:198:1: note: in expansion of macro ‘module_init’
  198 | module_init(alsa_card_virmidi_init)
      | ^~~~~~~~~~~
sound/drivers/virmidi.c:158:19: note: ‘init_module’ target declared here
  158 | static int __init alsa_card_virmidi_init(void)
      |                   ^~~~~~~~~~~~~~~~~~~~~~
In file included from sound/drivers/virmidi.c:48:
./include/linux/module.h:138:7: warning: ‘cleanup_module’ specifies less restrictive attribute than its target ‘alsa_card_virmidi_exit’: ‘cold’ [-Wmissing-attributes]
  138 |  void cleanup_module(void) __attribute__((alias(#exitfn)));
      |       ^~~~~~~~~~~~~~
sound/drivers/virmidi.c:199:1: note: in expansion of macro ‘module_exit’
  199 | module_exit(alsa_card_virmidi_exit)
      | ^~~~~~~~~~~
sound/drivers/virmidi.c:193:20: note: ‘cleanup_module’ target declared here
  193 | static void __exit alsa_card_virmidi_exit(void)
      |                    ^~~~~~~~~~~~~~~~~~~~~~
  LD [M]  sound/drivers/snd-virmidi.o
  CC [M]  sound/drivers/serial-u16550.o
In file included from sound/drivers/serial-u16550.c:39:
./include/linux/module.h:132:6: warning: ‘init_module’ specifies less restrictive attribute than its target ‘alsa_card_serial_init’: ‘cold’ [-Wmissing-attributes]
  132 |  int init_module(void) __attribute__((alias(#initfn)));
      |      ^~~~~~~~~~~
sound/drivers/serial-u16550.c:1044:1: note: in expansion of macro ‘module_init’
 1044 | module_init(alsa_card_serial_init)
      | ^~~~~~~~~~~
sound/drivers/serial-u16550.c:1006:19: note: ‘init_module’ target declared here
 1006 | static int __init alsa_card_serial_init(void)
      |                   ^~~~~~~~~~~~~~~~~~~~~
In file included from sound/drivers/serial-u16550.c:39:
./include/linux/module.h:138:7: warning: ‘cleanup_module’ specifies less restrictive attribute than its target ‘alsa_card_serial_exit’: ‘cold’ [-Wmissing-attributes]
  138 |  void cleanup_module(void) __attribute__((alias(#exitfn)));
      |       ^~~~~~~~~~~~~~
sound/drivers/serial-u16550.c:1045:1: note: in expansion of macro ‘module_exit’
 1045 | module_exit(alsa_card_serial_exit)
      | ^~~~~~~~~~~
sound/drivers/serial-u16550.c:1039:20: note: ‘cleanup_module’ target declared here
 1039 | static void __exit alsa_card_serial_exit(void)
      |                    ^~~~~~~~~~~~~~~~~~~~~
  LD [M]  sound/drivers/snd-serial-u16550.o
  CC [M]  sound/drivers/mtpav.o
In file included from sound/drivers/mtpav.c:55:
./include/linux/module.h:132:6: warning: ‘init_module’ specifies less restrictive attribute than its target ‘alsa_card_mtpav_init’: ‘cold’ [-Wmissing-attributes]
  132 |  int init_module(void) __attribute__((alias(#initfn)));
      |      ^~~~~~~~~~~
sound/drivers/mtpav.c:786:1: note: in expansion of macro ‘module_init’
  786 | module_init(alsa_card_mtpav_init)
      | ^~~~~~~~~~~
sound/drivers/mtpav.c:761:19: note: ‘init_module’ target declared here
  761 | static int __init alsa_card_mtpav_init(void)
      |                   ^~~~~~~~~~~~~~~~~~~~
In file included from sound/drivers/mtpav.c:55:
./include/linux/module.h:138:7: warning: ‘cleanup_module’ specifies less restrictive attribute than its target ‘alsa_card_mtpav_exit’: ‘cold’ [-Wmissing-attributes]
  138 |  void cleanup_module(void) __attribute__((alias(#exitfn)));
      |       ^~~~~~~~~~~~~~
sound/drivers/mtpav.c:787:1: note: in expansion of macro ‘module_exit’
  787 | module_exit(alsa_card_mtpav_exit)
      | ^~~~~~~~~~~
sound/drivers/mtpav.c:780:20: note: ‘cleanup_module’ target declared here
  780 | static void __exit alsa_card_mtpav_exit(void)
      |                    ^~~~~~~~~~~~~~~~~~~~
  LD [M]  sound/drivers/snd-mtpav.o
  LD      sound/drivers/mpu401/built-in.o
  CC [M]  sound/drivers/mpu401/mpu401_uart.o
In file included from sound/drivers/mpu401/mpu401_uart.c:36:
./include/linux/module.h:132:6: warning: ‘init_module’ specifies less restrictive attribute than its target ‘alsa_mpu401_uart_init’: ‘cold’ [-Wmissing-attributes]
  132 |  int init_module(void) __attribute__((alias(#initfn)));
      |      ^~~~~~~~~~~
sound/drivers/mpu401/mpu401_uart.c:633:1: note: in expansion of macro ‘module_init’
  633 | module_init(alsa_mpu401_uart_init)
      | ^~~~~~~~~~~
sound/drivers/mpu401/mpu401_uart.c:624:19: note: ‘init_module’ target declared here
  624 | static int __init alsa_mpu401_uart_init(void)
      |                   ^~~~~~~~~~~~~~~~~~~~~
In file included from sound/drivers/mpu401/mpu401_uart.c:36:
./include/linux/module.h:138:7: warning: ‘cleanup_module’ specifies less restrictive attribute than its target ‘alsa_mpu401_uart_exit’: ‘cold’ [-Wmissing-attributes]
  138 |  void cleanup_module(void) __attribute__((alias(#exitfn)));
      |       ^~~~~~~~~~~~~~
sound/drivers/mpu401/mpu401_uart.c:634:1: note: in expansion of macro ‘module_exit’
  634 | module_exit(alsa_mpu401_uart_exit)
      | ^~~~~~~~~~~
sound/drivers/mpu401/mpu401_uart.c:629:20: note: ‘cleanup_module’ target declared here
  629 | static void __exit alsa_mpu401_uart_exit(void)
      |                    ^~~~~~~~~~~~~~~~~~~~~
  LD [M]  sound/drivers/mpu401/snd-mpu401-uart.o
  CC [M]  sound/drivers/mpu401/mpu401.o
In file included from sound/drivers/mpu401/mpu401.c:27:
./include/linux/module.h:132:6: warning: ‘init_module’ specifies less restrictive attribute than its target ‘alsa_card_mpu401_init’: ‘cold’ [-Wmissing-attributes]
  132 |  int init_module(void) __attribute__((alias(#initfn)));
      |      ^~~~~~~~~~~
sound/drivers/mpu401/mpu401.c:286:1: note: in expansion of macro ‘module_init’
  286 | module_init(alsa_card_mpu401_init)
      | ^~~~~~~~~~~
sound/drivers/mpu401/mpu401.c:241:19: note: ‘init_module’ target declared here
  241 | static int __init alsa_card_mpu401_init(void)
      |                   ^~~~~~~~~~~~~~~~~~~~~
In file included from sound/drivers/mpu401/mpu401.c:27:
./include/linux/module.h:138:7: warning: ‘cleanup_module’ specifies less restrictive attribute than its target ‘alsa_card_mpu401_exit’: ‘cold’ [-Wmissing-attributes]
  138 |  void cleanup_module(void) __attribute__((alias(#exitfn)));
      |       ^~~~~~~~~~~~~~
sound/drivers/mpu401/mpu401.c:287:1: note: in expansion of macro ‘module_exit’
  287 | module_exit(alsa_card_mpu401_exit)
      | ^~~~~~~~~~~
sound/drivers/mpu401/mpu401.c:281:20: note: ‘cleanup_module’ target declared here
  281 | static void __exit alsa_card_mpu401_exit(void)
      |                    ^~~~~~~~~~~~~~~~~~~~~
  LD [M]  sound/drivers/mpu401/snd-mpu401.o
  LD      sound/drivers/opl3/built-in.o
  LD      sound/drivers/opl4/built-in.o
  LD      sound/drivers/pcsp/built-in.o
  LD      sound/drivers/vx/built-in.o
  LD      sound/firewire/built-in.o
  LD      sound/hda/built-in.o
  LD      sound/i2c/built-in.o
  LD      sound/i2c/other/built-in.o
  LD      sound/isa/built-in.o
  LD      sound/isa/ad1816a/built-in.o
  LD      sound/isa/ad1848/built-in.o
  LD      sound/isa/cs423x/built-in.o
  LD      sound/isa/es1688/built-in.o
  LD      sound/isa/galaxy/built-in.o
  LD      sound/isa/gus/built-in.o
  LD      sound/isa/msnd/built-in.o
  LD      sound/isa/opti9xx/built-in.o
  LD      sound/isa/sb/built-in.o
  LD      sound/isa/wavefront/built-in.o
  LD      sound/isa/wss/built-in.o
  LD      sound/mips/built-in.o
  LD      sound/oss/built-in.o
  LD      sound/parisc/built-in.o
  LD      sound/pci/built-in.o
  LD      sound/pci/ac97/built-in.o
  CC [M]  sound/pci/ac97/ac97_codec.o
In file included from sound/pci/ac97/ac97_codec.c:29:
./include/linux/module.h:132:6: warning: ‘init_module’ specifies less restrictive attribute than its target ‘alsa_ac97_init’: ‘cold’ [-Wmissing-attributes]
  132 |  int init_module(void) __attribute__((alias(#initfn)));
      |      ^~~~~~~~~~~
sound/pci/ac97/ac97_codec.c:2958:1: note: in expansion of macro ‘module_init’
 2958 | module_init(alsa_ac97_init)
      | ^~~~~~~~~~~
sound/pci/ac97/ac97_codec.c:2949:19: note: ‘init_module’ target declared here
 2949 | static int __init alsa_ac97_init(void)
      |                   ^~~~~~~~~~~~~~
In file included from sound/pci/ac97/ac97_codec.c:29:
./include/linux/module.h:138:7: warning: ‘cleanup_module’ specifies less restrictive attribute than its target ‘alsa_ac97_exit’: ‘cold’ [-Wmissing-attributes]
  138 |  void cleanup_module(void) __attribute__((alias(#exitfn)));
      |       ^~~~~~~~~~~~~~
sound/pci/ac97/ac97_codec.c:2959:1: note: in expansion of macro ‘module_exit’
 2959 | module_exit(alsa_ac97_exit)
      | ^~~~~~~~~~~
sound/pci/ac97/ac97_codec.c:2954:20: note: ‘cleanup_module’ target declared here
 2954 | static void __exit alsa_ac97_exit(void)
      |                    ^~~~~~~~~~~~~~
  CC [M]  sound/pci/ac97/ac97_pcm.o
  CC [M]  sound/pci/ac97/ac97_proc.o
  LD [M]  sound/pci/ac97/snd-ac97-codec.o
  LD      sound/pci/ali5451/built-in.o
  LD      sound/pci/asihpi/built-in.o
  LD      sound/pci/au88x0/built-in.o
  LD      sound/pci/aw2/built-in.o
  LD      sound/pci/ca0106/built-in.o
  LD      sound/pci/cs46xx/built-in.o
  LD      sound/pci/cs5535audio/built-in.o
  LD      sound/pci/ctxfi/built-in.o
  LD      sound/pci/echoaudio/built-in.o
  LD      sound/pci/emu10k1/built-in.o
  LD      sound/pci/hda/built-in.o
  LD      sound/pci/ice1712/built-in.o
  LD      sound/pci/korg1212/built-in.o
  LD      sound/pci/lola/built-in.o
  LD      sound/pci/lx6464es/built-in.o
  LD      sound/pci/mixart/built-in.o
  LD      sound/pci/nm256/built-in.o
  LD      sound/pci/oxygen/built-in.o
  LD      sound/pci/pcxhr/built-in.o
  LD      sound/pci/riptide/built-in.o
  LD      sound/pci/rme9652/built-in.o
  LD      sound/pci/trident/built-in.o
  LD      sound/pci/vx222/built-in.o
  LD      sound/pci/ymfpci/built-in.o
  LD      sound/pcmcia/built-in.o
  LD      sound/pcmcia/pdaudiocf/built-in.o
  LD      sound/pcmcia/vx/built-in.o
  LD      sound/ppc/built-in.o
  LD      sound/sh/built-in.o
  LD      sound/soc/built-in.o
  CC [M]  sound/soc/soc-core.o
In file included from sound/soc/soc-core.c:25:
./include/linux/module.h:132:6: warning: ‘init_module’ specifies less restrictive attribute than its target ‘snd_soc_init’: ‘cold’ [-Wmissing-attributes]
  132 |  int init_module(void) __attribute__((alias(#initfn)));
      |      ^~~~~~~~~~~
sound/soc/soc-core.c:3938:1: note: in expansion of macro ‘module_init’
 3938 | module_init(snd_soc_init);
      | ^~~~~~~~~~~
sound/soc/soc-core.c:3931:19: note: ‘init_module’ target declared here
 3931 | static int __init snd_soc_init(void)
      |                   ^~~~~~~~~~~~
In file included from sound/soc/soc-core.c:25:
./include/linux/module.h:138:7: warning: ‘cleanup_module’ specifies less restrictive attribute than its target ‘snd_soc_exit’: ‘cold’ [-Wmissing-attributes]
  138 |  void cleanup_module(void) __attribute__((alias(#exitfn)));
      |       ^~~~~~~~~~~~~~
sound/soc/soc-core.c:3949:1: note: in expansion of macro ‘module_exit’
 3949 | module_exit(snd_soc_exit);
      | ^~~~~~~~~~~
sound/soc/soc-core.c:3940:20: note: ‘cleanup_module’ target declared here
 3940 | static void __exit snd_soc_exit(void)
      |                    ^~~~~~~~~~~~
  CC [M]  sound/soc/soc-dapm.o
  CC [M]  sound/soc/soc-jack.o
  CC [M]  sound/soc/soc-cache.o
  CC [M]  sound/soc/soc-utils.o
  CC [M]  sound/soc/soc-pcm.o
  CC [M]  sound/soc/soc-io.o
  CC [M]  sound/soc/soc-devres.o
  CC [M]  sound/soc/soc-ops.o
  CC [M]  sound/soc/soc-generic-dmaengine-pcm.o
  CC [M]  sound/soc/soc-compress.o
  LD [M]  sound/soc/snd-soc-core.o
  LD      sound/soc/adi/built-in.o
  LD      sound/soc/amd/built-in.o
  LD      sound/soc/atmel/built-in.o
  LD      sound/soc/au1x/built-in.o
  LD      sound/soc/bcm/built-in.o
  CC [M]  sound/soc/bcm/bcm2835-i2s.o
In file included from sound/soc/bcm/bcm2835-i2s.c:40:
./include/linux/module.h:138:7: warning: ‘cleanup_module’ specifies less restrictive attribute than its target ‘bcm2835_i2s_driver_exit’: ‘cold’ [-Wmissing-attributes]
  138 |  void cleanup_module(void) __attribute__((alias(#exitfn)));
      |       ^~~~~~~~~~~~~~
./include/linux/device.h:1360:1: note: in expansion of macro ‘module_exit’
 1360 | module_exit(__driver##_exit);
      | ^~~~~~~~~~~
./include/linux/platform_device.h:228:2: note: in expansion of macro ‘module_driver’
  228 |  module_driver(__platform_driver, platform_driver_register, \
      |  ^~~~~~~~~~~~~
sound/soc/bcm/bcm2835-i2s.c:929:1: note: in expansion of macro ‘module_platform_driver’
  929 | module_platform_driver(bcm2835_i2s_driver);
      | ^~~~~~~~~~~~~~~~~~~~~~
In file included from sound/soc/bcm/bcm2835-i2s.c:37:
sound/soc/bcm/bcm2835-i2s.c:929:24: note: ‘cleanup_module’ target declared here
  929 | module_platform_driver(bcm2835_i2s_driver);
      |                        ^~~~~~~~~~~~~~~~~~
./include/linux/device.h:1356:20: note: in definition of macro ‘module_driver’
 1356 | static void __exit __driver##_exit(void) \
      |                    ^~~~~~~~
sound/soc/bcm/bcm2835-i2s.c:929:1: note: in expansion of macro ‘module_platform_driver’
  929 | module_platform_driver(bcm2835_i2s_driver);
      | ^~~~~~~~~~~~~~~~~~~~~~
In file included from sound/soc/bcm/bcm2835-i2s.c:40:
./include/linux/module.h:132:6: warning: ‘init_module’ specifies less restrictive attribute than its target ‘bcm2835_i2s_driver_init’: ‘cold’ [-Wmissing-attributes]
  132 |  int init_module(void) __attribute__((alias(#initfn)));
      |      ^~~~~~~~~~~
./include/linux/device.h:1355:1: note: in expansion of macro ‘module_init’
 1355 | module_init(__driver##_init); \
      | ^~~~~~~~~~~
./include/linux/platform_device.h:228:2: note: in expansion of macro ‘module_driver’
  228 |  module_driver(__platform_driver, platform_driver_register, \
      |  ^~~~~~~~~~~~~
sound/soc/bcm/bcm2835-i2s.c:929:1: note: in expansion of macro ‘module_platform_driver’
  929 | module_platform_driver(bcm2835_i2s_driver);
      | ^~~~~~~~~~~~~~~~~~~~~~
In file included from sound/soc/bcm/bcm2835-i2s.c:37:
sound/soc/bcm/bcm2835-i2s.c:929:24: note: ‘init_module’ target declared here
  929 | module_platform_driver(bcm2835_i2s_driver);
      |                        ^~~~~~~~~~~~~~~~~~
./include/linux/device.h:1351:19: note: in definition of macro ‘module_driver’
 1351 | static int __init __driver##_init(void) \
      |                   ^~~~~~~~
sound/soc/bcm/bcm2835-i2s.c:929:1: note: in expansion of macro ‘module_platform_driver’
  929 | module_platform_driver(bcm2835_i2s_driver);
      | ^~~~~~~~~~~~~~~~~~~~~~
  LD [M]  sound/soc/bcm/snd-soc-bcm2835-i2s.o
  CC [M]  sound/soc/bcm/adau1977-adc.o
In file included from sound/soc/bcm/adau1977-adc.c:19:
./include/linux/module.h:138:7: warning: ‘cleanup_module’ specifies less restrictive attribute than its target ‘snd_adau1977_adc_driver_exit’: ‘cold’ [-Wmissing-attributes]
  138 |  void cleanup_module(void) __attribute__((alias(#exitfn)));
      |       ^~~~~~~~~~~~~~
./include/linux/device.h:1360:1: note: in expansion of macro ‘module_exit’
 1360 | module_exit(__driver##_exit);
      | ^~~~~~~~~~~
./include/linux/platform_device.h:228:2: note: in expansion of macro ‘module_driver’
  228 |  module_driver(__platform_driver, platform_driver_register, \
      |  ^~~~~~~~~~~~~
sound/soc/bcm/adau1977-adc.c:121:1: note: in expansion of macro ‘module_platform_driver’
  121 | module_platform_driver(snd_adau1977_adc_driver);
      | ^~~~~~~~~~~~~~~~~~~~~~
In file included from ./include/linux/platform_device.h:14,
                 from sound/soc/bcm/adau1977-adc.c:20:
sound/soc/bcm/adau1977-adc.c:121:24: note: ‘cleanup_module’ target declared here
  121 | module_platform_driver(snd_adau1977_adc_driver);
      |                        ^~~~~~~~~~~~~~~~~~~~~~~
./include/linux/device.h:1356:20: note: in definition of macro ‘module_driver’
 1356 | static void __exit __driver##_exit(void) \
      |                    ^~~~~~~~
sound/soc/bcm/adau1977-adc.c:121:1: note: in expansion of macro ‘module_platform_driver’
  121 | module_platform_driver(snd_adau1977_adc_driver);
      | ^~~~~~~~~~~~~~~~~~~~~~
In file included from sound/soc/bcm/adau1977-adc.c:19:
./include/linux/module.h:132:6: warning: ‘init_module’ specifies less restrictive attribute than its target ‘snd_adau1977_adc_driver_init’: ‘cold’ [-Wmissing-attributes]
  132 |  int init_module(void) __attribute__((alias(#initfn)));
      |      ^~~~~~~~~~~
./include/linux/device.h:1355:1: note: in expansion of macro ‘module_init’
 1355 | module_init(__driver##_init); \
      | ^~~~~~~~~~~
./include/linux/platform_device.h:228:2: note: in expansion of macro ‘module_driver’
  228 |  module_driver(__platform_driver, platform_driver_register, \
      |  ^~~~~~~~~~~~~
sound/soc/bcm/adau1977-adc.c:121:1: note: in expansion of macro ‘module_platform_driver’
  121 | module_platform_driver(snd_adau1977_adc_driver);
      | ^~~~~~~~~~~~~~~~~~~~~~
In file included from ./include/linux/platform_device.h:14,
                 from sound/soc/bcm/adau1977-adc.c:20:
sound/soc/bcm/adau1977-adc.c:121:24: note: ‘init_module’ target declared here
  121 | module_platform_driver(snd_adau1977_adc_driver);
      |                        ^~~~~~~~~~~~~~~~~~~~~~~
./include/linux/device.h:1351:19: note: in definition of macro ‘module_driver’
 1351 | static int __init __driver##_init(void) \
      |                   ^~~~~~~~
sound/soc/bcm/adau1977-adc.c:121:1: note: in expansion of macro ‘module_platform_driver’
  121 | module_platform_driver(snd_adau1977_adc_driver);
      | ^~~~~~~~~~~~~~~~~~~~~~
  LD [M]  sound/soc/bcm/snd-soc-adau1977-adc.o
  CC [M]  sound/soc/bcm/googlevoicehat-soundcard.o
In file included from sound/soc/bcm/googlevoicehat-soundcard.c:17:
./include/linux/module.h:138:7: warning: ‘cleanup_module’ specifies less restrictive attribute than its target ‘snd_rpi_googlevoicehat_soundcard_driver_exit’: ‘cold’ [-Wmissing-attributes]
  138 |  void cleanup_module(void) __attribute__((alias(#exitfn)));
      |       ^~~~~~~~~~~~~~
./include/linux/device.h:1360:1: note: in expansion of macro ‘module_exit’
 1360 | module_exit(__driver##_exit);
      | ^~~~~~~~~~~
./include/linux/platform_device.h:228:2: note: in expansion of macro ‘module_driver’
  228 |  module_driver(__platform_driver, platform_driver_register, \
      |  ^~~~~~~~~~~~~
sound/soc/bcm/googlevoicehat-soundcard.c:120:1: note: in expansion of macro ‘module_platform_driver’
  120 | module_platform_driver(snd_rpi_googlevoicehat_soundcard_driver);
      | ^~~~~~~~~~~~~~~~~~~~~~
In file included from ./include/linux/platform_device.h:14,
                 from sound/soc/bcm/googlevoicehat-soundcard.c:18:
sound/soc/bcm/googlevoicehat-soundcard.c:120:24: note: ‘cleanup_module’ target declared here
  120 | module_platform_driver(snd_rpi_googlevoicehat_soundcard_driver);
      |                        ^~~~~~~~~~~~~~~~~~~~~~~~~~~~~~~~~~~~~~~
./include/linux/device.h:1356:20: note: in definition of macro ‘module_driver’
 1356 | static void __exit __driver##_exit(void) \
      |                    ^~~~~~~~
sound/soc/bcm/googlevoicehat-soundcard.c:120:1: note: in expansion of macro ‘module_platform_driver’
  120 | module_platform_driver(snd_rpi_googlevoicehat_soundcard_driver);
      | ^~~~~~~~~~~~~~~~~~~~~~
In file included from sound/soc/bcm/googlevoicehat-soundcard.c:17:
./include/linux/module.h:132:6: warning: ‘init_module’ specifies less restrictive attribute than its target ‘snd_rpi_googlevoicehat_soundcard_driver_init’: ‘cold’ [-Wmissing-attributes]
  132 |  int init_module(void) __attribute__((alias(#initfn)));
      |      ^~~~~~~~~~~
./include/linux/device.h:1355:1: note: in expansion of macro ‘module_init’
 1355 | module_init(__driver##_init); \
      | ^~~~~~~~~~~
./include/linux/platform_device.h:228:2: note: in expansion of macro ‘module_driver’
  228 |  module_driver(__platform_driver, platform_driver_register, \
      |  ^~~~~~~~~~~~~
sound/soc/bcm/googlevoicehat-soundcard.c:120:1: note: in expansion of macro ‘module_platform_driver’
  120 | module_platform_driver(snd_rpi_googlevoicehat_soundcard_driver);
      | ^~~~~~~~~~~~~~~~~~~~~~
In file included from ./include/linux/platform_device.h:14,
                 from sound/soc/bcm/googlevoicehat-soundcard.c:18:
sound/soc/bcm/googlevoicehat-soundcard.c:120:24: note: ‘init_module’ target declared here
  120 | module_platform_driver(snd_rpi_googlevoicehat_soundcard_driver);
      |                        ^~~~~~~~~~~~~~~~~~~~~~~~~~~~~~~~~~~~~~~
./include/linux/device.h:1351:19: note: in definition of macro ‘module_driver’
 1351 | static int __init __driver##_init(void) \
      |                   ^~~~~~~~
sound/soc/bcm/googlevoicehat-soundcard.c:120:1: note: in expansion of macro ‘module_platform_driver’
  120 | module_platform_driver(snd_rpi_googlevoicehat_soundcard_driver);
      | ^~~~~~~~~~~~~~~~~~~~~~
  LD [M]  sound/soc/bcm/snd-soc-googlevoicehat-soundcard.o
  CC [M]  sound/soc/bcm/googlevoicehat-codec.o
In file included from sound/soc/bcm/googlevoicehat-codec.c:24:
./include/linux/module.h:138:7: warning: ‘cleanup_module’ specifies less restrictive attribute than its target ‘voicehat_driver_exit’: ‘cold’ [-Wmissing-attributes]
  138 |  void cleanup_module(void) __attribute__((alias(#exitfn)));
      |       ^~~~~~~~~~~~~~
./include/linux/device.h:1360:1: note: in expansion of macro ‘module_exit’
 1360 | module_exit(__driver##_exit);
      | ^~~~~~~~~~~
./include/linux/platform_device.h:228:2: note: in expansion of macro ‘module_driver’
  228 |  module_driver(__platform_driver, platform_driver_register, \
      |  ^~~~~~~~~~~~~
sound/soc/bcm/googlevoicehat-codec.c:195:1: note: in expansion of macro ‘module_platform_driver’
  195 | module_platform_driver(voicehat_driver);
      | ^~~~~~~~~~~~~~~~~~~~~~
In file included from sound/soc/bcm/googlevoicehat-codec.c:17:
sound/soc/bcm/googlevoicehat-codec.c:195:24: note: ‘cleanup_module’ target declared here
  195 | module_platform_driver(voicehat_driver);
      |                        ^~~~~~~~~~~~~~~
./include/linux/device.h:1356:20: note: in definition of macro ‘module_driver’
 1356 | static void __exit __driver##_exit(void) \
      |                    ^~~~~~~~
sound/soc/bcm/googlevoicehat-codec.c:195:1: note: in expansion of macro ‘module_platform_driver’
  195 | module_platform_driver(voicehat_driver);
      | ^~~~~~~~~~~~~~~~~~~~~~
In file included from sound/soc/bcm/googlevoicehat-codec.c:24:
./include/linux/module.h:132:6: warning: ‘init_module’ specifies less restrictive attribute than its target ‘voicehat_driver_init’: ‘cold’ [-Wmissing-attributes]
  132 |  int init_module(void) __attribute__((alias(#initfn)));
      |      ^~~~~~~~~~~
./include/linux/device.h:1355:1: note: in expansion of macro ‘module_init’
 1355 | module_init(__driver##_init); \
      | ^~~~~~~~~~~
./include/linux/platform_device.h:228:2: note: in expansion of macro ‘module_driver’
  228 |  module_driver(__platform_driver, platform_driver_register, \
      |  ^~~~~~~~~~~~~
sound/soc/bcm/googlevoicehat-codec.c:195:1: note: in expansion of macro ‘module_platform_driver’
  195 | module_platform_driver(voicehat_driver);
      | ^~~~~~~~~~~~~~~~~~~~~~
In file included from sound/soc/bcm/googlevoicehat-codec.c:17:
sound/soc/bcm/googlevoicehat-codec.c:195:24: note: ‘init_module’ target declared here
  195 | module_platform_driver(voicehat_driver);
      |                        ^~~~~~~~~~~~~~~
./include/linux/device.h:1351:19: note: in definition of macro ‘module_driver’
 1351 | static int __init __driver##_init(void) \
      |                   ^~~~~~~~
sound/soc/bcm/googlevoicehat-codec.c:195:1: note: in expansion of macro ‘module_platform_driver’
  195 | module_platform_driver(voicehat_driver);
      | ^~~~~~~~~~~~~~~~~~~~~~
  LD [M]  sound/soc/bcm/snd-soc-googlevoicehat-codec.o
  CC [M]  sound/soc/bcm/hifiberry_amp.o
In file included from sound/soc/bcm/hifiberry_amp.c:17:
./include/linux/module.h:138:7: warning: ‘cleanup_module’ specifies less restrictive attribute than its target ‘snd_rpi_hifiberry_amp_driver_exit’: ‘cold’ [-Wmissing-attributes]
  138 |  void cleanup_module(void) __attribute__((alias(#exitfn)));
      |       ^~~~~~~~~~~~~~
./include/linux/device.h:1360:1: note: in expansion of macro ‘module_exit’
 1360 | module_exit(__driver##_exit);
      | ^~~~~~~~~~~
./include/linux/platform_device.h:228:2: note: in expansion of macro ‘module_driver’
  228 |  module_driver(__platform_driver, platform_driver_register, \
      |  ^~~~~~~~~~~~~
sound/soc/bcm/hifiberry_amp.c:123:1: note: in expansion of macro ‘module_platform_driver’
  123 | module_platform_driver(snd_rpi_hifiberry_amp_driver);
      | ^~~~~~~~~~~~~~~~~~~~~~
In file included from ./include/linux/platform_device.h:14,
                 from sound/soc/bcm/hifiberry_amp.c:18:
sound/soc/bcm/hifiberry_amp.c:123:24: note: ‘cleanup_module’ target declared here
  123 | module_platform_driver(snd_rpi_hifiberry_amp_driver);
      |                        ^~~~~~~~~~~~~~~~~~~~~~~~~~~~
./include/linux/device.h:1356:20: note: in definition of macro ‘module_driver’
 1356 | static void __exit __driver##_exit(void) \
      |                    ^~~~~~~~
sound/soc/bcm/hifiberry_amp.c:123:1: note: in expansion of macro ‘module_platform_driver’
  123 | module_platform_driver(snd_rpi_hifiberry_amp_driver);
      | ^~~~~~~~~~~~~~~~~~~~~~
In file included from sound/soc/bcm/hifiberry_amp.c:17:
./include/linux/module.h:132:6: warning: ‘init_module’ specifies less restrictive attribute than its target ‘snd_rpi_hifiberry_amp_driver_init’: ‘cold’ [-Wmissing-attributes]
  132 |  int init_module(void) __attribute__((alias(#initfn)));
      |      ^~~~~~~~~~~
./include/linux/device.h:1355:1: note: in expansion of macro ‘module_init’
 1355 | module_init(__driver##_init); \
      | ^~~~~~~~~~~
./include/linux/platform_device.h:228:2: note: in expansion of macro ‘module_driver’
  228 |  module_driver(__platform_driver, platform_driver_register, \
      |  ^~~~~~~~~~~~~
sound/soc/bcm/hifiberry_amp.c:123:1: note: in expansion of macro ‘module_platform_driver’
  123 | module_platform_driver(snd_rpi_hifiberry_amp_driver);
      | ^~~~~~~~~~~~~~~~~~~~~~
In file included from ./include/linux/platform_device.h:14,
                 from sound/soc/bcm/hifiberry_amp.c:18:
sound/soc/bcm/hifiberry_amp.c:123:24: note: ‘init_module’ target declared here
  123 | module_platform_driver(snd_rpi_hifiberry_amp_driver);
      |                        ^~~~~~~~~~~~~~~~~~~~~~~~~~~~
./include/linux/device.h:1351:19: note: in definition of macro ‘module_driver’
 1351 | static int __init __driver##_init(void) \
      |                   ^~~~~~~~
sound/soc/bcm/hifiberry_amp.c:123:1: note: in expansion of macro ‘module_platform_driver’
  123 | module_platform_driver(snd_rpi_hifiberry_amp_driver);
      | ^~~~~~~~~~~~~~~~~~~~~~
  LD [M]  sound/soc/bcm/snd-soc-hifiberry-amp.o
  CC [M]  sound/soc/bcm/hifiberry_dac.o
In file included from sound/soc/bcm/hifiberry_dac.c:17:
./include/linux/module.h:138:7: warning: ‘cleanup_module’ specifies less restrictive attribute than its target ‘snd_rpi_hifiberry_dac_driver_exit’: ‘cold’ [-Wmissing-attributes]
  138 |  void cleanup_module(void) __attribute__((alias(#exitfn)));
      |       ^~~~~~~~~~~~~~
./include/linux/device.h:1360:1: note: in expansion of macro ‘module_exit’
 1360 | module_exit(__driver##_exit);
      | ^~~~~~~~~~~
./include/linux/platform_device.h:228:2: note: in expansion of macro ‘module_driver’
  228 |  module_driver(__platform_driver, platform_driver_register, \
      |  ^~~~~~~~~~~~~
sound/soc/bcm/hifiberry_dac.c:120:1: note: in expansion of macro ‘module_platform_driver’
  120 | module_platform_driver(snd_rpi_hifiberry_dac_driver);
      | ^~~~~~~~~~~~~~~~~~~~~~
In file included from ./include/linux/platform_device.h:14,
                 from sound/soc/bcm/hifiberry_dac.c:18:
sound/soc/bcm/hifiberry_dac.c:120:24: note: ‘cleanup_module’ target declared here
  120 | module_platform_driver(snd_rpi_hifiberry_dac_driver);
      |                        ^~~~~~~~~~~~~~~~~~~~~~~~~~~~
./include/linux/device.h:1356:20: note: in definition of macro ‘module_driver’
 1356 | static void __exit __driver##_exit(void) \
      |                    ^~~~~~~~
sound/soc/bcm/hifiberry_dac.c:120:1: note: in expansion of macro ‘module_platform_driver’
  120 | module_platform_driver(snd_rpi_hifiberry_dac_driver);
      | ^~~~~~~~~~~~~~~~~~~~~~
In file included from sound/soc/bcm/hifiberry_dac.c:17:
./include/linux/module.h:132:6: warning: ‘init_module’ specifies less restrictive attribute than its target ‘snd_rpi_hifiberry_dac_driver_init’: ‘cold’ [-Wmissing-attributes]
  132 |  int init_module(void) __attribute__((alias(#initfn)));
      |      ^~~~~~~~~~~
./include/linux/device.h:1355:1: note: in expansion of macro ‘module_init’
 1355 | module_init(__driver##_init); \
      | ^~~~~~~~~~~
./include/linux/platform_device.h:228:2: note: in expansion of macro ‘module_driver’
  228 |  module_driver(__platform_driver, platform_driver_register, \
      |  ^~~~~~~~~~~~~
sound/soc/bcm/hifiberry_dac.c:120:1: note: in expansion of macro ‘module_platform_driver’
  120 | module_platform_driver(snd_rpi_hifiberry_dac_driver);
      | ^~~~~~~~~~~~~~~~~~~~~~
In file included from ./include/linux/platform_device.h:14,
                 from sound/soc/bcm/hifiberry_dac.c:18:
sound/soc/bcm/hifiberry_dac.c:120:24: note: ‘init_module’ target declared here
  120 | module_platform_driver(snd_rpi_hifiberry_dac_driver);
      |                        ^~~~~~~~~~~~~~~~~~~~~~~~~~~~
./include/linux/device.h:1351:19: note: in definition of macro ‘module_driver’
 1351 | static int __init __driver##_init(void) \
      |                   ^~~~~~~~
sound/soc/bcm/hifiberry_dac.c:120:1: note: in expansion of macro ‘module_platform_driver’
  120 | module_platform_driver(snd_rpi_hifiberry_dac_driver);
      | ^~~~~~~~~~~~~~~~~~~~~~
  LD [M]  sound/soc/bcm/snd-soc-hifiberry-dac.o
  CC [M]  sound/soc/bcm/hifiberry_dacplus.o
In file included from sound/soc/bcm/hifiberry_dacplus.c:18:
./include/linux/module.h:138:7: warning: ‘cleanup_module’ specifies less restrictive attribute than its target ‘snd_rpi_hifiberry_dacplus_driver_exit’: ‘cold’ [-Wmissing-attributes]
  138 |  void cleanup_module(void) __attribute__((alias(#exitfn)));
      |       ^~~~~~~~~~~~~~
./include/linux/device.h:1360:1: note: in expansion of macro ‘module_exit’
 1360 | module_exit(__driver##_exit);
      | ^~~~~~~~~~~
./include/linux/platform_device.h:228:2: note: in expansion of macro ‘module_driver’
  228 |  module_driver(__platform_driver, platform_driver_register, \
      |  ^~~~~~~~~~~~~
sound/soc/bcm/hifiberry_dacplus.c:356:1: note: in expansion of macro ‘module_platform_driver’
  356 | module_platform_driver(snd_rpi_hifiberry_dacplus_driver);
      | ^~~~~~~~~~~~~~~~~~~~~~
In file included from ./include/linux/platform_device.h:14,
                 from sound/soc/bcm/hifiberry_dacplus.c:19:
sound/soc/bcm/hifiberry_dacplus.c:356:24: note: ‘cleanup_module’ target declared here
  356 | module_platform_driver(snd_rpi_hifiberry_dacplus_driver);
      |                        ^~~~~~~~~~~~~~~~~~~~~~~~~~~~~~~~
./include/linux/device.h:1356:20: note: in definition of macro ‘module_driver’
 1356 | static void __exit __driver##_exit(void) \
      |                    ^~~~~~~~
sound/soc/bcm/hifiberry_dacplus.c:356:1: note: in expansion of macro ‘module_platform_driver’
  356 | module_platform_driver(snd_rpi_hifiberry_dacplus_driver);
      | ^~~~~~~~~~~~~~~~~~~~~~
In file included from sound/soc/bcm/hifiberry_dacplus.c:18:
./include/linux/module.h:132:6: warning: ‘init_module’ specifies less restrictive attribute than its target ‘snd_rpi_hifiberry_dacplus_driver_init’: ‘cold’ [-Wmissing-attributes]
  132 |  int init_module(void) __attribute__((alias(#initfn)));
      |      ^~~~~~~~~~~
./include/linux/device.h:1355:1: note: in expansion of macro ‘module_init’
 1355 | module_init(__driver##_init); \
      | ^~~~~~~~~~~
./include/linux/platform_device.h:228:2: note: in expansion of macro ‘module_driver’
  228 |  module_driver(__platform_driver, platform_driver_register, \
      |  ^~~~~~~~~~~~~
sound/soc/bcm/hifiberry_dacplus.c:356:1: note: in expansion of macro ‘module_platform_driver’
  356 | module_platform_driver(snd_rpi_hifiberry_dacplus_driver);
      | ^~~~~~~~~~~~~~~~~~~~~~
In file included from ./include/linux/platform_device.h:14,
                 from sound/soc/bcm/hifiberry_dacplus.c:19:
sound/soc/bcm/hifiberry_dacplus.c:356:24: note: ‘init_module’ target declared here
  356 | module_platform_driver(snd_rpi_hifiberry_dacplus_driver);
      |                        ^~~~~~~~~~~~~~~~~~~~~~~~~~~~~~~~
./include/linux/device.h:1351:19: note: in definition of macro ‘module_driver’
 1351 | static int __init __driver##_init(void) \
      |                   ^~~~~~~~
sound/soc/bcm/hifiberry_dacplus.c:356:1: note: in expansion of macro ‘module_platform_driver’
  356 | module_platform_driver(snd_rpi_hifiberry_dacplus_driver);
      | ^~~~~~~~~~~~~~~~~~~~~~
  LD [M]  sound/soc/bcm/snd-soc-hifiberry-dacplus.o
  CC [M]  sound/soc/bcm/hifiberry_digi.o
In file included from sound/soc/bcm/hifiberry_digi.c:18:
./include/linux/module.h:138:7: warning: ‘cleanup_module’ specifies less restrictive attribute than its target ‘snd_rpi_hifiberry_digi_driver_exit’: ‘cold’ [-Wmissing-attributes]
  138 |  void cleanup_module(void) __attribute__((alias(#exitfn)));
      |       ^~~~~~~~~~~~~~
./include/linux/device.h:1360:1: note: in expansion of macro ‘module_exit’
 1360 | module_exit(__driver##_exit);
      | ^~~~~~~~~~~
./include/linux/platform_device.h:228:2: note: in expansion of macro ‘module_driver’
  228 |  module_driver(__platform_driver, platform_driver_register, \
      |  ^~~~~~~~~~~~~
sound/soc/bcm/hifiberry_digi.c:272:1: note: in expansion of macro ‘module_platform_driver’
  272 | module_platform_driver(snd_rpi_hifiberry_digi_driver);
      | ^~~~~~~~~~~~~~~~~~~~~~
In file included from ./include/linux/platform_device.h:14,
                 from sound/soc/bcm/hifiberry_digi.c:19:
sound/soc/bcm/hifiberry_digi.c:272:24: note: ‘cleanup_module’ target declared here
  272 | module_platform_driver(snd_rpi_hifiberry_digi_driver);
      |                        ^~~~~~~~~~~~~~~~~~~~~~~~~~~~~
./include/linux/device.h:1356:20: note: in definition of macro ‘module_driver’
 1356 | static void __exit __driver##_exit(void) \
      |                    ^~~~~~~~
sound/soc/bcm/hifiberry_digi.c:272:1: note: in expansion of macro ‘module_platform_driver’
  272 | module_platform_driver(snd_rpi_hifiberry_digi_driver);
      | ^~~~~~~~~~~~~~~~~~~~~~
In file included from sound/soc/bcm/hifiberry_digi.c:18:
./include/linux/module.h:132:6: warning: ‘init_module’ specifies less restrictive attribute than its target ‘snd_rpi_hifiberry_digi_driver_init’: ‘cold’ [-Wmissing-attributes]
  132 |  int init_module(void) __attribute__((alias(#initfn)));
      |      ^~~~~~~~~~~
./include/linux/device.h:1355:1: note: in expansion of macro ‘module_init’
 1355 | module_init(__driver##_init); \
      | ^~~~~~~~~~~
./include/linux/platform_device.h:228:2: note: in expansion of macro ‘module_driver’
  228 |  module_driver(__platform_driver, platform_driver_register, \
      |  ^~~~~~~~~~~~~
sound/soc/bcm/hifiberry_digi.c:272:1: note: in expansion of macro ‘module_platform_driver’
  272 | module_platform_driver(snd_rpi_hifiberry_digi_driver);
      | ^~~~~~~~~~~~~~~~~~~~~~
In file included from ./include/linux/platform_device.h:14,
                 from sound/soc/bcm/hifiberry_digi.c:19:
sound/soc/bcm/hifiberry_digi.c:272:24: note: ‘init_module’ target declared here
  272 | module_platform_driver(snd_rpi_hifiberry_digi_driver);
      |                        ^~~~~~~~~~~~~~~~~~~~~~~~~~~~~
./include/linux/device.h:1351:19: note: in definition of macro ‘module_driver’
 1351 | static int __init __driver##_init(void) \
      |                   ^~~~~~~~
sound/soc/bcm/hifiberry_digi.c:272:1: note: in expansion of macro ‘module_platform_driver’
  272 | module_platform_driver(snd_rpi_hifiberry_digi_driver);
      | ^~~~~~~~~~~~~~~~~~~~~~
  LD [M]  sound/soc/bcm/snd-soc-hifiberry-digi.o
  CC [M]  sound/soc/bcm/justboom-dac.o
In file included from sound/soc/bcm/justboom-dac.c:19:
./include/linux/module.h:138:7: warning: ‘cleanup_module’ specifies less restrictive attribute than its target ‘snd_rpi_justboom_dac_driver_exit’: ‘cold’ [-Wmissing-attributes]
  138 |  void cleanup_module(void) __attribute__((alias(#exitfn)));
      |       ^~~~~~~~~~~~~~
./include/linux/device.h:1360:1: note: in expansion of macro ‘module_exit’
 1360 | module_exit(__driver##_exit);
      | ^~~~~~~~~~~
./include/linux/platform_device.h:228:2: note: in expansion of macro ‘module_driver’
  228 |  module_driver(__platform_driver, platform_driver_register, \
      |  ^~~~~~~~~~~~~
sound/soc/bcm/justboom-dac.c:159:1: note: in expansion of macro ‘module_platform_driver’
  159 | module_platform_driver(snd_rpi_justboom_dac_driver);
      | ^~~~~~~~~~~~~~~~~~~~~~
In file included from ./include/linux/platform_device.h:14,
                 from sound/soc/bcm/justboom-dac.c:20:
sound/soc/bcm/justboom-dac.c:159:24: note: ‘cleanup_module’ target declared here
  159 | module_platform_driver(snd_rpi_justboom_dac_driver);
      |                        ^~~~~~~~~~~~~~~~~~~~~~~~~~~
./include/linux/device.h:1356:20: note: in definition of macro ‘module_driver’
 1356 | static void __exit __driver##_exit(void) \
      |                    ^~~~~~~~
sound/soc/bcm/justboom-dac.c:159:1: note: in expansion of macro ‘module_platform_driver’
  159 | module_platform_driver(snd_rpi_justboom_dac_driver);
      | ^~~~~~~~~~~~~~~~~~~~~~
In file included from sound/soc/bcm/justboom-dac.c:19:
./include/linux/module.h:132:6: warning: ‘init_module’ specifies less restrictive attribute than its target ‘snd_rpi_justboom_dac_driver_init’: ‘cold’ [-Wmissing-attributes]
  132 |  int init_module(void) __attribute__((alias(#initfn)));
      |      ^~~~~~~~~~~
./include/linux/device.h:1355:1: note: in expansion of macro ‘module_init’
 1355 | module_init(__driver##_init); \
      | ^~~~~~~~~~~
./include/linux/platform_device.h:228:2: note: in expansion of macro ‘module_driver’
  228 |  module_driver(__platform_driver, platform_driver_register, \
      |  ^~~~~~~~~~~~~
sound/soc/bcm/justboom-dac.c:159:1: note: in expansion of macro ‘module_platform_driver’
  159 | module_platform_driver(snd_rpi_justboom_dac_driver);
      | ^~~~~~~~~~~~~~~~~~~~~~
In file included from ./include/linux/platform_device.h:14,
                 from sound/soc/bcm/justboom-dac.c:20:
sound/soc/bcm/justboom-dac.c:159:24: note: ‘init_module’ target declared here
  159 | module_platform_driver(snd_rpi_justboom_dac_driver);
      |                        ^~~~~~~~~~~~~~~~~~~~~~~~~~~
./include/linux/device.h:1351:19: note: in definition of macro ‘module_driver’
 1351 | static int __init __driver##_init(void) \
      |                   ^~~~~~~~
sound/soc/bcm/justboom-dac.c:159:1: note: in expansion of macro ‘module_platform_driver’
  159 | module_platform_driver(snd_rpi_justboom_dac_driver);
      | ^~~~~~~~~~~~~~~~~~~~~~
  LD [M]  sound/soc/bcm/snd-soc-justboom-dac.o
  CC [M]  sound/soc/bcm/justboom-digi.o
In file included from sound/soc/bcm/justboom-digi.c:19:
./include/linux/module.h:138:7: warning: ‘cleanup_module’ specifies less restrictive attribute than its target ‘snd_rpi_justboom_digi_driver_exit’: ‘cold’ [-Wmissing-attributes]
  138 |  void cleanup_module(void) __attribute__((alias(#exitfn)));
      |       ^~~~~~~~~~~~~~
./include/linux/device.h:1360:1: note: in expansion of macro ‘module_exit’
 1360 | module_exit(__driver##_exit);
      | ^~~~~~~~~~~
./include/linux/platform_device.h:228:2: note: in expansion of macro ‘module_driver’
  228 |  module_driver(__platform_driver, platform_driver_register, \
      |  ^~~~~~~~~~~~~
sound/soc/bcm/justboom-digi.c:212:1: note: in expansion of macro ‘module_platform_driver’
  212 | module_platform_driver(snd_rpi_justboom_digi_driver);
      | ^~~~~~~~~~~~~~~~~~~~~~
In file included from ./include/linux/platform_device.h:14,
                 from sound/soc/bcm/justboom-digi.c:20:
sound/soc/bcm/justboom-digi.c:212:24: note: ‘cleanup_module’ target declared here
  212 | module_platform_driver(snd_rpi_justboom_digi_driver);
      |                        ^~~~~~~~~~~~~~~~~~~~~~~~~~~~
./include/linux/device.h:1356:20: note: in definition of macro ‘module_driver’
 1356 | static void __exit __driver##_exit(void) \
      |                    ^~~~~~~~
sound/soc/bcm/justboom-digi.c:212:1: note: in expansion of macro ‘module_platform_driver’
  212 | module_platform_driver(snd_rpi_justboom_digi_driver);
      | ^~~~~~~~~~~~~~~~~~~~~~
In file included from sound/soc/bcm/justboom-digi.c:19:
./include/linux/module.h:132:6: warning: ‘init_module’ specifies less restrictive attribute than its target ‘snd_rpi_justboom_digi_driver_init’: ‘cold’ [-Wmissing-attributes]
  132 |  int init_module(void) __attribute__((alias(#initfn)));
      |      ^~~~~~~~~~~
./include/linux/device.h:1355:1: note: in expansion of macro ‘module_init’
 1355 | module_init(__driver##_init); \
      | ^~~~~~~~~~~
./include/linux/platform_device.h:228:2: note: in expansion of macro ‘module_driver’
  228 |  module_driver(__platform_driver, platform_driver_register, \
      |  ^~~~~~~~~~~~~
sound/soc/bcm/justboom-digi.c:212:1: note: in expansion of macro ‘module_platform_driver’
  212 | module_platform_driver(snd_rpi_justboom_digi_driver);
      | ^~~~~~~~~~~~~~~~~~~~~~
In file included from ./include/linux/platform_device.h:14,
                 from sound/soc/bcm/justboom-digi.c:20:
sound/soc/bcm/justboom-digi.c:212:24: note: ‘init_module’ target declared here
  212 | module_platform_driver(snd_rpi_justboom_digi_driver);
      |                        ^~~~~~~~~~~~~~~~~~~~~~~~~~~~
./include/linux/device.h:1351:19: note: in definition of macro ‘module_driver’
 1351 | static int __init __driver##_init(void) \
      |                   ^~~~~~~~
sound/soc/bcm/justboom-digi.c:212:1: note: in expansion of macro ‘module_platform_driver’
  212 | module_platform_driver(snd_rpi_justboom_digi_driver);
      | ^~~~~~~~~~~~~~~~~~~~~~
  LD [M]  sound/soc/bcm/snd-soc-justboom-digi.o
  CC [M]  sound/soc/bcm/rpi-cirrus.o
In file included from sound/soc/bcm/rpi-cirrus.c:14:
./include/linux/module.h:138:7: warning: ‘cleanup_module’ specifies less restrictive attribute than its target ‘rpi_cirrus_driver_exit’: ‘cold’ [-Wmissing-attributes]
  138 |  void cleanup_module(void) __attribute__((alias(#exitfn)));
      |       ^~~~~~~~~~~~~~
./include/linux/device.h:1360:1: note: in expansion of macro ‘module_exit’
 1360 | module_exit(__driver##_exit);
      | ^~~~~~~~~~~
./include/linux/platform_device.h:228:2: note: in expansion of macro ‘module_driver’
  228 |  module_driver(__platform_driver, platform_driver_register, \
      |  ^~~~~~~~~~~~~
sound/soc/bcm/rpi-cirrus.c:999:1: note: in expansion of macro ‘module_platform_driver’
  999 | module_platform_driver(rpi_cirrus_driver);
      | ^~~~~~~~~~~~~~~~~~~~~~
In file included from ./include/linux/miscdevice.h:6,
                 from ./include/linux/pm_qos.h:9,
                 from ./include/sound/pcm.h:32,
                 from ./include/sound/pcm_params.h:25,
                 from sound/soc/bcm/rpi-cirrus.c:19:
sound/soc/bcm/rpi-cirrus.c:999:24: note: ‘cleanup_module’ target declared here
  999 | module_platform_driver(rpi_cirrus_driver);
      |                        ^~~~~~~~~~~~~~~~~
./include/linux/device.h:1356:20: note: in definition of macro ‘module_driver’
 1356 | static void __exit __driver##_exit(void) \
      |                    ^~~~~~~~
sound/soc/bcm/rpi-cirrus.c:999:1: note: in expansion of macro ‘module_platform_driver’
  999 | module_platform_driver(rpi_cirrus_driver);
      | ^~~~~~~~~~~~~~~~~~~~~~
In file included from sound/soc/bcm/rpi-cirrus.c:14:
./include/linux/module.h:132:6: warning: ‘init_module’ specifies less restrictive attribute than its target ‘rpi_cirrus_driver_init’: ‘cold’ [-Wmissing-attributes]
  132 |  int init_module(void) __attribute__((alias(#initfn)));
      |      ^~~~~~~~~~~
./include/linux/device.h:1355:1: note: in expansion of macro ‘module_init’
 1355 | module_init(__driver##_init); \
      | ^~~~~~~~~~~
./include/linux/platform_device.h:228:2: note: in expansion of macro ‘module_driver’
  228 |  module_driver(__platform_driver, platform_driver_register, \
      |  ^~~~~~~~~~~~~
sound/soc/bcm/rpi-cirrus.c:999:1: note: in expansion of macro ‘module_platform_driver’
  999 | module_platform_driver(rpi_cirrus_driver);
      | ^~~~~~~~~~~~~~~~~~~~~~
In file included from ./include/linux/miscdevice.h:6,
                 from ./include/linux/pm_qos.h:9,
                 from ./include/sound/pcm.h:32,
                 from ./include/sound/pcm_params.h:25,
                 from sound/soc/bcm/rpi-cirrus.c:19:
sound/soc/bcm/rpi-cirrus.c:999:24: note: ‘init_module’ target declared here
  999 | module_platform_driver(rpi_cirrus_driver);
      |                        ^~~~~~~~~~~~~~~~~
./include/linux/device.h:1351:19: note: in definition of macro ‘module_driver’
 1351 | static int __init __driver##_init(void) \
      |                   ^~~~~~~~
sound/soc/bcm/rpi-cirrus.c:999:1: note: in expansion of macro ‘module_platform_driver’
  999 | module_platform_driver(rpi_cirrus_driver);
      | ^~~~~~~~~~~~~~~~~~~~~~
  LD [M]  sound/soc/bcm/snd-soc-rpi-cirrus.o
  CC [M]  sound/soc/bcm/rpi-dac.o
In file included from sound/soc/bcm/rpi-dac.c:17:
./include/linux/module.h:138:7: warning: ‘cleanup_module’ specifies less restrictive attribute than its target ‘snd_rpi_rpi_dac_driver_exit’: ‘cold’ [-Wmissing-attributes]
  138 |  void cleanup_module(void) __attribute__((alias(#exitfn)));
      |       ^~~~~~~~~~~~~~
./include/linux/device.h:1360:1: note: in expansion of macro ‘module_exit’
 1360 | module_exit(__driver##_exit);
      | ^~~~~~~~~~~
./include/linux/platform_device.h:228:2: note: in expansion of macro ‘module_driver’
  228 |  module_driver(__platform_driver, platform_driver_register, \
      |  ^~~~~~~~~~~~~
sound/soc/bcm/rpi-dac.c:115:1: note: in expansion of macro ‘module_platform_driver’
  115 | module_platform_driver(snd_rpi_rpi_dac_driver);
      | ^~~~~~~~~~~~~~~~~~~~~~
In file included from ./include/linux/platform_device.h:14,
                 from sound/soc/bcm/rpi-dac.c:18:
sound/soc/bcm/rpi-dac.c:115:24: note: ‘cleanup_module’ target declared here
  115 | module_platform_driver(snd_rpi_rpi_dac_driver);
      |                        ^~~~~~~~~~~~~~~~~~~~~~
./include/linux/device.h:1356:20: note: in definition of macro ‘module_driver’
 1356 | static void __exit __driver##_exit(void) \
      |                    ^~~~~~~~
sound/soc/bcm/rpi-dac.c:115:1: note: in expansion of macro ‘module_platform_driver’
  115 | module_platform_driver(snd_rpi_rpi_dac_driver);
      | ^~~~~~~~~~~~~~~~~~~~~~
In file included from sound/soc/bcm/rpi-dac.c:17:
./include/linux/module.h:132:6: warning: ‘init_module’ specifies less restrictive attribute than its target ‘snd_rpi_rpi_dac_driver_init’: ‘cold’ [-Wmissing-attributes]
  132 |  int init_module(void) __attribute__((alias(#initfn)));
      |      ^~~~~~~~~~~
./include/linux/device.h:1355:1: note: in expansion of macro ‘module_init’
 1355 | module_init(__driver##_init); \
      | ^~~~~~~~~~~
./include/linux/platform_device.h:228:2: note: in expansion of macro ‘module_driver’
  228 |  module_driver(__platform_driver, platform_driver_register, \
      |  ^~~~~~~~~~~~~
sound/soc/bcm/rpi-dac.c:115:1: note: in expansion of macro ‘module_platform_driver’
  115 | module_platform_driver(snd_rpi_rpi_dac_driver);
      | ^~~~~~~~~~~~~~~~~~~~~~
In file included from ./include/linux/platform_device.h:14,
                 from sound/soc/bcm/rpi-dac.c:18:
sound/soc/bcm/rpi-dac.c:115:24: note: ‘init_module’ target declared here
  115 | module_platform_driver(snd_rpi_rpi_dac_driver);
      |                        ^~~~~~~~~~~~~~~~~~~~~~
./include/linux/device.h:1351:19: note: in definition of macro ‘module_driver’
 1351 | static int __init __driver##_init(void) \
      |                   ^~~~~~~~
sound/soc/bcm/rpi-dac.c:115:1: note: in expansion of macro ‘module_platform_driver’
  115 | module_platform_driver(snd_rpi_rpi_dac_driver);
      | ^~~~~~~~~~~~~~~~~~~~~~
  LD [M]  sound/soc/bcm/snd-soc-rpi-dac.o
  CC [M]  sound/soc/bcm/rpi-proto.o
In file included from sound/soc/bcm/rpi-proto.c:13:
./include/linux/module.h:138:7: warning: ‘cleanup_module’ specifies less restrictive attribute than its target ‘snd_rpi_proto_driver_exit’: ‘cold’ [-Wmissing-attributes]
  138 |  void cleanup_module(void) __attribute__((alias(#exitfn)));
      |       ^~~~~~~~~~~~~~
./include/linux/device.h:1360:1: note: in expansion of macro ‘module_exit’
 1360 | module_exit(__driver##_exit);
      | ^~~~~~~~~~~
./include/linux/platform_device.h:228:2: note: in expansion of macro ‘module_driver’
  228 |  module_driver(__platform_driver, platform_driver_register, \
      |  ^~~~~~~~~~~~~
sound/soc/bcm/rpi-proto.c:149:1: note: in expansion of macro ‘module_platform_driver’
  149 | module_platform_driver(snd_rpi_proto_driver);
      | ^~~~~~~~~~~~~~~~~~~~~~
In file included from ./include/linux/platform_device.h:14,
                 from sound/soc/bcm/rpi-proto.c:14:
sound/soc/bcm/rpi-proto.c:149:24: note: ‘cleanup_module’ target declared here
  149 | module_platform_driver(snd_rpi_proto_driver);
      |                        ^~~~~~~~~~~~~~~~~~~~
./include/linux/device.h:1356:20: note: in definition of macro ‘module_driver’
 1356 | static void __exit __driver##_exit(void) \
      |                    ^~~~~~~~
sound/soc/bcm/rpi-proto.c:149:1: note: in expansion of macro ‘module_platform_driver’
  149 | module_platform_driver(snd_rpi_proto_driver);
      | ^~~~~~~~~~~~~~~~~~~~~~
In file included from sound/soc/bcm/rpi-proto.c:13:
./include/linux/module.h:132:6: warning: ‘init_module’ specifies less restrictive attribute than its target ‘snd_rpi_proto_driver_init’: ‘cold’ [-Wmissing-attributes]
  132 |  int init_module(void) __attribute__((alias(#initfn)));
      |      ^~~~~~~~~~~
./include/linux/device.h:1355:1: note: in expansion of macro ‘module_init’
 1355 | module_init(__driver##_init); \
      | ^~~~~~~~~~~
./include/linux/platform_device.h:228:2: note: in expansion of macro ‘module_driver’
  228 |  module_driver(__platform_driver, platform_driver_register, \
      |  ^~~~~~~~~~~~~
sound/soc/bcm/rpi-proto.c:149:1: note: in expansion of macro ‘module_platform_driver’
  149 | module_platform_driver(snd_rpi_proto_driver);
      | ^~~~~~~~~~~~~~~~~~~~~~
In file included from ./include/linux/platform_device.h:14,
                 from sound/soc/bcm/rpi-proto.c:14:
sound/soc/bcm/rpi-proto.c:149:24: note: ‘init_module’ target declared here
  149 | module_platform_driver(snd_rpi_proto_driver);
      |                        ^~~~~~~~~~~~~~~~~~~~
./include/linux/device.h:1351:19: note: in definition of macro ‘module_driver’
 1351 | static int __init __driver##_init(void) \
      |                   ^~~~~~~~
sound/soc/bcm/rpi-proto.c:149:1: note: in expansion of macro ‘module_platform_driver’
  149 | module_platform_driver(snd_rpi_proto_driver);
      | ^~~~~~~~~~~~~~~~~~~~~~
  LD [M]  sound/soc/bcm/snd-soc-rpi-proto.o
  CC [M]  sound/soc/bcm/iqaudio-dac.o
In file included from sound/soc/bcm/iqaudio-dac.c:17:
./include/linux/module.h:138:7: warning: ‘cleanup_module’ specifies less restrictive attribute than its target ‘snd_rpi_iqaudio_dac_driver_exit’: ‘cold’ [-Wmissing-attributes]
  138 |  void cleanup_module(void) __attribute__((alias(#exitfn)));
      |       ^~~~~~~~~~~~~~
./include/linux/device.h:1360:1: note: in expansion of macro ‘module_exit’
 1360 | module_exit(__driver##_exit);
      | ^~~~~~~~~~~
./include/linux/platform_device.h:228:2: note: in expansion of macro ‘module_driver’
  228 |  module_driver(__platform_driver, platform_driver_register, \
      |  ^~~~~~~~~~~~~
sound/soc/bcm/iqaudio-dac.c:235:1: note: in expansion of macro ‘module_platform_driver’
  235 | module_platform_driver(snd_rpi_iqaudio_dac_driver);
      | ^~~~~~~~~~~~~~~~~~~~~~
In file included from ./include/linux/platform_device.h:14,
                 from sound/soc/bcm/iqaudio-dac.c:19:
sound/soc/bcm/iqaudio-dac.c:235:24: note: ‘cleanup_module’ target declared here
  235 | module_platform_driver(snd_rpi_iqaudio_dac_driver);
      |                        ^~~~~~~~~~~~~~~~~~~~~~~~~~
./include/linux/device.h:1356:20: note: in definition of macro ‘module_driver’
 1356 | static void __exit __driver##_exit(void) \
      |                    ^~~~~~~~
sound/soc/bcm/iqaudio-dac.c:235:1: note: in expansion of macro ‘module_platform_driver’
  235 | module_platform_driver(snd_rpi_iqaudio_dac_driver);
      | ^~~~~~~~~~~~~~~~~~~~~~
In file included from sound/soc/bcm/iqaudio-dac.c:17:
./include/linux/module.h:132:6: warning: ‘init_module’ specifies less restrictive attribute than its target ‘snd_rpi_iqaudio_dac_driver_init’: ‘cold’ [-Wmissing-attributes]
  132 |  int init_module(void) __attribute__((alias(#initfn)));
      |      ^~~~~~~~~~~
./include/linux/device.h:1355:1: note: in expansion of macro ‘module_init’
 1355 | module_init(__driver##_init); \
      | ^~~~~~~~~~~
./include/linux/platform_device.h:228:2: note: in expansion of macro ‘module_driver’
  228 |  module_driver(__platform_driver, platform_driver_register, \
      |  ^~~~~~~~~~~~~
sound/soc/bcm/iqaudio-dac.c:235:1: note: in expansion of macro ‘module_platform_driver’
  235 | module_platform_driver(snd_rpi_iqaudio_dac_driver);
      | ^~~~~~~~~~~~~~~~~~~~~~
In file included from ./include/linux/platform_device.h:14,
                 from sound/soc/bcm/iqaudio-dac.c:19:
sound/soc/bcm/iqaudio-dac.c:235:24: note: ‘init_module’ target declared here
  235 | module_platform_driver(snd_rpi_iqaudio_dac_driver);
      |                        ^~~~~~~~~~~~~~~~~~~~~~~~~~
./include/linux/device.h:1351:19: note: in definition of macro ‘module_driver’
 1351 | static int __init __driver##_init(void) \
      |                   ^~~~~~~~
sound/soc/bcm/iqaudio-dac.c:235:1: note: in expansion of macro ‘module_platform_driver’
  235 | module_platform_driver(snd_rpi_iqaudio_dac_driver);
      | ^~~~~~~~~~~~~~~~~~~~~~
  LD [M]  sound/soc/bcm/snd-soc-iqaudio-dac.o
  CC [M]  sound/soc/bcm/iqaudio_digi.o
In file included from sound/soc/bcm/iqaudio_digi.c:18:
./include/linux/module.h:138:7: warning: ‘cleanup_module’ specifies less restrictive attribute than its target ‘snd_rpi_iqaudio_digi_driver_exit’: ‘cold’ [-Wmissing-attributes]
  138 |  void cleanup_module(void) __attribute__((alias(#exitfn)));
      |       ^~~~~~~~~~~~~~
./include/linux/device.h:1360:1: note: in expansion of macro ‘module_exit’
 1360 | module_exit(__driver##_exit);
      | ^~~~~~~~~~~
./include/linux/platform_device.h:228:2: note: in expansion of macro ‘module_driver’
  228 |  module_driver(__platform_driver, platform_driver_register, \
      |  ^~~~~~~~~~~~~
sound/soc/bcm/iqaudio_digi.c:235:1: note: in expansion of macro ‘module_platform_driver’
  235 | module_platform_driver(snd_rpi_iqaudio_digi_driver);
      | ^~~~~~~~~~~~~~~~~~~~~~
In file included from ./include/linux/platform_device.h:14,
                 from sound/soc/bcm/iqaudio_digi.c:19:
sound/soc/bcm/iqaudio_digi.c:235:24: note: ‘cleanup_module’ target declared here
  235 | module_platform_driver(snd_rpi_iqaudio_digi_driver);
      |                        ^~~~~~~~~~~~~~~~~~~~~~~~~~~
./include/linux/device.h:1356:20: note: in definition of macro ‘module_driver’
 1356 | static void __exit __driver##_exit(void) \
      |                    ^~~~~~~~
sound/soc/bcm/iqaudio_digi.c:235:1: note: in expansion of macro ‘module_platform_driver’
  235 | module_platform_driver(snd_rpi_iqaudio_digi_driver);
      | ^~~~~~~~~~~~~~~~~~~~~~
In file included from sound/soc/bcm/iqaudio_digi.c:18:
./include/linux/module.h:132:6: warning: ‘init_module’ specifies less restrictive attribute than its target ‘snd_rpi_iqaudio_digi_driver_init’: ‘cold’ [-Wmissing-attributes]
  132 |  int init_module(void) __attribute__((alias(#initfn)));
      |      ^~~~~~~~~~~
./include/linux/device.h:1355:1: note: in expansion of macro ‘module_init’
 1355 | module_init(__driver##_init); \
      | ^~~~~~~~~~~
./include/linux/platform_device.h:228:2: note: in expansion of macro ‘module_driver’
  228 |  module_driver(__platform_driver, platform_driver_register, \
      |  ^~~~~~~~~~~~~
sound/soc/bcm/iqaudio_digi.c:235:1: note: in expansion of macro ‘module_platform_driver’
  235 | module_platform_driver(snd_rpi_iqaudio_digi_driver);
      | ^~~~~~~~~~~~~~~~~~~~~~
In file included from ./include/linux/platform_device.h:14,
                 from sound/soc/bcm/iqaudio_digi.c:19:
sound/soc/bcm/iqaudio_digi.c:235:24: note: ‘init_module’ target declared here
  235 | module_platform_driver(snd_rpi_iqaudio_digi_driver);
      |                        ^~~~~~~~~~~~~~~~~~~~~~~~~~~
./include/linux/device.h:1351:19: note: in definition of macro ‘module_driver’
 1351 | static int __init __driver##_init(void) \
      |                   ^~~~~~~~
sound/soc/bcm/iqaudio_digi.c:235:1: note: in expansion of macro ‘module_platform_driver’
  235 | module_platform_driver(snd_rpi_iqaudio_digi_driver);
      | ^~~~~~~~~~~~~~~~~~~~~~
  LD [M]  sound/soc/bcm/snd-soc-iqaudio-digi.o
  CC [M]  sound/soc/bcm/raspidac3.o
In file included from sound/soc/bcm/raspidac3.c:19:
./include/linux/module.h:138:7: warning: ‘cleanup_module’ specifies less restrictive attribute than its target ‘snd_rpi_raspidac3_driver_exit’: ‘cold’ [-Wmissing-attributes]
  138 |  void cleanup_module(void) __attribute__((alias(#exitfn)));
      |       ^~~~~~~~~~~~~~
./include/linux/device.h:1360:1: note: in expansion of macro ‘module_exit’
 1360 | module_exit(__driver##_exit);
      | ^~~~~~~~~~~
./include/linux/platform_device.h:228:2: note: in expansion of macro ‘module_driver’
  228 |  module_driver(__platform_driver, platform_driver_register, \
      |  ^~~~~~~~~~~~~
sound/soc/bcm/raspidac3.c:182:1: note: in expansion of macro ‘module_platform_driver’
  182 | module_platform_driver(snd_rpi_raspidac3_driver);
      | ^~~~~~~~~~~~~~~~~~~~~~
In file included from ./include/linux/platform_device.h:14,
                 from sound/soc/bcm/raspidac3.c:20:
sound/soc/bcm/raspidac3.c:182:24: note: ‘cleanup_module’ target declared here
  182 | module_platform_driver(snd_rpi_raspidac3_driver);
      |                        ^~~~~~~~~~~~~~~~~~~~~~~~
./include/linux/device.h:1356:20: note: in definition of macro ‘module_driver’
 1356 | static void __exit __driver##_exit(void) \
      |                    ^~~~~~~~
sound/soc/bcm/raspidac3.c:182:1: note: in expansion of macro ‘module_platform_driver’
  182 | module_platform_driver(snd_rpi_raspidac3_driver);
      | ^~~~~~~~~~~~~~~~~~~~~~
In file included from sound/soc/bcm/raspidac3.c:19:
./include/linux/module.h:132:6: warning: ‘init_module’ specifies less restrictive attribute than its target ‘snd_rpi_raspidac3_driver_init’: ‘cold’ [-Wmissing-attributes]
  132 |  int init_module(void) __attribute__((alias(#initfn)));
      |      ^~~~~~~~~~~
./include/linux/device.h:1355:1: note: in expansion of macro ‘module_init’
 1355 | module_init(__driver##_init); \
      | ^~~~~~~~~~~
./include/linux/platform_device.h:228:2: note: in expansion of macro ‘module_driver’
  228 |  module_driver(__platform_driver, platform_driver_register, \
      |  ^~~~~~~~~~~~~
sound/soc/bcm/raspidac3.c:182:1: note: in expansion of macro ‘module_platform_driver’
  182 | module_platform_driver(snd_rpi_raspidac3_driver);
      | ^~~~~~~~~~~~~~~~~~~~~~
In file included from ./include/linux/platform_device.h:14,
                 from sound/soc/bcm/raspidac3.c:20:
sound/soc/bcm/raspidac3.c:182:24: note: ‘init_module’ target declared here
  182 | module_platform_driver(snd_rpi_raspidac3_driver);
      |                        ^~~~~~~~~~~~~~~~~~~~~~~~
./include/linux/device.h:1351:19: note: in definition of macro ‘module_driver’
 1351 | static int __init __driver##_init(void) \
      |                   ^~~~~~~~
sound/soc/bcm/raspidac3.c:182:1: note: in expansion of macro ‘module_platform_driver’
  182 | module_platform_driver(snd_rpi_raspidac3_driver);
      | ^~~~~~~~~~~~~~~~~~~~~~
  LD [M]  sound/soc/bcm/snd-soc-raspidac3.o
  CC [M]  sound/soc/bcm/audioinjector-pi-soundcard.o
In file included from sound/soc/bcm/audioinjector-pi-soundcard.c:22:
./include/linux/module.h:138:7: warning: ‘cleanup_module’ specifies less restrictive attribute than its target ‘audioinjector_pi_soundcard_driver_exit’: ‘cold’ [-Wmissing-attributes]
  138 |  void cleanup_module(void) __attribute__((alias(#exitfn)));
      |       ^~~~~~~~~~~~~~
./include/linux/device.h:1360:1: note: in expansion of macro ‘module_exit’
 1360 | module_exit(__driver##_exit);
      | ^~~~~~~~~~~
./include/linux/platform_device.h:228:2: note: in expansion of macro ‘module_driver’
  228 |  module_driver(__platform_driver, platform_driver_register, \
      |  ^~~~~~~~~~~~~
sound/soc/bcm/audioinjector-pi-soundcard.c:188:1: note: in expansion of macro ‘module_platform_driver’
  188 | module_platform_driver(audioinjector_pi_soundcard_driver);
      | ^~~~~~~~~~~~~~~~~~~~~~
In file included from ./include/sound/core.h:25,
                 from sound/soc/bcm/audioinjector-pi-soundcard.c:25:
sound/soc/bcm/audioinjector-pi-soundcard.c:188:24: note: ‘cleanup_module’ target declared here
  188 | module_platform_driver(audioinjector_pi_soundcard_driver);
      |                        ^~~~~~~~~~~~~~~~~~~~~~~~~~~~~~~~~
./include/linux/device.h:1356:20: note: in definition of macro ‘module_driver’
 1356 | static void __exit __driver##_exit(void) \
      |                    ^~~~~~~~
sound/soc/bcm/audioinjector-pi-soundcard.c:188:1: note: in expansion of macro ‘module_platform_driver’
  188 | module_platform_driver(audioinjector_pi_soundcard_driver);
      | ^~~~~~~~~~~~~~~~~~~~~~
In file included from sound/soc/bcm/audioinjector-pi-soundcard.c:22:
./include/linux/module.h:132:6: warning: ‘init_module’ specifies less restrictive attribute than its target ‘audioinjector_pi_soundcard_driver_init’: ‘cold’ [-Wmissing-attributes]
  132 |  int init_module(void) __attribute__((alias(#initfn)));
      |      ^~~~~~~~~~~
./include/linux/device.h:1355:1: note: in expansion of macro ‘module_init’
 1355 | module_init(__driver##_init); \
      | ^~~~~~~~~~~
./include/linux/platform_device.h:228:2: note: in expansion of macro ‘module_driver’
  228 |  module_driver(__platform_driver, platform_driver_register, \
      |  ^~~~~~~~~~~~~
sound/soc/bcm/audioinjector-pi-soundcard.c:188:1: note: in expansion of macro ‘module_platform_driver’
  188 | module_platform_driver(audioinjector_pi_soundcard_driver);
      | ^~~~~~~~~~~~~~~~~~~~~~
In file included from ./include/sound/core.h:25,
                 from sound/soc/bcm/audioinjector-pi-soundcard.c:25:
sound/soc/bcm/audioinjector-pi-soundcard.c:188:24: note: ‘init_module’ target declared here
  188 | module_platform_driver(audioinjector_pi_soundcard_driver);
      |                        ^~~~~~~~~~~~~~~~~~~~~~~~~~~~~~~~~
./include/linux/device.h:1351:19: note: in definition of macro ‘module_driver’
 1351 | static int __init __driver##_init(void) \
      |                   ^~~~~~~~
sound/soc/bcm/audioinjector-pi-soundcard.c:188:1: note: in expansion of macro ‘module_platform_driver’
  188 | module_platform_driver(audioinjector_pi_soundcard_driver);
      | ^~~~~~~~~~~~~~~~~~~~~~
  LD [M]  sound/soc/bcm/snd-soc-audioinjector-pi-soundcard.o
  CC [M]  sound/soc/bcm/audioinjector-octo-soundcard.o
In file included from sound/soc/bcm/audioinjector-octo-soundcard.c:20:
./include/linux/module.h:138:7: warning: ‘cleanup_module’ specifies less restrictive attribute than its target ‘audioinjector_octo_driver_exit’: ‘cold’ [-Wmissing-attributes]
  138 |  void cleanup_module(void) __attribute__((alias(#exitfn)));
      |       ^~~~~~~~~~~~~~
./include/linux/device.h:1360:1: note: in expansion of macro ‘module_exit’
 1360 | module_exit(__driver##_exit);
      | ^~~~~~~~~~~
./include/linux/platform_device.h:228:2: note: in expansion of macro ‘module_driver’
  228 |  module_driver(__platform_driver, platform_driver_register, \
      |  ^~~~~~~~~~~~~
sound/soc/bcm/audioinjector-octo-soundcard.c:337:1: note: in expansion of macro ‘module_platform_driver’
  337 | module_platform_driver(audioinjector_octo_driver);
      | ^~~~~~~~~~~~~~~~~~~~~~
In file included from ./include/sound/core.h:25,
                 from sound/soc/bcm/audioinjector-octo-soundcard.c:24:
sound/soc/bcm/audioinjector-octo-soundcard.c:337:24: note: ‘cleanup_module’ target declared here
  337 | module_platform_driver(audioinjector_octo_driver);
      |                        ^~~~~~~~~~~~~~~~~~~~~~~~~
./include/linux/device.h:1356:20: note: in definition of macro ‘module_driver’
 1356 | static void __exit __driver##_exit(void) \
      |                    ^~~~~~~~
sound/soc/bcm/audioinjector-octo-soundcard.c:337:1: note: in expansion of macro ‘module_platform_driver’
  337 | module_platform_driver(audioinjector_octo_driver);
      | ^~~~~~~~~~~~~~~~~~~~~~
In file included from sound/soc/bcm/audioinjector-octo-soundcard.c:20:
./include/linux/module.h:132:6: warning: ‘init_module’ specifies less restrictive attribute than its target ‘audioinjector_octo_driver_init’: ‘cold’ [-Wmissing-attributes]
  132 |  int init_module(void) __attribute__((alias(#initfn)));
      |      ^~~~~~~~~~~
./include/linux/device.h:1355:1: note: in expansion of macro ‘module_init’
 1355 | module_init(__driver##_init); \
      | ^~~~~~~~~~~
./include/linux/platform_device.h:228:2: note: in expansion of macro ‘module_driver’
  228 |  module_driver(__platform_driver, platform_driver_register, \
      |  ^~~~~~~~~~~~~
sound/soc/bcm/audioinjector-octo-soundcard.c:337:1: note: in expansion of macro ‘module_platform_driver’
  337 | module_platform_driver(audioinjector_octo_driver);
      | ^~~~~~~~~~~~~~~~~~~~~~
In file included from ./include/sound/core.h:25,
                 from sound/soc/bcm/audioinjector-octo-soundcard.c:24:
sound/soc/bcm/audioinjector-octo-soundcard.c:337:24: note: ‘init_module’ target declared here
  337 | module_platform_driver(audioinjector_octo_driver);
      |                        ^~~~~~~~~~~~~~~~~~~~~~~~~
./include/linux/device.h:1351:19: note: in definition of macro ‘module_driver’
 1351 | static int __init __driver##_init(void) \
      |                   ^~~~~~~~
sound/soc/bcm/audioinjector-octo-soundcard.c:337:1: note: in expansion of macro ‘module_platform_driver’
  337 | module_platform_driver(audioinjector_octo_driver);
      | ^~~~~~~~~~~~~~~~~~~~~~
  LD [M]  sound/soc/bcm/snd-soc-audioinjector-octo-soundcard.o
  CC [M]  sound/soc/bcm/digidac1-soundcard.o
In file included from sound/soc/bcm/digidac1-soundcard.c:17:
./include/linux/module.h:138:7: warning: ‘cleanup_module’ specifies less restrictive attribute than its target ‘digidac1_soundcard_driver_exit’: ‘cold’ [-Wmissing-attributes]
  138 |  void cleanup_module(void) __attribute__((alias(#exitfn)));
      |       ^~~~~~~~~~~~~~
./include/linux/device.h:1360:1: note: in expansion of macro ‘module_exit’
 1360 | module_exit(__driver##_exit);
      | ^~~~~~~~~~~
./include/linux/platform_device.h:228:2: note: in expansion of macro ‘module_driver’
  228 |  module_driver(__platform_driver, platform_driver_register, \
      |  ^~~~~~~~~~~~~
sound/soc/bcm/digidac1-soundcard.c:418:1: note: in expansion of macro ‘module_platform_driver’
  418 | module_platform_driver(digidac1_soundcard_driver);
      | ^~~~~~~~~~~~~~~~~~~~~~
In file included from ./include/linux/platform_device.h:14,
                 from sound/soc/bcm/digidac1-soundcard.c:18:
sound/soc/bcm/digidac1-soundcard.c:418:24: note: ‘cleanup_module’ target declared here
  418 | module_platform_driver(digidac1_soundcard_driver);
      |                        ^~~~~~~~~~~~~~~~~~~~~~~~~
./include/linux/device.h:1356:20: note: in definition of macro ‘module_driver’
 1356 | static void __exit __driver##_exit(void) \
      |                    ^~~~~~~~
sound/soc/bcm/digidac1-soundcard.c:418:1: note: in expansion of macro ‘module_platform_driver’
  418 | module_platform_driver(digidac1_soundcard_driver);
      | ^~~~~~~~~~~~~~~~~~~~~~
In file included from sound/soc/bcm/digidac1-soundcard.c:17:
./include/linux/module.h:132:6: warning: ‘init_module’ specifies less restrictive attribute than its target ‘digidac1_soundcard_driver_init’: ‘cold’ [-Wmissing-attributes]
  132 |  int init_module(void) __attribute__((alias(#initfn)));
      |      ^~~~~~~~~~~
./include/linux/device.h:1355:1: note: in expansion of macro ‘module_init’
 1355 | module_init(__driver##_init); \
      | ^~~~~~~~~~~
./include/linux/platform_device.h:228:2: note: in expansion of macro ‘module_driver’
  228 |  module_driver(__platform_driver, platform_driver_register, \
      |  ^~~~~~~~~~~~~
sound/soc/bcm/digidac1-soundcard.c:418:1: note: in expansion of macro ‘module_platform_driver’
  418 | module_platform_driver(digidac1_soundcard_driver);
      | ^~~~~~~~~~~~~~~~~~~~~~
In file included from ./include/linux/platform_device.h:14,
                 from sound/soc/bcm/digidac1-soundcard.c:18:
sound/soc/bcm/digidac1-soundcard.c:418:24: note: ‘init_module’ target declared here
  418 | module_platform_driver(digidac1_soundcard_driver);
      |                        ^~~~~~~~~~~~~~~~~~~~~~~~~
./include/linux/device.h:1351:19: note: in definition of macro ‘module_driver’
 1351 | static int __init __driver##_init(void) \
      |                   ^~~~~~~~
sound/soc/bcm/digidac1-soundcard.c:418:1: note: in expansion of macro ‘module_platform_driver’
  418 | module_platform_driver(digidac1_soundcard_driver);
      | ^~~~~~~~~~~~~~~~~~~~~~
  LD [M]  sound/soc/bcm/snd-soc-digidac1-soundcard.o
  CC [M]  sound/soc/bcm/dionaudio_loco.o
In file included from sound/soc/bcm/dionaudio_loco.c:19:
./include/linux/module.h:138:7: warning: ‘cleanup_module’ specifies less restrictive attribute than its target ‘snd_rpi_dionaudio_loco_driver_exit’: ‘cold’ [-Wmissing-attributes]
  138 |  void cleanup_module(void) __attribute__((alias(#exitfn)));
      |       ^~~~~~~~~~~~~~
./include/linux/device.h:1360:1: note: in expansion of macro ‘module_exit’
 1360 | module_exit(__driver##_exit);
      | ^~~~~~~~~~~
./include/linux/platform_device.h:228:2: note: in expansion of macro ‘module_driver’
  228 |  module_driver(__platform_driver, platform_driver_register, \
      |  ^~~~~~~~~~~~~
sound/soc/bcm/dionaudio_loco.c:117:1: note: in expansion of macro ‘module_platform_driver’
  117 | module_platform_driver(snd_rpi_dionaudio_loco_driver);
      | ^~~~~~~~~~~~~~~~~~~~~~
In file included from ./include/linux/platform_device.h:14,
                 from sound/soc/bcm/dionaudio_loco.c:20:
sound/soc/bcm/dionaudio_loco.c:117:24: note: ‘cleanup_module’ target declared here
  117 | module_platform_driver(snd_rpi_dionaudio_loco_driver);
      |                        ^~~~~~~~~~~~~~~~~~~~~~~~~~~~~
./include/linux/device.h:1356:20: note: in definition of macro ‘module_driver’
 1356 | static void __exit __driver##_exit(void) \
      |                    ^~~~~~~~
sound/soc/bcm/dionaudio_loco.c:117:1: note: in expansion of macro ‘module_platform_driver’
  117 | module_platform_driver(snd_rpi_dionaudio_loco_driver);
      | ^~~~~~~~~~~~~~~~~~~~~~
In file included from sound/soc/bcm/dionaudio_loco.c:19:
./include/linux/module.h:132:6: warning: ‘init_module’ specifies less restrictive attribute than its target ‘snd_rpi_dionaudio_loco_driver_init’: ‘cold’ [-Wmissing-attributes]
  132 |  int init_module(void) __attribute__((alias(#initfn)));
      |      ^~~~~~~~~~~
./include/linux/device.h:1355:1: note: in expansion of macro ‘module_init’
 1355 | module_init(__driver##_init); \
      | ^~~~~~~~~~~
./include/linux/platform_device.h:228:2: note: in expansion of macro ‘module_driver’
  228 |  module_driver(__platform_driver, platform_driver_register, \
      |  ^~~~~~~~~~~~~
sound/soc/bcm/dionaudio_loco.c:117:1: note: in expansion of macro ‘module_platform_driver’
  117 | module_platform_driver(snd_rpi_dionaudio_loco_driver);
      | ^~~~~~~~~~~~~~~~~~~~~~
In file included from ./include/linux/platform_device.h:14,
                 from sound/soc/bcm/dionaudio_loco.c:20:
sound/soc/bcm/dionaudio_loco.c:117:24: note: ‘init_module’ target declared here
  117 | module_platform_driver(snd_rpi_dionaudio_loco_driver);
      |                        ^~~~~~~~~~~~~~~~~~~~~~~~~~~~~
./include/linux/device.h:1351:19: note: in definition of macro ‘module_driver’
 1351 | static int __init __driver##_init(void) \
      |                   ^~~~~~~~
sound/soc/bcm/dionaudio_loco.c:117:1: note: in expansion of macro ‘module_platform_driver’
  117 | module_platform_driver(snd_rpi_dionaudio_loco_driver);
      | ^~~~~~~~~~~~~~~~~~~~~~
  LD [M]  sound/soc/bcm/snd-soc-dionaudio-loco.o
  CC [M]  sound/soc/bcm/dionaudio_loco-v2.o
In file included from sound/soc/bcm/dionaudio_loco-v2.c:19:
./include/linux/module.h:138:7: warning: ‘cleanup_module’ specifies less restrictive attribute than its target ‘snd_rpi_dionaudio_loco_v2_driver_exit’: ‘cold’ [-Wmissing-attributes]
  138 |  void cleanup_module(void) __attribute__((alias(#exitfn)));
      |       ^~~~~~~~~~~~~~
./include/linux/device.h:1360:1: note: in expansion of macro ‘module_exit’
 1360 | module_exit(__driver##_exit);
      | ^~~~~~~~~~~
./include/linux/platform_device.h:228:2: note: in expansion of macro ‘module_driver’
  228 |  module_driver(__platform_driver, platform_driver_register, \
      |  ^~~~~~~~~~~~~
sound/soc/bcm/dionaudio_loco-v2.c:136:1: note: in expansion of macro ‘module_platform_driver’
  136 | module_platform_driver(snd_rpi_dionaudio_loco_v2_driver);
      | ^~~~~~~~~~~~~~~~~~~~~~
In file included from ./include/linux/platform_device.h:14,
                 from sound/soc/bcm/dionaudio_loco-v2.c:20:
sound/soc/bcm/dionaudio_loco-v2.c:136:24: note: ‘cleanup_module’ target declared here
  136 | module_platform_driver(snd_rpi_dionaudio_loco_v2_driver);
      |                        ^~~~~~~~~~~~~~~~~~~~~~~~~~~~~~~~
./include/linux/device.h:1356:20: note: in definition of macro ‘module_driver’
 1356 | static void __exit __driver##_exit(void) \
      |                    ^~~~~~~~
sound/soc/bcm/dionaudio_loco-v2.c:136:1: note: in expansion of macro ‘module_platform_driver’
  136 | module_platform_driver(snd_rpi_dionaudio_loco_v2_driver);
      | ^~~~~~~~~~~~~~~~~~~~~~
In file included from sound/soc/bcm/dionaudio_loco-v2.c:19:
./include/linux/module.h:132:6: warning: ‘init_module’ specifies less restrictive attribute than its target ‘snd_rpi_dionaudio_loco_v2_driver_init’: ‘cold’ [-Wmissing-attributes]
  132 |  int init_module(void) __attribute__((alias(#initfn)));
      |      ^~~~~~~~~~~
./include/linux/device.h:1355:1: note: in expansion of macro ‘module_init’
 1355 | module_init(__driver##_init); \
      | ^~~~~~~~~~~
./include/linux/platform_device.h:228:2: note: in expansion of macro ‘module_driver’
  228 |  module_driver(__platform_driver, platform_driver_register, \
      |  ^~~~~~~~~~~~~
sound/soc/bcm/dionaudio_loco-v2.c:136:1: note: in expansion of macro ‘module_platform_driver’
  136 | module_platform_driver(snd_rpi_dionaudio_loco_v2_driver);
      | ^~~~~~~~~~~~~~~~~~~~~~
In file included from ./include/linux/platform_device.h:14,
                 from sound/soc/bcm/dionaudio_loco-v2.c:20:
sound/soc/bcm/dionaudio_loco-v2.c:136:24: note: ‘init_module’ target declared here
  136 | module_platform_driver(snd_rpi_dionaudio_loco_v2_driver);
      |                        ^~~~~~~~~~~~~~~~~~~~~~~~~~~~~~~~
./include/linux/device.h:1351:19: note: in definition of macro ‘module_driver’
 1351 | static int __init __driver##_init(void) \
      |                   ^~~~~~~~
sound/soc/bcm/dionaudio_loco-v2.c:136:1: note: in expansion of macro ‘module_platform_driver’
  136 | module_platform_driver(snd_rpi_dionaudio_loco_v2_driver);
      | ^~~~~~~~~~~~~~~~~~~~~~
  LD [M]  sound/soc/bcm/snd-soc-dionaudio-loco-v2.o
  CC [M]  sound/soc/bcm/allo-boss-dac.o
In file included from sound/soc/bcm/allo-boss-dac.c:20:
./include/linux/module.h:138:7: warning: ‘cleanup_module’ specifies less restrictive attribute than its target ‘snd_allo_boss_driver_exit’: ‘cold’ [-Wmissing-attributes]
  138 |  void cleanup_module(void) __attribute__((alias(#exitfn)));
      |       ^~~~~~~~~~~~~~
./include/linux/device.h:1360:1: note: in expansion of macro ‘module_exit’
 1360 | module_exit(__driver##_exit);
      | ^~~~~~~~~~~
./include/linux/platform_device.h:228:2: note: in expansion of macro ‘module_driver’
  228 |  module_driver(__platform_driver, platform_driver_register, \
      |  ^~~~~~~~~~~~~
sound/soc/bcm/allo-boss-dac.c:457:1: note: in expansion of macro ‘module_platform_driver’
  457 | module_platform_driver(snd_allo_boss_driver);
      | ^~~~~~~~~~~~~~~~~~~~~~
In file included from ./include/linux/platform_device.h:14,
                 from sound/soc/bcm/allo-boss-dac.c:22:
sound/soc/bcm/allo-boss-dac.c:457:24: note: ‘cleanup_module’ target declared here
  457 | module_platform_driver(snd_allo_boss_driver);
      |                        ^~~~~~~~~~~~~~~~~~~~
./include/linux/device.h:1356:20: note: in definition of macro ‘module_driver’
 1356 | static void __exit __driver##_exit(void) \
      |                    ^~~~~~~~
sound/soc/bcm/allo-boss-dac.c:457:1: note: in expansion of macro ‘module_platform_driver’
  457 | module_platform_driver(snd_allo_boss_driver);
      | ^~~~~~~~~~~~~~~~~~~~~~
In file included from sound/soc/bcm/allo-boss-dac.c:20:
./include/linux/module.h:132:6: warning: ‘init_module’ specifies less restrictive attribute than its target ‘snd_allo_boss_driver_init’: ‘cold’ [-Wmissing-attributes]
  132 |  int init_module(void) __attribute__((alias(#initfn)));
      |      ^~~~~~~~~~~
./include/linux/device.h:1355:1: note: in expansion of macro ‘module_init’
 1355 | module_init(__driver##_init); \
      | ^~~~~~~~~~~
./include/linux/platform_device.h:228:2: note: in expansion of macro ‘module_driver’
  228 |  module_driver(__platform_driver, platform_driver_register, \
      |  ^~~~~~~~~~~~~
sound/soc/bcm/allo-boss-dac.c:457:1: note: in expansion of macro ‘module_platform_driver’
  457 | module_platform_driver(snd_allo_boss_driver);
      | ^~~~~~~~~~~~~~~~~~~~~~
In file included from ./include/linux/platform_device.h:14,
                 from sound/soc/bcm/allo-boss-dac.c:22:
sound/soc/bcm/allo-boss-dac.c:457:24: note: ‘init_module’ target declared here
  457 | module_platform_driver(snd_allo_boss_driver);
      |                        ^~~~~~~~~~~~~~~~~~~~
./include/linux/device.h:1351:19: note: in definition of macro ‘module_driver’
 1351 | static int __init __driver##_init(void) \
      |                   ^~~~~~~~
sound/soc/bcm/allo-boss-dac.c:457:1: note: in expansion of macro ‘module_platform_driver’
  457 | module_platform_driver(snd_allo_boss_driver);
      | ^~~~~~~~~~~~~~~~~~~~~~
  LD [M]  sound/soc/bcm/snd-soc-allo-boss-dac.o
  CC [M]  sound/soc/bcm/allo-piano-dac.o
In file included from sound/soc/bcm/allo-piano-dac.c:19:
./include/linux/module.h:138:7: warning: ‘cleanup_module’ specifies less restrictive attribute than its target ‘snd_allo_piano_dac_driver_exit’: ‘cold’ [-Wmissing-attributes]
  138 |  void cleanup_module(void) __attribute__((alias(#exitfn)));
      |       ^~~~~~~~~~~~~~
./include/linux/device.h:1360:1: note: in expansion of macro ‘module_exit’
 1360 | module_exit(__driver##_exit);
      | ^~~~~~~~~~~
./include/linux/platform_device.h:228:2: note: in expansion of macro ‘module_driver’
  228 |  module_driver(__platform_driver, platform_driver_register, \
      |  ^~~~~~~~~~~~~
sound/soc/bcm/allo-piano-dac.c:140:1: note: in expansion of macro ‘module_platform_driver’
  140 | module_platform_driver(snd_allo_piano_dac_driver);
      | ^~~~~~~~~~~~~~~~~~~~~~
In file included from ./include/linux/platform_device.h:14,
                 from sound/soc/bcm/allo-piano-dac.c:20:
sound/soc/bcm/allo-piano-dac.c:140:24: note: ‘cleanup_module’ target declared here
  140 | module_platform_driver(snd_allo_piano_dac_driver);
      |                        ^~~~~~~~~~~~~~~~~~~~~~~~~
./include/linux/device.h:1356:20: note: in definition of macro ‘module_driver’
 1356 | static void __exit __driver##_exit(void) \
      |                    ^~~~~~~~
sound/soc/bcm/allo-piano-dac.c:140:1: note: in expansion of macro ‘module_platform_driver’
  140 | module_platform_driver(snd_allo_piano_dac_driver);
      | ^~~~~~~~~~~~~~~~~~~~~~
In file included from sound/soc/bcm/allo-piano-dac.c:19:
./include/linux/module.h:132:6: warning: ‘init_module’ specifies less restrictive attribute than its target ‘snd_allo_piano_dac_driver_init’: ‘cold’ [-Wmissing-attributes]
  132 |  int init_module(void) __attribute__((alias(#initfn)));
      |      ^~~~~~~~~~~
./include/linux/device.h:1355:1: note: in expansion of macro ‘module_init’
 1355 | module_init(__driver##_init); \
      | ^~~~~~~~~~~
./include/linux/platform_device.h:228:2: note: in expansion of macro ‘module_driver’
  228 |  module_driver(__platform_driver, platform_driver_register, \
      |  ^~~~~~~~~~~~~
sound/soc/bcm/allo-piano-dac.c:140:1: note: in expansion of macro ‘module_platform_driver’
  140 | module_platform_driver(snd_allo_piano_dac_driver);
      | ^~~~~~~~~~~~~~~~~~~~~~
In file included from ./include/linux/platform_device.h:14,
                 from sound/soc/bcm/allo-piano-dac.c:20:
sound/soc/bcm/allo-piano-dac.c:140:24: note: ‘init_module’ target declared here
  140 | module_platform_driver(snd_allo_piano_dac_driver);
      |                        ^~~~~~~~~~~~~~~~~~~~~~~~~
./include/linux/device.h:1351:19: note: in definition of macro ‘module_driver’
 1351 | static int __init __driver##_init(void) \
      |                   ^~~~~~~~
sound/soc/bcm/allo-piano-dac.c:140:1: note: in expansion of macro ‘module_platform_driver’
  140 | module_platform_driver(snd_allo_piano_dac_driver);
      | ^~~~~~~~~~~~~~~~~~~~~~
  LD [M]  sound/soc/bcm/snd-soc-allo-piano-dac.o
  CC [M]  sound/soc/bcm/allo-piano-dac-plus.o
In file included from sound/soc/bcm/allo-piano-dac-plus.c:19:
./include/linux/module.h:138:7: warning: ‘cleanup_module’ specifies less restrictive attribute than its target ‘snd_allo_piano_dac_driver_exit’: ‘cold’ [-Wmissing-attributes]
  138 |  void cleanup_module(void) __attribute__((alias(#exitfn)));
      |       ^~~~~~~~~~~~~~
./include/linux/device.h:1360:1: note: in expansion of macro ‘module_exit’
 1360 | module_exit(__driver##_exit);
      | ^~~~~~~~~~~
./include/linux/platform_device.h:228:2: note: in expansion of macro ‘module_driver’
  228 |  module_driver(__platform_driver, platform_driver_register, \
      |  ^~~~~~~~~~~~~
sound/soc/bcm/allo-piano-dac-plus.c:1010:1: note: in expansion of macro ‘module_platform_driver’
 1010 | module_platform_driver(snd_allo_piano_dac_driver);
      | ^~~~~~~~~~~~~~~~~~~~~~
In file included from ./include/linux/platform_device.h:14,
                 from sound/soc/bcm/allo-piano-dac-plus.c:20:
sound/soc/bcm/allo-piano-dac-plus.c:1010:24: note: ‘cleanup_module’ target declared here
 1010 | module_platform_driver(snd_allo_piano_dac_driver);
      |                        ^~~~~~~~~~~~~~~~~~~~~~~~~
./include/linux/device.h:1356:20: note: in definition of macro ‘module_driver’
 1356 | static void __exit __driver##_exit(void) \
      |                    ^~~~~~~~
sound/soc/bcm/allo-piano-dac-plus.c:1010:1: note: in expansion of macro ‘module_platform_driver’
 1010 | module_platform_driver(snd_allo_piano_dac_driver);
      | ^~~~~~~~~~~~~~~~~~~~~~
In file included from sound/soc/bcm/allo-piano-dac-plus.c:19:
./include/linux/module.h:132:6: warning: ‘init_module’ specifies less restrictive attribute than its target ‘snd_allo_piano_dac_driver_init’: ‘cold’ [-Wmissing-attributes]
  132 |  int init_module(void) __attribute__((alias(#initfn)));
      |      ^~~~~~~~~~~
./include/linux/device.h:1355:1: note: in expansion of macro ‘module_init’
 1355 | module_init(__driver##_init); \
      | ^~~~~~~~~~~
./include/linux/platform_device.h:228:2: note: in expansion of macro ‘module_driver’
  228 |  module_driver(__platform_driver, platform_driver_register, \
      |  ^~~~~~~~~~~~~
sound/soc/bcm/allo-piano-dac-plus.c:1010:1: note: in expansion of macro ‘module_platform_driver’
 1010 | module_platform_driver(snd_allo_piano_dac_driver);
      | ^~~~~~~~~~~~~~~~~~~~~~
In file included from ./include/linux/platform_device.h:14,
                 from sound/soc/bcm/allo-piano-dac-plus.c:20:
sound/soc/bcm/allo-piano-dac-plus.c:1010:24: note: ‘init_module’ target declared here
 1010 | module_platform_driver(snd_allo_piano_dac_driver);
      |                        ^~~~~~~~~~~~~~~~~~~~~~~~~
./include/linux/device.h:1351:19: note: in definition of macro ‘module_driver’
 1351 | static int __init __driver##_init(void) \
      |                   ^~~~~~~~
sound/soc/bcm/allo-piano-dac-plus.c:1010:1: note: in expansion of macro ‘module_platform_driver’
 1010 | module_platform_driver(snd_allo_piano_dac_driver);
      | ^~~~~~~~~~~~~~~~~~~~~~
  LD [M]  sound/soc/bcm/snd-soc-allo-piano-dac-plus.o
  CC [M]  sound/soc/bcm/allo-digione.o
In file included from sound/soc/bcm/allo-digione.c:19:
./include/linux/module.h:138:7: warning: ‘cleanup_module’ specifies less restrictive attribute than its target ‘snd_allo_digione_driver_exit’: ‘cold’ [-Wmissing-attributes]
  138 |  void cleanup_module(void) __attribute__((alias(#exitfn)));
      |       ^~~~~~~~~~~~~~
./include/linux/device.h:1360:1: note: in expansion of macro ‘module_exit’
 1360 | module_exit(__driver##_exit);
      | ^~~~~~~~~~~
./include/linux/platform_device.h:228:2: note: in expansion of macro ‘module_driver’
  228 |  module_driver(__platform_driver, platform_driver_register, \
      |  ^~~~~~~~~~~~~
sound/soc/bcm/allo-digione.c:261:1: note: in expansion of macro ‘module_platform_driver’
  261 | module_platform_driver(snd_allo_digione_driver);
      | ^~~~~~~~~~~~~~~~~~~~~~
In file included from ./include/linux/platform_device.h:14,
                 from sound/soc/bcm/allo-digione.c:20:
sound/soc/bcm/allo-digione.c:261:24: note: ‘cleanup_module’ target declared here
  261 | module_platform_driver(snd_allo_digione_driver);
      |                        ^~~~~~~~~~~~~~~~~~~~~~~
./include/linux/device.h:1356:20: note: in definition of macro ‘module_driver’
 1356 | static void __exit __driver##_exit(void) \
      |                    ^~~~~~~~
sound/soc/bcm/allo-digione.c:261:1: note: in expansion of macro ‘module_platform_driver’
  261 | module_platform_driver(snd_allo_digione_driver);
      | ^~~~~~~~~~~~~~~~~~~~~~
In file included from sound/soc/bcm/allo-digione.c:19:
./include/linux/module.h:132:6: warning: ‘init_module’ specifies less restrictive attribute than its target ‘snd_allo_digione_driver_init’: ‘cold’ [-Wmissing-attributes]
  132 |  int init_module(void) __attribute__((alias(#initfn)));
      |      ^~~~~~~~~~~
./include/linux/device.h:1355:1: note: in expansion of macro ‘module_init’
 1355 | module_init(__driver##_init); \
      | ^~~~~~~~~~~
./include/linux/platform_device.h:228:2: note: in expansion of macro ‘module_driver’
  228 |  module_driver(__platform_driver, platform_driver_register, \
      |  ^~~~~~~~~~~~~
sound/soc/bcm/allo-digione.c:261:1: note: in expansion of macro ‘module_platform_driver’
  261 | module_platform_driver(snd_allo_digione_driver);
      | ^~~~~~~~~~~~~~~~~~~~~~
In file included from ./include/linux/platform_device.h:14,
                 from sound/soc/bcm/allo-digione.c:20:
sound/soc/bcm/allo-digione.c:261:24: note: ‘init_module’ target declared here
  261 | module_platform_driver(snd_allo_digione_driver);
      |                        ^~~~~~~~~~~~~~~~~~~~~~~
./include/linux/device.h:1351:19: note: in definition of macro ‘module_driver’
 1351 | static int __init __driver##_init(void) \
      |                   ^~~~~~~~
sound/soc/bcm/allo-digione.c:261:1: note: in expansion of macro ‘module_platform_driver’
  261 | module_platform_driver(snd_allo_digione_driver);
      | ^~~~~~~~~~~~~~~~~~~~~~
  LD [M]  sound/soc/bcm/snd-soc-allo-digione.o
  CC [M]  sound/soc/bcm/pisound.o
In file included from sound/soc/bcm/pisound.c:22:
./include/linux/module.h:138:7: warning: ‘cleanup_module’ specifies less restrictive attribute than its target ‘pisnd_driver_exit’: ‘cold’ [-Wmissing-attributes]
  138 |  void cleanup_module(void) __attribute__((alias(#exitfn)));
      |       ^~~~~~~~~~~~~~
./include/linux/device.h:1360:1: note: in expansion of macro ‘module_exit’
 1360 | module_exit(__driver##_exit);
      | ^~~~~~~~~~~
./include/linux/platform_device.h:228:2: note: in expansion of macro ‘module_driver’
  228 |  module_driver(__platform_driver, platform_driver_register, \
      |  ^~~~~~~~~~~~~
sound/soc/bcm/pisound.c:1198:1: note: in expansion of macro ‘module_platform_driver’
 1198 | module_platform_driver(pisnd_driver);
      | ^~~~~~~~~~~~~~~~~~~~~~
In file included from ./include/linux/platform_device.h:14,
                 from sound/soc/bcm/pisound.c:23:
sound/soc/bcm/pisound.c:1198:24: note: ‘cleanup_module’ target declared here
 1198 | module_platform_driver(pisnd_driver);
      |                        ^~~~~~~~~~~~
./include/linux/device.h:1356:20: note: in definition of macro ‘module_driver’
 1356 | static void __exit __driver##_exit(void) \
      |                    ^~~~~~~~
sound/soc/bcm/pisound.c:1198:1: note: in expansion of macro ‘module_platform_driver’
 1198 | module_platform_driver(pisnd_driver);
      | ^~~~~~~~~~~~~~~~~~~~~~
In file included from sound/soc/bcm/pisound.c:22:
./include/linux/module.h:132:6: warning: ‘init_module’ specifies less restrictive attribute than its target ‘pisnd_driver_init’: ‘cold’ [-Wmissing-attributes]
  132 |  int init_module(void) __attribute__((alias(#initfn)));
      |      ^~~~~~~~~~~
./include/linux/device.h:1355:1: note: in expansion of macro ‘module_init’
 1355 | module_init(__driver##_init); \
      | ^~~~~~~~~~~
./include/linux/platform_device.h:228:2: note: in expansion of macro ‘module_driver’
  228 |  module_driver(__platform_driver, platform_driver_register, \
      |  ^~~~~~~~~~~~~
sound/soc/bcm/pisound.c:1198:1: note: in expansion of macro ‘module_platform_driver’
 1198 | module_platform_driver(pisnd_driver);
      | ^~~~~~~~~~~~~~~~~~~~~~
In file included from ./include/linux/platform_device.h:14,
                 from sound/soc/bcm/pisound.c:23:
sound/soc/bcm/pisound.c:1198:24: note: ‘init_module’ target declared here
 1198 | module_platform_driver(pisnd_driver);
      |                        ^~~~~~~~~~~~
./include/linux/device.h:1351:19: note: in definition of macro ‘module_driver’
 1351 | static int __init __driver##_init(void) \
      |                   ^~~~~~~~
sound/soc/bcm/pisound.c:1198:1: note: in expansion of macro ‘module_platform_driver’
 1198 | module_platform_driver(pisnd_driver);
      | ^~~~~~~~~~~~~~~~~~~~~~
  LD [M]  sound/soc/bcm/snd-soc-pisound.o
  CC [M]  sound/soc/bcm/fe-pi-audio.o
In file included from sound/soc/bcm/fe-pi-audio.c:19:
./include/linux/module.h:138:7: warning: ‘cleanup_module’ specifies less restrictive attribute than its target ‘snd_fe_pi_audio_driver_exit’: ‘cold’ [-Wmissing-attributes]
  138 |  void cleanup_module(void) __attribute__((alias(#exitfn)));
      |       ^~~~~~~~~~~~~~
./include/linux/device.h:1360:1: note: in expansion of macro ‘module_exit’
 1360 | module_exit(__driver##_exit);
      | ^~~~~~~~~~~
./include/linux/platform_device.h:228:2: note: in expansion of macro ‘module_driver’
  228 |  module_driver(__platform_driver, platform_driver_register, \
      |  ^~~~~~~~~~~~~
sound/soc/bcm/fe-pi-audio.c:154:1: note: in expansion of macro ‘module_platform_driver’
  154 | module_platform_driver(snd_fe_pi_audio_driver);
      | ^~~~~~~~~~~~~~~~~~~~~~
In file included from ./include/linux/platform_device.h:14,
                 from sound/soc/bcm/fe-pi-audio.c:20:
sound/soc/bcm/fe-pi-audio.c:154:24: note: ‘cleanup_module’ target declared here
  154 | module_platform_driver(snd_fe_pi_audio_driver);
      |                        ^~~~~~~~~~~~~~~~~~~~~~
./include/linux/device.h:1356:20: note: in definition of macro ‘module_driver’
 1356 | static void __exit __driver##_exit(void) \
      |                    ^~~~~~~~
sound/soc/bcm/fe-pi-audio.c:154:1: note: in expansion of macro ‘module_platform_driver’
  154 | module_platform_driver(snd_fe_pi_audio_driver);
      | ^~~~~~~~~~~~~~~~~~~~~~
In file included from sound/soc/bcm/fe-pi-audio.c:19:
./include/linux/module.h:132:6: warning: ‘init_module’ specifies less restrictive attribute than its target ‘snd_fe_pi_audio_driver_init’: ‘cold’ [-Wmissing-attributes]
  132 |  int init_module(void) __attribute__((alias(#initfn)));
      |      ^~~~~~~~~~~
./include/linux/device.h:1355:1: note: in expansion of macro ‘module_init’
 1355 | module_init(__driver##_init); \
      | ^~~~~~~~~~~
./include/linux/platform_device.h:228:2: note: in expansion of macro ‘module_driver’
  228 |  module_driver(__platform_driver, platform_driver_register, \
      |  ^~~~~~~~~~~~~
sound/soc/bcm/fe-pi-audio.c:154:1: note: in expansion of macro ‘module_platform_driver’
  154 | module_platform_driver(snd_fe_pi_audio_driver);
      | ^~~~~~~~~~~~~~~~~~~~~~
In file included from ./include/linux/platform_device.h:14,
                 from sound/soc/bcm/fe-pi-audio.c:20:
sound/soc/bcm/fe-pi-audio.c:154:24: note: ‘init_module’ target declared here
  154 | module_platform_driver(snd_fe_pi_audio_driver);
      |                        ^~~~~~~~~~~~~~~~~~~~~~
./include/linux/device.h:1351:19: note: in definition of macro ‘module_driver’
 1351 | static int __init __driver##_init(void) \
      |                   ^~~~~~~~
sound/soc/bcm/fe-pi-audio.c:154:1: note: in expansion of macro ‘module_platform_driver’
  154 | module_platform_driver(snd_fe_pi_audio_driver);
      | ^~~~~~~~~~~~~~~~~~~~~~
  LD [M]  sound/soc/bcm/snd-soc-fe-pi-audio.o
  LD      sound/soc/blackfin/built-in.o
  LD      sound/soc/cirrus/built-in.o
  LD      sound/soc/codecs/built-in.o
  CC [M]  sound/soc/codecs/adau1701.o
In file included from sound/soc/codecs/adau1701.c:11:
./include/linux/module.h:138:7: warning: ‘cleanup_module’ specifies less restrictive attribute than its target ‘adau1701_i2c_driver_exit’: ‘cold’ [-Wmissing-attributes]
  138 |  void cleanup_module(void) __attribute__((alias(#exitfn)));
      |       ^~~~~~~~~~~~~~
./include/linux/device.h:1360:1: note: in expansion of macro ‘module_exit’
 1360 | module_exit(__driver##_exit);
      | ^~~~~~~~~~~
./include/linux/i2c.h:751:2: note: in expansion of macro ‘module_driver’
  751 |  module_driver(__i2c_driver, i2c_add_driver, \
      |  ^~~~~~~~~~~~~
sound/soc/codecs/adau1701.c:926:1: note: in expansion of macro ‘module_i2c_driver’
  926 | module_i2c_driver(adau1701_i2c_driver);
      | ^~~~~~~~~~~~~~~~~
In file included from ./include/linux/i2c.h:30,
                 from sound/soc/codecs/adau1701.c:13:
sound/soc/codecs/adau1701.c:926:19: note: ‘cleanup_module’ target declared here
  926 | module_i2c_driver(adau1701_i2c_driver);
      |                   ^~~~~~~~~~~~~~~~~~~
./include/linux/device.h:1356:20: note: in definition of macro ‘module_driver’
 1356 | static void __exit __driver##_exit(void) \
      |                    ^~~~~~~~
sound/soc/codecs/adau1701.c:926:1: note: in expansion of macro ‘module_i2c_driver’
  926 | module_i2c_driver(adau1701_i2c_driver);
      | ^~~~~~~~~~~~~~~~~
In file included from sound/soc/codecs/adau1701.c:11:
./include/linux/module.h:132:6: warning: ‘init_module’ specifies less restrictive attribute than its target ‘adau1701_i2c_driver_init’: ‘cold’ [-Wmissing-attributes]
  132 |  int init_module(void) __attribute__((alias(#initfn)));
      |      ^~~~~~~~~~~
./include/linux/device.h:1355:1: note: in expansion of macro ‘module_init’
 1355 | module_init(__driver##_init); \
      | ^~~~~~~~~~~
./include/linux/i2c.h:751:2: note: in expansion of macro ‘module_driver’
  751 |  module_driver(__i2c_driver, i2c_add_driver, \
      |  ^~~~~~~~~~~~~
sound/soc/codecs/adau1701.c:926:1: note: in expansion of macro ‘module_i2c_driver’
  926 | module_i2c_driver(adau1701_i2c_driver);
      | ^~~~~~~~~~~~~~~~~
In file included from ./include/linux/i2c.h:30,
                 from sound/soc/codecs/adau1701.c:13:
sound/soc/codecs/adau1701.c:926:19: note: ‘init_module’ target declared here
  926 | module_i2c_driver(adau1701_i2c_driver);
      |                   ^~~~~~~~~~~~~~~~~~~
./include/linux/device.h:1351:19: note: in definition of macro ‘module_driver’
 1351 | static int __init __driver##_init(void) \
      |                   ^~~~~~~~
sound/soc/codecs/adau1701.c:926:1: note: in expansion of macro ‘module_i2c_driver’
  926 | module_i2c_driver(adau1701_i2c_driver);
      | ^~~~~~~~~~~~~~~~~
  LD [M]  sound/soc/codecs/snd-soc-adau1701.o
  CC [M]  sound/soc/codecs/adau1977.o
  LD [M]  sound/soc/codecs/snd-soc-adau1977.o
  CC [M]  sound/soc/codecs/adau1977-i2c.o
In file included from sound/soc/codecs/adau1977-i2c.c:12:
./include/linux/module.h:138:7: warning: ‘cleanup_module’ specifies less restrictive attribute than its target ‘adau1977_i2c_driver_exit’: ‘cold’ [-Wmissing-attributes]
  138 |  void cleanup_module(void) __attribute__((alias(#exitfn)));
      |       ^~~~~~~~~~~~~~
./include/linux/device.h:1360:1: note: in expansion of macro ‘module_exit’
 1360 | module_exit(__driver##_exit);
      | ^~~~~~~~~~~
./include/linux/i2c.h:751:2: note: in expansion of macro ‘module_driver’
  751 |  module_driver(__i2c_driver, i2c_add_driver, \
      |  ^~~~~~~~~~~~~
sound/soc/codecs/adau1977-i2c.c:54:1: note: in expansion of macro ‘module_i2c_driver’
   54 | module_i2c_driver(adau1977_i2c_driver);
      | ^~~~~~~~~~~~~~~~~
In file included from ./include/linux/i2c.h:30,
                 from sound/soc/codecs/adau1977-i2c.c:10:
sound/soc/codecs/adau1977-i2c.c:54:19: note: ‘cleanup_module’ target declared here
   54 | module_i2c_driver(adau1977_i2c_driver);
      |                   ^~~~~~~~~~~~~~~~~~~
./include/linux/device.h:1356:20: note: in definition of macro ‘module_driver’
 1356 | static void __exit __driver##_exit(void) \
      |                    ^~~~~~~~
sound/soc/codecs/adau1977-i2c.c:54:1: note: in expansion of macro ‘module_i2c_driver’
   54 | module_i2c_driver(adau1977_i2c_driver);
      | ^~~~~~~~~~~~~~~~~
In file included from sound/soc/codecs/adau1977-i2c.c:12:
./include/linux/module.h:132:6: warning: ‘init_module’ specifies less restrictive attribute than its target ‘adau1977_i2c_driver_init’: ‘cold’ [-Wmissing-attributes]
  132 |  int init_module(void) __attribute__((alias(#initfn)));
      |      ^~~~~~~~~~~
./include/linux/device.h:1355:1: note: in expansion of macro ‘module_init’
 1355 | module_init(__driver##_init); \
      | ^~~~~~~~~~~
./include/linux/i2c.h:751:2: note: in expansion of macro ‘module_driver’
  751 |  module_driver(__i2c_driver, i2c_add_driver, \
      |  ^~~~~~~~~~~~~
sound/soc/codecs/adau1977-i2c.c:54:1: note: in expansion of macro ‘module_i2c_driver’
   54 | module_i2c_driver(adau1977_i2c_driver);
      | ^~~~~~~~~~~~~~~~~
In file included from ./include/linux/i2c.h:30,
                 from sound/soc/codecs/adau1977-i2c.c:10:
sound/soc/codecs/adau1977-i2c.c:54:19: note: ‘init_module’ target declared here
   54 | module_i2c_driver(adau1977_i2c_driver);
      |                   ^~~~~~~~~~~~~~~~~~~
./include/linux/device.h:1351:19: note: in definition of macro ‘module_driver’
 1351 | static int __init __driver##_init(void) \
      |                   ^~~~~~~~
sound/soc/codecs/adau1977-i2c.c:54:1: note: in expansion of macro ‘module_i2c_driver’
   54 | module_i2c_driver(adau1977_i2c_driver);
      | ^~~~~~~~~~~~~~~~~
  LD [M]  sound/soc/codecs/snd-soc-adau1977-i2c.o
  CC [M]  sound/soc/codecs/adau7002.o
In file included from sound/soc/codecs/adau7002.c:11:
./include/linux/module.h:138:7: warning: ‘cleanup_module’ specifies less restrictive attribute than its target ‘adau7002_driver_exit’: ‘cold’ [-Wmissing-attributes]
  138 |  void cleanup_module(void) __attribute__((alias(#exitfn)));
      |       ^~~~~~~~~~~~~~
./include/linux/device.h:1360:1: note: in expansion of macro ‘module_exit’
 1360 | module_exit(__driver##_exit);
      | ^~~~~~~~~~~
./include/linux/platform_device.h:228:2: note: in expansion of macro ‘module_driver’
  228 |  module_driver(__platform_driver, platform_driver_register, \
      |  ^~~~~~~~~~~~~
sound/soc/codecs/adau7002.c:78:1: note: in expansion of macro ‘module_platform_driver’
   78 | module_platform_driver(adau7002_driver);
      | ^~~~~~~~~~~~~~~~~~~~~~
In file included from ./include/linux/platform_device.h:14,
                 from sound/soc/codecs/adau7002.c:13:
sound/soc/codecs/adau7002.c:78:24: note: ‘cleanup_module’ target declared here
   78 | module_platform_driver(adau7002_driver);
      |                        ^~~~~~~~~~~~~~~
./include/linux/device.h:1356:20: note: in definition of macro ‘module_driver’
 1356 | static void __exit __driver##_exit(void) \
      |                    ^~~~~~~~
sound/soc/codecs/adau7002.c:78:1: note: in expansion of macro ‘module_platform_driver’
   78 | module_platform_driver(adau7002_driver);
      | ^~~~~~~~~~~~~~~~~~~~~~
In file included from sound/soc/codecs/adau7002.c:11:
./include/linux/module.h:132:6: warning: ‘init_module’ specifies less restrictive attribute than its target ‘adau7002_driver_init’: ‘cold’ [-Wmissing-attributes]
  132 |  int init_module(void) __attribute__((alias(#initfn)));
      |      ^~~~~~~~~~~
./include/linux/device.h:1355:1: note: in expansion of macro ‘module_init’
 1355 | module_init(__driver##_init); \
      | ^~~~~~~~~~~
./include/linux/platform_device.h:228:2: note: in expansion of macro ‘module_driver’
  228 |  module_driver(__platform_driver, platform_driver_register, \
      |  ^~~~~~~~~~~~~
sound/soc/codecs/adau7002.c:78:1: note: in expansion of macro ‘module_platform_driver’
   78 | module_platform_driver(adau7002_driver);
      | ^~~~~~~~~~~~~~~~~~~~~~
In file included from ./include/linux/platform_device.h:14,
                 from sound/soc/codecs/adau7002.c:13:
sound/soc/codecs/adau7002.c:78:24: note: ‘init_module’ target declared here
   78 | module_platform_driver(adau7002_driver);
      |                        ^~~~~~~~~~~~~~~
./include/linux/device.h:1351:19: note: in definition of macro ‘module_driver’
 1351 | static int __init __driver##_init(void) \
      |                   ^~~~~~~~
sound/soc/codecs/adau7002.c:78:1: note: in expansion of macro ‘module_platform_driver’
   78 | module_platform_driver(adau7002_driver);
      | ^~~~~~~~~~~~~~~~~~~~~~
  LD [M]  sound/soc/codecs/snd-soc-adau7002.o
  CC [M]  sound/soc/codecs/ak4554.o
In file included from sound/soc/codecs/ak4554.c:12:
./include/linux/module.h:138:7: warning: ‘cleanup_module’ specifies less restrictive attribute than its target ‘ak4554_driver_exit’: ‘cold’ [-Wmissing-attributes]
  138 |  void cleanup_module(void) __attribute__((alias(#exitfn)));
      |       ^~~~~~~~~~~~~~
./include/linux/device.h:1360:1: note: in expansion of macro ‘module_exit’
 1360 | module_exit(__driver##_exit);
      | ^~~~~~~~~~~
./include/linux/platform_device.h:228:2: note: in expansion of macro ‘module_driver’
  228 |  module_driver(__platform_driver, platform_driver_register, \
      |  ^~~~~~~~~~~~~
sound/soc/codecs/ak4554.c:103:1: note: in expansion of macro ‘module_platform_driver’
  103 | module_platform_driver(ak4554_driver);
      | ^~~~~~~~~~~~~~~~~~~~~~
In file included from ./include/linux/platform_device.h:14,
                 from ./include/sound/soc.h:17,
                 from sound/soc/codecs/ak4554.c:13:
sound/soc/codecs/ak4554.c:103:24: note: ‘cleanup_module’ target declared here
  103 | module_platform_driver(ak4554_driver);
      |                        ^~~~~~~~~~~~~
./include/linux/device.h:1356:20: note: in definition of macro ‘module_driver’
 1356 | static void __exit __driver##_exit(void) \
      |                    ^~~~~~~~
sound/soc/codecs/ak4554.c:103:1: note: in expansion of macro ‘module_platform_driver’
  103 | module_platform_driver(ak4554_driver);
      | ^~~~~~~~~~~~~~~~~~~~~~
In file included from sound/soc/codecs/ak4554.c:12:
./include/linux/module.h:132:6: warning: ‘init_module’ specifies less restrictive attribute than its target ‘ak4554_driver_init’: ‘cold’ [-Wmissing-attributes]
  132 |  int init_module(void) __attribute__((alias(#initfn)));
      |      ^~~~~~~~~~~
./include/linux/device.h:1355:1: note: in expansion of macro ‘module_init’
 1355 | module_init(__driver##_init); \
      | ^~~~~~~~~~~
./include/linux/platform_device.h:228:2: note: in expansion of macro ‘module_driver’
  228 |  module_driver(__platform_driver, platform_driver_register, \
      |  ^~~~~~~~~~~~~
sound/soc/codecs/ak4554.c:103:1: note: in expansion of macro ‘module_platform_driver’
  103 | module_platform_driver(ak4554_driver);
      | ^~~~~~~~~~~~~~~~~~~~~~
In file included from ./include/linux/platform_device.h:14,
                 from ./include/sound/soc.h:17,
                 from sound/soc/codecs/ak4554.c:13:
sound/soc/codecs/ak4554.c:103:24: note: ‘init_module’ target declared here
  103 | module_platform_driver(ak4554_driver);
      |                        ^~~~~~~~~~~~~
./include/linux/device.h:1351:19: note: in definition of macro ‘module_driver’
 1351 | static int __init __driver##_init(void) \
      |                   ^~~~~~~~
sound/soc/codecs/ak4554.c:103:1: note: in expansion of macro ‘module_platform_driver’
  103 | module_platform_driver(ak4554_driver);
      | ^~~~~~~~~~~~~~~~~~~~~~
  LD [M]  sound/soc/codecs/snd-soc-ak4554.o
  CC [M]  sound/soc/codecs/arizona.o
  LD [M]  sound/soc/codecs/snd-soc-arizona.o
  CC [M]  sound/soc/codecs/cs42xx8.o
  LD [M]  sound/soc/codecs/snd-soc-cs42xx8.o
  CC [M]  sound/soc/codecs/cs42xx8-i2c.o
In file included from sound/soc/codecs/cs42xx8-i2c.c:14:
./include/linux/module.h:138:7: warning: ‘cleanup_module’ specifies less restrictive attribute than its target ‘cs42xx8_i2c_driver_exit’: ‘cold’ [-Wmissing-attributes]
  138 |  void cleanup_module(void) __attribute__((alias(#exitfn)));
      |       ^~~~~~~~~~~~~~
./include/linux/device.h:1360:1: note: in expansion of macro ‘module_exit’
 1360 | module_exit(__driver##_exit);
      | ^~~~~~~~~~~
./include/linux/i2c.h:751:2: note: in expansion of macro ‘module_driver’
  751 |  module_driver(__i2c_driver, i2c_add_driver, \
      |  ^~~~~~~~~~~~~
sound/soc/codecs/cs42xx8-i2c.c:60:1: note: in expansion of macro ‘module_i2c_driver’
   60 | module_i2c_driver(cs42xx8_i2c_driver);
      | ^~~~~~~~~~~~~~~~~
In file included from ./include/linux/i2c.h:30,
                 from sound/soc/codecs/cs42xx8-i2c.c:13:
sound/soc/codecs/cs42xx8-i2c.c:60:19: note: ‘cleanup_module’ target declared here
   60 | module_i2c_driver(cs42xx8_i2c_driver);
      |                   ^~~~~~~~~~~~~~~~~~
./include/linux/device.h:1356:20: note: in definition of macro ‘module_driver’
 1356 | static void __exit __driver##_exit(void) \
      |                    ^~~~~~~~
sound/soc/codecs/cs42xx8-i2c.c:60:1: note: in expansion of macro ‘module_i2c_driver’
   60 | module_i2c_driver(cs42xx8_i2c_driver);
      | ^~~~~~~~~~~~~~~~~
In file included from sound/soc/codecs/cs42xx8-i2c.c:14:
./include/linux/module.h:132:6: warning: ‘init_module’ specifies less restrictive attribute than its target ‘cs42xx8_i2c_driver_init’: ‘cold’ [-Wmissing-attributes]
  132 |  int init_module(void) __attribute__((alias(#initfn)));
      |      ^~~~~~~~~~~
./include/linux/device.h:1355:1: note: in expansion of macro ‘module_init’
 1355 | module_init(__driver##_init); \
      | ^~~~~~~~~~~
./include/linux/i2c.h:751:2: note: in expansion of macro ‘module_driver’
  751 |  module_driver(__i2c_driver, i2c_add_driver, \
      |  ^~~~~~~~~~~~~
sound/soc/codecs/cs42xx8-i2c.c:60:1: note: in expansion of macro ‘module_i2c_driver’
   60 | module_i2c_driver(cs42xx8_i2c_driver);
      | ^~~~~~~~~~~~~~~~~
In file included from ./include/linux/i2c.h:30,
                 from sound/soc/codecs/cs42xx8-i2c.c:13:
sound/soc/codecs/cs42xx8-i2c.c:60:19: note: ‘init_module’ target declared here
   60 | module_i2c_driver(cs42xx8_i2c_driver);
      |                   ^~~~~~~~~~~~~~~~~~
./include/linux/device.h:1351:19: note: in definition of macro ‘module_driver’
 1351 | static int __init __driver##_init(void) \
      |                   ^~~~~~~~
sound/soc/codecs/cs42xx8-i2c.c:60:1: note: in expansion of macro ‘module_i2c_driver’
   60 | module_i2c_driver(cs42xx8_i2c_driver);
      | ^~~~~~~~~~~~~~~~~
  LD [M]  sound/soc/codecs/snd-soc-cs42xx8-i2c.o
  CC [M]  sound/soc/codecs/pcm5102a.o
In file included from sound/soc/codecs/pcm5102a.c:18:
./include/linux/module.h:138:7: warning: ‘cleanup_module’ specifies less restrictive attribute than its target ‘pcm5102a_codec_driver_exit’: ‘cold’ [-Wmissing-attributes]
  138 |  void cleanup_module(void) __attribute__((alias(#exitfn)));
      |       ^~~~~~~~~~~~~~
./include/linux/device.h:1360:1: note: in expansion of macro ‘module_exit’
 1360 | module_exit(__driver##_exit);
      | ^~~~~~~~~~~
./include/linux/platform_device.h:228:2: note: in expansion of macro ‘module_driver’
  228 |  module_driver(__platform_driver, platform_driver_register, \
      |  ^~~~~~~~~~~~~
sound/soc/codecs/pcm5102a.c:64:1: note: in expansion of macro ‘module_platform_driver’
   64 | module_platform_driver(pcm5102a_codec_driver);
      | ^~~~~~~~~~~~~~~~~~~~~~
In file included from ./include/linux/platform_device.h:14,
                 from sound/soc/codecs/pcm5102a.c:19:
sound/soc/codecs/pcm5102a.c:64:24: note: ‘cleanup_module’ target declared here
   64 | module_platform_driver(pcm5102a_codec_driver);
      |                        ^~~~~~~~~~~~~~~~~~~~~
./include/linux/device.h:1356:20: note: in definition of macro ‘module_driver’
 1356 | static void __exit __driver##_exit(void) \
      |                    ^~~~~~~~
sound/soc/codecs/pcm5102a.c:64:1: note: in expansion of macro ‘module_platform_driver’
   64 | module_platform_driver(pcm5102a_codec_driver);
      | ^~~~~~~~~~~~~~~~~~~~~~
In file included from sound/soc/codecs/pcm5102a.c:18:
./include/linux/module.h:132:6: warning: ‘init_module’ specifies less restrictive attribute than its target ‘pcm5102a_codec_driver_init’: ‘cold’ [-Wmissing-attributes]
  132 |  int init_module(void) __attribute__((alias(#initfn)));
      |      ^~~~~~~~~~~
./include/linux/device.h:1355:1: note: in expansion of macro ‘module_init’
 1355 | module_init(__driver##_init); \
      | ^~~~~~~~~~~
./include/linux/platform_device.h:228:2: note: in expansion of macro ‘module_driver’
  228 |  module_driver(__platform_driver, platform_driver_register, \
      |  ^~~~~~~~~~~~~
sound/soc/codecs/pcm5102a.c:64:1: note: in expansion of macro ‘module_platform_driver’
   64 | module_platform_driver(pcm5102a_codec_driver);
      | ^~~~~~~~~~~~~~~~~~~~~~
In file included from ./include/linux/platform_device.h:14,
                 from sound/soc/codecs/pcm5102a.c:19:
sound/soc/codecs/pcm5102a.c:64:24: note: ‘init_module’ target declared here
   64 | module_platform_driver(pcm5102a_codec_driver);
      |                        ^~~~~~~~~~~~~~~~~~~~~
./include/linux/device.h:1351:19: note: in definition of macro ‘module_driver’
 1351 | static int __init __driver##_init(void) \
      |                   ^~~~~~~~
sound/soc/codecs/pcm5102a.c:64:1: note: in expansion of macro ‘module_platform_driver’
   64 | module_platform_driver(pcm5102a_codec_driver);
      | ^~~~~~~~~~~~~~~~~~~~~~
  LD [M]  sound/soc/codecs/snd-soc-pcm5102a.o
  CC [M]  sound/soc/codecs/pcm512x.o
  LD [M]  sound/soc/codecs/snd-soc-pcm512x.o
  CC [M]  sound/soc/codecs/pcm512x-i2c.o
In file included from sound/soc/codecs/pcm512x-i2c.c:18:
./include/linux/module.h:138:7: warning: ‘cleanup_module’ specifies less restrictive attribute than its target ‘pcm512x_i2c_driver_exit’: ‘cold’ [-Wmissing-attributes]
  138 |  void cleanup_module(void) __attribute__((alias(#exitfn)));
      |       ^~~~~~~~~~~~~~
./include/linux/device.h:1360:1: note: in expansion of macro ‘module_exit’
 1360 | module_exit(__driver##_exit);
      | ^~~~~~~~~~~
./include/linux/i2c.h:751:2: note: in expansion of macro ‘module_driver’
  751 |  module_driver(__i2c_driver, i2c_add_driver, \
      |  ^~~~~~~~~~~~~
sound/soc/codecs/pcm512x-i2c.c:75:1: note: in expansion of macro ‘module_i2c_driver’
   75 | module_i2c_driver(pcm512x_i2c_driver);
      | ^~~~~~~~~~~~~~~~~
In file included from ./include/linux/i2c.h:30,
                 from sound/soc/codecs/pcm512x-i2c.c:19:
sound/soc/codecs/pcm512x-i2c.c:75:19: note: ‘cleanup_module’ target declared here
   75 | module_i2c_driver(pcm512x_i2c_driver);
      |                   ^~~~~~~~~~~~~~~~~~
./include/linux/device.h:1356:20: note: in definition of macro ‘module_driver’
 1356 | static void __exit __driver##_exit(void) \
      |                    ^~~~~~~~
sound/soc/codecs/pcm512x-i2c.c:75:1: note: in expansion of macro ‘module_i2c_driver’
   75 | module_i2c_driver(pcm512x_i2c_driver);
      | ^~~~~~~~~~~~~~~~~
In file included from sound/soc/codecs/pcm512x-i2c.c:18:
./include/linux/module.h:132:6: warning: ‘init_module’ specifies less restrictive attribute than its target ‘pcm512x_i2c_driver_init’: ‘cold’ [-Wmissing-attributes]
  132 |  int init_module(void) __attribute__((alias(#initfn)));
      |      ^~~~~~~~~~~
./include/linux/device.h:1355:1: note: in expansion of macro ‘module_init’
 1355 | module_init(__driver##_init); \
      | ^~~~~~~~~~~
./include/linux/i2c.h:751:2: note: in expansion of macro ‘module_driver’
  751 |  module_driver(__i2c_driver, i2c_add_driver, \
      |  ^~~~~~~~~~~~~
sound/soc/codecs/pcm512x-i2c.c:75:1: note: in expansion of macro ‘module_i2c_driver’
   75 | module_i2c_driver(pcm512x_i2c_driver);
      | ^~~~~~~~~~~~~~~~~
In file included from ./include/linux/i2c.h:30,
                 from sound/soc/codecs/pcm512x-i2c.c:19:
sound/soc/codecs/pcm512x-i2c.c:75:19: note: ‘init_module’ target declared here
   75 | module_i2c_driver(pcm512x_i2c_driver);
      |                   ^~~~~~~~~~~~~~~~~~
./include/linux/device.h:1351:19: note: in definition of macro ‘module_driver’
 1351 | static int __init __driver##_init(void) \
      |                   ^~~~~~~~
sound/soc/codecs/pcm512x-i2c.c:75:1: note: in expansion of macro ‘module_i2c_driver’
   75 | module_i2c_driver(pcm512x_i2c_driver);
      | ^~~~~~~~~~~~~~~~~
  LD [M]  sound/soc/codecs/snd-soc-pcm512x-i2c.o
  CC [M]  sound/soc/codecs/pcm1794a.o
In file included from sound/soc/codecs/pcm1794a.c:19:
./include/linux/module.h:138:7: warning: ‘cleanup_module’ specifies less restrictive attribute than its target ‘pcm1794a_codec_driver_exit’: ‘cold’ [-Wmissing-attributes]
  138 |  void cleanup_module(void) __attribute__((alias(#exitfn)));
      |       ^~~~~~~~~~~~~~
./include/linux/device.h:1360:1: note: in expansion of macro ‘module_exit’
 1360 | module_exit(__driver##_exit);
      | ^~~~~~~~~~~
./include/linux/platform_device.h:228:2: note: in expansion of macro ‘module_driver’
  228 |  module_driver(__platform_driver, platform_driver_register, \
      |  ^~~~~~~~~~~~~
sound/soc/codecs/pcm1794a.c:65:1: note: in expansion of macro ‘module_platform_driver’
   65 | module_platform_driver(pcm1794a_codec_driver);
      | ^~~~~~~~~~~~~~~~~~~~~~
In file included from ./include/linux/platform_device.h:14,
                 from sound/soc/codecs/pcm1794a.c:20:
sound/soc/codecs/pcm1794a.c:65:24: note: ‘cleanup_module’ target declared here
   65 | module_platform_driver(pcm1794a_codec_driver);
      |                        ^~~~~~~~~~~~~~~~~~~~~
./include/linux/device.h:1356:20: note: in definition of macro ‘module_driver’
 1356 | static void __exit __driver##_exit(void) \
      |                    ^~~~~~~~
sound/soc/codecs/pcm1794a.c:65:1: note: in expansion of macro ‘module_platform_driver’
   65 | module_platform_driver(pcm1794a_codec_driver);
      | ^~~~~~~~~~~~~~~~~~~~~~
In file included from sound/soc/codecs/pcm1794a.c:19:
./include/linux/module.h:132:6: warning: ‘init_module’ specifies less restrictive attribute than its target ‘pcm1794a_codec_driver_init’: ‘cold’ [-Wmissing-attributes]
  132 |  int init_module(void) __attribute__((alias(#initfn)));
      |      ^~~~~~~~~~~
./include/linux/device.h:1355:1: note: in expansion of macro ‘module_init’
 1355 | module_init(__driver##_init); \
      | ^~~~~~~~~~~
./include/linux/platform_device.h:228:2: note: in expansion of macro ‘module_driver’
  228 |  module_driver(__platform_driver, platform_driver_register, \
      |  ^~~~~~~~~~~~~
sound/soc/codecs/pcm1794a.c:65:1: note: in expansion of macro ‘module_platform_driver’
   65 | module_platform_driver(pcm1794a_codec_driver);
      | ^~~~~~~~~~~~~~~~~~~~~~
In file included from ./include/linux/platform_device.h:14,
                 from sound/soc/codecs/pcm1794a.c:20:
sound/soc/codecs/pcm1794a.c:65:24: note: ‘init_module’ target declared here
   65 | module_platform_driver(pcm1794a_codec_driver);
      |                        ^~~~~~~~~~~~~~~~~~~~~
./include/linux/device.h:1351:19: note: in definition of macro ‘module_driver’
 1351 | static int __init __driver##_init(void) \
      |                   ^~~~~~~~
sound/soc/codecs/pcm1794a.c:65:1: note: in expansion of macro ‘module_platform_driver’
   65 | module_platform_driver(pcm1794a_codec_driver);
      | ^~~~~~~~~~~~~~~~~~~~~~
  LD [M]  sound/soc/codecs/snd-soc-pcm1794a.o
  CC [M]  sound/soc/codecs/sgtl5000.o
In file included from sound/soc/codecs/sgtl5000.c:11:
./include/linux/module.h:138:7: warning: ‘cleanup_module’ specifies less restrictive attribute than its target ‘sgtl5000_i2c_driver_exit’: ‘cold’ [-Wmissing-attributes]
  138 |  void cleanup_module(void) __attribute__((alias(#exitfn)));
      |       ^~~~~~~~~~~~~~
./include/linux/device.h:1360:1: note: in expansion of macro ‘module_exit’
 1360 | module_exit(__driver##_exit);
      | ^~~~~~~~~~~
./include/linux/i2c.h:751:2: note: in expansion of macro ‘module_driver’
  751 |  module_driver(__i2c_driver, i2c_add_driver, \
      |  ^~~~~~~~~~~~~
sound/soc/codecs/sgtl5000.c:1405:1: note: in expansion of macro ‘module_i2c_driver’
 1405 | module_i2c_driver(sgtl5000_i2c_driver);
      | ^~~~~~~~~~~~~~~~~
In file included from ./include/linux/i2c.h:30,
                 from sound/soc/codecs/sgtl5000.c:17:
sound/soc/codecs/sgtl5000.c:1405:19: note: ‘cleanup_module’ target declared here
 1405 | module_i2c_driver(sgtl5000_i2c_driver);
      |                   ^~~~~~~~~~~~~~~~~~~
./include/linux/device.h:1356:20: note: in definition of macro ‘module_driver’
 1356 | static void __exit __driver##_exit(void) \
      |                    ^~~~~~~~
sound/soc/codecs/sgtl5000.c:1405:1: note: in expansion of macro ‘module_i2c_driver’
 1405 | module_i2c_driver(sgtl5000_i2c_driver);
      | ^~~~~~~~~~~~~~~~~
In file included from sound/soc/codecs/sgtl5000.c:11:
./include/linux/module.h:132:6: warning: ‘init_module’ specifies less restrictive attribute than its target ‘sgtl5000_i2c_driver_init’: ‘cold’ [-Wmissing-attributes]
  132 |  int init_module(void) __attribute__((alias(#initfn)));
      |      ^~~~~~~~~~~
./include/linux/device.h:1355:1: note: in expansion of macro ‘module_init’
 1355 | module_init(__driver##_init); \
      | ^~~~~~~~~~~
./include/linux/i2c.h:751:2: note: in expansion of macro ‘module_driver’
  751 |  module_driver(__i2c_driver, i2c_add_driver, \
      |  ^~~~~~~~~~~~~
sound/soc/codecs/sgtl5000.c:1405:1: note: in expansion of macro ‘module_i2c_driver’
 1405 | module_i2c_driver(sgtl5000_i2c_driver);
      | ^~~~~~~~~~~~~~~~~
In file included from ./include/linux/i2c.h:30,
                 from sound/soc/codecs/sgtl5000.c:17:
sound/soc/codecs/sgtl5000.c:1405:19: note: ‘init_module’ target declared here
 1405 | module_i2c_driver(sgtl5000_i2c_driver);
      |                   ^~~~~~~~~~~~~~~~~~~
./include/linux/device.h:1351:19: note: in definition of macro ‘module_driver’
 1351 | static int __init __driver##_init(void) \
      |                   ^~~~~~~~
sound/soc/codecs/sgtl5000.c:1405:1: note: in expansion of macro ‘module_i2c_driver’
 1405 | module_i2c_driver(sgtl5000_i2c_driver);
      | ^~~~~~~~~~~~~~~~~
  LD [M]  sound/soc/codecs/snd-soc-sgtl5000.o
  CC [M]  sound/soc/codecs/sigmadsp.o
  LD [M]  sound/soc/codecs/snd-soc-sigmadsp.o
  CC [M]  sound/soc/codecs/sigmadsp-i2c.o
  LD [M]  sound/soc/codecs/snd-soc-sigmadsp-i2c.o
  CC [M]  sound/soc/codecs/spdif_receiver.o
In file included from sound/soc/codecs/spdif_receiver.c:18:
./include/linux/module.h:138:7: warning: ‘cleanup_module’ specifies less restrictive attribute than its target ‘spdif_dir_driver_exit’: ‘cold’ [-Wmissing-attributes]
  138 |  void cleanup_module(void) __attribute__((alias(#exitfn)));
      |       ^~~~~~~~~~~~~~
./include/linux/device.h:1360:1: note: in expansion of macro ‘module_exit’
 1360 | module_exit(__driver##_exit);
      | ^~~~~~~~~~~
./include/linux/platform_device.h:228:2: note: in expansion of macro ‘module_driver’
  228 |  module_driver(__platform_driver, platform_driver_register, \
      |  ^~~~~~~~~~~~~
sound/soc/codecs/spdif_receiver.c:89:1: note: in expansion of macro ‘module_platform_driver’
   89 | module_platform_driver(spdif_dir_driver);
      | ^~~~~~~~~~~~~~~~~~~~~~
In file included from ./include/linux/platform_device.h:14,
                 from ./include/sound/soc.h:17,
                 from sound/soc/codecs/spdif_receiver.c:21:
sound/soc/codecs/spdif_receiver.c:89:24: note: ‘cleanup_module’ target declared here
   89 | module_platform_driver(spdif_dir_driver);
      |                        ^~~~~~~~~~~~~~~~
./include/linux/device.h:1356:20: note: in definition of macro ‘module_driver’
 1356 | static void __exit __driver##_exit(void) \
      |                    ^~~~~~~~
sound/soc/codecs/spdif_receiver.c:89:1: note: in expansion of macro ‘module_platform_driver’
   89 | module_platform_driver(spdif_dir_driver);
      | ^~~~~~~~~~~~~~~~~~~~~~
In file included from sound/soc/codecs/spdif_receiver.c:18:
./include/linux/module.h:132:6: warning: ‘init_module’ specifies less restrictive attribute than its target ‘spdif_dir_driver_init’: ‘cold’ [-Wmissing-attributes]
  132 |  int init_module(void) __attribute__((alias(#initfn)));
      |      ^~~~~~~~~~~
./include/linux/device.h:1355:1: note: in expansion of macro ‘module_init’
 1355 | module_init(__driver##_init); \
      | ^~~~~~~~~~~
./include/linux/platform_device.h:228:2: note: in expansion of macro ‘module_driver’
  228 |  module_driver(__platform_driver, platform_driver_register, \
      |  ^~~~~~~~~~~~~
sound/soc/codecs/spdif_receiver.c:89:1: note: in expansion of macro ‘module_platform_driver’
   89 | module_platform_driver(spdif_dir_driver);
      | ^~~~~~~~~~~~~~~~~~~~~~
In file included from ./include/linux/platform_device.h:14,
                 from ./include/sound/soc.h:17,
                 from sound/soc/codecs/spdif_receiver.c:21:
sound/soc/codecs/spdif_receiver.c:89:24: note: ‘init_module’ target declared here
   89 | module_platform_driver(spdif_dir_driver);
      |                        ^~~~~~~~~~~~~~~~
./include/linux/device.h:1351:19: note: in definition of macro ‘module_driver’
 1351 | static int __init __driver##_init(void) \
      |                   ^~~~~~~~
sound/soc/codecs/spdif_receiver.c:89:1: note: in expansion of macro ‘module_platform_driver’
   89 | module_platform_driver(spdif_dir_driver);
      | ^~~~~~~~~~~~~~~~~~~~~~
  LD [M]  sound/soc/codecs/snd-soc-spdif-rx.o
  CC [M]  sound/soc/codecs/spdif_transmitter.o
In file included from sound/soc/codecs/spdif_transmitter.c:17:
./include/linux/module.h:138:7: warning: ‘cleanup_module’ specifies less restrictive attribute than its target ‘spdif_dit_driver_exit’: ‘cold’ [-Wmissing-attributes]
  138 |  void cleanup_module(void) __attribute__((alias(#exitfn)));
      |       ^~~~~~~~~~~~~~
./include/linux/device.h:1360:1: note: in expansion of macro ‘module_exit’
 1360 | module_exit(__driver##_exit);
      | ^~~~~~~~~~~
./include/linux/platform_device.h:228:2: note: in expansion of macro ‘module_driver’
  228 |  module_driver(__platform_driver, platform_driver_register, \
      |  ^~~~~~~~~~~~~
sound/soc/codecs/spdif_transmitter.c:89:1: note: in expansion of macro ‘module_platform_driver’
   89 | module_platform_driver(spdif_dit_driver);
      | ^~~~~~~~~~~~~~~~~~~~~~
In file included from ./include/linux/platform_device.h:14,
                 from ./include/sound/soc.h:17,
                 from sound/soc/codecs/spdif_transmitter.c:20:
sound/soc/codecs/spdif_transmitter.c:89:24: note: ‘cleanup_module’ target declared here
   89 | module_platform_driver(spdif_dit_driver);
      |                        ^~~~~~~~~~~~~~~~
./include/linux/device.h:1356:20: note: in definition of macro ‘module_driver’
 1356 | static void __exit __driver##_exit(void) \
      |                    ^~~~~~~~
sound/soc/codecs/spdif_transmitter.c:89:1: note: in expansion of macro ‘module_platform_driver’
   89 | module_platform_driver(spdif_dit_driver);
      | ^~~~~~~~~~~~~~~~~~~~~~
In file included from sound/soc/codecs/spdif_transmitter.c:17:
./include/linux/module.h:132:6: warning: ‘init_module’ specifies less restrictive attribute than its target ‘spdif_dit_driver_init’: ‘cold’ [-Wmissing-attributes]
  132 |  int init_module(void) __attribute__((alias(#initfn)));
      |      ^~~~~~~~~~~
./include/linux/device.h:1355:1: note: in expansion of macro ‘module_init’
 1355 | module_init(__driver##_init); \
      | ^~~~~~~~~~~
./include/linux/platform_device.h:228:2: note: in expansion of macro ‘module_driver’
  228 |  module_driver(__platform_driver, platform_driver_register, \
      |  ^~~~~~~~~~~~~
sound/soc/codecs/spdif_transmitter.c:89:1: note: in expansion of macro ‘module_platform_driver’
   89 | module_platform_driver(spdif_dit_driver);
      | ^~~~~~~~~~~~~~~~~~~~~~
In file included from ./include/linux/platform_device.h:14,
                 from ./include/sound/soc.h:17,
                 from sound/soc/codecs/spdif_transmitter.c:20:
sound/soc/codecs/spdif_transmitter.c:89:24: note: ‘init_module’ target declared here
   89 | module_platform_driver(spdif_dit_driver);
      |                        ^~~~~~~~~~~~~~~~
./include/linux/device.h:1351:19: note: in definition of macro ‘module_driver’
 1351 | static int __init __driver##_init(void) \
      |                   ^~~~~~~~
sound/soc/codecs/spdif_transmitter.c:89:1: note: in expansion of macro ‘module_platform_driver’
   89 | module_platform_driver(spdif_dit_driver);
      | ^~~~~~~~~~~~~~~~~~~~~~
  LD [M]  sound/soc/codecs/snd-soc-spdif-tx.o
  CC [M]  sound/soc/codecs/tas5713.o
In file included from sound/soc/codecs/tas5713.c:17:
./include/linux/module.h:138:7: warning: ‘cleanup_module’ specifies less restrictive attribute than its target ‘tas5713_exit’: ‘cold’ [-Wmissing-attributes]
  138 |  void cleanup_module(void) __attribute__((alias(#exitfn)));
      |       ^~~~~~~~~~~~~~
sound/soc/codecs/tas5713.c:366:1: note: in expansion of macro ‘module_exit’
  366 | module_exit(tas5713_exit);
      | ^~~~~~~~~~~
sound/soc/codecs/tas5713.c:362:20: note: ‘cleanup_module’ target declared here
  362 | static void __exit tas5713_exit(void)
      |                    ^~~~~~~~~~~~
In file included from sound/soc/codecs/tas5713.c:17:
./include/linux/module.h:132:6: warning: ‘init_module’ specifies less restrictive attribute than its target ‘tas5713_modinit’: ‘cold’ [-Wmissing-attributes]
  132 |  int init_module(void) __attribute__((alias(#initfn)));
      |      ^~~~~~~~~~~
sound/soc/codecs/tas5713.c:359:1: note: in expansion of macro ‘module_init’
  359 | module_init(tas5713_modinit);
      | ^~~~~~~~~~~
sound/soc/codecs/tas5713.c:347:19: note: ‘init_module’ target declared here
  347 | static int __init tas5713_modinit(void)
      |                   ^~~~~~~~~~~~~~~
  LD [M]  sound/soc/codecs/snd-soc-tas5713.o
  CC [M]  sound/soc/codecs/wm5102.o
In file included from sound/soc/codecs/wm5102.c:13:
./include/linux/module.h:132:6: warning: ‘init_module’ specifies less restrictive attribute than its target ‘wm5102_codec_driver_init’: ‘cold’ [-Wmissing-attributes]
  132 |  int init_module(void) __attribute__((alias(#initfn)));
      |      ^~~~~~~~~~~
./include/linux/device.h:1355:1: note: in expansion of macro ‘module_init’
 1355 | module_init(__driver##_init); \
      | ^~~~~~~~~~~
./include/linux/platform_device.h:228:2: note: in expansion of macro ‘module_driver’
  228 |  module_driver(__platform_driver, platform_driver_register, \
      |  ^~~~~~~~~~~~~
sound/soc/codecs/wm5102.c:2132:1: note: in expansion of macro ‘module_platform_driver’
 2132 | module_platform_driver(wm5102_codec_driver);
      | ^~~~~~~~~~~~~~~~~~~~~~
In file included from ./include/linux/pm_runtime.h:12,
                 from sound/soc/codecs/wm5102.c:18:
sound/soc/codecs/wm5102.c:2132:24: note: ‘init_module’ target declared here
 2132 | module_platform_driver(wm5102_codec_driver);
      |                        ^~~~~~~~~~~~~~~~~~~
./include/linux/device.h:1351:19: note: in definition of macro ‘module_driver’
 1351 | static int __init __driver##_init(void) \
      |                   ^~~~~~~~
sound/soc/codecs/wm5102.c:2132:1: note: in expansion of macro ‘module_platform_driver’
 2132 | module_platform_driver(wm5102_codec_driver);
      | ^~~~~~~~~~~~~~~~~~~~~~
In file included from sound/soc/codecs/wm5102.c:13:
./include/linux/module.h:138:7: warning: ‘cleanup_module’ specifies less restrictive attribute than its target ‘wm5102_codec_driver_exit’: ‘cold’ [-Wmissing-attributes]
  138 |  void cleanup_module(void) __attribute__((alias(#exitfn)));
      |       ^~~~~~~~~~~~~~
./include/linux/device.h:1360:1: note: in expansion of macro ‘module_exit’
 1360 | module_exit(__driver##_exit);
      | ^~~~~~~~~~~
./include/linux/platform_device.h:228:2: note: in expansion of macro ‘module_driver’
  228 |  module_driver(__platform_driver, platform_driver_register, \
      |  ^~~~~~~~~~~~~
sound/soc/codecs/wm5102.c:2132:1: note: in expansion of macro ‘module_platform_driver’
 2132 | module_platform_driver(wm5102_codec_driver);
      | ^~~~~~~~~~~~~~~~~~~~~~
In file included from ./include/linux/pm_runtime.h:12,
                 from sound/soc/codecs/wm5102.c:18:
sound/soc/codecs/wm5102.c:2132:24: note: ‘cleanup_module’ target declared here
 2132 | module_platform_driver(wm5102_codec_driver);
      |                        ^~~~~~~~~~~~~~~~~~~
./include/linux/device.h:1356:20: note: in definition of macro ‘module_driver’
 1356 | static void __exit __driver##_exit(void) \
      |                    ^~~~~~~~
sound/soc/codecs/wm5102.c:2132:1: note: in expansion of macro ‘module_platform_driver’
 2132 | module_platform_driver(wm5102_codec_driver);
      | ^~~~~~~~~~~~~~~~~~~~~~
  LD [M]  sound/soc/codecs/snd-soc-wm5102.o
  CC [M]  sound/soc/codecs/wm8731.o
In file included from sound/soc/codecs/wm8731.c:16:
./include/linux/module.h:138:7: warning: ‘cleanup_module’ specifies less restrictive attribute than its target ‘wm8731_exit’: ‘cold’ [-Wmissing-attributes]
  138 |  void cleanup_module(void) __attribute__((alias(#exitfn)));
      |       ^~~~~~~~~~~~~~
sound/soc/codecs/wm8731.c:841:1: note: in expansion of macro ‘module_exit’
  841 | module_exit(wm8731_exit);
      | ^~~~~~~~~~~
sound/soc/codecs/wm8731.c:832:20: note: ‘cleanup_module’ target declared here
  832 | static void __exit wm8731_exit(void)
      |                    ^~~~~~~~~~~
In file included from sound/soc/codecs/wm8731.c:16:
./include/linux/module.h:132:6: warning: ‘init_module’ specifies less restrictive attribute than its target ‘wm8731_modinit’: ‘cold’ [-Wmissing-attributes]
  132 |  int init_module(void) __attribute__((alias(#initfn)));
      |      ^~~~~~~~~~~
sound/soc/codecs/wm8731.c:830:1: note: in expansion of macro ‘module_init’
  830 | module_init(wm8731_modinit);
      | ^~~~~~~~~~~
sound/soc/codecs/wm8731.c:811:19: note: ‘init_module’ target declared here
  811 | static int __init wm8731_modinit(void)
      |                   ^~~~~~~~~~~~~~
  LD [M]  sound/soc/codecs/snd-soc-wm8731.o
  CC [M]  sound/soc/codecs/wm8741.o
In file included from sound/soc/codecs/wm8741.c:14:
./include/linux/module.h:138:7: warning: ‘cleanup_module’ specifies less restrictive attribute than its target ‘wm8741_exit’: ‘cold’ [-Wmissing-attributes]
  138 |  void cleanup_module(void) __attribute__((alias(#exitfn)));
      |       ^~~~~~~~~~~~~~
sound/soc/codecs/wm8741.c:699:1: note: in expansion of macro ‘module_exit’
  699 | module_exit(wm8741_exit);
      | ^~~~~~~~~~~
sound/soc/codecs/wm8741.c:690:20: note: ‘cleanup_module’ target declared here
  690 | static void __exit wm8741_exit(void)
      |                    ^~~~~~~~~~~
In file included from sound/soc/codecs/wm8741.c:14:
./include/linux/module.h:132:6: warning: ‘init_module’ specifies less restrictive attribute than its target ‘wm8741_modinit’: ‘cold’ [-Wmissing-attributes]
  132 |  int init_module(void) __attribute__((alias(#initfn)));
      |      ^~~~~~~~~~~
sound/soc/codecs/wm8741.c:688:1: note: in expansion of macro ‘module_init’
  688 | module_init(wm8741_modinit);
      | ^~~~~~~~~~~
sound/soc/codecs/wm8741.c:669:19: note: ‘init_module’ target declared here
  669 | static int __init wm8741_modinit(void)
      |                   ^~~~~~~~~~~~~~
  LD [M]  sound/soc/codecs/snd-soc-wm8741.o
  CC [M]  sound/soc/codecs/wm8804.o
  LD [M]  sound/soc/codecs/snd-soc-wm8804.o
  CC [M]  sound/soc/codecs/wm8804-i2c.o
In file included from sound/soc/codecs/wm8804-i2c.c:14:
./include/linux/module.h:138:7: warning: ‘cleanup_module’ specifies less restrictive attribute than its target ‘wm8804_i2c_driver_exit’: ‘cold’ [-Wmissing-attributes]
  138 |  void cleanup_module(void) __attribute__((alias(#exitfn)));
      |       ^~~~~~~~~~~~~~
./include/linux/device.h:1360:1: note: in expansion of macro ‘module_exit’
 1360 | module_exit(__driver##_exit);
      | ^~~~~~~~~~~
./include/linux/i2c.h:751:2: note: in expansion of macro ‘module_driver’
  751 |  module_driver(__i2c_driver, i2c_add_driver, \
      |  ^~~~~~~~~~~~~
sound/soc/codecs/wm8804-i2c.c:60:1: note: in expansion of macro ‘module_i2c_driver’
   60 | module_i2c_driver(wm8804_i2c_driver);
      | ^~~~~~~~~~~~~~~~~
In file included from ./include/linux/i2c.h:30,
                 from sound/soc/codecs/wm8804-i2c.c:15:
sound/soc/codecs/wm8804-i2c.c:60:19: note: ‘cleanup_module’ target declared here
   60 | module_i2c_driver(wm8804_i2c_driver);
      |                   ^~~~~~~~~~~~~~~~~
./include/linux/device.h:1356:20: note: in definition of macro ‘module_driver’
 1356 | static void __exit __driver##_exit(void) \
      |                    ^~~~~~~~
sound/soc/codecs/wm8804-i2c.c:60:1: note: in expansion of macro ‘module_i2c_driver’
   60 | module_i2c_driver(wm8804_i2c_driver);
      | ^~~~~~~~~~~~~~~~~
In file included from sound/soc/codecs/wm8804-i2c.c:14:
./include/linux/module.h:132:6: warning: ‘init_module’ specifies less restrictive attribute than its target ‘wm8804_i2c_driver_init’: ‘cold’ [-Wmissing-attributes]
  132 |  int init_module(void) __attribute__((alias(#initfn)));
      |      ^~~~~~~~~~~
./include/linux/device.h:1355:1: note: in expansion of macro ‘module_init’
 1355 | module_init(__driver##_init); \
      | ^~~~~~~~~~~
./include/linux/i2c.h:751:2: note: in expansion of macro ‘module_driver’
  751 |  module_driver(__i2c_driver, i2c_add_driver, \
      |  ^~~~~~~~~~~~~
sound/soc/codecs/wm8804-i2c.c:60:1: note: in expansion of macro ‘module_i2c_driver’
   60 | module_i2c_driver(wm8804_i2c_driver);
      | ^~~~~~~~~~~~~~~~~
In file included from ./include/linux/i2c.h:30,
                 from sound/soc/codecs/wm8804-i2c.c:15:
sound/soc/codecs/wm8804-i2c.c:60:19: note: ‘init_module’ target declared here
   60 | module_i2c_driver(wm8804_i2c_driver);
      |                   ^~~~~~~~~~~~~~~~~
./include/linux/device.h:1351:19: note: in definition of macro ‘module_driver’
 1351 | static int __init __driver##_init(void) \
      |                   ^~~~~~~~
sound/soc/codecs/wm8804-i2c.c:60:1: note: in expansion of macro ‘module_i2c_driver’
   60 | module_i2c_driver(wm8804_i2c_driver);
      | ^~~~~~~~~~~~~~~~~
  LD [M]  sound/soc/codecs/snd-soc-wm8804-i2c.o
  CC [M]  sound/soc/codecs/wm_adsp.o
  LD [M]  sound/soc/codecs/snd-soc-wm-adsp.o
  CC [M]  sound/soc/codecs/tpa6130a2.o
In file included from sound/soc/codecs/tpa6130a2.c:23:
./include/linux/module.h:138:7: warning: ‘cleanup_module’ specifies less restrictive attribute than its target ‘tpa6130a2_i2c_driver_exit’: ‘cold’ [-Wmissing-attributes]
  138 |  void cleanup_module(void) __attribute__((alias(#exitfn)));
      |       ^~~~~~~~~~~~~~
./include/linux/device.h:1360:1: note: in expansion of macro ‘module_exit’
 1360 | module_exit(__driver##_exit);
      | ^~~~~~~~~~~
./include/linux/i2c.h:751:2: note: in expansion of macro ‘module_driver’
  751 |  module_driver(__i2c_driver, i2c_add_driver, \
      |  ^~~~~~~~~~~~~
sound/soc/codecs/tpa6130a2.c:337:1: note: in expansion of macro ‘module_i2c_driver’
  337 | module_i2c_driver(tpa6130a2_i2c_driver);
      | ^~~~~~~~~~~~~~~~~
In file included from sound/soc/codecs/tpa6130a2.c:25:
sound/soc/codecs/tpa6130a2.c:337:19: note: ‘cleanup_module’ target declared here
  337 | module_i2c_driver(tpa6130a2_i2c_driver);
      |                   ^~~~~~~~~~~~~~~~~~~~
./include/linux/device.h:1356:20: note: in definition of macro ‘module_driver’
 1356 | static void __exit __driver##_exit(void) \
      |                    ^~~~~~~~
sound/soc/codecs/tpa6130a2.c:337:1: note: in expansion of macro ‘module_i2c_driver’
  337 | module_i2c_driver(tpa6130a2_i2c_driver);
      | ^~~~~~~~~~~~~~~~~
In file included from sound/soc/codecs/tpa6130a2.c:23:
./include/linux/module.h:132:6: warning: ‘init_module’ specifies less restrictive attribute than its target ‘tpa6130a2_i2c_driver_init’: ‘cold’ [-Wmissing-attributes]
  132 |  int init_module(void) __attribute__((alias(#initfn)));
      |      ^~~~~~~~~~~
./include/linux/device.h:1355:1: note: in expansion of macro ‘module_init’
 1355 | module_init(__driver##_init); \
      | ^~~~~~~~~~~
./include/linux/i2c.h:751:2: note: in expansion of macro ‘module_driver’
  751 |  module_driver(__i2c_driver, i2c_add_driver, \
      |  ^~~~~~~~~~~~~
sound/soc/codecs/tpa6130a2.c:337:1: note: in expansion of macro ‘module_i2c_driver’
  337 | module_i2c_driver(tpa6130a2_i2c_driver);
      | ^~~~~~~~~~~~~~~~~
In file included from sound/soc/codecs/tpa6130a2.c:25:
sound/soc/codecs/tpa6130a2.c:337:19: note: ‘init_module’ target declared here
  337 | module_i2c_driver(tpa6130a2_i2c_driver);
      |                   ^~~~~~~~~~~~~~~~~~~~
./include/linux/device.h:1351:19: note: in definition of macro ‘module_driver’
 1351 | static int __init __driver##_init(void) \
      |                   ^~~~~~~~
sound/soc/codecs/tpa6130a2.c:337:1: note: in expansion of macro ‘module_i2c_driver’
  337 | module_i2c_driver(tpa6130a2_i2c_driver);
      | ^~~~~~~~~~~~~~~~~
  LD [M]  sound/soc/codecs/snd-soc-tpa6130a2.o
  LD      sound/soc/davinci/built-in.o
  LD      sound/soc/dwc/built-in.o
  LD      sound/soc/fsl/built-in.o
  LD      sound/soc/generic/built-in.o
  CC [M]  sound/soc/generic/simple-card-utils.o
  LD [M]  sound/soc/generic/snd-soc-simple-card-utils.o
  CC [M]  sound/soc/generic/simple-card.o
In file included from sound/soc/generic/simple-card.c:14:
./include/linux/module.h:138:7: warning: ‘cleanup_module’ specifies less restrictive attribute than its target ‘asoc_simple_card_exit’: ‘cold’ [-Wmissing-attributes]
  138 |  void cleanup_module(void) __attribute__((alias(#exitfn)));
      |       ^~~~~~~~~~~~~~
./include/linux/device.h:1360:1: note: in expansion of macro ‘module_exit’
 1360 | module_exit(__driver##_exit);
      | ^~~~~~~~~~~
./include/linux/platform_device.h:228:2: note: in expansion of macro ‘module_driver’
  228 |  module_driver(__platform_driver, platform_driver_register, \
      |  ^~~~~~~~~~~~~
sound/soc/generic/simple-card.c:530:1: note: in expansion of macro ‘module_platform_driver’
  530 | module_platform_driver(asoc_simple_card);
      | ^~~~~~~~~~~~~~~~~~~~~~
In file included from sound/soc/generic/simple-card.c:12:
sound/soc/generic/simple-card.c:530:24: note: ‘cleanup_module’ target declared here
  530 | module_platform_driver(asoc_simple_card);
      |                        ^~~~~~~~~~~~~~~~
./include/linux/device.h:1356:20: note: in definition of macro ‘module_driver’
 1356 | static void __exit __driver##_exit(void) \
      |                    ^~~~~~~~
sound/soc/generic/simple-card.c:530:1: note: in expansion of macro ‘module_platform_driver’
  530 | module_platform_driver(asoc_simple_card);
      | ^~~~~~~~~~~~~~~~~~~~~~
In file included from sound/soc/generic/simple-card.c:14:
./include/linux/module.h:132:6: warning: ‘init_module’ specifies less restrictive attribute than its target ‘asoc_simple_card_init’: ‘cold’ [-Wmissing-attributes]
  132 |  int init_module(void) __attribute__((alias(#initfn)));
      |      ^~~~~~~~~~~
./include/linux/device.h:1355:1: note: in expansion of macro ‘module_init’
 1355 | module_init(__driver##_init); \
      | ^~~~~~~~~~~
./include/linux/platform_device.h:228:2: note: in expansion of macro ‘module_driver’
  228 |  module_driver(__platform_driver, platform_driver_register, \
      |  ^~~~~~~~~~~~~
sound/soc/generic/simple-card.c:530:1: note: in expansion of macro ‘module_platform_driver’
  530 | module_platform_driver(asoc_simple_card);
      | ^~~~~~~~~~~~~~~~~~~~~~
In file included from sound/soc/generic/simple-card.c:12:
sound/soc/generic/simple-card.c:530:24: note: ‘init_module’ target declared here
  530 | module_platform_driver(asoc_simple_card);
      |                        ^~~~~~~~~~~~~~~~
./include/linux/device.h:1351:19: note: in definition of macro ‘module_driver’
 1351 | static int __init __driver##_init(void) \
      |                   ^~~~~~~~
sound/soc/generic/simple-card.c:530:1: note: in expansion of macro ‘module_platform_driver’
  530 | module_platform_driver(asoc_simple_card);
      | ^~~~~~~~~~~~~~~~~~~~~~
  LD [M]  sound/soc/generic/snd-soc-simple-card.o
  LD      sound/soc/img/built-in.o
  LD      sound/soc/intel/built-in.o
  LD      sound/soc/intel/boards/built-in.o
  LD      sound/soc/jz4740/built-in.o
  LD      sound/soc/kirkwood/built-in.o
  LD      sound/soc/mediatek/built-in.o
  LD      sound/soc/mxs/built-in.o
  LD      sound/soc/nuc900/built-in.o
  LD      sound/soc/omap/built-in.o
  LD      sound/soc/pxa/built-in.o
  LD      sound/soc/qcom/built-in.o
  LD      sound/soc/rockchip/built-in.o
  LD      sound/soc/samsung/built-in.o
  LD      sound/soc/sh/built-in.o
  LD      sound/soc/sirf/built-in.o
  LD      sound/soc/spear/built-in.o
  LD      sound/soc/sti/built-in.o
  LD      sound/soc/sunxi/built-in.o
  LD      sound/soc/tegra/built-in.o
  LD      sound/soc/txx9/built-in.o
  LD      sound/soc/ux500/built-in.o
  LD      sound/soc/xtensa/built-in.o
  LD      sound/soc/zte/built-in.o
  LD      sound/sparc/built-in.o
  LD      sound/spi/built-in.o
  LD      sound/synth/built-in.o
  LD      sound/synth/emux/built-in.o
  LD      sound/usb/built-in.o
  CC [M]  sound/usb/card.o
In file included from sound/usb/card.c:47:
./include/linux/module.h:138:7: warning: ‘cleanup_module’ specifies less restrictive attribute than its target ‘usb_audio_driver_exit’: ‘cold’ [-Wmissing-attributes]
  138 |  void cleanup_module(void) __attribute__((alias(#exitfn)));
      |       ^~~~~~~~~~~~~~
./include/linux/device.h:1360:1: note: in expansion of macro ‘module_exit’
 1360 | module_exit(__driver##_exit);
      | ^~~~~~~~~~~
./include/linux/usb.h:1195:2: note: in expansion of macro ‘module_driver’
 1195 |  module_driver(__usb_driver, usb_register, \
      |  ^~~~~~~~~~~~~
sound/usb/card.c:861:1: note: in expansion of macro ‘module_usb_driver’
  861 | module_usb_driver(usb_audio_driver);
      | ^~~~~~~~~~~~~~~~~
In file included from ./include/linux/usb/ch9.h:35,
                 from ./include/linux/usb.h:5,
                 from sound/usb/card.c:42:
sound/usb/card.c:861:19: note: ‘cleanup_module’ target declared here
  861 | module_usb_driver(usb_audio_driver);
      |                   ^~~~~~~~~~~~~~~~
./include/linux/device.h:1356:20: note: in definition of macro ‘module_driver’
 1356 | static void __exit __driver##_exit(void) \
      |                    ^~~~~~~~
sound/usb/card.c:861:1: note: in expansion of macro ‘module_usb_driver’
  861 | module_usb_driver(usb_audio_driver);
      | ^~~~~~~~~~~~~~~~~
In file included from sound/usb/card.c:47:
./include/linux/module.h:132:6: warning: ‘init_module’ specifies less restrictive attribute than its target ‘usb_audio_driver_init’: ‘cold’ [-Wmissing-attributes]
  132 |  int init_module(void) __attribute__((alias(#initfn)));
      |      ^~~~~~~~~~~
./include/linux/device.h:1355:1: note: in expansion of macro ‘module_init’
 1355 | module_init(__driver##_init); \
      | ^~~~~~~~~~~
./include/linux/usb.h:1195:2: note: in expansion of macro ‘module_driver’
 1195 |  module_driver(__usb_driver, usb_register, \
      |  ^~~~~~~~~~~~~
sound/usb/card.c:861:1: note: in expansion of macro ‘module_usb_driver’
  861 | module_usb_driver(usb_audio_driver);
      | ^~~~~~~~~~~~~~~~~
In file included from ./include/linux/usb/ch9.h:35,
                 from ./include/linux/usb.h:5,
                 from sound/usb/card.c:42:
sound/usb/card.c:861:19: note: ‘init_module’ target declared here
  861 | module_usb_driver(usb_audio_driver);
      |                   ^~~~~~~~~~~~~~~~
./include/linux/device.h:1351:19: note: in definition of macro ‘module_driver’
 1351 | static int __init __driver##_init(void) \
      |                   ^~~~~~~~
sound/usb/card.c:861:1: note: in expansion of macro ‘module_usb_driver’
  861 | module_usb_driver(usb_audio_driver);
      | ^~~~~~~~~~~~~~~~~
  CC [M]  sound/usb/clock.o
  CC [M]  sound/usb/endpoint.o
  CC [M]  sound/usb/format.o
  CC [M]  sound/usb/helper.o
  CC [M]  sound/usb/mixer.o
  CC [M]  sound/usb/mixer_quirks.o
  CC [M]  sound/usb/mixer_scarlett.o
  CC [M]  sound/usb/pcm.o
  CC [M]  sound/usb/proc.o
  CC [M]  sound/usb/quirks.o
  CC [M]  sound/usb/stream.o
  LD [M]  sound/usb/snd-usb-audio.o
  CC [M]  sound/usb/midi.o
  LD [M]  sound/usb/snd-usbmidi-lib.o
  LD      sound/usb/6fire/built-in.o
  CC [M]  sound/usb/6fire/chip.o
In file included from sound/usb/6fire/chip.c:25:
./include/linux/module.h:138:7: warning: ‘cleanup_module’ specifies less restrictive attribute than its target ‘usb_driver_exit’: ‘cold’ [-Wmissing-attributes]
  138 |  void cleanup_module(void) __attribute__((alias(#exitfn)));
      |       ^~~~~~~~~~~~~~
./include/linux/device.h:1360:1: note: in expansion of macro ‘module_exit’
 1360 | module_exit(__driver##_exit);
      | ^~~~~~~~~~~
./include/linux/usb.h:1195:2: note: in expansion of macro ‘module_driver’
 1195 |  module_driver(__usb_driver, usb_register, \
      |  ^~~~~~~~~~~~~
sound/usb/6fire/chip.c:219:1: note: in expansion of macro ‘module_usb_driver’
  219 | module_usb_driver(usb_driver);
      | ^~~~~~~~~~~~~~~~~
In file included from ./include/linux/usb/ch9.h:35,
                 from ./include/linux/usb.h:5,
                 from sound/usb/6fire/common.h:18,
                 from sound/usb/6fire/chip.h:16,
                 from sound/usb/6fire/chip.c:16:
sound/usb/6fire/chip.c:219:19: note: ‘cleanup_module’ target declared here
  219 | module_usb_driver(usb_driver);
      |                   ^~~~~~~~~~
./include/linux/device.h:1356:20: note: in definition of macro ‘module_driver’
 1356 | static void __exit __driver##_exit(void) \
      |                    ^~~~~~~~
sound/usb/6fire/chip.c:219:1: note: in expansion of macro ‘module_usb_driver’
  219 | module_usb_driver(usb_driver);
      | ^~~~~~~~~~~~~~~~~
In file included from sound/usb/6fire/chip.c:25:
./include/linux/module.h:132:6: warning: ‘init_module’ specifies less restrictive attribute than its target ‘usb_driver_init’: ‘cold’ [-Wmissing-attributes]
  132 |  int init_module(void) __attribute__((alias(#initfn)));
      |      ^~~~~~~~~~~
./include/linux/device.h:1355:1: note: in expansion of macro ‘module_init’
 1355 | module_init(__driver##_init); \
      | ^~~~~~~~~~~
./include/linux/usb.h:1195:2: note: in expansion of macro ‘module_driver’
 1195 |  module_driver(__usb_driver, usb_register, \
      |  ^~~~~~~~~~~~~
sound/usb/6fire/chip.c:219:1: note: in expansion of macro ‘module_usb_driver’
  219 | module_usb_driver(usb_driver);
      | ^~~~~~~~~~~~~~~~~
In file included from ./include/linux/usb/ch9.h:35,
                 from ./include/linux/usb.h:5,
                 from sound/usb/6fire/common.h:18,
                 from sound/usb/6fire/chip.h:16,
                 from sound/usb/6fire/chip.c:16:
sound/usb/6fire/chip.c:219:19: note: ‘init_module’ target declared here
  219 | module_usb_driver(usb_driver);
      |                   ^~~~~~~~~~
./include/linux/device.h:1351:19: note: in definition of macro ‘module_driver’
 1351 | static int __init __driver##_init(void) \
      |                   ^~~~~~~~
sound/usb/6fire/chip.c:219:1: note: in expansion of macro ‘module_usb_driver’
  219 | module_usb_driver(usb_driver);
      | ^~~~~~~~~~~~~~~~~
  CC [M]  sound/usb/6fire/comm.o
  CC [M]  sound/usb/6fire/midi.o
  CC [M]  sound/usb/6fire/control.o
  CC [M]  sound/usb/6fire/firmware.o
  CC [M]  sound/usb/6fire/pcm.o
  LD [M]  sound/usb/6fire/snd-usb-6fire.o
  LD      sound/usb/bcd2000/built-in.o
  LD      sound/usb/caiaq/built-in.o
  CC [M]  sound/usb/caiaq/device.o
In file included from sound/usb/caiaq/device.c:25:
./include/linux/module.h:138:7: warning: ‘cleanup_module’ specifies less restrictive attribute than its target ‘snd_usb_driver_exit’: ‘cold’ [-Wmissing-attributes]
  138 |  void cleanup_module(void) __attribute__((alias(#exitfn)));
      |       ^~~~~~~~~~~~~~
./include/linux/device.h:1360:1: note: in expansion of macro ‘module_exit’
 1360 | module_exit(__driver##_exit);
      | ^~~~~~~~~~~
./include/linux/usb.h:1195:2: note: in expansion of macro ‘module_driver’
 1195 |  module_driver(__usb_driver, usb_register, \
      |  ^~~~~~~~~~~~~
sound/usb/caiaq/device.c:576:1: note: in expansion of macro ‘module_usb_driver’
  576 | module_usb_driver(snd_usb_driver);
      | ^~~~~~~~~~~~~~~~~
In file included from sound/usb/caiaq/device.c:23:
sound/usb/caiaq/device.c:576:19: note: ‘cleanup_module’ target declared here
  576 | module_usb_driver(snd_usb_driver);
      |                   ^~~~~~~~~~~~~~
./include/linux/device.h:1356:20: note: in definition of macro ‘module_driver’
 1356 | static void __exit __driver##_exit(void) \
      |                    ^~~~~~~~
sound/usb/caiaq/device.c:576:1: note: in expansion of macro ‘module_usb_driver’
  576 | module_usb_driver(snd_usb_driver);
      | ^~~~~~~~~~~~~~~~~
In file included from sound/usb/caiaq/device.c:25:
./include/linux/module.h:132:6: warning: ‘init_module’ specifies less restrictive attribute than its target ‘snd_usb_driver_init’: ‘cold’ [-Wmissing-attributes]
  132 |  int init_module(void) __attribute__((alias(#initfn)));
      |      ^~~~~~~~~~~
./include/linux/device.h:1355:1: note: in expansion of macro ‘module_init’
 1355 | module_init(__driver##_init); \
      | ^~~~~~~~~~~
./include/linux/usb.h:1195:2: note: in expansion of macro ‘module_driver’
 1195 |  module_driver(__usb_driver, usb_register, \
      |  ^~~~~~~~~~~~~
sound/usb/caiaq/device.c:576:1: note: in expansion of macro ‘module_usb_driver’
  576 | module_usb_driver(snd_usb_driver);
      | ^~~~~~~~~~~~~~~~~
In file included from sound/usb/caiaq/device.c:23:
sound/usb/caiaq/device.c:576:19: note: ‘init_module’ target declared here
  576 | module_usb_driver(snd_usb_driver);
      |                   ^~~~~~~~~~~~~~
./include/linux/device.h:1351:19: note: in definition of macro ‘module_driver’
 1351 | static int __init __driver##_init(void) \
      |                   ^~~~~~~~
sound/usb/caiaq/device.c:576:1: note: in expansion of macro ‘module_usb_driver’
  576 | module_usb_driver(snd_usb_driver);
      | ^~~~~~~~~~~~~~~~~
  CC [M]  sound/usb/caiaq/audio.o
  CC [M]  sound/usb/caiaq/midi.o
  CC [M]  sound/usb/caiaq/control.o
  CC [M]  sound/usb/caiaq/input.o
  LD [M]  sound/usb/caiaq/snd-usb-caiaq.o
  LD      sound/usb/hiface/built-in.o
  CC [M]  sound/usb/hiface/chip.o
In file included from sound/usb/hiface/chip.c:17:
./include/linux/module.h:138:7: warning: ‘cleanup_module’ specifies less restrictive attribute than its target ‘hiface_usb_driver_exit’: ‘cold’ [-Wmissing-attributes]
  138 |  void cleanup_module(void) __attribute__((alias(#exitfn)));
      |       ^~~~~~~~~~~~~~
./include/linux/device.h:1360:1: note: in expansion of macro ‘module_exit’
 1360 | module_exit(__driver##_exit);
      | ^~~~~~~~~~~
./include/linux/usb.h:1195:2: note: in expansion of macro ‘module_driver’
 1195 |  module_driver(__usb_driver, usb_register, \
      |  ^~~~~~~~~~~~~
sound/usb/hiface/chip.c:297:1: note: in expansion of macro ‘module_usb_driver’
  297 | module_usb_driver(hiface_usb_driver);
      | ^~~~~~~~~~~~~~~~~
In file included from ./include/linux/usb/ch9.h:35,
                 from ./include/linux/usb.h:5,
                 from sound/usb/hiface/chip.h:20,
                 from sound/usb/hiface/chip.c:21:
sound/usb/hiface/chip.c:297:19: note: ‘cleanup_module’ target declared here
  297 | module_usb_driver(hiface_usb_driver);
      |                   ^~~~~~~~~~~~~~~~~
./include/linux/device.h:1356:20: note: in definition of macro ‘module_driver’
 1356 | static void __exit __driver##_exit(void) \
      |                    ^~~~~~~~
sound/usb/hiface/chip.c:297:1: note: in expansion of macro ‘module_usb_driver’
  297 | module_usb_driver(hiface_usb_driver);
      | ^~~~~~~~~~~~~~~~~
In file included from sound/usb/hiface/chip.c:17:
./include/linux/module.h:132:6: warning: ‘init_module’ specifies less restrictive attribute than its target ‘hiface_usb_driver_init’: ‘cold’ [-Wmissing-attributes]
  132 |  int init_module(void) __attribute__((alias(#initfn)));
      |      ^~~~~~~~~~~
./include/linux/device.h:1355:1: note: in expansion of macro ‘module_init’
 1355 | module_init(__driver##_init); \
      | ^~~~~~~~~~~
./include/linux/usb.h:1195:2: note: in expansion of macro ‘module_driver’
 1195 |  module_driver(__usb_driver, usb_register, \
      |  ^~~~~~~~~~~~~
sound/usb/hiface/chip.c:297:1: note: in expansion of macro ‘module_usb_driver’
  297 | module_usb_driver(hiface_usb_driver);
      | ^~~~~~~~~~~~~~~~~
In file included from ./include/linux/usb/ch9.h:35,
                 from ./include/linux/usb.h:5,
                 from sound/usb/hiface/chip.h:20,
                 from sound/usb/hiface/chip.c:21:
sound/usb/hiface/chip.c:297:19: note: ‘init_module’ target declared here
  297 | module_usb_driver(hiface_usb_driver);
      |                   ^~~~~~~~~~~~~~~~~
./include/linux/device.h:1351:19: note: in definition of macro ‘module_driver’
 1351 | static int __init __driver##_init(void) \
      |                   ^~~~~~~~
sound/usb/hiface/chip.c:297:1: note: in expansion of macro ‘module_usb_driver’
  297 | module_usb_driver(hiface_usb_driver);
      | ^~~~~~~~~~~~~~~~~
  CC [M]  sound/usb/hiface/pcm.o
  LD [M]  sound/usb/hiface/snd-usb-hiface.o
  LD      sound/usb/misc/built-in.o
  CC [M]  sound/usb/misc/ua101.o
In file included from sound/usb/misc/ua101.c:18:
./include/linux/module.h:138:7: warning: ‘cleanup_module’ specifies less restrictive attribute than its target ‘ua101_driver_exit’: ‘cold’ [-Wmissing-attributes]
  138 |  void cleanup_module(void) __attribute__((alias(#exitfn)));
      |       ^~~~~~~~~~~~~~
./include/linux/device.h:1360:1: note: in expansion of macro ‘module_exit’
 1360 | module_exit(__driver##_exit);
      | ^~~~~~~~~~~
./include/linux/usb.h:1195:2: note: in expansion of macro ‘module_driver’
 1195 |  module_driver(__usb_driver, usb_register, \
      |  ^~~~~~~~~~~~~
sound/usb/misc/ua101.c:1388:1: note: in expansion of macro ‘module_usb_driver’
 1388 | module_usb_driver(ua101_driver);
      | ^~~~~~~~~~~~~~~~~
In file included from ./include/linux/usb/ch9.h:35,
                 from ./include/linux/usb.h:5,
                 from sound/usb/misc/ua101.c:20:
sound/usb/misc/ua101.c:1388:19: note: ‘cleanup_module’ target declared here
 1388 | module_usb_driver(ua101_driver);
      |                   ^~~~~~~~~~~~
./include/linux/device.h:1356:20: note: in definition of macro ‘module_driver’
 1356 | static void __exit __driver##_exit(void) \
      |                    ^~~~~~~~
sound/usb/misc/ua101.c:1388:1: note: in expansion of macro ‘module_usb_driver’
 1388 | module_usb_driver(ua101_driver);
      | ^~~~~~~~~~~~~~~~~
In file included from sound/usb/misc/ua101.c:18:
./include/linux/module.h:132:6: warning: ‘init_module’ specifies less restrictive attribute than its target ‘ua101_driver_init’: ‘cold’ [-Wmissing-attributes]
  132 |  int init_module(void) __attribute__((alias(#initfn)));
      |      ^~~~~~~~~~~
./include/linux/device.h:1355:1: note: in expansion of macro ‘module_init’
 1355 | module_init(__driver##_init); \
      | ^~~~~~~~~~~
./include/linux/usb.h:1195:2: note: in expansion of macro ‘module_driver’
 1195 |  module_driver(__usb_driver, usb_register, \
      |  ^~~~~~~~~~~~~
sound/usb/misc/ua101.c:1388:1: note: in expansion of macro ‘module_usb_driver’
 1388 | module_usb_driver(ua101_driver);
      | ^~~~~~~~~~~~~~~~~
In file included from ./include/linux/usb/ch9.h:35,
                 from ./include/linux/usb.h:5,
                 from sound/usb/misc/ua101.c:20:
sound/usb/misc/ua101.c:1388:19: note: ‘init_module’ target declared here
 1388 | module_usb_driver(ua101_driver);
      |                   ^~~~~~~~~~~~
./include/linux/device.h:1351:19: note: in definition of macro ‘module_driver’
 1351 | static int __init __driver##_init(void) \
      |                   ^~~~~~~~
sound/usb/misc/ua101.c:1388:1: note: in expansion of macro ‘module_usb_driver’
 1388 | module_usb_driver(ua101_driver);
      | ^~~~~~~~~~~~~~~~~
  LD [M]  sound/usb/misc/snd-ua101.o
  LD      sound/usb/usx2y/built-in.o
  LD      firmware/built-in.o
  LD      arch/arm/oprofile/built-in.o
  CC [M]  arch/arm/oprofile/../../../drivers/oprofile/oprof.o
In file included from arch/arm/oprofile/../../../drivers/oprofile/oprof.c:11:
./include/linux/module.h:132:6: warning: ‘init_module’ specifies less restrictive attribute than its target ‘oprofile_init’: ‘cold’ [-Wmissing-attributes]
  132 |  int init_module(void) __attribute__((alias(#initfn)));
      |      ^~~~~~~~~~~
arch/arm/oprofile/../../../drivers/oprofile/oprof.c:278:1: note: in expansion of macro ‘module_init’
  278 | module_init(oprofile_init);
      | ^~~~~~~~~~~
arch/arm/oprofile/../../../drivers/oprofile/oprof.c:244:19: note: ‘init_module’ target declared here
  244 | static int __init oprofile_init(void)
      |                   ^~~~~~~~~~~~~
In file included from arch/arm/oprofile/../../../drivers/oprofile/oprof.c:11:
./include/linux/module.h:138:7: warning: ‘cleanup_module’ specifies less restrictive attribute than its target ‘oprofile_exit’: ‘cold’ [-Wmissing-attributes]
  138 |  void cleanup_module(void) __attribute__((alias(#exitfn)));
      |       ^~~~~~~~~~~~~~
arch/arm/oprofile/../../../drivers/oprofile/oprof.c:279:1: note: in expansion of macro ‘module_exit’
  279 | module_exit(oprofile_exit);
      | ^~~~~~~~~~~
arch/arm/oprofile/../../../drivers/oprofile/oprof.c:270:20: note: ‘cleanup_module’ target declared here
  270 | static void __exit oprofile_exit(void)
      |                    ^~~~~~~~~~~~~
  CC [M]  arch/arm/oprofile/../../../drivers/oprofile/cpu_buffer.o
  CC [M]  arch/arm/oprofile/../../../drivers/oprofile/buffer_sync.o
  CC [M]  arch/arm/oprofile/../../../drivers/oprofile/event_buffer.o
  CC [M]  arch/arm/oprofile/../../../drivers/oprofile/oprofile_files.o
  CC [M]  arch/arm/oprofile/../../../drivers/oprofile/oprofilefs.o
  CC [M]  arch/arm/oprofile/../../../drivers/oprofile/oprofile_stats.o
  CC [M]  arch/arm/oprofile/../../../drivers/oprofile/timer_int.o
  CC [M]  arch/arm/oprofile/../../../drivers/oprofile/oprofile_perf.o
  CC [M]  arch/arm/oprofile/common.o
  LD [M]  arch/arm/oprofile/oprofile.o
  CC      net/socket.o
In file included from net/socket.c:83:
./include/linux/syscalls.h:195:18: warning: ‘sys_recvmmsg’ alias between functions of incompatible types ‘long int(int,  struct mmsghdr *, unsigned int,  unsigned int,  struct timespec *)’ and ‘long int(long int,  long int,  long int,  long int,  long int)’ [-Wattribute-alias=]
  195 |  asmlinkage long sys##name(__MAP(x,__SC_DECL,__VA_ARGS__)) \
      |                  ^~~
./include/linux/syscalls.h:191:2: note: in expansion of macro ‘__SYSCALL_DEFINEx’
  191 |  __SYSCALL_DEFINEx(x, sname, __VA_ARGS__)
      |  ^~~~~~~~~~~~~~~~~
./include/linux/syscalls.h:186:36: note: in expansion of macro ‘SYSCALL_DEFINEx’
  186 | #define SYSCALL_DEFINE5(name, ...) SYSCALL_DEFINEx(5, _##name, __VA_ARGS__)
      |                                    ^~~~~~~~~~~~~~~
net/socket.c:2287:1: note: in expansion of macro ‘SYSCALL_DEFINE5’
 2287 | SYSCALL_DEFINE5(recvmmsg, int, fd, struct mmsghdr __user *, mmsg,
      | ^~~~~~~~~~~~~~~
./include/linux/syscalls.h:199:18: note: aliased declaration here
  199 |  asmlinkage long SyS##name(__MAP(x,__SC_LONG,__VA_ARGS__)) \
      |                  ^~~
./include/linux/syscalls.h:191:2: note: in expansion of macro ‘__SYSCALL_DEFINEx’
  191 |  __SYSCALL_DEFINEx(x, sname, __VA_ARGS__)
      |  ^~~~~~~~~~~~~~~~~
./include/linux/syscalls.h:186:36: note: in expansion of macro ‘SYSCALL_DEFINEx’
  186 | #define SYSCALL_DEFINE5(name, ...) SYSCALL_DEFINEx(5, _##name, __VA_ARGS__)
      |                                    ^~~~~~~~~~~~~~~
net/socket.c:2287:1: note: in expansion of macro ‘SYSCALL_DEFINE5’
 2287 | SYSCALL_DEFINE5(recvmmsg, int, fd, struct mmsghdr __user *, mmsg,
      | ^~~~~~~~~~~~~~~
./include/linux/syscalls.h:195:18: warning: ‘sys_recvmsg’ alias between functions of incompatible types ‘long int(int,  struct user_msghdr *, unsigned int)’ and ‘long int(long int,  long int,  long int)’ [-Wattribute-alias=]
  195 |  asmlinkage long sys##name(__MAP(x,__SC_DECL,__VA_ARGS__)) \
      |                  ^~~
./include/linux/syscalls.h:191:2: note: in expansion of macro ‘__SYSCALL_DEFINEx’
  191 |  __SYSCALL_DEFINEx(x, sname, __VA_ARGS__)
      |  ^~~~~~~~~~~~~~~~~
./include/linux/syscalls.h:184:36: note: in expansion of macro ‘SYSCALL_DEFINEx’
  184 | #define SYSCALL_DEFINE3(name, ...) SYSCALL_DEFINEx(3, _##name, __VA_ARGS__)
      |                                    ^~~~~~~~~~~~~~~
net/socket.c:2166:1: note: in expansion of macro ‘SYSCALL_DEFINE3’
 2166 | SYSCALL_DEFINE3(recvmsg, int, fd, struct user_msghdr __user *, msg,
      | ^~~~~~~~~~~~~~~
./include/linux/syscalls.h:199:18: note: aliased declaration here
  199 |  asmlinkage long SyS##name(__MAP(x,__SC_LONG,__VA_ARGS__)) \
      |                  ^~~
./include/linux/syscalls.h:191:2: note: in expansion of macro ‘__SYSCALL_DEFINEx’
  191 |  __SYSCALL_DEFINEx(x, sname, __VA_ARGS__)
      |  ^~~~~~~~~~~~~~~~~
./include/linux/syscalls.h:184:36: note: in expansion of macro ‘SYSCALL_DEFINEx’
  184 | #define SYSCALL_DEFINE3(name, ...) SYSCALL_DEFINEx(3, _##name, __VA_ARGS__)
      |                                    ^~~~~~~~~~~~~~~
net/socket.c:2166:1: note: in expansion of macro ‘SYSCALL_DEFINE3’
 2166 | SYSCALL_DEFINE3(recvmsg, int, fd, struct user_msghdr __user *, msg,
      | ^~~~~~~~~~~~~~~
./include/linux/syscalls.h:195:18: warning: ‘sys_sendmmsg’ alias between functions of incompatible types ‘long int(int,  struct mmsghdr *, unsigned int,  unsigned int)’ and ‘long int(long int,  long int,  long int,  long int)’ [-Wattribute-alias=]
  195 |  asmlinkage long sys##name(__MAP(x,__SC_DECL,__VA_ARGS__)) \
      |                  ^~~
./include/linux/syscalls.h:191:2: note: in expansion of macro ‘__SYSCALL_DEFINEx’
  191 |  __SYSCALL_DEFINEx(x, sname, __VA_ARGS__)
      |  ^~~~~~~~~~~~~~~~~
./include/linux/syscalls.h:185:36: note: in expansion of macro ‘SYSCALL_DEFINEx’
  185 | #define SYSCALL_DEFINE4(name, ...) SYSCALL_DEFINEx(4, _##name, __VA_ARGS__)
      |                                    ^~~~~~~~~~~~~~~
net/socket.c:2071:1: note: in expansion of macro ‘SYSCALL_DEFINE4’
 2071 | SYSCALL_DEFINE4(sendmmsg, int, fd, struct mmsghdr __user *, mmsg,
      | ^~~~~~~~~~~~~~~
./include/linux/syscalls.h:199:18: note: aliased declaration here
  199 |  asmlinkage long SyS##name(__MAP(x,__SC_LONG,__VA_ARGS__)) \
      |                  ^~~
./include/linux/syscalls.h:191:2: note: in expansion of macro ‘__SYSCALL_DEFINEx’
  191 |  __SYSCALL_DEFINEx(x, sname, __VA_ARGS__)
      |  ^~~~~~~~~~~~~~~~~
./include/linux/syscalls.h:185:36: note: in expansion of macro ‘SYSCALL_DEFINEx’
  185 | #define SYSCALL_DEFINE4(name, ...) SYSCALL_DEFINEx(4, _##name, __VA_ARGS__)
      |                                    ^~~~~~~~~~~~~~~
net/socket.c:2071:1: note: in expansion of macro ‘SYSCALL_DEFINE4’
 2071 | SYSCALL_DEFINE4(sendmmsg, int, fd, struct mmsghdr __user *, mmsg,
      | ^~~~~~~~~~~~~~~
./include/linux/syscalls.h:195:18: warning: ‘sys_sendmsg’ alias between functions of incompatible types ‘long int(int,  struct user_msghdr *, unsigned int)’ and ‘long int(long int,  long int,  long int)’ [-Wattribute-alias=]
  195 |  asmlinkage long sys##name(__MAP(x,__SC_DECL,__VA_ARGS__)) \
      |                  ^~~
./include/linux/syscalls.h:191:2: note: in expansion of macro ‘__SYSCALL_DEFINEx’
  191 |  __SYSCALL_DEFINEx(x, sname, __VA_ARGS__)
      |  ^~~~~~~~~~~~~~~~~
./include/linux/syscalls.h:184:36: note: in expansion of macro ‘SYSCALL_DEFINEx’
  184 | #define SYSCALL_DEFINE3(name, ...) SYSCALL_DEFINEx(3, _##name, __VA_ARGS__)
      |                                    ^~~~~~~~~~~~~~~
net/socket.c:1996:1: note: in expansion of macro ‘SYSCALL_DEFINE3’
 1996 | SYSCALL_DEFINE3(sendmsg, int, fd, struct user_msghdr __user *, msg, unsigned int, flags)
      | ^~~~~~~~~~~~~~~
./include/linux/syscalls.h:199:18: note: aliased declaration here
  199 |  asmlinkage long SyS##name(__MAP(x,__SC_LONG,__VA_ARGS__)) \
      |                  ^~~
./include/linux/syscalls.h:191:2: note: in expansion of macro ‘__SYSCALL_DEFINEx’
  191 |  __SYSCALL_DEFINEx(x, sname, __VA_ARGS__)
      |  ^~~~~~~~~~~~~~~~~
./include/linux/syscalls.h:184:36: note: in expansion of macro ‘SYSCALL_DEFINEx’
  184 | #define SYSCALL_DEFINE3(name, ...) SYSCALL_DEFINEx(3, _##name, __VA_ARGS__)
      |                                    ^~~~~~~~~~~~~~~
net/socket.c:1996:1: note: in expansion of macro ‘SYSCALL_DEFINE3’
 1996 | SYSCALL_DEFINE3(sendmsg, int, fd, struct user_msghdr __user *, msg, unsigned int, flags)
      | ^~~~~~~~~~~~~~~
./include/linux/syscalls.h:195:18: warning: ‘sys_getsockopt’ alias between functions of incompatible types ‘long int(int,  int,  int,  char *, int *)’ and ‘long int(long int,  long int,  long int,  long int,  long int)’ [-Wattribute-alias=]
  195 |  asmlinkage long sys##name(__MAP(x,__SC_DECL,__VA_ARGS__)) \
      |                  ^~~
./include/linux/syscalls.h:191:2: note: in expansion of macro ‘__SYSCALL_DEFINEx’
  191 |  __SYSCALL_DEFINEx(x, sname, __VA_ARGS__)
      |  ^~~~~~~~~~~~~~~~~
./include/linux/syscalls.h:186:36: note: in expansion of macro ‘SYSCALL_DEFINEx’
  186 | #define SYSCALL_DEFINE5(name, ...) SYSCALL_DEFINEx(5, _##name, __VA_ARGS__)
      |                                    ^~~~~~~~~~~~~~~
net/socket.c:1771:1: note: in expansion of macro ‘SYSCALL_DEFINE5’
 1771 | SYSCALL_DEFINE5(getsockopt, int, fd, int, level, int, optname,
      | ^~~~~~~~~~~~~~~
./include/linux/syscalls.h:199:18: note: aliased declaration here
  199 |  asmlinkage long SyS##name(__MAP(x,__SC_LONG,__VA_ARGS__)) \
      |                  ^~~
./include/linux/syscalls.h:191:2: note: in expansion of macro ‘__SYSCALL_DEFINEx’
  191 |  __SYSCALL_DEFINEx(x, sname, __VA_ARGS__)
      |  ^~~~~~~~~~~~~~~~~
./include/linux/syscalls.h:186:36: note: in expansion of macro ‘SYSCALL_DEFINEx’
  186 | #define SYSCALL_DEFINE5(name, ...) SYSCALL_DEFINEx(5, _##name, __VA_ARGS__)
      |                                    ^~~~~~~~~~~~~~~
net/socket.c:1771:1: note: in expansion of macro ‘SYSCALL_DEFINE5’
 1771 | SYSCALL_DEFINE5(getsockopt, int, fd, int, level, int, optname,
      | ^~~~~~~~~~~~~~~
./include/linux/syscalls.h:195:18: warning: ‘sys_setsockopt’ alias between functions of incompatible types ‘long int(int,  int,  int,  char *, int)’ and ‘long int(long int,  long int,  long int,  long int,  long int)’ [-Wattribute-alias=]
  195 |  asmlinkage long sys##name(__MAP(x,__SC_DECL,__VA_ARGS__)) \
      |                  ^~~
./include/linux/syscalls.h:191:2: note: in expansion of macro ‘__SYSCALL_DEFINEx’
  191 |  __SYSCALL_DEFINEx(x, sname, __VA_ARGS__)
      |  ^~~~~~~~~~~~~~~~~
./include/linux/syscalls.h:186:36: note: in expansion of macro ‘SYSCALL_DEFINEx’
  186 | #define SYSCALL_DEFINE5(name, ...) SYSCALL_DEFINEx(5, _##name, __VA_ARGS__)
      |                                    ^~~~~~~~~~~~~~~
net/socket.c:1737:1: note: in expansion of macro ‘SYSCALL_DEFINE5’
 1737 | SYSCALL_DEFINE5(setsockopt, int, fd, int, level, int, optname,
      | ^~~~~~~~~~~~~~~
./include/linux/syscalls.h:199:18: note: aliased declaration here
  199 |  asmlinkage long SyS##name(__MAP(x,__SC_LONG,__VA_ARGS__)) \
      |                  ^~~
./include/linux/syscalls.h:191:2: note: in expansion of macro ‘__SYSCALL_DEFINEx’
  191 |  __SYSCALL_DEFINEx(x, sname, __VA_ARGS__)
      |  ^~~~~~~~~~~~~~~~~
./include/linux/syscalls.h:186:36: note: in expansion of macro ‘SYSCALL_DEFINEx’
  186 | #define SYSCALL_DEFINE5(name, ...) SYSCALL_DEFINEx(5, _##name, __VA_ARGS__)
      |                                    ^~~~~~~~~~~~~~~
net/socket.c:1737:1: note: in expansion of macro ‘SYSCALL_DEFINE5’
 1737 | SYSCALL_DEFINE5(setsockopt, int, fd, int, level, int, optname,
      | ^~~~~~~~~~~~~~~
./include/linux/syscalls.h:195:18: warning: ‘sys_recv’ alias between functions of incompatible types ‘long int(int,  void *, size_t,  unsigned int)’ {aka ‘long int(int,  void *, unsigned int,  unsigned int)’} and ‘long int(long int,  long int,  long int,  long int)’ [-Wattribute-alias=]
  195 |  asmlinkage long sys##name(__MAP(x,__SC_DECL,__VA_ARGS__)) \
      |                  ^~~
./include/linux/syscalls.h:191:2: note: in expansion of macro ‘__SYSCALL_DEFINEx’
  191 |  __SYSCALL_DEFINEx(x, sname, __VA_ARGS__)
      |  ^~~~~~~~~~~~~~~~~
./include/linux/syscalls.h:185:36: note: in expansion of macro ‘SYSCALL_DEFINEx’
  185 | #define SYSCALL_DEFINE4(name, ...) SYSCALL_DEFINEx(4, _##name, __VA_ARGS__)
      |                                    ^~~~~~~~~~~~~~~
net/socket.c:1726:1: note: in expansion of macro ‘SYSCALL_DEFINE4’
 1726 | SYSCALL_DEFINE4(recv, int, fd, void __user *, ubuf, size_t, size,
      | ^~~~~~~~~~~~~~~
./include/linux/syscalls.h:199:18: note: aliased declaration here
  199 |  asmlinkage long SyS##name(__MAP(x,__SC_LONG,__VA_ARGS__)) \
      |                  ^~~
./include/linux/syscalls.h:191:2: note: in expansion of macro ‘__SYSCALL_DEFINEx’
  191 |  __SYSCALL_DEFINEx(x, sname, __VA_ARGS__)
      |  ^~~~~~~~~~~~~~~~~
./include/linux/syscalls.h:185:36: note: in expansion of macro ‘SYSCALL_DEFINEx’
  185 | #define SYSCALL_DEFINE4(name, ...) SYSCALL_DEFINEx(4, _##name, __VA_ARGS__)
      |                                    ^~~~~~~~~~~~~~~
net/socket.c:1726:1: note: in expansion of macro ‘SYSCALL_DEFINE4’
 1726 | SYSCALL_DEFINE4(recv, int, fd, void __user *, ubuf, size_t, size,
      | ^~~~~~~~~~~~~~~
./include/linux/syscalls.h:195:18: warning: ‘sys_recvfrom’ alias between functions of incompatible types ‘long int(int,  void *, size_t,  unsigned int,  struct sockaddr *, int *)’ {aka ‘long int(int,  void *, unsigned int,  unsigned int,  struct sockaddr *, int *)’} and ‘long int(long int,  long int,  long int,  long int,  long int,  long int)’ [-Wattribute-alias=]
  195 |  asmlinkage long sys##name(__MAP(x,__SC_DECL,__VA_ARGS__)) \
      |                  ^~~
./include/linux/syscalls.h:191:2: note: in expansion of macro ‘__SYSCALL_DEFINEx’
  191 |  __SYSCALL_DEFINEx(x, sname, __VA_ARGS__)
      |  ^~~~~~~~~~~~~~~~~
./include/linux/syscalls.h:187:36: note: in expansion of macro ‘SYSCALL_DEFINEx’
  187 | #define SYSCALL_DEFINE6(name, ...) SYSCALL_DEFINEx(6, _##name, __VA_ARGS__)
      |                                    ^~~~~~~~~~~~~~~
net/socket.c:1680:1: note: in expansion of macro ‘SYSCALL_DEFINE6’
 1680 | SYSCALL_DEFINE6(recvfrom, int, fd, void __user *, ubuf, size_t, size,
      | ^~~~~~~~~~~~~~~
./include/linux/syscalls.h:199:18: note: aliased declaration here
  199 |  asmlinkage long SyS##name(__MAP(x,__SC_LONG,__VA_ARGS__)) \
      |                  ^~~
./include/linux/syscalls.h:191:2: note: in expansion of macro ‘__SYSCALL_DEFINEx’
  191 |  __SYSCALL_DEFINEx(x, sname, __VA_ARGS__)
      |  ^~~~~~~~~~~~~~~~~
./include/linux/syscalls.h:187:36: note: in expansion of macro ‘SYSCALL_DEFINEx’
  187 | #define SYSCALL_DEFINE6(name, ...) SYSCALL_DEFINEx(6, _##name, __VA_ARGS__)
      |                                    ^~~~~~~~~~~~~~~
net/socket.c:1680:1: note: in expansion of macro ‘SYSCALL_DEFINE6’
 1680 | SYSCALL_DEFINE6(recvfrom, int, fd, void __user *, ubuf, size_t, size,
      | ^~~~~~~~~~~~~~~
./include/linux/syscalls.h:195:18: warning: ‘sys_send’ alias between functions of incompatible types ‘long int(int,  void *, size_t,  unsigned int)’ {aka ‘long int(int,  void *, unsigned int,  unsigned int)’} and ‘long int(long int,  long int,  long int,  long int)’ [-Wattribute-alias=]
  195 |  asmlinkage long sys##name(__MAP(x,__SC_DECL,__VA_ARGS__)) \
      |                  ^~~
./include/linux/syscalls.h:191:2: note: in expansion of macro ‘__SYSCALL_DEFINEx’
  191 |  __SYSCALL_DEFINEx(x, sname, __VA_ARGS__)
      |  ^~~~~~~~~~~~~~~~~
./include/linux/syscalls.h:185:36: note: in expansion of macro ‘SYSCALL_DEFINEx’
  185 | #define SYSCALL_DEFINE4(name, ...) SYSCALL_DEFINEx(4, _##name, __VA_ARGS__)
      |                                    ^~~~~~~~~~~~~~~
net/socket.c:1668:1: note: in expansion of macro ‘SYSCALL_DEFINE4’
 1668 | SYSCALL_DEFINE4(send, int, fd, void __user *, buff, size_t, len,
      | ^~~~~~~~~~~~~~~
./include/linux/syscalls.h:199:18: note: aliased declaration here
  199 |  asmlinkage long SyS##name(__MAP(x,__SC_LONG,__VA_ARGS__)) \
      |                  ^~~
./include/linux/syscalls.h:191:2: note: in expansion of macro ‘__SYSCALL_DEFINEx’
  191 |  __SYSCALL_DEFINEx(x, sname, __VA_ARGS__)
      |  ^~~~~~~~~~~~~~~~~
./include/linux/syscalls.h:185:36: note: in expansion of macro ‘SYSCALL_DEFINEx’
  185 | #define SYSCALL_DEFINE4(name, ...) SYSCALL_DEFINEx(4, _##name, __VA_ARGS__)
      |                                    ^~~~~~~~~~~~~~~
net/socket.c:1668:1: note: in expansion of macro ‘SYSCALL_DEFINE4’
 1668 | SYSCALL_DEFINE4(send, int, fd, void __user *, buff, size_t, len,
      | ^~~~~~~~~~~~~~~
./include/linux/syscalls.h:195:18: warning: ‘sys_sendto’ alias between functions of incompatible types ‘long int(int,  void *, size_t,  unsigned int,  struct sockaddr *, int)’ {aka ‘long int(int,  void *, unsigned int,  unsigned int,  struct sockaddr *, int)’} and ‘long int(long int,  long int,  long int,  long int,  long int,  long int)’ [-Wattribute-alias=]
  195 |  asmlinkage long sys##name(__MAP(x,__SC_DECL,__VA_ARGS__)) \
      |                  ^~~
./include/linux/syscalls.h:191:2: note: in expansion of macro ‘__SYSCALL_DEFINEx’
  191 |  __SYSCALL_DEFINEx(x, sname, __VA_ARGS__)
      |  ^~~~~~~~~~~~~~~~~
./include/linux/syscalls.h:187:36: note: in expansion of macro ‘SYSCALL_DEFINEx’
  187 | #define SYSCALL_DEFINE6(name, ...) SYSCALL_DEFINEx(6, _##name, __VA_ARGS__)
      |                                    ^~~~~~~~~~~~~~~
net/socket.c:1624:1: note: in expansion of macro ‘SYSCALL_DEFINE6’
 1624 | SYSCALL_DEFINE6(sendto, int, fd, void __user *, buff, size_t, len,
      | ^~~~~~~~~~~~~~~
./include/linux/syscalls.h:199:18: note: aliased declaration here
  199 |  asmlinkage long SyS##name(__MAP(x,__SC_LONG,__VA_ARGS__)) \
      |                  ^~~
./include/linux/syscalls.h:191:2: note: in expansion of macro ‘__SYSCALL_DEFINEx’
  191 |  __SYSCALL_DEFINEx(x, sname, __VA_ARGS__)
      |  ^~~~~~~~~~~~~~~~~
./include/linux/syscalls.h:187:36: note: in expansion of macro ‘SYSCALL_DEFINEx’
  187 | #define SYSCALL_DEFINE6(name, ...) SYSCALL_DEFINEx(6, _##name, __VA_ARGS__)
      |                                    ^~~~~~~~~~~~~~~
net/socket.c:1624:1: note: in expansion of macro ‘SYSCALL_DEFINE6’
 1624 | SYSCALL_DEFINE6(sendto, int, fd, void __user *, buff, size_t, len,
      | ^~~~~~~~~~~~~~~
./include/linux/syscalls.h:195:18: warning: ‘sys_getpeername’ alias between functions of incompatible types ‘long int(int,  struct sockaddr *, int *)’ and ‘long int(long int,  long int,  long int)’ [-Wattribute-alias=]
  195 |  asmlinkage long sys##name(__MAP(x,__SC_DECL,__VA_ARGS__)) \
      |                  ^~~
./include/linux/syscalls.h:191:2: note: in expansion of macro ‘__SYSCALL_DEFINEx’
  191 |  __SYSCALL_DEFINEx(x, sname, __VA_ARGS__)
      |  ^~~~~~~~~~~~~~~~~
./include/linux/syscalls.h:184:36: note: in expansion of macro ‘SYSCALL_DEFINEx’
  184 | #define SYSCALL_DEFINE3(name, ...) SYSCALL_DEFINEx(3, _##name, __VA_ARGS__)
      |                                    ^~~~~~~~~~~~~~~
net/socket.c:1592:1: note: in expansion of macro ‘SYSCALL_DEFINE3’
 1592 | SYSCALL_DEFINE3(getpeername, int, fd, struct sockaddr __user *, usockaddr,
      | ^~~~~~~~~~~~~~~
./include/linux/syscalls.h:199:18: note: aliased declaration here
  199 |  asmlinkage long SyS##name(__MAP(x,__SC_LONG,__VA_ARGS__)) \
      |                  ^~~
./include/linux/syscalls.h:191:2: note: in expansion of macro ‘__SYSCALL_DEFINEx’
  191 |  __SYSCALL_DEFINEx(x, sname, __VA_ARGS__)
      |  ^~~~~~~~~~~~~~~~~
./include/linux/syscalls.h:184:36: note: in expansion of macro ‘SYSCALL_DEFINEx’
  184 | #define SYSCALL_DEFINE3(name, ...) SYSCALL_DEFINEx(3, _##name, __VA_ARGS__)
      |                                    ^~~~~~~~~~~~~~~
net/socket.c:1592:1: note: in expansion of macro ‘SYSCALL_DEFINE3’
 1592 | SYSCALL_DEFINE3(getpeername, int, fd, struct sockaddr __user *, usockaddr,
      | ^~~~~~~~~~~~~~~
./include/linux/syscalls.h:195:18: warning: ‘sys_getsockname’ alias between functions of incompatible types ‘long int(int,  struct sockaddr *, int *)’ and ‘long int(long int,  long int,  long int)’ [-Wattribute-alias=]
  195 |  asmlinkage long sys##name(__MAP(x,__SC_DECL,__VA_ARGS__)) \
      |                  ^~~
./include/linux/syscalls.h:191:2: note: in expansion of macro ‘__SYSCALL_DEFINEx’
  191 |  __SYSCALL_DEFINEx(x, sname, __VA_ARGS__)
      |  ^~~~~~~~~~~~~~~~~
./include/linux/syscalls.h:184:36: note: in expansion of macro ‘SYSCALL_DEFINEx’
  184 | #define SYSCALL_DEFINE3(name, ...) SYSCALL_DEFINEx(3, _##name, __VA_ARGS__)
      |                                    ^~~~~~~~~~~~~~~
net/socket.c:1561:1: note: in expansion of macro ‘SYSCALL_DEFINE3’
 1561 | SYSCALL_DEFINE3(getsockname, int, fd, struct sockaddr __user *, usockaddr,
      | ^~~~~~~~~~~~~~~
./include/linux/syscalls.h:199:18: note: aliased declaration here
  199 |  asmlinkage long SyS##name(__MAP(x,__SC_LONG,__VA_ARGS__)) \
      |                  ^~~
./include/linux/syscalls.h:191:2: note: in expansion of macro ‘__SYSCALL_DEFINEx’
  191 |  __SYSCALL_DEFINEx(x, sname, __VA_ARGS__)
      |  ^~~~~~~~~~~~~~~~~
./include/linux/syscalls.h:184:36: note: in expansion of macro ‘SYSCALL_DEFINEx’
  184 | #define SYSCALL_DEFINE3(name, ...) SYSCALL_DEFINEx(3, _##name, __VA_ARGS__)
      |                                    ^~~~~~~~~~~~~~~
net/socket.c:1561:1: note: in expansion of macro ‘SYSCALL_DEFINE3’
 1561 | SYSCALL_DEFINE3(getsockname, int, fd, struct sockaddr __user *, usockaddr,
      | ^~~~~~~~~~~~~~~
./include/linux/syscalls.h:195:18: warning: ‘sys_connect’ alias between functions of incompatible types ‘long int(int,  struct sockaddr *, int)’ and ‘long int(long int,  long int,  long int)’ [-Wattribute-alias=]
  195 |  asmlinkage long sys##name(__MAP(x,__SC_DECL,__VA_ARGS__)) \
      |                  ^~~
./include/linux/syscalls.h:191:2: note: in expansion of macro ‘__SYSCALL_DEFINEx’
  191 |  __SYSCALL_DEFINEx(x, sname, __VA_ARGS__)
      |  ^~~~~~~~~~~~~~~~~
./include/linux/syscalls.h:184:36: note: in expansion of macro ‘SYSCALL_DEFINEx’
  184 | #define SYSCALL_DEFINE3(name, ...) SYSCALL_DEFINEx(3, _##name, __VA_ARGS__)
      |                                    ^~~~~~~~~~~~~~~
net/socket.c:1529:1: note: in expansion of macro ‘SYSCALL_DEFINE3’
 1529 | SYSCALL_DEFINE3(connect, int, fd, struct sockaddr __user *, uservaddr,
      | ^~~~~~~~~~~~~~~
./include/linux/syscalls.h:199:18: note: aliased declaration here
  199 |  asmlinkage long SyS##name(__MAP(x,__SC_LONG,__VA_ARGS__)) \
      |                  ^~~
./include/linux/syscalls.h:191:2: note: in expansion of macro ‘__SYSCALL_DEFINEx’
  191 |  __SYSCALL_DEFINEx(x, sname, __VA_ARGS__)
      |  ^~~~~~~~~~~~~~~~~
./include/linux/syscalls.h:184:36: note: in expansion of macro ‘SYSCALL_DEFINEx’
  184 | #define SYSCALL_DEFINE3(name, ...) SYSCALL_DEFINEx(3, _##name, __VA_ARGS__)
      |                                    ^~~~~~~~~~~~~~~
net/socket.c:1529:1: note: in expansion of macro ‘SYSCALL_DEFINE3’
 1529 | SYSCALL_DEFINE3(connect, int, fd, struct sockaddr __user *, uservaddr,
      | ^~~~~~~~~~~~~~~
./include/linux/syscalls.h:195:18: warning: ‘sys_accept’ alias between functions of incompatible types ‘long int(int,  struct sockaddr *, int *)’ and ‘long int(long int,  long int,  long int)’ [-Wattribute-alias=]
  195 |  asmlinkage long sys##name(__MAP(x,__SC_DECL,__VA_ARGS__)) \
      |                  ^~~
./include/linux/syscalls.h:191:2: note: in expansion of macro ‘__SYSCALL_DEFINEx’
  191 |  __SYSCALL_DEFINEx(x, sname, __VA_ARGS__)
      |  ^~~~~~~~~~~~~~~~~
./include/linux/syscalls.h:184:36: note: in expansion of macro ‘SYSCALL_DEFINEx’
  184 | #define SYSCALL_DEFINE3(name, ...) SYSCALL_DEFINEx(3, _##name, __VA_ARGS__)
      |                                    ^~~~~~~~~~~~~~~
net/socket.c:1511:1: note: in expansion of macro ‘SYSCALL_DEFINE3’
 1511 | SYSCALL_DEFINE3(accept, int, fd, struct sockaddr __user *, upeer_sockaddr,
      | ^~~~~~~~~~~~~~~
./include/linux/syscalls.h:199:18: note: aliased declaration here
  199 |  asmlinkage long SyS##name(__MAP(x,__SC_LONG,__VA_ARGS__)) \
      |                  ^~~
./include/linux/syscalls.h:191:2: note: in expansion of macro ‘__SYSCALL_DEFINEx’
  191 |  __SYSCALL_DEFINEx(x, sname, __VA_ARGS__)
      |  ^~~~~~~~~~~~~~~~~
./include/linux/syscalls.h:184:36: note: in expansion of macro ‘SYSCALL_DEFINEx’
  184 | #define SYSCALL_DEFINE3(name, ...) SYSCALL_DEFINEx(3, _##name, __VA_ARGS__)
      |                                    ^~~~~~~~~~~~~~~
net/socket.c:1511:1: note: in expansion of macro ‘SYSCALL_DEFINE3’
 1511 | SYSCALL_DEFINE3(accept, int, fd, struct sockaddr __user *, upeer_sockaddr,
      | ^~~~~~~~~~~~~~~
./include/linux/syscalls.h:195:18: warning: ‘sys_accept4’ alias between functions of incompatible types ‘long int(int,  struct sockaddr *, int *, int)’ and ‘long int(long int,  long int,  long int,  long int)’ [-Wattribute-alias=]
  195 |  asmlinkage long sys##name(__MAP(x,__SC_DECL,__VA_ARGS__)) \
      |                  ^~~
./include/linux/syscalls.h:191:2: note: in expansion of macro ‘__SYSCALL_DEFINEx’
  191 |  __SYSCALL_DEFINEx(x, sname, __VA_ARGS__)
      |  ^~~~~~~~~~~~~~~~~
./include/linux/syscalls.h:185:36: note: in expansion of macro ‘SYSCALL_DEFINEx’
  185 | #define SYSCALL_DEFINE4(name, ...) SYSCALL_DEFINEx(4, _##name, __VA_ARGS__)
      |                                    ^~~~~~~~~~~~~~~
net/socket.c:1430:1: note: in expansion of macro ‘SYSCALL_DEFINE4’
 1430 | SYSCALL_DEFINE4(accept4, int, fd, struct sockaddr __user *, upeer_sockaddr,
      | ^~~~~~~~~~~~~~~
./include/linux/syscalls.h:199:18: note: aliased declaration here
  199 |  asmlinkage long SyS##name(__MAP(x,__SC_LONG,__VA_ARGS__)) \
      |                  ^~~
./include/linux/syscalls.h:191:2: note: in expansion of macro ‘__SYSCALL_DEFINEx’
  191 |  __SYSCALL_DEFINEx(x, sname, __VA_ARGS__)
      |  ^~~~~~~~~~~~~~~~~
./include/linux/syscalls.h:185:36: note: in expansion of macro ‘SYSCALL_DEFINEx’
  185 | #define SYSCALL_DEFINE4(name, ...) SYSCALL_DEFINEx(4, _##name, __VA_ARGS__)
      |                                    ^~~~~~~~~~~~~~~
net/socket.c:1430:1: note: in expansion of macro ‘SYSCALL_DEFINE4’
 1430 | SYSCALL_DEFINE4(accept4, int, fd, struct sockaddr __user *, upeer_sockaddr,
      | ^~~~~~~~~~~~~~~
./include/linux/syscalls.h:195:18: warning: ‘sys_bind’ alias between functions of incompatible types ‘long int(int,  struct sockaddr *, int)’ and ‘long int(long int,  long int,  long int)’ [-Wattribute-alias=]
  195 |  asmlinkage long sys##name(__MAP(x,__SC_DECL,__VA_ARGS__)) \
      |                  ^~~
./include/linux/syscalls.h:191:2: note: in expansion of macro ‘__SYSCALL_DEFINEx’
  191 |  __SYSCALL_DEFINEx(x, sname, __VA_ARGS__)
      |  ^~~~~~~~~~~~~~~~~
./include/linux/syscalls.h:184:36: note: in expansion of macro ‘SYSCALL_DEFINEx’
  184 | #define SYSCALL_DEFINE3(name, ...) SYSCALL_DEFINEx(3, _##name, __VA_ARGS__)
      |                                    ^~~~~~~~~~~~~~~
net/socket.c:1368:1: note: in expansion of macro ‘SYSCALL_DEFINE3’
 1368 | SYSCALL_DEFINE3(bind, int, fd, struct sockaddr __user *, umyaddr, int, addrlen)
      | ^~~~~~~~~~~~~~~
./include/linux/syscalls.h:199:18: note: aliased declaration here
  199 |  asmlinkage long SyS##name(__MAP(x,__SC_LONG,__VA_ARGS__)) \
      |                  ^~~
./include/linux/syscalls.h:191:2: note: in expansion of macro ‘__SYSCALL_DEFINEx’
  191 |  __SYSCALL_DEFINEx(x, sname, __VA_ARGS__)
      |  ^~~~~~~~~~~~~~~~~
./include/linux/syscalls.h:184:36: note: in expansion of macro ‘SYSCALL_DEFINEx’
  184 | #define SYSCALL_DEFINE3(name, ...) SYSCALL_DEFINEx(3, _##name, __VA_ARGS__)
      |                                    ^~~~~~~~~~~~~~~
net/socket.c:1368:1: note: in expansion of macro ‘SYSCALL_DEFINE3’
 1368 | SYSCALL_DEFINE3(bind, int, fd, struct sockaddr __user *, umyaddr, int, addrlen)
      | ^~~~~~~~~~~~~~~
./include/linux/syscalls.h:195:18: warning: ‘sys_socketpair’ alias between functions of incompatible types ‘long int(int,  int,  int,  int *)’ and ‘long int(long int,  long int,  long int,  long int)’ [-Wattribute-alias=]
  195 |  asmlinkage long sys##name(__MAP(x,__SC_DECL,__VA_ARGS__)) \
      |                  ^~~
./include/linux/syscalls.h:191:2: note: in expansion of macro ‘__SYSCALL_DEFINEx’
  191 |  __SYSCALL_DEFINEx(x, sname, __VA_ARGS__)
      |  ^~~~~~~~~~~~~~~~~
./include/linux/syscalls.h:185:36: note: in expansion of macro ‘SYSCALL_DEFINEx’
  185 | #define SYSCALL_DEFINE4(name, ...) SYSCALL_DEFINEx(4, _##name, __VA_ARGS__)
      |                                    ^~~~~~~~~~~~~~~
net/socket.c:1259:1: note: in expansion of macro ‘SYSCALL_DEFINE4’
 1259 | SYSCALL_DEFINE4(socketpair, int, family, int, type, int, protocol,
      | ^~~~~~~~~~~~~~~
./include/linux/syscalls.h:199:18: note: aliased declaration here
  199 |  asmlinkage long SyS##name(__MAP(x,__SC_LONG,__VA_ARGS__)) \
      |                  ^~~
./include/linux/syscalls.h:191:2: note: in expansion of macro ‘__SYSCALL_DEFINEx’
  191 |  __SYSCALL_DEFINEx(x, sname, __VA_ARGS__)
      |  ^~~~~~~~~~~~~~~~~
./include/linux/syscalls.h:185:36: note: in expansion of macro ‘SYSCALL_DEFINEx’
  185 | #define SYSCALL_DEFINE4(name, ...) SYSCALL_DEFINEx(4, _##name, __VA_ARGS__)
      |                                    ^~~~~~~~~~~~~~~
net/socket.c:1259:1: note: in expansion of macro ‘SYSCALL_DEFINE4’
 1259 | SYSCALL_DEFINE4(socketpair, int, family, int, type, int, protocol,
      | ^~~~~~~~~~~~~~~
  LD      net/6lowpan/built-in.o
  CC [M]  net/6lowpan/core.o
In file included from net/6lowpan/core.c:14:
./include/linux/module.h:132:6: warning: ‘init_module’ specifies less restrictive attribute than its target ‘lowpan_module_init’: ‘cold’ [-Wmissing-attributes]
  132 |  int init_module(void) __attribute__((alias(#initfn)));
      |      ^~~~~~~~~~~
net/6lowpan/core.c:180:1: note: in expansion of macro ‘module_init’
  180 | module_init(lowpan_module_init);
      | ^~~~~~~~~~~
net/6lowpan/core.c:149:19: note: ‘init_module’ target declared here
  149 | static int __init lowpan_module_init(void)
      |                   ^~~~~~~~~~~~~~~~~~
In file included from net/6lowpan/core.c:14:
./include/linux/module.h:138:7: warning: ‘cleanup_module’ specifies less restrictive attribute than its target ‘lowpan_module_exit’: ‘cold’ [-Wmissing-attributes]
  138 |  void cleanup_module(void) __attribute__((alias(#exitfn)));
      |       ^~~~~~~~~~~~~~
net/6lowpan/core.c:181:1: note: in expansion of macro ‘module_exit’
  181 | module_exit(lowpan_module_exit);
      | ^~~~~~~~~~~
net/6lowpan/core.c:174:20: note: ‘cleanup_module’ target declared here
  174 | static void __exit lowpan_module_exit(void)
      |                    ^~~~~~~~~~~~~~~~~~
  CC [M]  net/6lowpan/iphc.o
  CC [M]  net/6lowpan/nhc.o
  CC [M]  net/6lowpan/ndisc.o
  LD [M]  net/6lowpan/6lowpan.o
  CC [M]  net/6lowpan/nhc_dest.o
In file included from net/6lowpan/nhc.h:6,
                 from net/6lowpan/nhc_dest.c:11:
./include/linux/module.h:132:6: warning: ‘init_module’ specifies less restrictive attribute than its target ‘nhc_dest_init’: ‘cold’ [-Wmissing-attributes]
  132 |  int init_module(void) __attribute__((alias(#initfn)));
      |      ^~~~~~~~~~~
net/6lowpan/nhc.h:45:1: note: in expansion of macro ‘module_init’
   45 | module_init(__nhc##_init);   \
      | ^~~~~~~~~~~
net/6lowpan/nhc_dest.c:26:1: note: in expansion of macro ‘module_lowpan_nhc’
   26 | module_lowpan_nhc(nhc_dest);
      | ^~~~~~~~~~~~~~~~~
In file included from net/6lowpan/nhc_dest.c:11:
net/6lowpan/nhc_dest.c:26:19: note: ‘init_module’ target declared here
   26 | module_lowpan_nhc(nhc_dest);
      |                   ^~~~~~~~
net/6lowpan/nhc.h:41:19: note: in definition of macro ‘module_lowpan_nhc’
   41 | static int __init __nhc##_init(void)  \
      |                   ^~~~~
In file included from net/6lowpan/nhc.h:6,
                 from net/6lowpan/nhc_dest.c:11:
./include/linux/module.h:138:7: warning: ‘cleanup_module’ specifies less restrictive attribute than its target ‘nhc_dest_exit’: ‘cold’ [-Wmissing-attributes]
  138 |  void cleanup_module(void) __attribute__((alias(#exitfn)));
      |       ^~~~~~~~~~~~~~
net/6lowpan/nhc.h:50:1: note: in expansion of macro ‘module_exit’
   50 | module_exit(__nhc##_exit);
      | ^~~~~~~~~~~
net/6lowpan/nhc_dest.c:26:1: note: in expansion of macro ‘module_lowpan_nhc’
   26 | module_lowpan_nhc(nhc_dest);
      | ^~~~~~~~~~~~~~~~~
In file included from net/6lowpan/nhc_dest.c:11:
net/6lowpan/nhc_dest.c:26:19: note: ‘cleanup_module’ target declared here
   26 | module_lowpan_nhc(nhc_dest);
      |                   ^~~~~~~~
net/6lowpan/nhc.h:46:20: note: in definition of macro ‘module_lowpan_nhc’
   46 | static void __exit __nhc##_exit(void)  \
      |                    ^~~~~
  CC [M]  net/6lowpan/nhc_fragment.o
In file included from net/6lowpan/nhc.h:6,
                 from net/6lowpan/nhc_fragment.c:10:
./include/linux/module.h:132:6: warning: ‘init_module’ specifies less restrictive attribute than its target ‘nhc_fragment_init’: ‘cold’ [-Wmissing-attributes]
  132 |  int init_module(void) __attribute__((alias(#initfn)));
      |      ^~~~~~~~~~~
net/6lowpan/nhc.h:45:1: note: in expansion of macro ‘module_init’
   45 | module_init(__nhc##_init);   \
      | ^~~~~~~~~~~
net/6lowpan/nhc_fragment.c:25:1: note: in expansion of macro ‘module_lowpan_nhc’
   25 | module_lowpan_nhc(nhc_fragment);
      | ^~~~~~~~~~~~~~~~~
In file included from net/6lowpan/nhc_fragment.c:10:
net/6lowpan/nhc_fragment.c:25:19: note: ‘init_module’ target declared here
   25 | module_lowpan_nhc(nhc_fragment);
      |                   ^~~~~~~~~~~~
net/6lowpan/nhc.h:41:19: note: in definition of macro ‘module_lowpan_nhc’
   41 | static int __init __nhc##_init(void)  \
      |                   ^~~~~
In file included from net/6lowpan/nhc.h:6,
                 from net/6lowpan/nhc_fragment.c:10:
./include/linux/module.h:138:7: warning: ‘cleanup_module’ specifies less restrictive attribute than its target ‘nhc_fragment_exit’: ‘cold’ [-Wmissing-attributes]
  138 |  void cleanup_module(void) __attribute__((alias(#exitfn)));
      |       ^~~~~~~~~~~~~~
net/6lowpan/nhc.h:50:1: note: in expansion of macro ‘module_exit’
   50 | module_exit(__nhc##_exit);
      | ^~~~~~~~~~~
net/6lowpan/nhc_fragment.c:25:1: note: in expansion of macro ‘module_lowpan_nhc’
   25 | module_lowpan_nhc(nhc_fragment);
      | ^~~~~~~~~~~~~~~~~
In file included from net/6lowpan/nhc_fragment.c:10:
net/6lowpan/nhc_fragment.c:25:19: note: ‘cleanup_module’ target declared here
   25 | module_lowpan_nhc(nhc_fragment);
      |                   ^~~~~~~~~~~~
net/6lowpan/nhc.h:46:20: note: in definition of macro ‘module_lowpan_nhc’
   46 | static void __exit __nhc##_exit(void)  \
      |                    ^~~~~
  CC [M]  net/6lowpan/nhc_hop.o
In file included from net/6lowpan/nhc.h:6,
                 from net/6lowpan/nhc_hop.c:10:
./include/linux/module.h:132:6: warning: ‘init_module’ specifies less restrictive attribute than its target ‘nhc_hop_init’: ‘cold’ [-Wmissing-attributes]
  132 |  int init_module(void) __attribute__((alias(#initfn)));
      |      ^~~~~~~~~~~
net/6lowpan/nhc.h:45:1: note: in expansion of macro ‘module_init’
   45 | module_init(__nhc##_init);   \
      | ^~~~~~~~~~~
net/6lowpan/nhc_hop.c:25:1: note: in expansion of macro ‘module_lowpan_nhc’
   25 | module_lowpan_nhc(nhc_hop);
      | ^~~~~~~~~~~~~~~~~
In file included from net/6lowpan/nhc_hop.c:10:
net/6lowpan/nhc_hop.c:25:19: note: ‘init_module’ target declared here
   25 | module_lowpan_nhc(nhc_hop);
      |                   ^~~~~~~
net/6lowpan/nhc.h:41:19: note: in definition of macro ‘module_lowpan_nhc’
   41 | static int __init __nhc##_init(void)  \
      |                   ^~~~~
In file included from net/6lowpan/nhc.h:6,
                 from net/6lowpan/nhc_hop.c:10:
./include/linux/module.h:138:7: warning: ‘cleanup_module’ specifies less restrictive attribute than its target ‘nhc_hop_exit’: ‘cold’ [-Wmissing-attributes]
  138 |  void cleanup_module(void) __attribute__((alias(#exitfn)));
      |       ^~~~~~~~~~~~~~
net/6lowpan/nhc.h:50:1: note: in expansion of macro ‘module_exit’
   50 | module_exit(__nhc##_exit);
      | ^~~~~~~~~~~
net/6lowpan/nhc_hop.c:25:1: note: in expansion of macro ‘module_lowpan_nhc’
   25 | module_lowpan_nhc(nhc_hop);
      | ^~~~~~~~~~~~~~~~~
In file included from net/6lowpan/nhc_hop.c:10:
net/6lowpan/nhc_hop.c:25:19: note: ‘cleanup_module’ target declared here
   25 | module_lowpan_nhc(nhc_hop);
      |                   ^~~~~~~
net/6lowpan/nhc.h:46:20: note: in definition of macro ‘module_lowpan_nhc’
   46 | static void __exit __nhc##_exit(void)  \
      |                    ^~~~~
  CC [M]  net/6lowpan/nhc_ipv6.o
In file included from net/6lowpan/nhc.h:6,
                 from net/6lowpan/nhc_ipv6.c:10:
./include/linux/module.h:132:6: warning: ‘init_module’ specifies less restrictive attribute than its target ‘nhc_ipv6_init’: ‘cold’ [-Wmissing-attributes]
  132 |  int init_module(void) __attribute__((alias(#initfn)));
      |      ^~~~~~~~~~~
net/6lowpan/nhc.h:45:1: note: in expansion of macro ‘module_init’
   45 | module_init(__nhc##_init);   \
      | ^~~~~~~~~~~
net/6lowpan/nhc_ipv6.c:25:1: note: in expansion of macro ‘module_lowpan_nhc’
   25 | module_lowpan_nhc(nhc_ipv6);
      | ^~~~~~~~~~~~~~~~~
In file included from net/6lowpan/nhc_ipv6.c:10:
net/6lowpan/nhc_ipv6.c:25:19: note: ‘init_module’ target declared here
   25 | module_lowpan_nhc(nhc_ipv6);
      |                   ^~~~~~~~
net/6lowpan/nhc.h:41:19: note: in definition of macro ‘module_lowpan_nhc’
   41 | static int __init __nhc##_init(void)  \
      |                   ^~~~~
In file included from net/6lowpan/nhc.h:6,
                 from net/6lowpan/nhc_ipv6.c:10:
./include/linux/module.h:138:7: warning: ‘cleanup_module’ specifies less restrictive attribute than its target ‘nhc_ipv6_exit’: ‘cold’ [-Wmissing-attributes]
  138 |  void cleanup_module(void) __attribute__((alias(#exitfn)));
      |       ^~~~~~~~~~~~~~
net/6lowpan/nhc.h:50:1: note: in expansion of macro ‘module_exit’
   50 | module_exit(__nhc##_exit);
      | ^~~~~~~~~~~
net/6lowpan/nhc_ipv6.c:25:1: note: in expansion of macro ‘module_lowpan_nhc’
   25 | module_lowpan_nhc(nhc_ipv6);
      | ^~~~~~~~~~~~~~~~~
In file included from net/6lowpan/nhc_ipv6.c:10:
net/6lowpan/nhc_ipv6.c:25:19: note: ‘cleanup_module’ target declared here
   25 | module_lowpan_nhc(nhc_ipv6);
      |                   ^~~~~~~~
net/6lowpan/nhc.h:46:20: note: in definition of macro ‘module_lowpan_nhc’
   46 | static void __exit __nhc##_exit(void)  \
      |                    ^~~~~
  CC [M]  net/6lowpan/nhc_mobility.o
In file included from net/6lowpan/nhc.h:6,
                 from net/6lowpan/nhc_mobility.c:10:
./include/linux/module.h:132:6: warning: ‘init_module’ specifies less restrictive attribute than its target ‘nhc_mobility_init’: ‘cold’ [-Wmissing-attributes]
  132 |  int init_module(void) __attribute__((alias(#initfn)));
      |      ^~~~~~~~~~~
net/6lowpan/nhc.h:45:1: note: in expansion of macro ‘module_init’
   45 | module_init(__nhc##_init);   \
      | ^~~~~~~~~~~
net/6lowpan/nhc_mobility.c:25:1: note: in expansion of macro ‘module_lowpan_nhc’
   25 | module_lowpan_nhc(nhc_mobility);
      | ^~~~~~~~~~~~~~~~~
In file included from net/6lowpan/nhc_mobility.c:10:
net/6lowpan/nhc_mobility.c:25:19: note: ‘init_module’ target declared here
   25 | module_lowpan_nhc(nhc_mobility);
      |                   ^~~~~~~~~~~~
net/6lowpan/nhc.h:41:19: note: in definition of macro ‘module_lowpan_nhc’
   41 | static int __init __nhc##_init(void)  \
      |                   ^~~~~
In file included from net/6lowpan/nhc.h:6,
                 from net/6lowpan/nhc_mobility.c:10:
./include/linux/module.h:138:7: warning: ‘cleanup_module’ specifies less restrictive attribute than its target ‘nhc_mobility_exit’: ‘cold’ [-Wmissing-attributes]
  138 |  void cleanup_module(void) __attribute__((alias(#exitfn)));
      |       ^~~~~~~~~~~~~~
net/6lowpan/nhc.h:50:1: note: in expansion of macro ‘module_exit’
   50 | module_exit(__nhc##_exit);
      | ^~~~~~~~~~~
net/6lowpan/nhc_mobility.c:25:1: note: in expansion of macro ‘module_lowpan_nhc’
   25 | module_lowpan_nhc(nhc_mobility);
      | ^~~~~~~~~~~~~~~~~
In file included from net/6lowpan/nhc_mobility.c:10:
net/6lowpan/nhc_mobility.c:25:19: note: ‘cleanup_module’ target declared here
   25 | module_lowpan_nhc(nhc_mobility);
      |                   ^~~~~~~~~~~~
net/6lowpan/nhc.h:46:20: note: in definition of macro ‘module_lowpan_nhc’
   46 | static void __exit __nhc##_exit(void)  \
      |                    ^~~~~
  CC [M]  net/6lowpan/nhc_routing.o
In file included from net/6lowpan/nhc.h:6,
                 from net/6lowpan/nhc_routing.c:10:
./include/linux/module.h:132:6: warning: ‘init_module’ specifies less restrictive attribute than its target ‘nhc_routing_init’: ‘cold’ [-Wmissing-attributes]
  132 |  int init_module(void) __attribute__((alias(#initfn)));
      |      ^~~~~~~~~~~
net/6lowpan/nhc.h:45:1: note: in expansion of macro ‘module_init’
   45 | module_init(__nhc##_init);   \
      | ^~~~~~~~~~~
net/6lowpan/nhc_routing.c:25:1: note: in expansion of macro ‘module_lowpan_nhc’
   25 | module_lowpan_nhc(nhc_routing);
      | ^~~~~~~~~~~~~~~~~
In file included from net/6lowpan/nhc_routing.c:10:
net/6lowpan/nhc_routing.c:25:19: note: ‘init_module’ target declared here
   25 | module_lowpan_nhc(nhc_routing);
      |                   ^~~~~~~~~~~
net/6lowpan/nhc.h:41:19: note: in definition of macro ‘module_lowpan_nhc’
   41 | static int __init __nhc##_init(void)  \
      |                   ^~~~~
In file included from net/6lowpan/nhc.h:6,
                 from net/6lowpan/nhc_routing.c:10:
./include/linux/module.h:138:7: warning: ‘cleanup_module’ specifies less restrictive attribute than its target ‘nhc_routing_exit’: ‘cold’ [-Wmissing-attributes]
  138 |  void cleanup_module(void) __attribute__((alias(#exitfn)));
      |       ^~~~~~~~~~~~~~
net/6lowpan/nhc.h:50:1: note: in expansion of macro ‘module_exit’
   50 | module_exit(__nhc##_exit);
      | ^~~~~~~~~~~
net/6lowpan/nhc_routing.c:25:1: note: in expansion of macro ‘module_lowpan_nhc’
   25 | module_lowpan_nhc(nhc_routing);
      | ^~~~~~~~~~~~~~~~~
In file included from net/6lowpan/nhc_routing.c:10:
net/6lowpan/nhc_routing.c:25:19: note: ‘cleanup_module’ target declared here
   25 | module_lowpan_nhc(nhc_routing);
      |                   ^~~~~~~~~~~
net/6lowpan/nhc.h:46:20: note: in definition of macro ‘module_lowpan_nhc’
   46 | static void __exit __nhc##_exit(void)  \
      |                    ^~~~~
  CC [M]  net/6lowpan/nhc_udp.o
In file included from net/6lowpan/nhc.h:6,
                 from net/6lowpan/nhc_udp.c:18:
./include/linux/module.h:132:6: warning: ‘init_module’ specifies less restrictive attribute than its target ‘nhc_udp_init’: ‘cold’ [-Wmissing-attributes]
  132 |  int init_module(void) __attribute__((alias(#initfn)));
      |      ^~~~~~~~~~~
net/6lowpan/nhc.h:45:1: note: in expansion of macro ‘module_init’
   45 | module_init(__nhc##_init);   \
      | ^~~~~~~~~~~
net/6lowpan/nhc_udp.c:186:1: note: in expansion of macro ‘module_lowpan_nhc’
  186 | module_lowpan_nhc(nhc_udp);
      | ^~~~~~~~~~~~~~~~~
In file included from net/6lowpan/nhc_udp.c:18:
net/6lowpan/nhc_udp.c:186:19: note: ‘init_module’ target declared here
  186 | module_lowpan_nhc(nhc_udp);
      |                   ^~~~~~~
net/6lowpan/nhc.h:41:19: note: in definition of macro ‘module_lowpan_nhc’
   41 | static int __init __nhc##_init(void)  \
      |                   ^~~~~
In file included from net/6lowpan/nhc.h:6,
                 from net/6lowpan/nhc_udp.c:18:
./include/linux/module.h:138:7: warning: ‘cleanup_module’ specifies less restrictive attribute than its target ‘nhc_udp_exit’: ‘cold’ [-Wmissing-attributes]
  138 |  void cleanup_module(void) __attribute__((alias(#exitfn)));
      |       ^~~~~~~~~~~~~~
net/6lowpan/nhc.h:50:1: note: in expansion of macro ‘module_exit’
   50 | module_exit(__nhc##_exit);
      | ^~~~~~~~~~~
net/6lowpan/nhc_udp.c:186:1: note: in expansion of macro ‘module_lowpan_nhc’
  186 | module_lowpan_nhc(nhc_udp);
      | ^~~~~~~~~~~~~~~~~
In file included from net/6lowpan/nhc_udp.c:18:
net/6lowpan/nhc_udp.c:186:19: note: ‘cleanup_module’ target declared here
  186 | module_lowpan_nhc(nhc_udp);
      |                   ^~~~~~~
net/6lowpan/nhc.h:46:20: note: in definition of macro ‘module_lowpan_nhc’
   46 | static void __exit __nhc##_exit(void)  \
      |                    ^~~~~
  LD      net/802/built-in.o
  CC [M]  net/802/p8022.o
  CC [M]  net/802/psnap.o
In file included from net/802/psnap.c:14:
./include/linux/module.h:132:6: warning: ‘init_module’ specifies less restrictive attribute than its target ‘snap_init’: ‘cold’ [-Wmissing-attributes]
  132 |  int init_module(void) __attribute__((alias(#initfn)));
      |      ^~~~~~~~~~~
net/802/psnap.c:113:1: note: in expansion of macro ‘module_init’
  113 | module_init(snap_init);
      | ^~~~~~~~~~~
net/802/psnap.c:102:19: note: ‘init_module’ target declared here
  102 | static int __init snap_init(void)
      |                   ^~~~~~~~~
In file included from net/802/psnap.c:14:
./include/linux/module.h:138:7: warning: ‘cleanup_module’ specifies less restrictive attribute than its target ‘snap_exit’: ‘cold’ [-Wmissing-attributes]
  138 |  void cleanup_module(void) __attribute__((alias(#exitfn)));
      |       ^~~~~~~~~~~~~~
net/802/psnap.c:120:1: note: in expansion of macro ‘module_exit’
  120 | module_exit(snap_exit);
      | ^~~~~~~~~~~
net/802/psnap.c:115:20: note: ‘cleanup_module’ target declared here
  115 | static void __exit snap_exit(void)
      |                    ^~~~~~~~~
  CC [M]  net/802/stp.o
  CC [M]  net/802/garp.o
  CC      net/8021q/vlan_core.o
  LD      net/8021q/built-in.o
  CC [M]  net/8021q/vlan.o
In file included from net/8021q/vlan.c:24:
./include/linux/module.h:132:6: warning: ‘init_module’ specifies less restrictive attribute than its target ‘vlan_proto_init’: ‘cold’ [-Wmissing-attributes]
  132 |  int init_module(void) __attribute__((alias(#initfn)));
      |      ^~~~~~~~~~~
net/8021q/vlan.c:797:1: note: in expansion of macro ‘module_init’
  797 | module_init(vlan_proto_init);
      | ^~~~~~~~~~~
net/8021q/vlan.c:732:19: note: ‘init_module’ target declared here
  732 | static int __init vlan_proto_init(void)
      |                   ^~~~~~~~~~~~~~~
In file included from net/8021q/vlan.c:24:
./include/linux/module.h:138:7: warning: ‘cleanup_module’ specifies less restrictive attribute than its target ‘vlan_cleanup_module’: ‘cold’ [-Wmissing-attributes]
  138 |  void cleanup_module(void) __attribute__((alias(#exitfn)));
      |       ^~~~~~~~~~~~~~
net/8021q/vlan.c:798:1: note: in expansion of macro ‘module_exit’
  798 | module_exit(vlan_cleanup_module);
      | ^~~~~~~~~~~
net/8021q/vlan.c:777:20: note: ‘cleanup_module’ target declared here
  777 | static void __exit vlan_cleanup_module(void)
      |                    ^~~~~~~~~~~~~~~~~~~
  CC [M]  net/8021q/vlan_dev.o
  CC [M]  net/8021q/vlan_netlink.o
  CC [M]  net/8021q/vlan_gvrp.o
  CC [M]  net/8021q/vlanproc.o
  LD [M]  net/8021q/8021q.o
  LD      net/9p/built-in.o
  CC [M]  net/9p/mod.o
In file included from net/9p/mod.c:29:
./include/linux/module.h:132:6: warning: ‘init_module’ specifies less restrictive attribute than its target ‘init_p9’: ‘cold’ [-Wmissing-attributes]
  132 |  int init_module(void) __attribute__((alias(#initfn)));
      |      ^~~~~~~~~~~
net/9p/mod.c:195:1: note: in expansion of macro ‘module_init’
  195 | module_init(init_p9)
      | ^~~~~~~~~~~
net/9p/mod.c:172:19: note: ‘init_module’ target declared here
  172 | static int __init init_p9(void)
      |                   ^~~~~~~
In file included from net/9p/mod.c:29:
./include/linux/module.h:138:7: warning: ‘cleanup_module’ specifies less restrictive attribute than its target ‘exit_p9’: ‘cold’ [-Wmissing-attributes]
  138 |  void cleanup_module(void) __attribute__((alias(#exitfn)));
      |       ^~~~~~~~~~~~~~
net/9p/mod.c:196:1: note: in expansion of macro ‘module_exit’
  196 | module_exit(exit_p9)
      | ^~~~~~~~~~~
net/9p/mod.c:188:20: note: ‘cleanup_module’ target declared here
  188 | static void __exit exit_p9(void)
      |                    ^~~~~~~
  CC [M]  net/9p/client.o
  CC [M]  net/9p/error.o
  CC [M]  net/9p/util.o
  CC [M]  net/9p/protocol.o
  CC [M]  net/9p/trans_fd.o
  CC [M]  net/9p/trans_common.o
  LD [M]  net/9p/9pnet.o
  LD      net/appletalk/built-in.o
  CC [M]  net/appletalk/aarp.o
  CC [M]  net/appletalk/ddp.o
In file included from net/appletalk/ddp.c:55:
./include/linux/module.h:132:6: warning: ‘init_module’ specifies less restrictive attribute than its target ‘atalk_init’: ‘cold’ [-Wmissing-attributes]
  132 |  int init_module(void) __attribute__((alias(#initfn)));
      |      ^~~~~~~~~~~
net/appletalk/ddp.c:1935:1: note: in expansion of macro ‘module_init’
 1935 | module_init(atalk_init);
      | ^~~~~~~~~~~
net/appletalk/ddp.c:1913:19: note: ‘init_module’ target declared here
 1913 | static int __init atalk_init(void)
      |                   ^~~~~~~~~~
In file included from net/appletalk/ddp.c:55:
./include/linux/module.h:138:7: warning: ‘cleanup_module’ specifies less restrictive attribute than its target ‘atalk_exit’: ‘cold’ [-Wmissing-attributes]
  138 |  void cleanup_module(void) __attribute__((alias(#exitfn)));
      |       ^~~~~~~~~~~~~~
net/appletalk/ddp.c:1960:1: note: in expansion of macro ‘module_exit’
 1960 | module_exit(atalk_exit);
      | ^~~~~~~~~~~
net/appletalk/ddp.c:1946:20: note: ‘cleanup_module’ target declared here
 1946 | static void __exit atalk_exit(void)
      |                    ^~~~~~~~~~
  CC [M]  net/appletalk/dev.o
  CC [M]  net/appletalk/atalk_proc.o
  CC [M]  net/appletalk/sysctl_net_atalk.o
  LD [M]  net/appletalk/appletalk.o
  LD      net/atm/built-in.o
  CC [M]  net/atm/addr.o
  CC [M]  net/atm/pvc.o
  CC [M]  net/atm/signaling.o
  CC [M]  net/atm/svc.o
  CC [M]  net/atm/ioctl.o
  CC [M]  net/atm/common.o
In file included from net/atm/common.c:7:
./include/linux/module.h:132:6: warning: ‘init_module’ specifies less restrictive attribute than its target ‘atm_init’: ‘cold’ [-Wmissing-attributes]
  132 |  int init_module(void) __attribute__((alias(#initfn)));
      |      ^~~~~~~~~~~
./include/linux/module.h:115:30: note: in expansion of macro ‘module_init’
  115 | #define subsys_initcall(fn)  module_init(fn)
      |                              ^~~~~~~~~~~
net/atm/common.c:895:1: note: in expansion of macro ‘subsys_initcall’
  895 | subsys_initcall(atm_init);
      | ^~~~~~~~~~~~~~~
net/atm/common.c:846:19: note: ‘init_module’ target declared here
  846 | static int __init atm_init(void)
      |                   ^~~~~~~~
In file included from net/atm/common.c:7:
./include/linux/module.h:138:7: warning: ‘cleanup_module’ specifies less restrictive attribute than its target ‘atm_exit’: ‘cold’ [-Wmissing-attributes]
  138 |  void cleanup_module(void) __attribute__((alias(#exitfn)));
      |       ^~~~~~~~~~~~~~
net/atm/common.c:897:1: note: in expansion of macro ‘module_exit’
  897 | module_exit(atm_exit);
      | ^~~~~~~~~~~
net/atm/common.c:886:20: note: ‘cleanup_module’ target declared here
  886 | static void __exit atm_exit(void)
      |                    ^~~~~~~~
  CC [M]  net/atm/atm_misc.o
  CC [M]  net/atm/raw.o
  CC [M]  net/atm/resources.o
  CC [M]  net/atm/atm_sysfs.o
  CC [M]  net/atm/proc.o
  LD [M]  net/atm/atm.o
  CC [M]  net/atm/pppoatm.o
In file included from net/atm/pppoatm.c:38:
./include/linux/module.h:132:6: warning: ‘init_module’ specifies less restrictive attribute than its target ‘pppoatm_init’: ‘cold’ [-Wmissing-attributes]
  132 |  int init_module(void) __attribute__((alias(#initfn)));
      |      ^~~~~~~~~~~
net/atm/pppoatm.c:495:1: note: in expansion of macro ‘module_init’
  495 | module_init(pppoatm_init);
      | ^~~~~~~~~~~
net/atm/pppoatm.c:484:19: note: ‘init_module’ target declared here
  484 | static int __init pppoatm_init(void)
      |                   ^~~~~~~~~~~~
In file included from net/atm/pppoatm.c:38:
./include/linux/module.h:138:7: warning: ‘cleanup_module’ specifies less restrictive attribute than its target ‘pppoatm_exit’: ‘cold’ [-Wmissing-attributes]
  138 |  void cleanup_module(void) __attribute__((alias(#exitfn)));
      |       ^~~~~~~~~~~~~~
net/atm/pppoatm.c:496:1: note: in expansion of macro ‘module_exit’
  496 | module_exit(pppoatm_exit);
      | ^~~~~~~~~~~
net/atm/pppoatm.c:490:20: note: ‘cleanup_module’ target declared here
  490 | static void __exit pppoatm_exit(void)
      |                    ^~~~~~~~~~~~
  LD      net/ax25/built-in.o
  CC [M]  net/ax25/ax25_addr.o
  CC [M]  net/ax25/ax25_dev.o
  CC [M]  net/ax25/ax25_iface.o
  CC [M]  net/ax25/ax25_in.o
  CC [M]  net/ax25/ax25_ip.o
  CC [M]  net/ax25/ax25_out.o
  CC [M]  net/ax25/ax25_route.o
  CC [M]  net/ax25/ax25_std_in.o
  CC [M]  net/ax25/ax25_std_subr.o
  CC [M]  net/ax25/ax25_std_timer.o
  CC [M]  net/ax25/ax25_subr.o
  CC [M]  net/ax25/ax25_timer.o
  CC [M]  net/ax25/ax25_uid.o
  CC [M]  net/ax25/af_ax25.o
In file included from net/ax25/af_ax25.c:17:
./include/linux/module.h:132:6: warning: ‘init_module’ specifies less restrictive attribute than its target ‘ax25_init’: ‘cold’ [-Wmissing-attributes]
  132 |  int init_module(void) __attribute__((alias(#initfn)));
      |      ^~~~~~~~~~~
net/ax25/af_ax25.c:2000:1: note: in expansion of macro ‘module_init’
 2000 | module_init(ax25_init);
      | ^~~~~~~~~~~
net/ax25/af_ax25.c:1982:19: note: ‘init_module’ target declared here
 1982 | static int __init ax25_init(void)
      |                   ^~~~~~~~~
In file included from net/ax25/af_ax25.c:17:
./include/linux/module.h:138:7: warning: ‘cleanup_module’ specifies less restrictive attribute than its target ‘ax25_exit’: ‘cold’ [-Wmissing-attributes]
  138 |  void cleanup_module(void) __attribute__((alias(#exitfn)));
      |       ^~~~~~~~~~~~~~
net/ax25/af_ax25.c:2025:1: note: in expansion of macro ‘module_exit’
 2025 | module_exit(ax25_exit);
      | ^~~~~~~~~~~
net/ax25/af_ax25.c:2008:20: note: ‘cleanup_module’ target declared here
 2008 | static void __exit ax25_exit(void)
      |                    ^~~~~~~~~
  CC [M]  net/ax25/ax25_ds_in.o
  CC [M]  net/ax25/ax25_ds_subr.o
  CC [M]  net/ax25/ax25_ds_timer.o
  CC [M]  net/ax25/sysctl_net_ax25.o
  LD [M]  net/ax25/ax25.o
  LD      net/batman-adv/built-in.o
  CC [M]  net/batman-adv/bat_algo.o
  CC [M]  net/batman-adv/bat_iv_ogm.o
  CC [M]  net/batman-adv/bitarray.o
  CC [M]  net/batman-adv/bridge_loop_avoidance.o
  CC [M]  net/batman-adv/debugfs.o
  CC [M]  net/batman-adv/fragmentation.o
  CC [M]  net/batman-adv/gateway_client.o
  CC [M]  net/batman-adv/gateway_common.o
  CC [M]  net/batman-adv/hard-interface.o
  CC [M]  net/batman-adv/hash.o
  CC [M]  net/batman-adv/icmp_socket.o
  CC [M]  net/batman-adv/main.o
In file included from ./include/linux/phy.h:24,
                 from ./include/net/dsa.h:19,
                 from ./include/linux/netdevice.h:44,
                 from ./include/linux/etherdevice.h:26,
                 from net/batman-adv/main.h:189,
                 from net/batman-adv/main.c:18:
./include/linux/module.h:132:6: warning: ‘init_module’ specifies less restrictive attribute than its target ‘batadv_init’: ‘cold’ [-Wmissing-attributes]
  132 |  int init_module(void) __attribute__((alias(#initfn)));
      |      ^~~~~~~~~~~
net/batman-adv/main.c:646:1: note: in expansion of macro ‘module_init’
  646 | module_init(batadv_init);
      | ^~~~~~~~~~~
net/batman-adv/main.c:83:19: note: ‘init_module’ target declared here
   83 | static int __init batadv_init(void)
      |                   ^~~~~~~~~~~
In file included from ./include/linux/phy.h:24,
                 from ./include/net/dsa.h:19,
                 from ./include/linux/netdevice.h:44,
                 from ./include/linux/etherdevice.h:26,
                 from net/batman-adv/main.h:189,
                 from net/batman-adv/main.c:18:
./include/linux/module.h:138:7: warning: ‘cleanup_module’ specifies less restrictive attribute than its target ‘batadv_exit’: ‘cold’ [-Wmissing-attributes]
  138 |  void cleanup_module(void) __attribute__((alias(#exitfn)));
      |       ^~~~~~~~~~~~~~
net/batman-adv/main.c:647:1: note: in expansion of macro ‘module_exit’
  647 | module_exit(batadv_exit);
      | ^~~~~~~~~~~
net/batman-adv/main.c:123:20: note: ‘cleanup_module’ target declared here
  123 | static void __exit batadv_exit(void)
      |                    ^~~~~~~~~~~
  CC [M]  net/batman-adv/netlink.o
  CC [M]  net/batman-adv/originator.o
  CC [M]  net/batman-adv/routing.o
  CC [M]  net/batman-adv/send.o
  CC [M]  net/batman-adv/soft-interface.o
  CC [M]  net/batman-adv/sysfs.o
  CC [M]  net/batman-adv/tp_meter.o
  CC [M]  net/batman-adv/translation-table.o
  CC [M]  net/batman-adv/tvlv.o
  LD [M]  net/batman-adv/batman-adv.o
  LD      net/bluetooth/built-in.o
  CC [M]  net/bluetooth/af_bluetooth.o
In file included from net/bluetooth/af_bluetooth.c:27:
./include/linux/module.h:132:6: warning: ‘init_module’ specifies less restrictive attribute than its target ‘bt_init’: ‘cold’ [-Wmissing-attributes]
  132 |  int init_module(void) __attribute__((alias(#initfn)));
      |      ^~~~~~~~~~~
./include/linux/module.h:115:30: note: in expansion of macro ‘module_init’
  115 | #define subsys_initcall(fn)  module_init(fn)
      |                              ^~~~~~~~~~~
net/bluetooth/af_bluetooth.c:800:1: note: in expansion of macro ‘subsys_initcall’
  800 | subsys_initcall(bt_init);
      | ^~~~~~~~~~~~~~~
net/bluetooth/af_bluetooth.c:720:19: note: ‘init_module’ target declared here
  720 | static int __init bt_init(void)
      |                   ^~~~~~~
In file included from net/bluetooth/af_bluetooth.c:27:
./include/linux/module.h:138:7: warning: ‘cleanup_module’ specifies less restrictive attribute than its target ‘bt_exit’: ‘cold’ [-Wmissing-attributes]
  138 |  void cleanup_module(void) __attribute__((alias(#exitfn)));
      |       ^~~~~~~~~~~~~~
net/bluetooth/af_bluetooth.c:801:1: note: in expansion of macro ‘module_exit’
  801 | module_exit(bt_exit);
      | ^~~~~~~~~~~
net/bluetooth/af_bluetooth.c:781:20: note: ‘cleanup_module’ target declared here
  781 | static void __exit bt_exit(void)
      |                    ^~~~~~~
  CC [M]  net/bluetooth/hci_core.o
  CC [M]  net/bluetooth/hci_conn.o
  CC [M]  net/bluetooth/hci_event.o
  CC [M]  net/bluetooth/mgmt.o
net/bluetooth/mgmt.c: In function ‘read_commands’:
net/bluetooth/mgmt.c:328:20: warning: taking address of packed member of ‘struct mgmt_rp_read_commands’ may result in an unaligned pointer value [-Waddress-of-packed-member]
  328 |   __le16 *opcode = rp->opcodes;
      |                    ^~
net/bluetooth/mgmt.c:336:20: warning: taking address of packed member of ‘struct mgmt_rp_read_commands’ may result in an unaligned pointer value [-Waddress-of-packed-member]
  336 |   __le16 *opcode = rp->opcodes;
      |                    ^~
  CC [M]  net/bluetooth/hci_sock.o
  CC [M]  net/bluetooth/hci_sysfs.o
  CC [M]  net/bluetooth/l2cap_core.o
  CC [M]  net/bluetooth/l2cap_sock.o
  CC [M]  net/bluetooth/smp.o
  CC [M]  net/bluetooth/lib.o
  CC [M]  net/bluetooth/ecc.o
  CC [M]  net/bluetooth/hci_request.o
  CC [M]  net/bluetooth/mgmt_util.o
  CC [M]  net/bluetooth/sco.o
  CC [M]  net/bluetooth/a2mp.o
  CC [M]  net/bluetooth/amp.o
  CC [M]  net/bluetooth/hci_debugfs.o
  LD [M]  net/bluetooth/bluetooth.o
  CC [M]  net/bluetooth/6lowpan.o
In file included from ./include/linux/phy.h:24,
                 from ./include/net/dsa.h:19,
                 from ./include/linux/netdevice.h:44,
                 from ./include/uapi/linux/if_arp.h:26,
                 from ./include/linux/if_arp.h:27,
                 from net/bluetooth/6lowpan.c:14:
./include/linux/module.h:132:6: warning: ‘init_module’ specifies less restrictive attribute than its target ‘bt_6lowpan_init’: ‘cold’ [-Wmissing-attributes]
  132 |  int init_module(void) __attribute__((alias(#initfn)));
      |      ^~~~~~~~~~~
net/bluetooth/6lowpan.c:1407:1: note: in expansion of macro ‘module_init’
 1407 | module_init(bt_6lowpan_init);
      | ^~~~~~~~~~~
net/bluetooth/6lowpan.c:1380:19: note: ‘init_module’ target declared here
 1380 | static int __init bt_6lowpan_init(void)
      |                   ^~~~~~~~~~~~~~~
In file included from ./include/linux/phy.h:24,
                 from ./include/net/dsa.h:19,
                 from ./include/linux/netdevice.h:44,
                 from ./include/uapi/linux/if_arp.h:26,
                 from ./include/linux/if_arp.h:27,
                 from net/bluetooth/6lowpan.c:14:
./include/linux/module.h:138:7: warning: ‘cleanup_module’ specifies less restrictive attribute than its target ‘bt_6lowpan_exit’: ‘cold’ [-Wmissing-attributes]
  138 |  void cleanup_module(void) __attribute__((alias(#exitfn)));
      |       ^~~~~~~~~~~~~~
net/bluetooth/6lowpan.c:1408:1: note: in expansion of macro ‘module_exit’
 1408 | module_exit(bt_6lowpan_exit);
      | ^~~~~~~~~~~
net/bluetooth/6lowpan.c:1392:20: note: ‘cleanup_module’ target declared here
 1392 | static void __exit bt_6lowpan_exit(void)
      |                    ^~~~~~~~~~~~~~~
  LD [M]  net/bluetooth/bluetooth_6lowpan.o
  LD      net/bluetooth/bnep/built-in.o
  CC [M]  net/bluetooth/bnep/core.o
In file included from net/bluetooth/bnep/core.c:28:
./include/linux/module.h:132:6: warning: ‘init_module’ specifies less restrictive attribute than its target ‘bnep_init’: ‘cold’ [-Wmissing-attributes]
  132 |  int init_module(void) __attribute__((alias(#initfn)));
      |      ^~~~~~~~~~~
net/bluetooth/bnep/core.c:758:1: note: in expansion of macro ‘module_init’
  758 | module_init(bnep_init);
      | ^~~~~~~~~~~
net/bluetooth/bnep/core.c:733:19: note: ‘init_module’ target declared here
  733 | static int __init bnep_init(void)
      |                   ^~~~~~~~~
In file included from net/bluetooth/bnep/core.c:28:
./include/linux/module.h:138:7: warning: ‘cleanup_module’ specifies less restrictive attribute than its target ‘bnep_exit’: ‘cold’ [-Wmissing-attributes]
  138 |  void cleanup_module(void) __attribute__((alias(#exitfn)));
      |       ^~~~~~~~~~~~~~
net/bluetooth/bnep/core.c:759:1: note: in expansion of macro ‘module_exit’
  759 | module_exit(bnep_exit);
      | ^~~~~~~~~~~
net/bluetooth/bnep/core.c:753:20: note: ‘cleanup_module’ target declared here
  753 | static void __exit bnep_exit(void)
      |                    ^~~~~~~~~
  CC [M]  net/bluetooth/bnep/sock.o
  CC [M]  net/bluetooth/bnep/netdev.o
  LD [M]  net/bluetooth/bnep/bnep.o
  LD      net/bluetooth/hidp/built-in.o
  CC [M]  net/bluetooth/hidp/core.o
In file included from net/bluetooth/hidp/core.c:25:
./include/linux/module.h:132:6: warning: ‘init_module’ specifies less restrictive attribute than its target ‘hidp_init’: ‘cold’ [-Wmissing-attributes]
  132 |  int init_module(void) __attribute__((alias(#initfn)));
      |      ^~~~~~~~~~~
net/bluetooth/hidp/core.c:1464:1: note: in expansion of macro ‘module_init’
 1464 | module_init(hidp_init);
      | ^~~~~~~~~~~
net/bluetooth/hidp/core.c:1452:19: note: ‘init_module’ target declared here
 1452 | static int __init hidp_init(void)
      |                   ^~~~~~~~~
In file included from net/bluetooth/hidp/core.c:25:
./include/linux/module.h:138:7: warning: ‘cleanup_module’ specifies less restrictive attribute than its target ‘hidp_exit’: ‘cold’ [-Wmissing-attributes]
  138 |  void cleanup_module(void) __attribute__((alias(#exitfn)));
      |       ^~~~~~~~~~~~~~
net/bluetooth/hidp/core.c:1465:1: note: in expansion of macro ‘module_exit’
 1465 | module_exit(hidp_exit);
      | ^~~~~~~~~~~
net/bluetooth/hidp/core.c:1459:20: note: ‘cleanup_module’ target declared here
 1459 | static void __exit hidp_exit(void)
      |                    ^~~~~~~~~
In function ‘hidp_setup_hid’,
    inlined from ‘hidp_session_dev_init’ at net/bluetooth/hidp/core.c:814:9,
    inlined from ‘hidp_session_new’ at net/bluetooth/hidp/core.c:953:8,
    inlined from ‘hidp_connection_add’ at net/bluetooth/hidp/core.c:1366:8:
net/bluetooth/hidp/core.c:777:2: warning: ‘strncpy’ output may be truncated copying 127 bytes from a string of length 127 [-Wstringop-truncation]
  777 |  strncpy(hid->name, req->name, sizeof(req->name) - 1);
      |  ^~~~~~~~~~~~~~~~~~~~~~~~~~~~~~~~~~~~~~~~~~~~~~~~~~~~
  CC [M]  net/bluetooth/hidp/sock.o
  LD [M]  net/bluetooth/hidp/hidp.o
  LD      net/bluetooth/rfcomm/built-in.o
  CC [M]  net/bluetooth/rfcomm/core.o
In file included from net/bluetooth/rfcomm/core.c:28:
./include/linux/module.h:132:6: warning: ‘init_module’ specifies less restrictive attribute than its target ‘rfcomm_init’: ‘cold’ [-Wmissing-attributes]
  132 |  int init_module(void) __attribute__((alias(#initfn)));
      |      ^~~~~~~~~~~
net/bluetooth/rfcomm/core.c:2240:1: note: in expansion of macro ‘module_init’
 2240 | module_init(rfcomm_init);
      | ^~~~~~~~~~~
net/bluetooth/rfcomm/core.c:2184:19: note: ‘init_module’ target declared here
 2184 | static int __init rfcomm_init(void)
      |                   ^~~~~~~~~~~
In file included from net/bluetooth/rfcomm/core.c:28:
./include/linux/module.h:138:7: warning: ‘cleanup_module’ specifies less restrictive attribute than its target ‘rfcomm_exit’: ‘cold’ [-Wmissing-attributes]
  138 |  void cleanup_module(void) __attribute__((alias(#exitfn)));
      |       ^~~~~~~~~~~~~~
net/bluetooth/rfcomm/core.c:2241:1: note: in expansion of macro ‘module_exit’
 2241 | module_exit(rfcomm_exit);
      | ^~~~~~~~~~~
net/bluetooth/rfcomm/core.c:2227:20: note: ‘cleanup_module’ target declared here
 2227 | static void __exit rfcomm_exit(void)
      |                    ^~~~~~~~~~~
  CC [M]  net/bluetooth/rfcomm/sock.o
  CC [M]  net/bluetooth/rfcomm/tty.o
  LD [M]  net/bluetooth/rfcomm/rfcomm.o
  LD      net/bridge/netfilter/built-in.o
  CC [M]  net/bridge/netfilter/ebtables.o
In file included from net/bridge/netfilter/ebtables.c:19:
./include/linux/module.h:132:6: warning: ‘init_module’ specifies less restrictive attribute than its target ‘ebtables_init’: ‘cold’ [-Wmissing-attributes]
  132 |  int init_module(void) __attribute__((alias(#initfn)));
      |      ^~~~~~~~~~~
net/bridge/netfilter/ebtables.c:2441:1: note: in expansion of macro ‘module_init’
 2441 | module_init(ebtables_init);
      | ^~~~~~~~~~~
net/bridge/netfilter/ebtables.c:2414:19: note: ‘init_module’ target declared here
 2414 | static int __init ebtables_init(void)
      |                   ^~~~~~~~~~~~~
In file included from net/bridge/netfilter/ebtables.c:19:
./include/linux/module.h:138:7: warning: ‘cleanup_module’ specifies less restrictive attribute than its target ‘ebtables_fini’: ‘cold’ [-Wmissing-attributes]
  138 |  void cleanup_module(void) __attribute__((alias(#exitfn)));
      |       ^~~~~~~~~~~~~~
net/bridge/netfilter/ebtables.c:2442:1: note: in expansion of macro ‘module_exit’
 2442 | module_exit(ebtables_fini);
      | ^~~~~~~~~~~
net/bridge/netfilter/ebtables.c:2431:20: note: ‘cleanup_module’ target declared here
 2431 | static void __exit ebtables_fini(void)
      |                    ^~~~~~~~~~~~~
  CC [M]  net/bridge/netfilter/ebtable_broute.o
In file included from ./include/linux/phy.h:24,
                 from ./include/net/dsa.h:19,
                 from ./include/linux/netdevice.h:44,
                 from ./include/linux/netfilter.h:14,
                 from ./include/uapi/linux/netfilter_bridge.h:8,
                 from ./include/linux/netfilter_bridge.h:4,
                 from ./include/uapi/linux/netfilter_bridge/ebtables.h:17,
                 from ./include/linux/netfilter_bridge/ebtables.h:17,
                 from net/bridge/netfilter/ebtable_broute.c:14:
./include/linux/module.h:132:6: warning: ‘init_module’ specifies less restrictive attribute than its target ‘ebtable_broute_init’: ‘cold’ [-Wmissing-attributes]
  132 |  int init_module(void) __attribute__((alias(#initfn)));
      |      ^~~~~~~~~~~
net/bridge/netfilter/ebtable_broute.c:102:1: note: in expansion of macro ‘module_init’
  102 | module_init(ebtable_broute_init);
      | ^~~~~~~~~~~
net/bridge/netfilter/ebtable_broute.c:82:19: note: ‘init_module’ target declared here
   82 | static int __init ebtable_broute_init(void)
      |                   ^~~~~~~~~~~~~~~~~~~
In file included from ./include/linux/phy.h:24,
                 from ./include/net/dsa.h:19,
                 from ./include/linux/netdevice.h:44,
                 from ./include/linux/netfilter.h:14,
                 from ./include/uapi/linux/netfilter_bridge.h:8,
                 from ./include/linux/netfilter_bridge.h:4,
                 from ./include/uapi/linux/netfilter_bridge/ebtables.h:17,
                 from ./include/linux/netfilter_bridge/ebtables.h:17,
                 from net/bridge/netfilter/ebtable_broute.c:14:
./include/linux/module.h:138:7: warning: ‘cleanup_module’ specifies less restrictive attribute than its target ‘ebtable_broute_fini’: ‘cold’ [-Wmissing-attributes]
  138 |  void cleanup_module(void) __attribute__((alias(#exitfn)));
      |       ^~~~~~~~~~~~~~
net/bridge/netfilter/ebtable_broute.c:103:1: note: in expansion of macro ‘module_exit’
  103 | module_exit(ebtable_broute_fini);
      | ^~~~~~~~~~~
net/bridge/netfilter/ebtable_broute.c:95:20: note: ‘cleanup_module’ target declared here
   95 | static void __exit ebtable_broute_fini(void)
      |                    ^~~~~~~~~~~~~~~~~~~
  CC [M]  net/bridge/netfilter/ebtable_filter.o
In file included from ./include/linux/phy.h:24,
                 from ./include/net/dsa.h:19,
                 from ./include/linux/netdevice.h:44,
                 from ./include/linux/netfilter.h:14,
                 from ./include/uapi/linux/netfilter_bridge.h:8,
                 from ./include/linux/netfilter_bridge.h:4,
                 from ./include/uapi/linux/netfilter_bridge/ebtables.h:17,
                 from ./include/linux/netfilter_bridge/ebtables.h:17,
                 from net/bridge/netfilter/ebtable_filter.c:11:
./include/linux/module.h:132:6: warning: ‘init_module’ specifies less restrictive attribute than its target ‘ebtable_filter_init’: ‘cold’ [-Wmissing-attributes]
  132 |  int init_module(void) __attribute__((alias(#initfn)));
      |      ^~~~~~~~~~~
net/bridge/netfilter/ebtable_filter.c:129:1: note: in expansion of macro ‘module_init’
  129 | module_init(ebtable_filter_init);
      | ^~~~~~~~~~~
net/bridge/netfilter/ebtable_filter.c:110:19: note: ‘init_module’ target declared here
  110 | static int __init ebtable_filter_init(void)
      |                   ^~~~~~~~~~~~~~~~~~~
In file included from ./include/linux/phy.h:24,
                 from ./include/net/dsa.h:19,
                 from ./include/linux/netdevice.h:44,
                 from ./include/linux/netfilter.h:14,
                 from ./include/uapi/linux/netfilter_bridge.h:8,
                 from ./include/linux/netfilter_bridge.h:4,
                 from ./include/uapi/linux/netfilter_bridge/ebtables.h:17,
                 from ./include/linux/netfilter_bridge/ebtables.h:17,
                 from net/bridge/netfilter/ebtable_filter.c:11:
./include/linux/module.h:138:7: warning: ‘cleanup_module’ specifies less restrictive attribute than its target ‘ebtable_filter_fini’: ‘cold’ [-Wmissing-attributes]
  138 |  void cleanup_module(void) __attribute__((alias(#exitfn)));
      |       ^~~~~~~~~~~~~~
net/bridge/netfilter/ebtable_filter.c:130:1: note: in expansion of macro ‘module_exit’
  130 | module_exit(ebtable_filter_fini);
      | ^~~~~~~~~~~
net/bridge/netfilter/ebtable_filter.c:123:20: note: ‘cleanup_module’ target declared here
  123 | static void __exit ebtable_filter_fini(void)
      |                    ^~~~~~~~~~~~~~~~~~~
  CC [M]  net/bridge/netfilter/ebtable_nat.o
In file included from ./include/linux/phy.h:24,
                 from ./include/net/dsa.h:19,
                 from ./include/linux/netdevice.h:44,
                 from ./include/linux/netfilter.h:14,
                 from ./include/uapi/linux/netfilter_bridge.h:8,
                 from ./include/linux/netfilter_bridge.h:4,
                 from ./include/uapi/linux/netfilter_bridge/ebtables.h:17,
                 from ./include/linux/netfilter_bridge/ebtables.h:17,
                 from net/bridge/netfilter/ebtable_nat.c:11:
./include/linux/module.h:132:6: warning: ‘init_module’ specifies less restrictive attribute than its target ‘ebtable_nat_init’: ‘cold’ [-Wmissing-attributes]
  132 |  int init_module(void) __attribute__((alias(#initfn)));
      |      ^~~~~~~~~~~
net/bridge/netfilter/ebtable_nat.c:129:1: note: in expansion of macro ‘module_init’
  129 | module_init(ebtable_nat_init);
      | ^~~~~~~~~~~
net/bridge/netfilter/ebtable_nat.c:110:19: note: ‘init_module’ target declared here
  110 | static int __init ebtable_nat_init(void)
      |                   ^~~~~~~~~~~~~~~~
In file included from ./include/linux/phy.h:24,
                 from ./include/net/dsa.h:19,
                 from ./include/linux/netdevice.h:44,
                 from ./include/linux/netfilter.h:14,
                 from ./include/uapi/linux/netfilter_bridge.h:8,
                 from ./include/linux/netfilter_bridge.h:4,
                 from ./include/uapi/linux/netfilter_bridge/ebtables.h:17,
                 from ./include/linux/netfilter_bridge/ebtables.h:17,
                 from net/bridge/netfilter/ebtable_nat.c:11:
./include/linux/module.h:138:7: warning: ‘cleanup_module’ specifies less restrictive attribute than its target ‘ebtable_nat_fini’: ‘cold’ [-Wmissing-attributes]
  138 |  void cleanup_module(void) __attribute__((alias(#exitfn)));
      |       ^~~~~~~~~~~~~~
net/bridge/netfilter/ebtable_nat.c:130:1: note: in expansion of macro ‘module_exit’
  130 | module_exit(ebtable_nat_fini);
      | ^~~~~~~~~~~
net/bridge/netfilter/ebtable_nat.c:123:20: note: ‘cleanup_module’ target declared here
  123 | static void __exit ebtable_nat_fini(void)
      |                    ^~~~~~~~~~~~~~~~
  CC [M]  net/bridge/netfilter/ebt_802_3.o
In file included from net/bridge/netfilter/ebt_802_3.c:10:
./include/linux/module.h:132:6: warning: ‘init_module’ specifies less restrictive attribute than its target ‘ebt_802_3_init’: ‘cold’ [-Wmissing-attributes]
  132 |  int init_module(void) __attribute__((alias(#initfn)));
      |      ^~~~~~~~~~~
net/bridge/netfilter/ebt_802_3.c:69:1: note: in expansion of macro ‘module_init’
   69 | module_init(ebt_802_3_init);
      | ^~~~~~~~~~~
net/bridge/netfilter/ebt_802_3.c:59:19: note: ‘init_module’ target declared here
   59 | static int __init ebt_802_3_init(void)
      |                   ^~~~~~~~~~~~~~
In file included from net/bridge/netfilter/ebt_802_3.c:10:
./include/linux/module.h:138:7: warning: ‘cleanup_module’ specifies less restrictive attribute than its target ‘ebt_802_3_fini’: ‘cold’ [-Wmissing-attributes]
  138 |  void cleanup_module(void) __attribute__((alias(#exitfn)));
      |       ^~~~~~~~~~~~~~
net/bridge/netfilter/ebt_802_3.c:70:1: note: in expansion of macro ‘module_exit’
   70 | module_exit(ebt_802_3_fini);
      | ^~~~~~~~~~~
net/bridge/netfilter/ebt_802_3.c:64:20: note: ‘cleanup_module’ target declared here
   64 | static void __exit ebt_802_3_fini(void)
      |                    ^~~~~~~~~~~~~~
  CC [M]  net/bridge/netfilter/ebt_among.o
In file included from ./include/linux/phy.h:24,
                 from ./include/net/dsa.h:19,
                 from ./include/linux/netdevice.h:44,
                 from ./include/uapi/linux/if_arp.h:26,
                 from ./include/linux/if_arp.h:27,
                 from net/bridge/netfilter/ebt_among.c:12:
./include/linux/module.h:132:6: warning: ‘init_module’ specifies less restrictive attribute than its target ‘ebt_among_init’: ‘cold’ [-Wmissing-attributes]
  132 |  int init_module(void) __attribute__((alias(#initfn)));
      |      ^~~~~~~~~~~
net/bridge/netfilter/ebt_among.c:226:1: note: in expansion of macro ‘module_init’
  226 | module_init(ebt_among_init);
      | ^~~~~~~~~~~
net/bridge/netfilter/ebt_among.c:216:19: note: ‘init_module’ target declared here
  216 | static int __init ebt_among_init(void)
      |                   ^~~~~~~~~~~~~~
In file included from ./include/linux/phy.h:24,
                 from ./include/net/dsa.h:19,
                 from ./include/linux/netdevice.h:44,
                 from ./include/uapi/linux/if_arp.h:26,
                 from ./include/linux/if_arp.h:27,
                 from net/bridge/netfilter/ebt_among.c:12:
./include/linux/module.h:138:7: warning: ‘cleanup_module’ specifies less restrictive attribute than its target ‘ebt_among_fini’: ‘cold’ [-Wmissing-attributes]
  138 |  void cleanup_module(void) __attribute__((alias(#exitfn)));
      |       ^~~~~~~~~~~~~~
net/bridge/netfilter/ebt_among.c:227:1: note: in expansion of macro ‘module_exit’
  227 | module_exit(ebt_among_fini);
      | ^~~~~~~~~~~
net/bridge/netfilter/ebt_among.c:221:20: note: ‘cleanup_module’ target declared here
  221 | static void __exit ebt_among_fini(void)
      |                    ^~~~~~~~~~~~~~
  CC [M]  net/bridge/netfilter/ebt_arp.o
In file included from ./include/linux/phy.h:24,
                 from ./include/net/dsa.h:19,
                 from ./include/linux/netdevice.h:44,
                 from ./include/uapi/linux/if_arp.h:26,
                 from ./include/linux/if_arp.h:27,
                 from net/bridge/netfilter/ebt_arp.c:11:
./include/linux/module.h:132:6: warning: ‘init_module’ specifies less restrictive attribute than its target ‘ebt_arp_init’: ‘cold’ [-Wmissing-attributes]
  132 |  int init_module(void) __attribute__((alias(#initfn)));
      |      ^~~~~~~~~~~
net/bridge/netfilter/ebt_arp.c:134:1: note: in expansion of macro ‘module_init’
  134 | module_init(ebt_arp_init);
      | ^~~~~~~~~~~
net/bridge/netfilter/ebt_arp.c:124:19: note: ‘init_module’ target declared here
  124 | static int __init ebt_arp_init(void)
      |                   ^~~~~~~~~~~~
In file included from ./include/linux/phy.h:24,
                 from ./include/net/dsa.h:19,
                 from ./include/linux/netdevice.h:44,
                 from ./include/uapi/linux/if_arp.h:26,
                 from ./include/linux/if_arp.h:27,
                 from net/bridge/netfilter/ebt_arp.c:11:
./include/linux/module.h:138:7: warning: ‘cleanup_module’ specifies less restrictive attribute than its target ‘ebt_arp_fini’: ‘cold’ [-Wmissing-attributes]
  138 |  void cleanup_module(void) __attribute__((alias(#exitfn)));
      |       ^~~~~~~~~~~~~~
net/bridge/netfilter/ebt_arp.c:135:1: note: in expansion of macro ‘module_exit’
  135 | module_exit(ebt_arp_fini);
      | ^~~~~~~~~~~
net/bridge/netfilter/ebt_arp.c:129:20: note: ‘cleanup_module’ target declared here
  129 | static void __exit ebt_arp_fini(void)
      |                    ^~~~~~~~~~~~
  CC [M]  net/bridge/netfilter/ebt_ip.o
In file included from ./include/linux/phy.h:24,
                 from ./include/net/dsa.h:19,
                 from ./include/linux/netdevice.h:44,
                 from ./include/net/inet_sock.h:24,
                 from ./include/net/ip.h:30,
                 from net/bridge/netfilter/ebt_ip.c:15:
./include/linux/module.h:132:6: warning: ‘init_module’ specifies less restrictive attribute than its target ‘ebt_ip_init’: ‘cold’ [-Wmissing-attributes]
  132 |  int init_module(void) __attribute__((alias(#initfn)));
      |      ^~~~~~~~~~~
net/bridge/netfilter/ebt_ip.c:127:1: note: in expansion of macro ‘module_init’
  127 | module_init(ebt_ip_init);
      | ^~~~~~~~~~~
net/bridge/netfilter/ebt_ip.c:117:19: note: ‘init_module’ target declared here
  117 | static int __init ebt_ip_init(void)
      |                   ^~~~~~~~~~~
In file included from ./include/linux/phy.h:24,
                 from ./include/net/dsa.h:19,
                 from ./include/linux/netdevice.h:44,
                 from ./include/net/inet_sock.h:24,
                 from ./include/net/ip.h:30,
                 from net/bridge/netfilter/ebt_ip.c:15:
./include/linux/module.h:138:7: warning: ‘cleanup_module’ specifies less restrictive attribute than its target ‘ebt_ip_fini’: ‘cold’ [-Wmissing-attributes]
  138 |  void cleanup_module(void) __attribute__((alias(#exitfn)));
      |       ^~~~~~~~~~~~~~
net/bridge/netfilter/ebt_ip.c:128:1: note: in expansion of macro ‘module_exit’
  128 | module_exit(ebt_ip_fini);
      | ^~~~~~~~~~~
net/bridge/netfilter/ebt_ip.c:122:20: note: ‘cleanup_module’ target declared here
  122 | static void __exit ebt_ip_fini(void)
      |                    ^~~~~~~~~~~
  CC [M]  net/bridge/netfilter/ebt_ip6.o
In file included from ./include/linux/phy.h:24,
                 from ./include/net/dsa.h:19,
                 from ./include/linux/netdevice.h:44,
                 from ./include/linux/icmpv6.h:12,
                 from ./include/linux/ipv6.h:76,
                 from net/bridge/netfilter/ebt_ip6.c:16:
./include/linux/module.h:132:6: warning: ‘init_module’ specifies less restrictive attribute than its target ‘ebt_ip6_init’: ‘cold’ [-Wmissing-attributes]
  132 |  int init_module(void) __attribute__((alias(#initfn)));
      |      ^~~~~~~~~~~
net/bridge/netfilter/ebt_ip6.c:159:1: note: in expansion of macro ‘module_init’
  159 | module_init(ebt_ip6_init);
      | ^~~~~~~~~~~
net/bridge/netfilter/ebt_ip6.c:149:19: note: ‘init_module’ target declared here
  149 | static int __init ebt_ip6_init(void)
      |                   ^~~~~~~~~~~~
In file included from ./include/linux/phy.h:24,
                 from ./include/net/dsa.h:19,
                 from ./include/linux/netdevice.h:44,
                 from ./include/linux/icmpv6.h:12,
                 from ./include/linux/ipv6.h:76,
                 from net/bridge/netfilter/ebt_ip6.c:16:
./include/linux/module.h:138:7: warning: ‘cleanup_module’ specifies less restrictive attribute than its target ‘ebt_ip6_fini’: ‘cold’ [-Wmissing-attributes]
  138 |  void cleanup_module(void) __attribute__((alias(#exitfn)));
      |       ^~~~~~~~~~~~~~
net/bridge/netfilter/ebt_ip6.c:160:1: note: in expansion of macro ‘module_exit’
  160 | module_exit(ebt_ip6_fini);
      | ^~~~~~~~~~~
net/bridge/netfilter/ebt_ip6.c:154:20: note: ‘cleanup_module’ target declared here
  154 | static void __exit ebt_ip6_fini(void)
      |                    ^~~~~~~~~~~~
  CC [M]  net/bridge/netfilter/ebt_limit.o
In file included from net/bridge/netfilter/ebt_limit.c:14:
./include/linux/module.h:132:6: warning: ‘init_module’ specifies less restrictive attribute than its target ‘ebt_limit_init’: ‘cold’ [-Wmissing-attributes]
  132 |  int init_module(void) __attribute__((alias(#initfn)));
      |      ^~~~~~~~~~~
net/bridge/netfilter/ebt_limit.c:124:1: note: in expansion of macro ‘module_init’
  124 | module_init(ebt_limit_init);
      | ^~~~~~~~~~~
net/bridge/netfilter/ebt_limit.c:114:19: note: ‘init_module’ target declared here
  114 | static int __init ebt_limit_init(void)
      |                   ^~~~~~~~~~~~~~
In file included from net/bridge/netfilter/ebt_limit.c:14:
./include/linux/module.h:138:7: warning: ‘cleanup_module’ specifies less restrictive attribute than its target ‘ebt_limit_fini’: ‘cold’ [-Wmissing-attributes]
  138 |  void cleanup_module(void) __attribute__((alias(#exitfn)));
      |       ^~~~~~~~~~~~~~
net/bridge/netfilter/ebt_limit.c:125:1: note: in expansion of macro ‘module_exit’
  125 | module_exit(ebt_limit_fini);
      | ^~~~~~~~~~~
net/bridge/netfilter/ebt_limit.c:119:20: note: ‘cleanup_module’ target declared here
  119 | static void __exit ebt_limit_fini(void)
      |                    ^~~~~~~~~~~~~~
  CC [M]  net/bridge/netfilter/ebt_mark_m.o
In file included from net/bridge/netfilter/ebt_mark_m.c:10:
./include/linux/module.h:132:6: warning: ‘init_module’ specifies less restrictive attribute than its target ‘ebt_mark_m_init’: ‘cold’ [-Wmissing-attributes]
  132 |  int init_module(void) __attribute__((alias(#initfn)));
      |      ^~~~~~~~~~~
net/bridge/netfilter/ebt_mark_m.c:95:1: note: in expansion of macro ‘module_init’
   95 | module_init(ebt_mark_m_init);
      | ^~~~~~~~~~~
net/bridge/netfilter/ebt_mark_m.c:85:19: note: ‘init_module’ target declared here
   85 | static int __init ebt_mark_m_init(void)
      |                   ^~~~~~~~~~~~~~~
In file included from net/bridge/netfilter/ebt_mark_m.c:10:
./include/linux/module.h:138:7: warning: ‘cleanup_module’ specifies less restrictive attribute than its target ‘ebt_mark_m_fini’: ‘cold’ [-Wmissing-attributes]
  138 |  void cleanup_module(void) __attribute__((alias(#exitfn)));
      |       ^~~~~~~~~~~~~~
net/bridge/netfilter/ebt_mark_m.c:96:1: note: in expansion of macro ‘module_exit’
   96 | module_exit(ebt_mark_m_fini);
      | ^~~~~~~~~~~
net/bridge/netfilter/ebt_mark_m.c:90:20: note: ‘cleanup_module’ target declared here
   90 | static void __exit ebt_mark_m_fini(void)
      |                    ^~~~~~~~~~~~~~~
  CC [M]  net/bridge/netfilter/ebt_pkttype.o
In file included from net/bridge/netfilter/ebt_pkttype.c:10:
./include/linux/module.h:132:6: warning: ‘init_module’ specifies less restrictive attribute than its target ‘ebt_pkttype_init’: ‘cold’ [-Wmissing-attributes]
  132 |  int init_module(void) __attribute__((alias(#initfn)));
      |      ^~~~~~~~~~~
net/bridge/netfilter/ebt_pkttype.c:53:1: note: in expansion of macro ‘module_init’
   53 | module_init(ebt_pkttype_init);
      | ^~~~~~~~~~~
net/bridge/netfilter/ebt_pkttype.c:43:19: note: ‘init_module’ target declared here
   43 | static int __init ebt_pkttype_init(void)
      |                   ^~~~~~~~~~~~~~~~
In file included from net/bridge/netfilter/ebt_pkttype.c:10:
./include/linux/module.h:138:7: warning: ‘cleanup_module’ specifies less restrictive attribute than its target ‘ebt_pkttype_fini’: ‘cold’ [-Wmissing-attributes]
  138 |  void cleanup_module(void) __attribute__((alias(#exitfn)));
      |       ^~~~~~~~~~~~~~
net/bridge/netfilter/ebt_pkttype.c:54:1: note: in expansion of macro ‘module_exit’
   54 | module_exit(ebt_pkttype_fini);
      | ^~~~~~~~~~~
net/bridge/netfilter/ebt_pkttype.c:48:20: note: ‘cleanup_module’ target declared here
   48 | static void __exit ebt_pkttype_fini(void)
      |                    ^~~~~~~~~~~~~~~~
  CC [M]  net/bridge/netfilter/ebt_stp.o
In file included from ./include/linux/phy.h:24,
                 from ./include/net/dsa.h:19,
                 from ./include/linux/netdevice.h:44,
                 from ./include/linux/etherdevice.h:26,
                 from net/bridge/netfilter/ebt_stp.c:10:
./include/linux/module.h:132:6: warning: ‘init_module’ specifies less restrictive attribute than its target ‘ebt_stp_init’: ‘cold’ [-Wmissing-attributes]
  132 |  int init_module(void) __attribute__((alias(#initfn)));
      |      ^~~~~~~~~~~
net/bridge/netfilter/ebt_stp.c:193:1: note: in expansion of macro ‘module_init’
  193 | module_init(ebt_stp_init);
      | ^~~~~~~~~~~
net/bridge/netfilter/ebt_stp.c:183:19: note: ‘init_module’ target declared here
  183 | static int __init ebt_stp_init(void)
      |                   ^~~~~~~~~~~~
In file included from ./include/linux/phy.h:24,
                 from ./include/net/dsa.h:19,
                 from ./include/linux/netdevice.h:44,
                 from ./include/linux/etherdevice.h:26,
                 from net/bridge/netfilter/ebt_stp.c:10:
./include/linux/module.h:138:7: warning: ‘cleanup_module’ specifies less restrictive attribute than its target ‘ebt_stp_fini’: ‘cold’ [-Wmissing-attributes]
  138 |  void cleanup_module(void) __attribute__((alias(#exitfn)));
      |       ^~~~~~~~~~~~~~
net/bridge/netfilter/ebt_stp.c:194:1: note: in expansion of macro ‘module_exit’
  194 | module_exit(ebt_stp_fini);
      | ^~~~~~~~~~~
net/bridge/netfilter/ebt_stp.c:188:20: note: ‘cleanup_module’ target declared here
  188 | static void __exit ebt_stp_fini(void)
      |                    ^~~~~~~~~~~~
  CC [M]  net/bridge/netfilter/ebt_vlan.o
In file included from ./include/linux/phy.h:24,
                 from ./include/net/dsa.h:19,
                 from ./include/linux/netdevice.h:44,
                 from ./include/linux/if_vlan.h:15,
                 from net/bridge/netfilter/ebt_vlan.c:21:
./include/linux/module.h:132:6: warning: ‘init_module’ specifies less restrictive attribute than its target ‘ebt_vlan_init’: ‘cold’ [-Wmissing-attributes]
  132 |  int init_module(void) __attribute__((alias(#initfn)));
      |      ^~~~~~~~~~~
net/bridge/netfilter/ebt_vlan.c:184:1: note: in expansion of macro ‘module_init’
  184 | module_init(ebt_vlan_init);
      | ^~~~~~~~~~~
net/bridge/netfilter/ebt_vlan.c:173:19: note: ‘init_module’ target declared here
  173 | static int __init ebt_vlan_init(void)
      |                   ^~~~~~~~~~~~~
In file included from ./include/linux/phy.h:24,
                 from ./include/net/dsa.h:19,
                 from ./include/linux/netdevice.h:44,
                 from ./include/linux/if_vlan.h:15,
                 from net/bridge/netfilter/ebt_vlan.c:21:
./include/linux/module.h:138:7: warning: ‘cleanup_module’ specifies less restrictive attribute than its target ‘ebt_vlan_fini’: ‘cold’ [-Wmissing-attributes]
  138 |  void cleanup_module(void) __attribute__((alias(#exitfn)));
      |       ^~~~~~~~~~~~~~
net/bridge/netfilter/ebt_vlan.c:185:1: note: in expansion of macro ‘module_exit’
  185 | module_exit(ebt_vlan_fini);
      | ^~~~~~~~~~~
net/bridge/netfilter/ebt_vlan.c:179:20: note: ‘cleanup_module’ target declared here
  179 | static void __exit ebt_vlan_fini(void)
      |                    ^~~~~~~~~~~~~
  CC [M]  net/bridge/netfilter/ebt_arpreply.o
In file included from ./include/linux/phy.h:24,
                 from ./include/net/dsa.h:19,
                 from ./include/linux/netdevice.h:44,
                 from ./include/uapi/linux/if_arp.h:26,
                 from ./include/linux/if_arp.h:27,
                 from net/bridge/netfilter/ebt_arpreply.c:11:
./include/linux/module.h:132:6: warning: ‘init_module’ specifies less restrictive attribute than its target ‘ebt_arpreply_init’: ‘cold’ [-Wmissing-attributes]
  132 |  int init_module(void) __attribute__((alias(#initfn)));
      |      ^~~~~~~~~~~
net/bridge/netfilter/ebt_arpreply.c:95:1: note: in expansion of macro ‘module_init’
   95 | module_init(ebt_arpreply_init);
      | ^~~~~~~~~~~
net/bridge/netfilter/ebt_arpreply.c:85:19: note: ‘init_module’ target declared here
   85 | static int __init ebt_arpreply_init(void)
      |                   ^~~~~~~~~~~~~~~~~
In file included from ./include/linux/phy.h:24,
                 from ./include/net/dsa.h:19,
                 from ./include/linux/netdevice.h:44,
                 from ./include/uapi/linux/if_arp.h:26,
                 from ./include/linux/if_arp.h:27,
                 from net/bridge/netfilter/ebt_arpreply.c:11:
./include/linux/module.h:138:7: warning: ‘cleanup_module’ specifies less restrictive attribute than its target ‘ebt_arpreply_fini’: ‘cold’ [-Wmissing-attributes]
  138 |  void cleanup_module(void) __attribute__((alias(#exitfn)));
      |       ^~~~~~~~~~~~~~
net/bridge/netfilter/ebt_arpreply.c:96:1: note: in expansion of macro ‘module_exit’
   96 | module_exit(ebt_arpreply_fini);
      | ^~~~~~~~~~~
net/bridge/netfilter/ebt_arpreply.c:90:20: note: ‘cleanup_module’ target declared here
   90 | static void __exit ebt_arpreply_fini(void)
      |                    ^~~~~~~~~~~~~~~~~
  CC [M]  net/bridge/netfilter/ebt_mark.o
In file included from net/bridge/netfilter/ebt_mark.c:16:
./include/linux/module.h:132:6: warning: ‘init_module’ specifies less restrictive attribute than its target ‘ebt_mark_init’: ‘cold’ [-Wmissing-attributes]
  132 |  int init_module(void) __attribute__((alias(#initfn)));
      |      ^~~~~~~~~~~
net/bridge/netfilter/ebt_mark.c:107:1: note: in expansion of macro ‘module_init’
  107 | module_init(ebt_mark_init);
      | ^~~~~~~~~~~
net/bridge/netfilter/ebt_mark.c:97:19: note: ‘init_module’ target declared here
   97 | static int __init ebt_mark_init(void)
      |                   ^~~~~~~~~~~~~
In file included from net/bridge/netfilter/ebt_mark.c:16:
./include/linux/module.h:138:7: warning: ‘cleanup_module’ specifies less restrictive attribute than its target ‘ebt_mark_fini’: ‘cold’ [-Wmissing-attributes]
  138 |  void cleanup_module(void) __attribute__((alias(#exitfn)));
      |       ^~~~~~~~~~~~~~
net/bridge/netfilter/ebt_mark.c:108:1: note: in expansion of macro ‘module_exit’
  108 | module_exit(ebt_mark_fini);
      | ^~~~~~~~~~~
net/bridge/netfilter/ebt_mark.c:102:20: note: ‘cleanup_module’ target declared here
  102 | static void __exit ebt_mark_fini(void)
      |                    ^~~~~~~~~~~~~
  CC [M]  net/bridge/netfilter/ebt_dnat.o
In file included from net/bridge/netfilter/ebt_dnat.c:10:
./include/linux/module.h:132:6: warning: ‘init_module’ specifies less restrictive attribute than its target ‘ebt_dnat_init’: ‘cold’ [-Wmissing-attributes]
  132 |  int init_module(void) __attribute__((alias(#initfn)));
      |      ^~~~~~~~~~~
net/bridge/netfilter/ebt_dnat.c:71:1: note: in expansion of macro ‘module_init’
   71 | module_init(ebt_dnat_init);
      | ^~~~~~~~~~~
net/bridge/netfilter/ebt_dnat.c:61:19: note: ‘init_module’ target declared here
   61 | static int __init ebt_dnat_init(void)
      |                   ^~~~~~~~~~~~~
In file included from net/bridge/netfilter/ebt_dnat.c:10:
./include/linux/module.h:138:7: warning: ‘cleanup_module’ specifies less restrictive attribute than its target ‘ebt_dnat_fini’: ‘cold’ [-Wmissing-attributes]
  138 |  void cleanup_module(void) __attribute__((alias(#exitfn)));
      |       ^~~~~~~~~~~~~~
net/bridge/netfilter/ebt_dnat.c:72:1: note: in expansion of macro ‘module_exit’
   72 | module_exit(ebt_dnat_fini);
      | ^~~~~~~~~~~
net/bridge/netfilter/ebt_dnat.c:66:20: note: ‘cleanup_module’ target declared here
   66 | static void __exit ebt_dnat_fini(void)
      |                    ^~~~~~~~~~~~~
  CC [M]  net/bridge/netfilter/ebt_redirect.o
In file included from net/bridge/netfilter/ebt_redirect.c:10:
./include/linux/module.h:132:6: warning: ‘init_module’ specifies less restrictive attribute than its target ‘ebt_redirect_init’: ‘cold’ [-Wmissing-attributes]
  132 |  int init_module(void) __attribute__((alias(#initfn)));
      |      ^~~~~~~~~~~
net/bridge/netfilter/ebt_redirect.c:77:1: note: in expansion of macro ‘module_init’
   77 | module_init(ebt_redirect_init);
      | ^~~~~~~~~~~
net/bridge/netfilter/ebt_redirect.c:67:19: note: ‘init_module’ target declared here
   67 | static int __init ebt_redirect_init(void)
      |                   ^~~~~~~~~~~~~~~~~
In file included from net/bridge/netfilter/ebt_redirect.c:10:
./include/linux/module.h:138:7: warning: ‘cleanup_module’ specifies less restrictive attribute than its target ‘ebt_redirect_fini’: ‘cold’ [-Wmissing-attributes]
  138 |  void cleanup_module(void) __attribute__((alias(#exitfn)));
      |       ^~~~~~~~~~~~~~
net/bridge/netfilter/ebt_redirect.c:78:1: note: in expansion of macro ‘module_exit’
   78 | module_exit(ebt_redirect_fini);
      | ^~~~~~~~~~~
net/bridge/netfilter/ebt_redirect.c:72:20: note: ‘cleanup_module’ target declared here
   72 | static void __exit ebt_redirect_fini(void)
      |                    ^~~~~~~~~~~~~~~~~
  CC [M]  net/bridge/netfilter/ebt_snat.o
In file included from net/bridge/netfilter/ebt_snat.c:10:
./include/linux/module.h:132:6: warning: ‘init_module’ specifies less restrictive attribute than its target ‘ebt_snat_init’: ‘cold’ [-Wmissing-attributes]
  132 |  int init_module(void) __attribute__((alias(#initfn)));
      |      ^~~~~~~~~~~
net/bridge/netfilter/ebt_snat.c:84:1: note: in expansion of macro ‘module_init’
   84 | module_init(ebt_snat_init);
      | ^~~~~~~~~~~
net/bridge/netfilter/ebt_snat.c:74:19: note: ‘init_module’ target declared here
   74 | static int __init ebt_snat_init(void)
      |                   ^~~~~~~~~~~~~
In file included from net/bridge/netfilter/ebt_snat.c:10:
./include/linux/module.h:138:7: warning: ‘cleanup_module’ specifies less restrictive attribute than its target ‘ebt_snat_fini’: ‘cold’ [-Wmissing-attributes]
  138 |  void cleanup_module(void) __attribute__((alias(#exitfn)));
      |       ^~~~~~~~~~~~~~
net/bridge/netfilter/ebt_snat.c:85:1: note: in expansion of macro ‘module_exit’
   85 | module_exit(ebt_snat_fini);
      | ^~~~~~~~~~~
net/bridge/netfilter/ebt_snat.c:79:20: note: ‘cleanup_module’ target declared here
   79 | static void __exit ebt_snat_fini(void)
      |                    ^~~~~~~~~~~~~
  CC [M]  net/bridge/netfilter/ebt_log.o
In file included from net/bridge/netfilter/ebt_log.c:11:
./include/linux/module.h:132:6: warning: ‘init_module’ specifies less restrictive attribute than its target ‘ebt_log_init’: ‘cold’ [-Wmissing-attributes]
  132 |  int init_module(void) __attribute__((alias(#initfn)));
      |      ^~~~~~~~~~~
net/bridge/netfilter/ebt_log.c:221:1: note: in expansion of macro ‘module_init’
  221 | module_init(ebt_log_init);
      | ^~~~~~~~~~~
net/bridge/netfilter/ebt_log.c:211:19: note: ‘init_module’ target declared here
  211 | static int __init ebt_log_init(void)
      |                   ^~~~~~~~~~~~
In file included from net/bridge/netfilter/ebt_log.c:11:
./include/linux/module.h:138:7: warning: ‘cleanup_module’ specifies less restrictive attribute than its target ‘ebt_log_fini’: ‘cold’ [-Wmissing-attributes]
  138 |  void cleanup_module(void) __attribute__((alias(#exitfn)));
      |       ^~~~~~~~~~~~~~
net/bridge/netfilter/ebt_log.c:222:1: note: in expansion of macro ‘module_exit’
  222 | module_exit(ebt_log_fini);
      | ^~~~~~~~~~~
net/bridge/netfilter/ebt_log.c:216:20: note: ‘cleanup_module’ target declared here
  216 | static void __exit ebt_log_fini(void)
      |                    ^~~~~~~~~~~~
  CC [M]  net/bridge/netfilter/ebt_nflog.o
In file included from net/bridge/netfilter/ebt_nflog.c:15:
./include/linux/module.h:132:6: warning: ‘init_module’ specifies less restrictive attribute than its target ‘ebt_nflog_init’: ‘cold’ [-Wmissing-attributes]
  132 |  int init_module(void) __attribute__((alias(#initfn)));
      |      ^~~~~~~~~~~
net/bridge/netfilter/ebt_nflog.c:69:1: note: in expansion of macro ‘module_init’
   69 | module_init(ebt_nflog_init);
      | ^~~~~~~~~~~
net/bridge/netfilter/ebt_nflog.c:59:19: note: ‘init_module’ target declared here
   59 | static int __init ebt_nflog_init(void)
      |                   ^~~~~~~~~~~~~~
In file included from net/bridge/netfilter/ebt_nflog.c:15:
./include/linux/module.h:138:7: warning: ‘cleanup_module’ specifies less restrictive attribute than its target ‘ebt_nflog_fini’: ‘cold’ [-Wmissing-attributes]
  138 |  void cleanup_module(void) __attribute__((alias(#exitfn)));
      |       ^~~~~~~~~~~~~~
net/bridge/netfilter/ebt_nflog.c:70:1: note: in expansion of macro ‘module_exit’
   70 | module_exit(ebt_nflog_fini);
      | ^~~~~~~~~~~
net/bridge/netfilter/ebt_nflog.c:64:20: note: ‘cleanup_module’ target declared here
   64 | static void __exit ebt_nflog_fini(void)
      |                    ^~~~~~~~~~~~~~
  LD      net/bridge/built-in.o
  CC [M]  net/bridge/br.o
In file included from net/bridge/br.c:14:
./include/linux/module.h:132:6: warning: ‘init_module’ specifies less restrictive attribute than its target ‘br_init’: ‘cold’ [-Wmissing-attributes]
  132 |  int init_module(void) __attribute__((alias(#initfn)));
      |      ^~~~~~~~~~~
net/bridge/br.c:271:1: note: in expansion of macro ‘module_init’
  271 | module_init(br_init)
      | ^~~~~~~~~~~
net/bridge/br.c:188:19: note: ‘init_module’ target declared here
  188 | static int __init br_init(void)
      |                   ^~~~~~~
In file included from net/bridge/br.c:14:
./include/linux/module.h:138:7: warning: ‘cleanup_module’ specifies less restrictive attribute than its target ‘br_deinit’: ‘cold’ [-Wmissing-attributes]
  138 |  void cleanup_module(void) __attribute__((alias(#exitfn)));
      |       ^~~~~~~~~~~~~~
net/bridge/br.c:272:1: note: in expansion of macro ‘module_exit’
  272 | module_exit(br_deinit)
      | ^~~~~~~~~~~
net/bridge/br.c:253:20: note: ‘cleanup_module’ target declared here
  253 | static void __exit br_deinit(void)
      |                    ^~~~~~~~~
  CC [M]  net/bridge/br_device.o
  CC [M]  net/bridge/br_fdb.o
  CC [M]  net/bridge/br_forward.o
  CC [M]  net/bridge/br_if.o
  CC [M]  net/bridge/br_input.o
  CC [M]  net/bridge/br_ioctl.o
  CC [M]  net/bridge/br_stp.o
  CC [M]  net/bridge/br_stp_bpdu.o
  CC [M]  net/bridge/br_stp_if.o
  CC [M]  net/bridge/br_stp_timer.o
  CC [M]  net/bridge/br_netlink.o
  CC [M]  net/bridge/br_sysfs_if.o
  CC [M]  net/bridge/br_sysfs_br.o
  CC [M]  net/bridge/br_nf_core.o
  CC [M]  net/bridge/br_multicast.o
  CC [M]  net/bridge/br_mdb.o
  LD [M]  net/bridge/bridge.o
  CC [M]  net/bridge/br_netfilter_hooks.o
In file included from net/bridge/br_netfilter_hooks.c:17:
./include/linux/module.h:132:6: warning: ‘init_module’ specifies less restrictive attribute than its target ‘br_netfilter_init’: ‘cold’ [-Wmissing-attributes]
  132 |  int init_module(void) __attribute__((alias(#initfn)));
      |      ^~~~~~~~~~~
net/bridge/br_netfilter_hooks.c:1111:1: note: in expansion of macro ‘module_init’
 1111 | module_init(br_netfilter_init);
      | ^~~~~~~~~~~
net/bridge/br_netfilter_hooks.c:1072:19: note: ‘init_module’ target declared here
 1072 | static int __init br_netfilter_init(void)
      |                   ^~~~~~~~~~~~~~~~~
In file included from net/bridge/br_netfilter_hooks.c:17:
./include/linux/module.h:138:7: warning: ‘cleanup_module’ specifies less restrictive attribute than its target ‘br_netfilter_fini’: ‘cold’ [-Wmissing-attributes]
  138 |  void cleanup_module(void) __attribute__((alias(#exitfn)));
      |       ^~~~~~~~~~~~~~
net/bridge/br_netfilter_hooks.c:1112:1: note: in expansion of macro ‘module_exit’
 1112 | module_exit(br_netfilter_fini);
      | ^~~~~~~~~~~
net/bridge/br_netfilter_hooks.c:1101:20: note: ‘cleanup_module’ target declared here
 1101 | static void __exit br_netfilter_fini(void)
      |                    ^~~~~~~~~~~~~~~~~
  CC [M]  net/bridge/br_netfilter_ipv6.o
  LD [M]  net/bridge/br_netfilter.o
  LD      net/can/built-in.o
  CC [M]  net/can/af_can.o
In file included from net/can/af_can.c:43:
./include/linux/module.h:132:6: warning: ‘init_module’ specifies less restrictive attribute than its target ‘can_init’: ‘cold’ [-Wmissing-attributes]
  132 |  int init_module(void) __attribute__((alias(#initfn)));
      |      ^~~~~~~~~~~
net/can/af_can.c:974:1: note: in expansion of macro ‘module_init’
  974 | module_init(can_init);
      | ^~~~~~~~~~~
net/can/af_can.c:903:19: note: ‘init_module’ target declared here
  903 | static __init int can_init(void)
      |                   ^~~~~~~~
In file included from net/can/af_can.c:43:
./include/linux/module.h:138:7: warning: ‘cleanup_module’ specifies less restrictive attribute than its target ‘can_exit’: ‘cold’ [-Wmissing-attributes]
  138 |  void cleanup_module(void) __attribute__((alias(#exitfn)));
      |       ^~~~~~~~~~~~~~
net/can/af_can.c:975:1: note: in expansion of macro ‘module_exit’
  975 | module_exit(can_exit);
      | ^~~~~~~~~~~
net/can/af_can.c:938:20: note: ‘cleanup_module’ target declared here
  938 | static __exit void can_exit(void)
      |                    ^~~~~~~~
  CC [M]  net/can/proc.o
  LD [M]  net/can/can.o
  CC [M]  net/can/raw.o
In file included from net/can/raw.c:42:
./include/linux/module.h:132:6: warning: ‘init_module’ specifies less restrictive attribute than its target ‘raw_module_init’: ‘cold’ [-Wmissing-attributes]
  132 |  int init_module(void) __attribute__((alias(#initfn)));
      |      ^~~~~~~~~~~
net/can/raw.c:878:1: note: in expansion of macro ‘module_init’
  878 | module_init(raw_module_init);
      | ^~~~~~~~~~~
net/can/raw.c:860:19: note: ‘init_module’ target declared here
  860 | static __init int raw_module_init(void)
      |                   ^~~~~~~~~~~~~~~
In file included from net/can/raw.c:42:
./include/linux/module.h:138:7: warning: ‘cleanup_module’ specifies less restrictive attribute than its target ‘raw_module_exit’: ‘cold’ [-Wmissing-attributes]
  138 |  void cleanup_module(void) __attribute__((alias(#exitfn)));
      |       ^~~~~~~~~~~~~~
net/can/raw.c:879:1: note: in expansion of macro ‘module_exit’
  879 | module_exit(raw_module_exit);
      | ^~~~~~~~~~~
net/can/raw.c:873:20: note: ‘cleanup_module’ target declared here
  873 | static __exit void raw_module_exit(void)
      |                    ^~~~~~~~~~~~~~~
  LD [M]  net/can/can-raw.o
  CC [M]  net/can/bcm.o
In file included from net/can/bcm.c:42:
./include/linux/module.h:132:6: warning: ‘init_module’ specifies less restrictive attribute than its target ‘bcm_module_init’: ‘cold’ [-Wmissing-attributes]
  132 |  int init_module(void) __attribute__((alias(#initfn)));
      |      ^~~~~~~~~~~
net/can/bcm.c:1714:1: note: in expansion of macro ‘module_init’
 1714 | module_init(bcm_module_init);
      | ^~~~~~~~~~~
net/can/bcm.c:1689:19: note: ‘init_module’ target declared here
 1689 | static int __init bcm_module_init(void)
      |                   ^~~~~~~~~~~~~~~
In file included from net/can/bcm.c:42:
./include/linux/module.h:138:7: warning: ‘cleanup_module’ specifies less restrictive attribute than its target ‘bcm_module_exit’: ‘cold’ [-Wmissing-attributes]
  138 |  void cleanup_module(void) __attribute__((alias(#exitfn)));
      |       ^~~~~~~~~~~~~~
net/can/bcm.c:1715:1: note: in expansion of macro ‘module_exit’
 1715 | module_exit(bcm_module_exit);
      | ^~~~~~~~~~~
net/can/bcm.c:1706:20: note: ‘cleanup_module’ target declared here
 1706 | static void __exit bcm_module_exit(void)
      |                    ^~~~~~~~~~~~~~~
  LD [M]  net/can/can-bcm.o
  CC [M]  net/can/gw.o
net/can/gw.c: In function ‘cgw_parse_attr’:
net/can/gw.c:660:35: warning: taking address of packed member of ‘struct cgw_frame_mod’ may result in an unaligned pointer value [-Waddress-of-packed-member]
  660 |   canframecpy(&mod->modframe.and, &mb.cf);
      |                                   ^~~~~~
net/can/gw.c:676:34: warning: taking address of packed member of ‘struct cgw_frame_mod’ may result in an unaligned pointer value [-Waddress-of-packed-member]
  676 |   canframecpy(&mod->modframe.or, &mb.cf);
      |                                  ^~~~~~
net/can/gw.c:692:35: warning: taking address of packed member of ‘struct cgw_frame_mod’ may result in an unaligned pointer value [-Waddress-of-packed-member]
  692 |   canframecpy(&mod->modframe.xor, &mb.cf);
      |                                   ^~~~~~
net/can/gw.c:708:35: warning: taking address of packed member of ‘struct cgw_frame_mod’ may result in an unaligned pointer value [-Waddress-of-packed-member]
  708 |   canframecpy(&mod->modframe.set, &mb.cf);
      |                                   ^~~~~~
In file included from net/can/gw.c:42:
net/can/gw.c: At top level:
./include/linux/module.h:132:6: warning: ‘init_module’ specifies less restrictive attribute than its target ‘cgw_module_init’: ‘cold’ [-Wmissing-attributes]
  132 |  int init_module(void) __attribute__((alias(#initfn)));
      |      ^~~~~~~~~~~
net/can/gw.c:1041:1: note: in expansion of macro ‘module_init’
 1041 | module_init(cgw_module_init);
      | ^~~~~~~~~~~
net/can/gw.c:995:19: note: ‘init_module’ target declared here
  995 | static __init int cgw_module_init(void)
      |                   ^~~~~~~~~~~~~~~
In file included from net/can/gw.c:42:
./include/linux/module.h:138:7: warning: ‘cleanup_module’ specifies less restrictive attribute than its target ‘cgw_module_exit’: ‘cold’ [-Wmissing-attributes]
  138 |  void cleanup_module(void) __attribute__((alias(#exitfn)));
      |       ^~~~~~~~~~~~~~
net/can/gw.c:1042:1: note: in expansion of macro ‘module_exit’
 1042 | module_exit(cgw_module_exit);
      | ^~~~~~~~~~~
net/can/gw.c:1026:20: note: ‘cleanup_module’ target declared here
 1026 | static __exit void cgw_module_exit(void)
      |                    ^~~~~~~~~~~~~~~
  LD [M]  net/can/can-gw.o
  CC      net/core/sock.o
  CC      net/core/request_sock.o
  CC      net/core/skbuff.o
  CC      net/core/datagram.o
  CC      net/core/stream.o
  CC      net/core/scm.o
  CC      net/core/gen_stats.o
  CC      net/core/gen_estimator.o
  CC      net/core/net_namespace.o
  CC      net/core/secure_seq.o
  CC      net/core/flow_dissector.o
  CC      net/core/sysctl_net_core.o
  CC      net/core/dev.o
  CC      net/core/ethtool.o
  CC      net/core/dev_addr_lists.o
  CC      net/core/dst.o
  CC      net/core/netevent.o
  CC      net/core/neighbour.o
  CC      net/core/rtnetlink.o
  CC      net/core/utils.o
  CC      net/core/link_watch.o
  CC      net/core/filter.o
  CC      net/core/sock_diag.o
  CC      net/core/dev_ioctl.o
  CC      net/core/tso.o
  CC      net/core/sock_reuseport.o
  CC      net/core/flow.o
  CC      net/core/net-sysfs.o
  CC      net/core/net-procfs.o
  CC      net/core/netpoll.o
  CC      net/core/fib_rules.o
  CC      net/core/net-traces.o
  CC      net/core/netclassid_cgroup.o
  CC      net/core/dst_cache.o
  LD      net/core/built-in.o
  CC [M]  net/core/pktgen.o
In file included from net/core/pktgen.c:124:
./include/linux/module.h:132:6: warning: ‘init_module’ specifies less restrictive attribute than its target ‘pg_init’: ‘cold’ [-Wmissing-attributes]
  132 |  int init_module(void) __attribute__((alias(#initfn)));
      |      ^~~~~~~~~~~
net/core/pktgen.c:3961:1: note: in expansion of macro ‘module_init’
 3961 | module_init(pg_init);
      | ^~~~~~~~~~~
net/core/pktgen.c:3939:19: note: ‘init_module’ target declared here
 3939 | static int __init pg_init(void)
      |                   ^~~~~~~
In file included from net/core/pktgen.c:124:
./include/linux/module.h:138:7: warning: ‘cleanup_module’ specifies less restrictive attribute than its target ‘pg_cleanup’: ‘cold’ [-Wmissing-attributes]
  138 |  void cleanup_module(void) __attribute__((alias(#exitfn)));
      |       ^~~~~~~~~~~~~~
net/core/pktgen.c:3962:1: note: in expansion of macro ‘module_exit’
 3962 | module_exit(pg_cleanup);
      | ^~~~~~~~~~~
net/core/pktgen.c:3954:20: note: ‘cleanup_module’ target declared here
 3954 | static void __exit pg_cleanup(void)
      |                    ^~~~~~~~~~
  CC      net/dns_resolver/dns_key.o
  CC      net/dns_resolver/dns_query.o
  LD      net/dns_resolver/dns_resolver.o
  LD      net/dns_resolver/built-in.o
  CC      net/ethernet/eth.o
  LD      net/ethernet/built-in.o
  LD      net/ieee802154/6lowpan/built-in.o
  CC [M]  net/ieee802154/6lowpan/core.o
In file included from net/ieee802154/6lowpan/core.c:47:
./include/linux/module.h:132:6: warning: ‘init_module’ specifies less restrictive attribute than its target ‘lowpan_init_module’: ‘cold’ [-Wmissing-attributes]
  132 |  int init_module(void) __attribute__((alias(#initfn)));
      |      ^~~~~~~~~~~
net/ieee802154/6lowpan/core.c:267:1: note: in expansion of macro ‘module_init’
  267 | module_init(lowpan_init_module);
      | ^~~~~~~~~~~
net/ieee802154/6lowpan/core.c:232:19: note: ‘init_module’ target declared here
  232 | static int __init lowpan_init_module(void)
      |                   ^~~~~~~~~~~~~~~~~~
In file included from net/ieee802154/6lowpan/core.c:47:
./include/linux/module.h:138:7: warning: ‘cleanup_module’ specifies less restrictive attribute than its target ‘lowpan_cleanup_module’: ‘cold’ [-Wmissing-attributes]
  138 |  void cleanup_module(void) __attribute__((alias(#exitfn)));
      |       ^~~~~~~~~~~~~~
net/ieee802154/6lowpan/core.c:268:1: note: in expansion of macro ‘module_exit’
  268 | module_exit(lowpan_cleanup_module);
      | ^~~~~~~~~~~
net/ieee802154/6lowpan/core.c:258:20: note: ‘cleanup_module’ target declared here
  258 | static void __exit lowpan_cleanup_module(void)
      |                    ^~~~~~~~~~~~~~~~~~~~~
  CC [M]  net/ieee802154/6lowpan/rx.o
  CC [M]  net/ieee802154/6lowpan/reassembly.o
  CC [M]  net/ieee802154/6lowpan/tx.o
  LD [M]  net/ieee802154/6lowpan/ieee802154_6lowpan.o
  LD      net/ieee802154/built-in.o
  CC [M]  net/ieee802154/netlink.o
  CC [M]  net/ieee802154/nl-mac.o
  CC [M]  net/ieee802154/nl-phy.o
  CC [M]  net/ieee802154/nl_policy.o
  CC [M]  net/ieee802154/core.o
In file included from net/ieee802154/core.c:17:
./include/linux/module.h:132:6: warning: ‘init_module’ specifies less restrictive attribute than its target ‘wpan_phy_class_init’: ‘cold’ [-Wmissing-attributes]
  132 |  int init_module(void) __attribute__((alias(#initfn)));
      |      ^~~~~~~~~~~
./include/linux/module.h:115:30: note: in expansion of macro ‘module_init’
  115 | #define subsys_initcall(fn)  module_init(fn)
      |                              ^~~~~~~~~~~
net/ieee802154/core.c:388:1: note: in expansion of macro ‘subsys_initcall’
  388 | subsys_initcall(wpan_phy_class_init);
      | ^~~~~~~~~~~~~~~
net/ieee802154/core.c:350:19: note: ‘init_module’ target declared here
  350 | static int __init wpan_phy_class_init(void)
      |                   ^~~~~~~~~~~~~~~~~~~
In file included from net/ieee802154/core.c:17:
./include/linux/module.h:138:7: warning: ‘cleanup_module’ specifies less restrictive attribute than its target ‘wpan_phy_class_exit’: ‘cold’ [-Wmissing-attributes]
  138 |  void cleanup_module(void) __attribute__((alias(#exitfn)));
      |       ^~~~~~~~~~~~~~
net/ieee802154/core.c:398:1: note: in expansion of macro ‘module_exit’
  398 | module_exit(wpan_phy_class_exit);
      | ^~~~~~~~~~~
net/ieee802154/core.c:390:20: note: ‘cleanup_module’ target declared here
  390 | static void __exit wpan_phy_class_exit(void)
      |                    ^~~~~~~~~~~~~~~~~~~
  CC [M]  net/ieee802154/header_ops.o
  CC [M]  net/ieee802154/sysfs.o
  CC [M]  net/ieee802154/nl802154.o
  CC [M]  net/ieee802154/trace.o
  LD [M]  net/ieee802154/ieee802154.o
  CC [M]  net/ieee802154/socket.o
In file included from net/ieee802154/socket.c:22:
./include/linux/module.h:132:6: warning: ‘init_module’ specifies less restrictive attribute than its target ‘af_ieee802154_init’: ‘cold’ [-Wmissing-attributes]
  132 |  int init_module(void) __attribute__((alias(#initfn)));
      |      ^~~~~~~~~~~
net/ieee802154/socket.c:1125:1: note: in expansion of macro ‘module_init’
 1125 | module_init(af_ieee802154_init);
      | ^~~~~~~~~~~
net/ieee802154/socket.c:1088:19: note: ‘init_module’ target declared here
 1088 | static int __init af_ieee802154_init(void)
      |                   ^~~~~~~~~~~~~~~~~~
In file included from net/ieee802154/socket.c:22:
./include/linux/module.h:138:7: warning: ‘cleanup_module’ specifies less restrictive attribute than its target ‘af_ieee802154_remove’: ‘cold’ [-Wmissing-attributes]
  138 |  void cleanup_module(void) __attribute__((alias(#exitfn)));
      |       ^~~~~~~~~~~~~~
net/ieee802154/socket.c:1126:1: note: in expansion of macro ‘module_exit’
 1126 | module_exit(af_ieee802154_remove);
      | ^~~~~~~~~~~
net/ieee802154/socket.c:1117:20: note: ‘cleanup_module’ target declared here
 1117 | static void __exit af_ieee802154_remove(void)
      |                    ^~~~~~~~~~~~~~~~~~~~
  LD [M]  net/ieee802154/ieee802154_socket.o
  CC      net/ipv4/route.o
  CC      net/ipv4/inetpeer.o
  CC      net/ipv4/protocol.o
  CC      net/ipv4/ip_input.o
  CC      net/ipv4/ip_fragment.o
  CC      net/ipv4/ip_forward.o
  CC      net/ipv4/ip_options.o
  CC      net/ipv4/ip_output.o
  CC      net/ipv4/ip_sockglue.o
  CC      net/ipv4/inet_hashtables.o
  CC      net/ipv4/inet_timewait_sock.o
  CC      net/ipv4/inet_connection_sock.o
  CC      net/ipv4/tcp.o
  CC      net/ipv4/tcp_input.o
  CC      net/ipv4/tcp_output.o
  CC      net/ipv4/tcp_timer.o
  CC      net/ipv4/tcp_ipv4.o
  CC      net/ipv4/tcp_minisocks.o
  CC      net/ipv4/tcp_cong.o
  CC      net/ipv4/tcp_metrics.o
  CC      net/ipv4/tcp_fastopen.o
  CC      net/ipv4/tcp_rate.o
  CC      net/ipv4/tcp_recovery.o
  CC      net/ipv4/tcp_offload.o
  CC      net/ipv4/datagram.o
  CC      net/ipv4/raw.o
  CC      net/ipv4/udp.o
  CC      net/ipv4/udplite.o
  CC      net/ipv4/udp_offload.o
  CC      net/ipv4/arp.o
  CC      net/ipv4/icmp.o
  CC      net/ipv4/devinet.o
  CC      net/ipv4/af_inet.o
  CC      net/ipv4/igmp.o
  CC      net/ipv4/fib_frontend.o
  CC      net/ipv4/fib_semantics.o
  CC      net/ipv4/fib_trie.o
  CC      net/ipv4/inet_fragment.o
  CC      net/ipv4/ping.o
  CC      net/ipv4/ip_tunnel_core.o
  CC      net/ipv4/gre_offload.o
  CC      net/ipv4/sysctl_net_ipv4.o
  CC      net/ipv4/proc.o
  CC      net/ipv4/fib_rules.o
  CC      net/ipv4/ipmr.o
  CC      net/ipv4/syncookies.o
  CC      net/ipv4/ipconfig.o
  CC      net/ipv4/netfilter.o
  LD      net/ipv4/netfilter/built-in.o
  CC [M]  net/ipv4/netfilter/nf_conntrack_l3proto_ipv4.o
In file included from ./include/linux/phy.h:24,
                 from ./include/net/dsa.h:19,
                 from ./include/linux/netdevice.h:44,
                 from ./include/linux/netfilter.h:14,
                 from net/ipv4/netfilter/nf_conntrack_l3proto_ipv4.c:13:
./include/linux/module.h:132:6: warning: ‘init_module’ specifies less restrictive attribute than its target ‘nf_conntrack_l3proto_ipv4_init’: ‘cold’ [-Wmissing-attributes]
  132 |  int init_module(void) __attribute__((alias(#initfn)));
      |      ^~~~~~~~~~~
net/ipv4/netfilter/nf_conntrack_l3proto_ipv4.c:469:1: note: in expansion of macro ‘module_init’
  469 | module_init(nf_conntrack_l3proto_ipv4_init);
      | ^~~~~~~~~~~
net/ipv4/netfilter/nf_conntrack_l3proto_ipv4.c:391:19: note: ‘init_module’ target declared here
  391 | static int __init nf_conntrack_l3proto_ipv4_init(void)
      |                   ^~~~~~~~~~~~~~~~~~~~~~~~~~~~~~
In file included from ./include/linux/phy.h:24,
                 from ./include/net/dsa.h:19,
                 from ./include/linux/netdevice.h:44,
                 from ./include/linux/netfilter.h:14,
                 from net/ipv4/netfilter/nf_conntrack_l3proto_ipv4.c:13:
./include/linux/module.h:138:7: warning: ‘cleanup_module’ specifies less restrictive attribute than its target ‘nf_conntrack_l3proto_ipv4_fini’: ‘cold’ [-Wmissing-attributes]
  138 |  void cleanup_module(void) __attribute__((alias(#exitfn)));
      |       ^~~~~~~~~~~~~~
net/ipv4/netfilter/nf_conntrack_l3proto_ipv4.c:470:1: note: in expansion of macro ‘module_exit’
  470 | module_exit(nf_conntrack_l3proto_ipv4_fini);
      | ^~~~~~~~~~~
net/ipv4/netfilter/nf_conntrack_l3proto_ipv4.c:457:20: note: ‘cleanup_module’ target declared here
  457 | static void __exit nf_conntrack_l3proto_ipv4_fini(void)
      |                    ^~~~~~~~~~~~~~~~~~~~~~~~~~~~~~
  CC [M]  net/ipv4/netfilter/nf_conntrack_proto_icmp.o
  LD [M]  net/ipv4/netfilter/nf_conntrack_ipv4.o
  CC [M]  net/ipv4/netfilter/nf_nat_l3proto_ipv4.o
In file included from net/ipv4/netfilter/nf_nat_l3proto_ipv4.c:12:
./include/linux/module.h:132:6: warning: ‘init_module’ specifies less restrictive attribute than its target ‘nf_nat_l3proto_ipv4_init’: ‘cold’ [-Wmissing-attributes]
  132 |  int init_module(void) __attribute__((alias(#initfn)));
      |      ^~~~~~~~~~~
net/ipv4/netfilter/nf_nat_l3proto_ipv4.c:462:1: note: in expansion of macro ‘module_init’
  462 | module_init(nf_nat_l3proto_ipv4_init);
      | ^~~~~~~~~~~
net/ipv4/netfilter/nf_nat_l3proto_ipv4.c:435:19: note: ‘init_module’ target declared here
  435 | static int __init nf_nat_l3proto_ipv4_init(void)
      |                   ^~~~~~~~~~~~~~~~~~~~~~~~
In file included from net/ipv4/netfilter/nf_nat_l3proto_ipv4.c:12:
./include/linux/module.h:138:7: warning: ‘cleanup_module’ specifies less restrictive attribute than its target ‘nf_nat_l3proto_ipv4_exit’: ‘cold’ [-Wmissing-attributes]
  138 |  void cleanup_module(void) __attribute__((alias(#exitfn)));
      |       ^~~~~~~~~~~~~~
net/ipv4/netfilter/nf_nat_l3proto_ipv4.c:463:1: note: in expansion of macro ‘module_exit’
  463 | module_exit(nf_nat_l3proto_ipv4_exit);
      | ^~~~~~~~~~~
net/ipv4/netfilter/nf_nat_l3proto_ipv4.c:453:20: note: ‘cleanup_module’ target declared here
  453 | static void __exit nf_nat_l3proto_ipv4_exit(void)
      |                    ^~~~~~~~~~~~~~~~~~~~~~~~
  CC [M]  net/ipv4/netfilter/nf_nat_proto_icmp.o
  LD [M]  net/ipv4/netfilter/nf_nat_ipv4.o
  CC [M]  net/ipv4/netfilter/nf_defrag_ipv4.o
In file included from ./include/linux/phy.h:24,
                 from ./include/net/dsa.h:19,
                 from ./include/linux/netdevice.h:44,
                 from ./include/linux/netfilter.h:14,
                 from net/ipv4/netfilter/nf_defrag_ipv4.c:11:
./include/linux/module.h:132:6: warning: ‘init_module’ specifies less restrictive attribute than its target ‘nf_defrag_init’: ‘cold’ [-Wmissing-attributes]
  132 |  int init_module(void) __attribute__((alias(#initfn)));
      |      ^~~~~~~~~~~
net/ipv4/netfilter/nf_defrag_ipv4.c:120:1: note: in expansion of macro ‘module_init’
  120 | module_init(nf_defrag_init);
      | ^~~~~~~~~~~
net/ipv4/netfilter/nf_defrag_ipv4.c:105:19: note: ‘init_module’ target declared here
  105 | static int __init nf_defrag_init(void)
      |                   ^~~~~~~~~~~~~~
In file included from ./include/linux/phy.h:24,
                 from ./include/net/dsa.h:19,
                 from ./include/linux/netdevice.h:44,
                 from ./include/linux/netfilter.h:14,
                 from net/ipv4/netfilter/nf_defrag_ipv4.c:11:
./include/linux/module.h:138:7: warning: ‘cleanup_module’ specifies less restrictive attribute than its target ‘nf_defrag_fini’: ‘cold’ [-Wmissing-attributes]
  138 |  void cleanup_module(void) __attribute__((alias(#exitfn)));
      |       ^~~~~~~~~~~~~~
net/ipv4/netfilter/nf_defrag_ipv4.c:121:1: note: in expansion of macro ‘module_exit’
  121 | module_exit(nf_defrag_fini);
      | ^~~~~~~~~~~
net/ipv4/netfilter/nf_defrag_ipv4.c:110:20: note: ‘cleanup_module’ target declared here
  110 | static void __exit nf_defrag_fini(void)
      |                    ^~~~~~~~~~~~~~
  CC [M]  net/ipv4/netfilter/nf_log_ipv4.o
In file included from net/ipv4/netfilter/nf_log_ipv4.c:12:
./include/linux/module.h:132:6: warning: ‘init_module’ specifies less restrictive attribute than its target ‘nf_log_ipv4_init’: ‘cold’ [-Wmissing-attributes]
  132 |  int init_module(void) __attribute__((alias(#initfn)));
      |      ^~~~~~~~~~~
net/ipv4/netfilter/nf_log_ipv4.c:390:1: note: in expansion of macro ‘module_init’
  390 | module_init(nf_log_ipv4_init);
      | ^~~~~~~~~~~
net/ipv4/netfilter/nf_log_ipv4.c:363:19: note: ‘init_module’ target declared here
  363 | static int __init nf_log_ipv4_init(void)
      |                   ^~~~~~~~~~~~~~~~
In file included from net/ipv4/netfilter/nf_log_ipv4.c:12:
./include/linux/module.h:138:7: warning: ‘cleanup_module’ specifies less restrictive attribute than its target ‘nf_log_ipv4_exit’: ‘cold’ [-Wmissing-attributes]
  138 |  void cleanup_module(void) __attribute__((alias(#exitfn)));
      |       ^~~~~~~~~~~~~~
net/ipv4/netfilter/nf_log_ipv4.c:391:1: note: in expansion of macro ‘module_exit’
  391 | module_exit(nf_log_ipv4_exit);
      | ^~~~~~~~~~~
net/ipv4/netfilter/nf_log_ipv4.c:384:20: note: ‘cleanup_module’ target declared here
  384 | static void __exit nf_log_ipv4_exit(void)
      |                    ^~~~~~~~~~~~~~~~
  CC [M]  net/ipv4/netfilter/nf_reject_ipv4.o
  CC [M]  net/ipv4/netfilter/nf_nat_h323.o
In file included from net/ipv4/netfilter/nf_nat_h323.c:13:
./include/linux/module.h:132:6: warning: ‘init_module’ specifies less restrictive attribute than its target ‘init’: ‘cold’ [-Wmissing-attributes]
  132 |  int init_module(void) __attribute__((alias(#initfn)));
      |      ^~~~~~~~~~~
net/ipv4/netfilter/nf_nat_h323.c:625:1: note: in expansion of macro ‘module_init’
  625 | module_init(init);
      | ^~~~~~~~~~~
net/ipv4/netfilter/nf_nat_h323.c:581:19: note: ‘init_module’ target declared here
  581 | static int __init init(void)
      |                   ^~~~
In file included from net/ipv4/netfilter/nf_nat_h323.c:13:
./include/linux/module.h:138:7: warning: ‘cleanup_module’ specifies less restrictive attribute than its target ‘fini’: ‘cold’ [-Wmissing-attributes]
  138 |  void cleanup_module(void) __attribute__((alias(#exitfn)));
      |       ^~~~~~~~~~~~~~
net/ipv4/netfilter/nf_nat_h323.c:626:1: note: in expansion of macro ‘module_exit’
  626 | module_exit(fini);
      | ^~~~~~~~~~~
net/ipv4/netfilter/nf_nat_h323.c:608:20: note: ‘cleanup_module’ target declared here
  608 | static void __exit fini(void)
      |                    ^~~~
  CC [M]  net/ipv4/netfilter/nf_nat_pptp.o
In file included from net/ipv4/netfilter/nf_nat_pptp.c:22:
./include/linux/module.h:132:6: warning: ‘init_module’ specifies less restrictive attribute than its target ‘nf_nat_helper_pptp_init’: ‘cold’ [-Wmissing-attributes]
  132 |  int init_module(void) __attribute__((alias(#initfn)));
      |      ^~~~~~~~~~~
net/ipv4/netfilter/nf_nat_pptp.c:310:1: note: in expansion of macro ‘module_init’
  310 | module_init(nf_nat_helper_pptp_init);
      | ^~~~~~~~~~~
net/ipv4/netfilter/nf_nat_pptp.c:283:19: note: ‘init_module’ target declared here
  283 | static int __init nf_nat_helper_pptp_init(void)
      |                   ^~~~~~~~~~~~~~~~~~~~~~~
In file included from net/ipv4/netfilter/nf_nat_pptp.c:22:
./include/linux/module.h:138:7: warning: ‘cleanup_module’ specifies less restrictive attribute than its target ‘nf_nat_helper_pptp_fini’: ‘cold’ [-Wmissing-attributes]
  138 |  void cleanup_module(void) __attribute__((alias(#exitfn)));
      |       ^~~~~~~~~~~~~~
net/ipv4/netfilter/nf_nat_pptp.c:311:1: note: in expansion of macro ‘module_exit’
  311 | module_exit(nf_nat_helper_pptp_fini);
      | ^~~~~~~~~~~
net/ipv4/netfilter/nf_nat_pptp.c:301:20: note: ‘cleanup_module’ target declared here
  301 | static void __exit nf_nat_helper_pptp_fini(void)
      |                    ^~~~~~~~~~~~~~~~~~~~~~~
  CC [M]  net/ipv4/netfilter/nf_nat_snmp_basic.o
In file included from net/ipv4/netfilter/nf_nat_snmp_basic.c:43:
./include/linux/module.h:132:6: warning: ‘init_module’ specifies less restrictive attribute than its target ‘nf_nat_snmp_basic_init’: ‘cold’ [-Wmissing-attributes]
  132 |  int init_module(void) __attribute__((alias(#initfn)));
      |      ^~~~~~~~~~~
net/ipv4/netfilter/nf_nat_snmp_basic.c:1294:1: note: in expansion of macro ‘module_init’
 1294 | module_init(nf_nat_snmp_basic_init);
      | ^~~~~~~~~~~
net/ipv4/netfilter/nf_nat_snmp_basic.c:1279:19: note: ‘init_module’ target declared here
 1279 | static int __init nf_nat_snmp_basic_init(void)
      |                   ^~~~~~~~~~~~~~~~~~~~~~
In file included from net/ipv4/netfilter/nf_nat_snmp_basic.c:43:
./include/linux/module.h:138:7: warning: ‘cleanup_module’ specifies less restrictive attribute than its target ‘nf_nat_snmp_basic_fini’: ‘cold’ [-Wmissing-attributes]
  138 |  void cleanup_module(void) __attribute__((alias(#exitfn)));
      |       ^~~~~~~~~~~~~~
net/ipv4/netfilter/nf_nat_snmp_basic.c:1295:1: note: in expansion of macro ‘module_exit’
 1295 | module_exit(nf_nat_snmp_basic_fini);
      | ^~~~~~~~~~~
net/ipv4/netfilter/nf_nat_snmp_basic.c:1287:20: note: ‘cleanup_module’ target declared here
 1287 | static void __exit nf_nat_snmp_basic_fini(void)
      |                    ^~~~~~~~~~~~~~~~~~~~~~
  CC [M]  net/ipv4/netfilter/nf_nat_masquerade_ipv4.o
  CC [M]  net/ipv4/netfilter/nf_nat_proto_gre.o
In file included from net/ipv4/netfilter/nf_nat_proto_gre.c:28:
./include/linux/module.h:132:6: warning: ‘init_module’ specifies less restrictive attribute than its target ‘nf_nat_proto_gre_init’: ‘cold’ [-Wmissing-attributes]
  132 |  int init_module(void) __attribute__((alias(#initfn)));
      |      ^~~~~~~~~~~
net/ipv4/netfilter/nf_nat_proto_gre.c:143:1: note: in expansion of macro ‘module_init’
  143 | module_init(nf_nat_proto_gre_init);
      | ^~~~~~~~~~~
net/ipv4/netfilter/nf_nat_proto_gre.c:133:19: note: ‘init_module’ target declared here
  133 | static int __init nf_nat_proto_gre_init(void)
      |                   ^~~~~~~~~~~~~~~~~~~~~
In file included from net/ipv4/netfilter/nf_nat_proto_gre.c:28:
./include/linux/module.h:138:7: warning: ‘cleanup_module’ specifies less restrictive attribute than its target ‘nf_nat_proto_gre_fini’: ‘cold’ [-Wmissing-attributes]
  138 |  void cleanup_module(void) __attribute__((alias(#exitfn)));
      |       ^~~~~~~~~~~~~~
net/ipv4/netfilter/nf_nat_proto_gre.c:144:1: note: in expansion of macro ‘module_exit’
  144 | module_exit(nf_nat_proto_gre_fini);
      | ^~~~~~~~~~~
net/ipv4/netfilter/nf_nat_proto_gre.c:138:20: note: ‘cleanup_module’ target declared here
  138 | static void __exit nf_nat_proto_gre_fini(void)
      |                    ^~~~~~~~~~~~~~~~~~~~~
  CC [M]  net/ipv4/netfilter/ip_tables.o
In file included from ./include/linux/phy.h:24,
                 from ./include/net/dsa.h:19,
                 from ./include/linux/netdevice.h:44,
                 from net/ipv4/netfilter/ip_tables.c:18:
./include/linux/module.h:132:6: warning: ‘init_module’ specifies less restrictive attribute than its target ‘ip_tables_init’: ‘cold’ [-Wmissing-attributes]
  132 |  int init_module(void) __attribute__((alias(#initfn)));
      |      ^~~~~~~~~~~
net/ipv4/netfilter/ip_tables.c:1974:1: note: in expansion of macro ‘module_init’
 1974 | module_init(ip_tables_init);
      | ^~~~~~~~~~~
net/ipv4/netfilter/ip_tables.c:1928:19: note: ‘init_module’ target declared here
 1928 | static int __init ip_tables_init(void)
      |                   ^~~~~~~~~~~~~~
In file included from ./include/linux/phy.h:24,
                 from ./include/net/dsa.h:19,
                 from ./include/linux/netdevice.h:44,
                 from net/ipv4/netfilter/ip_tables.c:18:
./include/linux/module.h:138:7: warning: ‘cleanup_module’ specifies less restrictive attribute than its target ‘ip_tables_fini’: ‘cold’ [-Wmissing-attributes]
  138 |  void cleanup_module(void) __attribute__((alias(#exitfn)));
      |       ^~~~~~~~~~~~~~
net/ipv4/netfilter/ip_tables.c:1975:1: note: in expansion of macro ‘module_exit’
 1975 | module_exit(ip_tables_fini);
      | ^~~~~~~~~~~
net/ipv4/netfilter/ip_tables.c:1962:20: note: ‘cleanup_module’ target declared here
 1962 | static void __exit ip_tables_fini(void)
      |                    ^~~~~~~~~~~~~~
  CC [M]  net/ipv4/netfilter/iptable_filter.o
In file included from net/ipv4/netfilter/iptable_filter.c:13:
./include/linux/module.h:132:6: warning: ‘init_module’ specifies less restrictive attribute than its target ‘iptable_filter_init’: ‘cold’ [-Wmissing-attributes]
  132 |  int init_module(void) __attribute__((alias(#initfn)));
      |      ^~~~~~~~~~~
net/ipv4/netfilter/iptable_filter.c:119:1: note: in expansion of macro ‘module_init’
  119 | module_init(iptable_filter_init);
      | ^~~~~~~~~~~
net/ipv4/netfilter/iptable_filter.c:98:19: note: ‘init_module’ target declared here
   98 | static int __init iptable_filter_init(void)
      |                   ^~~~~~~~~~~~~~~~~~~
In file included from net/ipv4/netfilter/iptable_filter.c:13:
./include/linux/module.h:138:7: warning: ‘cleanup_module’ specifies less restrictive attribute than its target ‘iptable_filter_fini’: ‘cold’ [-Wmissing-attributes]
  138 |  void cleanup_module(void) __attribute__((alias(#exitfn)));
      |       ^~~~~~~~~~~~~~
net/ipv4/netfilter/iptable_filter.c:120:1: note: in expansion of macro ‘module_exit’
  120 | module_exit(iptable_filter_fini);
      | ^~~~~~~~~~~
net/ipv4/netfilter/iptable_filter.c:113:20: note: ‘cleanup_module’ target declared here
  113 | static void __exit iptable_filter_fini(void)
      |                    ^~~~~~~~~~~~~~~~~~~
  CC [M]  net/ipv4/netfilter/iptable_mangle.o
In file included from net/ipv4/netfilter/iptable_mangle.c:11:
./include/linux/module.h:132:6: warning: ‘init_module’ specifies less restrictive attribute than its target ‘iptable_mangle_init’: ‘cold’ [-Wmissing-attributes]
  132 |  int init_module(void) __attribute__((alias(#initfn)));
      |      ^~~~~~~~~~~
net/ipv4/netfilter/iptable_mangle.c:154:1: note: in expansion of macro ‘module_init’
  154 | module_init(iptable_mangle_init);
      | ^~~~~~~~~~~
net/ipv4/netfilter/iptable_mangle.c:123:19: note: ‘init_module’ target declared here
  123 | static int __init iptable_mangle_init(void)
      |                   ^~~~~~~~~~~~~~~~~~~
In file included from net/ipv4/netfilter/iptable_mangle.c:11:
./include/linux/module.h:138:7: warning: ‘cleanup_module’ specifies less restrictive attribute than its target ‘iptable_mangle_fini’: ‘cold’ [-Wmissing-attributes]
  138 |  void cleanup_module(void) __attribute__((alias(#exitfn)));
      |       ^~~~~~~~~~~~~~
net/ipv4/netfilter/iptable_mangle.c:155:1: note: in expansion of macro ‘module_exit’
  155 | module_exit(iptable_mangle_fini);
      | ^~~~~~~~~~~
net/ipv4/netfilter/iptable_mangle.c:148:20: note: ‘cleanup_module’ target declared here
  148 | static void __exit iptable_mangle_fini(void)
      |                    ^~~~~~~~~~~~~~~~~~~
  CC [M]  net/ipv4/netfilter/iptable_nat.o
In file included from net/ipv4/netfilter/iptable_nat.c:10:
./include/linux/module.h:132:6: warning: ‘init_module’ specifies less restrictive attribute than its target ‘iptable_nat_init’: ‘cold’ [-Wmissing-attributes]
  132 |  int init_module(void) __attribute__((alias(#initfn)));
      |      ^~~~~~~~~~~
net/ipv4/netfilter/iptable_nat.c:148:1: note: in expansion of macro ‘module_init’
  148 | module_init(iptable_nat_init);
      | ^~~~~~~~~~~
net/ipv4/netfilter/iptable_nat.c:130:19: note: ‘init_module’ target declared here
  130 | static int __init iptable_nat_init(void)
      |                   ^~~~~~~~~~~~~~~~
In file included from net/ipv4/netfilter/iptable_nat.c:10:
./include/linux/module.h:138:7: warning: ‘cleanup_module’ specifies less restrictive attribute than its target ‘iptable_nat_exit’: ‘cold’ [-Wmissing-attributes]
  138 |  void cleanup_module(void) __attribute__((alias(#exitfn)));
      |       ^~~~~~~~~~~~~~
net/ipv4/netfilter/iptable_nat.c:149:1: note: in expansion of macro ‘module_exit’
  149 | module_exit(iptable_nat_exit);
      | ^~~~~~~~~~~
net/ipv4/netfilter/iptable_nat.c:143:20: note: ‘cleanup_module’ target declared here
  143 | static void __exit iptable_nat_exit(void)
      |                    ^~~~~~~~~~~~~~~~
  CC [M]  net/ipv4/netfilter/iptable_raw.o
In file included from net/ipv4/netfilter/iptable_raw.c:6:
./include/linux/module.h:132:6: warning: ‘init_module’ specifies less restrictive attribute than its target ‘iptable_raw_init’: ‘cold’ [-Wmissing-attributes]
  132 |  int init_module(void) __attribute__((alias(#initfn)));
      |      ^~~~~~~~~~~
net/ipv4/netfilter/iptable_raw.c:98:1: note: in expansion of macro ‘module_init’
   98 | module_init(iptable_raw_init);
      | ^~~~~~~~~~~
net/ipv4/netfilter/iptable_raw.c:69:19: note: ‘init_module’ target declared here
   69 | static int __init iptable_raw_init(void)
      |                   ^~~~~~~~~~~~~~~~
In file included from net/ipv4/netfilter/iptable_raw.c:6:
./include/linux/module.h:138:7: warning: ‘cleanup_module’ specifies less restrictive attribute than its target ‘iptable_raw_fini’: ‘cold’ [-Wmissing-attributes]
  138 |  void cleanup_module(void) __attribute__((alias(#exitfn)));
      |       ^~~~~~~~~~~~~~
net/ipv4/netfilter/iptable_raw.c:99:1: note: in expansion of macro ‘module_exit’
   99 | module_exit(iptable_raw_fini);
      | ^~~~~~~~~~~
net/ipv4/netfilter/iptable_raw.c:92:20: note: ‘cleanup_module’ target declared here
   92 | static void __exit iptable_raw_fini(void)
      |                    ^~~~~~~~~~~~~~~~
  CC [M]  net/ipv4/netfilter/ipt_ah.o
In file included from net/ipv4/netfilter/ipt_ah.c:10:
./include/linux/module.h:132:6: warning: ‘init_module’ specifies less restrictive attribute than its target ‘ah_mt_init’: ‘cold’ [-Wmissing-attributes]
  132 |  int init_module(void) __attribute__((alias(#initfn)));
      |      ^~~~~~~~~~~
net/ipv4/netfilter/ipt_ah.c:90:1: note: in expansion of macro ‘module_init’
   90 | module_init(ah_mt_init);
      | ^~~~~~~~~~~
net/ipv4/netfilter/ipt_ah.c:80:19: note: ‘init_module’ target declared here
   80 | static int __init ah_mt_init(void)
      |                   ^~~~~~~~~~
In file included from net/ipv4/netfilter/ipt_ah.c:10:
./include/linux/module.h:138:7: warning: ‘cleanup_module’ specifies less restrictive attribute than its target ‘ah_mt_exit’: ‘cold’ [-Wmissing-attributes]
  138 |  void cleanup_module(void) __attribute__((alias(#exitfn)));
      |       ^~~~~~~~~~~~~~
net/ipv4/netfilter/ipt_ah.c:91:1: note: in expansion of macro ‘module_exit’
   91 | module_exit(ah_mt_exit);
      | ^~~~~~~~~~~
net/ipv4/netfilter/ipt_ah.c:85:20: note: ‘cleanup_module’ target declared here
   85 | static void __exit ah_mt_exit(void)
      |                    ^~~~~~~~~~
  CC [M]  net/ipv4/netfilter/ipt_rpfilter.o
In file included from net/ipv4/netfilter/ipt_rpfilter.c:11:
./include/linux/module.h:132:6: warning: ‘init_module’ specifies less restrictive attribute than its target ‘rpfilter_mt_init’: ‘cold’ [-Wmissing-attributes]
  132 |  int init_module(void) __attribute__((alias(#initfn)));
      |      ^~~~~~~~~~~
net/ipv4/netfilter/ipt_rpfilter.c:140:1: note: in expansion of macro ‘module_init’
  140 | module_init(rpfilter_mt_init);
      | ^~~~~~~~~~~
net/ipv4/netfilter/ipt_rpfilter.c:130:19: note: ‘init_module’ target declared here
  130 | static int __init rpfilter_mt_init(void)
      |                   ^~~~~~~~~~~~~~~~
In file included from net/ipv4/netfilter/ipt_rpfilter.c:11:
./include/linux/module.h:138:7: warning: ‘cleanup_module’ specifies less restrictive attribute than its target ‘rpfilter_mt_exit’: ‘cold’ [-Wmissing-attributes]
  138 |  void cleanup_module(void) __attribute__((alias(#exitfn)));
      |       ^~~~~~~~~~~~~~
net/ipv4/netfilter/ipt_rpfilter.c:141:1: note: in expansion of macro ‘module_exit’
  141 | module_exit(rpfilter_mt_exit);
      | ^~~~~~~~~~~
net/ipv4/netfilter/ipt_rpfilter.c:135:20: note: ‘cleanup_module’ target declared here
  135 | static void __exit rpfilter_mt_exit(void)
      |                    ^~~~~~~~~~~~~~~~
  CC [M]  net/ipv4/netfilter/ipt_CLUSTERIP.o
In file included from net/ipv4/netfilter/ipt_CLUSTERIP.c:13:
./include/linux/module.h:132:6: warning: ‘init_module’ specifies less restrictive attribute than its target ‘clusterip_tg_init’: ‘cold’ [-Wmissing-attributes]
  132 |  int init_module(void) __attribute__((alias(#initfn)));
      |      ^~~~~~~~~~~
net/ipv4/netfilter/ipt_CLUSTERIP.c:798:1: note: in expansion of macro ‘module_init’
  798 | module_init(clusterip_tg_init);
      | ^~~~~~~~~~~
net/ipv4/netfilter/ipt_CLUSTERIP.c:758:19: note: ‘init_module’ target declared here
  758 | static int __init clusterip_tg_init(void)
      |                   ^~~~~~~~~~~~~~~~~
In file included from net/ipv4/netfilter/ipt_CLUSTERIP.c:13:
./include/linux/module.h:138:7: warning: ‘cleanup_module’ specifies less restrictive attribute than its target ‘clusterip_tg_exit’: ‘cold’ [-Wmissing-attributes]
  138 |  void cleanup_module(void) __attribute__((alias(#exitfn)));
      |       ^~~~~~~~~~~~~~
net/ipv4/netfilter/ipt_CLUSTERIP.c:799:1: note: in expansion of macro ‘module_exit’
  799 | module_exit(clusterip_tg_exit);
      | ^~~~~~~~~~~
net/ipv4/netfilter/ipt_CLUSTERIP.c:786:20: note: ‘cleanup_module’ target declared here
  786 | static void __exit clusterip_tg_exit(void)
      |                    ^~~~~~~~~~~~~~~~~
  CC [M]  net/ipv4/netfilter/ipt_ECN.o
In file included from net/ipv4/netfilter/ipt_ECN.c:11:
./include/linux/module.h:132:6: warning: ‘init_module’ specifies less restrictive attribute than its target ‘ecn_tg_init’: ‘cold’ [-Wmissing-attributes]
  132 |  int init_module(void) __attribute__((alias(#initfn)));
      |      ^~~~~~~~~~~
net/ipv4/netfilter/ipt_ECN.c:137:1: note: in expansion of macro ‘module_init’
  137 | module_init(ecn_tg_init);
      | ^~~~~~~~~~~
net/ipv4/netfilter/ipt_ECN.c:127:19: note: ‘init_module’ target declared here
  127 | static int __init ecn_tg_init(void)
      |                   ^~~~~~~~~~~
In file included from net/ipv4/netfilter/ipt_ECN.c:11:
./include/linux/module.h:138:7: warning: ‘cleanup_module’ specifies less restrictive attribute than its target ‘ecn_tg_exit’: ‘cold’ [-Wmissing-attributes]
  138 |  void cleanup_module(void) __attribute__((alias(#exitfn)));
      |       ^~~~~~~~~~~~~~
net/ipv4/netfilter/ipt_ECN.c:138:1: note: in expansion of macro ‘module_exit’
  138 | module_exit(ecn_tg_exit);
      | ^~~~~~~~~~~
net/ipv4/netfilter/ipt_ECN.c:132:20: note: ‘cleanup_module’ target declared here
  132 | static void __exit ecn_tg_exit(void)
      |                    ^~~~~~~~~~~
  CC [M]  net/ipv4/netfilter/ipt_MASQUERADE.o
In file included from ./include/linux/phy.h:24,
                 from ./include/net/dsa.h:19,
                 from ./include/linux/netdevice.h:44,
                 from ./include/linux/inetdevice.h:9,
                 from net/ipv4/netfilter/ipt_MASQUERADE.c:13:
./include/linux/module.h:132:6: warning: ‘init_module’ specifies less restrictive attribute than its target ‘masquerade_tg_init’: ‘cold’ [-Wmissing-attributes]
  132 |  int init_module(void) __attribute__((alias(#initfn)));
      |      ^~~~~~~~~~~
net/ipv4/netfilter/ipt_MASQUERADE.c:90:1: note: in expansion of macro ‘module_init’
   90 | module_init(masquerade_tg_init);
      | ^~~~~~~~~~~
net/ipv4/netfilter/ipt_MASQUERADE.c:72:19: note: ‘init_module’ target declared here
   72 | static int __init masquerade_tg_init(void)
      |                   ^~~~~~~~~~~~~~~~~~
In file included from ./include/linux/phy.h:24,
                 from ./include/net/dsa.h:19,
                 from ./include/linux/netdevice.h:44,
                 from ./include/linux/inetdevice.h:9,
                 from net/ipv4/netfilter/ipt_MASQUERADE.c:13:
./include/linux/module.h:138:7: warning: ‘cleanup_module’ specifies less restrictive attribute than its target ‘masquerade_tg_exit’: ‘cold’ [-Wmissing-attributes]
  138 |  void cleanup_module(void) __attribute__((alias(#exitfn)));
      |       ^~~~~~~~~~~~~~
net/ipv4/netfilter/ipt_MASQUERADE.c:91:1: note: in expansion of macro ‘module_exit’
   91 | module_exit(masquerade_tg_exit);
      | ^~~~~~~~~~~
net/ipv4/netfilter/ipt_MASQUERADE.c:84:20: note: ‘cleanup_module’ target declared here
   84 | static void __exit masquerade_tg_exit(void)
      |                    ^~~~~~~~~~~~~~~~~~
  CC [M]  net/ipv4/netfilter/ipt_REJECT.o
In file included from net/ipv4/netfilter/ipt_REJECT.c:13:
./include/linux/module.h:132:6: warning: ‘init_module’ specifies less restrictive attribute than its target ‘reject_tg_init’: ‘cold’ [-Wmissing-attributes]
  132 |  int init_module(void) __attribute__((alias(#initfn)));
      |      ^~~~~~~~~~~
net/ipv4/netfilter/ipt_REJECT.c:112:1: note: in expansion of macro ‘module_init’
  112 | module_init(reject_tg_init);
      | ^~~~~~~~~~~
net/ipv4/netfilter/ipt_REJECT.c:102:19: note: ‘init_module’ target declared here
  102 | static int __init reject_tg_init(void)
      |                   ^~~~~~~~~~~~~~
In file included from net/ipv4/netfilter/ipt_REJECT.c:13:
./include/linux/module.h:138:7: warning: ‘cleanup_module’ specifies less restrictive attribute than its target ‘reject_tg_exit’: ‘cold’ [-Wmissing-attributes]
  138 |  void cleanup_module(void) __attribute__((alias(#exitfn)));
      |       ^~~~~~~~~~~~~~
net/ipv4/netfilter/ipt_REJECT.c:113:1: note: in expansion of macro ‘module_exit’
  113 | module_exit(reject_tg_exit);
      | ^~~~~~~~~~~
net/ipv4/netfilter/ipt_REJECT.c:107:20: note: ‘cleanup_module’ target declared here
  107 | static void __exit reject_tg_exit(void)
      |                    ^~~~~~~~~~~~~~
  CC [M]  net/ipv4/netfilter/arp_tables.o
In file included from ./include/linux/phy.h:24,
                 from ./include/net/dsa.h:19,
                 from ./include/linux/netdevice.h:44,
                 from net/ipv4/netfilter/arp_tables.c:15:
./include/linux/module.h:132:6: warning: ‘init_module’ specifies less restrictive attribute than its target ‘arp_tables_init’: ‘cold’ [-Wmissing-attributes]
  132 |  int init_module(void) __attribute__((alias(#initfn)));
      |      ^~~~~~~~~~~
net/ipv4/netfilter/arp_tables.c:1683:1: note: in expansion of macro ‘module_init’
 1683 | module_init(arp_tables_init);
      | ^~~~~~~~~~~
net/ipv4/netfilter/arp_tables.c:1643:19: note: ‘init_module’ target declared here
 1643 | static int __init arp_tables_init(void)
      |                   ^~~~~~~~~~~~~~~
In file included from ./include/linux/phy.h:24,
                 from ./include/net/dsa.h:19,
                 from ./include/linux/netdevice.h:44,
                 from net/ipv4/netfilter/arp_tables.c:15:
./include/linux/module.h:138:7: warning: ‘cleanup_module’ specifies less restrictive attribute than its target ‘arp_tables_fini’: ‘cold’ [-Wmissing-attributes]
  138 |  void cleanup_module(void) __attribute__((alias(#exitfn)));
      |       ^~~~~~~~~~~~~~
net/ipv4/netfilter/arp_tables.c:1684:1: note: in expansion of macro ‘module_exit’
 1684 | module_exit(arp_tables_fini);
      | ^~~~~~~~~~~
net/ipv4/netfilter/arp_tables.c:1672:20: note: ‘cleanup_module’ target declared here
 1672 | static void __exit arp_tables_fini(void)
      |                    ^~~~~~~~~~~~~~~
  CC [M]  net/ipv4/netfilter/arpt_mangle.o
In file included from net/ipv4/netfilter/arpt_mangle.c:2:
./include/linux/module.h:132:6: warning: ‘init_module’ specifies less restrictive attribute than its target ‘arpt_mangle_init’: ‘cold’ [-Wmissing-attributes]
  132 |  int init_module(void) __attribute__((alias(#initfn)));
      |      ^~~~~~~~~~~
net/ipv4/netfilter/arpt_mangle.c:90:1: note: in expansion of macro ‘module_init’
   90 | module_init(arpt_mangle_init);
      | ^~~~~~~~~~~
net/ipv4/netfilter/arpt_mangle.c:80:19: note: ‘init_module’ target declared here
   80 | static int __init arpt_mangle_init(void)
      |                   ^~~~~~~~~~~~~~~~
In file included from net/ipv4/netfilter/arpt_mangle.c:2:
./include/linux/module.h:138:7: warning: ‘cleanup_module’ specifies less restrictive attribute than its target ‘arpt_mangle_fini’: ‘cold’ [-Wmissing-attributes]
  138 |  void cleanup_module(void) __attribute__((alias(#exitfn)));
      |       ^~~~~~~~~~~~~~
net/ipv4/netfilter/arpt_mangle.c:91:1: note: in expansion of macro ‘module_exit’
   91 | module_exit(arpt_mangle_fini);
      | ^~~~~~~~~~~
net/ipv4/netfilter/arpt_mangle.c:85:20: note: ‘cleanup_module’ target declared here
   85 | static void __exit arpt_mangle_fini(void)
      |                    ^~~~~~~~~~~~~~~~
  CC [M]  net/ipv4/netfilter/arptable_filter.o
In file included from net/ipv4/netfilter/arptable_filter.c:8:
./include/linux/module.h:132:6: warning: ‘init_module’ specifies less restrictive attribute than its target ‘arptable_filter_init’: ‘cold’ [-Wmissing-attributes]
  132 |  int init_module(void) __attribute__((alias(#initfn)));
      |      ^~~~~~~~~~~
net/ipv4/netfilter/arptable_filter.c:99:1: note: in expansion of macro ‘module_init’
   99 | module_init(arptable_filter_init);
      | ^~~~~~~~~~~
net/ipv4/netfilter/arptable_filter.c:70:19: note: ‘init_module’ target declared here
   70 | static int __init arptable_filter_init(void)
      |                   ^~~~~~~~~~~~~~~~~~~~
In file included from net/ipv4/netfilter/arptable_filter.c:8:
./include/linux/module.h:138:7: warning: ‘cleanup_module’ specifies less restrictive attribute than its target ‘arptable_filter_fini’: ‘cold’ [-Wmissing-attributes]
  138 |  void cleanup_module(void) __attribute__((alias(#exitfn)));
      |       ^~~~~~~~~~~~~~
net/ipv4/netfilter/arptable_filter.c:100:1: note: in expansion of macro ‘module_exit’
  100 | module_exit(arptable_filter_fini);
      | ^~~~~~~~~~~
net/ipv4/netfilter/arptable_filter.c:93:20: note: ‘cleanup_module’ target declared here
   93 | static void __exit arptable_filter_fini(void)
      |                    ^~~~~~~~~~~~~~~~~~~~
  CC [M]  net/ipv4/netfilter/nf_dup_ipv4.o
  CC      net/ipv4/tcp_cubic.o
  CC      net/ipv4/xfrm4_policy.o
  CC      net/ipv4/xfrm4_state.o
  CC      net/ipv4/xfrm4_input.o
  CC      net/ipv4/xfrm4_output.o
  CC      net/ipv4/xfrm4_protocol.o
  LD      net/ipv4/built-in.o
  CC [M]  net/ipv4/ip_tunnel.o
net/ipv4/ip_tunnel.c: In function ‘__ip_tunnel_create’:
net/ipv4/ip_tunnel.c:264:3: warning: ‘strncat’ specified bound 2 equals source length [-Wstringop-overflow=]
  264 |   strncat(name, "%d", 2);
      |   ^~~~~~~~~~~~~~~~~~~~~~
  CC [M]  net/ipv4/ipip.o
In file included from net/ipv4/ipip.c:95:
./include/linux/module.h:132:6: warning: ‘init_module’ specifies less restrictive attribute than its target ‘ipip_init’: ‘cold’ [-Wmissing-attributes]
  132 |  int init_module(void) __attribute__((alias(#initfn)));
      |      ^~~~~~~~~~~
net/ipv4/ipip.c:714:1: note: in expansion of macro ‘module_init’
  714 | module_init(ipip_init);
      | ^~~~~~~~~~~
net/ipv4/ipip.c:662:19: note: ‘init_module’ target declared here
  662 | static int __init ipip_init(void)
      |                   ^~~~~~~~~
In file included from net/ipv4/ipip.c:95:
./include/linux/module.h:138:7: warning: ‘cleanup_module’ specifies less restrictive attribute than its target ‘ipip_fini’: ‘cold’ [-Wmissing-attributes]
  138 |  void cleanup_module(void) __attribute__((alias(#exitfn)));
      |       ^~~~~~~~~~~~~~
net/ipv4/ipip.c:715:1: note: in expansion of macro ‘module_exit’
  715 | module_exit(ipip_fini);
      | ^~~~~~~~~~~
net/ipv4/ipip.c:702:20: note: ‘cleanup_module’ target declared here
  702 | static void __exit ipip_fini(void)
      |                    ^~~~~~~~~
  CC [M]  net/ipv4/gre_demux.o
In file included from net/ipv4/gre_demux.c:15:
./include/linux/module.h:132:6: warning: ‘init_module’ specifies less restrictive attribute than its target ‘gre_init’: ‘cold’ [-Wmissing-attributes]
  132 |  int init_module(void) __attribute__((alias(#initfn)));
      |      ^~~~~~~~~~~
net/ipv4/gre_demux.c:191:1: note: in expansion of macro ‘module_init’
  191 | module_init(gre_init);
      | ^~~~~~~~~~~
net/ipv4/gre_demux.c:175:19: note: ‘init_module’ target declared here
  175 | static int __init gre_init(void)
      |                   ^~~~~~~~
In file included from net/ipv4/gre_demux.c:15:
./include/linux/module.h:138:7: warning: ‘cleanup_module’ specifies less restrictive attribute than its target ‘gre_exit’: ‘cold’ [-Wmissing-attributes]
  138 |  void cleanup_module(void) __attribute__((alias(#exitfn)));
      |       ^~~~~~~~~~~~~~
net/ipv4/gre_demux.c:192:1: note: in expansion of macro ‘module_exit’
  192 | module_exit(gre_exit);
      | ^~~~~~~~~~~
net/ipv4/gre_demux.c:186:20: note: ‘cleanup_module’ target declared here
  186 | static void __exit gre_exit(void)
      |                    ^~~~~~~~
  LD [M]  net/ipv4/gre.o
  CC [M]  net/ipv4/ip_gre.o
In file included from net/ipv4/ip_gre.c:16:
./include/linux/module.h:132:6: warning: ‘init_module’ specifies less restrictive attribute than its target ‘ipgre_init’: ‘cold’ [-Wmissing-attributes]
  132 |  int init_module(void) __attribute__((alias(#initfn)));
      |      ^~~~~~~~~~~
net/ipv4/ip_gre.c:1241:1: note: in expansion of macro ‘module_init’
 1241 | module_init(ipgre_init);
      | ^~~~~~~~~~~
net/ipv4/ip_gre.c:1191:19: note: ‘init_module’ target declared here
 1191 | static int __init ipgre_init(void)
      |                   ^~~~~~~~~~
In file included from net/ipv4/ip_gre.c:16:
./include/linux/module.h:138:7: warning: ‘cleanup_module’ specifies less restrictive attribute than its target ‘ipgre_fini’: ‘cold’ [-Wmissing-attributes]
  138 |  void cleanup_module(void) __attribute__((alias(#exitfn)));
      |       ^~~~~~~~~~~~~~
net/ipv4/ip_gre.c:1242:1: note: in expansion of macro ‘module_exit’
 1242 | module_exit(ipgre_fini);
      | ^~~~~~~~~~~
net/ipv4/ip_gre.c:1232:20: note: ‘cleanup_module’ target declared here
 1232 | static void __exit ipgre_fini(void)
      |                    ^~~~~~~~~~
  CC [M]  net/ipv4/udp_tunnel.o
  CC [M]  net/ipv4/ah4.o
In file included from net/ipv4/ah4.c:5:
./include/linux/module.h:132:6: warning: ‘init_module’ specifies less restrictive attribute than its target ‘ah4_init’: ‘cold’ [-Wmissing-attributes]
  132 |  int init_module(void) __attribute__((alias(#initfn)));
      |      ^~~~~~~~~~~
net/ipv4/ah4.c:591:1: note: in expansion of macro ‘module_init’
  591 | module_init(ah4_init);
      | ^~~~~~~~~~~
net/ipv4/ah4.c:569:19: note: ‘init_module’ target declared here
  569 | static int __init ah4_init(void)
      |                   ^~~~~~~~
In file included from net/ipv4/ah4.c:5:
./include/linux/module.h:138:7: warning: ‘cleanup_module’ specifies less restrictive attribute than its target ‘ah4_fini’: ‘cold’ [-Wmissing-attributes]
  138 |  void cleanup_module(void) __attribute__((alias(#exitfn)));
      |       ^~~~~~~~~~~~~~
net/ipv4/ah4.c:592:1: note: in expansion of macro ‘module_exit’
  592 | module_exit(ah4_fini);
      | ^~~~~~~~~~~
net/ipv4/ah4.c:583:20: note: ‘cleanup_module’ target declared here
  583 | static void __exit ah4_fini(void)
      |                    ^~~~~~~~
  CC [M]  net/ipv4/esp4.o
In file included from net/ipv4/esp4.c:6:
./include/linux/module.h:132:6: warning: ‘init_module’ specifies less restrictive attribute than its target ‘esp4_init’: ‘cold’ [-Wmissing-attributes]
  132 |  int init_module(void) __attribute__((alias(#initfn)));
      |      ^~~~~~~~~~~
net/ipv4/esp4.c:783:1: note: in expansion of macro ‘module_init’
  783 | module_init(esp4_init);
      | ^~~~~~~~~~~
net/ipv4/esp4.c:761:19: note: ‘init_module’ target declared here
  761 | static int __init esp4_init(void)
      |                   ^~~~~~~~~
In file included from net/ipv4/esp4.c:6:
./include/linux/module.h:138:7: warning: ‘cleanup_module’ specifies less restrictive attribute than its target ‘esp4_fini’: ‘cold’ [-Wmissing-attributes]
  138 |  void cleanup_module(void) __attribute__((alias(#exitfn)));
      |       ^~~~~~~~~~~~~~
net/ipv4/esp4.c:784:1: note: in expansion of macro ‘module_exit’
  784 | module_exit(esp4_fini);
      | ^~~~~~~~~~~
net/ipv4/esp4.c:775:20: note: ‘cleanup_module’ target declared here
  775 | static void __exit esp4_fini(void)
      |                    ^~~~~~~~~
  CC [M]  net/ipv4/ipcomp.o
In file included from net/ipv4/ipcomp.c:16:
./include/linux/module.h:132:6: warning: ‘init_module’ specifies less restrictive attribute than its target ‘ipcomp4_init’: ‘cold’ [-Wmissing-attributes]
  132 |  int init_module(void) __attribute__((alias(#initfn)));
      |      ^~~~~~~~~~~
net/ipv4/ipcomp.c:197:1: note: in expansion of macro ‘module_init’
  197 | module_init(ipcomp4_init);
      | ^~~~~~~~~~~
net/ipv4/ipcomp.c:175:19: note: ‘init_module’ target declared here
  175 | static int __init ipcomp4_init(void)
      |                   ^~~~~~~~~~~~
In file included from net/ipv4/ipcomp.c:16:
./include/linux/module.h:138:7: warning: ‘cleanup_module’ specifies less restrictive attribute than its target ‘ipcomp4_fini’: ‘cold’ [-Wmissing-attributes]
  138 |  void cleanup_module(void) __attribute__((alias(#exitfn)));
      |       ^~~~~~~~~~~~~~
net/ipv4/ipcomp.c:198:1: note: in expansion of macro ‘module_exit’
  198 | module_exit(ipcomp4_fini);
      | ^~~~~~~~~~~
net/ipv4/ipcomp.c:189:20: note: ‘cleanup_module’ target declared here
  189 | static void __exit ipcomp4_fini(void)
      |                    ^~~~~~~~~~~~
  CC [M]  net/ipv4/xfrm4_tunnel.o
In file included from net/ipv4/xfrm4_tunnel.c:9:
./include/linux/module.h:132:6: warning: ‘init_module’ specifies less restrictive attribute than its target ‘ipip_init’: ‘cold’ [-Wmissing-attributes]
  132 |  int init_module(void) __attribute__((alias(#initfn)));
      |      ^~~~~~~~~~~
net/ipv4/xfrm4_tunnel.c:114:1: note: in expansion of macro ‘module_init’
  114 | module_init(ipip_init);
      | ^~~~~~~~~~~
net/ipv4/xfrm4_tunnel.c:77:19: note: ‘init_module’ target declared here
   77 | static int __init ipip_init(void)
      |                   ^~~~~~~~~
In file included from net/ipv4/xfrm4_tunnel.c:9:
./include/linux/module.h:138:7: warning: ‘cleanup_module’ specifies less restrictive attribute than its target ‘ipip_fini’: ‘cold’ [-Wmissing-attributes]
  138 |  void cleanup_module(void) __attribute__((alias(#exitfn)));
      |       ^~~~~~~~~~~~~~
net/ipv4/xfrm4_tunnel.c:115:1: note: in expansion of macro ‘module_exit’
  115 | module_exit(ipip_fini);
      | ^~~~~~~~~~~
net/ipv4/xfrm4_tunnel.c:100:20: note: ‘cleanup_module’ target declared here
  100 | static void __exit ipip_fini(void)
      |                    ^~~~~~~~~
  CC [M]  net/ipv4/xfrm4_mode_beet.o
In file included from net/ipv4/xfrm4_mode_beet.c:13:
./include/linux/module.h:132:6: warning: ‘init_module’ specifies less restrictive attribute than its target ‘xfrm4_beet_init’: ‘cold’ [-Wmissing-attributes]
  132 |  int init_module(void) __attribute__((alias(#initfn)));
      |      ^~~~~~~~~~~
net/ipv4/xfrm4_mode_beet.c:153:1: note: in expansion of macro ‘module_init’
  153 | module_init(xfrm4_beet_init);
      | ^~~~~~~~~~~
net/ipv4/xfrm4_mode_beet.c:140:19: note: ‘init_module’ target declared here
  140 | static int __init xfrm4_beet_init(void)
      |                   ^~~~~~~~~~~~~~~
In file included from net/ipv4/xfrm4_mode_beet.c:13:
./include/linux/module.h:138:7: warning: ‘cleanup_module’ specifies less restrictive attribute than its target ‘xfrm4_beet_exit’: ‘cold’ [-Wmissing-attributes]
  138 |  void cleanup_module(void) __attribute__((alias(#exitfn)));
      |       ^~~~~~~~~~~~~~
net/ipv4/xfrm4_mode_beet.c:154:1: note: in expansion of macro ‘module_exit’
  154 | module_exit(xfrm4_beet_exit);
      | ^~~~~~~~~~~
net/ipv4/xfrm4_mode_beet.c:145:20: note: ‘cleanup_module’ target declared here
  145 | static void __exit xfrm4_beet_exit(void)
      |                    ^~~~~~~~~~~~~~~
  CC [M]  net/ipv4/tunnel4.o
In file included from net/ipv4/tunnel4.c:7:
./include/linux/module.h:132:6: warning: ‘init_module’ specifies less restrictive attribute than its target ‘tunnel4_init’: ‘cold’ [-Wmissing-attributes]
  132 |  int init_module(void) __attribute__((alias(#initfn)));
      |      ^~~~~~~~~~~
net/ipv4/tunnel4.c:248:1: note: in expansion of macro ‘module_init’
  248 | module_init(tunnel4_init);
      | ^~~~~~~~~~~
net/ipv4/tunnel4.c:208:19: note: ‘init_module’ target declared here
  208 | static int __init tunnel4_init(void)
      |                   ^~~~~~~~~~~~
In file included from net/ipv4/tunnel4.c:7:
./include/linux/module.h:138:7: warning: ‘cleanup_module’ specifies less restrictive attribute than its target ‘tunnel4_fini’: ‘cold’ [-Wmissing-attributes]
  138 |  void cleanup_module(void) __attribute__((alias(#exitfn)));
      |       ^~~~~~~~~~~~~~
net/ipv4/tunnel4.c:249:1: note: in expansion of macro ‘module_exit’
  249 | module_exit(tunnel4_fini);
      | ^~~~~~~~~~~
net/ipv4/tunnel4.c:234:20: note: ‘cleanup_module’ target declared here
  234 | static void __exit tunnel4_fini(void)
      |                    ^~~~~~~~~~~~
  CC [M]  net/ipv4/xfrm4_mode_transport.o
In file included from net/ipv4/xfrm4_mode_transport.c:9:
./include/linux/module.h:132:6: warning: ‘init_module’ specifies less restrictive attribute than its target ‘xfrm4_transport_init’: ‘cold’ [-Wmissing-attributes]
  132 |  int init_module(void) __attribute__((alias(#initfn)));
      |      ^~~~~~~~~~~
net/ipv4/xfrm4_mode_transport.c:77:1: note: in expansion of macro ‘module_init’
   77 | module_init(xfrm4_transport_init);
      | ^~~~~~~~~~~
net/ipv4/xfrm4_mode_transport.c:64:19: note: ‘init_module’ target declared here
   64 | static int __init xfrm4_transport_init(void)
      |                   ^~~~~~~~~~~~~~~~~~~~
In file included from net/ipv4/xfrm4_mode_transport.c:9:
./include/linux/module.h:138:7: warning: ‘cleanup_module’ specifies less restrictive attribute than its target ‘xfrm4_transport_exit’: ‘cold’ [-Wmissing-attributes]
  138 |  void cleanup_module(void) __attribute__((alias(#exitfn)));
      |       ^~~~~~~~~~~~~~
net/ipv4/xfrm4_mode_transport.c:78:1: note: in expansion of macro ‘module_exit’
   78 | module_exit(xfrm4_transport_exit);
      | ^~~~~~~~~~~
net/ipv4/xfrm4_mode_transport.c:69:20: note: ‘cleanup_module’ target declared here
   69 | static void __exit xfrm4_transport_exit(void)
      |                    ^~~~~~~~~~~~~~~~~~~~
  CC [M]  net/ipv4/xfrm4_mode_tunnel.o
In file included from net/ipv4/xfrm4_mode_tunnel.c:10:
./include/linux/module.h:132:6: warning: ‘init_module’ specifies less restrictive attribute than its target ‘xfrm4_mode_tunnel_init’: ‘cold’ [-Wmissing-attributes]
  132 |  int init_module(void) __attribute__((alias(#initfn)));
      |      ^~~~~~~~~~~
net/ipv4/xfrm4_mode_tunnel.c:122:1: note: in expansion of macro ‘module_init’
  122 | module_init(xfrm4_mode_tunnel_init);
      | ^~~~~~~~~~~
net/ipv4/xfrm4_mode_tunnel.c:109:19: note: ‘init_module’ target declared here
  109 | static int __init xfrm4_mode_tunnel_init(void)
      |                   ^~~~~~~~~~~~~~~~~~~~~~
In file included from net/ipv4/xfrm4_mode_tunnel.c:10:
./include/linux/module.h:138:7: warning: ‘cleanup_module’ specifies less restrictive attribute than its target ‘xfrm4_mode_tunnel_exit’: ‘cold’ [-Wmissing-attributes]
  138 |  void cleanup_module(void) __attribute__((alias(#exitfn)));
      |       ^~~~~~~~~~~~~~
net/ipv4/xfrm4_mode_tunnel.c:123:1: note: in expansion of macro ‘module_exit’
  123 | module_exit(xfrm4_mode_tunnel_exit);
      | ^~~~~~~~~~~
net/ipv4/xfrm4_mode_tunnel.c:114:20: note: ‘cleanup_module’ target declared here
  114 | static void __exit xfrm4_mode_tunnel_exit(void)
      |                    ^~~~~~~~~~~~~~~~~~~~~~
  CC [M]  net/ipv4/inet_diag.o
In file included from net/ipv4/inet_diag.c:13:
./include/linux/module.h:132:6: warning: ‘init_module’ specifies less restrictive attribute than its target ‘inet_diag_init’: ‘cold’ [-Wmissing-attributes]
  132 |  int init_module(void) __attribute__((alias(#initfn)));
      |      ^~~~~~~~~~~
net/ipv4/inet_diag.c:1258:1: note: in expansion of macro ‘module_init’
 1258 | module_init(inet_diag_init);
      | ^~~~~~~~~~~
net/ipv4/inet_diag.c:1221:19: note: ‘init_module’ target declared here
 1221 | static int __init inet_diag_init(void)
      |                   ^~~~~~~~~~~~~~
In file included from net/ipv4/inet_diag.c:13:
./include/linux/module.h:138:7: warning: ‘cleanup_module’ specifies less restrictive attribute than its target ‘inet_diag_exit’: ‘cold’ [-Wmissing-attributes]
  138 |  void cleanup_module(void) __attribute__((alias(#exitfn)));
      |       ^~~~~~~~~~~~~~
net/ipv4/inet_diag.c:1259:1: note: in expansion of macro ‘module_exit’
 1259 | module_exit(inet_diag_exit);
      | ^~~~~~~~~~~
net/ipv4/inet_diag.c:1250:20: note: ‘cleanup_module’ target declared here
 1250 | static void __exit inet_diag_exit(void)
      |                    ^~~~~~~~~~~~~~
  CC [M]  net/ipv4/tcp_diag.o
In file included from net/ipv4/tcp_diag.c:12:
./include/linux/module.h:132:6: warning: ‘init_module’ specifies less restrictive attribute than its target ‘tcp_diag_init’: ‘cold’ [-Wmissing-attributes]
  132 |  int init_module(void) __attribute__((alias(#initfn)));
      |      ^~~~~~~~~~~
net/ipv4/tcp_diag.c:91:1: note: in expansion of macro ‘module_init’
   91 | module_init(tcp_diag_init);
      | ^~~~~~~~~~~
net/ipv4/tcp_diag.c:81:19: note: ‘init_module’ target declared here
   81 | static int __init tcp_diag_init(void)
      |                   ^~~~~~~~~~~~~
In file included from net/ipv4/tcp_diag.c:12:
./include/linux/module.h:138:7: warning: ‘cleanup_module’ specifies less restrictive attribute than its target ‘tcp_diag_exit’: ‘cold’ [-Wmissing-attributes]
  138 |  void cleanup_module(void) __attribute__((alias(#exitfn)));
      |       ^~~~~~~~~~~~~~
net/ipv4/tcp_diag.c:92:1: note: in expansion of macro ‘module_exit’
   92 | module_exit(tcp_diag_exit);
      | ^~~~~~~~~~~
net/ipv4/tcp_diag.c:86:20: note: ‘cleanup_module’ target declared here
   86 | static void __exit tcp_diag_exit(void)
      |                    ^~~~~~~~~~~~~
  CC [M]  net/ipv4/tcp_bbr.o
In file included from net/ipv4/tcp_bbr.c:30:
./include/linux/module.h:132:6: warning: ‘init_module’ specifies less restrictive attribute than its target ‘bbr_register’: ‘cold’ [-Wmissing-attributes]
  132 |  int init_module(void) __attribute__((alias(#initfn)));
      |      ^~~~~~~~~~~
net/ipv4/tcp_bbr.c:923:1: note: in expansion of macro ‘module_init’
  923 | module_init(bbr_register);
      | ^~~~~~~~~~~
net/ipv4/tcp_bbr.c:912:19: note: ‘init_module’ target declared here
  912 | static int __init bbr_register(void)
      |                   ^~~~~~~~~~~~
In file included from net/ipv4/tcp_bbr.c:30:
./include/linux/module.h:138:7: warning: ‘cleanup_module’ specifies less restrictive attribute than its target ‘bbr_unregister’: ‘cold’ [-Wmissing-attributes]
  138 |  void cleanup_module(void) __attribute__((alias(#exitfn)));
      |       ^~~~~~~~~~~~~~
net/ipv4/tcp_bbr.c:924:1: note: in expansion of macro ‘module_exit’
  924 | module_exit(bbr_unregister);
      | ^~~~~~~~~~~
net/ipv4/tcp_bbr.c:918:20: note: ‘cleanup_module’ target declared here
  918 | static void __exit bbr_unregister(void)
      |                    ^~~~~~~~~~~~~~
  CC [M]  net/ipv4/tcp_bic.o
In file included from net/ipv4/tcp_bic.c:17:
./include/linux/module.h:132:6: warning: ‘init_module’ specifies less restrictive attribute than its target ‘bictcp_register’: ‘cold’ [-Wmissing-attributes]
  132 |  int init_module(void) __attribute__((alias(#initfn)));
      |      ^~~~~~~~~~~
net/ipv4/tcp_bic.c:234:1: note: in expansion of macro ‘module_init’
  234 | module_init(bictcp_register);
      | ^~~~~~~~~~~
net/ipv4/tcp_bic.c:223:19: note: ‘init_module’ target declared here
  223 | static int __init bictcp_register(void)
      |                   ^~~~~~~~~~~~~~~
In file included from net/ipv4/tcp_bic.c:17:
./include/linux/module.h:138:7: warning: ‘cleanup_module’ specifies less restrictive attribute than its target ‘bictcp_unregister’: ‘cold’ [-Wmissing-attributes]
  138 |  void cleanup_module(void) __attribute__((alias(#exitfn)));
      |       ^~~~~~~~~~~~~~
net/ipv4/tcp_bic.c:235:1: note: in expansion of macro ‘module_exit’
  235 | module_exit(bictcp_unregister);
      | ^~~~~~~~~~~
net/ipv4/tcp_bic.c:229:20: note: ‘cleanup_module’ target declared here
  229 | static void __exit bictcp_unregister(void)
      |                    ^~~~~~~~~~~~~~~~~
  CC [M]  net/ipv4/tcp_westwood.o
In file included from net/ipv4/tcp_westwood.c:25:
./include/linux/module.h:132:6: warning: ‘init_module’ specifies less restrictive attribute than its target ‘tcp_westwood_register’: ‘cold’ [-Wmissing-attributes]
  132 |  int init_module(void) __attribute__((alias(#initfn)));
      |      ^~~~~~~~~~~
net/ipv4/tcp_westwood.c:301:1: note: in expansion of macro ‘module_init’
  301 | module_init(tcp_westwood_register);
      | ^~~~~~~~~~~
net/ipv4/tcp_westwood.c:290:19: note: ‘init_module’ target declared here
  290 | static int __init tcp_westwood_register(void)
      |                   ^~~~~~~~~~~~~~~~~~~~~
In file included from net/ipv4/tcp_westwood.c:25:
./include/linux/module.h:138:7: warning: ‘cleanup_module’ specifies less restrictive attribute than its target ‘tcp_westwood_unregister’: ‘cold’ [-Wmissing-attributes]
  138 |  void cleanup_module(void) __attribute__((alias(#exitfn)));
      |       ^~~~~~~~~~~~~~
net/ipv4/tcp_westwood.c:302:1: note: in expansion of macro ‘module_exit’
  302 | module_exit(tcp_westwood_unregister);
      | ^~~~~~~~~~~
net/ipv4/tcp_westwood.c:296:20: note: ‘cleanup_module’ target declared here
  296 | static void __exit tcp_westwood_unregister(void)
      |                    ^~~~~~~~~~~~~~~~~~~~~~~
  CC [M]  net/ipv4/tcp_htcp.o
In file included from net/ipv4/tcp_htcp.c:10:
./include/linux/module.h:132:6: warning: ‘init_module’ specifies less restrictive attribute than its target ‘htcp_register’: ‘cold’ [-Wmissing-attributes]
  132 |  int init_module(void) __attribute__((alias(#initfn)));
      |      ^~~~~~~~~~~
net/ipv4/tcp_htcp.c:312:1: note: in expansion of macro ‘module_init’
  312 | module_init(htcp_register);
      | ^~~~~~~~~~~
net/ipv4/tcp_htcp.c:300:19: note: ‘init_module’ target declared here
  300 | static int __init htcp_register(void)
      |                   ^~~~~~~~~~~~~
In file included from net/ipv4/tcp_htcp.c:10:
./include/linux/module.h:138:7: warning: ‘cleanup_module’ specifies less restrictive attribute than its target ‘htcp_unregister’: ‘cold’ [-Wmissing-attributes]
  138 |  void cleanup_module(void) __attribute__((alias(#exitfn)));
      |       ^~~~~~~~~~~~~~
net/ipv4/tcp_htcp.c:313:1: note: in expansion of macro ‘module_exit’
  313 | module_exit(htcp_unregister);
      | ^~~~~~~~~~~
net/ipv4/tcp_htcp.c:307:20: note: ‘cleanup_module’ target declared here
  307 | static void __exit htcp_unregister(void)
      |                    ^~~~~~~~~~~~~~~
  LD      net/ipv6/netfilter/built-in.o
  CC [M]  net/ipv6/netfilter/ip6_tables.o
In file included from ./include/linux/phy.h:24,
                 from ./include/net/dsa.h:19,
                 from ./include/linux/netdevice.h:44,
                 from net/ipv6/netfilter/ip6_tables.c:21:
./include/linux/module.h:132:6: warning: ‘init_module’ specifies less restrictive attribute than its target ‘ip6_tables_init’: ‘cold’ [-Wmissing-attributes]
  132 |  int init_module(void) __attribute__((alias(#initfn)));
      |      ^~~~~~~~~~~
net/ipv6/netfilter/ip6_tables.c:1998:1: note: in expansion of macro ‘module_init’
 1998 | module_init(ip6_tables_init);
      | ^~~~~~~~~~~
net/ipv6/netfilter/ip6_tables.c:1951:19: note: ‘init_module’ target declared here
 1951 | static int __init ip6_tables_init(void)
      |                   ^~~~~~~~~~~~~~~
In file included from ./include/linux/phy.h:24,
                 from ./include/net/dsa.h:19,
                 from ./include/linux/netdevice.h:44,
                 from net/ipv6/netfilter/ip6_tables.c:21:
./include/linux/module.h:138:7: warning: ‘cleanup_module’ specifies less restrictive attribute than its target ‘ip6_tables_fini’: ‘cold’ [-Wmissing-attributes]
  138 |  void cleanup_module(void) __attribute__((alias(#exitfn)));
      |       ^~~~~~~~~~~~~~
net/ipv6/netfilter/ip6_tables.c:1999:1: note: in expansion of macro ‘module_exit’
 1999 | module_exit(ip6_tables_fini);
      | ^~~~~~~~~~~
net/ipv6/netfilter/ip6_tables.c:1985:20: note: ‘cleanup_module’ target declared here
 1985 | static void __exit ip6_tables_fini(void)
      |                    ^~~~~~~~~~~~~~~
  CC [M]  net/ipv6/netfilter/ip6table_filter.o
In file included from net/ipv6/netfilter/ip6table_filter.c:12:
./include/linux/module.h:132:6: warning: ‘init_module’ specifies less restrictive attribute than its target ‘ip6table_filter_init’: ‘cold’ [-Wmissing-attributes]
  132 |  int init_module(void) __attribute__((alias(#initfn)));
      |      ^~~~~~~~~~~
net/ipv6/netfilter/ip6table_filter.c:113:1: note: in expansion of macro ‘module_init’
  113 | module_init(ip6table_filter_init);
      | ^~~~~~~~~~~
net/ipv6/netfilter/ip6table_filter.c:92:19: note: ‘init_module’ target declared here
   92 | static int __init ip6table_filter_init(void)
      |                   ^~~~~~~~~~~~~~~~~~~~
In file included from net/ipv6/netfilter/ip6table_filter.c:12:
./include/linux/module.h:138:7: warning: ‘cleanup_module’ specifies less restrictive attribute than its target ‘ip6table_filter_fini’: ‘cold’ [-Wmissing-attributes]
  138 |  void cleanup_module(void) __attribute__((alias(#exitfn)));
      |       ^~~~~~~~~~~~~~
net/ipv6/netfilter/ip6table_filter.c:114:1: note: in expansion of macro ‘module_exit’
  114 | module_exit(ip6table_filter_fini);
      | ^~~~~~~~~~~
net/ipv6/netfilter/ip6table_filter.c:107:20: note: ‘cleanup_module’ target declared here
  107 | static void __exit ip6table_filter_fini(void)
      |                    ^~~~~~~~~~~~~~~~~~~~
  CC [M]  net/ipv6/netfilter/ip6table_mangle.o
In file included from net/ipv6/netfilter/ip6table_mangle.c:11:
./include/linux/module.h:132:6: warning: ‘init_module’ specifies less restrictive attribute than its target ‘ip6table_mangle_init’: ‘cold’ [-Wmissing-attributes]
  132 |  int init_module(void) __attribute__((alias(#initfn)));
      |      ^~~~~~~~~~~
net/ipv6/netfilter/ip6table_mangle.c:148:1: note: in expansion of macro ‘module_init’
  148 | module_init(ip6table_mangle_init);
      | ^~~~~~~~~~~
net/ipv6/netfilter/ip6table_mangle.c:120:19: note: ‘init_module’ target declared here
  120 | static int __init ip6table_mangle_init(void)
      |                   ^~~~~~~~~~~~~~~~~~~~
In file included from net/ipv6/netfilter/ip6table_mangle.c:11:
./include/linux/module.h:138:7: warning: ‘cleanup_module’ specifies less restrictive attribute than its target ‘ip6table_mangle_fini’: ‘cold’ [-Wmissing-attributes]
  138 |  void cleanup_module(void) __attribute__((alias(#exitfn)));
      |       ^~~~~~~~~~~~~~
net/ipv6/netfilter/ip6table_mangle.c:149:1: note: in expansion of macro ‘module_exit’
  149 | module_exit(ip6table_mangle_fini);
      | ^~~~~~~~~~~
net/ipv6/netfilter/ip6table_mangle.c:142:20: note: ‘cleanup_module’ target declared here
  142 | static void __exit ip6table_mangle_fini(void)
      |                    ^~~~~~~~~~~~~~~~~~~~
  CC [M]  net/ipv6/netfilter/ip6table_raw.o
In file included from net/ipv6/netfilter/ip6table_raw.c:6:
./include/linux/module.h:132:6: warning: ‘init_module’ specifies less restrictive attribute than its target ‘ip6table_raw_init’: ‘cold’ [-Wmissing-attributes]
  132 |  int init_module(void) __attribute__((alias(#initfn)));
      |      ^~~~~~~~~~~
net/ipv6/netfilter/ip6table_raw.c:91:1: note: in expansion of macro ‘module_init’
   91 | module_init(ip6table_raw_init);
      | ^~~~~~~~~~~
net/ipv6/netfilter/ip6table_raw.c:62:19: note: ‘init_module’ target declared here
   62 | static int __init ip6table_raw_init(void)
      |                   ^~~~~~~~~~~~~~~~~
In file included from net/ipv6/netfilter/ip6table_raw.c:6:
./include/linux/module.h:138:7: warning: ‘cleanup_module’ specifies less restrictive attribute than its target ‘ip6table_raw_fini’: ‘cold’ [-Wmissing-attributes]
  138 |  void cleanup_module(void) __attribute__((alias(#exitfn)));
      |       ^~~~~~~~~~~~~~
net/ipv6/netfilter/ip6table_raw.c:92:1: note: in expansion of macro ‘module_exit’
   92 | module_exit(ip6table_raw_fini);
      | ^~~~~~~~~~~
net/ipv6/netfilter/ip6table_raw.c:85:20: note: ‘cleanup_module’ target declared here
   85 | static void __exit ip6table_raw_fini(void)
      |                    ^~~~~~~~~~~~~~~~~
  CC [M]  net/ipv6/netfilter/ip6table_nat.o
In file included from net/ipv6/netfilter/ip6table_nat.c:12:
./include/linux/module.h:132:6: warning: ‘init_module’ specifies less restrictive attribute than its target ‘ip6table_nat_init’: ‘cold’ [-Wmissing-attributes]
  132 |  int init_module(void) __attribute__((alias(#initfn)));
      |      ^~~~~~~~~~~
net/ipv6/netfilter/ip6table_nat.c:150:1: note: in expansion of macro ‘module_init’
  150 | module_init(ip6table_nat_init);
      | ^~~~~~~~~~~
net/ipv6/netfilter/ip6table_nat.c:132:19: note: ‘init_module’ target declared here
  132 | static int __init ip6table_nat_init(void)
      |                   ^~~~~~~~~~~~~~~~~
In file included from net/ipv6/netfilter/ip6table_nat.c:12:
./include/linux/module.h:138:7: warning: ‘cleanup_module’ specifies less restrictive attribute than its target ‘ip6table_nat_exit’: ‘cold’ [-Wmissing-attributes]
  138 |  void cleanup_module(void) __attribute__((alias(#exitfn)));
      |       ^~~~~~~~~~~~~~
net/ipv6/netfilter/ip6table_nat.c:151:1: note: in expansion of macro ‘module_exit’
  151 | module_exit(ip6table_nat_exit);
      | ^~~~~~~~~~~
net/ipv6/netfilter/ip6table_nat.c:145:20: note: ‘cleanup_module’ target declared here
  145 | static void __exit ip6table_nat_exit(void)
      |                    ^~~~~~~~~~~~~~~~~
  CC [M]  net/ipv6/netfilter/nf_conntrack_l3proto_ipv6.o
In file included from ./include/linux/phy.h:24,
                 from ./include/net/dsa.h:19,
                 from ./include/linux/netdevice.h:44,
                 from ./include/linux/icmpv6.h:12,
                 from ./include/linux/ipv6.h:76,
                 from net/ipv6/netfilter/nf_conntrack_l3proto_ipv6.c:13:
./include/linux/module.h:132:6: warning: ‘init_module’ specifies less restrictive attribute than its target ‘nf_conntrack_l3proto_ipv6_init’: ‘cold’ [-Wmissing-attributes]
  132 |  int init_module(void) __attribute__((alias(#initfn)));
      |      ^~~~~~~~~~~
net/ipv6/netfilter/nf_conntrack_l3proto_ipv6.c:464:1: note: in expansion of macro ‘module_init’
  464 | module_init(nf_conntrack_l3proto_ipv6_init);
      | ^~~~~~~~~~~
net/ipv6/netfilter/nf_conntrack_l3proto_ipv6.c:387:19: note: ‘init_module’ target declared here
  387 | static int __init nf_conntrack_l3proto_ipv6_init(void)
      |                   ^~~~~~~~~~~~~~~~~~~~~~~~~~~~~~
In file included from ./include/linux/phy.h:24,
                 from ./include/net/dsa.h:19,
                 from ./include/linux/netdevice.h:44,
                 from ./include/linux/icmpv6.h:12,
                 from ./include/linux/ipv6.h:76,
                 from net/ipv6/netfilter/nf_conntrack_l3proto_ipv6.c:13:
./include/linux/module.h:138:7: warning: ‘cleanup_module’ specifies less restrictive attribute than its target ‘nf_conntrack_l3proto_ipv6_fini’: ‘cold’ [-Wmissing-attributes]
  138 |  void cleanup_module(void) __attribute__((alias(#exitfn)));
      |       ^~~~~~~~~~~~~~
net/ipv6/netfilter/nf_conntrack_l3proto_ipv6.c:465:1: note: in expansion of macro ‘module_exit’
  465 | module_exit(nf_conntrack_l3proto_ipv6_fini);
      | ^~~~~~~~~~~
net/ipv6/netfilter/nf_conntrack_l3proto_ipv6.c:452:20: note: ‘cleanup_module’ target declared here
  452 | static void __exit nf_conntrack_l3proto_ipv6_fini(void)
      |                    ^~~~~~~~~~~~~~~~~~~~~~~~~~~~~~
  CC [M]  net/ipv6/netfilter/nf_conntrack_proto_icmpv6.o
  LD [M]  net/ipv6/netfilter/nf_conntrack_ipv6.o
  CC [M]  net/ipv6/netfilter/nf_nat_l3proto_ipv6.o
In file included from net/ipv6/netfilter/nf_nat_l3proto_ipv6.c:11:
./include/linux/module.h:132:6: warning: ‘init_module’ specifies less restrictive attribute than its target ‘nf_nat_l3proto_ipv6_init’: ‘cold’ [-Wmissing-attributes]
  132 |  int init_module(void) __attribute__((alias(#initfn)));
      |      ^~~~~~~~~~~
net/ipv6/netfilter/nf_nat_l3proto_ipv6.c:473:1: note: in expansion of macro ‘module_init’
  473 | module_init(nf_nat_l3proto_ipv6_init);
      | ^~~~~~~~~~~
net/ipv6/netfilter/nf_nat_l3proto_ipv6.c:446:19: note: ‘init_module’ target declared here
  446 | static int __init nf_nat_l3proto_ipv6_init(void)
      |                   ^~~~~~~~~~~~~~~~~~~~~~~~
In file included from net/ipv6/netfilter/nf_nat_l3proto_ipv6.c:11:
./include/linux/module.h:138:7: warning: ‘cleanup_module’ specifies less restrictive attribute than its target ‘nf_nat_l3proto_ipv6_exit’: ‘cold’ [-Wmissing-attributes]
  138 |  void cleanup_module(void) __attribute__((alias(#exitfn)));
      |       ^~~~~~~~~~~~~~
net/ipv6/netfilter/nf_nat_l3proto_ipv6.c:474:1: note: in expansion of macro ‘module_exit’
  474 | module_exit(nf_nat_l3proto_ipv6_exit);
      | ^~~~~~~~~~~
net/ipv6/netfilter/nf_nat_l3proto_ipv6.c:464:20: note: ‘cleanup_module’ target declared here
  464 | static void __exit nf_nat_l3proto_ipv6_exit(void)
      |                    ^~~~~~~~~~~~~~~~~~~~~~~~
  CC [M]  net/ipv6/netfilter/nf_nat_proto_icmpv6.o
  LD [M]  net/ipv6/netfilter/nf_nat_ipv6.o
  CC [M]  net/ipv6/netfilter/nf_nat_masquerade_ipv6.o
  CC [M]  net/ipv6/netfilter/nf_defrag_ipv6_hooks.o
In file included from ./include/linux/phy.h:24,
                 from ./include/net/dsa.h:19,
                 from ./include/linux/netdevice.h:44,
                 from ./include/linux/icmpv6.h:12,
                 from ./include/linux/ipv6.h:76,
                 from net/ipv6/netfilter/nf_defrag_ipv6_hooks.c:10:
./include/linux/module.h:132:6: warning: ‘init_module’ specifies less restrictive attribute than its target ‘nf_defrag_init’: ‘cold’ [-Wmissing-attributes]
  132 |  int init_module(void) __attribute__((alias(#initfn)));
      |      ^~~~~~~~~~~
net/ipv6/netfilter/nf_defrag_ipv6_hooks.c:123:1: note: in expansion of macro ‘module_init’
  123 | module_init(nf_defrag_init);
      | ^~~~~~~~~~~
net/ipv6/netfilter/nf_defrag_ipv6_hooks.c:90:19: note: ‘init_module’ target declared here
   90 | static int __init nf_defrag_init(void)
      |                   ^~~~~~~~~~~~~~
In file included from ./include/linux/phy.h:24,
                 from ./include/net/dsa.h:19,
                 from ./include/linux/netdevice.h:44,
                 from ./include/linux/icmpv6.h:12,
                 from ./include/linux/ipv6.h:76,
                 from net/ipv6/netfilter/nf_defrag_ipv6_hooks.c:10:
./include/linux/module.h:138:7: warning: ‘cleanup_module’ specifies less restrictive attribute than its target ‘nf_defrag_fini’: ‘cold’ [-Wmissing-attributes]
  138 |  void cleanup_module(void) __attribute__((alias(#exitfn)));
      |       ^~~~~~~~~~~~~~
net/ipv6/netfilter/nf_defrag_ipv6_hooks.c:124:1: note: in expansion of macro ‘module_exit’
  124 | module_exit(nf_defrag_fini);
      | ^~~~~~~~~~~
net/ipv6/netfilter/nf_defrag_ipv6_hooks.c:112:20: note: ‘cleanup_module’ target declared here
  112 | static void __exit nf_defrag_fini(void)
      |                    ^~~~~~~~~~~~~~
  CC [M]  net/ipv6/netfilter/nf_conntrack_reasm.o
  LD [M]  net/ipv6/netfilter/nf_defrag_ipv6.o
  CC [M]  net/ipv6/netfilter/nf_log_ipv6.o
In file included from net/ipv6/netfilter/nf_log_ipv6.c:12:
./include/linux/module.h:132:6: warning: ‘init_module’ specifies less restrictive attribute than its target ‘nf_log_ipv6_init’: ‘cold’ [-Wmissing-attributes]
  132 |  int init_module(void) __attribute__((alias(#initfn)));
      |      ^~~~~~~~~~~
net/ipv6/netfilter/nf_log_ipv6.c:422:1: note: in expansion of macro ‘module_init’
  422 | module_init(nf_log_ipv6_init);
      | ^~~~~~~~~~~
net/ipv6/netfilter/nf_log_ipv6.c:395:19: note: ‘init_module’ target declared here
  395 | static int __init nf_log_ipv6_init(void)
      |                   ^~~~~~~~~~~~~~~~
In file included from net/ipv6/netfilter/nf_log_ipv6.c:12:
./include/linux/module.h:138:7: warning: ‘cleanup_module’ specifies less restrictive attribute than its target ‘nf_log_ipv6_exit’: ‘cold’ [-Wmissing-attributes]
  138 |  void cleanup_module(void) __attribute__((alias(#exitfn)));
      |       ^~~~~~~~~~~~~~
net/ipv6/netfilter/nf_log_ipv6.c:423:1: note: in expansion of macro ‘module_exit’
  423 | module_exit(nf_log_ipv6_exit);
      | ^~~~~~~~~~~
net/ipv6/netfilter/nf_log_ipv6.c:416:20: note: ‘cleanup_module’ target declared here
  416 | static void __exit nf_log_ipv6_exit(void)
      |                    ^~~~~~~~~~~~~~~~
  CC [M]  net/ipv6/netfilter/nf_reject_ipv6.o
  CC [M]  net/ipv6/netfilter/nf_dup_ipv6.o
  CC [M]  net/ipv6/netfilter/ip6t_ah.o
In file included from net/ipv6/netfilter/ip6t_ah.c:10:
./include/linux/module.h:132:6: warning: ‘init_module’ specifies less restrictive attribute than its target ‘ah_mt6_init’: ‘cold’ [-Wmissing-attributes]
  132 |  int init_module(void) __attribute__((alias(#initfn)));
      |      ^~~~~~~~~~~
net/ipv6/netfilter/ip6t_ah.c:120:1: note: in expansion of macro ‘module_init’
  120 | module_init(ah_mt6_init);
      | ^~~~~~~~~~~
net/ipv6/netfilter/ip6t_ah.c:110:19: note: ‘init_module’ target declared here
  110 | static int __init ah_mt6_init(void)
      |                   ^~~~~~~~~~~
In file included from net/ipv6/netfilter/ip6t_ah.c:10:
./include/linux/module.h:138:7: warning: ‘cleanup_module’ specifies less restrictive attribute than its target ‘ah_mt6_exit’: ‘cold’ [-Wmissing-attributes]
  138 |  void cleanup_module(void) __attribute__((alias(#exitfn)));
      |       ^~~~~~~~~~~~~~
net/ipv6/netfilter/ip6t_ah.c:121:1: note: in expansion of macro ‘module_exit’
  121 | module_exit(ah_mt6_exit);
      | ^~~~~~~~~~~
net/ipv6/netfilter/ip6t_ah.c:115:20: note: ‘cleanup_module’ target declared here
  115 | static void __exit ah_mt6_exit(void)
      |                    ^~~~~~~~~~~
  CC [M]  net/ipv6/netfilter/ip6t_eui64.o
In file included from net/ipv6/netfilter/ip6t_eui64.c:10:
./include/linux/module.h:132:6: warning: ‘init_module’ specifies less restrictive attribute than its target ‘eui64_mt6_init’: ‘cold’ [-Wmissing-attributes]
  132 |  int init_module(void) __attribute__((alias(#initfn)));
      |      ^~~~~~~~~~~
net/ipv6/netfilter/ip6t_eui64.c:73:1: note: in expansion of macro ‘module_init’
   73 | module_init(eui64_mt6_init);
      | ^~~~~~~~~~~
net/ipv6/netfilter/ip6t_eui64.c:63:19: note: ‘init_module’ target declared here
   63 | static int __init eui64_mt6_init(void)
      |                   ^~~~~~~~~~~~~~
In file included from net/ipv6/netfilter/ip6t_eui64.c:10:
./include/linux/module.h:138:7: warning: ‘cleanup_module’ specifies less restrictive attribute than its target ‘eui64_mt6_exit’: ‘cold’ [-Wmissing-attributes]
  138 |  void cleanup_module(void) __attribute__((alias(#exitfn)));
      |       ^~~~~~~~~~~~~~
net/ipv6/netfilter/ip6t_eui64.c:74:1: note: in expansion of macro ‘module_exit’
   74 | module_exit(eui64_mt6_exit);
      | ^~~~~~~~~~~
net/ipv6/netfilter/ip6t_eui64.c:68:20: note: ‘cleanup_module’ target declared here
   68 | static void __exit eui64_mt6_exit(void)
      |                    ^~~~~~~~~~~~~~
  CC [M]  net/ipv6/netfilter/ip6t_frag.o
In file included from net/ipv6/netfilter/ip6t_frag.c:10:
./include/linux/module.h:132:6: warning: ‘init_module’ specifies less restrictive attribute than its target ‘frag_mt6_init’: ‘cold’ [-Wmissing-attributes]
  132 |  int init_module(void) __attribute__((alias(#initfn)));
      |      ^~~~~~~~~~~
net/ipv6/netfilter/ip6t_frag.c:135:1: note: in expansion of macro ‘module_init’
  135 | module_init(frag_mt6_init);
      | ^~~~~~~~~~~
net/ipv6/netfilter/ip6t_frag.c:125:19: note: ‘init_module’ target declared here
  125 | static int __init frag_mt6_init(void)
      |                   ^~~~~~~~~~~~~
In file included from net/ipv6/netfilter/ip6t_frag.c:10:
./include/linux/module.h:138:7: warning: ‘cleanup_module’ specifies less restrictive attribute than its target ‘frag_mt6_exit’: ‘cold’ [-Wmissing-attributes]
  138 |  void cleanup_module(void) __attribute__((alias(#exitfn)));
      |       ^~~~~~~~~~~~~~
net/ipv6/netfilter/ip6t_frag.c:136:1: note: in expansion of macro ‘module_exit’
  136 | module_exit(frag_mt6_exit);
      | ^~~~~~~~~~~
net/ipv6/netfilter/ip6t_frag.c:130:20: note: ‘cleanup_module’ target declared here
  130 | static void __exit frag_mt6_exit(void)
      |                    ^~~~~~~~~~~~~
  CC [M]  net/ipv6/netfilter/ip6t_ipv6header.o
In file included from net/ipv6/netfilter/ip6t_ipv6header.c:14:
./include/linux/module.h:132:6: warning: ‘init_module’ specifies less restrictive attribute than its target ‘ipv6header_mt6_init’: ‘cold’ [-Wmissing-attributes]
  132 |  int init_module(void) __attribute__((alias(#initfn)));
      |      ^~~~~~~~~~~
net/ipv6/netfilter/ip6t_ipv6header.c:152:1: note: in expansion of macro ‘module_init’
  152 | module_init(ipv6header_mt6_init);
      | ^~~~~~~~~~~
net/ipv6/netfilter/ip6t_ipv6header.c:142:19: note: ‘init_module’ target declared here
  142 | static int __init ipv6header_mt6_init(void)
      |                   ^~~~~~~~~~~~~~~~~~~
In file included from net/ipv6/netfilter/ip6t_ipv6header.c:14:
./include/linux/module.h:138:7: warning: ‘cleanup_module’ specifies less restrictive attribute than its target ‘ipv6header_mt6_exit’: ‘cold’ [-Wmissing-attributes]
  138 |  void cleanup_module(void) __attribute__((alias(#exitfn)));
      |       ^~~~~~~~~~~~~~
net/ipv6/netfilter/ip6t_ipv6header.c:153:1: note: in expansion of macro ‘module_exit’
  153 | module_exit(ipv6header_mt6_exit);
      | ^~~~~~~~~~~
net/ipv6/netfilter/ip6t_ipv6header.c:147:20: note: ‘cleanup_module’ target declared here
  147 | static void __exit ipv6header_mt6_exit(void)
      |                    ^~~~~~~~~~~~~~~~~~~
  CC [M]  net/ipv6/netfilter/ip6t_mh.o
In file included from net/ipv6/netfilter/ip6t_mh.c:16:
./include/linux/module.h:132:6: warning: ‘init_module’ specifies less restrictive attribute than its target ‘mh_mt6_init’: ‘cold’ [-Wmissing-attributes]
  132 |  int init_module(void) __attribute__((alias(#initfn)));
      |      ^~~~~~~~~~~
net/ipv6/netfilter/ip6t_mh.c:93:1: note: in expansion of macro ‘module_init’
   93 | module_init(mh_mt6_init);
      | ^~~~~~~~~~~
net/ipv6/netfilter/ip6t_mh.c:83:19: note: ‘init_module’ target declared here
   83 | static int __init mh_mt6_init(void)
      |                   ^~~~~~~~~~~
In file included from net/ipv6/netfilter/ip6t_mh.c:16:
./include/linux/module.h:138:7: warning: ‘cleanup_module’ specifies less restrictive attribute than its target ‘mh_mt6_exit’: ‘cold’ [-Wmissing-attributes]
  138 |  void cleanup_module(void) __attribute__((alias(#exitfn)));
      |       ^~~~~~~~~~~~~~
net/ipv6/netfilter/ip6t_mh.c:94:1: note: in expansion of macro ‘module_exit’
   94 | module_exit(mh_mt6_exit);
      | ^~~~~~~~~~~
net/ipv6/netfilter/ip6t_mh.c:88:20: note: ‘cleanup_module’ target declared here
   88 | static void __exit mh_mt6_exit(void)
      |                    ^~~~~~~~~~~
  CC [M]  net/ipv6/netfilter/ip6t_hbh.o
In file included from net/ipv6/netfilter/ip6t_hbh.c:10:
./include/linux/module.h:132:6: warning: ‘init_module’ specifies less restrictive attribute than its target ‘hbh_mt6_init’: ‘cold’ [-Wmissing-attributes]
  132 |  int init_module(void) __attribute__((alias(#initfn)));
      |      ^~~~~~~~~~~
net/ipv6/netfilter/ip6t_hbh.c:214:1: note: in expansion of macro ‘module_init’
  214 | module_init(hbh_mt6_init);
      | ^~~~~~~~~~~
net/ipv6/netfilter/ip6t_hbh.c:204:19: note: ‘init_module’ target declared here
  204 | static int __init hbh_mt6_init(void)
      |                   ^~~~~~~~~~~~
In file included from net/ipv6/netfilter/ip6t_hbh.c:10:
./include/linux/module.h:138:7: warning: ‘cleanup_module’ specifies less restrictive attribute than its target ‘hbh_mt6_exit’: ‘cold’ [-Wmissing-attributes]
  138 |  void cleanup_module(void) __attribute__((alias(#exitfn)));
      |       ^~~~~~~~~~~~~~
net/ipv6/netfilter/ip6t_hbh.c:215:1: note: in expansion of macro ‘module_exit’
  215 | module_exit(hbh_mt6_exit);
      | ^~~~~~~~~~~
net/ipv6/netfilter/ip6t_hbh.c:209:20: note: ‘cleanup_module’ target declared here
  209 | static void __exit hbh_mt6_exit(void)
      |                    ^~~~~~~~~~~~
  CC [M]  net/ipv6/netfilter/ip6t_rpfilter.o
In file included from net/ipv6/netfilter/ip6t_rpfilter.c:9:
./include/linux/module.h:132:6: warning: ‘init_module’ specifies less restrictive attribute than its target ‘rpfilter_mt_init’: ‘cold’ [-Wmissing-attributes]
  132 |  int init_module(void) __attribute__((alias(#initfn)));
      |      ^~~~~~~~~~~
net/ipv6/netfilter/ip6t_rpfilter.c:139:1: note: in expansion of macro ‘module_init’
  139 | module_init(rpfilter_mt_init);
      | ^~~~~~~~~~~
net/ipv6/netfilter/ip6t_rpfilter.c:129:19: note: ‘init_module’ target declared here
  129 | static int __init rpfilter_mt_init(void)
      |                   ^~~~~~~~~~~~~~~~
In file included from net/ipv6/netfilter/ip6t_rpfilter.c:9:
./include/linux/module.h:138:7: warning: ‘cleanup_module’ specifies less restrictive attribute than its target ‘rpfilter_mt_exit’: ‘cold’ [-Wmissing-attributes]
  138 |  void cleanup_module(void) __attribute__((alias(#exitfn)));
      |       ^~~~~~~~~~~~~~
net/ipv6/netfilter/ip6t_rpfilter.c:140:1: note: in expansion of macro ‘module_exit’
  140 | module_exit(rpfilter_mt_exit);
      | ^~~~~~~~~~~
net/ipv6/netfilter/ip6t_rpfilter.c:134:20: note: ‘cleanup_module’ target declared here
  134 | static void __exit rpfilter_mt_exit(void)
      |                    ^~~~~~~~~~~~~~~~
  CC [M]  net/ipv6/netfilter/ip6t_rt.o
In file included from net/ipv6/netfilter/ip6t_rt.c:10:
./include/linux/module.h:132:6: warning: ‘init_module’ specifies less restrictive attribute than its target ‘rt_mt6_init’: ‘cold’ [-Wmissing-attributes]
  132 |  int init_module(void) __attribute__((alias(#initfn)));
      |      ^~~~~~~~~~~
net/ipv6/netfilter/ip6t_rt.c:224:1: note: in expansion of macro ‘module_init’
  224 | module_init(rt_mt6_init);
      | ^~~~~~~~~~~
net/ipv6/netfilter/ip6t_rt.c:214:19: note: ‘init_module’ target declared here
  214 | static int __init rt_mt6_init(void)
      |                   ^~~~~~~~~~~
In file included from net/ipv6/netfilter/ip6t_rt.c:10:
./include/linux/module.h:138:7: warning: ‘cleanup_module’ specifies less restrictive attribute than its target ‘rt_mt6_exit’: ‘cold’ [-Wmissing-attributes]
  138 |  void cleanup_module(void) __attribute__((alias(#exitfn)));
      |       ^~~~~~~~~~~~~~
net/ipv6/netfilter/ip6t_rt.c:225:1: note: in expansion of macro ‘module_exit’
  225 | module_exit(rt_mt6_exit);
      | ^~~~~~~~~~~
net/ipv6/netfilter/ip6t_rt.c:219:20: note: ‘cleanup_module’ target declared here
  219 | static void __exit rt_mt6_exit(void)
      |                    ^~~~~~~~~~~
  CC [M]  net/ipv6/netfilter/ip6t_MASQUERADE.o
In file included from net/ipv6/netfilter/ip6t_MASQUERADE.c:13:
./include/linux/module.h:132:6: warning: ‘init_module’ specifies less restrictive attribute than its target ‘masquerade_tg6_init’: ‘cold’ [-Wmissing-attributes]
  132 |  int init_module(void) __attribute__((alias(#initfn)));
      |      ^~~~~~~~~~~
net/ipv6/netfilter/ip6t_MASQUERADE.c:66:1: note: in expansion of macro ‘module_init’
   66 | module_init(masquerade_tg6_init);
      | ^~~~~~~~~~~
net/ipv6/netfilter/ip6t_MASQUERADE.c:50:19: note: ‘init_module’ target declared here
   50 | static int __init masquerade_tg6_init(void)
      |                   ^~~~~~~~~~~~~~~~~~~
In file included from net/ipv6/netfilter/ip6t_MASQUERADE.c:13:
./include/linux/module.h:138:7: warning: ‘cleanup_module’ specifies less restrictive attribute than its target ‘masquerade_tg6_exit’: ‘cold’ [-Wmissing-attributes]
  138 |  void cleanup_module(void) __attribute__((alias(#exitfn)));
      |       ^~~~~~~~~~~~~~
net/ipv6/netfilter/ip6t_MASQUERADE.c:67:1: note: in expansion of macro ‘module_exit’
   67 | module_exit(masquerade_tg6_exit);
      | ^~~~~~~~~~~
net/ipv6/netfilter/ip6t_MASQUERADE.c:60:20: note: ‘cleanup_module’ target declared here
   60 | static void __exit masquerade_tg6_exit(void)
      |                    ^~~~~~~~~~~~~~~~~~~
  CC [M]  net/ipv6/netfilter/ip6t_NPT.o
In file included from net/ipv6/netfilter/ip6t_NPT.c:9:
./include/linux/module.h:132:6: warning: ‘init_module’ specifies less restrictive attribute than its target ‘ip6t_npt_init’: ‘cold’ [-Wmissing-attributes]
  132 |  int init_module(void) __attribute__((alias(#initfn)));
      |      ^~~~~~~~~~~
net/ipv6/netfilter/ip6t_NPT.c:146:1: note: in expansion of macro ‘module_init’
  146 | module_init(ip6t_npt_init);
      | ^~~~~~~~~~~
net/ipv6/netfilter/ip6t_NPT.c:134:19: note: ‘init_module’ target declared here
  134 | static int __init ip6t_npt_init(void)
      |                   ^~~~~~~~~~~~~
In file included from net/ipv6/netfilter/ip6t_NPT.c:9:
./include/linux/module.h:138:7: warning: ‘cleanup_module’ specifies less restrictive attribute than its target ‘ip6t_npt_exit’: ‘cold’ [-Wmissing-attributes]
  138 |  void cleanup_module(void) __attribute__((alias(#exitfn)));
      |       ^~~~~~~~~~~~~~
net/ipv6/netfilter/ip6t_NPT.c:147:1: note: in expansion of macro ‘module_exit’
  147 | module_exit(ip6t_npt_exit);
      | ^~~~~~~~~~~
net/ipv6/netfilter/ip6t_NPT.c:140:20: note: ‘cleanup_module’ target declared here
  140 | static void __exit ip6t_npt_exit(void)
      |                    ^~~~~~~~~~~~~
  CC [M]  net/ipv6/netfilter/ip6t_REJECT.o
In file included from net/ipv6/netfilter/ip6t_REJECT.c:22:
./include/linux/module.h:132:6: warning: ‘init_module’ specifies less restrictive attribute than its target ‘reject_tg6_init’: ‘cold’ [-Wmissing-attributes]
  132 |  int init_module(void) __attribute__((alias(#initfn)));
      |      ^~~~~~~~~~~
net/ipv6/netfilter/ip6t_REJECT.c:119:1: note: in expansion of macro ‘module_init’
  119 | module_init(reject_tg6_init);
      | ^~~~~~~~~~~
net/ipv6/netfilter/ip6t_REJECT.c:109:19: note: ‘init_module’ target declared here
  109 | static int __init reject_tg6_init(void)
      |                   ^~~~~~~~~~~~~~~
In file included from net/ipv6/netfilter/ip6t_REJECT.c:22:
./include/linux/module.h:138:7: warning: ‘cleanup_module’ specifies less restrictive attribute than its target ‘reject_tg6_exit’: ‘cold’ [-Wmissing-attributes]
  138 |  void cleanup_module(void) __attribute__((alias(#exitfn)));
      |       ^~~~~~~~~~~~~~
net/ipv6/netfilter/ip6t_REJECT.c:120:1: note: in expansion of macro ‘module_exit’
  120 | module_exit(reject_tg6_exit);
      | ^~~~~~~~~~~
net/ipv6/netfilter/ip6t_REJECT.c:114:20: note: ‘cleanup_module’ target declared here
  114 | static void __exit reject_tg6_exit(void)
      |                    ^~~~~~~~~~~~~~~
  CC      net/ipv6/addrconf_core.o
  CC      net/ipv6/exthdrs_core.o
  CC      net/ipv6/ip6_checksum.o
  CC      net/ipv6/ip6_icmp.o
  CC      net/ipv6/output_core.o
  CC      net/ipv6/protocol.o
  CC      net/ipv6/ip6_offload.o
  CC      net/ipv6/tcpv6_offload.o
  CC      net/ipv6/exthdrs_offload.o
  CC      net/ipv6/inet6_hashtables.o
  CC      net/ipv6/mcast_snoop.o
  LD      net/ipv6/built-in.o
  CC [M]  net/ipv6/af_inet6.o
In file included from net/ipv6/af_inet6.c:23:
./include/linux/module.h:132:6: warning: ‘init_module’ specifies less restrictive attribute than its target ‘inet6_init’: ‘cold’ [-Wmissing-attributes]
  132 |  int init_module(void) __attribute__((alias(#initfn)));
      |      ^~~~~~~~~~~
net/ipv6/af_inet6.c:1067:1: note: in expansion of macro ‘module_init’
 1067 | module_init(inet6_init);
      | ^~~~~~~~~~~
net/ipv6/af_inet6.c:851:19: note: ‘init_module’ target declared here
  851 | static int __init inet6_init(void)
      |                   ^~~~~~~~~~
  CC [M]  net/ipv6/anycast.o
  CC [M]  net/ipv6/ip6_output.o
  CC [M]  net/ipv6/ip6_input.o
  CC [M]  net/ipv6/addrconf.o
  CC [M]  net/ipv6/addrlabel.o
  CC [M]  net/ipv6/route.o
  CC [M]  net/ipv6/ip6_fib.o
  CC [M]  net/ipv6/ipv6_sockglue.o
  CC [M]  net/ipv6/ndisc.o
net/ipv6/ndisc.c: In function ‘ndisc_router_discovery’:
net/ipv6/ndisc.c:1389:36: warning: converting a packed ‘struct nd_opt_hdr’ pointer (alignment 1) to a ‘struct route_info’ pointer (alignment 4) may result in an unaligned pointer value [-Waddress-of-packed-member]
 1389 |    struct route_info *ri = (struct route_info *)p;
      |                                    ^~~~~~~~~~
In file included from ./include/net/ipv6.h:20,
                 from net/ipv6/ndisc.c:57:
./include/net/ndisc.h:99:8: note: defined here
   99 | struct nd_opt_hdr {
      |        ^~~~~~~~~~
In file included from net/ipv6/ndisc.c:60:
./include/net/ip6_route.h:4:8: note: defined here
    4 | struct route_info {
      |        ^~~~~~~~~~
  CC [M]  net/ipv6/udp.o
  CC [M]  net/ipv6/udplite.o
  CC [M]  net/ipv6/raw.o
  CC [M]  net/ipv6/icmp.o
  CC [M]  net/ipv6/mcast.o
  CC [M]  net/ipv6/reassembly.o
  CC [M]  net/ipv6/tcp_ipv6.o
  CC [M]  net/ipv6/ping.o
  CC [M]  net/ipv6/exthdrs.o
  CC [M]  net/ipv6/datagram.o
  CC [M]  net/ipv6/ip6_flowlabel.o
  CC [M]  net/ipv6/inet6_connection_sock.o
  CC [M]  net/ipv6/udp_offload.o
  CC [M]  net/ipv6/sysctl_net_ipv6.o
  CC [M]  net/ipv6/ip6mr.o
  CC [M]  net/ipv6/xfrm6_policy.o
  CC [M]  net/ipv6/xfrm6_state.o
  CC [M]  net/ipv6/xfrm6_input.o
  CC [M]  net/ipv6/xfrm6_output.o
  CC [M]  net/ipv6/xfrm6_protocol.o
  CC [M]  net/ipv6/netfilter.o
  CC [M]  net/ipv6/fib6_rules.o
  CC [M]  net/ipv6/proc.o
  CC [M]  net/ipv6/syncookies.o
  LD [M]  net/ipv6/ipv6.o
  CC [M]  net/ipv6/ah6.o
In file included from net/ipv6/ah6.c:29:
./include/linux/module.h:132:6: warning: ‘init_module’ specifies less restrictive attribute than its target ‘ah6_init’: ‘cold’ [-Wmissing-attributes]
  132 |  int init_module(void) __attribute__((alias(#initfn)));
      |      ^~~~~~~~~~~
net/ipv6/ah6.c:803:1: note: in expansion of macro ‘module_init’
  803 | module_init(ah6_init);
      | ^~~~~~~~~~~
net/ipv6/ah6.c:777:19: note: ‘init_module’ target declared here
  777 | static int __init ah6_init(void)
      |                   ^~~~~~~~
In file included from net/ipv6/ah6.c:29:
./include/linux/module.h:138:7: warning: ‘cleanup_module’ specifies less restrictive attribute than its target ‘ah6_fini’: ‘cold’ [-Wmissing-attributes]
  138 |  void cleanup_module(void) __attribute__((alias(#exitfn)));
      |       ^~~~~~~~~~~~~~
net/ipv6/ah6.c:804:1: note: in expansion of macro ‘module_exit’
  804 | module_exit(ah6_fini);
      | ^~~~~~~~~~~
net/ipv6/ah6.c:793:20: note: ‘cleanup_module’ target declared here
  793 | static void __exit ah6_fini(void)
      |                    ^~~~~~~~
  CC [M]  net/ipv6/esp6.o
In file included from net/ipv6/esp6.c:31:
./include/linux/module.h:132:6: warning: ‘init_module’ specifies less restrictive attribute than its target ‘esp6_init’: ‘cold’ [-Wmissing-attributes]
  132 |  int init_module(void) __attribute__((alias(#initfn)));
      |      ^~~~~~~~~~~
net/ipv6/esp6.c:712:1: note: in expansion of macro ‘module_init’
  712 | module_init(esp6_init);
      | ^~~~~~~~~~~
net/ipv6/esp6.c:689:19: note: ‘init_module’ target declared here
  689 | static int __init esp6_init(void)
      |                   ^~~~~~~~~
In file included from net/ipv6/esp6.c:31:
./include/linux/module.h:138:7: warning: ‘cleanup_module’ specifies less restrictive attribute than its target ‘esp6_fini’: ‘cold’ [-Wmissing-attributes]
  138 |  void cleanup_module(void) __attribute__((alias(#exitfn)));
      |       ^~~~~~~~~~~~~~
net/ipv6/esp6.c:713:1: note: in expansion of macro ‘module_exit’
  713 | module_exit(esp6_fini);
      | ^~~~~~~~~~~
net/ipv6/esp6.c:704:20: note: ‘cleanup_module’ target declared here
  704 | static void __exit esp6_fini(void)
      |                    ^~~~~~~~~
  CC [M]  net/ipv6/ipcomp6.o
In file included from net/ipv6/ipcomp6.c:35:
./include/linux/module.h:132:6: warning: ‘init_module’ specifies less restrictive attribute than its target ‘ipcomp6_init’: ‘cold’ [-Wmissing-attributes]
  132 |  int init_module(void) __attribute__((alias(#initfn)));
      |      ^~~~~~~~~~~
net/ipv6/ipcomp6.c:224:1: note: in expansion of macro ‘module_init’
  224 | module_init(ipcomp6_init);
      | ^~~~~~~~~~~
net/ipv6/ipcomp6.c:202:19: note: ‘init_module’ target declared here
  202 | static int __init ipcomp6_init(void)
      |                   ^~~~~~~~~~~~
In file included from net/ipv6/ipcomp6.c:35:
./include/linux/module.h:138:7: warning: ‘cleanup_module’ specifies less restrictive attribute than its target ‘ipcomp6_fini’: ‘cold’ [-Wmissing-attributes]
  138 |  void cleanup_module(void) __attribute__((alias(#exitfn)));
      |       ^~~~~~~~~~~~~~
net/ipv6/ipcomp6.c:225:1: note: in expansion of macro ‘module_exit’
  225 | module_exit(ipcomp6_fini);
      | ^~~~~~~~~~~
net/ipv6/ipcomp6.c:216:20: note: ‘cleanup_module’ target declared here
  216 | static void __exit ipcomp6_fini(void)
      |                    ^~~~~~~~~~~~
  CC [M]  net/ipv6/xfrm6_tunnel.o
In file included from net/ipv6/xfrm6_tunnel.c:23:
./include/linux/module.h:132:6: warning: ‘init_module’ specifies less restrictive attribute than its target ‘xfrm6_tunnel_init’: ‘cold’ [-Wmissing-attributes]
  132 |  int init_module(void) __attribute__((alias(#initfn)));
      |      ^~~~~~~~~~~
net/ipv6/xfrm6_tunnel.c:394:1: note: in expansion of macro ‘module_init’
  394 | module_init(xfrm6_tunnel_init);
      | ^~~~~~~~~~~
net/ipv6/xfrm6_tunnel.c:350:19: note: ‘init_module’ target declared here
  350 | static int __init xfrm6_tunnel_init(void)
      |                   ^~~~~~~~~~~~~~~~~
In file included from net/ipv6/xfrm6_tunnel.c:23:
./include/linux/module.h:138:7: warning: ‘cleanup_module’ specifies less restrictive attribute than its target ‘xfrm6_tunnel_fini’: ‘cold’ [-Wmissing-attributes]
  138 |  void cleanup_module(void) __attribute__((alias(#exitfn)));
      |       ^~~~~~~~~~~~~~
net/ipv6/xfrm6_tunnel.c:395:1: note: in expansion of macro ‘module_exit’
  395 | module_exit(xfrm6_tunnel_fini);
      | ^~~~~~~~~~~
net/ipv6/xfrm6_tunnel.c:385:20: note: ‘cleanup_module’ target declared here
  385 | static void __exit xfrm6_tunnel_fini(void)
      |                    ^~~~~~~~~~~~~~~~~
  CC [M]  net/ipv6/tunnel6.o
In file included from ./include/linux/phy.h:24,
                 from ./include/net/dsa.h:19,
                 from ./include/linux/netdevice.h:44,
                 from ./include/linux/icmpv6.h:12,
                 from net/ipv6/tunnel6.c:23:
./include/linux/module.h:132:6: warning: ‘init_module’ specifies less restrictive attribute than its target ‘tunnel6_init’: ‘cold’ [-Wmissing-attributes]
  132 |  int init_module(void) __attribute__((alias(#initfn)));
      |      ^~~~~~~~~~~
net/ipv6/tunnel6.c:191:1: note: in expansion of macro ‘module_init’
  191 | module_init(tunnel6_init);
      | ^~~~~~~~~~~
net/ipv6/tunnel6.c:169:19: note: ‘init_module’ target declared here
  169 | static int __init tunnel6_init(void)
      |                   ^~~~~~~~~~~~
In file included from ./include/linux/phy.h:24,
                 from ./include/net/dsa.h:19,
                 from ./include/linux/netdevice.h:44,
                 from ./include/linux/icmpv6.h:12,
                 from net/ipv6/tunnel6.c:23:
./include/linux/module.h:138:7: warning: ‘cleanup_module’ specifies less restrictive attribute than its target ‘tunnel6_fini’: ‘cold’ [-Wmissing-attributes]
  138 |  void cleanup_module(void) __attribute__((alias(#exitfn)));
      |       ^~~~~~~~~~~~~~
net/ipv6/tunnel6.c:192:1: note: in expansion of macro ‘module_exit’
  192 | module_exit(tunnel6_fini);
      | ^~~~~~~~~~~
net/ipv6/tunnel6.c:183:20: note: ‘cleanup_module’ target declared here
  183 | static void __exit tunnel6_fini(void)
      |                    ^~~~~~~~~~~~
  CC [M]  net/ipv6/xfrm6_mode_transport.o
In file included from net/ipv6/xfrm6_mode_transport.c:10:
./include/linux/module.h:132:6: warning: ‘init_module’ specifies less restrictive attribute than its target ‘xfrm6_transport_init’: ‘cold’ [-Wmissing-attributes]
  132 |  int init_module(void) __attribute__((alias(#initfn)));
      |      ^~~~~~~~~~~
net/ipv6/xfrm6_mode_transport.c:84:1: note: in expansion of macro ‘module_init’
   84 | module_init(xfrm6_transport_init);
      | ^~~~~~~~~~~
net/ipv6/xfrm6_mode_transport.c:71:19: note: ‘init_module’ target declared here
   71 | static int __init xfrm6_transport_init(void)
      |                   ^~~~~~~~~~~~~~~~~~~~
In file included from net/ipv6/xfrm6_mode_transport.c:10:
./include/linux/module.h:138:7: warning: ‘cleanup_module’ specifies less restrictive attribute than its target ‘xfrm6_transport_exit’: ‘cold’ [-Wmissing-attributes]
  138 |  void cleanup_module(void) __attribute__((alias(#exitfn)));
      |       ^~~~~~~~~~~~~~
net/ipv6/xfrm6_mode_transport.c:85:1: note: in expansion of macro ‘module_exit’
   85 | module_exit(xfrm6_transport_exit);
      | ^~~~~~~~~~~
net/ipv6/xfrm6_mode_transport.c:76:20: note: ‘cleanup_module’ target declared here
   76 | static void __exit xfrm6_transport_exit(void)
      |                    ^~~~~~~~~~~~~~~~~~~~
  CC [M]  net/ipv6/xfrm6_mode_tunnel.o
In file included from net/ipv6/xfrm6_mode_tunnel.c:11:
./include/linux/module.h:132:6: warning: ‘init_module’ specifies less restrictive attribute than its target ‘xfrm6_mode_tunnel_init’: ‘cold’ [-Wmissing-attributes]
  132 |  int init_module(void) __attribute__((alias(#initfn)));
      |      ^~~~~~~~~~~
net/ipv6/xfrm6_mode_tunnel.c:122:1: note: in expansion of macro ‘module_init’
  122 | module_init(xfrm6_mode_tunnel_init);
      | ^~~~~~~~~~~
net/ipv6/xfrm6_mode_tunnel.c:109:19: note: ‘init_module’ target declared here
  109 | static int __init xfrm6_mode_tunnel_init(void)
      |                   ^~~~~~~~~~~~~~~~~~~~~~
In file included from net/ipv6/xfrm6_mode_tunnel.c:11:
./include/linux/module.h:138:7: warning: ‘cleanup_module’ specifies less restrictive attribute than its target ‘xfrm6_mode_tunnel_exit’: ‘cold’ [-Wmissing-attributes]
  138 |  void cleanup_module(void) __attribute__((alias(#exitfn)));
      |       ^~~~~~~~~~~~~~
net/ipv6/xfrm6_mode_tunnel.c:123:1: note: in expansion of macro ‘module_exit’
  123 | module_exit(xfrm6_mode_tunnel_exit);
      | ^~~~~~~~~~~
net/ipv6/xfrm6_mode_tunnel.c:114:20: note: ‘cleanup_module’ target declared here
  114 | static void __exit xfrm6_mode_tunnel_exit(void)
      |                    ^~~~~~~~~~~~~~~~~~~~~~
  CC [M]  net/ipv6/xfrm6_mode_beet.o
In file included from net/ipv6/xfrm6_mode_beet.c:13:
./include/linux/module.h:132:6: warning: ‘init_module’ specifies less restrictive attribute than its target ‘xfrm6_beet_init’: ‘cold’ [-Wmissing-attributes]
  132 |  int init_module(void) __attribute__((alias(#initfn)));
      |      ^~~~~~~~~~~
net/ipv6/xfrm6_mode_beet.c:128:1: note: in expansion of macro ‘module_init’
  128 | module_init(xfrm6_beet_init);
      | ^~~~~~~~~~~
net/ipv6/xfrm6_mode_beet.c:115:19: note: ‘init_module’ target declared here
  115 | static int __init xfrm6_beet_init(void)
      |                   ^~~~~~~~~~~~~~~
In file included from net/ipv6/xfrm6_mode_beet.c:13:
./include/linux/module.h:138:7: warning: ‘cleanup_module’ specifies less restrictive attribute than its target ‘xfrm6_beet_exit’: ‘cold’ [-Wmissing-attributes]
  138 |  void cleanup_module(void) __attribute__((alias(#exitfn)));
      |       ^~~~~~~~~~~~~~
net/ipv6/xfrm6_mode_beet.c:129:1: note: in expansion of macro ‘module_exit’
  129 | module_exit(xfrm6_beet_exit);
      | ^~~~~~~~~~~
net/ipv6/xfrm6_mode_beet.c:120:20: note: ‘cleanup_module’ target declared here
  120 | static void __exit xfrm6_beet_exit(void)
      |                    ^~~~~~~~~~~~~~~
  CC [M]  net/ipv6/sit.o
In file included from net/ipv6/sit.c:22:
./include/linux/module.h:132:6: warning: ‘init_module’ specifies less restrictive attribute than its target ‘sit_init’: ‘cold’ [-Wmissing-attributes]
  132 |  int init_module(void) __attribute__((alias(#initfn)));
      |      ^~~~~~~~~~~
net/ipv6/sit.c:1924:1: note: in expansion of macro ‘module_init’
 1924 | module_init(sit_init);
      | ^~~~~~~~~~~
net/ipv6/sit.c:1878:19: note: ‘init_module’ target declared here
 1878 | static int __init sit_init(void)
      |                   ^~~~~~~~
In file included from net/ipv6/sit.c:22:
./include/linux/module.h:138:7: warning: ‘cleanup_module’ specifies less restrictive attribute than its target ‘sit_cleanup’: ‘cold’ [-Wmissing-attributes]
  138 |  void cleanup_module(void) __attribute__((alias(#exitfn)));
      |       ^~~~~~~~~~~~~~
net/ipv6/sit.c:1925:1: note: in expansion of macro ‘module_exit’
 1925 | module_exit(sit_cleanup);
      | ^~~~~~~~~~~
net/ipv6/sit.c:1865:20: note: ‘cleanup_module’ target declared here
 1865 | static void __exit sit_cleanup(void)
      |                    ^~~~~~~~~~~
  CC [M]  net/ipv6/ip6_tunnel.o
net/ipv6/ip6_tunnel.c: In function ‘ip6_tnl_parse_tlv_enc_lim’:
net/ipv6/ip6_tunnel.c:417:40: warning: converting a packed ‘struct ipv6_opt_hdr’ pointer (alignment 1) to a ‘struct frag_hdr’ pointer (alignment 4) may result in an unaligned pointer value [-Waddress-of-packed-member]
  417 |    struct frag_hdr *frag_hdr = (struct frag_hdr *) hdr;
      |                                        ^~~~~~~~
In file included from ./include/linux/ipv6.h:4,
                 from ./include/net/ipv6.h:16,
                 from ./include/net/inetpeer.h:15,
                 from ./include/net/route.h:28,
                 from ./include/net/ip.h:31,
                 from net/ipv6/ip6_tunnel.c:49:
./include/uapi/linux/ipv6.h:59:8: note: defined here
   59 | struct ipv6_opt_hdr {
      |        ^~~~~~~~~~~~
In file included from ./include/net/inetpeer.h:15,
                 from ./include/net/route.h:28,
                 from ./include/net/ip.h:31,
                 from net/ipv6/ip6_tunnel.c:49:
./include/net/ipv6.h:105:8: note: defined here
  105 | struct frag_hdr {
      |        ^~~~~~~~
In file included from net/ipv6/ip6_tunnel.c:23:
net/ipv6/ip6_tunnel.c: At top level:
./include/linux/module.h:132:6: warning: ‘init_module’ specifies less restrictive attribute than its target ‘ip6_tunnel_init’: ‘cold’ [-Wmissing-attributes]
  132 |  int init_module(void) __attribute__((alias(#initfn)));
      |      ^~~~~~~~~~~
net/ipv6/ip6_tunnel.c:2286:1: note: in expansion of macro ‘module_init’
 2286 | module_init(ip6_tunnel_init);
      | ^~~~~~~~~~~
net/ipv6/ip6_tunnel.c:2232:19: note: ‘init_module’ target declared here
 2232 | static int __init ip6_tunnel_init(void)
      |                   ^~~~~~~~~~~~~~~
In file included from net/ipv6/ip6_tunnel.c:23:
./include/linux/module.h:138:7: warning: ‘cleanup_module’ specifies less restrictive attribute than its target ‘ip6_tunnel_cleanup’: ‘cold’ [-Wmissing-attributes]
  138 |  void cleanup_module(void) __attribute__((alias(#exitfn)));
      |       ^~~~~~~~~~~~~~
net/ipv6/ip6_tunnel.c:2287:1: note: in expansion of macro ‘module_exit’
 2287 | module_exit(ip6_tunnel_cleanup);
      | ^~~~~~~~~~~
net/ipv6/ip6_tunnel.c:2274:20: note: ‘cleanup_module’ target declared here
 2274 | static void __exit ip6_tunnel_cleanup(void)
      |                    ^~~~~~~~~~~~~~~~~~
  CC [M]  net/ipv6/ip6_udp_tunnel.o
  LD      net/irda/built-in.o
  CC [M]  net/irda/iriap.o
  CC [M]  net/irda/iriap_event.o
  CC [M]  net/irda/irlmp.o
net/irda/irlmp.c: In function ‘irlmp_do_discovery’:
net/irda/irlmp.c:857:2: warning: ‘strncpy’ output may be truncated copying 21 bytes from a string of length 64 [-Wstringop-truncation]
  857 |  strncpy(irlmp->discovery_cmd.data.info, sysctl_devname,
      |  ^~~~~~~~~~~~~~~~~~~~~~~~~~~~~~~~~~~~~~~~~~~~~~~~~~~~~~~
  858 |   NICKNAME_MAX_LEN);
      |   ~~~~~~~~~~~~~~~~~
net/irda/irlmp.c: In function ‘irlmp_get_discovery_response’:
net/irda/irlmp.c:1086:2: warning: ‘strncpy’ output may be truncated copying 21 bytes from a string of length 64 [-Wstringop-truncation]
 1086 |  strncpy(irlmp->discovery_rsp.data.info, sysctl_devname,
      |  ^~~~~~~~~~~~~~~~~~~~~~~~~~~~~~~~~~~~~~~~~~~~~~~~~~~~~~~
 1087 |   NICKNAME_MAX_LEN);
      |   ~~~~~~~~~~~~~~~~~
  CC [M]  net/irda/irlmp_event.o
  CC [M]  net/irda/irlmp_frame.o
  CC [M]  net/irda/irlap.o
  CC [M]  net/irda/irlap_event.o
  CC [M]  net/irda/irlap_frame.o
  CC [M]  net/irda/timer.o
  CC [M]  net/irda/qos.o
  CC [M]  net/irda/irqueue.o
  CC [M]  net/irda/irttp.o
  CC [M]  net/irda/irda_device.o
  CC [M]  net/irda/irias_object.o
  CC [M]  net/irda/wrapper.o
  CC [M]  net/irda/af_irda.o
net/irda/af_irda.c: In function ‘irda_open_tsap’:
net/irda/af_irda.c:471:2: warning: ‘strncpy’ specified bound 16 equals destination size [-Wstringop-truncation]
  471 |  strncpy(notify.name, name, NOTIFY_MAX_NAME);
      |  ^~~~~~~~~~~~~~~~~~~~~~~~~~~~~~~~~~~~~~~~~~~
  CC [M]  net/irda/discovery.o
  CC [M]  net/irda/parameters.o
  CC [M]  net/irda/irnetlink.o
  CC [M]  net/irda/irmod.o
In file included from net/irda/irmod.c:34:
./include/linux/module.h:132:6: warning: ‘init_module’ specifies less restrictive attribute than its target ‘irda_init’: ‘cold’ [-Wmissing-attributes]
  132 |  int init_module(void) __attribute__((alias(#initfn)));
      |      ^~~~~~~~~~~
./include/linux/module.h:115:30: note: in expansion of macro ‘module_init’
  115 | #define subsys_initcall(fn)  module_init(fn)
      |                              ^~~~~~~~~~~
net/irda/irmod.c:193:1: note: in expansion of macro ‘subsys_initcall’
  193 | subsys_initcall(irda_init);
      | ^~~~~~~~~~~~~~~
net/irda/irmod.c:79:19: note: ‘init_module’ target declared here
   79 | static int __init irda_init(void)
      |                   ^~~~~~~~~
In file included from net/irda/irmod.c:34:
./include/linux/module.h:138:7: warning: ‘cleanup_module’ specifies less restrictive attribute than its target ‘irda_cleanup’: ‘cold’ [-Wmissing-attributes]
  138 |  void cleanup_module(void) __attribute__((alias(#exitfn)));
      |       ^~~~~~~~~~~~~~
net/irda/irmod.c:194:1: note: in expansion of macro ‘module_exit’
  194 | module_exit(irda_cleanup);
      | ^~~~~~~~~~~
net/irda/irmod.c:151:20: note: ‘cleanup_module’ target declared here
  151 | static void __exit irda_cleanup(void)
      |                    ^~~~~~~~~~~~
  CC [M]  net/irda/irproc.o
  CC [M]  net/irda/irsysctl.o
  LD [M]  net/irda/irda.o
  LD      net/irda/ircomm/built-in.o
  CC [M]  net/irda/ircomm/ircomm_core.o
In file included from net/irda/ircomm/ircomm_core.c:30:
./include/linux/module.h:132:6: warning: ‘init_module’ specifies less restrictive attribute than its target ‘ircomm_init’: ‘cold’ [-Wmissing-attributes]
  132 |  int init_module(void) __attribute__((alias(#initfn)));
      |      ^~~~~~~~~~~
net/irda/ircomm/ircomm_core.c:562:1: note: in expansion of macro ‘module_init’
  562 | module_init(ircomm_init);
      | ^~~~~~~~~~~
net/irda/ircomm/ircomm_core.c:68:19: note: ‘init_module’ target declared here
   68 | static int __init ircomm_init(void)
      |                   ^~~~~~~~~~~
In file included from net/irda/ircomm/ircomm_core.c:30:
./include/linux/module.h:138:7: warning: ‘cleanup_module’ specifies less restrictive attribute than its target ‘ircomm_cleanup’: ‘cold’ [-Wmissing-attributes]
  138 |  void cleanup_module(void) __attribute__((alias(#exitfn)));
      |       ^~~~~~~~~~~~~~
net/irda/ircomm/ircomm_core.c:563:1: note: in expansion of macro ‘module_exit’
  563 | module_exit(ircomm_cleanup);
      | ^~~~~~~~~~~
net/irda/ircomm/ircomm_core.c:92:20: note: ‘cleanup_module’ target declared here
   92 | static void __exit ircomm_cleanup(void)
      |                    ^~~~~~~~~~~~~~
  CC [M]  net/irda/ircomm/ircomm_event.o
  CC [M]  net/irda/ircomm/ircomm_lmp.o
  CC [M]  net/irda/ircomm/ircomm_ttp.o
  LD [M]  net/irda/ircomm/ircomm.o
  CC [M]  net/irda/ircomm/ircomm_tty.o
In file included from net/irda/ircomm/ircomm_tty.c:32:
./include/linux/module.h:132:6: warning: ‘init_module’ specifies less restrictive attribute than its target ‘ircomm_tty_init’: ‘cold’ [-Wmissing-attributes]
  132 |  int init_module(void) __attribute__((alias(#initfn)));
      |      ^~~~~~~~~~~
net/irda/ircomm/ircomm_tty.c:1328:1: note: in expansion of macro ‘module_init’
 1328 | module_init(ircomm_tty_init);
      | ^~~~~~~~~~~
net/irda/ircomm/ircomm_tty.c:143:19: note: ‘init_module’ target declared here
  143 | static int __init ircomm_tty_init(void)
      |                   ^~~~~~~~~~~~~~~
In file included from net/irda/ircomm/ircomm_tty.c:32:
./include/linux/module.h:138:7: warning: ‘cleanup_module’ specifies less restrictive attribute than its target ‘ircomm_tty_cleanup’: ‘cold’ [-Wmissing-attributes]
  138 |  void cleanup_module(void) __attribute__((alias(#exitfn)));
      |       ^~~~~~~~~~~~~~
net/irda/ircomm/ircomm_tty.c:1329:1: note: in expansion of macro ‘module_exit’
 1329 | module_exit(ircomm_tty_cleanup);
      | ^~~~~~~~~~~
net/irda/ircomm/ircomm_tty.c:193:20: note: ‘cleanup_module’ target declared here
  193 | static void __exit ircomm_tty_cleanup(void)
      |                    ^~~~~~~~~~~~~~~~~~
  CC [M]  net/irda/ircomm/ircomm_tty_attach.o
  CC [M]  net/irda/ircomm/ircomm_tty_ioctl.o
  CC [M]  net/irda/ircomm/ircomm_param.o
In function ‘ircomm_param_port_name’,
    inlined from ‘ircomm_param_port_name’ at net/irda/ircomm/ircomm_param.c:246:12:
net/irda/ircomm/ircomm_param.c:257:3: warning: ‘strncpy’ specified bound 32 equals destination size [-Wstringop-truncation]
  257 |   strncpy(self->settings.port_name, param->pv.c, 32);
      |   ^~~~~~~~~~~~~~~~~~~~~~~~~~~~~~~~~~~~~~~~~~~~~~~~~~
  LD [M]  net/irda/ircomm/ircomm-tty.o
  LD      net/irda/irlan/built-in.o
  CC [M]  net/irda/irlan/irlan_common.o
In file included from net/irda/irlan/irlan_common.c:26:
./include/linux/module.h:132:6: warning: ‘init_module’ specifies less restrictive attribute than its target ‘irlan_init’: ‘cold’ [-Wmissing-attributes]
  132 |  int init_module(void) __attribute__((alias(#initfn)));
      |      ^~~~~~~~~~~
net/irda/irlan/irlan_common.c:1174:1: note: in expansion of macro ‘module_init’
 1174 | module_init(irlan_init);
      | ^~~~~~~~~~~
net/irda/irlan/irlan_common.c:116:19: note: ‘init_module’ target declared here
  116 | static int __init irlan_init(void)
      |                   ^~~~~~~~~~
In file included from net/irda/irlan/irlan_common.c:26:
./include/linux/module.h:138:7: warning: ‘cleanup_module’ specifies less restrictive attribute than its target ‘irlan_cleanup’: ‘cold’ [-Wmissing-attributes]
  138 |  void cleanup_module(void) __attribute__((alias(#exitfn)));
      |       ^~~~~~~~~~~~~~
net/irda/irlan/irlan_common.c:1175:1: note: in expansion of macro ‘module_exit’
 1175 | module_exit(irlan_cleanup);
      | ^~~~~~~~~~~
net/irda/irlan/irlan_common.c:169:20: note: ‘cleanup_module’ target declared here
  169 | static void __exit irlan_cleanup(void)
      |                    ^~~~~~~~~~~~~
  CC [M]  net/irda/irlan/irlan_eth.o
  CC [M]  net/irda/irlan/irlan_event.o
  CC [M]  net/irda/irlan/irlan_client.o
  CC [M]  net/irda/irlan/irlan_provider.o
  CC [M]  net/irda/irlan/irlan_filter.o
  CC [M]  net/irda/irlan/irlan_provider_event.o
  CC [M]  net/irda/irlan/irlan_client_event.o
  LD [M]  net/irda/irlan/irlan.o
  LD      net/irda/irnet/built-in.o
  CC [M]  net/irda/irnet/irnet_ppp.o
In file included from net/irda/irnet/irnet.h:241,
                 from net/irda/irnet/irnet_ppp.h:17,
                 from net/irda/irnet/irnet_ppp.c:18:
./include/linux/module.h:132:6: warning: ‘init_module’ specifies less restrictive attribute than its target ‘irnet_init’: ‘cold’ [-Wmissing-attributes]
  132 |  int init_module(void) __attribute__((alias(#initfn)));
      |      ^~~~~~~~~~~
net/irda/irnet/irnet_ppp.c:1183:1: note: in expansion of macro ‘module_init’
 1183 | module_init(irnet_init);
      | ^~~~~~~~~~~
net/irda/irnet/irnet_ppp.c:1157:1: note: ‘init_module’ target declared here
 1157 | irnet_init(void)
      | ^~~~~~~~~~
In file included from net/irda/irnet/irnet.h:241,
                 from net/irda/irnet/irnet_ppp.h:17,
                 from net/irda/irnet/irnet_ppp.c:18:
./include/linux/module.h:138:7: warning: ‘cleanup_module’ specifies less restrictive attribute than its target ‘irnet_cleanup’: ‘cold’ [-Wmissing-attributes]
  138 |  void cleanup_module(void) __attribute__((alias(#exitfn)));
      |       ^~~~~~~~~~~~~~
net/irda/irnet/irnet_ppp.c:1184:1: note: in expansion of macro ‘module_exit’
 1184 | module_exit(irnet_cleanup);
      | ^~~~~~~~~~~
net/irda/irnet/irnet_ppp.c:1173:1: note: ‘cleanup_module’ target declared here
 1173 | irnet_cleanup(void)
      | ^~~~~~~~~~~~~
  CC [M]  net/irda/irnet/irnet_irda.o
  LD [M]  net/irda/irnet/irnet.o
  LD      net/key/built-in.o
  CC [M]  net/key/af_key.o
In file included from net/key/af_key.c:18:
./include/linux/module.h:132:6: warning: ‘init_module’ specifies less restrictive attribute than its target ‘ipsec_pfkey_init’: ‘cold’ [-Wmissing-attributes]
  132 |  int init_module(void) __attribute__((alias(#initfn)));
      |      ^~~~~~~~~~~
net/key/af_key.c:3925:1: note: in expansion of macro ‘module_init’
 3925 | module_init(ipsec_pfkey_init);
      | ^~~~~~~~~~~
net/key/af_key.c:3897:19: note: ‘init_module’ target declared here
 3897 | static int __init ipsec_pfkey_init(void)
      |                   ^~~~~~~~~~~~~~~~
In file included from net/key/af_key.c:18:
./include/linux/module.h:138:7: warning: ‘cleanup_module’ specifies less restrictive attribute than its target ‘ipsec_pfkey_exit’: ‘cold’ [-Wmissing-attributes]
  138 |  void cleanup_module(void) __attribute__((alias(#exitfn)));
      |       ^~~~~~~~~~~~~~
net/key/af_key.c:3926:1: note: in expansion of macro ‘module_exit’
 3926 | module_exit(ipsec_pfkey_exit);
      | ^~~~~~~~~~~
net/key/af_key.c:3889:20: note: ‘cleanup_module’ target declared here
 3889 | static void __exit ipsec_pfkey_exit(void)
      |                    ^~~~~~~~~~~~~~~~
  LD      net/l2tp/built-in.o
  CC [M]  net/l2tp/l2tp_core.o
In file included from net/l2tp/l2tp_core.c:23:
./include/linux/module.h:132:6: warning: ‘init_module’ specifies less restrictive attribute than its target ‘l2tp_init’: ‘cold’ [-Wmissing-attributes]
  132 |  int init_module(void) __attribute__((alias(#initfn)));
      |      ^~~~~~~~~~~
net/l2tp/l2tp_core.c:1993:1: note: in expansion of macro ‘module_init’
 1993 | module_init(l2tp_init);
      | ^~~~~~~~~~~
net/l2tp/l2tp_core.c:1962:19: note: ‘init_module’ target declared here
 1962 | static int __init l2tp_init(void)
      |                   ^~~~~~~~~
In file included from net/l2tp/l2tp_core.c:23:
./include/linux/module.h:138:7: warning: ‘cleanup_module’ specifies less restrictive attribute than its target ‘l2tp_exit’: ‘cold’ [-Wmissing-attributes]
  138 |  void cleanup_module(void) __attribute__((alias(#exitfn)));
      |       ^~~~~~~~~~~~~~
net/l2tp/l2tp_core.c:1994:1: note: in expansion of macro ‘module_exit’
 1994 | module_exit(l2tp_exit);
      | ^~~~~~~~~~~
net/l2tp/l2tp_core.c:1984:20: note: ‘cleanup_module’ target declared here
 1984 | static void __exit l2tp_exit(void)
      |                    ^~~~~~~~~
  CC [M]  net/l2tp/l2tp_ppp.o
In file included from net/l2tp/l2tp_ppp.c:62:
./include/linux/module.h:132:6: warning: ‘init_module’ specifies less restrictive attribute than its target ‘pppol2tp_init’: ‘cold’ [-Wmissing-attributes]
  132 |  int init_module(void) __attribute__((alias(#initfn)));
      |      ^~~~~~~~~~~
net/l2tp/l2tp_ppp.c:1851:1: note: in expansion of macro ‘module_init’
 1851 | module_init(pppol2tp_init);
      | ^~~~~~~~~~~
net/l2tp/l2tp_ppp.c:1803:19: note: ‘init_module’ target declared here
 1803 | static int __init pppol2tp_init(void)
      |                   ^~~~~~~~~~~~~
In file included from net/l2tp/l2tp_ppp.c:62:
./include/linux/module.h:138:7: warning: ‘cleanup_module’ specifies less restrictive attribute than its target ‘pppol2tp_exit’: ‘cold’ [-Wmissing-attributes]
  138 |  void cleanup_module(void) __attribute__((alias(#exitfn)));
      |       ^~~~~~~~~~~~~~
net/l2tp/l2tp_ppp.c:1852:1: note: in expansion of macro ‘module_exit’
 1852 | module_exit(pppol2tp_exit);
      | ^~~~~~~~~~~
net/l2tp/l2tp_ppp.c:1841:20: note: ‘cleanup_module’ target declared here
 1841 | static void __exit pppol2tp_exit(void)
      |                    ^~~~~~~~~~~~~
  CC [M]  net/l2tp/l2tp_ip.o
In file included from net/l2tp/l2tp_ip.c:16:
./include/linux/module.h:132:6: warning: ‘init_module’ specifies less restrictive attribute than its target ‘l2tp_ip_init’: ‘cold’ [-Wmissing-attributes]
  132 |  int init_module(void) __attribute__((alias(#initfn)));
      |      ^~~~~~~~~~~
net/l2tp/l2tp_ip.c:680:1: note: in expansion of macro ‘module_init’
  680 | module_init(l2tp_ip_init);
      | ^~~~~~~~~~~
net/l2tp/l2tp_ip.c:650:19: note: ‘init_module’ target declared here
  650 | static int __init l2tp_ip_init(void)
      |                   ^~~~~~~~~~~~
In file included from net/l2tp/l2tp_ip.c:16:
./include/linux/module.h:138:7: warning: ‘cleanup_module’ specifies less restrictive attribute than its target ‘l2tp_ip_exit’: ‘cold’ [-Wmissing-attributes]
  138 |  void cleanup_module(void) __attribute__((alias(#exitfn)));
      |       ^~~~~~~~~~~~~~
net/l2tp/l2tp_ip.c:681:1: note: in expansion of macro ‘module_exit’
  681 | module_exit(l2tp_ip_exit);
      | ^~~~~~~~~~~
net/l2tp/l2tp_ip.c:673:20: note: ‘cleanup_module’ target declared here
  673 | static void __exit l2tp_ip_exit(void)
      |                    ^~~~~~~~~~~~
  CC [M]  net/l2tp/l2tp_netlink.o
  CC [M]  net/l2tp/l2tp_eth.o
In file included from net/l2tp/l2tp_eth.c:14:
./include/linux/module.h:132:6: warning: ‘init_module’ specifies less restrictive attribute than its target ‘l2tp_eth_init’: ‘cold’ [-Wmissing-attributes]
  132 |  int init_module(void) __attribute__((alias(#initfn)));
      |      ^~~~~~~~~~~
net/l2tp/l2tp_eth.c:348:1: note: in expansion of macro ‘module_init’
  348 | module_init(l2tp_eth_init);
      | ^~~~~~~~~~~
net/l2tp/l2tp_eth.c:320:19: note: ‘init_module’ target declared here
  320 | static int __init l2tp_eth_init(void)
      |                   ^~~~~~~~~~~~~
In file included from net/l2tp/l2tp_eth.c:14:
./include/linux/module.h:138:7: warning: ‘cleanup_module’ specifies less restrictive attribute than its target ‘l2tp_eth_exit’: ‘cold’ [-Wmissing-attributes]
  138 |  void cleanup_module(void) __attribute__((alias(#exitfn)));
      |       ^~~~~~~~~~~~~~
net/l2tp/l2tp_eth.c:349:1: note: in expansion of macro ‘module_exit’
  349 | module_exit(l2tp_eth_exit);
      | ^~~~~~~~~~~
net/l2tp/l2tp_eth.c:342:20: note: ‘cleanup_module’ target declared here
  342 | static void __exit l2tp_eth_exit(void)
      |                    ^~~~~~~~~~~~~
  CC [M]  net/l2tp/l2tp_ip6.o
In file included from net/l2tp/l2tp_ip6.c:15:
./include/linux/module.h:132:6: warning: ‘init_module’ specifies less restrictive attribute than its target ‘l2tp_ip6_init’: ‘cold’ [-Wmissing-attributes]
  132 |  int init_module(void) __attribute__((alias(#initfn)));
      |      ^~~~~~~~~~~
net/l2tp/l2tp_ip6.c:815:1: note: in expansion of macro ‘module_init’
  815 | module_init(l2tp_ip6_init);
      | ^~~~~~~~~~~
net/l2tp/l2tp_ip6.c:785:19: note: ‘init_module’ target declared here
  785 | static int __init l2tp_ip6_init(void)
      |                   ^~~~~~~~~~~~~
In file included from net/l2tp/l2tp_ip6.c:15:
./include/linux/module.h:138:7: warning: ‘cleanup_module’ specifies less restrictive attribute than its target ‘l2tp_ip6_exit’: ‘cold’ [-Wmissing-attributes]
  138 |  void cleanup_module(void) __attribute__((alias(#exitfn)));
      |       ^~~~~~~~~~~~~~
net/l2tp/l2tp_ip6.c:816:1: note: in expansion of macro ‘module_exit’
  816 | module_exit(l2tp_ip6_exit);
      | ^~~~~~~~~~~
net/l2tp/l2tp_ip6.c:808:20: note: ‘cleanup_module’ target declared here
  808 | static void __exit l2tp_ip6_exit(void)
      |                    ^~~~~~~~~~~~~
  LD      net/llc/built-in.o
  CC [M]  net/llc/llc_core.o
In file included from net/llc/llc_core.c:15:
./include/linux/module.h:132:6: warning: ‘init_module’ specifies less restrictive attribute than its target ‘llc_init’: ‘cold’ [-Wmissing-attributes]
  132 |  int init_module(void) __attribute__((alias(#initfn)));
      |      ^~~~~~~~~~~
net/llc/llc_core.c:158:1: note: in expansion of macro ‘module_init’
  158 | module_init(llc_init);
      | ^~~~~~~~~~~
net/llc/llc_core.c:145:19: note: ‘init_module’ target declared here
  145 | static int __init llc_init(void)
      |                   ^~~~~~~~
In file included from net/llc/llc_core.c:15:
./include/linux/module.h:138:7: warning: ‘cleanup_module’ specifies less restrictive attribute than its target ‘llc_exit’: ‘cold’ [-Wmissing-attributes]
  138 |  void cleanup_module(void) __attribute__((alias(#exitfn)));
      |       ^~~~~~~~~~~~~~
net/llc/llc_core.c:159:1: note: in expansion of macro ‘module_exit’
  159 | module_exit(llc_exit);
      | ^~~~~~~~~~~
net/llc/llc_core.c:152:20: note: ‘cleanup_module’ target declared here
  152 | static void __exit llc_exit(void)
      |                    ^~~~~~~~
  CC [M]  net/llc/llc_input.o
  CC [M]  net/llc/llc_output.o
  LD [M]  net/llc/llc.o
  LD      net/mac80211/built-in.o
  CC [M]  net/mac80211/main.o
In file included from ./include/linux/phy.h:24,
                 from ./include/net/dsa.h:19,
                 from ./include/linux/netdevice.h:44,
                 from ./include/linux/etherdevice.h:26,
                 from ./include/linux/ieee80211.h:22,
                 from ./include/net/mac80211.h:22,
                 from net/mac80211/main.c:12:
./include/linux/module.h:132:6: warning: ‘init_module’ specifies less restrictive attribute than its target ‘ieee80211_init’: ‘cold’ [-Wmissing-attributes]
  132 |  int init_module(void) __attribute__((alias(#initfn)));
      |      ^~~~~~~~~~~
./include/linux/module.h:115:30: note: in expansion of macro ‘module_init’
  115 | #define subsys_initcall(fn)  module_init(fn)
      |                              ^~~~~~~~~~~
net/mac80211/main.c:1276:1: note: in expansion of macro ‘subsys_initcall’
 1276 | subsys_initcall(ieee80211_init);
      | ^~~~~~~~~~~~~~~
net/mac80211/main.c:1233:19: note: ‘init_module’ target declared here
 1233 | static int __init ieee80211_init(void)
      |                   ^~~~~~~~~~~~~~
In file included from ./include/linux/phy.h:24,
                 from ./include/net/dsa.h:19,
                 from ./include/linux/netdevice.h:44,
                 from ./include/linux/etherdevice.h:26,
                 from ./include/linux/ieee80211.h:22,
                 from ./include/net/mac80211.h:22,
                 from net/mac80211/main.c:12:
./include/linux/module.h:138:7: warning: ‘cleanup_module’ specifies less restrictive attribute than its target ‘ieee80211_exit’: ‘cold’ [-Wmissing-attributes]
  138 |  void cleanup_module(void) __attribute__((alias(#exitfn)));
      |       ^~~~~~~~~~~~~~
net/mac80211/main.c:1277:1: note: in expansion of macro ‘module_exit’
 1277 | module_exit(ieee80211_exit);
      | ^~~~~~~~~~~
net/mac80211/main.c:1263:20: note: ‘cleanup_module’ target declared here
 1263 | static void __exit ieee80211_exit(void)
      |                    ^~~~~~~~~~~~~~
  CC [M]  net/mac80211/status.o
  CC [M]  net/mac80211/driver-ops.o
  CC [M]  net/mac80211/sta_info.o
  CC [M]  net/mac80211/wep.o
  CC [M]  net/mac80211/wpa.o
  CC [M]  net/mac80211/scan.o
  CC [M]  net/mac80211/offchannel.o
  CC [M]  net/mac80211/ht.o
  CC [M]  net/mac80211/agg-tx.o
  CC [M]  net/mac80211/agg-rx.o
  CC [M]  net/mac80211/vht.o
  CC [M]  net/mac80211/ibss.o
  CC [M]  net/mac80211/iface.o
  CC [M]  net/mac80211/rate.o
  CC [M]  net/mac80211/michael.o
  CC [M]  net/mac80211/tkip.o
  CC [M]  net/mac80211/aes_ccm.o
  CC [M]  net/mac80211/aes_gcm.o
  CC [M]  net/mac80211/aes_cmac.o
  CC [M]  net/mac80211/aes_gmac.o
  CC [M]  net/mac80211/cfg.o
  CC [M]  net/mac80211/ethtool.o
  CC [M]  net/mac80211/rx.o
net/mac80211/rx.c: In function ‘ieee80211_handle_mu_mimo_mon’:
net/mac80211/rx.c:219:2: warning: alignment 1 of ‘struct <anonymous>’ is less than 2 [-Wpacked-not-aligned]
  219 |  } __packed action;
      |  ^
net/mac80211/rx.c: In function ‘ieee80211_add_rx_radiotap_header’:
net/mac80211/rx.c:290:15: warning: taking address of packed member of ‘struct ieee80211_radiotap_header’ may result in an unaligned pointer value [-Waddress-of-packed-member]
  290 |  it_present = &rthdr->it_present;
      |               ^~~~~~~~~~~~~~~~~~
  CC [M]  net/mac80211/spectmgmt.o
  CC [M]  net/mac80211/tx.o
  CC [M]  net/mac80211/key.o
  CC [M]  net/mac80211/util.o
  CC [M]  net/mac80211/wme.o
  CC [M]  net/mac80211/chan.o
  CC [M]  net/mac80211/trace.o
  CC [M]  net/mac80211/mlme.o
  CC [M]  net/mac80211/tdls.o
  CC [M]  net/mac80211/ocb.o
  CC [M]  net/mac80211/led.o
  CC [M]  net/mac80211/mesh.o
  CC [M]  net/mac80211/mesh_pathtbl.o
  CC [M]  net/mac80211/mesh_plink.o
  CC [M]  net/mac80211/mesh_hwmp.o
  CC [M]  net/mac80211/mesh_sync.o
  CC [M]  net/mac80211/mesh_ps.o
  CC [M]  net/mac80211/pm.o
  CC [M]  net/mac80211/rc80211_minstrel.o
  CC [M]  net/mac80211/rc80211_minstrel_ht.o
  LD [M]  net/mac80211/mac80211.o
  LD      net/mac802154/built-in.o
  CC [M]  net/mac802154/main.o
In file included from net/mac802154/main.c:18:
./include/linux/module.h:132:6: warning: ‘init_module’ specifies less restrictive attribute than its target ‘ieee802154_init’: ‘cold’ [-Wmissing-attributes]
  132 |  int init_module(void) __attribute__((alias(#initfn)));
      |      ^~~~~~~~~~~
./include/linux/module.h:115:30: note: in expansion of macro ‘module_init’
  115 | #define subsys_initcall(fn)  module_init(fn)
      |                              ^~~~~~~~~~~
net/mac802154/main.c:245:1: note: in expansion of macro ‘subsys_initcall’
  245 | subsys_initcall(ieee802154_init);
      | ^~~~~~~~~~~~~~~
net/mac802154/main.c:233:19: note: ‘init_module’ target declared here
  233 | static int __init ieee802154_init(void)
      |                   ^~~~~~~~~~~~~~~
In file included from net/mac802154/main.c:18:
./include/linux/module.h:138:7: warning: ‘cleanup_module’ specifies less restrictive attribute than its target ‘ieee802154_exit’: ‘cold’ [-Wmissing-attributes]
  138 |  void cleanup_module(void) __attribute__((alias(#exitfn)));
      |       ^~~~~~~~~~~~~~
net/mac802154/main.c:246:1: note: in expansion of macro ‘module_exit’
  246 | module_exit(ieee802154_exit);
      | ^~~~~~~~~~~
net/mac802154/main.c:238:20: note: ‘cleanup_module’ target declared here
  238 | static void __exit ieee802154_exit(void)
      |                    ^~~~~~~~~~~~~~~
  CC [M]  net/mac802154/rx.o
  CC [M]  net/mac802154/tx.o
  CC [M]  net/mac802154/mac_cmd.o
  CC [M]  net/mac802154/mib.o
  CC [M]  net/mac802154/iface.o
  CC [M]  net/mac802154/llsec.o
  CC [M]  net/mac802154/util.o
  CC [M]  net/mac802154/cfg.o
  CC [M]  net/mac802154/trace.o
  LD [M]  net/mac802154/mac802154.o
  LD      net/mpls/built-in.o
  CC [M]  net/mpls/mpls_gso.o
In file included from net/mpls/mpls_gso.c:17:
./include/linux/module.h:132:6: warning: ‘init_module’ specifies less restrictive attribute than its target ‘mpls_gso_init’: ‘cold’ [-Wmissing-attributes]
  132 |  int init_module(void) __attribute__((alias(#initfn)));
      |      ^~~~~~~~~~~
net/mpls/mpls_gso.c:105:1: note: in expansion of macro ‘module_init’
  105 | module_init(mpls_gso_init);
      | ^~~~~~~~~~~
net/mpls/mpls_gso.c:89:19: note: ‘init_module’ target declared here
   89 | static int __init mpls_gso_init(void)
      |                   ^~~~~~~~~~~~~
In file included from net/mpls/mpls_gso.c:17:
./include/linux/module.h:138:7: warning: ‘cleanup_module’ specifies less restrictive attribute than its target ‘mpls_gso_exit’: ‘cold’ [-Wmissing-attributes]
  138 |  void cleanup_module(void) __attribute__((alias(#exitfn)));
      |       ^~~~~~~~~~~~~~
net/mpls/mpls_gso.c:106:1: note: in expansion of macro ‘module_exit’
  106 | module_exit(mpls_gso_exit);
      | ^~~~~~~~~~~
net/mpls/mpls_gso.c:99:20: note: ‘cleanup_module’ target declared here
   99 | static void __exit mpls_gso_exit(void)
      |                    ^~~~~~~~~~~~~
  CC      net/netfilter/core.o
  CC      net/netfilter/nf_log.o
  CC      net/netfilter/nf_queue.o
  CC      net/netfilter/nf_sockopt.o
  LD      net/netfilter/netfilter.o
  LD      net/netfilter/built-in.o
  CC [M]  net/netfilter/nfnetlink.o
In file included from net/netfilter/nfnetlink.c:17:
./include/linux/module.h:132:6: warning: ‘init_module’ specifies less restrictive attribute than its target ‘nfnetlink_init’: ‘cold’ [-Wmissing-attributes]
  132 |  int init_module(void) __attribute__((alias(#initfn)));
      |      ^~~~~~~~~~~
net/netfilter/nfnetlink.c:552:1: note: in expansion of macro ‘module_init’
  552 | module_init(nfnetlink_init);
      | ^~~~~~~~~~~
net/netfilter/nfnetlink.c:533:19: note: ‘init_module’ target declared here
  533 | static int __init nfnetlink_init(void)
      |                   ^~~~~~~~~~~~~~
In file included from net/netfilter/nfnetlink.c:17:
./include/linux/module.h:138:7: warning: ‘cleanup_module’ specifies less restrictive attribute than its target ‘nfnetlink_exit’: ‘cold’ [-Wmissing-attributes]
  138 |  void cleanup_module(void) __attribute__((alias(#exitfn)));
      |       ^~~~~~~~~~~~~~
net/netfilter/nfnetlink.c:553:1: note: in expansion of macro ‘module_exit’
  553 | module_exit(nfnetlink_exit);
      | ^~~~~~~~~~~
net/netfilter/nfnetlink.c:547:20: note: ‘cleanup_module’ target declared here
  547 | static void __exit nfnetlink_exit(void)
      |                    ^~~~~~~~~~~~~~
  CC [M]  net/netfilter/nfnetlink_acct.o
In file included from net/netfilter/nfnetlink_acct.c:10:
./include/linux/module.h:132:6: warning: ‘init_module’ specifies less restrictive attribute than its target ‘nfnl_acct_init’: ‘cold’ [-Wmissing-attributes]
  132 |  int init_module(void) __attribute__((alias(#initfn)));
      |      ^~~~~~~~~~~
net/netfilter/nfnetlink_acct.c:546:1: note: in expansion of macro ‘module_init’
  546 | module_init(nfnl_acct_init);
      | ^~~~~~~~~~~
net/netfilter/nfnetlink_acct.c:515:19: note: ‘init_module’ target declared here
  515 | static int __init nfnl_acct_init(void)
      |                   ^~~~~~~~~~~~~~
In file included from net/netfilter/nfnetlink_acct.c:10:
./include/linux/module.h:138:7: warning: ‘cleanup_module’ specifies less restrictive attribute than its target ‘nfnl_acct_exit’: ‘cold’ [-Wmissing-attributes]
  138 |  void cleanup_module(void) __attribute__((alias(#exitfn)));
      |       ^~~~~~~~~~~~~~
net/netfilter/nfnetlink_acct.c:547:1: note: in expansion of macro ‘module_exit’
  547 | module_exit(nfnl_acct_exit);
      | ^~~~~~~~~~~
net/netfilter/nfnetlink_acct.c:539:20: note: ‘cleanup_module’ target declared here
  539 | static void __exit nfnl_acct_exit(void)
      |                    ^~~~~~~~~~~~~~
net/netfilter/nfnetlink_acct.c: In function ‘nfnl_acct_new’:
net/netfilter/nfnetlink_acct.c:116:2: warning: ‘strncpy’ specified bound 32 equals destination size [-Wstringop-truncation]
  116 |  strncpy(nfacct->name, nla_data(tb[NFACCT_NAME]), NFACCT_NAME_MAX);
      |  ^~~~~~~~~~~~~~~~~~~~~~~~~~~~~~~~~~~~~~~~~~~~~~~~~~~~~~~~~~~~~~~~~
  CC [M]  net/netfilter/nfnetlink_queue.o
net/netfilter/nfnetlink_queue.c: In function ‘nfqnl_build_packet_message’:
net/netfilter/nfnetlink_queue.c:466:20: warning: taking address of packed member of ‘struct nfqnl_msg_packet_hdr’ may result in an unaligned pointer value [-Waddress-of-packed-member]
  466 |  *packet_id_ptr  = &pmsg->packet_id;
      |                    ^~~~~~~~~~~~~~~~
In file included from net/netfilter/nfnetlink_queue.c:17:
net/netfilter/nfnetlink_queue.c: At top level:
./include/linux/module.h:132:6: warning: ‘init_module’ specifies less restrictive attribute than its target ‘nfnetlink_queue_init’: ‘cold’ [-Wmissing-attributes]
  132 |  int init_module(void) __attribute__((alias(#initfn)));
      |      ^~~~~~~~~~~
net/netfilter/nfnetlink_queue.c:1564:1: note: in expansion of macro ‘module_init’
 1564 | module_init(nfnetlink_queue_init);
      | ^~~~~~~~~~~
net/netfilter/nfnetlink_queue.c:1515:19: note: ‘init_module’ target declared here
 1515 | static int __init nfnetlink_queue_init(void)
      |                   ^~~~~~~~~~~~~~~~~~~~
In file included from net/netfilter/nfnetlink_queue.c:17:
./include/linux/module.h:138:7: warning: ‘cleanup_module’ specifies less restrictive attribute than its target ‘nfnetlink_queue_fini’: ‘cold’ [-Wmissing-attributes]
  138 |  void cleanup_module(void) __attribute__((alias(#exitfn)));
      |       ^~~~~~~~~~~~~~
net/netfilter/nfnetlink_queue.c:1565:1: note: in expansion of macro ‘module_exit’
 1565 | module_exit(nfnetlink_queue_fini);
      | ^~~~~~~~~~~
net/netfilter/nfnetlink_queue.c:1549:20: note: ‘cleanup_module’ target declared here
 1549 | static void __exit nfnetlink_queue_fini(void)
      |                    ^~~~~~~~~~~~~~~~~~~~
  CC [M]  net/netfilter/nfnetlink_log.o
In file included from net/netfilter/nfnetlink_log.c:18:
./include/linux/module.h:132:6: warning: ‘init_module’ specifies less restrictive attribute than its target ‘nfnetlink_log_init’: ‘cold’ [-Wmissing-attributes]
  132 |  int init_module(void) __attribute__((alias(#initfn)));
      |      ^~~~~~~~~~~
net/netfilter/nfnetlink_log.c:1156:1: note: in expansion of macro ‘module_init’
 1156 | module_init(nfnetlink_log_init);
      | ^~~~~~~~~~~
net/netfilter/nfnetlink_log.c:1105:19: note: ‘init_module’ target declared here
 1105 | static int __init nfnetlink_log_init(void)
      |                   ^~~~~~~~~~~~~~~~~~
In file included from net/netfilter/nfnetlink_log.c:18:
./include/linux/module.h:138:7: warning: ‘cleanup_module’ specifies less restrictive attribute than its target ‘nfnetlink_log_fini’: ‘cold’ [-Wmissing-attributes]
  138 |  void cleanup_module(void) __attribute__((alias(#exitfn)));
      |       ^~~~~~~~~~~~~~
net/netfilter/nfnetlink_log.c:1157:1: note: in expansion of macro ‘module_exit’
 1157 | module_exit(nfnetlink_log_fini);
      | ^~~~~~~~~~~
net/netfilter/nfnetlink_log.c:1139:20: note: ‘cleanup_module’ target declared here
 1139 | static void __exit nfnetlink_log_fini(void)
      |                    ^~~~~~~~~~~~~~~~~~
  CC [M]  net/netfilter/nf_conntrack_core.o
  CC [M]  net/netfilter/nf_conntrack_standalone.o
In file included from ./include/linux/phy.h:24,
                 from ./include/net/dsa.h:19,
                 from ./include/linux/netdevice.h:44,
                 from ./include/linux/netfilter.h:14,
                 from net/netfilter/nf_conntrack_standalone.c:11:
./include/linux/module.h:132:6: warning: ‘init_module’ specifies less restrictive attribute than its target ‘nf_conntrack_standalone_init’: ‘cold’ [-Wmissing-attributes]
  132 |  int init_module(void) __attribute__((alias(#initfn)));
      |      ^~~~~~~~~~~
net/netfilter/nf_conntrack_standalone.c:674:1: note: in expansion of macro ‘module_init’
  674 | module_init(nf_conntrack_standalone_init);
      | ^~~~~~~~~~~
net/netfilter/nf_conntrack_standalone.c:629:19: note: ‘init_module’ target declared here
  629 | static int __init nf_conntrack_standalone_init(void)
      |                   ^~~~~~~~~~~~~~~~~~~~~~~~~~~~
In file included from ./include/linux/phy.h:24,
                 from ./include/net/dsa.h:19,
                 from ./include/linux/netdevice.h:44,
                 from ./include/linux/netfilter.h:14,
                 from net/netfilter/nf_conntrack_standalone.c:11:
./include/linux/module.h:138:7: warning: ‘cleanup_module’ specifies less restrictive attribute than its target ‘nf_conntrack_standalone_fini’: ‘cold’ [-Wmissing-attributes]
  138 |  void cleanup_module(void) __attribute__((alias(#exitfn)));
      |       ^~~~~~~~~~~~~~
net/netfilter/nf_conntrack_standalone.c:675:1: note: in expansion of macro ‘module_exit’
  675 | module_exit(nf_conntrack_standalone_fini);
      | ^~~~~~~~~~~
net/netfilter/nf_conntrack_standalone.c:664:20: note: ‘cleanup_module’ target declared here
  664 | static void __exit nf_conntrack_standalone_fini(void)
      |                    ^~~~~~~~~~~~~~~~~~~~~~~~~~~~
  CC [M]  net/netfilter/nf_conntrack_expect.o
  CC [M]  net/netfilter/nf_conntrack_helper.o
  CC [M]  net/netfilter/nf_conntrack_proto.o
  CC [M]  net/netfilter/nf_conntrack_l3proto_generic.o
  CC [M]  net/netfilter/nf_conntrack_proto_generic.o
  CC [M]  net/netfilter/nf_conntrack_proto_tcp.o
  CC [M]  net/netfilter/nf_conntrack_proto_udp.o
  CC [M]  net/netfilter/nf_conntrack_extend.o
  CC [M]  net/netfilter/nf_conntrack_acct.o
  CC [M]  net/netfilter/nf_conntrack_seqadj.o
  CC [M]  net/netfilter/nf_conntrack_timestamp.o
  CC [M]  net/netfilter/nf_conntrack_ecache.o
  CC [M]  net/netfilter/nf_conntrack_labels.o
  LD [M]  net/netfilter/nf_conntrack.o
  CC [M]  net/netfilter/nf_conntrack_proto_dccp.o
In file included from net/netfilter/nf_conntrack_proto_dccp.c:12:
./include/linux/module.h:132:6: warning: ‘init_module’ specifies less restrictive attribute than its target ‘nf_conntrack_proto_dccp_init’: ‘cold’ [-Wmissing-attributes]
  132 |  int init_module(void) __attribute__((alias(#initfn)));
      |      ^~~~~~~~~~~
net/netfilter/nf_conntrack_proto_dccp.c:1004:1: note: in expansion of macro ‘module_init’
 1004 | module_init(nf_conntrack_proto_dccp_init);
      | ^~~~~~~~~~~
net/netfilter/nf_conntrack_proto_dccp.c:972:19: note: ‘init_module’ target declared here
  972 | static int __init nf_conntrack_proto_dccp_init(void)
      |                   ^~~~~~~~~~~~~~~~~~~~~~~~~~~~
In file included from net/netfilter/nf_conntrack_proto_dccp.c:12:
./include/linux/module.h:138:7: warning: ‘cleanup_module’ specifies less restrictive attribute than its target ‘nf_conntrack_proto_dccp_fini’: ‘cold’ [-Wmissing-attributes]
  138 |  void cleanup_module(void) __attribute__((alias(#exitfn)));
      |       ^~~~~~~~~~~~~~
net/netfilter/nf_conntrack_proto_dccp.c:1005:1: note: in expansion of macro ‘module_exit’
 1005 | module_exit(nf_conntrack_proto_dccp_fini);
      | ^~~~~~~~~~~
net/netfilter/nf_conntrack_proto_dccp.c:997:20: note: ‘cleanup_module’ target declared here
  997 | static void __exit nf_conntrack_proto_dccp_fini(void)
      |                    ^~~~~~~~~~~~~~~~~~~~~~~~~~~~
  CC [M]  net/netfilter/nf_conntrack_proto_gre.o
In file included from net/netfilter/nf_conntrack_proto_gre.c:27:
./include/linux/module.h:132:6: warning: ‘init_module’ specifies less restrictive attribute than its target ‘nf_ct_proto_gre_init’: ‘cold’ [-Wmissing-attributes]
  132 |  int init_module(void) __attribute__((alias(#initfn)));
      |      ^~~~~~~~~~~
net/netfilter/nf_conntrack_proto_gre.c:443:1: note: in expansion of macro ‘module_init’
  443 | module_init(nf_ct_proto_gre_init);
      | ^~~~~~~~~~~
net/netfilter/nf_conntrack_proto_gre.c:418:19: note: ‘init_module’ target declared here
  418 | static int __init nf_ct_proto_gre_init(void)
      |                   ^~~~~~~~~~~~~~~~~~~~
In file included from net/netfilter/nf_conntrack_proto_gre.c:27:
./include/linux/module.h:138:7: warning: ‘cleanup_module’ specifies less restrictive attribute than its target ‘nf_ct_proto_gre_fini’: ‘cold’ [-Wmissing-attributes]
  138 |  void cleanup_module(void) __attribute__((alias(#exitfn)));
      |       ^~~~~~~~~~~~~~
net/netfilter/nf_conntrack_proto_gre.c:444:1: note: in expansion of macro ‘module_exit’
  444 | module_exit(nf_ct_proto_gre_fini);
      | ^~~~~~~~~~~
net/netfilter/nf_conntrack_proto_gre.c:437:20: note: ‘cleanup_module’ target declared here
  437 | static void __exit nf_ct_proto_gre_fini(void)
      |                    ^~~~~~~~~~~~~~~~~~~~
  CC [M]  net/netfilter/nf_conntrack_proto_sctp.o
In file included from ./include/linux/phy.h:24,
                 from ./include/net/dsa.h:19,
                 from ./include/linux/netdevice.h:44,
                 from ./include/linux/netfilter.h:14,
                 from net/netfilter/nf_conntrack_proto_sctp.c:17:
./include/linux/module.h:132:6: warning: ‘init_module’ specifies less restrictive attribute than its target ‘nf_conntrack_proto_sctp_init’: ‘cold’ [-Wmissing-attributes]
  132 |  int init_module(void) __attribute__((alias(#initfn)));
      |      ^~~~~~~~~~~
net/netfilter/nf_conntrack_proto_sctp.c:886:1: note: in expansion of macro ‘module_init’
  886 | module_init(nf_conntrack_proto_sctp_init);
      | ^~~~~~~~~~~
net/netfilter/nf_conntrack_proto_sctp.c:854:19: note: ‘init_module’ target declared here
  854 | static int __init nf_conntrack_proto_sctp_init(void)
      |                   ^~~~~~~~~~~~~~~~~~~~~~~~~~~~
In file included from ./include/linux/phy.h:24,
                 from ./include/net/dsa.h:19,
                 from ./include/linux/netdevice.h:44,
                 from ./include/linux/netfilter.h:14,
                 from net/netfilter/nf_conntrack_proto_sctp.c:17:
./include/linux/module.h:138:7: warning: ‘cleanup_module’ specifies less restrictive attribute than its target ‘nf_conntrack_proto_sctp_fini’: ‘cold’ [-Wmissing-attributes]
  138 |  void cleanup_module(void) __attribute__((alias(#exitfn)));
      |       ^~~~~~~~~~~~~~
net/netfilter/nf_conntrack_proto_sctp.c:887:1: note: in expansion of macro ‘module_exit’
  887 | module_exit(nf_conntrack_proto_sctp_fini);
      | ^~~~~~~~~~~
net/netfilter/nf_conntrack_proto_sctp.c:879:20: note: ‘cleanup_module’ target declared here
  879 | static void __exit nf_conntrack_proto_sctp_fini(void)
      |                    ^~~~~~~~~~~~~~~~~~~~~~~~~~~~
  CC [M]  net/netfilter/nf_conntrack_proto_udplite.o
In file included from net/netfilter/nf_conntrack_proto_udplite.c:12:
./include/linux/module.h:132:6: warning: ‘init_module’ specifies less restrictive attribute than its target ‘nf_conntrack_proto_udplite_init’: ‘cold’ [-Wmissing-attributes]
  132 |  int init_module(void) __attribute__((alias(#initfn)));
      |      ^~~~~~~~~~~
net/netfilter/nf_conntrack_proto_udplite.c:406:1: note: in expansion of macro ‘module_init’
  406 | module_init(nf_conntrack_proto_udplite_init);
      | ^~~~~~~~~~~
net/netfilter/nf_conntrack_proto_udplite.c:374:19: note: ‘init_module’ target declared here
  374 | static int __init nf_conntrack_proto_udplite_init(void)
      |                   ^~~~~~~~~~~~~~~~~~~~~~~~~~~~~~~
In file included from net/netfilter/nf_conntrack_proto_udplite.c:12:
./include/linux/module.h:138:7: warning: ‘cleanup_module’ specifies less restrictive attribute than its target ‘nf_conntrack_proto_udplite_exit’: ‘cold’ [-Wmissing-attributes]
  138 |  void cleanup_module(void) __attribute__((alias(#exitfn)));
      |       ^~~~~~~~~~~~~~
net/netfilter/nf_conntrack_proto_udplite.c:407:1: note: in expansion of macro ‘module_exit’
  407 | module_exit(nf_conntrack_proto_udplite_exit);
      | ^~~~~~~~~~~
net/netfilter/nf_conntrack_proto_udplite.c:399:20: note: ‘cleanup_module’ target declared here
  399 | static void __exit nf_conntrack_proto_udplite_exit(void)
      |                    ^~~~~~~~~~~~~~~~~~~~~~~~~~~~~~~
  CC [M]  net/netfilter/nf_conntrack_netlink.o
In file included from net/netfilter/nf_conntrack_netlink.c:19:
./include/linux/module.h:132:6: warning: ‘init_module’ specifies less restrictive attribute than its target ‘ctnetlink_init’: ‘cold’ [-Wmissing-attributes]
  132 |  int init_module(void) __attribute__((alias(#initfn)));
      |      ^~~~~~~~~~~
net/netfilter/nf_conntrack_netlink.c:3419:1: note: in expansion of macro ‘module_init’
 3419 | module_init(ctnetlink_init);
      | ^~~~~~~~~~~
net/netfilter/nf_conntrack_netlink.c:3370:19: note: ‘init_module’ target declared here
 3370 | static int __init ctnetlink_init(void)
      |                   ^~~~~~~~~~~~~~
In file included from net/netfilter/nf_conntrack_netlink.c:19:
./include/linux/module.h:138:7: warning: ‘cleanup_module’ specifies less restrictive attribute than its target ‘ctnetlink_exit’: ‘cold’ [-Wmissing-attributes]
  138 |  void cleanup_module(void) __attribute__((alias(#exitfn)));
      |       ^~~~~~~~~~~~~~
net/netfilter/nf_conntrack_netlink.c:3420:1: note: in expansion of macro ‘module_exit’
 3420 | module_exit(ctnetlink_exit);
      | ^~~~~~~~~~~
net/netfilter/nf_conntrack_netlink.c:3406:20: note: ‘cleanup_module’ target declared here
 3406 | static void __exit ctnetlink_exit(void)
      |                    ^~~~~~~~~~~~~~
  CC [M]  net/netfilter/nf_conntrack_amanda.o
In file included from net/netfilter/nf_conntrack_amanda.c:13:
./include/linux/module.h:132:6: warning: ‘init_module’ specifies less restrictive attribute than its target ‘nf_conntrack_amanda_init’: ‘cold’ [-Wmissing-attributes]
  132 |  int init_module(void) __attribute__((alias(#initfn)));
      |      ^~~~~~~~~~~
net/netfilter/nf_conntrack_amanda.c:236:1: note: in expansion of macro ‘module_init’
  236 | module_init(nf_conntrack_amanda_init);
      | ^~~~~~~~~~~
net/netfilter/nf_conntrack_amanda.c:206:19: note: ‘init_module’ target declared here
  206 | static int __init nf_conntrack_amanda_init(void)
      |                   ^~~~~~~~~~~~~~~~~~~~~~~~
In file included from net/netfilter/nf_conntrack_amanda.c:13:
./include/linux/module.h:138:7: warning: ‘cleanup_module’ specifies less restrictive attribute than its target ‘nf_conntrack_amanda_fini’: ‘cold’ [-Wmissing-attributes]
  138 |  void cleanup_module(void) __attribute__((alias(#exitfn)));
      |       ^~~~~~~~~~~~~~
net/netfilter/nf_conntrack_amanda.c:237:1: note: in expansion of macro ‘module_exit’
  237 | module_exit(nf_conntrack_amanda_fini);
      | ^~~~~~~~~~~
net/netfilter/nf_conntrack_amanda.c:196:20: note: ‘cleanup_module’ target declared here
  196 | static void __exit nf_conntrack_amanda_fini(void)
      |                    ^~~~~~~~~~~~~~~~~~~~~~~~
  CC [M]  net/netfilter/nf_conntrack_ftp.o
In file included from net/netfilter/nf_conntrack_ftp.c:15:
./include/linux/module.h:132:6: warning: ‘init_module’ specifies less restrictive attribute than its target ‘nf_conntrack_ftp_init’: ‘cold’ [-Wmissing-attributes]
  132 |  int init_module(void) __attribute__((alias(#initfn)));
      |      ^~~~~~~~~~~
net/netfilter/nf_conntrack_ftp.c:610:1: note: in expansion of macro ‘module_init’
  610 | module_init(nf_conntrack_ftp_init);
      | ^~~~~~~~~~~
net/netfilter/nf_conntrack_ftp.c:576:19: note: ‘init_module’ target declared here
  576 | static int __init nf_conntrack_ftp_init(void)
      |                   ^~~~~~~~~~~~~~~~~~~~~
  CC [M]  net/netfilter/nf_conntrack_h323_main.o
In file included from net/netfilter/nf_conntrack_h323_main.c:15:
./include/linux/module.h:132:6: warning: ‘init_module’ specifies less restrictive attribute than its target ‘nf_conntrack_h323_init’: ‘cold’ [-Wmissing-attributes]
  132 |  int init_module(void) __attribute__((alias(#initfn)));
      |      ^~~~~~~~~~~
net/netfilter/nf_conntrack_h323_main.c:1874:1: note: in expansion of macro ‘module_init’
 1874 | module_init(nf_conntrack_h323_init);
      | ^~~~~~~~~~~
net/netfilter/nf_conntrack_h323_main.c:1835:19: note: ‘init_module’ target declared here
 1835 | static int __init nf_conntrack_h323_init(void)
      |                   ^~~~~~~~~~~~~~~~~~~~~~
In file included from net/netfilter/nf_conntrack_h323_main.c:15:
./include/linux/module.h:138:7: warning: ‘cleanup_module’ specifies less restrictive attribute than its target ‘nf_conntrack_h323_fini’: ‘cold’ [-Wmissing-attributes]
  138 |  void cleanup_module(void) __attribute__((alias(#exitfn)));
      |       ^~~~~~~~~~~~~~
net/netfilter/nf_conntrack_h323_main.c:1875:1: note: in expansion of macro ‘module_exit’
 1875 | module_exit(nf_conntrack_h323_fini);
      | ^~~~~~~~~~~
net/netfilter/nf_conntrack_h323_main.c:1823:20: note: ‘cleanup_module’ target declared here
 1823 | static void __exit nf_conntrack_h323_fini(void)
      |                    ^~~~~~~~~~~~~~~~~~~~~~
  CC [M]  net/netfilter/nf_conntrack_h323_asn1.o
  LD [M]  net/netfilter/nf_conntrack_h323.o
  CC [M]  net/netfilter/nf_conntrack_irc.o
In file included from net/netfilter/nf_conntrack_irc.c:14:
./include/linux/module.h:132:6: warning: ‘init_module’ specifies less restrictive attribute than its target ‘nf_conntrack_irc_init’: ‘cold’ [-Wmissing-attributes]
  132 |  int init_module(void) __attribute__((alias(#initfn)));
      |      ^~~~~~~~~~~
net/netfilter/nf_conntrack_irc.c:281:1: note: in expansion of macro ‘module_init’
  281 | module_init(nf_conntrack_irc_init);
      | ^~~~~~~~~~~
net/netfilter/nf_conntrack_irc.c:237:19: note: ‘init_module’ target declared here
  237 | static int __init nf_conntrack_irc_init(void)
      |                   ^~~~~~~~~~~~~~~~~~~~~
  CC [M]  net/netfilter/nf_conntrack_broadcast.o
  CC [M]  net/netfilter/nf_conntrack_netbios_ns.o
In file included from net/netfilter/nf_conntrack_netbios_ns.c:19:
./include/linux/module.h:132:6: warning: ‘init_module’ specifies less restrictive attribute than its target ‘nf_conntrack_netbios_ns_init’: ‘cold’ [-Wmissing-attributes]
  132 |  int init_module(void) __attribute__((alias(#initfn)));
      |      ^~~~~~~~~~~
net/netfilter/nf_conntrack_netbios_ns.c:70:1: note: in expansion of macro ‘module_init’
   70 | module_init(nf_conntrack_netbios_ns_init);
      | ^~~~~~~~~~~
net/netfilter/nf_conntrack_netbios_ns.c:59:19: note: ‘init_module’ target declared here
   59 | static int __init nf_conntrack_netbios_ns_init(void)
      |                   ^~~~~~~~~~~~~~~~~~~~~~~~~~~~
In file included from net/netfilter/nf_conntrack_netbios_ns.c:19:
./include/linux/module.h:138:7: warning: ‘cleanup_module’ specifies less restrictive attribute than its target ‘nf_conntrack_netbios_ns_fini’: ‘cold’ [-Wmissing-attributes]
  138 |  void cleanup_module(void) __attribute__((alias(#exitfn)));
      |       ^~~~~~~~~~~~~~
net/netfilter/nf_conntrack_netbios_ns.c:71:1: note: in expansion of macro ‘module_exit’
   71 | module_exit(nf_conntrack_netbios_ns_fini);
      | ^~~~~~~~~~~
net/netfilter/nf_conntrack_netbios_ns.c:65:20: note: ‘cleanup_module’ target declared here
   65 | static void __exit nf_conntrack_netbios_ns_fini(void)
      |                    ^~~~~~~~~~~~~~~~~~~~~~~~~~~~
  CC [M]  net/netfilter/nf_conntrack_snmp.o
In file included from net/netfilter/nf_conntrack_snmp.c:12:
./include/linux/module.h:132:6: warning: ‘init_module’ specifies less restrictive attribute than its target ‘nf_conntrack_snmp_init’: ‘cold’ [-Wmissing-attributes]
  132 |  int init_module(void) __attribute__((alias(#initfn)));
      |      ^~~~~~~~~~~
net/netfilter/nf_conntrack_snmp.c:77:1: note: in expansion of macro ‘module_init’
   77 | module_init(nf_conntrack_snmp_init);
      | ^~~~~~~~~~~
net/netfilter/nf_conntrack_snmp.c:66:19: note: ‘init_module’ target declared here
   66 | static int __init nf_conntrack_snmp_init(void)
      |                   ^~~~~~~~~~~~~~~~~~~~~~
In file included from net/netfilter/nf_conntrack_snmp.c:12:
./include/linux/module.h:138:7: warning: ‘cleanup_module’ specifies less restrictive attribute than its target ‘nf_conntrack_snmp_fini’: ‘cold’ [-Wmissing-attributes]
  138 |  void cleanup_module(void) __attribute__((alias(#exitfn)));
      |       ^~~~~~~~~~~~~~
net/netfilter/nf_conntrack_snmp.c:78:1: note: in expansion of macro ‘module_exit’
   78 | module_exit(nf_conntrack_snmp_fini);
      | ^~~~~~~~~~~
net/netfilter/nf_conntrack_snmp.c:72:20: note: ‘cleanup_module’ target declared here
   72 | static void __exit nf_conntrack_snmp_fini(void)
      |                    ^~~~~~~~~~~~~~~~~~~~~~
  CC [M]  net/netfilter/nf_conntrack_pptp.o
In file included from net/netfilter/nf_conntrack_pptp.c:25:
./include/linux/module.h:132:6: warning: ‘init_module’ specifies less restrictive attribute than its target ‘nf_conntrack_pptp_init’: ‘cold’ [-Wmissing-attributes]
  132 |  int init_module(void) __attribute__((alias(#initfn)));
      |      ^~~~~~~~~~~
net/netfilter/nf_conntrack_pptp.c:618:1: note: in expansion of macro ‘module_init’
  618 | module_init(nf_conntrack_pptp_init);
      | ^~~~~~~~~~~
net/netfilter/nf_conntrack_pptp.c:608:19: note: ‘init_module’ target declared here
  608 | static int __init nf_conntrack_pptp_init(void)
      |                   ^~~~~~~~~~~~~~~~~~~~~~
In file included from net/netfilter/nf_conntrack_pptp.c:25:
./include/linux/module.h:138:7: warning: ‘cleanup_module’ specifies less restrictive attribute than its target ‘nf_conntrack_pptp_fini’: ‘cold’ [-Wmissing-attributes]
  138 |  void cleanup_module(void) __attribute__((alias(#exitfn)));
      |       ^~~~~~~~~~~~~~
net/netfilter/nf_conntrack_pptp.c:619:1: note: in expansion of macro ‘module_exit’
  619 | module_exit(nf_conntrack_pptp_fini);
      | ^~~~~~~~~~~
net/netfilter/nf_conntrack_pptp.c:613:20: note: ‘cleanup_module’ target declared here
  613 | static void __exit nf_conntrack_pptp_fini(void)
      |                    ^~~~~~~~~~~~~~~~~~~~~~
  CC [M]  net/netfilter/nf_conntrack_sane.o
In file included from net/netfilter/nf_conntrack_sane.c:22:
./include/linux/module.h:132:6: warning: ‘init_module’ specifies less restrictive attribute than its target ‘nf_conntrack_sane_init’: ‘cold’ [-Wmissing-attributes]
  132 |  int init_module(void) __attribute__((alias(#initfn)));
      |      ^~~~~~~~~~~
net/netfilter/nf_conntrack_sane.c:219:1: note: in expansion of macro ‘module_init’
  219 | module_init(nf_conntrack_sane_init);
      | ^~~~~~~~~~~
net/netfilter/nf_conntrack_sane.c:183:19: note: ‘init_module’ target declared here
  183 | static int __init nf_conntrack_sane_init(void)
      |                   ^~~~~~~~~~~~~~~~~~~~~~
  CC [M]  net/netfilter/nf_conntrack_sip.o
In file included from net/netfilter/nf_conntrack_sip.c:15:
./include/linux/module.h:132:6: warning: ‘init_module’ specifies less restrictive attribute than its target ‘nf_conntrack_sip_init’: ‘cold’ [-Wmissing-attributes]
  132 |  int init_module(void) __attribute__((alias(#initfn)));
      |      ^~~~~~~~~~~
net/netfilter/nf_conntrack_sip.c:1663:1: note: in expansion of macro ‘module_init’
 1663 | module_init(nf_conntrack_sip_init);
      | ^~~~~~~~~~~
net/netfilter/nf_conntrack_sip.c:1625:19: note: ‘init_module’ target declared here
 1625 | static int __init nf_conntrack_sip_init(void)
      |                   ^~~~~~~~~~~~~~~~~~~~~
  CC [M]  net/netfilter/nf_conntrack_tftp.o
In file included from net/netfilter/nf_conntrack_tftp.c:10:
./include/linux/module.h:132:6: warning: ‘init_module’ specifies less restrictive attribute than its target ‘nf_conntrack_tftp_init’: ‘cold’ [-Wmissing-attributes]
  132 |  int init_module(void) __attribute__((alias(#initfn)));
      |      ^~~~~~~~~~~
net/netfilter/nf_conntrack_tftp.c:136:1: note: in expansion of macro ‘module_init’
  136 | module_init(nf_conntrack_tftp_init);
      | ^~~~~~~~~~~
net/netfilter/nf_conntrack_tftp.c:112:19: note: ‘init_module’ target declared here
  112 | static int __init nf_conntrack_tftp_init(void)
      |                   ^~~~~~~~~~~~~~~~~~~~~~
  CC [M]  net/netfilter/nf_log_common.o
In file included from net/netfilter/nf_log_common.c:9:
./include/linux/module.h:132:6: warning: ‘init_module’ specifies less restrictive attribute than its target ‘nf_log_common_init’: ‘cold’ [-Wmissing-attributes]
  132 |  int init_module(void) __attribute__((alias(#initfn)));
      |      ^~~~~~~~~~~
net/netfilter/nf_log_common.c:185:1: note: in expansion of macro ‘module_init’
  185 | module_init(nf_log_common_init);
      | ^~~~~~~~~~~
net/netfilter/nf_log_common.c:178:19: note: ‘init_module’ target declared here
  178 | static int __init nf_log_common_init(void)
      |                   ^~~~~~~~~~~~~~~~~~
In file included from net/netfilter/nf_log_common.c:9:
./include/linux/module.h:138:7: warning: ‘cleanup_module’ specifies less restrictive attribute than its target ‘nf_log_common_exit’: ‘cold’ [-Wmissing-attributes]
  138 |  void cleanup_module(void) __attribute__((alias(#exitfn)));
      |       ^~~~~~~~~~~~~~
net/netfilter/nf_log_common.c:186:1: note: in expansion of macro ‘module_exit’
  186 | module_exit(nf_log_common_exit);
      | ^~~~~~~~~~~
net/netfilter/nf_log_common.c:183:20: note: ‘cleanup_module’ target declared here
  183 | static void __exit nf_log_common_exit(void) {}
      |                    ^~~~~~~~~~~~~~~~~~
  CC [M]  net/netfilter/nf_nat_core.o
In file included from net/netfilter/nf_nat_core.c:11:
./include/linux/module.h:132:6: warning: ‘init_module’ specifies less restrictive attribute than its target ‘nf_nat_init’: ‘cold’ [-Wmissing-attributes]
  132 |  int init_module(void) __attribute__((alias(#initfn)));
      |      ^~~~~~~~~~~
net/netfilter/nf_nat_core.c:873:1: note: in expansion of macro ‘module_init’
  873 | module_init(nf_nat_init);
      | ^~~~~~~~~~~
net/netfilter/nf_nat_core.c:810:19: note: ‘init_module’ target declared here
  810 | static int __init nf_nat_init(void)
      |                   ^~~~~~~~~~~
In file included from net/netfilter/nf_nat_core.c:11:
./include/linux/module.h:138:7: warning: ‘cleanup_module’ specifies less restrictive attribute than its target ‘nf_nat_cleanup’: ‘cold’ [-Wmissing-attributes]
  138 |  void cleanup_module(void) __attribute__((alias(#exitfn)));
      |       ^~~~~~~~~~~~~~
net/netfilter/nf_nat_core.c:874:1: note: in expansion of macro ‘module_exit’
  874 | module_exit(nf_nat_cleanup);
      | ^~~~~~~~~~~
net/netfilter/nf_nat_core.c:852:20: note: ‘cleanup_module’ target declared here
  852 | static void __exit nf_nat_cleanup(void)
      |                    ^~~~~~~~~~~~~~
  CC [M]  net/netfilter/nf_nat_proto_unknown.o
  CC [M]  net/netfilter/nf_nat_proto_common.o
  CC [M]  net/netfilter/nf_nat_proto_udp.o
  CC [M]  net/netfilter/nf_nat_proto_tcp.o
  CC [M]  net/netfilter/nf_nat_helper.o
  LD [M]  net/netfilter/nf_nat.o
  CC [M]  net/netfilter/nf_nat_redirect.o
  CC [M]  net/netfilter/nf_nat_proto_dccp.o
In file included from net/netfilter/nf_nat_proto_dccp.c:13:
./include/linux/module.h:132:6: warning: ‘init_module’ specifies less restrictive attribute than its target ‘nf_nat_proto_dccp_init’: ‘cold’ [-Wmissing-attributes]
  132 |  int init_module(void) __attribute__((alias(#initfn)));
      |      ^~~~~~~~~~~
net/netfilter/nf_nat_proto_dccp.c:111:1: note: in expansion of macro ‘module_init’
  111 | module_init(nf_nat_proto_dccp_init);
      | ^~~~~~~~~~~
net/netfilter/nf_nat_proto_dccp.c:86:19: note: ‘init_module’ target declared here
   86 | static int __init nf_nat_proto_dccp_init(void)
      |                   ^~~~~~~~~~~~~~~~~~~~~~
In file included from net/netfilter/nf_nat_proto_dccp.c:13:
./include/linux/module.h:138:7: warning: ‘cleanup_module’ specifies less restrictive attribute than its target ‘nf_nat_proto_dccp_fini’: ‘cold’ [-Wmissing-attributes]
  138 |  void cleanup_module(void) __attribute__((alias(#exitfn)));
      |       ^~~~~~~~~~~~~~
net/netfilter/nf_nat_proto_dccp.c:112:1: note: in expansion of macro ‘module_exit’
  112 | module_exit(nf_nat_proto_dccp_fini);
      | ^~~~~~~~~~~
net/netfilter/nf_nat_proto_dccp.c:104:20: note: ‘cleanup_module’ target declared here
  104 | static void __exit nf_nat_proto_dccp_fini(void)
      |                    ^~~~~~~~~~~~~~~~~~~~~~
  CC [M]  net/netfilter/nf_nat_proto_udplite.o
In file included from ./include/linux/phy.h:24,
                 from ./include/net/dsa.h:19,
                 from ./include/linux/netdevice.h:44,
                 from ./include/net/inet_sock.h:24,
                 from ./include/linux/udp.h:20,
                 from net/netfilter/nf_nat_proto_udplite.c:12:
./include/linux/module.h:132:6: warning: ‘init_module’ specifies less restrictive attribute than its target ‘nf_nat_proto_udplite_init’: ‘cold’ [-Wmissing-attributes]
  132 |  int init_module(void) __attribute__((alias(#initfn)));
      |      ^~~~~~~~~~~
net/netfilter/nf_nat_proto_udplite.c:101:1: note: in expansion of macro ‘module_init’
  101 | module_init(nf_nat_proto_udplite_init);
      | ^~~~~~~~~~~
net/netfilter/nf_nat_proto_udplite.c:77:19: note: ‘init_module’ target declared here
   77 | static int __init nf_nat_proto_udplite_init(void)
      |                   ^~~~~~~~~~~~~~~~~~~~~~~~~
In file included from ./include/linux/phy.h:24,
                 from ./include/net/dsa.h:19,
                 from ./include/linux/netdevice.h:44,
                 from ./include/net/inet_sock.h:24,
                 from ./include/linux/udp.h:20,
                 from net/netfilter/nf_nat_proto_udplite.c:12:
./include/linux/module.h:138:7: warning: ‘cleanup_module’ specifies less restrictive attribute than its target ‘nf_nat_proto_udplite_fini’: ‘cold’ [-Wmissing-attributes]
  138 |  void cleanup_module(void) __attribute__((alias(#exitfn)));
      |       ^~~~~~~~~~~~~~
net/netfilter/nf_nat_proto_udplite.c:102:1: note: in expansion of macro ‘module_exit’
  102 | module_exit(nf_nat_proto_udplite_fini);
      | ^~~~~~~~~~~
net/netfilter/nf_nat_proto_udplite.c:95:20: note: ‘cleanup_module’ target declared here
   95 | static void __exit nf_nat_proto_udplite_fini(void)
      |                    ^~~~~~~~~~~~~~~~~~~~~~~~~
  CC [M]  net/netfilter/nf_nat_proto_sctp.o
In file included from net/netfilter/nf_nat_proto_sctp.c:12:
./include/linux/module.h:132:6: warning: ‘init_module’ specifies less restrictive attribute than its target ‘nf_nat_proto_sctp_init’: ‘cold’ [-Wmissing-attributes]
  132 |  int init_module(void) __attribute__((alias(#initfn)));
      |      ^~~~~~~~~~~
net/netfilter/nf_nat_proto_sctp.c:91:1: note: in expansion of macro ‘module_init’
   91 | module_init(nf_nat_proto_sctp_init);
      | ^~~~~~~~~~~
net/netfilter/nf_nat_proto_sctp.c:67:19: note: ‘init_module’ target declared here
   67 | static int __init nf_nat_proto_sctp_init(void)
      |                   ^~~~~~~~~~~~~~~~~~~~~~
In file included from net/netfilter/nf_nat_proto_sctp.c:12:
./include/linux/module.h:138:7: warning: ‘cleanup_module’ specifies less restrictive attribute than its target ‘nf_nat_proto_sctp_exit’: ‘cold’ [-Wmissing-attributes]
  138 |  void cleanup_module(void) __attribute__((alias(#exitfn)));
      |       ^~~~~~~~~~~~~~
net/netfilter/nf_nat_proto_sctp.c:92:1: note: in expansion of macro ‘module_exit’
   92 | module_exit(nf_nat_proto_sctp_exit);
      | ^~~~~~~~~~~
net/netfilter/nf_nat_proto_sctp.c:85:20: note: ‘cleanup_module’ target declared here
   85 | static void __exit nf_nat_proto_sctp_exit(void)
      |                    ^~~~~~~~~~~~~~~~~~~~~~
  CC [M]  net/netfilter/nf_nat_amanda.o
In file included from net/netfilter/nf_nat_amanda.c:13:
./include/linux/module.h:132:6: warning: ‘init_module’ specifies less restrictive attribute than its target ‘nf_nat_amanda_init’: ‘cold’ [-Wmissing-attributes]
  132 |  int init_module(void) __attribute__((alias(#initfn)));
      |      ^~~~~~~~~~~
net/netfilter/nf_nat_amanda.c:89:1: note: in expansion of macro ‘module_init’
   89 | module_init(nf_nat_amanda_init);
      | ^~~~~~~~~~~
net/netfilter/nf_nat_amanda.c:82:19: note: ‘init_module’ target declared here
   82 | static int __init nf_nat_amanda_init(void)
      |                   ^~~~~~~~~~~~~~~~~~
In file included from net/netfilter/nf_nat_amanda.c:13:
./include/linux/module.h:138:7: warning: ‘cleanup_module’ specifies less restrictive attribute than its target ‘nf_nat_amanda_fini’: ‘cold’ [-Wmissing-attributes]
  138 |  void cleanup_module(void) __attribute__((alias(#exitfn)));
      |       ^~~~~~~~~~~~~~
net/netfilter/nf_nat_amanda.c:90:1: note: in expansion of macro ‘module_exit’
   90 | module_exit(nf_nat_amanda_fini);
      | ^~~~~~~~~~~
net/netfilter/nf_nat_amanda.c:76:20: note: ‘cleanup_module’ target declared here
   76 | static void __exit nf_nat_amanda_fini(void)
      |                    ^~~~~~~~~~~~~~~~~~
  CC [M]  net/netfilter/nf_nat_ftp.o
In file included from net/netfilter/nf_nat_ftp.c:11:
./include/linux/module.h:132:6: warning: ‘init_module’ specifies less restrictive attribute than its target ‘nf_nat_ftp_init’: ‘cold’ [-Wmissing-attributes]
  132 |  int init_module(void) __attribute__((alias(#initfn)));
      |      ^~~~~~~~~~~
net/netfilter/nf_nat_ftp.c:145:1: note: in expansion of macro ‘module_init’
  145 | module_init(nf_nat_ftp_init);
      | ^~~~~~~~~~~
net/netfilter/nf_nat_ftp.c:129:19: note: ‘init_module’ target declared here
  129 | static int __init nf_nat_ftp_init(void)
      |                   ^~~~~~~~~~~~~~~
In file included from net/netfilter/nf_nat_ftp.c:11:
./include/linux/module.h:138:7: warning: ‘cleanup_module’ specifies less restrictive attribute than its target ‘nf_nat_ftp_fini’: ‘cold’ [-Wmissing-attributes]
  138 |  void cleanup_module(void) __attribute__((alias(#exitfn)));
      |       ^~~~~~~~~~~~~~
net/netfilter/nf_nat_ftp.c:146:1: note: in expansion of macro ‘module_exit’
  146 | module_exit(nf_nat_ftp_fini);
      | ^~~~~~~~~~~
net/netfilter/nf_nat_ftp.c:123:20: note: ‘cleanup_module’ target declared here
  123 | static void __exit nf_nat_ftp_fini(void)
      |                    ^~~~~~~~~~~~~~~
  CC [M]  net/netfilter/nf_nat_irc.o
In file included from net/netfilter/nf_nat_irc.c:13:
./include/linux/module.h:132:6: warning: ‘init_module’ specifies less restrictive attribute than its target ‘nf_nat_irc_init’: ‘cold’ [-Wmissing-attributes]
  132 |  int init_module(void) __attribute__((alias(#initfn)));
      |      ^~~~~~~~~~~
net/netfilter/nf_nat_irc.c:118:1: note: in expansion of macro ‘module_init’
  118 | module_init(nf_nat_irc_init);
      | ^~~~~~~~~~~
net/netfilter/nf_nat_irc.c:102:19: note: ‘init_module’ target declared here
  102 | static int __init nf_nat_irc_init(void)
      |                   ^~~~~~~~~~~~~~~
In file included from net/netfilter/nf_nat_irc.c:13:
./include/linux/module.h:138:7: warning: ‘cleanup_module’ specifies less restrictive attribute than its target ‘nf_nat_irc_fini’: ‘cold’ [-Wmissing-attributes]
  138 |  void cleanup_module(void) __attribute__((alias(#exitfn)));
      |       ^~~~~~~~~~~~~~
net/netfilter/nf_nat_irc.c:119:1: note: in expansion of macro ‘module_exit’
  119 | module_exit(nf_nat_irc_fini);
      | ^~~~~~~~~~~
net/netfilter/nf_nat_irc.c:96:20: note: ‘cleanup_module’ target declared here
   96 | static void __exit nf_nat_irc_fini(void)
      |                    ^~~~~~~~~~~~~~~
  CC [M]  net/netfilter/nf_nat_sip.o
In file included from net/netfilter/nf_nat_sip.c:13:
./include/linux/module.h:132:6: warning: ‘init_module’ specifies less restrictive attribute than its target ‘nf_nat_sip_init’: ‘cold’ [-Wmissing-attributes]
  132 |  int init_module(void) __attribute__((alias(#initfn)));
      |      ^~~~~~~~~~~
net/netfilter/nf_nat_sip.c:652:1: note: in expansion of macro ‘module_init’
  652 | module_init(nf_nat_sip_init);
      | ^~~~~~~~~~~
net/netfilter/nf_nat_sip.c:644:19: note: ‘init_module’ target declared here
  644 | static int __init nf_nat_sip_init(void)
      |                   ^~~~~~~~~~~~~~~
In file included from net/netfilter/nf_nat_sip.c:13:
./include/linux/module.h:138:7: warning: ‘cleanup_module’ specifies less restrictive attribute than its target ‘nf_nat_sip_fini’: ‘cold’ [-Wmissing-attributes]
  138 |  void cleanup_module(void) __attribute__((alias(#exitfn)));
      |       ^~~~~~~~~~~~~~
net/netfilter/nf_nat_sip.c:653:1: note: in expansion of macro ‘module_exit’
  653 | module_exit(nf_nat_sip_fini);
      | ^~~~~~~~~~~
net/netfilter/nf_nat_sip.c:626:20: note: ‘cleanup_module’ target declared here
  626 | static void __exit nf_nat_sip_fini(void)
      |                    ^~~~~~~~~~~~~~~
  CC [M]  net/netfilter/nf_nat_tftp.o
In file included from net/netfilter/nf_nat_tftp.c:8:
./include/linux/module.h:132:6: warning: ‘init_module’ specifies less restrictive attribute than its target ‘nf_nat_tftp_init’: ‘cold’ [-Wmissing-attributes]
  132 |  int init_module(void) __attribute__((alias(#initfn)));
      |      ^~~~~~~~~~~
net/netfilter/nf_nat_tftp.c:51:1: note: in expansion of macro ‘module_init’
   51 | module_init(nf_nat_tftp_init);
      | ^~~~~~~~~~~
net/netfilter/nf_nat_tftp.c:44:19: note: ‘init_module’ target declared here
   44 | static int __init nf_nat_tftp_init(void)
      |                   ^~~~~~~~~~~~~~~~
In file included from net/netfilter/nf_nat_tftp.c:8:
./include/linux/module.h:138:7: warning: ‘cleanup_module’ specifies less restrictive attribute than its target ‘nf_nat_tftp_fini’: ‘cold’ [-Wmissing-attributes]
  138 |  void cleanup_module(void) __attribute__((alias(#exitfn)));
      |       ^~~~~~~~~~~~~~
net/netfilter/nf_nat_tftp.c:52:1: note: in expansion of macro ‘module_exit’
   52 | module_exit(nf_nat_tftp_fini);
      | ^~~~~~~~~~~
net/netfilter/nf_nat_tftp.c:38:20: note: ‘cleanup_module’ target declared here
   38 | static void __exit nf_nat_tftp_fini(void)
      |                    ^~~~~~~~~~~~~~~~
  CC [M]  net/netfilter/x_tables.o
In file included from net/netfilter/x_tables.c:18:
./include/linux/module.h:132:6: warning: ‘init_module’ specifies less restrictive attribute than its target ‘xt_init’: ‘cold’ [-Wmissing-attributes]
  132 |  int init_module(void) __attribute__((alias(#initfn)));
      |      ^~~~~~~~~~~
net/netfilter/x_tables.c:1665:1: note: in expansion of macro ‘module_init’
 1665 | module_init(xt_init);
      | ^~~~~~~~~~~
net/netfilter/x_tables.c:1631:19: note: ‘init_module’ target declared here
 1631 | static int __init xt_init(void)
      |                   ^~~~~~~
In file included from net/netfilter/x_tables.c:18:
./include/linux/module.h:138:7: warning: ‘cleanup_module’ specifies less restrictive attribute than its target ‘xt_fini’: ‘cold’ [-Wmissing-attributes]
  138 |  void cleanup_module(void) __attribute__((alias(#exitfn)));
      |       ^~~~~~~~~~~~~~
net/netfilter/x_tables.c:1666:1: note: in expansion of macro ‘module_exit’
 1666 | module_exit(xt_fini);
      | ^~~~~~~~~~~
net/netfilter/x_tables.c:1659:20: note: ‘cleanup_module’ target declared here
 1659 | static void __exit xt_fini(void)
      |                    ^~~~~~~
  CC [M]  net/netfilter/xt_tcpudp.o
In file included from net/netfilter/xt_tcpudp.c:3:
./include/linux/module.h:132:6: warning: ‘init_module’ specifies less restrictive attribute than its target ‘tcpudp_mt_init’: ‘cold’ [-Wmissing-attributes]
  132 |  int init_module(void) __attribute__((alias(#initfn)));
      |      ^~~~~~~~~~~
net/netfilter/xt_tcpudp.c:230:1: note: in expansion of macro ‘module_init’
  230 | module_init(tcpudp_mt_init);
      | ^~~~~~~~~~~
net/netfilter/xt_tcpudp.c:220:19: note: ‘init_module’ target declared here
  220 | static int __init tcpudp_mt_init(void)
      |                   ^~~~~~~~~~~~~~
In file included from net/netfilter/xt_tcpudp.c:3:
./include/linux/module.h:138:7: warning: ‘cleanup_module’ specifies less restrictive attribute than its target ‘tcpudp_mt_exit’: ‘cold’ [-Wmissing-attributes]
  138 |  void cleanup_module(void) __attribute__((alias(#exitfn)));
      |       ^~~~~~~~~~~~~~
net/netfilter/xt_tcpudp.c:231:1: note: in expansion of macro ‘module_exit’
  231 | module_exit(tcpudp_mt_exit);
      | ^~~~~~~~~~~
net/netfilter/xt_tcpudp.c:225:20: note: ‘cleanup_module’ target declared here
  225 | static void __exit tcpudp_mt_exit(void)
      |                    ^~~~~~~~~~~~~~
  CC [M]  net/netfilter/xt_mark.o
In file included from net/netfilter/xt_mark.c:13:
./include/linux/module.h:132:6: warning: ‘init_module’ specifies less restrictive attribute than its target ‘mark_mt_init’: ‘cold’ [-Wmissing-attributes]
  132 |  int init_module(void) __attribute__((alias(#initfn)));
      |      ^~~~~~~~~~~
net/netfilter/xt_mark.c:84:1: note: in expansion of macro ‘module_init’
   84 | module_init(mark_mt_init);
      | ^~~~~~~~~~~
net/netfilter/xt_mark.c:63:19: note: ‘init_module’ target declared here
   63 | static int __init mark_mt_init(void)
      |                   ^~~~~~~~~~~~
In file included from net/netfilter/xt_mark.c:13:
./include/linux/module.h:138:7: warning: ‘cleanup_module’ specifies less restrictive attribute than its target ‘mark_mt_exit’: ‘cold’ [-Wmissing-attributes]
  138 |  void cleanup_module(void) __attribute__((alias(#exitfn)));
      |       ^~~~~~~~~~~~~~
net/netfilter/xt_mark.c:85:1: note: in expansion of macro ‘module_exit’
   85 | module_exit(mark_mt_exit);
      | ^~~~~~~~~~~
net/netfilter/xt_mark.c:78:20: note: ‘cleanup_module’ target declared here
   78 | static void __exit mark_mt_exit(void)
      |                    ^~~~~~~~~~~~
  CC [M]  net/netfilter/xt_connmark.o
In file included from net/netfilter/xt_connmark.c:23:
./include/linux/module.h:132:6: warning: ‘init_module’ specifies less restrictive attribute than its target ‘connmark_mt_init’: ‘cold’ [-Wmissing-attributes]
  132 |  int init_module(void) __attribute__((alias(#initfn)));
      |      ^~~~~~~~~~~
net/netfilter/xt_connmark.c:165:1: note: in expansion of macro ‘module_init’
  165 | module_init(connmark_mt_init);
      | ^~~~~~~~~~~
net/netfilter/xt_connmark.c:144:19: note: ‘init_module’ target declared here
  144 | static int __init connmark_mt_init(void)
      |                   ^~~~~~~~~~~~~~~~
In file included from net/netfilter/xt_connmark.c:23:
./include/linux/module.h:138:7: warning: ‘cleanup_module’ specifies less restrictive attribute than its target ‘connmark_mt_exit’: ‘cold’ [-Wmissing-attributes]
  138 |  void cleanup_module(void) __attribute__((alias(#exitfn)));
      |       ^~~~~~~~~~~~~~
net/netfilter/xt_connmark.c:166:1: note: in expansion of macro ‘module_exit’
  166 | module_exit(connmark_mt_exit);
      | ^~~~~~~~~~~
net/netfilter/xt_connmark.c:159:20: note: ‘cleanup_module’ target declared here
  159 | static void __exit connmark_mt_exit(void)
      |                    ^~~~~~~~~~~~~~~~
  CC [M]  net/netfilter/xt_set.o
In file included from net/netfilter/xt_set.c:15:
./include/linux/module.h:132:6: warning: ‘init_module’ specifies less restrictive attribute than its target ‘xt_set_init’: ‘cold’ [-Wmissing-attributes]
  132 |  int init_module(void) __attribute__((alias(#initfn)));
      |      ^~~~~~~~~~~
net/netfilter/xt_set.c:745:1: note: in expansion of macro ‘module_init’
  745 | module_init(xt_set_init);
      | ^~~~~~~~~~~
net/netfilter/xt_set.c:725:19: note: ‘init_module’ target declared here
  725 | static int __init xt_set_init(void)
      |                   ^~~~~~~~~~~
In file included from net/netfilter/xt_set.c:15:
./include/linux/module.h:138:7: warning: ‘cleanup_module’ specifies less restrictive attribute than its target ‘xt_set_fini’: ‘cold’ [-Wmissing-attributes]
  138 |  void cleanup_module(void) __attribute__((alias(#exitfn)));
      |       ^~~~~~~~~~~~~~
net/netfilter/xt_set.c:746:1: note: in expansion of macro ‘module_exit’
  746 | module_exit(xt_set_fini);
      | ^~~~~~~~~~~
net/netfilter/xt_set.c:739:20: note: ‘cleanup_module’ target declared here
  739 | static void __exit xt_set_fini(void)
      |                    ^~~~~~~~~~~
  CC [M]  net/netfilter/xt_nat.o
In file included from net/netfilter/xt_nat.c:11:
./include/linux/module.h:132:6: warning: ‘init_module’ specifies less restrictive attribute than its target ‘xt_nat_init’: ‘cold’ [-Wmissing-attributes]
  132 |  int init_module(void) __attribute__((alias(#initfn)));
      |      ^~~~~~~~~~~
net/netfilter/xt_nat.c:162:1: note: in expansion of macro ‘module_init’
  162 | module_init(xt_nat_init);
      | ^~~~~~~~~~~
net/netfilter/xt_nat.c:151:19: note: ‘init_module’ target declared here
  151 | static int __init xt_nat_init(void)
      |                   ^~~~~~~~~~~
In file included from net/netfilter/xt_nat.c:11:
./include/linux/module.h:138:7: warning: ‘cleanup_module’ specifies less restrictive attribute than its target ‘xt_nat_exit’: ‘cold’ [-Wmissing-attributes]
  138 |  void cleanup_module(void) __attribute__((alias(#exitfn)));
      |       ^~~~~~~~~~~~~~
net/netfilter/xt_nat.c:163:1: note: in expansion of macro ‘module_exit’
  163 | module_exit(xt_nat_exit);
      | ^~~~~~~~~~~
net/netfilter/xt_nat.c:157:20: note: ‘cleanup_module’ target declared here
  157 | static void __exit xt_nat_exit(void)
      |                    ^~~~~~~~~~~
  CC [M]  net/netfilter/xt_CHECKSUM.o
In file included from net/netfilter/xt_CHECKSUM.c:13:
./include/linux/module.h:132:6: warning: ‘init_module’ specifies less restrictive attribute than its target ‘checksum_tg_init’: ‘cold’ [-Wmissing-attributes]
  132 |  int init_module(void) __attribute__((alias(#initfn)));
      |      ^~~~~~~~~~~
net/netfilter/xt_CHECKSUM.c:69:1: note: in expansion of macro ‘module_init’
   69 | module_init(checksum_tg_init);
      | ^~~~~~~~~~~
net/netfilter/xt_CHECKSUM.c:59:19: note: ‘init_module’ target declared here
   59 | static int __init checksum_tg_init(void)
      |                   ^~~~~~~~~~~~~~~~
In file included from net/netfilter/xt_CHECKSUM.c:13:
./include/linux/module.h:138:7: warning: ‘cleanup_module’ specifies less restrictive attribute than its target ‘checksum_tg_exit’: ‘cold’ [-Wmissing-attributes]
  138 |  void cleanup_module(void) __attribute__((alias(#exitfn)));
      |       ^~~~~~~~~~~~~~
net/netfilter/xt_CHECKSUM.c:70:1: note: in expansion of macro ‘module_exit’
   70 | module_exit(checksum_tg_exit);
      | ^~~~~~~~~~~
net/netfilter/xt_CHECKSUM.c:64:20: note: ‘cleanup_module’ target declared here
   64 | static void __exit checksum_tg_exit(void)
      |                    ^~~~~~~~~~~~~~~~
  CC [M]  net/netfilter/xt_CLASSIFY.o
In file included from net/netfilter/xt_CLASSIFY.c:13:
./include/linux/module.h:132:6: warning: ‘init_module’ specifies less restrictive attribute than its target ‘classify_tg_init’: ‘cold’ [-Wmissing-attributes]
  132 |  int init_module(void) __attribute__((alias(#initfn)));
      |      ^~~~~~~~~~~
net/netfilter/xt_CLASSIFY.c:72:1: note: in expansion of macro ‘module_init’
   72 | module_init(classify_tg_init);
      | ^~~~~~~~~~~
net/netfilter/xt_CLASSIFY.c:62:19: note: ‘init_module’ target declared here
   62 | static int __init classify_tg_init(void)
      |                   ^~~~~~~~~~~~~~~~
In file included from net/netfilter/xt_CLASSIFY.c:13:
./include/linux/module.h:138:7: warning: ‘cleanup_module’ specifies less restrictive attribute than its target ‘classify_tg_exit’: ‘cold’ [-Wmissing-attributes]
  138 |  void cleanup_module(void) __attribute__((alias(#exitfn)));
      |       ^~~~~~~~~~~~~~
net/netfilter/xt_CLASSIFY.c:73:1: note: in expansion of macro ‘module_exit’
   73 | module_exit(classify_tg_exit);
      | ^~~~~~~~~~~
net/netfilter/xt_CLASSIFY.c:67:20: note: ‘cleanup_module’ target declared here
   67 | static void __exit classify_tg_exit(void)
      |                    ^~~~~~~~~~~~~~~~
  CC [M]  net/netfilter/xt_CT.o
In file included from net/netfilter/xt_CT.c:9:
./include/linux/module.h:132:6: warning: ‘init_module’ specifies less restrictive attribute than its target ‘xt_ct_tg_init’: ‘cold’ [-Wmissing-attributes]
  132 |  int init_module(void) __attribute__((alias(#initfn)));
      |      ^~~~~~~~~~~
net/netfilter/xt_CT.c:462:1: note: in expansion of macro ‘module_init’
  462 | module_init(xt_ct_tg_init);
      | ^~~~~~~~~~~
net/netfilter/xt_CT.c:440:19: note: ‘init_module’ target declared here
  440 | static int __init xt_ct_tg_init(void)
      |                   ^~~~~~~~~~~~~
In file included from net/netfilter/xt_CT.c:9:
./include/linux/module.h:138:7: warning: ‘cleanup_module’ specifies less restrictive attribute than its target ‘xt_ct_tg_exit’: ‘cold’ [-Wmissing-attributes]
  138 |  void cleanup_module(void) __attribute__((alias(#exitfn)));
      |       ^~~~~~~~~~~~~~
net/netfilter/xt_CT.c:463:1: note: in expansion of macro ‘module_exit’
  463 | module_exit(xt_ct_tg_exit);
      | ^~~~~~~~~~~
net/netfilter/xt_CT.c:456:20: note: ‘cleanup_module’ target declared here
  456 | static void __exit xt_ct_tg_exit(void)
      |                    ^~~~~~~~~~~~~
  CC [M]  net/netfilter/xt_DSCP.o
In file included from net/netfilter/xt_DSCP.c:13:
./include/linux/module.h:132:6: warning: ‘init_module’ specifies less restrictive attribute than its target ‘dscp_tg_init’: ‘cold’ [-Wmissing-attributes]
  132 |  int init_module(void) __attribute__((alias(#initfn)));
      |      ^~~~~~~~~~~
net/netfilter/xt_DSCP.c:165:1: note: in expansion of macro ‘module_init’
  165 | module_init(dscp_tg_init);
      | ^~~~~~~~~~~
net/netfilter/xt_DSCP.c:155:19: note: ‘init_module’ target declared here
  155 | static int __init dscp_tg_init(void)
      |                   ^~~~~~~~~~~~
In file included from net/netfilter/xt_DSCP.c:13:
./include/linux/module.h:138:7: warning: ‘cleanup_module’ specifies less restrictive attribute than its target ‘dscp_tg_exit’: ‘cold’ [-Wmissing-attributes]
  138 |  void cleanup_module(void) __attribute__((alias(#exitfn)));
      |       ^~~~~~~~~~~~~~
net/netfilter/xt_DSCP.c:166:1: note: in expansion of macro ‘module_exit’
  166 | module_exit(dscp_tg_exit);
      | ^~~~~~~~~~~
net/netfilter/xt_DSCP.c:160:20: note: ‘cleanup_module’ target declared here
  160 | static void __exit dscp_tg_exit(void)
      |                    ^~~~~~~~~~~~
  CC [M]  net/netfilter/xt_HL.o
In file included from net/netfilter/xt_HL.c:13:
./include/linux/module.h:132:6: warning: ‘init_module’ specifies less restrictive attribute than its target ‘hl_tg_init’: ‘cold’ [-Wmissing-attributes]
  132 |  int init_module(void) __attribute__((alias(#initfn)));
      |      ^~~~~~~~~~~
net/netfilter/xt_HL.c:166:1: note: in expansion of macro ‘module_init’
  166 | module_init(hl_tg_init);
      | ^~~~~~~~~~~
net/netfilter/xt_HL.c:156:19: note: ‘init_module’ target declared here
  156 | static int __init hl_tg_init(void)
      |                   ^~~~~~~~~~
In file included from net/netfilter/xt_HL.c:13:
./include/linux/module.h:138:7: warning: ‘cleanup_module’ specifies less restrictive attribute than its target ‘hl_tg_exit’: ‘cold’ [-Wmissing-attributes]
  138 |  void cleanup_module(void) __attribute__((alias(#exitfn)));
      |       ^~~~~~~~~~~~~~
net/netfilter/xt_HL.c:167:1: note: in expansion of macro ‘module_exit’
  167 | module_exit(hl_tg_exit);
      | ^~~~~~~~~~~
net/netfilter/xt_HL.c:161:20: note: ‘cleanup_module’ target declared here
  161 | static void __exit hl_tg_exit(void)
      |                    ^~~~~~~~~~
  CC [M]  net/netfilter/xt_HMARK.o
In file included from net/netfilter/xt_HMARK.c:12:
./include/linux/module.h:132:6: warning: ‘init_module’ specifies less restrictive attribute than its target ‘hmark_tg_init’: ‘cold’ [-Wmissing-attributes]
  132 |  int init_module(void) __attribute__((alias(#initfn)));
      |      ^~~~~~~~~~~
net/netfilter/xt_HMARK.c:371:1: note: in expansion of macro ‘module_init’
  371 | module_init(hmark_tg_init);
      | ^~~~~~~~~~~
net/netfilter/xt_HMARK.c:361:19: note: ‘init_module’ target declared here
  361 | static int __init hmark_tg_init(void)
      |                   ^~~~~~~~~~~~~
In file included from net/netfilter/xt_HMARK.c:12:
./include/linux/module.h:138:7: warning: ‘cleanup_module’ specifies less restrictive attribute than its target ‘hmark_tg_exit’: ‘cold’ [-Wmissing-attributes]
  138 |  void cleanup_module(void) __attribute__((alias(#exitfn)));
      |       ^~~~~~~~~~~~~~
net/netfilter/xt_HMARK.c:372:1: note: in expansion of macro ‘module_exit’
  372 | module_exit(hmark_tg_exit);
      | ^~~~~~~~~~~
net/netfilter/xt_HMARK.c:366:20: note: ‘cleanup_module’ target declared here
  366 | static void __exit hmark_tg_exit(void)
      |                    ^~~~~~~~~~~~~
  CC [M]  net/netfilter/xt_LED.o
In file included from net/netfilter/xt_LED.c:22:
./include/linux/module.h:132:6: warning: ‘init_module’ specifies less restrictive attribute than its target ‘led_tg_init’: ‘cold’ [-Wmissing-attributes]
  132 |  int init_module(void) __attribute__((alias(#initfn)));
      |      ^~~~~~~~~~~
net/netfilter/xt_LED.c:216:1: note: in expansion of macro ‘module_init’
  216 | module_init(led_tg_init);
      | ^~~~~~~~~~~
net/netfilter/xt_LED.c:206:19: note: ‘init_module’ target declared here
  206 | static int __init led_tg_init(void)
      |                   ^~~~~~~~~~~
In file included from net/netfilter/xt_LED.c:22:
./include/linux/module.h:138:7: warning: ‘cleanup_module’ specifies less restrictive attribute than its target ‘led_tg_exit’: ‘cold’ [-Wmissing-attributes]
  138 |  void cleanup_module(void) __attribute__((alias(#exitfn)));
      |       ^~~~~~~~~~~~~~
net/netfilter/xt_LED.c:217:1: note: in expansion of macro ‘module_exit’
  217 | module_exit(led_tg_exit);
      | ^~~~~~~~~~~
net/netfilter/xt_LED.c:211:20: note: ‘cleanup_module’ target declared here
  211 | static void __exit led_tg_exit(void)
      |                    ^~~~~~~~~~~
  CC [M]  net/netfilter/xt_LOG.o
In file included from net/netfilter/xt_LOG.c:14:
./include/linux/module.h:132:6: warning: ‘init_module’ specifies less restrictive attribute than its target ‘log_tg_init’: ‘cold’ [-Wmissing-attributes]
  132 |  int init_module(void) __attribute__((alias(#initfn)));
      |      ^~~~~~~~~~~
net/netfilter/xt_LOG.c:105:1: note: in expansion of macro ‘module_init’
  105 | module_init(log_tg_init);
      | ^~~~~~~~~~~
net/netfilter/xt_LOG.c:95:19: note: ‘init_module’ target declared here
   95 | static int __init log_tg_init(void)
      |                   ^~~~~~~~~~~
In file included from net/netfilter/xt_LOG.c:14:
./include/linux/module.h:138:7: warning: ‘cleanup_module’ specifies less restrictive attribute than its target ‘log_tg_exit’: ‘cold’ [-Wmissing-attributes]
  138 |  void cleanup_module(void) __attribute__((alias(#exitfn)));
      |       ^~~~~~~~~~~~~~
net/netfilter/xt_LOG.c:106:1: note: in expansion of macro ‘module_exit’
  106 | module_exit(log_tg_exit);
      | ^~~~~~~~~~~
net/netfilter/xt_LOG.c:100:20: note: ‘cleanup_module’ target declared here
  100 | static void __exit log_tg_exit(void)
      |                    ^~~~~~~~~~~
  CC [M]  net/netfilter/xt_NETMAP.o
In file included from net/netfilter/xt_NETMAP.c:12:
./include/linux/module.h:132:6: warning: ‘init_module’ specifies less restrictive attribute than its target ‘netmap_tg_init’: ‘cold’ [-Wmissing-attributes]
  132 |  int init_module(void) __attribute__((alias(#initfn)));
      |      ^~~~~~~~~~~
net/netfilter/xt_NETMAP.c:158:1: note: in expansion of macro ‘module_init’
  158 | module_init(netmap_tg_init);
      | ^~~~~~~~~~~
net/netfilter/xt_NETMAP.c:148:19: note: ‘init_module’ target declared here
  148 | static int __init netmap_tg_init(void)
      |                   ^~~~~~~~~~~~~~
  CC [M]  net/netfilter/xt_NFLOG.o
In file included from net/netfilter/xt_NFLOG.c:9:
./include/linux/module.h:132:6: warning: ‘init_module’ specifies less restrictive attribute than its target ‘nflog_tg_init’: ‘cold’ [-Wmissing-attributes]
  132 |  int init_module(void) __attribute__((alias(#initfn)));
      |      ^~~~~~~~~~~
net/netfilter/xt_NFLOG.c:76:1: note: in expansion of macro ‘module_init’
   76 | module_init(nflog_tg_init);
      | ^~~~~~~~~~~
net/netfilter/xt_NFLOG.c:66:19: note: ‘init_module’ target declared here
   66 | static int __init nflog_tg_init(void)
      |                   ^~~~~~~~~~~~~
In file included from net/netfilter/xt_NFLOG.c:9:
./include/linux/module.h:138:7: warning: ‘cleanup_module’ specifies less restrictive attribute than its target ‘nflog_tg_exit’: ‘cold’ [-Wmissing-attributes]
  138 |  void cleanup_module(void) __attribute__((alias(#exitfn)));
      |       ^~~~~~~~~~~~~~
net/netfilter/xt_NFLOG.c:77:1: note: in expansion of macro ‘module_exit’
   77 | module_exit(nflog_tg_exit);
      | ^~~~~~~~~~~
net/netfilter/xt_NFLOG.c:71:20: note: ‘cleanup_module’ target declared here
   71 | static void __exit nflog_tg_exit(void)
      |                    ^~~~~~~~~~~~~
  CC [M]  net/netfilter/xt_NFQUEUE.o
In file included from net/netfilter/xt_NFQUEUE.c:11:
./include/linux/module.h:132:6: warning: ‘init_module’ specifies less restrictive attribute than its target ‘nfqueue_tg_init’: ‘cold’ [-Wmissing-attributes]
  132 |  int init_module(void) __attribute__((alias(#initfn)));
      |      ^~~~~~~~~~~
net/netfilter/xt_NFQUEUE.c:159:1: note: in expansion of macro ‘module_init’
  159 | module_init(nfqueue_tg_init);
      | ^~~~~~~~~~~
net/netfilter/xt_NFQUEUE.c:149:19: note: ‘init_module’ target declared here
  149 | static int __init nfqueue_tg_init(void)
      |                   ^~~~~~~~~~~~~~~
In file included from net/netfilter/xt_NFQUEUE.c:11:
./include/linux/module.h:138:7: warning: ‘cleanup_module’ specifies less restrictive attribute than its target ‘nfqueue_tg_exit’: ‘cold’ [-Wmissing-attributes]
  138 |  void cleanup_module(void) __attribute__((alias(#exitfn)));
      |       ^~~~~~~~~~~~~~
net/netfilter/xt_NFQUEUE.c:160:1: note: in expansion of macro ‘module_exit’
  160 | module_exit(nfqueue_tg_exit);
      | ^~~~~~~~~~~
net/netfilter/xt_NFQUEUE.c:154:20: note: ‘cleanup_module’ target declared here
  154 | static void __exit nfqueue_tg_exit(void)
      |                    ^~~~~~~~~~~~~~~
  CC [M]  net/netfilter/xt_RATEEST.o
In file included from net/netfilter/xt_RATEEST.c:8:
./include/linux/module.h:132:6: warning: ‘init_module’ specifies less restrictive attribute than its target ‘xt_rateest_tg_init’: ‘cold’ [-Wmissing-attributes]
  132 |  int init_module(void) __attribute__((alias(#initfn)));
      |      ^~~~~~~~~~~
net/netfilter/xt_RATEEST.c:189:1: note: in expansion of macro ‘module_init’
  189 | module_init(xt_rateest_tg_init);
      | ^~~~~~~~~~~
net/netfilter/xt_RATEEST.c:168:19: note: ‘init_module’ target declared here
  168 | static int __init xt_rateest_tg_init(void)
      |                   ^~~~~~~~~~~~~~~~~~
In file included from net/netfilter/xt_RATEEST.c:8:
./include/linux/module.h:138:7: warning: ‘cleanup_module’ specifies less restrictive attribute than its target ‘xt_rateest_tg_fini’: ‘cold’ [-Wmissing-attributes]
  138 |  void cleanup_module(void) __attribute__((alias(#exitfn)));
      |       ^~~~~~~~~~~~~~
net/netfilter/xt_RATEEST.c:190:1: note: in expansion of macro ‘module_exit’
  190 | module_exit(xt_rateest_tg_fini);
      | ^~~~~~~~~~~
net/netfilter/xt_RATEEST.c:178:20: note: ‘cleanup_module’ target declared here
  178 | static void __exit xt_rateest_tg_fini(void)
      |                    ^~~~~~~~~~~~~~~~~~
  CC [M]  net/netfilter/xt_REDIRECT.o
In file included from ./include/linux/phy.h:24,
                 from ./include/net/dsa.h:19,
                 from ./include/linux/netdevice.h:44,
                 from ./include/linux/inetdevice.h:9,
                 from net/netfilter/xt_REDIRECT.c:15:
./include/linux/module.h:132:6: warning: ‘init_module’ specifies less restrictive attribute than its target ‘redirect_tg_init’: ‘cold’ [-Wmissing-attributes]
  132 |  int init_module(void) __attribute__((alias(#initfn)));
      |      ^~~~~~~~~~~
net/netfilter/xt_REDIRECT.c:106:1: note: in expansion of macro ‘module_init’
  106 | module_init(redirect_tg_init);
      | ^~~~~~~~~~~
net/netfilter/xt_REDIRECT.c:95:19: note: ‘init_module’ target declared here
   95 | static int __init redirect_tg_init(void)
      |                   ^~~~~~~~~~~~~~~~
In file included from ./include/linux/phy.h:24,
                 from ./include/net/dsa.h:19,
                 from ./include/linux/netdevice.h:44,
                 from ./include/linux/inetdevice.h:9,
                 from net/netfilter/xt_REDIRECT.c:15:
./include/linux/module.h:138:7: warning: ‘cleanup_module’ specifies less restrictive attribute than its target ‘redirect_tg_exit’: ‘cold’ [-Wmissing-attributes]
  138 |  void cleanup_module(void) __attribute__((alias(#exitfn)));
      |       ^~~~~~~~~~~~~~
net/netfilter/xt_REDIRECT.c:107:1: note: in expansion of macro ‘module_exit’
  107 | module_exit(redirect_tg_exit);
      | ^~~~~~~~~~~
net/netfilter/xt_REDIRECT.c:101:20: note: ‘cleanup_module’ target declared here
  101 | static void __exit redirect_tg_exit(void)
      |                    ^~~~~~~~~~~~~~~~
  CC [M]  net/netfilter/xt_TPROXY.o
In file included from net/netfilter/xt_TPROXY.c:13:
./include/linux/module.h:132:6: warning: ‘init_module’ specifies less restrictive attribute than its target ‘tproxy_tg_init’: ‘cold’ [-Wmissing-attributes]
  132 |  int init_module(void) __attribute__((alias(#initfn)));
      |      ^~~~~~~~~~~
net/netfilter/xt_TPROXY.c:610:1: note: in expansion of macro ‘module_init’
  610 | module_init(tproxy_tg_init);
      | ^~~~~~~~~~~
net/netfilter/xt_TPROXY.c:595:19: note: ‘init_module’ target declared here
  595 | static int __init tproxy_tg_init(void)
      |                   ^~~~~~~~~~~~~~
In file included from net/netfilter/xt_TPROXY.c:13:
./include/linux/module.h:138:7: warning: ‘cleanup_module’ specifies less restrictive attribute than its target ‘tproxy_tg_exit’: ‘cold’ [-Wmissing-attributes]
  138 |  void cleanup_module(void) __attribute__((alias(#exitfn)));
      |       ^~~~~~~~~~~~~~
net/netfilter/xt_TPROXY.c:611:1: note: in expansion of macro ‘module_exit’
  611 | module_exit(tproxy_tg_exit);
      | ^~~~~~~~~~~
net/netfilter/xt_TPROXY.c:605:20: note: ‘cleanup_module’ target declared here
  605 | static void __exit tproxy_tg_exit(void)
      |                    ^~~~~~~~~~~~~~
  CC [M]  net/netfilter/xt_TCPMSS.o
In file included from net/netfilter/xt_TCPMSS.c:12:
./include/linux/module.h:132:6: warning: ‘init_module’ specifies less restrictive attribute than its target ‘tcpmss_tg_init’: ‘cold’ [-Wmissing-attributes]
  132 |  int init_module(void) __attribute__((alias(#initfn)));
      |      ^~~~~~~~~~~
net/netfilter/xt_TCPMSS.c:354:1: note: in expansion of macro ‘module_init’
  354 | module_init(tcpmss_tg_init);
      | ^~~~~~~~~~~
net/netfilter/xt_TCPMSS.c:344:19: note: ‘init_module’ target declared here
  344 | static int __init tcpmss_tg_init(void)
      |                   ^~~~~~~~~~~~~~
In file included from net/netfilter/xt_TCPMSS.c:12:
./include/linux/module.h:138:7: warning: ‘cleanup_module’ specifies less restrictive attribute than its target ‘tcpmss_tg_exit’: ‘cold’ [-Wmissing-attributes]
  138 |  void cleanup_module(void) __attribute__((alias(#exitfn)));
      |       ^~~~~~~~~~~~~~
net/netfilter/xt_TCPMSS.c:355:1: note: in expansion of macro ‘module_exit’
  355 | module_exit(tcpmss_tg_exit);
      | ^~~~~~~~~~~
net/netfilter/xt_TCPMSS.c:349:20: note: ‘cleanup_module’ target declared here
  349 | static void __exit tcpmss_tg_exit(void)
      |                    ^~~~~~~~~~~~~~
  CC [M]  net/netfilter/xt_TCPOPTSTRIP.o
In file included from net/netfilter/xt_TCPOPTSTRIP.c:12:
./include/linux/module.h:132:6: warning: ‘init_module’ specifies less restrictive attribute than its target ‘tcpoptstrip_tg_init’: ‘cold’ [-Wmissing-attributes]
  132 |  int init_module(void) __attribute__((alias(#initfn)));
      |      ^~~~~~~~~~~
net/netfilter/xt_TCPOPTSTRIP.c:152:1: note: in expansion of macro ‘module_init’
  152 | module_init(tcpoptstrip_tg_init);
      | ^~~~~~~~~~~
net/netfilter/xt_TCPOPTSTRIP.c:140:19: note: ‘init_module’ target declared here
  140 | static int __init tcpoptstrip_tg_init(void)
      |                   ^~~~~~~~~~~~~~~~~~~
In file included from net/netfilter/xt_TCPOPTSTRIP.c:12:
./include/linux/module.h:138:7: warning: ‘cleanup_module’ specifies less restrictive attribute than its target ‘tcpoptstrip_tg_exit’: ‘cold’ [-Wmissing-attributes]
  138 |  void cleanup_module(void) __attribute__((alias(#exitfn)));
      |       ^~~~~~~~~~~~~~
net/netfilter/xt_TCPOPTSTRIP.c:153:1: note: in expansion of macro ‘module_exit’
  153 | module_exit(tcpoptstrip_tg_exit);
      | ^~~~~~~~~~~
net/netfilter/xt_TCPOPTSTRIP.c:146:20: note: ‘cleanup_module’ target declared here
  146 | static void __exit tcpoptstrip_tg_exit(void)
      |                    ^~~~~~~~~~~~~~~~~~~
  CC [M]  net/netfilter/xt_TEE.o
In file included from net/netfilter/xt_TEE.c:13:
./include/linux/module.h:132:6: warning: ‘init_module’ specifies less restrictive attribute than its target ‘tee_tg_init’: ‘cold’ [-Wmissing-attributes]
  132 |  int init_module(void) __attribute__((alias(#initfn)));
      |      ^~~~~~~~~~~
net/netfilter/xt_TEE.c:164:1: note: in expansion of macro ‘module_init’
  164 | module_init(tee_tg_init);
      | ^~~~~~~~~~~
net/netfilter/xt_TEE.c:154:19: note: ‘init_module’ target declared here
  154 | static int __init tee_tg_init(void)
      |                   ^~~~~~~~~~~
In file included from net/netfilter/xt_TEE.c:13:
./include/linux/module.h:138:7: warning: ‘cleanup_module’ specifies less restrictive attribute than its target ‘tee_tg_exit’: ‘cold’ [-Wmissing-attributes]
  138 |  void cleanup_module(void) __attribute__((alias(#exitfn)));
      |       ^~~~~~~~~~~~~~
net/netfilter/xt_TEE.c:165:1: note: in expansion of macro ‘module_exit’
  165 | module_exit(tee_tg_exit);
      | ^~~~~~~~~~~
net/netfilter/xt_TEE.c:159:20: note: ‘cleanup_module’ target declared here
  159 | static void __exit tee_tg_exit(void)
      |                    ^~~~~~~~~~~
  CC [M]  net/netfilter/xt_TRACE.o
In file included from net/netfilter/xt_TRACE.c:3:
./include/linux/module.h:132:6: warning: ‘init_module’ specifies less restrictive attribute than its target ‘trace_tg_init’: ‘cold’ [-Wmissing-attributes]
  132 |  int init_module(void) __attribute__((alias(#initfn)));
      |      ^~~~~~~~~~~
net/netfilter/xt_TRACE.c:52:1: note: in expansion of macro ‘module_init’
   52 | module_init(trace_tg_init);
      | ^~~~~~~~~~~
net/netfilter/xt_TRACE.c:42:19: note: ‘init_module’ target declared here
   42 | static int __init trace_tg_init(void)
      |                   ^~~~~~~~~~~~~
In file included from net/netfilter/xt_TRACE.c:3:
./include/linux/module.h:138:7: warning: ‘cleanup_module’ specifies less restrictive attribute than its target ‘trace_tg_exit’: ‘cold’ [-Wmissing-attributes]
  138 |  void cleanup_module(void) __attribute__((alias(#exitfn)));
      |       ^~~~~~~~~~~~~~
net/netfilter/xt_TRACE.c:53:1: note: in expansion of macro ‘module_exit’
   53 | module_exit(trace_tg_exit);
      | ^~~~~~~~~~~
net/netfilter/xt_TRACE.c:47:20: note: ‘cleanup_module’ target declared here
   47 | static void __exit trace_tg_exit(void)
      |                    ^~~~~~~~~~~~~
  CC [M]  net/netfilter/xt_IDLETIMER.o
In file included from net/netfilter/xt_IDLETIMER.c:32:
./include/linux/module.h:132:6: warning: ‘init_module’ specifies less restrictive attribute than its target ‘idletimer_tg_init’: ‘cold’ [-Wmissing-attributes]
  132 |  int init_module(void) __attribute__((alias(#initfn)));
      |      ^~~~~~~~~~~
net/netfilter/xt_IDLETIMER.c:309:1: note: in expansion of macro ‘module_init’
  309 | module_init(idletimer_tg_init);
      | ^~~~~~~~~~~
net/netfilter/xt_IDLETIMER.c:265:19: note: ‘init_module’ target declared here
  265 | static int __init idletimer_tg_init(void)
      |                   ^~~~~~~~~~~~~~~~~
In file included from net/netfilter/xt_IDLETIMER.c:32:
./include/linux/module.h:138:7: warning: ‘cleanup_module’ specifies less restrictive attribute than its target ‘idletimer_tg_exit’: ‘cold’ [-Wmissing-attributes]
  138 |  void cleanup_module(void) __attribute__((alias(#exitfn)));
      |       ^~~~~~~~~~~~~~
net/netfilter/xt_IDLETIMER.c:310:1: note: in expansion of macro ‘module_exit’
  310 | module_exit(idletimer_tg_exit);
      | ^~~~~~~~~~~
net/netfilter/xt_IDLETIMER.c:301:20: note: ‘cleanup_module’ target declared here
  301 | static void __exit idletimer_tg_exit(void)
      |                    ^~~~~~~~~~~~~~~~~
  CC [M]  net/netfilter/xt_addrtype.o
In file included from net/netfilter/xt_addrtype.c:13:
./include/linux/module.h:132:6: warning: ‘init_module’ specifies less restrictive attribute than its target ‘addrtype_mt_init’: ‘cold’ [-Wmissing-attributes]
  132 |  int init_module(void) __attribute__((alias(#initfn)));
      |      ^~~~~~~~~~~
net/netfilter/xt_addrtype.c:247:1: note: in expansion of macro ‘module_init’
  247 | module_init(addrtype_mt_init);
      | ^~~~~~~~~~~
net/netfilter/xt_addrtype.c:236:19: note: ‘init_module’ target declared here
  236 | static int __init addrtype_mt_init(void)
      |                   ^~~~~~~~~~~~~~~~
In file included from net/netfilter/xt_addrtype.c:13:
./include/linux/module.h:138:7: warning: ‘cleanup_module’ specifies less restrictive attribute than its target ‘addrtype_mt_exit’: ‘cold’ [-Wmissing-attributes]
  138 |  void cleanup_module(void) __attribute__((alias(#exitfn)));
      |       ^~~~~~~~~~~~~~
net/netfilter/xt_addrtype.c:248:1: note: in expansion of macro ‘module_exit’
  248 | module_exit(addrtype_mt_exit);
      | ^~~~~~~~~~~
net/netfilter/xt_addrtype.c:242:20: note: ‘cleanup_module’ target declared here
  242 | static void __exit addrtype_mt_exit(void)
      |                    ^~~~~~~~~~~~~~~~
  CC [M]  net/netfilter/xt_bpf.o
In file included from net/netfilter/xt_bpf.c:10:
./include/linux/module.h:132:6: warning: ‘init_module’ specifies less restrictive attribute than its target ‘bpf_mt_init’: ‘cold’ [-Wmissing-attributes]
  132 |  int init_module(void) __attribute__((alias(#initfn)));
      |      ^~~~~~~~~~~
net/netfilter/xt_bpf.c:73:1: note: in expansion of macro ‘module_init’
   73 | module_init(bpf_mt_init);
      | ^~~~~~~~~~~
net/netfilter/xt_bpf.c:63:19: note: ‘init_module’ target declared here
   63 | static int __init bpf_mt_init(void)
      |                   ^~~~~~~~~~~
In file included from net/netfilter/xt_bpf.c:10:
./include/linux/module.h:138:7: warning: ‘cleanup_module’ specifies less restrictive attribute than its target ‘bpf_mt_exit’: ‘cold’ [-Wmissing-attributes]
  138 |  void cleanup_module(void) __attribute__((alias(#exitfn)));
      |       ^~~~~~~~~~~~~~
net/netfilter/xt_bpf.c:74:1: note: in expansion of macro ‘module_exit’
   74 | module_exit(bpf_mt_exit);
      | ^~~~~~~~~~~
net/netfilter/xt_bpf.c:68:20: note: ‘cleanup_module’ target declared here
   68 | static void __exit bpf_mt_exit(void)
      |                    ^~~~~~~~~~~
  CC [M]  net/netfilter/xt_cluster.o
In file included from net/netfilter/xt_cluster.c:9:
./include/linux/module.h:132:6: warning: ‘init_module’ specifies less restrictive attribute than its target ‘xt_cluster_mt_init’: ‘cold’ [-Wmissing-attributes]
  132 |  int init_module(void) __attribute__((alias(#initfn)));
      |      ^~~~~~~~~~~
net/netfilter/xt_cluster.c:178:1: note: in expansion of macro ‘module_init’
  178 | module_init(xt_cluster_mt_init);
      | ^~~~~~~~~~~
net/netfilter/xt_cluster.c:163:19: note: ‘init_module’ target declared here
  163 | static int __init xt_cluster_mt_init(void)
      |                   ^~~~~~~~~~~~~~~~~~
In file included from net/netfilter/xt_cluster.c:9:
./include/linux/module.h:138:7: warning: ‘cleanup_module’ specifies less restrictive attribute than its target ‘xt_cluster_mt_fini’: ‘cold’ [-Wmissing-attributes]
  138 |  void cleanup_module(void) __attribute__((alias(#exitfn)));
      |       ^~~~~~~~~~~~~~
net/netfilter/xt_cluster.c:179:1: note: in expansion of macro ‘module_exit’
  179 | module_exit(xt_cluster_mt_fini);
      | ^~~~~~~~~~~
net/netfilter/xt_cluster.c:168:20: note: ‘cleanup_module’ target declared here
  168 | static void __exit xt_cluster_mt_fini(void)
      |                    ^~~~~~~~~~~~~~~~~~
  CC [M]  net/netfilter/xt_comment.o
In file included from net/netfilter/xt_comment.c:7:
./include/linux/module.h:132:6: warning: ‘init_module’ specifies less restrictive attribute than its target ‘comment_mt_init’: ‘cold’ [-Wmissing-attributes]
  132 |  int init_module(void) __attribute__((alias(#initfn)));
      |      ^~~~~~~~~~~
net/netfilter/xt_comment.c:44:1: note: in expansion of macro ‘module_init’
   44 | module_init(comment_mt_init);
      | ^~~~~~~~~~~
net/netfilter/xt_comment.c:34:19: note: ‘init_module’ target declared here
   34 | static int __init comment_mt_init(void)
      |                   ^~~~~~~~~~~~~~~
In file included from net/netfilter/xt_comment.c:7:
./include/linux/module.h:138:7: warning: ‘cleanup_module’ specifies less restrictive attribute than its target ‘comment_mt_exit’: ‘cold’ [-Wmissing-attributes]
  138 |  void cleanup_module(void) __attribute__((alias(#exitfn)));
      |       ^~~~~~~~~~~~~~
net/netfilter/xt_comment.c:45:1: note: in expansion of macro ‘module_exit’
   45 | module_exit(comment_mt_exit);
      | ^~~~~~~~~~~
net/netfilter/xt_comment.c:39:20: note: ‘cleanup_module’ target declared here
   39 | static void __exit comment_mt_exit(void)
      |                    ^~~~~~~~~~~~~~~
  CC [M]  net/netfilter/xt_connbytes.o
In file included from net/netfilter/xt_connbytes.c:5:
./include/linux/module.h:132:6: warning: ‘init_module’ specifies less restrictive attribute than its target ‘connbytes_mt_init’: ‘cold’ [-Wmissing-attributes]
  132 |  int init_module(void) __attribute__((alias(#initfn)));
      |      ^~~~~~~~~~~
net/netfilter/xt_connbytes.c:156:1: note: in expansion of macro ‘module_init’
  156 | module_init(connbytes_mt_init);
      | ^~~~~~~~~~~
net/netfilter/xt_connbytes.c:146:19: note: ‘init_module’ target declared here
  146 | static int __init connbytes_mt_init(void)
      |                   ^~~~~~~~~~~~~~~~~
In file included from net/netfilter/xt_connbytes.c:5:
./include/linux/module.h:138:7: warning: ‘cleanup_module’ specifies less restrictive attribute than its target ‘connbytes_mt_exit’: ‘cold’ [-Wmissing-attributes]
  138 |  void cleanup_module(void) __attribute__((alias(#exitfn)));
      |       ^~~~~~~~~~~~~~
net/netfilter/xt_connbytes.c:157:1: note: in expansion of macro ‘module_exit’
  157 | module_exit(connbytes_mt_exit);
      | ^~~~~~~~~~~
net/netfilter/xt_connbytes.c:151:20: note: ‘cleanup_module’ target declared here
  151 | static void __exit connbytes_mt_exit(void)
      |                    ^~~~~~~~~~~~~~~~~
  CC [M]  net/netfilter/xt_connlabel.o
In file included from net/netfilter/xt_connlabel.c:9:
./include/linux/module.h:132:6: warning: ‘init_module’ specifies less restrictive attribute than its target ‘connlabel_mt_init’: ‘cold’ [-Wmissing-attributes]
  132 |  int init_module(void) __attribute__((alias(#initfn)));
      |      ^~~~~~~~~~~
net/netfilter/xt_connlabel.c:103:1: note: in expansion of macro ‘module_init’
  103 | module_init(connlabel_mt_init);
      | ^~~~~~~~~~~
net/netfilter/xt_connlabel.c:93:19: note: ‘init_module’ target declared here
   93 | static int __init connlabel_mt_init(void)
      |                   ^~~~~~~~~~~~~~~~~
In file included from net/netfilter/xt_connlabel.c:9:
./include/linux/module.h:138:7: warning: ‘cleanup_module’ specifies less restrictive attribute than its target ‘connlabel_mt_exit’: ‘cold’ [-Wmissing-attributes]
  138 |  void cleanup_module(void) __attribute__((alias(#exitfn)));
      |       ^~~~~~~~~~~~~~
net/netfilter/xt_connlabel.c:104:1: note: in expansion of macro ‘module_exit’
  104 | module_exit(connlabel_mt_exit);
      | ^~~~~~~~~~~
net/netfilter/xt_connlabel.c:98:20: note: ‘cleanup_module’ target declared here
   98 | static void __exit connlabel_mt_exit(void)
      |                    ^~~~~~~~~~~~~~~~~
  CC [M]  net/netfilter/xt_connlimit.o
In file included from ./include/linux/phy.h:24,
                 from ./include/net/dsa.h:19,
                 from ./include/linux/netdevice.h:44,
                 from ./include/linux/icmpv6.h:12,
                 from ./include/linux/ipv6.h:76,
                 from net/netfilter/xt_connlimit.c:18:
./include/linux/module.h:132:6: warning: ‘init_module’ specifies less restrictive attribute than its target ‘connlimit_mt_init’: ‘cold’ [-Wmissing-attributes]
  132 |  int init_module(void) __attribute__((alias(#initfn)));
      |      ^~~~~~~~~~~
net/netfilter/xt_connlimit.c:476:1: note: in expansion of macro ‘module_init’
  476 | module_init(connlimit_mt_init);
      | ^~~~~~~~~~~
net/netfilter/xt_connlimit.c:438:19: note: ‘init_module’ target declared here
  438 | static int __init connlimit_mt_init(void)
      |                   ^~~~~~~~~~~~~~~~~
In file included from ./include/linux/phy.h:24,
                 from ./include/net/dsa.h:19,
                 from ./include/linux/netdevice.h:44,
                 from ./include/linux/icmpv6.h:12,
                 from ./include/linux/ipv6.h:76,
                 from net/netfilter/xt_connlimit.c:18:
./include/linux/module.h:138:7: warning: ‘cleanup_module’ specifies less restrictive attribute than its target ‘connlimit_mt_exit’: ‘cold’ [-Wmissing-attributes]
  138 |  void cleanup_module(void) __attribute__((alias(#exitfn)));
      |       ^~~~~~~~~~~~~~
net/netfilter/xt_connlimit.c:477:1: note: in expansion of macro ‘module_exit’
  477 | module_exit(connlimit_mt_exit);
      | ^~~~~~~~~~~
net/netfilter/xt_connlimit.c:469:20: note: ‘cleanup_module’ target declared here
  469 | static void __exit connlimit_mt_exit(void)
      |                    ^~~~~~~~~~~~~~~~~
  CC [M]  net/netfilter/xt_conntrack.o
In file included from net/netfilter/xt_conntrack.c:14:
./include/linux/module.h:132:6: warning: ‘init_module’ specifies less restrictive attribute than its target ‘conntrack_mt_init’: ‘cold’ [-Wmissing-attributes]
  132 |  int init_module(void) __attribute__((alias(#initfn)));
      |      ^~~~~~~~~~~
net/netfilter/xt_conntrack.c:330:1: note: in expansion of macro ‘module_init’
  330 | module_init(conntrack_mt_init);
      | ^~~~~~~~~~~
net/netfilter/xt_conntrack.c:319:19: note: ‘init_module’ target declared here
  319 | static int __init conntrack_mt_init(void)
      |                   ^~~~~~~~~~~~~~~~~
In file included from net/netfilter/xt_conntrack.c:14:
./include/linux/module.h:138:7: warning: ‘cleanup_module’ specifies less restrictive attribute than its target ‘conntrack_mt_exit’: ‘cold’ [-Wmissing-attributes]
  138 |  void cleanup_module(void) __attribute__((alias(#exitfn)));
      |       ^~~~~~~~~~~~~~
net/netfilter/xt_conntrack.c:331:1: note: in expansion of macro ‘module_exit’
  331 | module_exit(conntrack_mt_exit);
      | ^~~~~~~~~~~
net/netfilter/xt_conntrack.c:325:20: note: ‘cleanup_module’ target declared here
  325 | static void __exit conntrack_mt_exit(void)
      |                    ^~~~~~~~~~~~~~~~~
  CC [M]  net/netfilter/xt_cpu.o
In file included from net/netfilter/xt_cpu.c:17:
./include/linux/module.h:132:6: warning: ‘init_module’ specifies less restrictive attribute than its target ‘cpu_mt_init’: ‘cold’ [-Wmissing-attributes]
  132 |  int init_module(void) __attribute__((alias(#initfn)));
      |      ^~~~~~~~~~~
net/netfilter/xt_cpu.c:64:1: note: in expansion of macro ‘module_init’
   64 | module_init(cpu_mt_init);
      | ^~~~~~~~~~~
net/netfilter/xt_cpu.c:54:19: note: ‘init_module’ target declared here
   54 | static int __init cpu_mt_init(void)
      |                   ^~~~~~~~~~~
In file included from net/netfilter/xt_cpu.c:17:
./include/linux/module.h:138:7: warning: ‘cleanup_module’ specifies less restrictive attribute than its target ‘cpu_mt_exit’: ‘cold’ [-Wmissing-attributes]
  138 |  void cleanup_module(void) __attribute__((alias(#exitfn)));
      |       ^~~~~~~~~~~~~~
net/netfilter/xt_cpu.c:65:1: note: in expansion of macro ‘module_exit’
   65 | module_exit(cpu_mt_exit);
      | ^~~~~~~~~~~
net/netfilter/xt_cpu.c:59:20: note: ‘cleanup_module’ target declared here
   59 | static void __exit cpu_mt_exit(void)
      |                    ^~~~~~~~~~~
  CC [M]  net/netfilter/xt_dccp.o
In file included from net/netfilter/xt_dccp.c:11:
./include/linux/module.h:132:6: warning: ‘init_module’ specifies less restrictive attribute than its target ‘dccp_mt_init’: ‘cold’ [-Wmissing-attributes]
  132 |  int init_module(void) __attribute__((alias(#initfn)));
      |      ^~~~~~~~~~~
net/netfilter/xt_dccp.c:187:1: note: in expansion of macro ‘module_init’
  187 | module_init(dccp_mt_init);
      | ^~~~~~~~~~~
net/netfilter/xt_dccp.c:161:19: note: ‘init_module’ target declared here
  161 | static int __init dccp_mt_init(void)
      |                   ^~~~~~~~~~~~
In file included from net/netfilter/xt_dccp.c:11:
./include/linux/module.h:138:7: warning: ‘cleanup_module’ specifies less restrictive attribute than its target ‘dccp_mt_exit’: ‘cold’ [-Wmissing-attributes]
  138 |  void cleanup_module(void) __attribute__((alias(#exitfn)));
      |       ^~~~~~~~~~~~~~
net/netfilter/xt_dccp.c:188:1: note: in expansion of macro ‘module_exit’
  188 | module_exit(dccp_mt_exit);
      | ^~~~~~~~~~~
net/netfilter/xt_dccp.c:181:20: note: ‘cleanup_module’ target declared here
  181 | static void __exit dccp_mt_exit(void)
      |                    ^~~~~~~~~~~~
  CC [M]  net/netfilter/xt_devgroup.o
In file included from net/netfilter/xt_devgroup.c:9:
./include/linux/module.h:132:6: warning: ‘init_module’ specifies less restrictive attribute than its target ‘devgroup_mt_init’: ‘cold’ [-Wmissing-attributes]
  132 |  int init_module(void) __attribute__((alias(#initfn)));
      |      ^~~~~~~~~~~
net/netfilter/xt_devgroup.c:81:1: note: in expansion of macro ‘module_init’
   81 | module_init(devgroup_mt_init);
      | ^~~~~~~~~~~
net/netfilter/xt_devgroup.c:71:19: note: ‘init_module’ target declared here
   71 | static int __init devgroup_mt_init(void)
      |                   ^~~~~~~~~~~~~~~~
In file included from net/netfilter/xt_devgroup.c:9:
./include/linux/module.h:138:7: warning: ‘cleanup_module’ specifies less restrictive attribute than its target ‘devgroup_mt_exit’: ‘cold’ [-Wmissing-attributes]
  138 |  void cleanup_module(void) __attribute__((alias(#exitfn)));
      |       ^~~~~~~~~~~~~~
net/netfilter/xt_devgroup.c:82:1: note: in expansion of macro ‘module_exit’
   82 | module_exit(devgroup_mt_exit);
      | ^~~~~~~~~~~
net/netfilter/xt_devgroup.c:76:20: note: ‘cleanup_module’ target declared here
   76 | static void __exit devgroup_mt_exit(void)
      |                    ^~~~~~~~~~~~~~~~
  CC [M]  net/netfilter/xt_dscp.o
In file included from net/netfilter/xt_dscp.c:10:
./include/linux/module.h:132:6: warning: ‘init_module’ specifies less restrictive attribute than its target ‘dscp_mt_init’: ‘cold’ [-Wmissing-attributes]
  132 |  int init_module(void) __attribute__((alias(#initfn)));
      |      ^~~~~~~~~~~
net/netfilter/xt_dscp.c:114:1: note: in expansion of macro ‘module_init’
  114 | module_init(dscp_mt_init);
      | ^~~~~~~~~~~
net/netfilter/xt_dscp.c:104:19: note: ‘init_module’ target declared here
  104 | static int __init dscp_mt_init(void)
      |                   ^~~~~~~~~~~~
In file included from net/netfilter/xt_dscp.c:10:
./include/linux/module.h:138:7: warning: ‘cleanup_module’ specifies less restrictive attribute than its target ‘dscp_mt_exit’: ‘cold’ [-Wmissing-attributes]
  138 |  void cleanup_module(void) __attribute__((alias(#exitfn)));
      |       ^~~~~~~~~~~~~~
net/netfilter/xt_dscp.c:115:1: note: in expansion of macro ‘module_exit’
  115 | module_exit(dscp_mt_exit);
      | ^~~~~~~~~~~
net/netfilter/xt_dscp.c:109:20: note: ‘cleanup_module’ target declared here
  109 | static void __exit dscp_mt_exit(void)
      |                    ^~~~~~~~~~~~
  CC [M]  net/netfilter/xt_ecn.o
In file included from ./include/linux/phy.h:24,
                 from ./include/net/dsa.h:19,
                 from ./include/linux/netdevice.h:44,
                 from ./include/net/inet_sock.h:24,
                 from ./include/net/ip.h:30,
                 from net/netfilter/xt_ecn.c:14:
./include/linux/module.h:132:6: warning: ‘init_module’ specifies less restrictive attribute than its target ‘ecn_mt_init’: ‘cold’ [-Wmissing-attributes]
  132 |  int init_module(void) __attribute__((alias(#initfn)));
      |      ^~~~~~~~~~~
net/netfilter/xt_ecn.c:178:1: note: in expansion of macro ‘module_init’
  178 | module_init(ecn_mt_init);
      | ^~~~~~~~~~~
net/netfilter/xt_ecn.c:168:19: note: ‘init_module’ target declared here
  168 | static int __init ecn_mt_init(void)
      |                   ^~~~~~~~~~~
In file included from ./include/linux/phy.h:24,
                 from ./include/net/dsa.h:19,
                 from ./include/linux/netdevice.h:44,
                 from ./include/net/inet_sock.h:24,
                 from ./include/net/ip.h:30,
                 from net/netfilter/xt_ecn.c:14:
./include/linux/module.h:138:7: warning: ‘cleanup_module’ specifies less restrictive attribute than its target ‘ecn_mt_exit’: ‘cold’ [-Wmissing-attributes]
  138 |  void cleanup_module(void) __attribute__((alias(#exitfn)));
      |       ^~~~~~~~~~~~~~
net/netfilter/xt_ecn.c:179:1: note: in expansion of macro ‘module_exit’
  179 | module_exit(ecn_mt_exit);
      | ^~~~~~~~~~~
net/netfilter/xt_ecn.c:173:20: note: ‘cleanup_module’ target declared here
  173 | static void __exit ecn_mt_exit(void)
      |                    ^~~~~~~~~~~
  CC [M]  net/netfilter/xt_esp.o
In file included from net/netfilter/xt_esp.c:10:
./include/linux/module.h:132:6: warning: ‘init_module’ specifies less restrictive attribute than its target ‘esp_mt_init’: ‘cold’ [-Wmissing-attributes]
  132 |  int init_module(void) __attribute__((alias(#initfn)));
      |      ^~~~~~~~~~~
net/netfilter/xt_esp.c:106:1: note: in expansion of macro ‘module_init’
  106 | module_init(esp_mt_init);
      | ^~~~~~~~~~~
net/netfilter/xt_esp.c:96:19: note: ‘init_module’ target declared here
   96 | static int __init esp_mt_init(void)
      |                   ^~~~~~~~~~~
In file included from net/netfilter/xt_esp.c:10:
./include/linux/module.h:138:7: warning: ‘cleanup_module’ specifies less restrictive attribute than its target ‘esp_mt_exit’: ‘cold’ [-Wmissing-attributes]
  138 |  void cleanup_module(void) __attribute__((alias(#exitfn)));
      |       ^~~~~~~~~~~~~~
net/netfilter/xt_esp.c:107:1: note: in expansion of macro ‘module_exit’
  107 | module_exit(esp_mt_exit);
      | ^~~~~~~~~~~
net/netfilter/xt_esp.c:101:20: note: ‘cleanup_module’ target declared here
  101 | static void __exit esp_mt_exit(void)
      |                    ^~~~~~~~~~~
  CC [M]  net/netfilter/xt_hashlimit.o
In file included from net/netfilter/xt_hashlimit.c:12:
./include/linux/module.h:132:6: warning: ‘init_module’ specifies less restrictive attribute than its target ‘hashlimit_mt_init’: ‘cold’ [-Wmissing-attributes]
  132 |  int init_module(void) __attribute__((alias(#initfn)));
      |      ^~~~~~~~~~~
net/netfilter/xt_hashlimit.c:1162:1: note: in expansion of macro ‘module_init’
 1162 | module_init(hashlimit_mt_init);
      | ^~~~~~~~~~~
net/netfilter/xt_hashlimit.c:1123:19: note: ‘init_module’ target declared here
 1123 | static int __init hashlimit_mt_init(void)
      |                   ^~~~~~~~~~~~~~~~~
In file included from net/netfilter/xt_hashlimit.c:12:
./include/linux/module.h:138:7: warning: ‘cleanup_module’ specifies less restrictive attribute than its target ‘hashlimit_mt_exit’: ‘cold’ [-Wmissing-attributes]
  138 |  void cleanup_module(void) __attribute__((alias(#exitfn)));
      |       ^~~~~~~~~~~~~~
net/netfilter/xt_hashlimit.c:1163:1: note: in expansion of macro ‘module_exit’
 1163 | module_exit(hashlimit_mt_exit);
      | ^~~~~~~~~~~
net/netfilter/xt_hashlimit.c:1153:20: note: ‘cleanup_module’ target declared here
 1153 | static void __exit hashlimit_mt_exit(void)
      |                    ^~~~~~~~~~~~~~~~~
  CC [M]  net/netfilter/xt_helper.o
In file included from net/netfilter/xt_helper.c:10:
./include/linux/module.h:132:6: warning: ‘init_module’ specifies less restrictive attribute than its target ‘helper_mt_init’: ‘cold’ [-Wmissing-attributes]
  132 |  int init_module(void) __attribute__((alias(#initfn)));
      |      ^~~~~~~~~~~
net/netfilter/xt_helper.c:98:1: note: in expansion of macro ‘module_init’
   98 | module_init(helper_mt_init);
      | ^~~~~~~~~~~
net/netfilter/xt_helper.c:88:19: note: ‘init_module’ target declared here
   88 | static int __init helper_mt_init(void)
      |                   ^~~~~~~~~~~~~~
In file included from net/netfilter/xt_helper.c:10:
./include/linux/module.h:138:7: warning: ‘cleanup_module’ specifies less restrictive attribute than its target ‘helper_mt_exit’: ‘cold’ [-Wmissing-attributes]
  138 |  void cleanup_module(void) __attribute__((alias(#exitfn)));
      |       ^~~~~~~~~~~~~~
net/netfilter/xt_helper.c:99:1: note: in expansion of macro ‘module_exit’
   99 | module_exit(helper_mt_exit);
      | ^~~~~~~~~~~
net/netfilter/xt_helper.c:93:20: note: ‘cleanup_module’ target declared here
   93 | static void __exit helper_mt_exit(void)
      |                    ^~~~~~~~~~~~~~
  CC [M]  net/netfilter/xt_hl.o
In file included from ./include/linux/phy.h:24,
                 from ./include/net/dsa.h:19,
                 from ./include/linux/netdevice.h:44,
                 from ./include/linux/icmpv6.h:12,
                 from ./include/linux/ipv6.h:76,
                 from net/netfilter/xt_hl.c:14:
./include/linux/module.h:132:6: warning: ‘init_module’ specifies less restrictive attribute than its target ‘hl_mt_init’: ‘cold’ [-Wmissing-attributes]
  132 |  int init_module(void) __attribute__((alias(#initfn)));
      |      ^~~~~~~~~~~
net/netfilter/xt_hl.c:95:1: note: in expansion of macro ‘module_init’
   95 | module_init(hl_mt_init);
      | ^~~~~~~~~~~
net/netfilter/xt_hl.c:85:19: note: ‘init_module’ target declared here
   85 | static int __init hl_mt_init(void)
      |                   ^~~~~~~~~~
In file included from ./include/linux/phy.h:24,
                 from ./include/net/dsa.h:19,
                 from ./include/linux/netdevice.h:44,
                 from ./include/linux/icmpv6.h:12,
                 from ./include/linux/ipv6.h:76,
                 from net/netfilter/xt_hl.c:14:
./include/linux/module.h:138:7: warning: ‘cleanup_module’ specifies less restrictive attribute than its target ‘hl_mt_exit’: ‘cold’ [-Wmissing-attributes]
  138 |  void cleanup_module(void) __attribute__((alias(#exitfn)));
      |       ^~~~~~~~~~~~~~
net/netfilter/xt_hl.c:96:1: note: in expansion of macro ‘module_exit’
   96 | module_exit(hl_mt_exit);
      | ^~~~~~~~~~~
net/netfilter/xt_hl.c:90:20: note: ‘cleanup_module’ target declared here
   90 | static void __exit hl_mt_exit(void)
      |                    ^~~~~~~~~~
  CC [M]  net/netfilter/xt_iprange.o
In file included from net/netfilter/xt_iprange.c:12:
./include/linux/module.h:132:6: warning: ‘init_module’ specifies less restrictive attribute than its target ‘iprange_mt_init’: ‘cold’ [-Wmissing-attributes]
  132 |  int init_module(void) __attribute__((alias(#initfn)));
      |      ^~~~~~~~~~~
net/netfilter/xt_iprange.c:133:1: note: in expansion of macro ‘module_init’
  133 | module_init(iprange_mt_init);
      | ^~~~~~~~~~~
net/netfilter/xt_iprange.c:123:19: note: ‘init_module’ target declared here
  123 | static int __init iprange_mt_init(void)
      |                   ^~~~~~~~~~~~~~~
In file included from net/netfilter/xt_iprange.c:12:
./include/linux/module.h:138:7: warning: ‘cleanup_module’ specifies less restrictive attribute than its target ‘iprange_mt_exit’: ‘cold’ [-Wmissing-attributes]
  138 |  void cleanup_module(void) __attribute__((alias(#exitfn)));
      |       ^~~~~~~~~~~~~~
net/netfilter/xt_iprange.c:134:1: note: in expansion of macro ‘module_exit’
  134 | module_exit(iprange_mt_exit);
      | ^~~~~~~~~~~
net/netfilter/xt_iprange.c:128:20: note: ‘cleanup_module’ target declared here
  128 | static void __exit iprange_mt_exit(void)
      |                    ^~~~~~~~~~~~~~~
  CC [M]  net/netfilter/xt_ipvs.o
In file included from net/netfilter/xt_ipvs.c:9:
./include/linux/module.h:132:6: warning: ‘init_module’ specifies less restrictive attribute than its target ‘ipvs_mt_init’: ‘cold’ [-Wmissing-attributes]
  132 |  int init_module(void) __attribute__((alias(#initfn)));
      |      ^~~~~~~~~~~
net/netfilter/xt_ipvs.c:188:1: note: in expansion of macro ‘module_init’
  188 | module_init(ipvs_mt_init);
      | ^~~~~~~~~~~
net/netfilter/xt_ipvs.c:178:19: note: ‘init_module’ target declared here
  178 | static int __init ipvs_mt_init(void)
      |                   ^~~~~~~~~~~~
In file included from net/netfilter/xt_ipvs.c:9:
./include/linux/module.h:138:7: warning: ‘cleanup_module’ specifies less restrictive attribute than its target ‘ipvs_mt_exit’: ‘cold’ [-Wmissing-attributes]
  138 |  void cleanup_module(void) __attribute__((alias(#exitfn)));
      |       ^~~~~~~~~~~~~~
net/netfilter/xt_ipvs.c:189:1: note: in expansion of macro ‘module_exit’
  189 | module_exit(ipvs_mt_exit);
      | ^~~~~~~~~~~
net/netfilter/xt_ipvs.c:183:20: note: ‘cleanup_module’ target declared here
  183 | static void __exit ipvs_mt_exit(void)
      |                    ^~~~~~~~~~~~
  CC [M]  net/netfilter/xt_l2tp.o
In file included from net/netfilter/xt_l2tp.c:11:
./include/linux/module.h:132:6: warning: ‘init_module’ specifies less restrictive attribute than its target ‘l2tp_mt_init’: ‘cold’ [-Wmissing-attributes]
  132 |  int init_module(void) __attribute__((alias(#initfn)));
      |      ^~~~~~~~~~~
net/netfilter/xt_l2tp.c:353:1: note: in expansion of macro ‘module_init’
  353 | module_init(l2tp_mt_init);
      | ^~~~~~~~~~~
net/netfilter/xt_l2tp.c:343:19: note: ‘init_module’ target declared here
  343 | static int __init l2tp_mt_init(void)
      |                   ^~~~~~~~~~~~
In file included from net/netfilter/xt_l2tp.c:11:
./include/linux/module.h:138:7: warning: ‘cleanup_module’ specifies less restrictive attribute than its target ‘l2tp_mt_exit’: ‘cold’ [-Wmissing-attributes]
  138 |  void cleanup_module(void) __attribute__((alias(#exitfn)));
      |       ^~~~~~~~~~~~~~
net/netfilter/xt_l2tp.c:354:1: note: in expansion of macro ‘module_exit’
  354 | module_exit(l2tp_mt_exit);
      | ^~~~~~~~~~~
net/netfilter/xt_l2tp.c:348:20: note: ‘cleanup_module’ target declared here
  348 | static void __exit l2tp_mt_exit(void)
      |                    ^~~~~~~~~~~~
  CC [M]  net/netfilter/xt_length.o
In file included from net/netfilter/xt_length.c:9:
./include/linux/module.h:132:6: warning: ‘init_module’ specifies less restrictive attribute than its target ‘length_mt_init’: ‘cold’ [-Wmissing-attributes]
  132 |  int init_module(void) __attribute__((alias(#initfn)));
      |      ^~~~~~~~~~~
net/netfilter/xt_length.c:69:1: note: in expansion of macro ‘module_init’
   69 | module_init(length_mt_init);
      | ^~~~~~~~~~~
net/netfilter/xt_length.c:59:19: note: ‘init_module’ target declared here
   59 | static int __init length_mt_init(void)
      |                   ^~~~~~~~~~~~~~
In file included from net/netfilter/xt_length.c:9:
./include/linux/module.h:138:7: warning: ‘cleanup_module’ specifies less restrictive attribute than its target ‘length_mt_exit’: ‘cold’ [-Wmissing-attributes]
  138 |  void cleanup_module(void) __attribute__((alias(#exitfn)));
      |       ^~~~~~~~~~~~~~
net/netfilter/xt_length.c:70:1: note: in expansion of macro ‘module_exit’
   70 | module_exit(length_mt_exit);
      | ^~~~~~~~~~~
net/netfilter/xt_length.c:64:20: note: ‘cleanup_module’ target declared here
   64 | static void __exit length_mt_exit(void)
      |                    ^~~~~~~~~~~~~~
  CC [M]  net/netfilter/xt_limit.o
In file included from net/netfilter/xt_limit.c:12:
./include/linux/module.h:132:6: warning: ‘init_module’ specifies less restrictive attribute than its target ‘limit_mt_init’: ‘cold’ [-Wmissing-attributes]
  132 |  int init_module(void) __attribute__((alias(#initfn)));
      |      ^~~~~~~~~~~
net/netfilter/xt_limit.c:209:1: note: in expansion of macro ‘module_init’
  209 | module_init(limit_mt_init);
      | ^~~~~~~~~~~
net/netfilter/xt_limit.c:199:19: note: ‘init_module’ target declared here
  199 | static int __init limit_mt_init(void)
      |                   ^~~~~~~~~~~~~
In file included from net/netfilter/xt_limit.c:12:
./include/linux/module.h:138:7: warning: ‘cleanup_module’ specifies less restrictive attribute than its target ‘limit_mt_exit’: ‘cold’ [-Wmissing-attributes]
  138 |  void cleanup_module(void) __attribute__((alias(#exitfn)));
      |       ^~~~~~~~~~~~~~
net/netfilter/xt_limit.c:210:1: note: in expansion of macro ‘module_exit’
  210 | module_exit(limit_mt_exit);
      | ^~~~~~~~~~~
net/netfilter/xt_limit.c:204:20: note: ‘cleanup_module’ target declared here
  204 | static void __exit limit_mt_exit(void)
      |                    ^~~~~~~~~~~~~
  CC [M]  net/netfilter/xt_mac.o
In file included from net/netfilter/xt_mac.c:11:
./include/linux/module.h:132:6: warning: ‘init_module’ specifies less restrictive attribute than its target ‘mac_mt_init’: ‘cold’ [-Wmissing-attributes]
  132 |  int init_module(void) __attribute__((alias(#initfn)));
      |      ^~~~~~~~~~~
net/netfilter/xt_mac.c:65:1: note: in expansion of macro ‘module_init’
   65 | module_init(mac_mt_init);
      | ^~~~~~~~~~~
net/netfilter/xt_mac.c:55:19: note: ‘init_module’ target declared here
   55 | static int __init mac_mt_init(void)
      |                   ^~~~~~~~~~~
In file included from net/netfilter/xt_mac.c:11:
./include/linux/module.h:138:7: warning: ‘cleanup_module’ specifies less restrictive attribute than its target ‘mac_mt_exit’: ‘cold’ [-Wmissing-attributes]
  138 |  void cleanup_module(void) __attribute__((alias(#exitfn)));
      |       ^~~~~~~~~~~~~~
net/netfilter/xt_mac.c:66:1: note: in expansion of macro ‘module_exit’
   66 | module_exit(mac_mt_exit);
      | ^~~~~~~~~~~
net/netfilter/xt_mac.c:60:20: note: ‘cleanup_module’ target declared here
   60 | static void __exit mac_mt_exit(void)
      |                    ^~~~~~~~~~~
  CC [M]  net/netfilter/xt_multiport.o
In file included from net/netfilter/xt_multiport.c:12:
./include/linux/module.h:132:6: warning: ‘init_module’ specifies less restrictive attribute than its target ‘multiport_mt_init’: ‘cold’ [-Wmissing-attributes]
  132 |  int init_module(void) __attribute__((alias(#initfn)));
      |      ^~~~~~~~~~~
net/netfilter/xt_multiport.c:164:1: note: in expansion of macro ‘module_init’
  164 | module_init(multiport_mt_init);
      | ^~~~~~~~~~~
net/netfilter/xt_multiport.c:153:19: note: ‘init_module’ target declared here
  153 | static int __init multiport_mt_init(void)
      |                   ^~~~~~~~~~~~~~~~~
In file included from net/netfilter/xt_multiport.c:12:
./include/linux/module.h:138:7: warning: ‘cleanup_module’ specifies less restrictive attribute than its target ‘multiport_mt_exit’: ‘cold’ [-Wmissing-attributes]
  138 |  void cleanup_module(void) __attribute__((alias(#exitfn)));
      |       ^~~~~~~~~~~~~~
net/netfilter/xt_multiport.c:165:1: note: in expansion of macro ‘module_exit’
  165 | module_exit(multiport_mt_exit);
      | ^~~~~~~~~~~
net/netfilter/xt_multiport.c:159:20: note: ‘cleanup_module’ target declared here
  159 | static void __exit multiport_mt_exit(void)
      |                    ^~~~~~~~~~~~~~~~~
  CC [M]  net/netfilter/xt_nfacct.o
In file included from net/netfilter/xt_nfacct.c:9:
./include/linux/module.h:132:6: warning: ‘init_module’ specifies less restrictive attribute than its target ‘nfacct_mt_init’: ‘cold’ [-Wmissing-attributes]
  132 |  int init_module(void) __attribute__((alias(#initfn)));
      |      ^~~~~~~~~~~
net/netfilter/xt_nfacct.c:78:1: note: in expansion of macro ‘module_init’
   78 | module_init(nfacct_mt_init);
      | ^~~~~~~~~~~
net/netfilter/xt_nfacct.c:68:19: note: ‘init_module’ target declared here
   68 | static int __init nfacct_mt_init(void)
      |                   ^~~~~~~~~~~~~~
In file included from net/netfilter/xt_nfacct.c:9:
./include/linux/module.h:138:7: warning: ‘cleanup_module’ specifies less restrictive attribute than its target ‘nfacct_mt_exit’: ‘cold’ [-Wmissing-attributes]
  138 |  void cleanup_module(void) __attribute__((alias(#exitfn)));
      |       ^~~~~~~~~~~~~~
net/netfilter/xt_nfacct.c:79:1: note: in expansion of macro ‘module_exit’
   79 | module_exit(nfacct_mt_exit);
      | ^~~~~~~~~~~
net/netfilter/xt_nfacct.c:73:20: note: ‘cleanup_module’ target declared here
   73 | static void __exit nfacct_mt_exit(void)
      |                    ^~~~~~~~~~~~~~
  CC [M]  net/netfilter/xt_osf.o
In file included from net/netfilter/xt_osf.c:19:
./include/linux/module.h:132:6: warning: ‘init_module’ specifies less restrictive attribute than its target ‘xt_osf_init’: ‘cold’ [-Wmissing-attributes]
  132 |  int init_module(void) __attribute__((alias(#initfn)));
      |      ^~~~~~~~~~~
net/netfilter/xt_osf.c:426:1: note: in expansion of macro ‘module_init’
  426 | module_init(xt_osf_init);
      | ^~~~~~~~~~~
net/netfilter/xt_osf.c:376:19: note: ‘init_module’ target declared here
  376 | static int __init xt_osf_init(void)
      |                   ^~~~~~~~~~~
In file included from net/netfilter/xt_osf.c:19:
./include/linux/module.h:138:7: warning: ‘cleanup_module’ specifies less restrictive attribute than its target ‘xt_osf_fini’: ‘cold’ [-Wmissing-attributes]
  138 |  void cleanup_module(void) __attribute__((alias(#exitfn)));
      |       ^~~~~~~~~~~~~~
net/netfilter/xt_osf.c:427:1: note: in expansion of macro ‘module_exit’
  427 | module_exit(xt_osf_fini);
      | ^~~~~~~~~~~
net/netfilter/xt_osf.c:405:20: note: ‘cleanup_module’ target declared here
  405 | static void __exit xt_osf_fini(void)
      |                    ^~~~~~~~~~~
  CC [M]  net/netfilter/xt_owner.o
In file included from net/netfilter/xt_owner.c:13:
./include/linux/module.h:132:6: warning: ‘init_module’ specifies less restrictive attribute than its target ‘owner_mt_init’: ‘cold’ [-Wmissing-attributes]
  132 |  int init_module(void) __attribute__((alias(#initfn)));
      |      ^~~~~~~~~~~
net/netfilter/xt_owner.c:125:1: note: in expansion of macro ‘module_init’
  125 | module_init(owner_mt_init);
      | ^~~~~~~~~~~
net/netfilter/xt_owner.c:115:19: note: ‘init_module’ target declared here
  115 | static int __init owner_mt_init(void)
      |                   ^~~~~~~~~~~~~
In file included from net/netfilter/xt_owner.c:13:
./include/linux/module.h:138:7: warning: ‘cleanup_module’ specifies less restrictive attribute than its target ‘owner_mt_exit’: ‘cold’ [-Wmissing-attributes]
  138 |  void cleanup_module(void) __attribute__((alias(#exitfn)));
      |       ^~~~~~~~~~~~~~
net/netfilter/xt_owner.c:126:1: note: in expansion of macro ‘module_exit’
  126 | module_exit(owner_mt_exit);
      | ^~~~~~~~~~~
net/netfilter/xt_owner.c:120:20: note: ‘cleanup_module’ target declared here
  120 | static void __exit owner_mt_exit(void)
      |                    ^~~~~~~~~~~~~
  CC [M]  net/netfilter/xt_physdev.o
In file included from net/netfilter/xt_physdev.c:11:
./include/linux/module.h:132:6: warning: ‘init_module’ specifies less restrictive attribute than its target ‘physdev_mt_init’: ‘cold’ [-Wmissing-attributes]
  132 |  int init_module(void) __attribute__((alias(#initfn)));
      |      ^~~~~~~~~~~
net/netfilter/xt_physdev.c:139:1: note: in expansion of macro ‘module_init’
  139 | module_init(physdev_mt_init);
      | ^~~~~~~~~~~
net/netfilter/xt_physdev.c:129:19: note: ‘init_module’ target declared here
  129 | static int __init physdev_mt_init(void)
      |                   ^~~~~~~~~~~~~~~
In file included from net/netfilter/xt_physdev.c:11:
./include/linux/module.h:138:7: warning: ‘cleanup_module’ specifies less restrictive attribute than its target ‘physdev_mt_exit’: ‘cold’ [-Wmissing-attributes]
  138 |  void cleanup_module(void) __attribute__((alias(#exitfn)));
      |       ^~~~~~~~~~~~~~
net/netfilter/xt_physdev.c:140:1: note: in expansion of macro ‘module_exit’
  140 | module_exit(physdev_mt_exit);
      | ^~~~~~~~~~~
net/netfilter/xt_physdev.c:134:20: note: ‘cleanup_module’ target declared here
  134 | static void __exit physdev_mt_exit(void)
      |                    ^~~~~~~~~~~~~~~
  CC [M]  net/netfilter/xt_pkttype.o
In file included from net/netfilter/xt_pkttype.c:8:
./include/linux/module.h:132:6: warning: ‘init_module’ specifies less restrictive attribute than its target ‘pkttype_mt_init’: ‘cold’ [-Wmissing-attributes]
  132 |  int init_module(void) __attribute__((alias(#initfn)));
      |      ^~~~~~~~~~~
net/netfilter/xt_pkttype.c:64:1: note: in expansion of macro ‘module_init’
   64 | module_init(pkttype_mt_init);
      | ^~~~~~~~~~~
net/netfilter/xt_pkttype.c:54:19: note: ‘init_module’ target declared here
   54 | static int __init pkttype_mt_init(void)
      |                   ^~~~~~~~~~~~~~~
In file included from net/netfilter/xt_pkttype.c:8:
./include/linux/module.h:138:7: warning: ‘cleanup_module’ specifies less restrictive attribute than its target ‘pkttype_mt_exit’: ‘cold’ [-Wmissing-attributes]
  138 |  void cleanup_module(void) __attribute__((alias(#exitfn)));
      |       ^~~~~~~~~~~~~~
net/netfilter/xt_pkttype.c:65:1: note: in expansion of macro ‘module_exit’
   65 | module_exit(pkttype_mt_exit);
      | ^~~~~~~~~~~
net/netfilter/xt_pkttype.c:59:20: note: ‘cleanup_module’ target declared here
   59 | static void __exit pkttype_mt_exit(void)
      |                    ^~~~~~~~~~~~~~~
  CC [M]  net/netfilter/xt_policy.o
In file included from net/netfilter/xt_policy.c:11:
./include/linux/module.h:132:6: warning: ‘init_module’ specifies less restrictive attribute than its target ‘policy_mt_init’: ‘cold’ [-Wmissing-attributes]
  132 |  int init_module(void) __attribute__((alias(#initfn)));
      |      ^~~~~~~~~~~
net/netfilter/xt_policy.c:185:1: note: in expansion of macro ‘module_init’
  185 | module_init(policy_mt_init);
      | ^~~~~~~~~~~
net/netfilter/xt_policy.c:175:19: note: ‘init_module’ target declared here
  175 | static int __init policy_mt_init(void)
      |                   ^~~~~~~~~~~~~~
In file included from net/netfilter/xt_policy.c:11:
./include/linux/module.h:138:7: warning: ‘cleanup_module’ specifies less restrictive attribute than its target ‘policy_mt_exit’: ‘cold’ [-Wmissing-attributes]
  138 |  void cleanup_module(void) __attribute__((alias(#exitfn)));
      |       ^~~~~~~~~~~~~~
net/netfilter/xt_policy.c:186:1: note: in expansion of macro ‘module_exit’
  186 | module_exit(policy_mt_exit);
      | ^~~~~~~~~~~
net/netfilter/xt_policy.c:180:20: note: ‘cleanup_module’ target declared here
  180 | static void __exit policy_mt_exit(void)
      |                    ^~~~~~~~~~~~~~
  CC [M]  net/netfilter/xt_quota.o
In file included from ./include/linux/phy.h:24,
                 from ./include/net/dsa.h:19,
                 from ./include/linux/netdevice.h:44,
                 from ./include/linux/netfilter/x_tables.h:5,
                 from net/netfilter/xt_quota.c:10:
./include/linux/module.h:132:6: warning: ‘init_module’ specifies less restrictive attribute than its target ‘quota_mt_init’: ‘cold’ [-Wmissing-attributes]
  132 |  int init_module(void) __attribute__((alias(#initfn)));
      |      ^~~~~~~~~~~
net/netfilter/xt_quota.c:89:1: note: in expansion of macro ‘module_init’
   89 | module_init(quota_mt_init);
      | ^~~~~~~~~~~
net/netfilter/xt_quota.c:79:19: note: ‘init_module’ target declared here
   79 | static int __init quota_mt_init(void)
      |                   ^~~~~~~~~~~~~
In file included from ./include/linux/phy.h:24,
                 from ./include/net/dsa.h:19,
                 from ./include/linux/netdevice.h:44,
                 from ./include/linux/netfilter/x_tables.h:5,
                 from net/netfilter/xt_quota.c:10:
./include/linux/module.h:138:7: warning: ‘cleanup_module’ specifies less restrictive attribute than its target ‘quota_mt_exit’: ‘cold’ [-Wmissing-attributes]
  138 |  void cleanup_module(void) __attribute__((alias(#exitfn)));
      |       ^~~~~~~~~~~~~~
net/netfilter/xt_quota.c:90:1: note: in expansion of macro ‘module_exit’
   90 | module_exit(quota_mt_exit);
      | ^~~~~~~~~~~
net/netfilter/xt_quota.c:84:20: note: ‘cleanup_module’ target declared here
   84 | static void __exit quota_mt_exit(void)
      |                    ^~~~~~~~~~~~~
  CC [M]  net/netfilter/xt_rateest.o
In file included from net/netfilter/xt_rateest.c:8:
./include/linux/module.h:132:6: warning: ‘init_module’ specifies less restrictive attribute than its target ‘xt_rateest_mt_init’: ‘cold’ [-Wmissing-attributes]
  132 |  int init_module(void) __attribute__((alias(#initfn)));
      |      ^~~~~~~~~~~
net/netfilter/xt_rateest.c:156:1: note: in expansion of macro ‘module_init’
  156 | module_init(xt_rateest_mt_init);
      | ^~~~~~~~~~~
net/netfilter/xt_rateest.c:141:19: note: ‘init_module’ target declared here
  141 | static int __init xt_rateest_mt_init(void)
      |                   ^~~~~~~~~~~~~~~~~~
In file included from net/netfilter/xt_rateest.c:8:
./include/linux/module.h:138:7: warning: ‘cleanup_module’ specifies less restrictive attribute than its target ‘xt_rateest_mt_fini’: ‘cold’ [-Wmissing-attributes]
  138 |  void cleanup_module(void) __attribute__((alias(#exitfn)));
      |       ^~~~~~~~~~~~~~
net/netfilter/xt_rateest.c:157:1: note: in expansion of macro ‘module_exit’
  157 | module_exit(xt_rateest_mt_fini);
      | ^~~~~~~~~~~
net/netfilter/xt_rateest.c:146:20: note: ‘cleanup_module’ target declared here
  146 | static void __exit xt_rateest_mt_fini(void)
      |                    ^~~~~~~~~~~~~~~~~~
  CC [M]  net/netfilter/xt_realm.o
In file included from net/netfilter/xt_realm.c:10:
./include/linux/module.h:132:6: warning: ‘init_module’ specifies less restrictive attribute than its target ‘realm_mt_init’: ‘cold’ [-Wmissing-attributes]
  132 |  int init_module(void) __attribute__((alias(#initfn)));
      |      ^~~~~~~~~~~
net/netfilter/xt_realm.c:53:1: note: in expansion of macro ‘module_init’
   53 | module_init(realm_mt_init);
      | ^~~~~~~~~~~
net/netfilter/xt_realm.c:43:19: note: ‘init_module’ target declared here
   43 | static int __init realm_mt_init(void)
      |                   ^~~~~~~~~~~~~
In file included from net/netfilter/xt_realm.c:10:
./include/linux/module.h:138:7: warning: ‘cleanup_module’ specifies less restrictive attribute than its target ‘realm_mt_exit’: ‘cold’ [-Wmissing-attributes]
  138 |  void cleanup_module(void) __attribute__((alias(#exitfn)));
      |       ^~~~~~~~~~~~~~
net/netfilter/xt_realm.c:54:1: note: in expansion of macro ‘module_exit’
   54 | module_exit(realm_mt_exit);
      | ^~~~~~~~~~~
net/netfilter/xt_realm.c:48:20: note: ‘cleanup_module’ target declared here
   48 | static void __exit realm_mt_exit(void)
      |                    ^~~~~~~~~~~~~
  CC [M]  net/netfilter/xt_recent.o
In file included from ./include/linux/phy.h:24,
                 from ./include/net/dsa.h:19,
                 from ./include/linux/netdevice.h:44,
                 from ./include/linux/icmpv6.h:12,
                 from ./include/linux/ipv6.h:76,
                 from net/netfilter/xt_recent.c:18:
./include/linux/module.h:132:6: warning: ‘init_module’ specifies less restrictive attribute than its target ‘recent_mt_init’: ‘cold’ [-Wmissing-attributes]
  132 |  int init_module(void) __attribute__((alias(#initfn)));
      |      ^~~~~~~~~~~
net/netfilter/xt_recent.c:765:1: note: in expansion of macro ‘module_init’
  765 | module_init(recent_mt_init);
      | ^~~~~~~~~~~
net/netfilter/xt_recent.c:740:19: note: ‘init_module’ target declared here
  740 | static int __init recent_mt_init(void)
      |                   ^~~~~~~~~~~~~~
In file included from ./include/linux/phy.h:24,
                 from ./include/net/dsa.h:19,
                 from ./include/linux/netdevice.h:44,
                 from ./include/linux/icmpv6.h:12,
                 from ./include/linux/ipv6.h:76,
                 from net/netfilter/xt_recent.c:18:
./include/linux/module.h:138:7: warning: ‘cleanup_module’ specifies less restrictive attribute than its target ‘recent_mt_exit’: ‘cold’ [-Wmissing-attributes]
  138 |  void cleanup_module(void) __attribute__((alias(#exitfn)));
      |       ^~~~~~~~~~~~~~
net/netfilter/xt_recent.c:766:1: note: in expansion of macro ‘module_exit’
  766 | module_exit(recent_mt_exit);
      | ^~~~~~~~~~~
net/netfilter/xt_recent.c:759:20: note: ‘cleanup_module’ target declared here
  759 | static void __exit recent_mt_exit(void)
      |                    ^~~~~~~~~~~~~~
  CC [M]  net/netfilter/xt_sctp.o
In file included from net/netfilter/xt_sctp.c:2:
./include/linux/module.h:132:6: warning: ‘init_module’ specifies less restrictive attribute than its target ‘sctp_mt_init’: ‘cold’ [-Wmissing-attributes]
  132 |  int init_module(void) __attribute__((alias(#initfn)));
      |      ^~~~~~~~~~~
net/netfilter/xt_sctp.c:197:1: note: in expansion of macro ‘module_init’
  197 | module_init(sctp_mt_init);
      | ^~~~~~~~~~~
net/netfilter/xt_sctp.c:187:19: note: ‘init_module’ target declared here
  187 | static int __init sctp_mt_init(void)
      |                   ^~~~~~~~~~~~
In file included from net/netfilter/xt_sctp.c:2:
./include/linux/module.h:138:7: warning: ‘cleanup_module’ specifies less restrictive attribute than its target ‘sctp_mt_exit’: ‘cold’ [-Wmissing-attributes]
  138 |  void cleanup_module(void) __attribute__((alias(#exitfn)));
      |       ^~~~~~~~~~~~~~
net/netfilter/xt_sctp.c:198:1: note: in expansion of macro ‘module_exit’
  198 | module_exit(sctp_mt_exit);
      | ^~~~~~~~~~~
net/netfilter/xt_sctp.c:192:20: note: ‘cleanup_module’ target declared here
  192 | static void __exit sctp_mt_exit(void)
      |                    ^~~~~~~~~~~~
  CC [M]  net/netfilter/xt_socket.o
In file included from net/netfilter/xt_socket.c:13:
./include/linux/module.h:132:6: warning: ‘init_module’ specifies less restrictive attribute than its target ‘socket_mt_init’: ‘cold’ [-Wmissing-attributes]
  132 |  int init_module(void) __attribute__((alias(#initfn)));
      |      ^~~~~~~~~~~
net/netfilter/xt_socket.c:569:1: note: in expansion of macro ‘module_init’
  569 | module_init(socket_mt_init);
      | ^~~~~~~~~~~
net/netfilter/xt_socket.c:554:19: note: ‘init_module’ target declared here
  554 | static int __init socket_mt_init(void)
      |                   ^~~~~~~~~~~~~~
In file included from net/netfilter/xt_socket.c:13:
./include/linux/module.h:138:7: warning: ‘cleanup_module’ specifies less restrictive attribute than its target ‘socket_mt_exit’: ‘cold’ [-Wmissing-attributes]
  138 |  void cleanup_module(void) __attribute__((alias(#exitfn)));
      |       ^~~~~~~~~~~~~~
net/netfilter/xt_socket.c:570:1: note: in expansion of macro ‘module_exit’
  570 | module_exit(socket_mt_exit);
      | ^~~~~~~~~~~
net/netfilter/xt_socket.c:564:20: note: ‘cleanup_module’ target declared here
  564 | static void __exit socket_mt_exit(void)
      |                    ^~~~~~~~~~~~~~
  CC [M]  net/netfilter/xt_state.o
In file included from net/netfilter/xt_state.c:11:
./include/linux/module.h:132:6: warning: ‘init_module’ specifies less restrictive attribute than its target ‘state_mt_init’: ‘cold’ [-Wmissing-attributes]
  132 |  int init_module(void) __attribute__((alias(#initfn)));
      |      ^~~~~~~~~~~
net/netfilter/xt_state.c:78:1: note: in expansion of macro ‘module_init’
   78 | module_init(state_mt_init);
      | ^~~~~~~~~~~
net/netfilter/xt_state.c:68:19: note: ‘init_module’ target declared here
   68 | static int __init state_mt_init(void)
      |                   ^~~~~~~~~~~~~
In file included from net/netfilter/xt_state.c:11:
./include/linux/module.h:138:7: warning: ‘cleanup_module’ specifies less restrictive attribute than its target ‘state_mt_exit’: ‘cold’ [-Wmissing-attributes]
  138 |  void cleanup_module(void) __attribute__((alias(#exitfn)));
      |       ^~~~~~~~~~~~~~
net/netfilter/xt_state.c:79:1: note: in expansion of macro ‘module_exit’
   79 | module_exit(state_mt_exit);
      | ^~~~~~~~~~~
net/netfilter/xt_state.c:73:20: note: ‘cleanup_module’ target declared here
   73 | static void __exit state_mt_exit(void)
      |                    ^~~~~~~~~~~~~
  CC [M]  net/netfilter/xt_statistic.o
In file included from ./include/linux/phy.h:24,
                 from ./include/net/dsa.h:19,
                 from ./include/linux/netdevice.h:44,
                 from ./include/linux/netfilter/x_tables.h:5,
                 from net/netfilter/xt_statistic.c:18:
./include/linux/module.h:132:6: warning: ‘init_module’ specifies less restrictive attribute than its target ‘statistic_mt_init’: ‘cold’ [-Wmissing-attributes]
  132 |  int init_module(void) __attribute__((alias(#initfn)));
      |      ^~~~~~~~~~~
net/netfilter/xt_statistic.c:100:1: note: in expansion of macro ‘module_init’
  100 | module_init(statistic_mt_init);
      | ^~~~~~~~~~~
net/netfilter/xt_statistic.c:90:19: note: ‘init_module’ target declared here
   90 | static int __init statistic_mt_init(void)
      |                   ^~~~~~~~~~~~~~~~~
In file included from ./include/linux/phy.h:24,
                 from ./include/net/dsa.h:19,
                 from ./include/linux/netdevice.h:44,
                 from ./include/linux/netfilter/x_tables.h:5,
                 from net/netfilter/xt_statistic.c:18:
./include/linux/module.h:138:7: warning: ‘cleanup_module’ specifies less restrictive attribute than its target ‘statistic_mt_exit’: ‘cold’ [-Wmissing-attributes]
  138 |  void cleanup_module(void) __attribute__((alias(#exitfn)));
      |       ^~~~~~~~~~~~~~
net/netfilter/xt_statistic.c:101:1: note: in expansion of macro ‘module_exit’
  101 | module_exit(statistic_mt_exit);
      | ^~~~~~~~~~~
net/netfilter/xt_statistic.c:95:20: note: ‘cleanup_module’ target declared here
   95 | static void __exit statistic_mt_exit(void)
      |                    ^~~~~~~~~~~~~~~~~
  CC [M]  net/netfilter/xt_string.o
In file included from net/netfilter/xt_string.c:12:
./include/linux/module.h:132:6: warning: ‘init_module’ specifies less restrictive attribute than its target ‘string_mt_init’: ‘cold’ [-Wmissing-attributes]
  132 |  int init_module(void) __attribute__((alias(#initfn)));
      |      ^~~~~~~~~~~
net/netfilter/xt_string.c:93:1: note: in expansion of macro ‘module_init’
   93 | module_init(string_mt_init);
      | ^~~~~~~~~~~
net/netfilter/xt_string.c:83:19: note: ‘init_module’ target declared here
   83 | static int __init string_mt_init(void)
      |                   ^~~~~~~~~~~~~~
In file included from net/netfilter/xt_string.c:12:
./include/linux/module.h:138:7: warning: ‘cleanup_module’ specifies less restrictive attribute than its target ‘string_mt_exit’: ‘cold’ [-Wmissing-attributes]
  138 |  void cleanup_module(void) __attribute__((alias(#exitfn)));
      |       ^~~~~~~~~~~~~~
net/netfilter/xt_string.c:94:1: note: in expansion of macro ‘module_exit’
   94 | module_exit(string_mt_exit);
      | ^~~~~~~~~~~
net/netfilter/xt_string.c:88:20: note: ‘cleanup_module’ target declared here
   88 | static void __exit string_mt_exit(void)
      |                    ^~~~~~~~~~~~~~
  CC [M]  net/netfilter/xt_tcpmss.o
In file included from net/netfilter/xt_tcpmss.c:11:
./include/linux/module.h:132:6: warning: ‘init_module’ specifies less restrictive attribute than its target ‘tcpmss_mt_init’: ‘cold’ [-Wmissing-attributes]
  132 |  int init_module(void) __attribute__((alias(#initfn)));
      |      ^~~~~~~~~~~
net/netfilter/xt_tcpmss.c:109:1: note: in expansion of macro ‘module_init’
  109 | module_init(tcpmss_mt_init);
      | ^~~~~~~~~~~
net/netfilter/xt_tcpmss.c:99:19: note: ‘init_module’ target declared here
   99 | static int __init tcpmss_mt_init(void)
      |                   ^~~~~~~~~~~~~~
In file included from net/netfilter/xt_tcpmss.c:11:
./include/linux/module.h:138:7: warning: ‘cleanup_module’ specifies less restrictive attribute than its target ‘tcpmss_mt_exit’: ‘cold’ [-Wmissing-attributes]
  138 |  void cleanup_module(void) __attribute__((alias(#exitfn)));
      |       ^~~~~~~~~~~~~~
net/netfilter/xt_tcpmss.c:110:1: note: in expansion of macro ‘module_exit’
  110 | module_exit(tcpmss_mt_exit);
      | ^~~~~~~~~~~
net/netfilter/xt_tcpmss.c:104:20: note: ‘cleanup_module’ target declared here
  104 | static void __exit tcpmss_mt_exit(void)
      |                    ^~~~~~~~~~~~~~
  CC [M]  net/netfilter/xt_time.o
In file included from net/netfilter/xt_time.c:13:
./include/linux/module.h:132:6: warning: ‘init_module’ specifies less restrictive attribute than its target ‘time_mt_init’: ‘cold’ [-Wmissing-attributes]
  132 |  int init_module(void) __attribute__((alias(#initfn)));
      |      ^~~~~~~~~~~
net/netfilter/xt_time.c:285:1: note: in expansion of macro ‘module_init’
  285 | module_init(time_mt_init);
      | ^~~~~~~~~~~
net/netfilter/xt_time.c:264:19: note: ‘init_module’ target declared here
  264 | static int __init time_mt_init(void)
      |                   ^~~~~~~~~~~~
In file included from net/netfilter/xt_time.c:13:
./include/linux/module.h:138:7: warning: ‘cleanup_module’ specifies less restrictive attribute than its target ‘time_mt_exit’: ‘cold’ [-Wmissing-attributes]
  138 |  void cleanup_module(void) __attribute__((alias(#exitfn)));
      |       ^~~~~~~~~~~~~~
net/netfilter/xt_time.c:286:1: note: in expansion of macro ‘module_exit’
  286 | module_exit(time_mt_exit);
      | ^~~~~~~~~~~
net/netfilter/xt_time.c:280:20: note: ‘cleanup_module’ target declared here
  280 | static void __exit time_mt_exit(void)
      |                    ^~~~~~~~~~~~
  CC [M]  net/netfilter/xt_u32.o
In file included from net/netfilter/xt_u32.c:8:
./include/linux/module.h:132:6: warning: ‘init_module’ specifies less restrictive attribute than its target ‘u32_mt_init’: ‘cold’ [-Wmissing-attributes]
  132 |  int init_module(void) __attribute__((alias(#initfn)));
      |      ^~~~~~~~~~~
net/netfilter/xt_u32.c:117:1: note: in expansion of macro ‘module_init’
  117 | module_init(u32_mt_init);
      | ^~~~~~~~~~~
net/netfilter/xt_u32.c:107:19: note: ‘init_module’ target declared here
  107 | static int __init u32_mt_init(void)
      |                   ^~~~~~~~~~~
In file included from net/netfilter/xt_u32.c:8:
./include/linux/module.h:138:7: warning: ‘cleanup_module’ specifies less restrictive attribute than its target ‘u32_mt_exit’: ‘cold’ [-Wmissing-attributes]
  138 |  void cleanup_module(void) __attribute__((alias(#exitfn)));
      |       ^~~~~~~~~~~~~~
net/netfilter/xt_u32.c:118:1: note: in expansion of macro ‘module_exit’
  118 | module_exit(u32_mt_exit);
      | ^~~~~~~~~~~
net/netfilter/xt_u32.c:112:20: note: ‘cleanup_module’ target declared here
  112 | static void __exit u32_mt_exit(void)
      |                    ^~~~~~~~~~~
  LD      net/netfilter/ipset/built-in.o
  CC [M]  net/netfilter/ipset/ip_set_core.o
In file included from net/netfilter/ipset/ip_set_core.c:13:
./include/linux/module.h:132:6: warning: ‘init_module’ specifies less restrictive attribute than its target ‘ip_set_init’: ‘cold’ [-Wmissing-attributes]
  132 |  int init_module(void) __attribute__((alias(#initfn)));
      |      ^~~~~~~~~~~
net/netfilter/ipset/ip_set_core.c:2101:1: note: in expansion of macro ‘module_init’
 2101 | module_init(ip_set_init);
      | ^~~~~~~~~~~
net/netfilter/ipset/ip_set_core.c:2067:1: note: ‘init_module’ target declared here
 2067 | ip_set_init(void)
      | ^~~~~~~~~~~
In file included from net/netfilter/ipset/ip_set_core.c:13:
./include/linux/module.h:138:7: warning: ‘cleanup_module’ specifies less restrictive attribute than its target ‘ip_set_fini’: ‘cold’ [-Wmissing-attributes]
  138 |  void cleanup_module(void) __attribute__((alias(#exitfn)));
      |       ^~~~~~~~~~~~~~
net/netfilter/ipset/ip_set_core.c:2102:1: note: in expansion of macro ‘module_exit’
 2102 | module_exit(ip_set_fini);
      | ^~~~~~~~~~~
net/netfilter/ipset/ip_set_core.c:2093:1: note: ‘cleanup_module’ target declared here
 2093 | ip_set_fini(void)
      | ^~~~~~~~~~~
net/netfilter/ipset/ip_set_core.c: In function ‘ip_set_rename’:
net/netfilter/ipset/ip_set_core.c:1146:2: warning: ‘strncpy’ specified bound 32 equals destination size [-Wstringop-truncation]
 1146 |  strncpy(set->name, name2, IPSET_MAXNAMELEN);
      |  ^~~~~~~~~~~~~~~~~~~~~~~~~~~~~~~~~~~~~~~~~~~
  CC [M]  net/netfilter/ipset/ip_set_getport.o
  CC [M]  net/netfilter/ipset/pfxlen.o
  LD [M]  net/netfilter/ipset/ip_set.o
  CC [M]  net/netfilter/ipset/ip_set_bitmap_ip.o
In file included from net/netfilter/ipset/ip_set_bitmap_ip.c:12:
./include/linux/module.h:132:6: warning: ‘init_module’ specifies less restrictive attribute than its target ‘bitmap_ip_init’: ‘cold’ [-Wmissing-attributes]
  132 |  int init_module(void) __attribute__((alias(#initfn)));
      |      ^~~~~~~~~~~
net/netfilter/ipset/ip_set_bitmap_ip.c:379:1: note: in expansion of macro ‘module_init’
  379 | module_init(bitmap_ip_init);
      | ^~~~~~~~~~~
net/netfilter/ipset/ip_set_bitmap_ip.c:367:1: note: ‘init_module’ target declared here
  367 | bitmap_ip_init(void)
      | ^~~~~~~~~~~~~~
In file included from net/netfilter/ipset/ip_set_bitmap_ip.c:12:
./include/linux/module.h:138:7: warning: ‘cleanup_module’ specifies less restrictive attribute than its target ‘bitmap_ip_fini’: ‘cold’ [-Wmissing-attributes]
  138 |  void cleanup_module(void) __attribute__((alias(#exitfn)));
      |       ^~~~~~~~~~~~~~
net/netfilter/ipset/ip_set_bitmap_ip.c:380:1: note: in expansion of macro ‘module_exit’
  380 | module_exit(bitmap_ip_fini);
      | ^~~~~~~~~~~
net/netfilter/ipset/ip_set_bitmap_ip.c:373:1: note: ‘cleanup_module’ target declared here
  373 | bitmap_ip_fini(void)
      | ^~~~~~~~~~~~~~
  CC [M]  net/netfilter/ipset/ip_set_bitmap_ipmac.o
In file included from net/netfilter/ipset/ip_set_bitmap_ipmac.c:13:
./include/linux/module.h:132:6: warning: ‘init_module’ specifies less restrictive attribute than its target ‘bitmap_ipmac_init’: ‘cold’ [-Wmissing-attributes]
  132 |  int init_module(void) __attribute__((alias(#initfn)));
      |      ^~~~~~~~~~~
net/netfilter/ipset/ip_set_bitmap_ipmac.c:425:1: note: in expansion of macro ‘module_init’
  425 | module_init(bitmap_ipmac_init);
      | ^~~~~~~~~~~
net/netfilter/ipset/ip_set_bitmap_ipmac.c:413:1: note: ‘init_module’ target declared here
  413 | bitmap_ipmac_init(void)
      | ^~~~~~~~~~~~~~~~~
In file included from net/netfilter/ipset/ip_set_bitmap_ipmac.c:13:
./include/linux/module.h:138:7: warning: ‘cleanup_module’ specifies less restrictive attribute than its target ‘bitmap_ipmac_fini’: ‘cold’ [-Wmissing-attributes]
  138 |  void cleanup_module(void) __attribute__((alias(#exitfn)));
      |       ^~~~~~~~~~~~~~
net/netfilter/ipset/ip_set_bitmap_ipmac.c:426:1: note: in expansion of macro ‘module_exit’
  426 | module_exit(bitmap_ipmac_fini);
      | ^~~~~~~~~~~
net/netfilter/ipset/ip_set_bitmap_ipmac.c:419:1: note: ‘cleanup_module’ target declared here
  419 | bitmap_ipmac_fini(void)
      | ^~~~~~~~~~~~~~~~~
  CC [M]  net/netfilter/ipset/ip_set_bitmap_port.o
In file included from net/netfilter/ipset/ip_set_bitmap_port.c:10:
./include/linux/module.h:132:6: warning: ‘init_module’ specifies less restrictive attribute than its target ‘bitmap_port_init’: ‘cold’ [-Wmissing-attributes]
  132 |  int init_module(void) __attribute__((alias(#initfn)));
      |      ^~~~~~~~~~~
net/netfilter/ipset/ip_set_bitmap_port.c:310:1: note: in expansion of macro ‘module_init’
  310 | module_init(bitmap_port_init);
      | ^~~~~~~~~~~
net/netfilter/ipset/ip_set_bitmap_port.c:298:1: note: ‘init_module’ target declared here
  298 | bitmap_port_init(void)
      | ^~~~~~~~~~~~~~~~
In file included from net/netfilter/ipset/ip_set_bitmap_port.c:10:
./include/linux/module.h:138:7: warning: ‘cleanup_module’ specifies less restrictive attribute than its target ‘bitmap_port_fini’: ‘cold’ [-Wmissing-attributes]
  138 |  void cleanup_module(void) __attribute__((alias(#exitfn)));
      |       ^~~~~~~~~~~~~~
net/netfilter/ipset/ip_set_bitmap_port.c:311:1: note: in expansion of macro ‘module_exit’
  311 | module_exit(bitmap_port_fini);
      | ^~~~~~~~~~~
net/netfilter/ipset/ip_set_bitmap_port.c:304:1: note: ‘cleanup_module’ target declared here
  304 | bitmap_port_fini(void)
      | ^~~~~~~~~~~~~~~~
  CC [M]  net/netfilter/ipset/ip_set_hash_ip.o
In file included from net/netfilter/ipset/ip_set_hash_ip.c:11:
./include/linux/module.h:132:6: warning: ‘init_module’ specifies less restrictive attribute than its target ‘hash_ip_init’: ‘cold’ [-Wmissing-attributes]
  132 |  int init_module(void) __attribute__((alias(#initfn)));
      |      ^~~~~~~~~~~
net/netfilter/ipset/ip_set_hash_ip.c:322:1: note: in expansion of macro ‘module_init’
  322 | module_init(hash_ip_init);
      | ^~~~~~~~~~~
net/netfilter/ipset/ip_set_hash_ip.c:310:1: note: ‘init_module’ target declared here
  310 | hash_ip_init(void)
      | ^~~~~~~~~~~~
In file included from net/netfilter/ipset/ip_set_hash_ip.c:11:
./include/linux/module.h:138:7: warning: ‘cleanup_module’ specifies less restrictive attribute than its target ‘hash_ip_fini’: ‘cold’ [-Wmissing-attributes]
  138 |  void cleanup_module(void) __attribute__((alias(#exitfn)));
      |       ^~~~~~~~~~~~~~
net/netfilter/ipset/ip_set_hash_ip.c:323:1: note: in expansion of macro ‘module_exit’
  323 | module_exit(hash_ip_fini);
      | ^~~~~~~~~~~
net/netfilter/ipset/ip_set_hash_ip.c:316:1: note: ‘cleanup_module’ target declared here
  316 | hash_ip_fini(void)
      | ^~~~~~~~~~~~
  CC [M]  net/netfilter/ipset/ip_set_hash_ipport.o
In file included from net/netfilter/ipset/ip_set_hash_ipport.c:11:
./include/linux/module.h:132:6: warning: ‘init_module’ specifies less restrictive attribute than its target ‘hash_ipport_init’: ‘cold’ [-Wmissing-attributes]
  132 |  int init_module(void) __attribute__((alias(#initfn)));
      |      ^~~~~~~~~~~
net/netfilter/ipset/ip_set_hash_ipport.c:391:1: note: in expansion of macro ‘module_init’
  391 | module_init(hash_ipport_init);
      | ^~~~~~~~~~~
net/netfilter/ipset/ip_set_hash_ipport.c:379:1: note: ‘init_module’ target declared here
  379 | hash_ipport_init(void)
      | ^~~~~~~~~~~~~~~~
In file included from net/netfilter/ipset/ip_set_hash_ipport.c:11:
./include/linux/module.h:138:7: warning: ‘cleanup_module’ specifies less restrictive attribute than its target ‘hash_ipport_fini’: ‘cold’ [-Wmissing-attributes]
  138 |  void cleanup_module(void) __attribute__((alias(#exitfn)));
      |       ^~~~~~~~~~~~~~
net/netfilter/ipset/ip_set_hash_ipport.c:392:1: note: in expansion of macro ‘module_exit’
  392 | module_exit(hash_ipport_fini);
      | ^~~~~~~~~~~
net/netfilter/ipset/ip_set_hash_ipport.c:385:1: note: ‘cleanup_module’ target declared here
  385 | hash_ipport_fini(void)
      | ^~~~~~~~~~~~~~~~
  CC [M]  net/netfilter/ipset/ip_set_hash_ipportip.o
In file included from net/netfilter/ipset/ip_set_hash_ipportip.c:11:
./include/linux/module.h:132:6: warning: ‘init_module’ specifies less restrictive attribute than its target ‘hash_ipportip_init’: ‘cold’ [-Wmissing-attributes]
  132 |  int init_module(void) __attribute__((alias(#initfn)));
      |      ^~~~~~~~~~~
net/netfilter/ipset/ip_set_hash_ipportip.c:406:1: note: in expansion of macro ‘module_init’
  406 | module_init(hash_ipportip_init);
      | ^~~~~~~~~~~
net/netfilter/ipset/ip_set_hash_ipportip.c:394:1: note: ‘init_module’ target declared here
  394 | hash_ipportip_init(void)
      | ^~~~~~~~~~~~~~~~~~
In file included from net/netfilter/ipset/ip_set_hash_ipportip.c:11:
./include/linux/module.h:138:7: warning: ‘cleanup_module’ specifies less restrictive attribute than its target ‘hash_ipportip_fini’: ‘cold’ [-Wmissing-attributes]
  138 |  void cleanup_module(void) __attribute__((alias(#exitfn)));
      |       ^~~~~~~~~~~~~~
net/netfilter/ipset/ip_set_hash_ipportip.c:407:1: note: in expansion of macro ‘module_exit’
  407 | module_exit(hash_ipportip_fini);
      | ^~~~~~~~~~~
net/netfilter/ipset/ip_set_hash_ipportip.c:400:1: note: ‘cleanup_module’ target declared here
  400 | hash_ipportip_fini(void)
      | ^~~~~~~~~~~~~~~~~~
  CC [M]  net/netfilter/ipset/ip_set_hash_ipportnet.o
In file included from net/netfilter/ipset/ip_set_hash_ipportnet.c:11:
./include/linux/module.h:132:6: warning: ‘init_module’ specifies less restrictive attribute than its target ‘hash_ipportnet_init’: ‘cold’ [-Wmissing-attributes]
  132 |  int init_module(void) __attribute__((alias(#initfn)));
      |      ^~~~~~~~~~~
net/netfilter/ipset/ip_set_hash_ipportnet.c:566:1: note: in expansion of macro ‘module_init’
  566 | module_init(hash_ipportnet_init);
      | ^~~~~~~~~~~
net/netfilter/ipset/ip_set_hash_ipportnet.c:554:1: note: ‘init_module’ target declared here
  554 | hash_ipportnet_init(void)
      | ^~~~~~~~~~~~~~~~~~~
In file included from net/netfilter/ipset/ip_set_hash_ipportnet.c:11:
./include/linux/module.h:138:7: warning: ‘cleanup_module’ specifies less restrictive attribute than its target ‘hash_ipportnet_fini’: ‘cold’ [-Wmissing-attributes]
  138 |  void cleanup_module(void) __attribute__((alias(#exitfn)));
      |       ^~~~~~~~~~~~~~
net/netfilter/ipset/ip_set_hash_ipportnet.c:567:1: note: in expansion of macro ‘module_exit’
  567 | module_exit(hash_ipportnet_fini);
      | ^~~~~~~~~~~
net/netfilter/ipset/ip_set_hash_ipportnet.c:560:1: note: ‘cleanup_module’ target declared here
  560 | hash_ipportnet_fini(void)
      | ^~~~~~~~~~~~~~~~~~~
  CC [M]  net/netfilter/ipset/ip_set_hash_net.o
In file included from net/netfilter/ipset/ip_set_hash_net.c:11:
./include/linux/module.h:132:6: warning: ‘init_module’ specifies less restrictive attribute than its target ‘hash_net_init’: ‘cold’ [-Wmissing-attributes]
  132 |  int init_module(void) __attribute__((alias(#initfn)));
      |      ^~~~~~~~~~~
net/netfilter/ipset/ip_set_hash_net.c:401:1: note: in expansion of macro ‘module_init’
  401 | module_init(hash_net_init);
      | ^~~~~~~~~~~
net/netfilter/ipset/ip_set_hash_net.c:389:1: note: ‘init_module’ target declared here
  389 | hash_net_init(void)
      | ^~~~~~~~~~~~~
In file included from net/netfilter/ipset/ip_set_hash_net.c:11:
./include/linux/module.h:138:7: warning: ‘cleanup_module’ specifies less restrictive attribute than its target ‘hash_net_fini’: ‘cold’ [-Wmissing-attributes]
  138 |  void cleanup_module(void) __attribute__((alias(#exitfn)));
      |       ^~~~~~~~~~~~~~
net/netfilter/ipset/ip_set_hash_net.c:402:1: note: in expansion of macro ‘module_exit’
  402 | module_exit(hash_net_fini);
      | ^~~~~~~~~~~
net/netfilter/ipset/ip_set_hash_net.c:395:1: note: ‘cleanup_module’ target declared here
  395 | hash_net_fini(void)
      | ^~~~~~~~~~~~~
  CC [M]  net/netfilter/ipset/ip_set_hash_netport.o
In file included from net/netfilter/ipset/ip_set_hash_netport.c:11:
./include/linux/module.h:132:6: warning: ‘init_module’ specifies less restrictive attribute than its target ‘hash_netport_init’: ‘cold’ [-Wmissing-attributes]
  132 |  int init_module(void) __attribute__((alias(#initfn)));
      |      ^~~~~~~~~~~
net/netfilter/ipset/ip_set_hash_netport.c:510:1: note: in expansion of macro ‘module_init’
  510 | module_init(hash_netport_init);
      | ^~~~~~~~~~~
net/netfilter/ipset/ip_set_hash_netport.c:498:1: note: ‘init_module’ target declared here
  498 | hash_netport_init(void)
      | ^~~~~~~~~~~~~~~~~
In file included from net/netfilter/ipset/ip_set_hash_netport.c:11:
./include/linux/module.h:138:7: warning: ‘cleanup_module’ specifies less restrictive attribute than its target ‘hash_netport_fini’: ‘cold’ [-Wmissing-attributes]
  138 |  void cleanup_module(void) __attribute__((alias(#exitfn)));
      |       ^~~~~~~~~~~~~~
net/netfilter/ipset/ip_set_hash_netport.c:511:1: note: in expansion of macro ‘module_exit’
  511 | module_exit(hash_netport_fini);
      | ^~~~~~~~~~~
net/netfilter/ipset/ip_set_hash_netport.c:504:1: note: ‘cleanup_module’ target declared here
  504 | hash_netport_fini(void)
      | ^~~~~~~~~~~~~~~~~
  CC [M]  net/netfilter/ipset/ip_set_hash_netiface.o
In file included from net/netfilter/ipset/ip_set_hash_netiface.c:11:
./include/linux/module.h:132:6: warning: ‘init_module’ specifies less restrictive attribute than its target ‘hash_netiface_init’: ‘cold’ [-Wmissing-attributes]
  132 |  int init_module(void) __attribute__((alias(#initfn)));
      |      ^~~~~~~~~~~
net/netfilter/ipset/ip_set_hash_netiface.c:508:1: note: in expansion of macro ‘module_init’
  508 | module_init(hash_netiface_init);
      | ^~~~~~~~~~~
net/netfilter/ipset/ip_set_hash_netiface.c:496:1: note: ‘init_module’ target declared here
  496 | hash_netiface_init(void)
      | ^~~~~~~~~~~~~~~~~~
In file included from net/netfilter/ipset/ip_set_hash_netiface.c:11:
./include/linux/module.h:138:7: warning: ‘cleanup_module’ specifies less restrictive attribute than its target ‘hash_netiface_fini’: ‘cold’ [-Wmissing-attributes]
  138 |  void cleanup_module(void) __attribute__((alias(#exitfn)));
      |       ^~~~~~~~~~~~~~
net/netfilter/ipset/ip_set_hash_netiface.c:509:1: note: in expansion of macro ‘module_exit’
  509 | module_exit(hash_netiface_fini);
      | ^~~~~~~~~~~
net/netfilter/ipset/ip_set_hash_netiface.c:502:1: note: ‘cleanup_module’ target declared here
  502 | hash_netiface_fini(void)
      | ^~~~~~~~~~~~~~~~~~
  CC [M]  net/netfilter/ipset/ip_set_list_set.o
In file included from net/netfilter/ipset/ip_set_list_set.c:10:
./include/linux/module.h:132:6: warning: ‘init_module’ specifies less restrictive attribute than its target ‘list_set_init’: ‘cold’ [-Wmissing-attributes]
  132 |  int init_module(void) __attribute__((alias(#initfn)));
      |      ^~~~~~~~~~~
net/netfilter/ipset/ip_set_list_set.c:673:1: note: in expansion of macro ‘module_init’
  673 | module_init(list_set_init);
      | ^~~~~~~~~~~
net/netfilter/ipset/ip_set_list_set.c:661:1: note: ‘init_module’ target declared here
  661 | list_set_init(void)
      | ^~~~~~~~~~~~~
In file included from net/netfilter/ipset/ip_set_list_set.c:10:
./include/linux/module.h:138:7: warning: ‘cleanup_module’ specifies less restrictive attribute than its target ‘list_set_fini’: ‘cold’ [-Wmissing-attributes]
  138 |  void cleanup_module(void) __attribute__((alias(#exitfn)));
      |       ^~~~~~~~~~~~~~
net/netfilter/ipset/ip_set_list_set.c:674:1: note: in expansion of macro ‘module_exit’
  674 | module_exit(list_set_fini);
      | ^~~~~~~~~~~
net/netfilter/ipset/ip_set_list_set.c:667:1: note: ‘cleanup_module’ target declared here
  667 | list_set_fini(void)
      | ^~~~~~~~~~~~~
  LD      net/netfilter/ipvs/built-in.o
  CC [M]  net/netfilter/ipvs/ip_vs_conn.o
  CC [M]  net/netfilter/ipvs/ip_vs_core.o
In file included from net/netfilter/ipvs/ip_vs_core.c:30:
./include/linux/module.h:132:6: warning: ‘init_module’ specifies less restrictive attribute than its target ‘ip_vs_init’: ‘cold’ [-Wmissing-attributes]
  132 |  int init_module(void) __attribute__((alias(#initfn)));
      |      ^~~~~~~~~~~
net/netfilter/ipvs/ip_vs_core.c:2372:1: note: in expansion of macro ‘module_init’
 2372 | module_init(ip_vs_init);
      | ^~~~~~~~~~~
net/netfilter/ipvs/ip_vs_core.c:2303:19: note: ‘init_module’ target declared here
 2303 | static int __init ip_vs_init(void)
      |                   ^~~~~~~~~~
In file included from net/netfilter/ipvs/ip_vs_core.c:30:
./include/linux/module.h:138:7: warning: ‘cleanup_module’ specifies less restrictive attribute than its target ‘ip_vs_cleanup’: ‘cold’ [-Wmissing-attributes]
  138 |  void cleanup_module(void) __attribute__((alias(#exitfn)));
      |       ^~~~~~~~~~~~~~
net/netfilter/ipvs/ip_vs_core.c:2373:1: note: in expansion of macro ‘module_exit’
 2373 | module_exit(ip_vs_cleanup);
      | ^~~~~~~~~~~
net/netfilter/ipvs/ip_vs_core.c:2360:20: note: ‘cleanup_module’ target declared here
 2360 | static void __exit ip_vs_cleanup(void)
      |                    ^~~~~~~~~~~~~
  CC [M]  net/netfilter/ipvs/ip_vs_ctl.o
  CC [M]  net/netfilter/ipvs/ip_vs_sched.o
  CC [M]  net/netfilter/ipvs/ip_vs_xmit.o
  CC [M]  net/netfilter/ipvs/ip_vs_app.o
  CC [M]  net/netfilter/ipvs/ip_vs_sync.o
  CC [M]  net/netfilter/ipvs/ip_vs_est.o
  CC [M]  net/netfilter/ipvs/ip_vs_proto.o
  CC [M]  net/netfilter/ipvs/ip_vs_pe.o
  CC [M]  net/netfilter/ipvs/ip_vs_proto_tcp.o
  CC [M]  net/netfilter/ipvs/ip_vs_proto_udp.o
  CC [M]  net/netfilter/ipvs/ip_vs_proto_ah_esp.o
  CC [M]  net/netfilter/ipvs/ip_vs_proto_sctp.o
net/netfilter/ipvs/ip_vs_proto_sctp.c: In function ‘sctp_conn_schedule’:
net/netfilter/ipvs/ip_vs_proto_sctp.c:30:13: warning: taking address of packed member of ‘struct sctphdr’ may result in an unaligned pointer value [-Waddress-of-packed-member]
   30 |     ports = &sh->source;
      |             ^~~~~~~~~~~
  CC [M]  net/netfilter/ipvs/ip_vs_nfct.o
  LD [M]  net/netfilter/ipvs/ip_vs.o
  CC [M]  net/netfilter/ipvs/ip_vs_rr.o
In file included from net/netfilter/ipvs/ip_vs_rr.c:25:
./include/linux/module.h:132:6: warning: ‘init_module’ specifies less restrictive attribute than its target ‘ip_vs_rr_init’: ‘cold’ [-Wmissing-attributes]
  132 |  int init_module(void) __attribute__((alias(#initfn)));
      |      ^~~~~~~~~~~
net/netfilter/ipvs/ip_vs_rr.c:128:1: note: in expansion of macro ‘module_init’
  128 | module_init(ip_vs_rr_init);
      | ^~~~~~~~~~~
net/netfilter/ipvs/ip_vs_rr.c:117:19: note: ‘init_module’ target declared here
  117 | static int __init ip_vs_rr_init(void)
      |                   ^~~~~~~~~~~~~
In file included from net/netfilter/ipvs/ip_vs_rr.c:25:
./include/linux/module.h:138:7: warning: ‘cleanup_module’ specifies less restrictive attribute than its target ‘ip_vs_rr_cleanup’: ‘cold’ [-Wmissing-attributes]
  138 |  void cleanup_module(void) __attribute__((alias(#exitfn)));
      |       ^~~~~~~~~~~~~~
net/netfilter/ipvs/ip_vs_rr.c:129:1: note: in expansion of macro ‘module_exit’
  129 | module_exit(ip_vs_rr_cleanup);
      | ^~~~~~~~~~~
net/netfilter/ipvs/ip_vs_rr.c:122:20: note: ‘cleanup_module’ target declared here
  122 | static void __exit ip_vs_rr_cleanup(void)
      |                    ^~~~~~~~~~~~~~~~
  CC [M]  net/netfilter/ipvs/ip_vs_wrr.o
In file included from net/netfilter/ipvs/ip_vs_wrr.c:24:
./include/linux/module.h:132:6: warning: ‘init_module’ specifies less restrictive attribute than its target ‘ip_vs_wrr_init’: ‘cold’ [-Wmissing-attributes]
  132 |  int init_module(void) __attribute__((alias(#initfn)));
      |      ^~~~~~~~~~~
net/netfilter/ipvs/ip_vs_wrr.c:268:1: note: in expansion of macro ‘module_init’
  268 | module_init(ip_vs_wrr_init);
      | ^~~~~~~~~~~
net/netfilter/ipvs/ip_vs_wrr.c:257:19: note: ‘init_module’ target declared here
  257 | static int __init ip_vs_wrr_init(void)
      |                   ^~~~~~~~~~~~~~
In file included from net/netfilter/ipvs/ip_vs_wrr.c:24:
./include/linux/module.h:138:7: warning: ‘cleanup_module’ specifies less restrictive attribute than its target ‘ip_vs_wrr_cleanup’: ‘cold’ [-Wmissing-attributes]
  138 |  void cleanup_module(void) __attribute__((alias(#exitfn)));
      |       ^~~~~~~~~~~~~~
net/netfilter/ipvs/ip_vs_wrr.c:269:1: note: in expansion of macro ‘module_exit’
  269 | module_exit(ip_vs_wrr_cleanup);
      | ^~~~~~~~~~~
net/netfilter/ipvs/ip_vs_wrr.c:262:20: note: ‘cleanup_module’ target declared here
  262 | static void __exit ip_vs_wrr_cleanup(void)
      |                    ^~~~~~~~~~~~~~~~~
  CC [M]  net/netfilter/ipvs/ip_vs_lc.o
In file included from net/netfilter/ipvs/ip_vs_lc.c:20:
./include/linux/module.h:132:6: warning: ‘init_module’ specifies less restrictive attribute than its target ‘ip_vs_lc_init’: ‘cold’ [-Wmissing-attributes]
  132 |  int init_module(void) __attribute__((alias(#initfn)));
      |      ^~~~~~~~~~~
net/netfilter/ipvs/ip_vs_lc.c:91:1: note: in expansion of macro ‘module_init’
   91 | module_init(ip_vs_lc_init);
      | ^~~~~~~~~~~
net/netfilter/ipvs/ip_vs_lc.c:80:19: note: ‘init_module’ target declared here
   80 | static int __init ip_vs_lc_init(void)
      |                   ^~~~~~~~~~~~~
In file included from net/netfilter/ipvs/ip_vs_lc.c:20:
./include/linux/module.h:138:7: warning: ‘cleanup_module’ specifies less restrictive attribute than its target ‘ip_vs_lc_cleanup’: ‘cold’ [-Wmissing-attributes]
  138 |  void cleanup_module(void) __attribute__((alias(#exitfn)));
      |       ^~~~~~~~~~~~~~
net/netfilter/ipvs/ip_vs_lc.c:92:1: note: in expansion of macro ‘module_exit’
   92 | module_exit(ip_vs_lc_cleanup);
      | ^~~~~~~~~~~
net/netfilter/ipvs/ip_vs_lc.c:85:20: note: ‘cleanup_module’ target declared here
   85 | static void __exit ip_vs_lc_cleanup(void)
      |                    ^~~~~~~~~~~~~~~~
  CC [M]  net/netfilter/ipvs/ip_vs_wlc.o
In file included from net/netfilter/ipvs/ip_vs_wlc.c:25:
./include/linux/module.h:132:6: warning: ‘init_module’ specifies less restrictive attribute than its target ‘ip_vs_wlc_init’: ‘cold’ [-Wmissing-attributes]
  132 |  int init_module(void) __attribute__((alias(#initfn)));
      |      ^~~~~~~~~~~
net/netfilter/ipvs/ip_vs_wlc.c:114:1: note: in expansion of macro ‘module_init’
  114 | module_init(ip_vs_wlc_init);
      | ^~~~~~~~~~~
net/netfilter/ipvs/ip_vs_wlc.c:103:19: note: ‘init_module’ target declared here
  103 | static int __init ip_vs_wlc_init(void)
      |                   ^~~~~~~~~~~~~~
In file included from net/netfilter/ipvs/ip_vs_wlc.c:25:
./include/linux/module.h:138:7: warning: ‘cleanup_module’ specifies less restrictive attribute than its target ‘ip_vs_wlc_cleanup’: ‘cold’ [-Wmissing-attributes]
  138 |  void cleanup_module(void) __attribute__((alias(#exitfn)));
      |       ^~~~~~~~~~~~~~
net/netfilter/ipvs/ip_vs_wlc.c:115:1: note: in expansion of macro ‘module_exit’
  115 | module_exit(ip_vs_wlc_cleanup);
      | ^~~~~~~~~~~
net/netfilter/ipvs/ip_vs_wlc.c:108:20: note: ‘cleanup_module’ target declared here
  108 | static void __exit ip_vs_wlc_cleanup(void)
      |                    ^~~~~~~~~~~~~~~~~
  CC [M]  net/netfilter/ipvs/ip_vs_lblc.o
In file included from net/netfilter/ipvs/ip_vs_lblc.c:47:
./include/linux/module.h:132:6: warning: ‘init_module’ specifies less restrictive attribute than its target ‘ip_vs_lblc_init’: ‘cold’ [-Wmissing-attributes]
  132 |  int init_module(void) __attribute__((alias(#initfn)));
      |      ^~~~~~~~~~~
net/netfilter/ipvs/ip_vs_lblc.c:630:1: note: in expansion of macro ‘module_init’
  630 | module_init(ip_vs_lblc_init);
      | ^~~~~~~~~~~
net/netfilter/ipvs/ip_vs_lblc.c:608:19: note: ‘init_module’ target declared here
  608 | static int __init ip_vs_lblc_init(void)
      |                   ^~~~~~~~~~~~~~~
In file included from net/netfilter/ipvs/ip_vs_lblc.c:47:
./include/linux/module.h:138:7: warning: ‘cleanup_module’ specifies less restrictive attribute than its target ‘ip_vs_lblc_cleanup’: ‘cold’ [-Wmissing-attributes]
  138 |  void cleanup_module(void) __attribute__((alias(#exitfn)));
      |       ^~~~~~~~~~~~~~
net/netfilter/ipvs/ip_vs_lblc.c:631:1: note: in expansion of macro ‘module_exit’
  631 | module_exit(ip_vs_lblc_cleanup);
      | ^~~~~~~~~~~
net/netfilter/ipvs/ip_vs_lblc.c:622:20: note: ‘cleanup_module’ target declared here
  622 | static void __exit ip_vs_lblc_cleanup(void)
      |                    ^~~~~~~~~~~~~~~~~~
  CC [M]  net/netfilter/ipvs/ip_vs_lblcr.o
In file included from net/netfilter/ipvs/ip_vs_lblcr.c:44:
./include/linux/module.h:132:6: warning: ‘init_module’ specifies less restrictive attribute than its target ‘ip_vs_lblcr_init’: ‘cold’ [-Wmissing-attributes]
  132 |  int init_module(void) __attribute__((alias(#initfn)));
      |      ^~~~~~~~~~~
net/netfilter/ipvs/ip_vs_lblcr.c:815:1: note: in expansion of macro ‘module_init’
  815 | module_init(ip_vs_lblcr_init);
      | ^~~~~~~~~~~
net/netfilter/ipvs/ip_vs_lblcr.c:793:19: note: ‘init_module’ target declared here
  793 | static int __init ip_vs_lblcr_init(void)
      |                   ^~~~~~~~~~~~~~~~
In file included from net/netfilter/ipvs/ip_vs_lblcr.c:44:
./include/linux/module.h:138:7: warning: ‘cleanup_module’ specifies less restrictive attribute than its target ‘ip_vs_lblcr_cleanup’: ‘cold’ [-Wmissing-attributes]
  138 |  void cleanup_module(void) __attribute__((alias(#exitfn)));
      |       ^~~~~~~~~~~~~~
net/netfilter/ipvs/ip_vs_lblcr.c:816:1: note: in expansion of macro ‘module_exit’
  816 | module_exit(ip_vs_lblcr_cleanup);
      | ^~~~~~~~~~~
net/netfilter/ipvs/ip_vs_lblcr.c:807:20: note: ‘cleanup_module’ target declared here
  807 | static void __exit ip_vs_lblcr_cleanup(void)
      |                    ^~~~~~~~~~~~~~~~~~~
  CC [M]  net/netfilter/ipvs/ip_vs_dh.o
In file included from net/netfilter/ipvs/ip_vs_dh.c:43:
./include/linux/module.h:132:6: warning: ‘init_module’ specifies less restrictive attribute than its target ‘ip_vs_dh_init’: ‘cold’ [-Wmissing-attributes]
  132 |  int init_module(void) __attribute__((alias(#initfn)));
      |      ^~~~~~~~~~~
net/netfilter/ipvs/ip_vs_dh.c:274:1: note: in expansion of macro ‘module_init’
  274 | module_init(ip_vs_dh_init);
      | ^~~~~~~~~~~
net/netfilter/ipvs/ip_vs_dh.c:261:19: note: ‘init_module’ target declared here
  261 | static int __init ip_vs_dh_init(void)
      |                   ^~~~~~~~~~~~~
In file included from net/netfilter/ipvs/ip_vs_dh.c:43:
./include/linux/module.h:138:7: warning: ‘cleanup_module’ specifies less restrictive attribute than its target ‘ip_vs_dh_cleanup’: ‘cold’ [-Wmissing-attributes]
  138 |  void cleanup_module(void) __attribute__((alias(#exitfn)));
      |       ^~~~~~~~~~~~~~
net/netfilter/ipvs/ip_vs_dh.c:275:1: note: in expansion of macro ‘module_exit’
  275 | module_exit(ip_vs_dh_cleanup);
      | ^~~~~~~~~~~
net/netfilter/ipvs/ip_vs_dh.c:267:20: note: ‘cleanup_module’ target declared here
  267 | static void __exit ip_vs_dh_cleanup(void)
      |                    ^~~~~~~~~~~~~~~~
  CC [M]  net/netfilter/ipvs/ip_vs_sh.o
In file included from net/netfilter/ipvs/ip_vs_sh.c:45:
./include/linux/module.h:132:6: warning: ‘init_module’ specifies less restrictive attribute than its target ‘ip_vs_sh_init’: ‘cold’ [-Wmissing-attributes]
  132 |  int init_module(void) __attribute__((alias(#initfn)));
      |      ^~~~~~~~~~~
net/netfilter/ipvs/ip_vs_sh.c:380:1: note: in expansion of macro ‘module_init’
  380 | module_init(ip_vs_sh_init);
      | ^~~~~~~~~~~
net/netfilter/ipvs/ip_vs_sh.c:367:19: note: ‘init_module’ target declared here
  367 | static int __init ip_vs_sh_init(void)
      |                   ^~~~~~~~~~~~~
In file included from net/netfilter/ipvs/ip_vs_sh.c:45:
./include/linux/module.h:138:7: warning: ‘cleanup_module’ specifies less restrictive attribute than its target ‘ip_vs_sh_cleanup’: ‘cold’ [-Wmissing-attributes]
  138 |  void cleanup_module(void) __attribute__((alias(#exitfn)));
      |       ^~~~~~~~~~~~~~
net/netfilter/ipvs/ip_vs_sh.c:381:1: note: in expansion of macro ‘module_exit’
  381 | module_exit(ip_vs_sh_cleanup);
      | ^~~~~~~~~~~
net/netfilter/ipvs/ip_vs_sh.c:373:20: note: ‘cleanup_module’ target declared here
  373 | static void __exit ip_vs_sh_cleanup(void)
      |                    ^~~~~~~~~~~~~~~~
  CC [M]  net/netfilter/ipvs/ip_vs_sed.o
In file included from net/netfilter/ipvs/ip_vs_sed.c:41:
./include/linux/module.h:132:6: warning: ‘init_module’ specifies less restrictive attribute than its target ‘ip_vs_sed_init’: ‘cold’ [-Wmissing-attributes]
  132 |  int init_module(void) __attribute__((alias(#initfn)));
      |      ^~~~~~~~~~~
net/netfilter/ipvs/ip_vs_sed.c:142:1: note: in expansion of macro ‘module_init’
  142 | module_init(ip_vs_sed_init);
      | ^~~~~~~~~~~
net/netfilter/ipvs/ip_vs_sed.c:131:19: note: ‘init_module’ target declared here
  131 | static int __init ip_vs_sed_init(void)
      |                   ^~~~~~~~~~~~~~
In file included from net/netfilter/ipvs/ip_vs_sed.c:41:
./include/linux/module.h:138:7: warning: ‘cleanup_module’ specifies less restrictive attribute than its target ‘ip_vs_sed_cleanup’: ‘cold’ [-Wmissing-attributes]
  138 |  void cleanup_module(void) __attribute__((alias(#exitfn)));
      |       ^~~~~~~~~~~~~~
net/netfilter/ipvs/ip_vs_sed.c:143:1: note: in expansion of macro ‘module_exit’
  143 | module_exit(ip_vs_sed_cleanup);
      | ^~~~~~~~~~~
net/netfilter/ipvs/ip_vs_sed.c:136:20: note: ‘cleanup_module’ target declared here
  136 | static void __exit ip_vs_sed_cleanup(void)
      |                    ^~~~~~~~~~~~~~~~~
  CC [M]  net/netfilter/ipvs/ip_vs_nq.o
In file included from net/netfilter/ipvs/ip_vs_nq.c:37:
./include/linux/module.h:132:6: warning: ‘init_module’ specifies less restrictive attribute than its target ‘ip_vs_nq_init’: ‘cold’ [-Wmissing-attributes]
  132 |  int init_module(void) __attribute__((alias(#initfn)));
      |      ^~~~~~~~~~~
net/netfilter/ipvs/ip_vs_nq.c:141:1: note: in expansion of macro ‘module_init’
  141 | module_init(ip_vs_nq_init);
      | ^~~~~~~~~~~
net/netfilter/ipvs/ip_vs_nq.c:130:19: note: ‘init_module’ target declared here
  130 | static int __init ip_vs_nq_init(void)
      |                   ^~~~~~~~~~~~~
In file included from net/netfilter/ipvs/ip_vs_nq.c:37:
./include/linux/module.h:138:7: warning: ‘cleanup_module’ specifies less restrictive attribute than its target ‘ip_vs_nq_cleanup’: ‘cold’ [-Wmissing-attributes]
  138 |  void cleanup_module(void) __attribute__((alias(#exitfn)));
      |       ^~~~~~~~~~~~~~
net/netfilter/ipvs/ip_vs_nq.c:142:1: note: in expansion of macro ‘module_exit’
  142 | module_exit(ip_vs_nq_cleanup);
      | ^~~~~~~~~~~
net/netfilter/ipvs/ip_vs_nq.c:135:20: note: ‘cleanup_module’ target declared here
  135 | static void __exit ip_vs_nq_cleanup(void)
      |                    ^~~~~~~~~~~~~~~~
  CC [M]  net/netfilter/ipvs/ip_vs_ftp.o
In file included from net/netfilter/ipvs/ip_vs_ftp.c:28:
./include/linux/module.h:132:6: warning: ‘init_module’ specifies less restrictive attribute than its target ‘ip_vs_ftp_init’: ‘cold’ [-Wmissing-attributes]
  132 |  int init_module(void) __attribute__((alias(#initfn)));
      |      ^~~~~~~~~~~
net/netfilter/ipvs/ip_vs_ftp.c:502:1: note: in expansion of macro ‘module_init’
  502 | module_init(ip_vs_ftp_init);
      | ^~~~~~~~~~~
net/netfilter/ipvs/ip_vs_ftp.c:483:19: note: ‘init_module’ target declared here
  483 | static int __init ip_vs_ftp_init(void)
      |                   ^~~~~~~~~~~~~~
In file included from net/netfilter/ipvs/ip_vs_ftp.c:28:
./include/linux/module.h:138:7: warning: ‘cleanup_module’ specifies less restrictive attribute than its target ‘ip_vs_ftp_exit’: ‘cold’ [-Wmissing-attributes]
  138 |  void cleanup_module(void) __attribute__((alias(#exitfn)));
      |       ^~~~~~~~~~~~~~
net/netfilter/ipvs/ip_vs_ftp.c:503:1: note: in expansion of macro ‘module_exit’
  503 | module_exit(ip_vs_ftp_exit);
      | ^~~~~~~~~~~
net/netfilter/ipvs/ip_vs_ftp.c:495:20: note: ‘cleanup_module’ target declared here
  495 | static void __exit ip_vs_ftp_exit(void)
      |                    ^~~~~~~~~~~~~~
  CC [M]  net/netfilter/ipvs/ip_vs_pe_sip.o
In file included from net/netfilter/ipvs/ip_vs_pe_sip.c:4:
./include/linux/module.h:132:6: warning: ‘init_module’ specifies less restrictive attribute than its target ‘ip_vs_sip_init’: ‘cold’ [-Wmissing-attributes]
  132 |  int init_module(void) __attribute__((alias(#initfn)));
      |      ^~~~~~~~~~~
net/netfilter/ipvs/ip_vs_pe_sip.c:184:1: note: in expansion of macro ‘module_init’
  184 | module_init(ip_vs_sip_init);
      | ^~~~~~~~~~~
net/netfilter/ipvs/ip_vs_pe_sip.c:173:19: note: ‘init_module’ target declared here
  173 | static int __init ip_vs_sip_init(void)
      |                   ^~~~~~~~~~~~~~
In file included from net/netfilter/ipvs/ip_vs_pe_sip.c:4:
./include/linux/module.h:138:7: warning: ‘cleanup_module’ specifies less restrictive attribute than its target ‘ip_vs_sip_cleanup’: ‘cold’ [-Wmissing-attributes]
  138 |  void cleanup_module(void) __attribute__((alias(#exitfn)));
      |       ^~~~~~~~~~~~~~
net/netfilter/ipvs/ip_vs_pe_sip.c:185:1: note: in expansion of macro ‘module_exit’
  185 | module_exit(ip_vs_sip_cleanup);
      | ^~~~~~~~~~~
net/netfilter/ipvs/ip_vs_pe_sip.c:178:20: note: ‘cleanup_module’ target declared here
  178 | static void __exit ip_vs_sip_cleanup(void)
      |                    ^~~~~~~~~~~~~~~~~
  CC      net/netlink/af_netlink.o
  CC      net/netlink/genetlink.o
  LD      net/netlink/built-in.o
  LD      net/netrom/built-in.o
  CC [M]  net/netrom/af_netrom.o
In file included from net/netrom/af_netrom.c:11:
./include/linux/module.h:132:6: warning: ‘init_module’ specifies less restrictive attribute than its target ‘nr_proto_init’: ‘cold’ [-Wmissing-attributes]
  132 |  int init_module(void) __attribute__((alias(#initfn)));
      |      ^~~~~~~~~~~
net/netrom/af_netrom.c:1468:1: note: in expansion of macro ‘module_init’
 1468 | module_init(nr_proto_init);
      | ^~~~~~~~~~~
net/netrom/af_netrom.c:1396:19: note: ‘init_module’ target declared here
 1396 | static int __init nr_proto_init(void)
      |                   ^~~~~~~~~~~~~
In file included from net/netrom/af_netrom.c:11:
./include/linux/module.h:138:7: warning: ‘cleanup_module’ specifies less restrictive attribute than its target ‘nr_exit’: ‘cold’ [-Wmissing-attributes]
  138 |  void cleanup_module(void) __attribute__((alias(#exitfn)));
      |       ^~~~~~~~~~~~~~
net/netrom/af_netrom.c:1511:1: note: in expansion of macro ‘module_exit’
 1511 | module_exit(nr_exit);
      | ^~~~~~~~~~~
net/netrom/af_netrom.c:1478:20: note: ‘cleanup_module’ target declared here
 1478 | static void __exit nr_exit(void)
      |                    ^~~~~~~
  CC [M]  net/netrom/nr_dev.o
  CC [M]  net/netrom/nr_in.o
  CC [M]  net/netrom/nr_loopback.o
  CC [M]  net/netrom/nr_out.o
  CC [M]  net/netrom/nr_route.o
  CC [M]  net/netrom/nr_subr.o
  CC [M]  net/netrom/nr_timer.o
  CC [M]  net/netrom/sysctl_net_netrom.o
  LD [M]  net/netrom/netrom.o
  LD      net/nfc/built-in.o
  CC [M]  net/nfc/core.o
In file included from net/nfc/core.c:26:
./include/linux/module.h:132:6: warning: ‘init_module’ specifies less restrictive attribute than its target ‘nfc_init’: ‘cold’ [-Wmissing-attributes]
  132 |  int init_module(void) __attribute__((alias(#initfn)));
      |      ^~~~~~~~~~~
./include/linux/module.h:115:30: note: in expansion of macro ‘module_init’
  115 | #define subsys_initcall(fn)  module_init(fn)
      |                              ^~~~~~~~~~~
net/nfc/core.c:1243:1: note: in expansion of macro ‘subsys_initcall’
 1243 | subsys_initcall(nfc_init);
      | ^~~~~~~~~~~~~~~
net/nfc/core.c:1192:19: note: ‘init_module’ target declared here
 1192 | static int __init nfc_init(void)
      |                   ^~~~~~~~
In file included from net/nfc/core.c:26:
./include/linux/module.h:138:7: warning: ‘cleanup_module’ specifies less restrictive attribute than its target ‘nfc_exit’: ‘cold’ [-Wmissing-attributes]
  138 |  void cleanup_module(void) __attribute__((alias(#exitfn)));
      |       ^~~~~~~~~~~~~~
net/nfc/core.c:1244:1: note: in expansion of macro ‘module_exit’
 1244 | module_exit(nfc_exit);
      | ^~~~~~~~~~~
net/nfc/core.c:1234:20: note: ‘cleanup_module’ target declared here
 1234 | static void __exit nfc_exit(void)
      |                    ^~~~~~~~
  CC [M]  net/nfc/netlink.o
  CC [M]  net/nfc/af_nfc.o
  CC [M]  net/nfc/rawsock.o
  CC [M]  net/nfc/llcp_core.o
  CC [M]  net/nfc/llcp_commands.o
  CC [M]  net/nfc/llcp_sock.o
  LD [M]  net/nfc/nfc.o
  LD      net/openvswitch/built-in.o
  CC [M]  net/openvswitch/actions.o
  CC [M]  net/openvswitch/datapath.o
In file included from net/openvswitch/datapath.c:22:
./include/linux/module.h:132:6: warning: ‘init_module’ specifies less restrictive attribute than its target ‘dp_init’: ‘cold’ [-Wmissing-attributes]
  132 |  int init_module(void) __attribute__((alias(#initfn)));
      |      ^~~~~~~~~~~
net/openvswitch/datapath.c:2439:1: note: in expansion of macro ‘module_init’
 2439 | module_init(dp_init);
      | ^~~~~~~~~~~
net/openvswitch/datapath.c:2366:19: note: ‘init_module’ target declared here
 2366 | static int __init dp_init(void)
      |                   ^~~~~~~
  CC [M]  net/openvswitch/dp_notify.o
  CC [M]  net/openvswitch/flow.o
  CC [M]  net/openvswitch/flow_netlink.o
  CC [M]  net/openvswitch/flow_table.o
  CC [M]  net/openvswitch/vport.o
  CC [M]  net/openvswitch/vport-internal_dev.o
  CC [M]  net/openvswitch/vport-netdev.o
  CC [M]  net/openvswitch/conntrack.o
  LD [M]  net/openvswitch/openvswitch.o
  CC [M]  net/openvswitch/vport-vxlan.o
In file included from net/openvswitch/vport-vxlan.c:23:
./include/linux/module.h:132:6: warning: ‘init_module’ specifies less restrictive attribute than its target ‘ovs_vxlan_tnl_init’: ‘cold’ [-Wmissing-attributes]
  132 |  int init_module(void) __attribute__((alias(#initfn)));
      |      ^~~~~~~~~~~
net/openvswitch/vport-vxlan.c:176:1: note: in expansion of macro ‘module_init’
  176 | module_init(ovs_vxlan_tnl_init);
      | ^~~~~~~~~~~
net/openvswitch/vport-vxlan.c:166:19: note: ‘init_module’ target declared here
  166 | static int __init ovs_vxlan_tnl_init(void)
      |                   ^~~~~~~~~~~~~~~~~~
In file included from net/openvswitch/vport-vxlan.c:23:
./include/linux/module.h:138:7: warning: ‘cleanup_module’ specifies less restrictive attribute than its target ‘ovs_vxlan_tnl_exit’: ‘cold’ [-Wmissing-attributes]
  138 |  void cleanup_module(void) __attribute__((alias(#exitfn)));
      |       ^~~~~~~~~~~~~~
net/openvswitch/vport-vxlan.c:177:1: note: in expansion of macro ‘module_exit’
  177 | module_exit(ovs_vxlan_tnl_exit);
      | ^~~~~~~~~~~
net/openvswitch/vport-vxlan.c:171:20: note: ‘cleanup_module’ target declared here
  171 | static void __exit ovs_vxlan_tnl_exit(void)
      |                    ^~~~~~~~~~~~~~~~~~
  CC [M]  net/openvswitch/vport-gre.o
In file included from ./include/linux/phy.h:24,
                 from ./include/net/dsa.h:19,
                 from ./include/linux/netdevice.h:44,
                 from ./include/linux/if_vlan.h:15,
                 from net/openvswitch/vport-gre.c:25:
./include/linux/module.h:132:6: warning: ‘init_module’ specifies less restrictive attribute than its target ‘ovs_gre_tnl_init’: ‘cold’ [-Wmissing-attributes]
  132 |  int init_module(void) __attribute__((alias(#initfn)));
      |      ^~~~~~~~~~~
net/openvswitch/vport-gre.c:111:1: note: in expansion of macro ‘module_init’
  111 | module_init(ovs_gre_tnl_init);
      | ^~~~~~~~~~~
net/openvswitch/vport-gre.c:101:19: note: ‘init_module’ target declared here
  101 | static int __init ovs_gre_tnl_init(void)
      |                   ^~~~~~~~~~~~~~~~
In file included from ./include/linux/phy.h:24,
                 from ./include/net/dsa.h:19,
                 from ./include/linux/netdevice.h:44,
                 from ./include/linux/if_vlan.h:15,
                 from net/openvswitch/vport-gre.c:25:
./include/linux/module.h:138:7: warning: ‘cleanup_module’ specifies less restrictive attribute than its target ‘ovs_gre_tnl_exit’: ‘cold’ [-Wmissing-attributes]
  138 |  void cleanup_module(void) __attribute__((alias(#exitfn)));
      |       ^~~~~~~~~~~~~~
net/openvswitch/vport-gre.c:112:1: note: in expansion of macro ‘module_exit’
  112 | module_exit(ovs_gre_tnl_exit);
      | ^~~~~~~~~~~
net/openvswitch/vport-gre.c:106:20: note: ‘cleanup_module’ target declared here
  106 | static void __exit ovs_gre_tnl_exit(void)
      |                    ^~~~~~~~~~~~~~~~
  CC      net/packet/af_packet.o
  LD      net/packet/built-in.o
  LD      net/rfkill/built-in.o
  CC [M]  net/rfkill/core.o
In file included from net/rfkill/core.c:21:
./include/linux/module.h:132:6: warning: ‘init_module’ specifies less restrictive attribute than its target ‘rfkill_init’: ‘cold’ [-Wmissing-attributes]
  132 |  int init_module(void) __attribute__((alias(#initfn)));
      |      ^~~~~~~~~~~
./include/linux/module.h:115:30: note: in expansion of macro ‘module_init’
  115 | #define subsys_initcall(fn)  module_init(fn)
      |                              ^~~~~~~~~~~
net/rfkill/core.c:1289:1: note: in expansion of macro ‘subsys_initcall’
 1289 | subsys_initcall(rfkill_init);
      | ^~~~~~~~~~~~~~~
net/rfkill/core.c:1261:19: note: ‘init_module’ target declared here
 1261 | static int __init rfkill_init(void)
      |                   ^~~~~~~~~~~
In file included from net/rfkill/core.c:21:
./include/linux/module.h:138:7: warning: ‘cleanup_module’ specifies less restrictive attribute than its target ‘rfkill_exit’: ‘cold’ [-Wmissing-attributes]
  138 |  void cleanup_module(void) __attribute__((alias(#exitfn)));
      |       ^~~~~~~~~~~~~~
net/rfkill/core.c:1299:1: note: in expansion of macro ‘module_exit’
 1299 | module_exit(rfkill_exit);
      | ^~~~~~~~~~~
net/rfkill/core.c:1291:20: note: ‘cleanup_module’ target declared here
 1291 | static void __exit rfkill_exit(void)
      |                    ^~~~~~~~~~~
  CC [M]  net/rfkill/input.o
  LD [M]  net/rfkill/rfkill.o
  LD      net/rose/built-in.o
  CC [M]  net/rose/af_rose.o
In file included from net/rose/af_rose.c:14:
./include/linux/module.h:132:6: warning: ‘init_module’ specifies less restrictive attribute than its target ‘rose_proto_init’: ‘cold’ [-Wmissing-attributes]
  132 |  int init_module(void) __attribute__((alias(#initfn)));
      |      ^~~~~~~~~~~
net/rose/af_rose.c:1589:1: note: in expansion of macro ‘module_init’
 1589 | module_init(rose_proto_init);
      | ^~~~~~~~~~~
net/rose/af_rose.c:1512:19: note: ‘init_module’ target declared here
 1512 | static int __init rose_proto_init(void)
      |                   ^~~~~~~~~~~~~~~
In file included from net/rose/af_rose.c:14:
./include/linux/module.h:138:7: warning: ‘cleanup_module’ specifies less restrictive attribute than its target ‘rose_exit’: ‘cold’ [-Wmissing-attributes]
  138 |  void cleanup_module(void) __attribute__((alias(#exitfn)));
      |       ^~~~~~~~~~~~~~
net/rose/af_rose.c:1637:1: note: in expansion of macro ‘module_exit’
 1637 | module_exit(rose_exit);
      | ^~~~~~~~~~~
net/rose/af_rose.c:1599:20: note: ‘cleanup_module’ target declared here
 1599 | static void __exit rose_exit(void)
      |                    ^~~~~~~~~
  CC [M]  net/rose/rose_dev.o
  CC [M]  net/rose/rose_in.o
  CC [M]  net/rose/rose_link.o
  CC [M]  net/rose/rose_loopback.o
  CC [M]  net/rose/rose_out.o
  CC [M]  net/rose/rose_route.o
  CC [M]  net/rose/rose_subr.o
  CC [M]  net/rose/rose_timer.o
  CC [M]  net/rose/sysctl_net_rose.o
  LD [M]  net/rose/rose.o
  CC      net/sched/sch_generic.o
  CC      net/sched/sch_mq.o
  CC      net/sched/sch_api.o
  CC      net/sched/sch_blackhole.o
  CC      net/sched/cls_api.o
  CC      net/sched/act_api.o
  CC      net/sched/sch_fifo.o
  CC      net/sched/ematch.o
  LD      net/sched/built-in.o
  CC [M]  net/sched/act_police.o
In file included from net/sched/act_police.c:13:
./include/linux/module.h:132:6: warning: ‘init_module’ specifies less restrictive attribute than its target ‘police_init_module’: ‘cold’ [-Wmissing-attributes]
  132 |  int init_module(void) __attribute__((alias(#initfn)));
      |      ^~~~~~~~~~~
net/sched/act_police.c:362:1: note: in expansion of macro ‘module_init’
  362 | module_init(police_init_module);
      | ^~~~~~~~~~~
net/sched/act_police.c:352:19: note: ‘init_module’ target declared here
  352 | static int __init police_init_module(void)
      |                   ^~~~~~~~~~~~~~~~~~
In file included from net/sched/act_police.c:13:
./include/linux/module.h:138:7: warning: ‘cleanup_module’ specifies less restrictive attribute than its target ‘police_cleanup_module’: ‘cold’ [-Wmissing-attributes]
  138 |  void cleanup_module(void) __attribute__((alias(#exitfn)));
      |       ^~~~~~~~~~~~~~
net/sched/act_police.c:363:1: note: in expansion of macro ‘module_exit’
  363 | module_exit(police_cleanup_module);
      | ^~~~~~~~~~~
net/sched/act_police.c:357:20: note: ‘cleanup_module’ target declared here
  357 | static void __exit police_cleanup_module(void)
      |                    ^~~~~~~~~~~~~~~~~~~~~
  CC [M]  net/sched/act_gact.o
In file included from ./include/linux/phy.h:24,
                 from ./include/net/dsa.h:19,
                 from ./include/linux/netdevice.h:44,
                 from ./include/linux/rtnetlink.h:6,
                 from net/sched/act_gact.c:18:
./include/linux/module.h:132:6: warning: ‘init_module’ specifies less restrictive attribute than its target ‘gact_init_module’: ‘cold’ [-Wmissing-attributes]
  132 |  int init_module(void) __attribute__((alias(#initfn)));
      |      ^~~~~~~~~~~
net/sched/act_gact.c:274:1: note: in expansion of macro ‘module_init’
  274 | module_init(gact_init_module);
      | ^~~~~~~~~~~
net/sched/act_gact.c:258:19: note: ‘init_module’ target declared here
  258 | static int __init gact_init_module(void)
      |                   ^~~~~~~~~~~~~~~~
In file included from ./include/linux/phy.h:24,
                 from ./include/net/dsa.h:19,
                 from ./include/linux/netdevice.h:44,
                 from ./include/linux/rtnetlink.h:6,
                 from net/sched/act_gact.c:18:
./include/linux/module.h:138:7: warning: ‘cleanup_module’ specifies less restrictive attribute than its target ‘gact_cleanup_module’: ‘cold’ [-Wmissing-attributes]
  138 |  void cleanup_module(void) __attribute__((alias(#exitfn)));
      |       ^~~~~~~~~~~~~~
net/sched/act_gact.c:275:1: note: in expansion of macro ‘module_exit’
  275 | module_exit(gact_cleanup_module);
      | ^~~~~~~~~~~
net/sched/act_gact.c:269:20: note: ‘cleanup_module’ target declared here
  269 | static void __exit gact_cleanup_module(void)
      |                    ^~~~~~~~~~~~~~~~~~~
  CC [M]  net/sched/act_mirred.o
In file included from ./include/linux/phy.h:24,
                 from ./include/net/dsa.h:19,
                 from ./include/linux/netdevice.h:44,
                 from ./include/linux/rtnetlink.h:6,
                 from net/sched/act_mirred.c:20:
./include/linux/module.h:132:6: warning: ‘init_module’ specifies less restrictive attribute than its target ‘mirred_init_module’: ‘cold’ [-Wmissing-attributes]
  132 |  int init_module(void) __attribute__((alias(#initfn)));
      |      ^~~~~~~~~~~
net/sched/act_mirred.c:344:1: note: in expansion of macro ‘module_init’
  344 | module_init(mirred_init_module);
      | ^~~~~~~~~~~
net/sched/act_mirred.c:328:19: note: ‘init_module’ target declared here
  328 | static int __init mirred_init_module(void)
      |                   ^~~~~~~~~~~~~~~~~~
In file included from ./include/linux/phy.h:24,
                 from ./include/net/dsa.h:19,
                 from ./include/linux/netdevice.h:44,
                 from ./include/linux/rtnetlink.h:6,
                 from net/sched/act_mirred.c:20:
./include/linux/module.h:138:7: warning: ‘cleanup_module’ specifies less restrictive attribute than its target ‘mirred_cleanup_module’: ‘cold’ [-Wmissing-attributes]
  138 |  void cleanup_module(void) __attribute__((alias(#exitfn)));
      |       ^~~~~~~~~~~~~~
net/sched/act_mirred.c:345:1: note: in expansion of macro ‘module_exit’
  345 | module_exit(mirred_cleanup_module);
      | ^~~~~~~~~~~
net/sched/act_mirred.c:338:20: note: ‘cleanup_module’ target declared here
  338 | static void __exit mirred_cleanup_module(void)
      |                    ^~~~~~~~~~~~~~~~~~~~~
  CC [M]  net/sched/act_ipt.o
In file included from ./include/linux/phy.h:24,
                 from ./include/net/dsa.h:19,
                 from ./include/linux/netdevice.h:44,
                 from ./include/linux/rtnetlink.h:6,
                 from net/sched/act_ipt.c:19:
./include/linux/module.h:132:6: warning: ‘init_module’ specifies less restrictive attribute than its target ‘ipt_init_module’: ‘cold’ [-Wmissing-attributes]
  132 |  int init_module(void) __attribute__((alias(#initfn)));
      |      ^~~~~~~~~~~
net/sched/act_ipt.c:433:1: note: in expansion of macro ‘module_init’
  433 | module_init(ipt_init_module);
      | ^~~~~~~~~~~
net/sched/act_ipt.c:409:19: note: ‘init_module’ target declared here
  409 | static int __init ipt_init_module(void)
      |                   ^~~~~~~~~~~~~~~
In file included from ./include/linux/phy.h:24,
                 from ./include/net/dsa.h:19,
                 from ./include/linux/netdevice.h:44,
                 from ./include/linux/rtnetlink.h:6,
                 from net/sched/act_ipt.c:19:
./include/linux/module.h:138:7: warning: ‘cleanup_module’ specifies less restrictive attribute than its target ‘ipt_cleanup_module’: ‘cold’ [-Wmissing-attributes]
  138 |  void cleanup_module(void) __attribute__((alias(#exitfn)));
      |       ^~~~~~~~~~~~~~
net/sched/act_ipt.c:434:1: note: in expansion of macro ‘module_exit’
  434 | module_exit(ipt_cleanup_module);
      | ^~~~~~~~~~~
net/sched/act_ipt.c:427:20: note: ‘cleanup_module’ target declared here
  427 | static void __exit ipt_cleanup_module(void)
      |                    ^~~~~~~~~~~~~~~~~~
  CC [M]  net/sched/act_nat.o
In file included from net/sched/act_nat.c:15:
./include/linux/module.h:132:6: warning: ‘init_module’ specifies less restrictive attribute than its target ‘nat_init_module’: ‘cold’ [-Wmissing-attributes]
  132 |  int init_module(void) __attribute__((alias(#initfn)));
      |      ^~~~~~~~~~~
net/sched/act_nat.c:342:1: note: in expansion of macro ‘module_init’
  342 | module_init(nat_init_module);
      | ^~~~~~~~~~~
net/sched/act_nat.c:332:19: note: ‘init_module’ target declared here
  332 | static int __init nat_init_module(void)
      |                   ^~~~~~~~~~~~~~~
In file included from net/sched/act_nat.c:15:
./include/linux/module.h:138:7: warning: ‘cleanup_module’ specifies less restrictive attribute than its target ‘nat_cleanup_module’: ‘cold’ [-Wmissing-attributes]
  138 |  void cleanup_module(void) __attribute__((alias(#exitfn)));
      |       ^~~~~~~~~~~~~~
net/sched/act_nat.c:343:1: note: in expansion of macro ‘module_exit’
  343 | module_exit(nat_cleanup_module);
      | ^~~~~~~~~~~
net/sched/act_nat.c:337:20: note: ‘cleanup_module’ target declared here
  337 | static void __exit nat_cleanup_module(void)
      |                    ^~~~~~~~~~~~~~~~~~
  CC [M]  net/sched/act_pedit.o
In file included from ./include/linux/phy.h:24,
                 from ./include/net/dsa.h:19,
                 from ./include/linux/netdevice.h:44,
                 from ./include/linux/rtnetlink.h:6,
                 from net/sched/act_pedit.c:17:
./include/linux/module.h:132:6: warning: ‘init_module’ specifies less restrictive attribute than its target ‘pedit_init_module’: ‘cold’ [-Wmissing-attributes]
  132 |  int init_module(void) __attribute__((alias(#initfn)));
      |      ^~~~~~~~~~~
net/sched/act_pedit.c:298:1: note: in expansion of macro ‘module_init’
  298 | module_init(pedit_init_module);
      | ^~~~~~~~~~~
net/sched/act_pedit.c:288:19: note: ‘init_module’ target declared here
  288 | static int __init pedit_init_module(void)
      |                   ^~~~~~~~~~~~~~~~~
In file included from ./include/linux/phy.h:24,
                 from ./include/net/dsa.h:19,
                 from ./include/linux/netdevice.h:44,
                 from ./include/linux/rtnetlink.h:6,
                 from net/sched/act_pedit.c:17:
./include/linux/module.h:138:7: warning: ‘cleanup_module’ specifies less restrictive attribute than its target ‘pedit_cleanup_module’: ‘cold’ [-Wmissing-attributes]
  138 |  void cleanup_module(void) __attribute__((alias(#exitfn)));
      |       ^~~~~~~~~~~~~~
net/sched/act_pedit.c:299:1: note: in expansion of macro ‘module_exit’
  299 | module_exit(pedit_cleanup_module);
      | ^~~~~~~~~~~
net/sched/act_pedit.c:293:20: note: ‘cleanup_module’ target declared here
  293 | static void __exit pedit_cleanup_module(void)
      |                    ^~~~~~~~~~~~~~~~~~~~
  CC [M]  net/sched/act_simple.o
In file included from net/sched/act_simple.c:13:
./include/linux/module.h:132:6: warning: ‘init_module’ specifies less restrictive attribute than its target ‘simp_init_module’: ‘cold’ [-Wmissing-attributes]
  132 |  int init_module(void) __attribute__((alias(#initfn)));
      |      ^~~~~~~~~~~
net/sched/act_simple.c:240:1: note: in expansion of macro ‘module_init’
  240 | module_init(simp_init_module);
      | ^~~~~~~~~~~
net/sched/act_simple.c:227:19: note: ‘init_module’ target declared here
  227 | static int __init simp_init_module(void)
      |                   ^~~~~~~~~~~~~~~~
In file included from net/sched/act_simple.c:13:
./include/linux/module.h:138:7: warning: ‘cleanup_module’ specifies less restrictive attribute than its target ‘simp_cleanup_module’: ‘cold’ [-Wmissing-attributes]
  138 |  void cleanup_module(void) __attribute__((alias(#exitfn)));
      |       ^~~~~~~~~~~~~~
net/sched/act_simple.c:241:1: note: in expansion of macro ‘module_exit’
  241 | module_exit(simp_cleanup_module);
      | ^~~~~~~~~~~
net/sched/act_simple.c:235:20: note: ‘cleanup_module’ target declared here
  235 | static void __exit simp_cleanup_module(void)
      |                    ^~~~~~~~~~~~~~~~~~~
  CC [M]  net/sched/act_skbedit.o
In file included from net/sched/act_skbedit.c:19:
./include/linux/module.h:132:6: warning: ‘init_module’ specifies less restrictive attribute than its target ‘skbedit_init_module’: ‘cold’ [-Wmissing-attributes]
  132 |  int init_module(void) __attribute__((alias(#initfn)));
      |      ^~~~~~~~~~~
net/sched/act_skbedit.c:259:1: note: in expansion of macro ‘module_init’
  259 | module_init(skbedit_init_module);
      | ^~~~~~~~~~~
net/sched/act_skbedit.c:249:19: note: ‘init_module’ target declared here
  249 | static int __init skbedit_init_module(void)
      |                   ^~~~~~~~~~~~~~~~~~~
In file included from net/sched/act_skbedit.c:19:
./include/linux/module.h:138:7: warning: ‘cleanup_module’ specifies less restrictive attribute than its target ‘skbedit_cleanup_module’: ‘cold’ [-Wmissing-attributes]
  138 |  void cleanup_module(void) __attribute__((alias(#exitfn)));
      |       ^~~~~~~~~~~~~~
net/sched/act_skbedit.c:260:1: note: in expansion of macro ‘module_exit’
  260 | module_exit(skbedit_cleanup_module);
      | ^~~~~~~~~~~
net/sched/act_skbedit.c:254:20: note: ‘cleanup_module’ target declared here
  254 | static void __exit skbedit_cleanup_module(void)
      |                    ^~~~~~~~~~~~~~~~~~~~~~
  CC [M]  net/sched/act_csum.o
In file included from net/sched/act_csum.c:16:
./include/linux/module.h:132:6: warning: ‘init_module’ specifies less restrictive attribute than its target ‘csum_init_module’: ‘cold’ [-Wmissing-attributes]
  132 |  int init_module(void) __attribute__((alias(#initfn)));
      |      ^~~~~~~~~~~
net/sched/act_csum.c:624:1: note: in expansion of macro ‘module_init’
  624 | module_init(csum_init_module);
      | ^~~~~~~~~~~
net/sched/act_csum.c:614:19: note: ‘init_module’ target declared here
  614 | static int __init csum_init_module(void)
      |                   ^~~~~~~~~~~~~~~~
In file included from net/sched/act_csum.c:16:
./include/linux/module.h:138:7: warning: ‘cleanup_module’ specifies less restrictive attribute than its target ‘csum_cleanup_module’: ‘cold’ [-Wmissing-attributes]
  138 |  void cleanup_module(void) __attribute__((alias(#exitfn)));
      |       ^~~~~~~~~~~~~~
net/sched/act_csum.c:625:1: note: in expansion of macro ‘module_exit’
  625 | module_exit(csum_cleanup_module);
      | ^~~~~~~~~~~
net/sched/act_csum.c:619:20: note: ‘cleanup_module’ target declared here
  619 | static void __exit csum_cleanup_module(void)
      |                    ^~~~~~~~~~~~~~~~~~~
  CC [M]  net/sched/sch_cbq.o
In file included from net/sched/sch_cbq.c:13:
./include/linux/module.h:132:6: warning: ‘init_module’ specifies less restrictive attribute than its target ‘cbq_module_init’: ‘cold’ [-Wmissing-attributes]
  132 |  int init_module(void) __attribute__((alias(#initfn)));
      |      ^~~~~~~~~~~
net/sched/sch_cbq.c:1785:1: note: in expansion of macro ‘module_init’
 1785 | module_init(cbq_module_init)
      | ^~~~~~~~~~~
net/sched/sch_cbq.c:1777:19: note: ‘init_module’ target declared here
 1777 | static int __init cbq_module_init(void)
      |                   ^~~~~~~~~~~~~~~
In file included from net/sched/sch_cbq.c:13:
./include/linux/module.h:138:7: warning: ‘cleanup_module’ specifies less restrictive attribute than its target ‘cbq_module_exit’: ‘cold’ [-Wmissing-attributes]
  138 |  void cleanup_module(void) __attribute__((alias(#exitfn)));
      |       ^~~~~~~~~~~~~~
net/sched/sch_cbq.c:1786:1: note: in expansion of macro ‘module_exit’
 1786 | module_exit(cbq_module_exit)
      | ^~~~~~~~~~~
net/sched/sch_cbq.c:1781:20: note: ‘cleanup_module’ target declared here
 1781 | static void __exit cbq_module_exit(void)
      |                    ^~~~~~~~~~~~~~~
  CC [M]  net/sched/sch_htb.o
In file included from net/sched/sch_htb.c:28:
./include/linux/module.h:132:6: warning: ‘init_module’ specifies less restrictive attribute than its target ‘htb_module_init’: ‘cold’ [-Wmissing-attributes]
  132 |  int init_module(void) __attribute__((alias(#initfn)));
      |      ^~~~~~~~~~~
net/sched/sch_htb.c:1621:1: note: in expansion of macro ‘module_init’
 1621 | module_init(htb_module_init)
      | ^~~~~~~~~~~
net/sched/sch_htb.c:1612:19: note: ‘init_module’ target declared here
 1612 | static int __init htb_module_init(void)
      |                   ^~~~~~~~~~~~~~~
In file included from net/sched/sch_htb.c:28:
./include/linux/module.h:138:7: warning: ‘cleanup_module’ specifies less restrictive attribute than its target ‘htb_module_exit’: ‘cold’ [-Wmissing-attributes]
  138 |  void cleanup_module(void) __attribute__((alias(#exitfn)));
      |       ^~~~~~~~~~~~~~
net/sched/sch_htb.c:1622:1: note: in expansion of macro ‘module_exit’
 1622 | module_exit(htb_module_exit)
      | ^~~~~~~~~~~
net/sched/sch_htb.c:1616:20: note: ‘cleanup_module’ target declared here
 1616 | static void __exit htb_module_exit(void)
      |                    ^~~~~~~~~~~~~~~
  CC [M]  net/sched/sch_hfsc.o
In file included from net/sched/sch_hfsc.c:53:
./include/linux/module.h:132:6: warning: ‘init_module’ specifies less restrictive attribute than its target ‘hfsc_init’: ‘cold’ [-Wmissing-attributes]
  132 |  int init_module(void) __attribute__((alias(#initfn)));
      |      ^~~~~~~~~~~
net/sched/sch_hfsc.c:1695:1: note: in expansion of macro ‘module_init’
 1695 | module_init(hfsc_init);
      | ^~~~~~~~~~~
net/sched/sch_hfsc.c:1683:1: note: ‘init_module’ target declared here
 1683 | hfsc_init(void)
      | ^~~~~~~~~
In file included from net/sched/sch_hfsc.c:53:
./include/linux/module.h:138:7: warning: ‘cleanup_module’ specifies less restrictive attribute than its target ‘hfsc_cleanup’: ‘cold’ [-Wmissing-attributes]
  138 |  void cleanup_module(void) __attribute__((alias(#exitfn)));
      |       ^~~~~~~~~~~~~~
net/sched/sch_hfsc.c:1696:1: note: in expansion of macro ‘module_exit’
 1696 | module_exit(hfsc_cleanup);
      | ^~~~~~~~~~~
net/sched/sch_hfsc.c:1689:1: note: ‘cleanup_module’ target declared here
 1689 | hfsc_cleanup(void)
      | ^~~~~~~~~~~~
  CC [M]  net/sched/sch_red.o
In file included from net/sched/sch_red.c:17:
./include/linux/module.h:132:6: warning: ‘init_module’ specifies less restrictive attribute than its target ‘red_module_init’: ‘cold’ [-Wmissing-attributes]
  132 |  int init_module(void) __attribute__((alias(#initfn)));
      |      ^~~~~~~~~~~
net/sched/sch_red.c:368:1: note: in expansion of macro ‘module_init’
  368 | module_init(red_module_init)
      | ^~~~~~~~~~~
net/sched/sch_red.c:358:19: note: ‘init_module’ target declared here
  358 | static int __init red_module_init(void)
      |                   ^~~~~~~~~~~~~~~
In file included from net/sched/sch_red.c:17:
./include/linux/module.h:138:7: warning: ‘cleanup_module’ specifies less restrictive attribute than its target ‘red_module_exit’: ‘cold’ [-Wmissing-attributes]
  138 |  void cleanup_module(void) __attribute__((alias(#exitfn)));
      |       ^~~~~~~~~~~~~~
net/sched/sch_red.c:369:1: note: in expansion of macro ‘module_exit’
  369 | module_exit(red_module_exit)
      | ^~~~~~~~~~~
net/sched/sch_red.c:363:20: note: ‘cleanup_module’ target declared here
  363 | static void __exit red_module_exit(void)
      |                    ^~~~~~~~~~~~~~~
  CC [M]  net/sched/sch_gred.o
In file included from net/sched/sch_gred.c:22:
./include/linux/module.h:132:6: warning: ‘init_module’ specifies less restrictive attribute than its target ‘gred_module_init’: ‘cold’ [-Wmissing-attributes]
  132 |  int init_module(void) __attribute__((alias(#initfn)));
      |      ^~~~~~~~~~~
net/sched/sch_gred.c:611:1: note: in expansion of macro ‘module_init’
  611 | module_init(gred_module_init)
      | ^~~~~~~~~~~
net/sched/sch_gred.c:601:19: note: ‘init_module’ target declared here
  601 | static int __init gred_module_init(void)
      |                   ^~~~~~~~~~~~~~~~
In file included from net/sched/sch_gred.c:22:
./include/linux/module.h:138:7: warning: ‘cleanup_module’ specifies less restrictive attribute than its target ‘gred_module_exit’: ‘cold’ [-Wmissing-attributes]
  138 |  void cleanup_module(void) __attribute__((alias(#exitfn)));
      |       ^~~~~~~~~~~~~~
net/sched/sch_gred.c:612:1: note: in expansion of macro ‘module_exit’
  612 | module_exit(gred_module_exit)
      | ^~~~~~~~~~~
net/sched/sch_gred.c:606:20: note: ‘cleanup_module’ target declared here
  606 | static void __exit gred_module_exit(void)
      |                    ^~~~~~~~~~~~~~~~
  CC [M]  net/sched/sch_ingress.o
In file included from net/sched/sch_ingress.c:11:
./include/linux/module.h:132:6: warning: ‘init_module’ specifies less restrictive attribute than its target ‘ingress_module_init’: ‘cold’ [-Wmissing-attributes]
  132 |  int init_module(void) __attribute__((alias(#initfn)));
      |      ^~~~~~~~~~~
net/sched/sch_ingress.c:206:1: note: in expansion of macro ‘module_init’
  206 | module_init(ingress_module_init);
      | ^~~~~~~~~~~
net/sched/sch_ingress.c:186:19: note: ‘init_module’ target declared here
  186 | static int __init ingress_module_init(void)
      |                   ^~~~~~~~~~~~~~~~~~~
In file included from net/sched/sch_ingress.c:11:
./include/linux/module.h:138:7: warning: ‘cleanup_module’ specifies less restrictive attribute than its target ‘ingress_module_exit’: ‘cold’ [-Wmissing-attributes]
  138 |  void cleanup_module(void) __attribute__((alias(#exitfn)));
      |       ^~~~~~~~~~~~~~
net/sched/sch_ingress.c:207:1: note: in expansion of macro ‘module_exit’
  207 | module_exit(ingress_module_exit);
      | ^~~~~~~~~~~
net/sched/sch_ingress.c:200:20: note: ‘cleanup_module’ target declared here
  200 | static void __exit ingress_module_exit(void)
      |                    ^~~~~~~~~~~~~~~~~~~
  CC [M]  net/sched/sch_dsmark.o
In file included from net/sched/sch_dsmark.c:6:
./include/linux/module.h:132:6: warning: ‘init_module’ specifies less restrictive attribute than its target ‘dsmark_module_init’: ‘cold’ [-Wmissing-attributes]
  132 |  int init_module(void) __attribute__((alias(#initfn)));
      |      ^~~~~~~~~~~
net/sched/sch_dsmark.c:500:1: note: in expansion of macro ‘module_init’
  500 | module_init(dsmark_module_init)
      | ^~~~~~~~~~~
net/sched/sch_dsmark.c:490:19: note: ‘init_module’ target declared here
  490 | static int __init dsmark_module_init(void)
      |                   ^~~~~~~~~~~~~~~~~~
In file included from net/sched/sch_dsmark.c:6:
./include/linux/module.h:138:7: warning: ‘cleanup_module’ specifies less restrictive attribute than its target ‘dsmark_module_exit’: ‘cold’ [-Wmissing-attributes]
  138 |  void cleanup_module(void) __attribute__((alias(#exitfn)));
      |       ^~~~~~~~~~~~~~
net/sched/sch_dsmark.c:501:1: note: in expansion of macro ‘module_exit’
  501 | module_exit(dsmark_module_exit)
      | ^~~~~~~~~~~
net/sched/sch_dsmark.c:495:20: note: ‘cleanup_module’ target declared here
  495 | static void __exit dsmark_module_exit(void)
      |                    ^~~~~~~~~~~~~~~~~~
  CC [M]  net/sched/sch_sfb.o
In file included from net/sched/sch_sfb.c:19:
./include/linux/module.h:132:6: warning: ‘init_module’ specifies less restrictive attribute than its target ‘sfb_module_init’: ‘cold’ [-Wmissing-attributes]
  132 |  int init_module(void) __attribute__((alias(#initfn)));
      |      ^~~~~~~~~~~
net/sched/sch_sfb.c:714:1: note: in expansion of macro ‘module_init’
  714 | module_init(sfb_module_init)
      | ^~~~~~~~~~~
net/sched/sch_sfb.c:704:19: note: ‘init_module’ target declared here
  704 | static int __init sfb_module_init(void)
      |                   ^~~~~~~~~~~~~~~
In file included from net/sched/sch_sfb.c:19:
./include/linux/module.h:138:7: warning: ‘cleanup_module’ specifies less restrictive attribute than its target ‘sfb_module_exit’: ‘cold’ [-Wmissing-attributes]
  138 |  void cleanup_module(void) __attribute__((alias(#exitfn)));
      |       ^~~~~~~~~~~~~~
net/sched/sch_sfb.c:715:1: note: in expansion of macro ‘module_exit’
  715 | module_exit(sfb_module_exit)
      | ^~~~~~~~~~~
net/sched/sch_sfb.c:709:20: note: ‘cleanup_module’ target declared here
  709 | static void __exit sfb_module_exit(void)
      |                    ^~~~~~~~~~~~~~~
  CC [M]  net/sched/sch_sfq.o
In file included from net/sched/sch_sfq.c:12:
./include/linux/module.h:132:6: warning: ‘init_module’ specifies less restrictive attribute than its target ‘sfq_module_init’: ‘cold’ [-Wmissing-attributes]
  132 |  int init_module(void) __attribute__((alias(#initfn)));
      |      ^~~~~~~~~~~
net/sched/sch_sfq.c:919:1: note: in expansion of macro ‘module_init’
  919 | module_init(sfq_module_init)
      | ^~~~~~~~~~~
net/sched/sch_sfq.c:911:19: note: ‘init_module’ target declared here
  911 | static int __init sfq_module_init(void)
      |                   ^~~~~~~~~~~~~~~
In file included from net/sched/sch_sfq.c:12:
./include/linux/module.h:138:7: warning: ‘cleanup_module’ specifies less restrictive attribute than its target ‘sfq_module_exit’: ‘cold’ [-Wmissing-attributes]
  138 |  void cleanup_module(void) __attribute__((alias(#exitfn)));
      |       ^~~~~~~~~~~~~~
net/sched/sch_sfq.c:920:1: note: in expansion of macro ‘module_exit’
  920 | module_exit(sfq_module_exit)
      | ^~~~~~~~~~~
net/sched/sch_sfq.c:915:20: note: ‘cleanup_module’ target declared here
  915 | static void __exit sfq_module_exit(void)
      |                    ^~~~~~~~~~~~~~~
  CC [M]  net/sched/sch_tbf.o
In file included from net/sched/sch_tbf.c:15:
./include/linux/module.h:132:6: warning: ‘init_module’ specifies less restrictive attribute than its target ‘tbf_module_init’: ‘cold’ [-Wmissing-attributes]
  132 |  int init_module(void) __attribute__((alias(#initfn)));
      |      ^~~~~~~~~~~
net/sched/sch_tbf.c:566:1: note: in expansion of macro ‘module_init’
  566 | module_init(tbf_module_init)
      | ^~~~~~~~~~~
net/sched/sch_tbf.c:557:19: note: ‘init_module’ target declared here
  557 | static int __init tbf_module_init(void)
      |                   ^~~~~~~~~~~~~~~
In file included from net/sched/sch_tbf.c:15:
./include/linux/module.h:138:7: warning: ‘cleanup_module’ specifies less restrictive attribute than its target ‘tbf_module_exit’: ‘cold’ [-Wmissing-attributes]
  138 |  void cleanup_module(void) __attribute__((alias(#exitfn)));
      |       ^~~~~~~~~~~~~~
net/sched/sch_tbf.c:567:1: note: in expansion of macro ‘module_exit’
  567 | module_exit(tbf_module_exit)
      | ^~~~~~~~~~~
net/sched/sch_tbf.c:562:20: note: ‘cleanup_module’ target declared here
  562 | static void __exit tbf_module_exit(void)
      |                    ^~~~~~~~~~~~~~~
  CC [M]  net/sched/sch_teql.o
In file included from net/sched/sch_teql.c:11:
./include/linux/module.h:132:6: warning: ‘init_module’ specifies less restrictive attribute than its target ‘teql_init’: ‘cold’ [-Wmissing-attributes]
  132 |  int init_module(void) __attribute__((alias(#initfn)));
      |      ^~~~~~~~~~~
net/sched/sch_teql.c:525:1: note: in expansion of macro ‘module_init’
  525 | module_init(teql_init);
      | ^~~~~~~~~~~
net/sched/sch_teql.c:474:19: note: ‘init_module’ target declared here
  474 | static int __init teql_init(void)
      |                   ^~~~~~~~~
In file included from net/sched/sch_teql.c:11:
./include/linux/module.h:138:7: warning: ‘cleanup_module’ specifies less restrictive attribute than its target ‘teql_exit’: ‘cold’ [-Wmissing-attributes]
  138 |  void cleanup_module(void) __attribute__((alias(#exitfn)));
      |       ^~~~~~~~~~~~~~
net/sched/sch_teql.c:526:1: note: in expansion of macro ‘module_exit’
  526 | module_exit(teql_exit);
      | ^~~~~~~~~~~
net/sched/sch_teql.c:511:20: note: ‘cleanup_module’ target declared here
  511 | static void __exit teql_exit(void)
      |                    ^~~~~~~~~
  CC [M]  net/sched/sch_prio.o
In file included from net/sched/sch_prio.c:14:
./include/linux/module.h:132:6: warning: ‘init_module’ specifies less restrictive attribute than its target ‘prio_module_init’: ‘cold’ [-Wmissing-attributes]
  132 |  int init_module(void) __attribute__((alias(#initfn)));
      |      ^~~~~~~~~~~
net/sched/sch_prio.c:366:1: note: in expansion of macro ‘module_init’
  366 | module_init(prio_module_init)
      | ^~~~~~~~~~~
net/sched/sch_prio.c:356:19: note: ‘init_module’ target declared here
  356 | static int __init prio_module_init(void)
      |                   ^~~~~~~~~~~~~~~~
In file included from net/sched/sch_prio.c:14:
./include/linux/module.h:138:7: warning: ‘cleanup_module’ specifies less restrictive attribute than its target ‘prio_module_exit’: ‘cold’ [-Wmissing-attributes]
  138 |  void cleanup_module(void) __attribute__((alias(#exitfn)));
      |       ^~~~~~~~~~~~~~
net/sched/sch_prio.c:367:1: note: in expansion of macro ‘module_exit’
  367 | module_exit(prio_module_exit)
      | ^~~~~~~~~~~
net/sched/sch_prio.c:361:20: note: ‘cleanup_module’ target declared here
  361 | static void __exit prio_module_exit(void)
      |                    ^~~~~~~~~~~~~~~~
  CC [M]  net/sched/sch_multiq.o
In file included from net/sched/sch_multiq.c:19:
./include/linux/module.h:132:6: warning: ‘init_module’ specifies less restrictive attribute than its target ‘multiq_module_init’: ‘cold’ [-Wmissing-attributes]
  132 |  int init_module(void) __attribute__((alias(#initfn)));
      |      ^~~~~~~~~~~
net/sched/sch_multiq.c:417:1: note: in expansion of macro ‘module_init’
  417 | module_init(multiq_module_init)
      | ^~~~~~~~~~~
net/sched/sch_multiq.c:407:19: note: ‘init_module’ target declared here
  407 | static int __init multiq_module_init(void)
      |                   ^~~~~~~~~~~~~~~~~~
In file included from net/sched/sch_multiq.c:19:
./include/linux/module.h:138:7: warning: ‘cleanup_module’ specifies less restrictive attribute than its target ‘multiq_module_exit’: ‘cold’ [-Wmissing-attributes]
  138 |  void cleanup_module(void) __attribute__((alias(#exitfn)));
      |       ^~~~~~~~~~~~~~
net/sched/sch_multiq.c:418:1: note: in expansion of macro ‘module_exit’
  418 | module_exit(multiq_module_exit)
      | ^~~~~~~~~~~
net/sched/sch_multiq.c:412:20: note: ‘cleanup_module’ target declared here
  412 | static void __exit multiq_module_exit(void)
      |                    ^~~~~~~~~~~~~~~~~~
  CC [M]  net/sched/sch_atm.o
In file included from net/sched/sch_atm.c:5:
./include/linux/module.h:132:6: warning: ‘init_module’ specifies less restrictive attribute than its target ‘atm_init’: ‘cold’ [-Wmissing-attributes]
  132 |  int init_module(void) __attribute__((alias(#initfn)));
      |      ^~~~~~~~~~~
net/sched/sch_atm.c:679:1: note: in expansion of macro ‘module_init’
  679 | module_init(atm_init)
      | ^~~~~~~~~~~
net/sched/sch_atm.c:669:19: note: ‘init_module’ target declared here
  669 | static int __init atm_init(void)
      |                   ^~~~~~~~
In file included from net/sched/sch_atm.c:5:
./include/linux/module.h:138:7: warning: ‘cleanup_module’ specifies less restrictive attribute than its target ‘atm_exit’: ‘cold’ [-Wmissing-attributes]
  138 |  void cleanup_module(void) __attribute__((alias(#exitfn)));
      |       ^~~~~~~~~~~~~~
net/sched/sch_atm.c:680:1: note: in expansion of macro ‘module_exit’
  680 | module_exit(atm_exit)
      | ^~~~~~~~~~~
net/sched/sch_atm.c:674:20: note: ‘cleanup_module’ target declared here
  674 | static void __exit atm_exit(void)
      |                    ^~~~~~~~
  CC [M]  net/sched/sch_netem.o
In file included from net/sched/sch_netem.c:17:
./include/linux/module.h:132:6: warning: ‘init_module’ specifies less restrictive attribute than its target ‘netem_module_init’: ‘cold’ [-Wmissing-attributes]
  132 |  int init_module(void) __attribute__((alias(#initfn)));
      |      ^~~~~~~~~~~
net/sched/sch_netem.c:1148:1: note: in expansion of macro ‘module_init’
 1148 | module_init(netem_module_init)
      | ^~~~~~~~~~~
net/sched/sch_netem.c:1139:19: note: ‘init_module’ target declared here
 1139 | static int __init netem_module_init(void)
      |                   ^~~~~~~~~~~~~~~~~
In file included from net/sched/sch_netem.c:17:
./include/linux/module.h:138:7: warning: ‘cleanup_module’ specifies less restrictive attribute than its target ‘netem_module_exit’: ‘cold’ [-Wmissing-attributes]
  138 |  void cleanup_module(void) __attribute__((alias(#exitfn)));
      |       ^~~~~~~~~~~~~~
net/sched/sch_netem.c:1149:1: note: in expansion of macro ‘module_exit’
 1149 | module_exit(netem_module_exit)
      | ^~~~~~~~~~~
net/sched/sch_netem.c:1144:20: note: ‘cleanup_module’ target declared here
 1144 | static void __exit netem_module_exit(void)
      |                    ^~~~~~~~~~~~~~~~~
  CC [M]  net/sched/sch_drr.o
In file included from net/sched/sch_drr.c:11:
./include/linux/module.h:132:6: warning: ‘init_module’ specifies less restrictive attribute than its target ‘drr_init’: ‘cold’ [-Wmissing-attributes]
  132 |  int init_module(void) __attribute__((alias(#initfn)));
      |      ^~~~~~~~~~~
net/sched/sch_drr.c:512:1: note: in expansion of macro ‘module_init’
  512 | module_init(drr_init);
      | ^~~~~~~~~~~
net/sched/sch_drr.c:502:19: note: ‘init_module’ target declared here
  502 | static int __init drr_init(void)
      |                   ^~~~~~~~
In file included from net/sched/sch_drr.c:11:
./include/linux/module.h:138:7: warning: ‘cleanup_module’ specifies less restrictive attribute than its target ‘drr_exit’: ‘cold’ [-Wmissing-attributes]
  138 |  void cleanup_module(void) __attribute__((alias(#exitfn)));
      |       ^~~~~~~~~~~~~~
net/sched/sch_drr.c:513:1: note: in expansion of macro ‘module_exit’
  513 | module_exit(drr_exit);
      | ^~~~~~~~~~~
net/sched/sch_drr.c:507:20: note: ‘cleanup_module’ target declared here
  507 | static void __exit drr_exit(void)
      |                    ^~~~~~~~
  CC [M]  net/sched/sch_plug.o
In file included from net/sched/sch_plug.c:39:
./include/linux/module.h:132:6: warning: ‘init_module’ specifies less restrictive attribute than its target ‘plug_module_init’: ‘cold’ [-Wmissing-attributes]
  132 |  int init_module(void) __attribute__((alias(#initfn)));
      |      ^~~~~~~~~~~
net/sched/sch_plug.c:231:1: note: in expansion of macro ‘module_init’
  231 | module_init(plug_module_init)
      | ^~~~~~~~~~~
net/sched/sch_plug.c:222:19: note: ‘init_module’ target declared here
  222 | static int __init plug_module_init(void)
      |                   ^~~~~~~~~~~~~~~~
In file included from net/sched/sch_plug.c:39:
./include/linux/module.h:138:7: warning: ‘cleanup_module’ specifies less restrictive attribute than its target ‘plug_module_exit’: ‘cold’ [-Wmissing-attributes]
  138 |  void cleanup_module(void) __attribute__((alias(#exitfn)));
      |       ^~~~~~~~~~~~~~
net/sched/sch_plug.c:232:1: note: in expansion of macro ‘module_exit’
  232 | module_exit(plug_module_exit)
      | ^~~~~~~~~~~
net/sched/sch_plug.c:227:20: note: ‘cleanup_module’ target declared here
  227 | static void __exit plug_module_exit(void)
      |                    ^~~~~~~~~~~~~~~~
  CC [M]  net/sched/sch_mqprio.o
In file included from net/sched/sch_mqprio.c:17:
./include/linux/module.h:132:6: warning: ‘init_module’ specifies less restrictive attribute than its target ‘mqprio_module_init’: ‘cold’ [-Wmissing-attributes]
  132 |  int init_module(void) __attribute__((alias(#initfn)));
      |      ^~~~~~~~~~~
net/sched/sch_mqprio.c:426:1: note: in expansion of macro ‘module_init’
  426 | module_init(mqprio_module_init);
      | ^~~~~~~~~~~
net/sched/sch_mqprio.c:416:19: note: ‘init_module’ target declared here
  416 | static int __init mqprio_module_init(void)
      |                   ^~~~~~~~~~~~~~~~~~
In file included from net/sched/sch_mqprio.c:17:
./include/linux/module.h:138:7: warning: ‘cleanup_module’ specifies less restrictive attribute than its target ‘mqprio_module_exit’: ‘cold’ [-Wmissing-attributes]
  138 |  void cleanup_module(void) __attribute__((alias(#exitfn)));
      |       ^~~~~~~~~~~~~~
net/sched/sch_mqprio.c:427:1: note: in expansion of macro ‘module_exit’
  427 | module_exit(mqprio_module_exit);
      | ^~~~~~~~~~~
net/sched/sch_mqprio.c:421:20: note: ‘cleanup_module’ target declared here
  421 | static void __exit mqprio_module_exit(void)
      |                    ^~~~~~~~~~~~~~~~~~
  CC [M]  net/sched/sch_choke.o
In file included from net/sched/sch_choke.c:13:
./include/linux/module.h:132:6: warning: ‘init_module’ specifies less restrictive attribute than its target ‘choke_module_init’: ‘cold’ [-Wmissing-attributes]
  132 |  int init_module(void) __attribute__((alias(#initfn)));
      |      ^~~~~~~~~~~
net/sched/sch_choke.c:577:1: note: in expansion of macro ‘module_init’
  577 | module_init(choke_module_init)
      | ^~~~~~~~~~~
net/sched/sch_choke.c:567:19: note: ‘init_module’ target declared here
  567 | static int __init choke_module_init(void)
      |                   ^~~~~~~~~~~~~~~~~
In file included from net/sched/sch_choke.c:13:
./include/linux/module.h:138:7: warning: ‘cleanup_module’ specifies less restrictive attribute than its target ‘choke_module_exit’: ‘cold’ [-Wmissing-attributes]
  138 |  void cleanup_module(void) __attribute__((alias(#exitfn)));
      |       ^~~~~~~~~~~~~~
net/sched/sch_choke.c:578:1: note: in expansion of macro ‘module_exit’
  578 | module_exit(choke_module_exit)
      | ^~~~~~~~~~~
net/sched/sch_choke.c:572:20: note: ‘cleanup_module’ target declared here
  572 | static void __exit choke_module_exit(void)
      |                    ^~~~~~~~~~~~~~~~~
  CC [M]  net/sched/sch_qfq.o
In file included from net/sched/sch_qfq.c:12:
./include/linux/module.h:132:6: warning: ‘init_module’ specifies less restrictive attribute than its target ‘qfq_init’: ‘cold’ [-Wmissing-attributes]
  132 |  int init_module(void) __attribute__((alias(#initfn)));
      |      ^~~~~~~~~~~
net/sched/sch_qfq.c:1542:1: note: in expansion of macro ‘module_init’
 1542 | module_init(qfq_init);
      | ^~~~~~~~~~~
net/sched/sch_qfq.c:1532:19: note: ‘init_module’ target declared here
 1532 | static int __init qfq_init(void)
      |                   ^~~~~~~~
In file included from net/sched/sch_qfq.c:12:
./include/linux/module.h:138:7: warning: ‘cleanup_module’ specifies less restrictive attribute than its target ‘qfq_exit’: ‘cold’ [-Wmissing-attributes]
  138 |  void cleanup_module(void) __attribute__((alias(#exitfn)));
      |       ^~~~~~~~~~~~~~
net/sched/sch_qfq.c:1543:1: note: in expansion of macro ‘module_exit’
 1543 | module_exit(qfq_exit);
      | ^~~~~~~~~~~
net/sched/sch_qfq.c:1537:20: note: ‘cleanup_module’ target declared here
 1537 | static void __exit qfq_exit(void)
      |                    ^~~~~~~~
  CC [M]  net/sched/sch_codel.o
In file included from net/sched/sch_codel.c:43:
./include/linux/module.h:132:6: warning: ‘init_module’ specifies less restrictive attribute than its target ‘codel_module_init’: ‘cold’ [-Wmissing-attributes]
  132 |  int init_module(void) __attribute__((alias(#initfn)));
      |      ^~~~~~~~~~~
net/sched/sch_codel.c:301:1: note: in expansion of macro ‘module_init’
  301 | module_init(codel_module_init)
      | ^~~~~~~~~~~
net/sched/sch_codel.c:291:19: note: ‘init_module’ target declared here
  291 | static int __init codel_module_init(void)
      |                   ^~~~~~~~~~~~~~~~~
In file included from net/sched/sch_codel.c:43:
./include/linux/module.h:138:7: warning: ‘cleanup_module’ specifies less restrictive attribute than its target ‘codel_module_exit’: ‘cold’ [-Wmissing-attributes]
  138 |  void cleanup_module(void) __attribute__((alias(#exitfn)));
      |       ^~~~~~~~~~~~~~
net/sched/sch_codel.c:302:1: note: in expansion of macro ‘module_exit’
  302 | module_exit(codel_module_exit)
      | ^~~~~~~~~~~
net/sched/sch_codel.c:296:20: note: ‘cleanup_module’ target declared here
  296 | static void __exit codel_module_exit(void)
      |                    ^~~~~~~~~~~~~~~~~
  CC [M]  net/sched/sch_fq_codel.o
In file included from net/sched/sch_fq_codel.c:12:
./include/linux/module.h:132:6: warning: ‘init_module’ specifies less restrictive attribute than its target ‘fq_codel_module_init’: ‘cold’ [-Wmissing-attributes]
  132 |  int init_module(void) __attribute__((alias(#initfn)));
      |      ^~~~~~~~~~~
net/sched/sch_fq_codel.c:734:1: note: in expansion of macro ‘module_init’
  734 | module_init(fq_codel_module_init)
      | ^~~~~~~~~~~
net/sched/sch_fq_codel.c:724:19: note: ‘init_module’ target declared here
  724 | static int __init fq_codel_module_init(void)
      |                   ^~~~~~~~~~~~~~~~~~~~
In file included from net/sched/sch_fq_codel.c:12:
./include/linux/module.h:138:7: warning: ‘cleanup_module’ specifies less restrictive attribute than its target ‘fq_codel_module_exit’: ‘cold’ [-Wmissing-attributes]
  138 |  void cleanup_module(void) __attribute__((alias(#exitfn)));
      |       ^~~~~~~~~~~~~~
net/sched/sch_fq_codel.c:735:1: note: in expansion of macro ‘module_exit’
  735 | module_exit(fq_codel_module_exit)
      | ^~~~~~~~~~~
net/sched/sch_fq_codel.c:729:20: note: ‘cleanup_module’ target declared here
  729 | static void __exit fq_codel_module_exit(void)
      |                    ^~~~~~~~~~~~~~~~~~~~
  CC [M]  net/sched/sch_fq.o
In file included from net/sched/sch_fq.c:37:
./include/linux/module.h:132:6: warning: ‘init_module’ specifies less restrictive attribute than its target ‘fq_module_init’: ‘cold’ [-Wmissing-attributes]
  132 |  int init_module(void) __attribute__((alias(#initfn)));
      |      ^~~~~~~~~~~
net/sched/sch_fq.c:917:1: note: in expansion of macro ‘module_init’
  917 | module_init(fq_module_init)
      | ^~~~~~~~~~~
net/sched/sch_fq.c:895:19: note: ‘init_module’ target declared here
  895 | static int __init fq_module_init(void)
      |                   ^~~~~~~~~~~~~~
In file included from net/sched/sch_fq.c:37:
./include/linux/module.h:138:7: warning: ‘cleanup_module’ specifies less restrictive attribute than its target ‘fq_module_exit’: ‘cold’ [-Wmissing-attributes]
  138 |  void cleanup_module(void) __attribute__((alias(#exitfn)));
      |       ^~~~~~~~~~~~~~
net/sched/sch_fq.c:918:1: note: in expansion of macro ‘module_exit’
  918 | module_exit(fq_module_exit)
      | ^~~~~~~~~~~
net/sched/sch_fq.c:911:20: note: ‘cleanup_module’ target declared here
  911 | static void __exit fq_module_exit(void)
      |                    ^~~~~~~~~~~~~~
  CC [M]  net/sched/sch_hhf.o
In file included from net/sched/sch_hhf.c:9:
./include/linux/module.h:132:6: warning: ‘init_module’ specifies less restrictive attribute than its target ‘hhf_module_init’: ‘cold’ [-Wmissing-attributes]
  132 |  int init_module(void) __attribute__((alias(#initfn)));
      |      ^~~~~~~~~~~
net/sched/sch_hhf.c:726:1: note: in expansion of macro ‘module_init’
  726 | module_init(hhf_module_init)
      | ^~~~~~~~~~~
net/sched/sch_hhf.c:716:19: note: ‘init_module’ target declared here
  716 | static int __init hhf_module_init(void)
      |                   ^~~~~~~~~~~~~~~
In file included from net/sched/sch_hhf.c:9:
./include/linux/module.h:138:7: warning: ‘cleanup_module’ specifies less restrictive attribute than its target ‘hhf_module_exit’: ‘cold’ [-Wmissing-attributes]
  138 |  void cleanup_module(void) __attribute__((alias(#exitfn)));
      |       ^~~~~~~~~~~~~~
net/sched/sch_hhf.c:727:1: note: in expansion of macro ‘module_exit’
  727 | module_exit(hhf_module_exit)
      | ^~~~~~~~~~~
net/sched/sch_hhf.c:721:20: note: ‘cleanup_module’ target declared here
  721 | static void __exit hhf_module_exit(void)
      |                    ^~~~~~~~~~~~~~~
  CC [M]  net/sched/sch_pie.o
In file included from net/sched/sch_pie.c:25:
./include/linux/module.h:132:6: warning: ‘init_module’ specifies less restrictive attribute than its target ‘pie_module_init’: ‘cold’ [-Wmissing-attributes]
  132 |  int init_module(void) __attribute__((alias(#initfn)));
      |      ^~~~~~~~~~~
net/sched/sch_pie.c:562:1: note: in expansion of macro ‘module_init’
  562 | module_init(pie_module_init);
      | ^~~~~~~~~~~
net/sched/sch_pie.c:552:19: note: ‘init_module’ target declared here
  552 | static int __init pie_module_init(void)
      |                   ^~~~~~~~~~~~~~~
In file included from net/sched/sch_pie.c:25:
./include/linux/module.h:138:7: warning: ‘cleanup_module’ specifies less restrictive attribute than its target ‘pie_module_exit’: ‘cold’ [-Wmissing-attributes]
  138 |  void cleanup_module(void) __attribute__((alias(#exitfn)));
      |       ^~~~~~~~~~~~~~
net/sched/sch_pie.c:563:1: note: in expansion of macro ‘module_exit’
  563 | module_exit(pie_module_exit);
      | ^~~~~~~~~~~
net/sched/sch_pie.c:557:20: note: ‘cleanup_module’ target declared here
  557 | static void __exit pie_module_exit(void)
      |                    ^~~~~~~~~~~~~~~
  CC [M]  net/sched/cls_u32.o
In file included from net/sched/cls_u32.c:33:
./include/linux/module.h:132:6: warning: ‘init_module’ specifies less restrictive attribute than its target ‘init_u32’: ‘cold’ [-Wmissing-attributes]
  132 |  int init_module(void) __attribute__((alias(#initfn)));
      |      ^~~~~~~~~~~
net/sched/cls_u32.c:1237:1: note: in expansion of macro ‘module_init’
 1237 | module_init(init_u32)
      | ^~~~~~~~~~~
net/sched/cls_u32.c:1217:19: note: ‘init_module’ target declared here
 1217 | static int __init init_u32(void)
      |                   ^~~~~~~~
In file included from net/sched/cls_u32.c:33:
./include/linux/module.h:138:7: warning: ‘cleanup_module’ specifies less restrictive attribute than its target ‘exit_u32’: ‘cold’ [-Wmissing-attributes]
  138 |  void cleanup_module(void) __attribute__((alias(#exitfn)));
      |       ^~~~~~~~~~~~~~
net/sched/cls_u32.c:1238:1: note: in expansion of macro ‘module_exit’
 1238 | module_exit(exit_u32)
      | ^~~~~~~~~~~
net/sched/cls_u32.c:1232:20: note: ‘cleanup_module’ target declared here
 1232 | static void __exit exit_u32(void)
      |                    ^~~~~~~~
  CC [M]  net/sched/cls_route.o
In file included from net/sched/cls_route.c:12:
./include/linux/module.h:132:6: warning: ‘init_module’ specifies less restrictive attribute than its target ‘init_route4’: ‘cold’ [-Wmissing-attributes]
  132 |  int init_module(void) __attribute__((alias(#initfn)));
      |      ^~~~~~~~~~~
net/sched/cls_route.c:676:1: note: in expansion of macro ‘module_init’
  676 | module_init(init_route4)
      | ^~~~~~~~~~~
net/sched/cls_route.c:666:19: note: ‘init_module’ target declared here
  666 | static int __init init_route4(void)
      |                   ^~~~~~~~~~~
In file included from net/sched/cls_route.c:12:
./include/linux/module.h:138:7: warning: ‘cleanup_module’ specifies less restrictive attribute than its target ‘exit_route4’: ‘cold’ [-Wmissing-attributes]
  138 |  void cleanup_module(void) __attribute__((alias(#exitfn)));
      |       ^~~~~~~~~~~~~~
net/sched/cls_route.c:677:1: note: in expansion of macro ‘module_exit’
  677 | module_exit(exit_route4)
      | ^~~~~~~~~~~
net/sched/cls_route.c:671:20: note: ‘cleanup_module’ target declared here
  671 | static void __exit exit_route4(void)
      |                    ^~~~~~~~~~~
  CC [M]  net/sched/cls_fw.o
In file included from net/sched/cls_fw.c:21:
./include/linux/module.h:132:6: warning: ‘init_module’ specifies less restrictive attribute than its target ‘init_fw’: ‘cold’ [-Wmissing-attributes]
  132 |  int init_module(void) __attribute__((alias(#initfn)));
      |      ^~~~~~~~~~~
net/sched/cls_fw.c:446:1: note: in expansion of macro ‘module_init’
  446 | module_init(init_fw)
      | ^~~~~~~~~~~
net/sched/cls_fw.c:436:19: note: ‘init_module’ target declared here
  436 | static int __init init_fw(void)
      |                   ^~~~~~~
In file included from net/sched/cls_fw.c:21:
./include/linux/module.h:138:7: warning: ‘cleanup_module’ specifies less restrictive attribute than its target ‘exit_fw’: ‘cold’ [-Wmissing-attributes]
  138 |  void cleanup_module(void) __attribute__((alias(#exitfn)));
      |       ^~~~~~~~~~~~~~
net/sched/cls_fw.c:447:1: note: in expansion of macro ‘module_exit’
  447 | module_exit(exit_fw)
      | ^~~~~~~~~~~
net/sched/cls_fw.c:441:20: note: ‘cleanup_module’ target declared here
  441 | static void __exit exit_fw(void)
      |                    ^~~~~~~
  CC [M]  net/sched/cls_rsvp.o
In file included from net/sched/cls_rsvp.c:12:
./include/linux/module.h:132:6: warning: ‘init_module’ specifies less restrictive attribute than its target ‘init_rsvp’: ‘cold’ [-Wmissing-attributes]
  132 |  int init_module(void) __attribute__((alias(#initfn)));
      |      ^~~~~~~~~~~
net/sched/cls_rsvp.h:751:1: note: in expansion of macro ‘module_init’
  751 | module_init(init_rsvp)
      | ^~~~~~~~~~~
In file included from net/sched/cls_rsvp.c:27:
net/sched/cls_rsvp.h:741:19: note: ‘init_module’ target declared here
  741 | static int __init init_rsvp(void)
      |                   ^~~~~~~~~
In file included from net/sched/cls_rsvp.c:12:
./include/linux/module.h:138:7: warning: ‘cleanup_module’ specifies less restrictive attribute than its target ‘exit_rsvp’: ‘cold’ [-Wmissing-attributes]
  138 |  void cleanup_module(void) __attribute__((alias(#exitfn)));
      |       ^~~~~~~~~~~~~~
net/sched/cls_rsvp.h:752:1: note: in expansion of macro ‘module_exit’
  752 | module_exit(exit_rsvp)
      | ^~~~~~~~~~~
In file included from net/sched/cls_rsvp.c:27:
net/sched/cls_rsvp.h:746:20: note: ‘cleanup_module’ target declared here
  746 | static void __exit exit_rsvp(void)
      |                    ^~~~~~~~~
  CC [M]  net/sched/cls_tcindex.o
In file included from net/sched/cls_tcindex.c:7:
./include/linux/module.h:132:6: warning: ‘init_module’ specifies less restrictive attribute than its target ‘init_tcindex’: ‘cold’ [-Wmissing-attributes]
  132 |  int init_module(void) __attribute__((alias(#initfn)));
      |      ^~~~~~~~~~~
net/sched/cls_tcindex.c:636:1: note: in expansion of macro ‘module_init’
  636 | module_init(init_tcindex)
      | ^~~~~~~~~~~
net/sched/cls_tcindex.c:626:19: note: ‘init_module’ target declared here
  626 | static int __init init_tcindex(void)
      |                   ^~~~~~~~~~~~
In file included from net/sched/cls_tcindex.c:7:
./include/linux/module.h:138:7: warning: ‘cleanup_module’ specifies less restrictive attribute than its target ‘exit_tcindex’: ‘cold’ [-Wmissing-attributes]
  138 |  void cleanup_module(void) __attribute__((alias(#exitfn)));
      |       ^~~~~~~~~~~~~~
net/sched/cls_tcindex.c:637:1: note: in expansion of macro ‘module_exit’
  637 | module_exit(exit_tcindex)
      | ^~~~~~~~~~~
net/sched/cls_tcindex.c:631:20: note: ‘cleanup_module’ target declared here
  631 | static void __exit exit_tcindex(void)
      |                    ^~~~~~~~~~~~
  CC [M]  net/sched/cls_rsvp6.o
In file included from net/sched/cls_rsvp6.c:12:
./include/linux/module.h:132:6: warning: ‘init_module’ specifies less restrictive attribute than its target ‘init_rsvp’: ‘cold’ [-Wmissing-attributes]
  132 |  int init_module(void) __attribute__((alias(#initfn)));
      |      ^~~~~~~~~~~
net/sched/cls_rsvp.h:751:1: note: in expansion of macro ‘module_init’
  751 | module_init(init_rsvp)
      | ^~~~~~~~~~~
In file included from net/sched/cls_rsvp6.c:27:
net/sched/cls_rsvp.h:741:19: note: ‘init_module’ target declared here
  741 | static int __init init_rsvp(void)
      |                   ^~~~~~~~~
In file included from net/sched/cls_rsvp6.c:12:
./include/linux/module.h:138:7: warning: ‘cleanup_module’ specifies less restrictive attribute than its target ‘exit_rsvp’: ‘cold’ [-Wmissing-attributes]
  138 |  void cleanup_module(void) __attribute__((alias(#exitfn)));
      |       ^~~~~~~~~~~~~~
net/sched/cls_rsvp.h:752:1: note: in expansion of macro ‘module_exit’
  752 | module_exit(exit_rsvp)
      | ^~~~~~~~~~~
In file included from net/sched/cls_rsvp6.c:27:
net/sched/cls_rsvp.h:746:20: note: ‘cleanup_module’ target declared here
  746 | static void __exit exit_rsvp(void)
      |                    ^~~~~~~~~
  CC [M]  net/sched/cls_basic.o
In file included from net/sched/cls_basic.c:12:
./include/linux/module.h:132:6: warning: ‘init_module’ specifies less restrictive attribute than its target ‘init_basic’: ‘cold’ [-Wmissing-attributes]
  132 |  int init_module(void) __attribute__((alias(#initfn)));
      |      ^~~~~~~~~~~
net/sched/cls_basic.c:311:1: note: in expansion of macro ‘module_init’
  311 | module_init(init_basic)
      | ^~~~~~~~~~~
net/sched/cls_basic.c:301:19: note: ‘init_module’ target declared here
  301 | static int __init init_basic(void)
      |                   ^~~~~~~~~~
In file included from net/sched/cls_basic.c:12:
./include/linux/module.h:138:7: warning: ‘cleanup_module’ specifies less restrictive attribute than its target ‘exit_basic’: ‘cold’ [-Wmissing-attributes]
  138 |  void cleanup_module(void) __attribute__((alias(#exitfn)));
      |       ^~~~~~~~~~~~~~
net/sched/cls_basic.c:312:1: note: in expansion of macro ‘module_exit’
  312 | module_exit(exit_basic)
      | ^~~~~~~~~~~
net/sched/cls_basic.c:306:20: note: ‘cleanup_module’ target declared here
  306 | static void __exit exit_basic(void)
      |                    ^~~~~~~~~~
  CC [M]  net/sched/cls_flow.o
In file included from ./include/linux/phy.h:24,
                 from ./include/net/dsa.h:19,
                 from ./include/linux/netdevice.h:44,
                 from ./include/linux/icmpv6.h:12,
                 from ./include/linux/ipv6.h:76,
                 from net/sched/cls_flow.c:21:
./include/linux/module.h:132:6: warning: ‘init_module’ specifies less restrictive attribute than its target ‘cls_flow_init’: ‘cold’ [-Wmissing-attributes]
  132 |  int init_module(void) __attribute__((alias(#initfn)));
      |      ^~~~~~~~~~~
net/sched/cls_flow.c:715:1: note: in expansion of macro ‘module_init’
  715 | module_init(cls_flow_init);
      | ^~~~~~~~~~~
net/sched/cls_flow.c:705:19: note: ‘init_module’ target declared here
  705 | static int __init cls_flow_init(void)
      |                   ^~~~~~~~~~~~~
In file included from ./include/linux/phy.h:24,
                 from ./include/net/dsa.h:19,
                 from ./include/linux/netdevice.h:44,
                 from ./include/linux/icmpv6.h:12,
                 from ./include/linux/ipv6.h:76,
                 from net/sched/cls_flow.c:21:
./include/linux/module.h:138:7: warning: ‘cleanup_module’ specifies less restrictive attribute than its target ‘cls_flow_exit’: ‘cold’ [-Wmissing-attributes]
  138 |  void cleanup_module(void) __attribute__((alias(#exitfn)));
      |       ^~~~~~~~~~~~~~
net/sched/cls_flow.c:716:1: note: in expansion of macro ‘module_exit’
  716 | module_exit(cls_flow_exit);
      | ^~~~~~~~~~~
net/sched/cls_flow.c:710:20: note: ‘cleanup_module’ target declared here
  710 | static void __exit cls_flow_exit(void)
      |                    ^~~~~~~~~~~~~
  CC [M]  net/sched/cls_cgroup.o
In file included from net/sched/cls_cgroup.c:12:
./include/linux/module.h:132:6: warning: ‘init_module’ specifies less restrictive attribute than its target ‘init_cgroup_cls’: ‘cold’ [-Wmissing-attributes]
  132 |  int init_module(void) __attribute__((alias(#initfn)));
      |      ^~~~~~~~~~~
net/sched/cls_cgroup.c:218:1: note: in expansion of macro ‘module_init’
  218 | module_init(init_cgroup_cls);
      | ^~~~~~~~~~~
net/sched/cls_cgroup.c:208:19: note: ‘init_module’ target declared here
  208 | static int __init init_cgroup_cls(void)
      |                   ^~~~~~~~~~~~~~~
In file included from net/sched/cls_cgroup.c:12:
./include/linux/module.h:138:7: warning: ‘cleanup_module’ specifies less restrictive attribute than its target ‘exit_cgroup_cls’: ‘cold’ [-Wmissing-attributes]
  138 |  void cleanup_module(void) __attribute__((alias(#exitfn)));
      |       ^~~~~~~~~~~~~~
net/sched/cls_cgroup.c:219:1: note: in expansion of macro ‘module_exit’
  219 | module_exit(exit_cgroup_cls);
      | ^~~~~~~~~~~
net/sched/cls_cgroup.c:213:20: note: ‘cleanup_module’ target declared here
  213 | static void __exit exit_cgroup_cls(void)
      |                    ^~~~~~~~~~~~~~~
  CC [M]  net/sched/em_cmp.o
In file included from net/sched/em_cmp.c:12:
./include/linux/module.h:132:6: warning: ‘init_module’ specifies less restrictive attribute than its target ‘init_em_cmp’: ‘cold’ [-Wmissing-attributes]
  132 |  int init_module(void) __attribute__((alias(#initfn)));
      |      ^~~~~~~~~~~
net/sched/em_cmp.c:96:1: note: in expansion of macro ‘module_init’
   96 | module_init(init_em_cmp);
      | ^~~~~~~~~~~
net/sched/em_cmp.c:84:19: note: ‘init_module’ target declared here
   84 | static int __init init_em_cmp(void)
      |                   ^~~~~~~~~~~
In file included from net/sched/em_cmp.c:12:
./include/linux/module.h:138:7: warning: ‘cleanup_module’ specifies less restrictive attribute than its target ‘exit_em_cmp’: ‘cold’ [-Wmissing-attributes]
  138 |  void cleanup_module(void) __attribute__((alias(#exitfn)));
      |       ^~~~~~~~~~~~~~
net/sched/em_cmp.c:97:1: note: in expansion of macro ‘module_exit’
   97 | module_exit(exit_em_cmp);
      | ^~~~~~~~~~~
net/sched/em_cmp.c:89:20: note: ‘cleanup_module’ target declared here
   89 | static void __exit exit_em_cmp(void)
      |                    ^~~~~~~~~~~
  CC [M]  net/sched/em_nbyte.o
In file included from net/sched/em_nbyte.c:13:
./include/linux/module.h:132:6: warning: ‘init_module’ specifies less restrictive attribute than its target ‘init_em_nbyte’: ‘cold’ [-Wmissing-attributes]
  132 |  int init_module(void) __attribute__((alias(#initfn)));
      |      ^~~~~~~~~~~
net/sched/em_nbyte.c:77:1: note: in expansion of macro ‘module_init’
   77 | module_init(init_em_nbyte);
      | ^~~~~~~~~~~
net/sched/em_nbyte.c:65:19: note: ‘init_module’ target declared here
   65 | static int __init init_em_nbyte(void)
      |                   ^~~~~~~~~~~~~
In file included from net/sched/em_nbyte.c:13:
./include/linux/module.h:138:7: warning: ‘cleanup_module’ specifies less restrictive attribute than its target ‘exit_em_nbyte’: ‘cold’ [-Wmissing-attributes]
  138 |  void cleanup_module(void) __attribute__((alias(#exitfn)));
      |       ^~~~~~~~~~~~~~
net/sched/em_nbyte.c:78:1: note: in expansion of macro ‘module_exit’
   78 | module_exit(exit_em_nbyte);
      | ^~~~~~~~~~~
net/sched/em_nbyte.c:70:20: note: ‘cleanup_module’ target declared here
   70 | static void __exit exit_em_nbyte(void)
      |                    ^~~~~~~~~~~~~
  CC [M]  net/sched/em_u32.o
In file included from net/sched/em_u32.c:15:
./include/linux/module.h:132:6: warning: ‘init_module’ specifies less restrictive attribute than its target ‘init_em_u32’: ‘cold’ [-Wmissing-attributes]
  132 |  int init_module(void) __attribute__((alias(#initfn)));
      |      ^~~~~~~~~~~
net/sched/em_u32.c:61:1: note: in expansion of macro ‘module_init’
   61 | module_init(init_em_u32);
      | ^~~~~~~~~~~
net/sched/em_u32.c:49:19: note: ‘init_module’ target declared here
   49 | static int __init init_em_u32(void)
      |                   ^~~~~~~~~~~
In file included from net/sched/em_u32.c:15:
./include/linux/module.h:138:7: warning: ‘cleanup_module’ specifies less restrictive attribute than its target ‘exit_em_u32’: ‘cold’ [-Wmissing-attributes]
  138 |  void cleanup_module(void) __attribute__((alias(#exitfn)));
      |       ^~~~~~~~~~~~~~
net/sched/em_u32.c:62:1: note: in expansion of macro ‘module_exit’
   62 | module_exit(exit_em_u32);
      | ^~~~~~~~~~~
net/sched/em_u32.c:54:20: note: ‘cleanup_module’ target declared here
   54 | static void __exit exit_em_u32(void)
      |                    ^~~~~~~~~~~
  CC [M]  net/sched/em_meta.o
In file included from net/sched/em_meta.c:62:
./include/linux/module.h:132:6: warning: ‘init_module’ specifies less restrictive attribute than its target ‘init_em_meta’: ‘cold’ [-Wmissing-attributes]
  132 |  int init_module(void) __attribute__((alias(#initfn)));
      |      ^~~~~~~~~~~
net/sched/em_meta.c:1009:1: note: in expansion of macro ‘module_init’
 1009 | module_init(init_em_meta);
      | ^~~~~~~~~~~
net/sched/em_meta.c:997:19: note: ‘init_module’ target declared here
  997 | static int __init init_em_meta(void)
      |                   ^~~~~~~~~~~~
In file included from net/sched/em_meta.c:62:
./include/linux/module.h:138:7: warning: ‘cleanup_module’ specifies less restrictive attribute than its target ‘exit_em_meta’: ‘cold’ [-Wmissing-attributes]
  138 |  void cleanup_module(void) __attribute__((alias(#exitfn)));
      |       ^~~~~~~~~~~~~~
net/sched/em_meta.c:1010:1: note: in expansion of macro ‘module_exit’
 1010 | module_exit(exit_em_meta);
      | ^~~~~~~~~~~
net/sched/em_meta.c:1002:20: note: ‘cleanup_module’ target declared here
 1002 | static void __exit exit_em_meta(void)
      |                    ^~~~~~~~~~~~
  CC [M]  net/sched/em_text.o
In file included from net/sched/em_text.c:13:
./include/linux/module.h:132:6: warning: ‘init_module’ specifies less restrictive attribute than its target ‘init_em_text’: ‘cold’ [-Wmissing-attributes]
  132 |  int init_module(void) __attribute__((alias(#initfn)));
      |      ^~~~~~~~~~~
net/sched/em_text.c:154:1: note: in expansion of macro ‘module_init’
  154 | module_init(init_em_text);
      | ^~~~~~~~~~~
net/sched/em_text.c:142:19: note: ‘init_module’ target declared here
  142 | static int __init init_em_text(void)
      |                   ^~~~~~~~~~~~
In file included from net/sched/em_text.c:13:
./include/linux/module.h:138:7: warning: ‘cleanup_module’ specifies less restrictive attribute than its target ‘exit_em_text’: ‘cold’ [-Wmissing-attributes]
  138 |  void cleanup_module(void) __attribute__((alias(#exitfn)));
      |       ^~~~~~~~~~~~~~
net/sched/em_text.c:155:1: note: in expansion of macro ‘module_exit’
  155 | module_exit(exit_em_text);
      | ^~~~~~~~~~~
net/sched/em_text.c:147:20: note: ‘cleanup_module’ target declared here
  147 | static void __exit exit_em_text(void)
      |                    ^~~~~~~~~~~~
  CC [M]  net/sched/em_ipset.o
In file included from net/sched/em_ipset.c:12:
./include/linux/module.h:132:6: warning: ‘init_module’ specifies less restrictive attribute than its target ‘init_em_ipset’: ‘cold’ [-Wmissing-attributes]
  132 |  int init_module(void) __attribute__((alias(#initfn)));
      |      ^~~~~~~~~~~
net/sched/em_ipset.c:133:1: note: in expansion of macro ‘module_init’
  133 | module_init(init_em_ipset);
      | ^~~~~~~~~~~
net/sched/em_ipset.c:119:19: note: ‘init_module’ target declared here
  119 | static int __init init_em_ipset(void)
      |                   ^~~~~~~~~~~~~
In file included from net/sched/em_ipset.c:12:
./include/linux/module.h:138:7: warning: ‘cleanup_module’ specifies less restrictive attribute than its target ‘exit_em_ipset’: ‘cold’ [-Wmissing-attributes]
  138 |  void cleanup_module(void) __attribute__((alias(#exitfn)));
      |       ^~~~~~~~~~~~~~
net/sched/em_ipset.c:134:1: note: in expansion of macro ‘module_exit’
  134 | module_exit(exit_em_ipset);
      | ^~~~~~~~~~~
net/sched/em_ipset.c:124:20: note: ‘cleanup_module’ target declared here
  124 | static void __exit exit_em_ipset(void)
      |                    ^~~~~~~~~~~~~
  LD      net/sctp/built-in.o
  CC [M]  net/sctp/sm_statetable.o
  CC [M]  net/sctp/sm_statefuns.o
net/sctp/sm_statefuns.c: In function ‘sctp_sf_do_5_1D_ce’:
net/sctp/sm_statefuns.c:742:11: warning: taking address of packed member of ‘struct sctp_signed_cookie’ may result in an unaligned pointer value [-Waddress-of-packed-member]
  742 |           &chunk->subh.cookie_hdr->c.peer_addr,
      |           ^~~~~~~~~~~~~~~~~~~~~~~~~~~~~~~~~~~~
  CC [M]  net/sctp/sm_sideeffect.o
  CC [M]  net/sctp/protocol.o
In file included from net/sctp/protocol.c:44:
./include/linux/module.h:132:6: warning: ‘init_module’ specifies less restrictive attribute than its target ‘sctp_init’: ‘cold’ [-Wmissing-attributes]
  132 |  int init_module(void) __attribute__((alias(#initfn)));
      |      ^~~~~~~~~~~
net/sctp/protocol.c:1595:1: note: in expansion of macro ‘module_init’
 1595 | module_init(sctp_init);
      | ^~~~~~~~~~~
net/sctp/protocol.c:1354:19: note: ‘init_module’ target declared here
 1354 | static __init int sctp_init(void)
      |                   ^~~~~~~~~
In file included from net/sctp/protocol.c:44:
./include/linux/module.h:138:7: warning: ‘cleanup_module’ specifies less restrictive attribute than its target ‘sctp_exit’: ‘cold’ [-Wmissing-attributes]
  138 |  void cleanup_module(void) __attribute__((alias(#exitfn)));
      |       ^~~~~~~~~~~~~~
net/sctp/protocol.c:1596:1: note: in expansion of macro ‘module_exit’
 1596 | module_exit(sctp_exit);
      | ^~~~~~~~~~~
net/sctp/protocol.c:1557:20: note: ‘cleanup_module’ target declared here
 1557 | static __exit void sctp_exit(void)
      |                    ^~~~~~~~~
  CC [M]  net/sctp/endpointola.o
  CC [M]  net/sctp/associola.o
  CC [M]  net/sctp/transport.o
  CC [M]  net/sctp/chunk.o
  CC [M]  net/sctp/sm_make_chunk.o
net/sctp/sm_make_chunk.c: In function ‘sctp_unpack_cookie’:
net/sctp/sm_make_chunk.c:1730:16: warning: taking address of packed member of ‘struct sctp_signed_cookie’ may result in an unaligned pointer value [-Waddress-of-packed-member]
 1730 |  bear_cookie = &cookie->c;
      |                ^~~~~~~~~~
  CC [M]  net/sctp/ulpevent.o
  CC [M]  net/sctp/inqueue.o
  CC [M]  net/sctp/outqueue.o
net/sctp/outqueue.c: In function ‘sctp_sack_update_unack_data’:
net/sctp/outqueue.c:1186:10: warning: taking address of packed member of ‘struct sctp_sackhdr’ may result in an unaligned pointer value [-Waddress-of-packed-member]
 1186 |  frags = sack->variable;
      |          ^~~~
net/sctp/outqueue.c: In function ‘sctp_outq_sack’:
net/sctp/outqueue.c:1207:32: warning: taking address of packed member of ‘struct sctp_sackhdr’ may result in an unaligned pointer value [-Waddress-of-packed-member]
 1207 |  sctp_sack_variable_t *frags = sack->variable;
      |                                ^~~~
net/sctp/outqueue.c: In function ‘sctp_acked’:
net/sctp/outqueue.c:1739:10: warning: taking address of packed member of ‘struct sctp_sackhdr’ may result in an unaligned pointer value [-Waddress-of-packed-member]
 1739 |  frags = sack->variable;
      |          ^~~~
  CC [M]  net/sctp/ulpqueue.o
  CC [M]  net/sctp/tsnmap.o
  CC [M]  net/sctp/bind_addr.o
  CC [M]  net/sctp/socket.o
  CC [M]  net/sctp/primitive.o
  CC [M]  net/sctp/output.o
  CC [M]  net/sctp/input.o
  CC [M]  net/sctp/debug.o
  CC [M]  net/sctp/ssnmap.o
  CC [M]  net/sctp/auth.o
net/sctp/auth.c: In function ‘sctp_auth_asoc_verify_hmac_id’:
net/sctp/auth.c:594:38: warning: taking address of packed member of ‘struct sctp_hmac_algo_param’ may result in an unaligned pointer value [-Waddress-of-packed-member]
  594 |  return __sctp_auth_find_hmacid(hmacs->hmac_ids, n_elt, hmac_id);
      |                                 ~~~~~^~~~~~~~~~
  CC [M]  net/sctp/offload.o
  CC [M]  net/sctp/proc.o
  CC [M]  net/sctp/sysctl.o
  CC [M]  net/sctp/ipv6.o
  LD [M]  net/sctp/sctp.o
  CC [M]  net/sctp/sctp_diag.o
In file included from net/sctp/sctp_diag.c:1:
./include/linux/module.h:132:6: warning: ‘init_module’ specifies less restrictive attribute than its target ‘sctp_diag_init’: ‘cold’ [-Wmissing-attributes]
  132 |  int init_module(void) __attribute__((alias(#initfn)));
      |      ^~~~~~~~~~~
net/sctp/sctp_diag.c:535:1: note: in expansion of macro ‘module_init’
  535 | module_init(sctp_diag_init);
      | ^~~~~~~~~~~
net/sctp/sctp_diag.c:525:19: note: ‘init_module’ target declared here
  525 | static int __init sctp_diag_init(void)
      |                   ^~~~~~~~~~~~~~
In file included from net/sctp/sctp_diag.c:1:
./include/linux/module.h:138:7: warning: ‘cleanup_module’ specifies less restrictive attribute than its target ‘sctp_diag_exit’: ‘cold’ [-Wmissing-attributes]
  138 |  void cleanup_module(void) __attribute__((alias(#exitfn)));
      |       ^~~~~~~~~~~~~~
net/sctp/sctp_diag.c:536:1: note: in expansion of macro ‘module_exit’
  536 | module_exit(sctp_diag_exit);
      | ^~~~~~~~~~~
net/sctp/sctp_diag.c:530:20: note: ‘cleanup_module’ target declared here
  530 | static void __exit sctp_diag_exit(void)
      |                    ^~~~~~~~~~~~~~
  CC      net/sunrpc/clnt.o
  CC      net/sunrpc/xprt.o
  CC      net/sunrpc/socklib.o
  CC      net/sunrpc/xprtsock.o
  CC      net/sunrpc/sched.o
  CC      net/sunrpc/auth.o
  CC      net/sunrpc/auth_null.o
  CC      net/sunrpc/auth_unix.o
  CC      net/sunrpc/auth_generic.o
  CC      net/sunrpc/svc.o
  CC      net/sunrpc/svcsock.o
  CC      net/sunrpc/svcauth.o
  CC      net/sunrpc/svcauth_unix.o
  CC      net/sunrpc/addr.o
  CC      net/sunrpc/rpcb_clnt.o
  CC      net/sunrpc/timer.o
  CC      net/sunrpc/xdr.o
  CC      net/sunrpc/sunrpc_syms.o
  CC      net/sunrpc/cache.o
  CC      net/sunrpc/rpc_pipe.o
  CC      net/sunrpc/svc_xprt.o
  CC      net/sunrpc/xprtmultipath.o
  CC      net/sunrpc/stats.o
  CC      net/sunrpc/sysctl.o
  LD      net/sunrpc/sunrpc.o
  CC      net/sunrpc/auth_gss/auth_gss.o
  CC      net/sunrpc/auth_gss/gss_generic_token.o
  CC      net/sunrpc/auth_gss/gss_mech_switch.o
  CC      net/sunrpc/auth_gss/svcauth_gss.o
  CC      net/sunrpc/auth_gss/gss_rpc_upcall.o
  CC      net/sunrpc/auth_gss/gss_rpc_xdr.o
  LD      net/sunrpc/auth_gss/auth_rpcgss.o
  LD      net/sunrpc/auth_gss/built-in.o
  CC [M]  net/sunrpc/auth_gss/gss_krb5_mech.o
In file included from net/sunrpc/auth_gss/gss_krb5_mech.c:40:
./include/linux/module.h:132:6: warning: ‘init_module’ specifies less restrictive attribute than its target ‘init_kerberos_module’: ‘cold’ [-Wmissing-attributes]
  132 |  int init_module(void) __attribute__((alias(#initfn)));
      |      ^~~~~~~~~~~
net/sunrpc/auth_gss/gss_krb5_mech.c:793:1: note: in expansion of macro ‘module_init’
  793 | module_init(init_kerberos_module);
      | ^~~~~~~~~~~
net/sunrpc/auth_gss/gss_krb5_mech.c:777:19: note: ‘init_module’ target declared here
  777 | static int __init init_kerberos_module(void)
      |                   ^~~~~~~~~~~~~~~~~~~~
In file included from net/sunrpc/auth_gss/gss_krb5_mech.c:40:
./include/linux/module.h:138:7: warning: ‘cleanup_module’ specifies less restrictive attribute than its target ‘cleanup_kerberos_module’: ‘cold’ [-Wmissing-attributes]
  138 |  void cleanup_module(void) __attribute__((alias(#exitfn)));
      |       ^~~~~~~~~~~~~~
net/sunrpc/auth_gss/gss_krb5_mech.c:794:1: note: in expansion of macro ‘module_exit’
  794 | module_exit(cleanup_kerberos_module);
      | ^~~~~~~~~~~
net/sunrpc/auth_gss/gss_krb5_mech.c:787:20: note: ‘cleanup_module’ target declared here
  787 | static void __exit cleanup_kerberos_module(void)
      |                    ^~~~~~~~~~~~~~~~~~~~~~~
  CC [M]  net/sunrpc/auth_gss/gss_krb5_seal.o
  CC [M]  net/sunrpc/auth_gss/gss_krb5_unseal.o
  CC [M]  net/sunrpc/auth_gss/gss_krb5_seqnum.o
  CC [M]  net/sunrpc/auth_gss/gss_krb5_wrap.o
  CC [M]  net/sunrpc/auth_gss/gss_krb5_crypto.o
  CC [M]  net/sunrpc/auth_gss/gss_krb5_keys.o
  LD [M]  net/sunrpc/auth_gss/rpcsec_gss_krb5.o
  LD      net/sunrpc/built-in.o
  CC      net/unix/af_unix.o
  CC      net/unix/garbage.o
  CC      net/unix/sysctl_net_unix.o
  LD      net/unix/unix.o
  LD      net/unix/built-in.o
  LD      net/wimax/built-in.o
  CC [M]  net/wimax/id-table.o
  CC [M]  net/wimax/op-msg.o
  CC [M]  net/wimax/op-reset.o
  CC [M]  net/wimax/op-rfkill.o
  CC [M]  net/wimax/op-state-get.o
  CC [M]  net/wimax/stack.o
In file included from ./include/linux/phy.h:24,
                 from ./include/net/dsa.h:19,
                 from ./include/linux/netdevice.h:44,
                 from net/wimax/stack.c:56:
./include/linux/module.h:132:6: warning: ‘init_module’ specifies less restrictive attribute than its target ‘wimax_subsys_init’: ‘cold’ [-Wmissing-attributes]
  132 |  int init_module(void) __attribute__((alias(#initfn)));
      |      ^~~~~~~~~~~
net/wimax/stack.c:617:1: note: in expansion of macro ‘module_init’
  617 | module_init(wimax_subsys_init);
      | ^~~~~~~~~~~
net/wimax/stack.c:591:12: note: ‘init_module’ target declared here
  591 | int __init wimax_subsys_init(void)
      |            ^~~~~~~~~~~~~~~~~
In file included from ./include/linux/phy.h:24,
                 from ./include/net/dsa.h:19,
                 from ./include/linux/netdevice.h:44,
                 from net/wimax/stack.c:56:
./include/linux/module.h:138:7: warning: ‘cleanup_module’ specifies less restrictive attribute than its target ‘wimax_subsys_exit’: ‘cold’ [-Wmissing-attributes]
  138 |  void cleanup_module(void) __attribute__((alias(#exitfn)));
      |       ^~~~~~~~~~~~~~
net/wimax/stack.c:627:1: note: in expansion of macro ‘module_exit’
  627 | module_exit(wimax_subsys_exit);
      | ^~~~~~~~~~~
net/wimax/stack.c:622:13: note: ‘cleanup_module’ target declared here
  622 | void __exit wimax_subsys_exit(void)
      |             ^~~~~~~~~~~~~~~~~
  CC [M]  net/wimax/debugfs.o
  LD [M]  net/wimax/wimax.o
  CC      net/wireless/wext-core.o
  CC      net/wireless/wext-proc.o
  CC      net/wireless/wext-spy.o
  CC      net/wireless/wext-priv.o
  LD      net/wireless/built-in.o
  CC [M]  net/wireless/core.o
In file included from net/wireless/core.c:12:
./include/linux/module.h:132:6: warning: ‘init_module’ specifies less restrictive attribute than its target ‘cfg80211_init’: ‘cold’ [-Wmissing-attributes]
  132 |  int init_module(void) __attribute__((alias(#initfn)));
      |      ^~~~~~~~~~~
./include/linux/module.h:115:30: note: in expansion of macro ‘module_init’
  115 | #define subsys_initcall(fn)  module_init(fn)
      |                              ^~~~~~~~~~~
net/wireless/core.c:1312:1: note: in expansion of macro ‘subsys_initcall’
 1312 | subsys_initcall(cfg80211_init);
      | ^~~~~~~~~~~~~~~
net/wireless/core.c:1264:19: note: ‘init_module’ target declared here
 1264 | static int __init cfg80211_init(void)
      |                   ^~~~~~~~~~~~~
In file included from net/wireless/core.c:12:
./include/linux/module.h:138:7: warning: ‘cleanup_module’ specifies less restrictive attribute than its target ‘cfg80211_exit’: ‘cold’ [-Wmissing-attributes]
  138 |  void cleanup_module(void) __attribute__((alias(#exitfn)));
      |       ^~~~~~~~~~~~~~
net/wireless/core.c:1324:1: note: in expansion of macro ‘module_exit’
 1324 | module_exit(cfg80211_exit);
      | ^~~~~~~~~~~
net/wireless/core.c:1314:20: note: ‘cleanup_module’ target declared here
 1314 | static void __exit cfg80211_exit(void)
      |                    ^~~~~~~~~~~~~
  CC [M]  net/wireless/sysfs.o
  CC [M]  net/wireless/radiotap.o
net/wireless/radiotap.c: In function ‘ieee80211_radiotap_iterator_init’:
net/wireless/radiotap.c:119:27: warning: taking address of packed member of ‘struct ieee80211_radiotap_header’ may result in an unaligned pointer value [-Waddress-of-packed-member]
  119 |  iterator->_next_bitmap = &radiotap_header->it_present;
      |                           ^~~~~~~~~~~~~~~~~~~~~~~~~~~~
  CC [M]  net/wireless/util.o
net/wireless/util.c: In function ‘ieee80211_amsdu_to_8023s’:
net/wireless/util.c:666:27: warning: array subscript -1 is below array bounds of ‘skb_frag_t[17]’ {aka ‘struct skb_frag_struct[17]’} [-Warray-bounds]
  666 |  const skb_frag_t *frag = &sh->frags[-1];
      |                           ^~~~~~~~~~~~~~
  CC [M]  net/wireless/reg.o
  CC [M]  net/wireless/scan.o
  CC [M]  net/wireless/nl80211.o
  CC [M]  net/wireless/mlme.o
  CC [M]  net/wireless/ibss.o
  CC [M]  net/wireless/sme.o
  CC [M]  net/wireless/chan.o
  CC [M]  net/wireless/ethtool.o
  CC [M]  net/wireless/mesh.o
  CC [M]  net/wireless/ap.o
  CC [M]  net/wireless/trace.o
  CC [M]  net/wireless/ocb.o
  CC [M]  net/wireless/wext-compat.o
  CC [M]  net/wireless/wext-sme.o
  LD [M]  net/wireless/cfg80211.o
  CC [M]  net/wireless/lib80211.o
In file included from net/wireless/lib80211.c:18:
./include/linux/module.h:132:6: warning: ‘init_module’ specifies less restrictive attribute than its target ‘lib80211_init’: ‘cold’ [-Wmissing-attributes]
  132 |  int init_module(void) __attribute__((alias(#initfn)));
      |      ^~~~~~~~~~~
net/wireless/lib80211.c:256:1: note: in expansion of macro ‘module_init’
  256 | module_init(lib80211_init);
      | ^~~~~~~~~~~
net/wireless/lib80211.c:244:19: note: ‘init_module’ target declared here
  244 | static int __init lib80211_init(void)
      |                   ^~~~~~~~~~~~~
In file included from net/wireless/lib80211.c:18:
./include/linux/module.h:138:7: warning: ‘cleanup_module’ specifies less restrictive attribute than its target ‘lib80211_exit’: ‘cold’ [-Wmissing-attributes]
  138 |  void cleanup_module(void) __attribute__((alias(#exitfn)));
      |       ^~~~~~~~~~~~~~
net/wireless/lib80211.c:257:1: note: in expansion of macro ‘module_exit’
  257 | module_exit(lib80211_exit);
      | ^~~~~~~~~~~
net/wireless/lib80211.c:250:20: note: ‘cleanup_module’ target declared here
  250 | static void __exit lib80211_exit(void)
      |                    ^~~~~~~~~~~~~
  CC [M]  net/wireless/lib80211_crypt_wep.o
In file included from net/wireless/lib80211_crypt_wep.c:14:
./include/linux/module.h:132:6: warning: ‘init_module’ specifies less restrictive attribute than its target ‘lib80211_crypto_wep_init’: ‘cold’ [-Wmissing-attributes]
  132 |  int init_module(void) __attribute__((alias(#initfn)));
      |      ^~~~~~~~~~~
net/wireless/lib80211_crypt_wep.c:296:1: note: in expansion of macro ‘module_init’
  296 | module_init(lib80211_crypto_wep_init);
      | ^~~~~~~~~~~
net/wireless/lib80211_crypt_wep.c:286:19: note: ‘init_module’ target declared here
  286 | static int __init lib80211_crypto_wep_init(void)
      |                   ^~~~~~~~~~~~~~~~~~~~~~~~
In file included from net/wireless/lib80211_crypt_wep.c:14:
./include/linux/module.h:138:7: warning: ‘cleanup_module’ specifies less restrictive attribute than its target ‘lib80211_crypto_wep_exit’: ‘cold’ [-Wmissing-attributes]
  138 |  void cleanup_module(void) __attribute__((alias(#exitfn)));
      |       ^~~~~~~~~~~~~~
net/wireless/lib80211_crypt_wep.c:297:1: note: in expansion of macro ‘module_exit’
  297 | module_exit(lib80211_crypto_wep_exit);
      | ^~~~~~~~~~~
net/wireless/lib80211_crypt_wep.c:291:20: note: ‘cleanup_module’ target declared here
  291 | static void __exit lib80211_crypto_wep_exit(void)
      |                    ^~~~~~~~~~~~~~~~~~~~~~~~
  CC [M]  net/wireless/lib80211_crypt_ccmp.o
In file included from net/wireless/lib80211_crypt_ccmp.c:15:
./include/linux/module.h:132:6: warning: ‘init_module’ specifies less restrictive attribute than its target ‘lib80211_crypto_ccmp_init’: ‘cold’ [-Wmissing-attributes]
  132 |  int init_module(void) __attribute__((alias(#initfn)));
      |      ^~~~~~~~~~~
net/wireless/lib80211_crypt_ccmp.c:478:1: note: in expansion of macro ‘module_init’
  478 | module_init(lib80211_crypto_ccmp_init);
      | ^~~~~~~~~~~
net/wireless/lib80211_crypt_ccmp.c:468:19: note: ‘init_module’ target declared here
  468 | static int __init lib80211_crypto_ccmp_init(void)
      |                   ^~~~~~~~~~~~~~~~~~~~~~~~~
In file included from net/wireless/lib80211_crypt_ccmp.c:15:
./include/linux/module.h:138:7: warning: ‘cleanup_module’ specifies less restrictive attribute than its target ‘lib80211_crypto_ccmp_exit’: ‘cold’ [-Wmissing-attributes]
  138 |  void cleanup_module(void) __attribute__((alias(#exitfn)));
      |       ^~~~~~~~~~~~~~
net/wireless/lib80211_crypt_ccmp.c:479:1: note: in expansion of macro ‘module_exit’
  479 | module_exit(lib80211_crypto_ccmp_exit);
      | ^~~~~~~~~~~
net/wireless/lib80211_crypt_ccmp.c:473:20: note: ‘cleanup_module’ target declared here
  473 | static void __exit lib80211_crypto_ccmp_exit(void)
      |                    ^~~~~~~~~~~~~~~~~~~~~~~~~
  CC [M]  net/wireless/lib80211_crypt_tkip.o
In file included from net/wireless/lib80211_crypt_tkip.c:16:
./include/linux/module.h:132:6: warning: ‘init_module’ specifies less restrictive attribute than its target ‘lib80211_crypto_tkip_init’: ‘cold’ [-Wmissing-attributes]
  132 |  int init_module(void) __attribute__((alias(#initfn)));
      |      ^~~~~~~~~~~
net/wireless/lib80211_crypt_tkip.c:770:1: note: in expansion of macro ‘module_init’
  770 | module_init(lib80211_crypto_tkip_init);
      | ^~~~~~~~~~~
net/wireless/lib80211_crypt_tkip.c:760:19: note: ‘init_module’ target declared here
  760 | static int __init lib80211_crypto_tkip_init(void)
      |                   ^~~~~~~~~~~~~~~~~~~~~~~~~
In file included from net/wireless/lib80211_crypt_tkip.c:16:
./include/linux/module.h:138:7: warning: ‘cleanup_module’ specifies less restrictive attribute than its target ‘lib80211_crypto_tkip_exit’: ‘cold’ [-Wmissing-attributes]
  138 |  void cleanup_module(void) __attribute__((alias(#exitfn)));
      |       ^~~~~~~~~~~~~~
net/wireless/lib80211_crypt_tkip.c:771:1: note: in expansion of macro ‘module_exit’
  771 | module_exit(lib80211_crypto_tkip_exit);
      | ^~~~~~~~~~~
net/wireless/lib80211_crypt_tkip.c:765:20: note: ‘cleanup_module’ target declared here
  765 | static void __exit lib80211_crypto_tkip_exit(void)
      |                    ^~~~~~~~~~~~~~~~~~~~~~~~~
  CC      net/xfrm/xfrm_policy.o
  CC      net/xfrm/xfrm_state.o
  CC      net/xfrm/xfrm_hash.o
  CC      net/xfrm/xfrm_input.o
  CC      net/xfrm/xfrm_output.o
  CC      net/xfrm/xfrm_sysctl.o
  CC      net/xfrm/xfrm_replay.o
  CC      net/xfrm/xfrm_algo.o
  CC      net/xfrm/xfrm_user.o
  LD      net/xfrm/built-in.o
  CC [M]  net/xfrm/xfrm_ipcomp.o
  CC      net/sysctl_net.o
  LD      net/built-in.o
  CC      arch/arm/lib/uaccess_with_memcpy.o
  AS      arch/arm/lib/ashldi3.o
  AS      arch/arm/lib/ashrdi3.o
  AS      arch/arm/lib/backtrace.o
  AS      arch/arm/lib/bswapsdi2.o
  AS      arch/arm/lib/call_with_stack.o
  AS      arch/arm/lib/changebit.o
  AS      arch/arm/lib/clear_user.o
  AS      arch/arm/lib/clearbit.o
  AS      arch/arm/lib/copy_from_user.o
  AS      arch/arm/lib/copy_page.o
  AS      arch/arm/lib/copy_to_user.o
  AS      arch/arm/lib/csumipv6.o
  AS      arch/arm/lib/csumpartial.o
  AS      arch/arm/lib/csumpartialcopy.o
  AS      arch/arm/lib/csumpartialcopyuser.o
  AS      arch/arm/lib/delay-loop.o
  CC      arch/arm/lib/delay.o
  AS      arch/arm/lib/div64.o
  AS      arch/arm/lib/findbit.o
  AS      arch/arm/lib/getuser.o
  AS      arch/arm/lib/io-readsb.o
  AS      arch/arm/lib/io-readsl.o
  AS      arch/arm/lib/io-readsw-armv4.o
  AS      arch/arm/lib/io-writesb.o
  AS      arch/arm/lib/io-writesl.o
  AS      arch/arm/lib/io-writesw-armv4.o
  AS      arch/arm/lib/lib1funcs.o
  AS      arch/arm/lib/lshrdi3.o
  AS      arch/arm/lib/memchr.o
  AS      arch/arm/lib/memcpy.o
  AS      arch/arm/lib/memmove.o
  AS      arch/arm/lib/memset.o
  AS      arch/arm/lib/memzero.o
  AS      arch/arm/lib/muldi3.o
  AS      arch/arm/lib/putuser.o
  AS      arch/arm/lib/setbit.o
  AS      arch/arm/lib/strchr.o
  AS      arch/arm/lib/strrchr.o
  AS      arch/arm/lib/testchangebit.o
  AS      arch/arm/lib/testclearbit.o
  AS      arch/arm/lib/testsetbit.o
  AS      arch/arm/lib/ucmpdi2.o
  AR      arch/arm/lib/lib.a
  EXPORTS arch/arm/lib/lib-ksyms.o
  LD      arch/arm/lib/built-in.o
  CC [M]  arch/arm/lib/xor-neon.o
  CC      lib/lockref.o
  CC      lib/bcd.o
  CC      lib/div64.o
  CC      lib/sort.o
  CC      lib/parser.o
  CC      lib/halfmd4.o
  CC      lib/debug_locks.o
  CC      lib/random32.o
  CC      lib/bust_spinlocks.o
  CC      lib/kasprintf.o
  CC      lib/bitmap.o
  CC      lib/scatterlist.o
  CC      lib/gcd.o
  CC      lib/lcm.o
  CC      lib/list_sort.o
  CC      lib/uuid.o
  CC      lib/flex_array.o
  CC      lib/iov_iter.o
  CC      lib/clz_ctz.o
  CC      lib/bsearch.o
  CC      lib/find_bit.o
  CC      lib/llist.o
  CC      lib/memweight.o
  CC      lib/kfifo.o
  CC      lib/percpu-refcount.o
  CC      lib/percpu_ida.o
  CC      lib/rhashtable.o
  CC      lib/reciprocal_div.o
  CC      lib/once.o
  CC      lib/string_helpers.o
  CC      lib/hexdump.o
  CC      lib/kstrtox.o
  CC      lib/pci_iomap.o
  CC      lib/iomap_copy.o
  CC      lib/devres.o
  CC      lib/hweight.o
  CC      lib/assoc_array.o
  CC      lib/bitrev.o
  CC      lib/rational.o
  CC      lib/crc16.o
  CC      lib/crc-itu-t.o
  HOSTCC  lib/gen_crc32table
  GEN     lib/crc32table.h
  CC      lib/crc32.o
  CC      lib/libcrc32c.o
  CC      lib/genalloc.o
  CC      lib/fonts/fonts.o
  CC      lib/fonts/font_8x8.o
  CC      lib/fonts/font_8x16.o
  LD      lib/fonts/font.o
  LD      lib/fonts/built-in.o
  CC      lib/lz4/lz4_decompress.o
  LD      lib/lz4/built-in.o
  CC [M]  lib/lz4/lz4_compress.o
  CC      lib/lzo/lzo1x_compress.o
  LD      lib/lzo/lzo_compress.o
  CC      lib/lzo/lzo1x_decompress_safe.o
  LD      lib/lzo/lzo_decompress.o
  LD      lib/lzo/built-in.o
  LD      lib/raid6/built-in.o
  CC [M]  lib/raid6/algos.o
In file included from lib/raid6/algos.c:24:
./include/linux/module.h:132:6: warning: ‘init_module’ specifies less restrictive attribute than its target ‘raid6_select_algo’: ‘cold’ [-Wmissing-attributes]
  132 |  int init_module(void) __attribute__((alias(#initfn)));
      |      ^~~~~~~~~~~
./include/linux/module.h:115:30: note: in expansion of macro ‘module_init’
  115 | #define subsys_initcall(fn)  module_init(fn)
      |                              ^~~~~~~~~~~
lib/raid6/algos.c:265:1: note: in expansion of macro ‘subsys_initcall’
  265 | subsys_initcall(raid6_select_algo);
      | ^~~~~~~~~~~~~~~
lib/raid6/algos.c:225:12: note: ‘init_module’ target declared here
  225 | int __init raid6_select_algo(void)
      |            ^~~~~~~~~~~~~~~~~
  CC [M]  lib/raid6/recov.o
  HOSTCC  lib/raid6/mktables
  TABLE   lib/raid6/tables.c
  CC [M]  lib/raid6/tables.o
  UNROLL  lib/raid6/int1.c
  CC [M]  lib/raid6/int1.o
  UNROLL  lib/raid6/int2.c
  CC [M]  lib/raid6/int2.o
  UNROLL  lib/raid6/int4.c
  CC [M]  lib/raid6/int4.o
  UNROLL  lib/raid6/int8.c
  CC [M]  lib/raid6/int8.o
  UNROLL  lib/raid6/int16.c
  CC [M]  lib/raid6/int16.o
  UNROLL  lib/raid6/int32.c
  CC [M]  lib/raid6/int32.o
  CC [M]  lib/raid6/neon.o
  UNROLL  lib/raid6/neon1.c
  CC [M]  lib/raid6/neon1.o
  UNROLL  lib/raid6/neon2.c
  CC [M]  lib/raid6/neon2.o
  UNROLL  lib/raid6/neon4.c
  CC [M]  lib/raid6/neon4.o
  UNROLL  lib/raid6/neon8.c
  CC [M]  lib/raid6/neon8.o
  LD [M]  lib/raid6/raid6_pq.o
  CC      lib/xz/xz_dec_syms.o
  CC      lib/xz/xz_dec_stream.o
  CC      lib/xz/xz_dec_lzma2.o
  CC      lib/xz/xz_dec_bcj.o
  LD      lib/xz/xz_dec.o
  LD      lib/xz/built-in.o
  LD      lib/zlib_deflate/built-in.o
  CC [M]  lib/zlib_deflate/deflate.o
  CC [M]  lib/zlib_deflate/deftree.o
  CC [M]  lib/zlib_deflate/deflate_syms.o
  LD [M]  lib/zlib_deflate/zlib_deflate.o
  CC      lib/zlib_inflate/inffast.o
  CC      lib/zlib_inflate/inflate.o
  CC      lib/zlib_inflate/infutil.o
  CC      lib/zlib_inflate/inftrees.o
  CC      lib/zlib_inflate/inflate_syms.o
  LD      lib/zlib_inflate/zlib_inflate.o
  LD      lib/zlib_inflate/built-in.o
  CC      lib/textsearch.o
  CC      lib/percpu_counter.o
  CC      lib/swiotlb.o
  CC      lib/iommu-helper.o
  CC      lib/iommu-common.o
  CC      lib/syscall.o
  CC      lib/nlattr.o
  CC      lib/cpu_rmap.o
  CC      lib/dynamic_queue_limits.o
  CC      lib/strncpy_from_user.o
  CC      lib/strnlen_user.o
  CC      lib/net_utils.o
  CC      lib/sg_pool.o
  GEN     lib/oid_registry_data.c
  CC      lib/oid_registry.o
  CC      lib/sbitmap.o
  CC      lib/argv_split.o
  CC      lib/bug.o
  CC      lib/chacha20.o
  CC      lib/cmdline.o
  CC      lib/cpumask.o
  CC      lib/ctype.o
  CC      lib/dec_and_lock.o
  CC      lib/decompress.o
  CC      lib/decompress_bunzip2.o
  CC      lib/decompress_inflate.o
  CC      lib/decompress_unlz4.o
  CC      lib/decompress_unlzma.o
  CC      lib/decompress_unlzo.o
  CC      lib/decompress_unxz.o
  CC      lib/dma-noop.o
  CC      lib/dump_stack.o
  CC      lib/earlycpio.o
  CC      lib/extable.o
  CC      lib/fdt.o
  CC      lib/fdt_empty_tree.o
  CC      lib/fdt_ro.o
  CC      lib/fdt_rw.o
  CC      lib/fdt_strerror.o
  CC      lib/fdt_sw.o
  CC      lib/fdt_wip.o
  CC      lib/flex_proportions.o
  CC      lib/idr.o
  CC      lib/int_sqrt.o
  CC      lib/ioremap.o
  CC      lib/irq_regs.o
  CC      lib/is_single_threaded.o
  CC      lib/klist.o
  CC      lib/kobject.o
In function ‘fill_kobj_path’,
    inlined from ‘kobject_get_path’ at lib/kobject.c:157:2:
lib/kobject.c:130:3: warning: ‘strncpy’ output truncated before terminating nul copying as many bytes from a string as its length [-Wstringop-truncation]
  130 |   strncpy(path + length, kobject_name(parent), cur);
      |   ^~~~~~~~~~~~~~~~~~~~~~~~~~~~~~~~~~~~~~~~~~~~~~~~~
lib/kobject.c: In function ‘kobject_get_path’:
lib/kobject.c:127:13: note: length computed here
  127 |   int cur = strlen(kobject_name(parent));
      |             ^~~~~~~~~~~~~~~~~~~~~~~~~~~~
  CC      lib/kobject_uevent.o
  CC      lib/md5.o
  CC      lib/nmi_backtrace.o
  CC      lib/nodemask.o
  CC      lib/plist.o
  CC      lib/radix-tree.o
  CC      lib/ratelimit.o
  CC      lib/rbtree.o
  CC      lib/seq_buf.o
  CC      lib/sha1.o
  CC      lib/show_mem.o
  CC      lib/string.o
  CC      lib/timerqueue.o
  CC      lib/vsprintf.o
  CC      lib/win_minmax.o
  AR      lib/lib.a
  EXPORTS lib/lib-ksyms.o
  LD      lib/built-in.o
  CC [M]  lib/crc-ccitt.o
  CC [M]  lib/crc7.o
  CC [M]  lib/crc8.o
  CC [M]  lib/ts_kmp.o
In file included from lib/ts_kmp.c:33:
./include/linux/module.h:132:6: warning: ‘init_module’ specifies less restrictive attribute than its target ‘init_kmp’: ‘cold’ [-Wmissing-attributes]
  132 |  int init_module(void) __attribute__((alias(#initfn)));
      |      ^~~~~~~~~~~
lib/ts_kmp.c:156:1: note: in expansion of macro ‘module_init’
  156 | module_init(init_kmp);
      | ^~~~~~~~~~~
lib/ts_kmp.c:144:19: note: ‘init_module’ target declared here
  144 | static int __init init_kmp(void)
      |                   ^~~~~~~~
In file included from lib/ts_kmp.c:33:
./include/linux/module.h:138:7: warning: ‘cleanup_module’ specifies less restrictive attribute than its target ‘exit_kmp’: ‘cold’ [-Wmissing-attributes]
  138 |  void cleanup_module(void) __attribute__((alias(#exitfn)));
      |       ^~~~~~~~~~~~~~
lib/ts_kmp.c:157:1: note: in expansion of macro ‘module_exit’
  157 | module_exit(exit_kmp);
      | ^~~~~~~~~~~
lib/ts_kmp.c:149:20: note: ‘cleanup_module’ target declared here
  149 | static void __exit exit_kmp(void)
      |                    ^~~~~~~~
  CC [M]  lib/ts_bm.o
In file included from lib/ts_bm.c:39:
./include/linux/module.h:132:6: warning: ‘init_module’ specifies less restrictive attribute than its target ‘init_bm’: ‘cold’ [-Wmissing-attributes]
  132 |  int init_module(void) __attribute__((alias(#initfn)));
      |      ^~~~~~~~~~~
lib/ts_bm.c:206:1: note: in expansion of macro ‘module_init’
  206 | module_init(init_bm);
      | ^~~~~~~~~~~
lib/ts_bm.c:194:19: note: ‘init_module’ target declared here
  194 | static int __init init_bm(void)
      |                   ^~~~~~~
In file included from lib/ts_bm.c:39:
./include/linux/module.h:138:7: warning: ‘cleanup_module’ specifies less restrictive attribute than its target ‘exit_bm’: ‘cold’ [-Wmissing-attributes]
  138 |  void cleanup_module(void) __attribute__((alias(#exitfn)));
      |       ^~~~~~~~~~~~~~
lib/ts_bm.c:207:1: note: in expansion of macro ‘module_exit’
  207 | module_exit(exit_bm);
      | ^~~~~~~~~~~
lib/ts_bm.c:199:20: note: ‘cleanup_module’ target declared here
  199 | static void __exit exit_bm(void)
      |                    ^~~~~~~
  CC [M]  lib/ts_fsm.o
In file included from lib/ts_fsm.c:29:
./include/linux/module.h:132:6: warning: ‘init_module’ specifies less restrictive attribute than its target ‘init_fsm’: ‘cold’ [-Wmissing-attributes]
  132 |  int init_module(void) __attribute__((alias(#initfn)));
      |      ^~~~~~~~~~~
lib/ts_fsm.c:340:1: note: in expansion of macro ‘module_init’
  340 | module_init(init_fsm);
      | ^~~~~~~~~~~
lib/ts_fsm.c:328:19: note: ‘init_module’ target declared here
  328 | static int __init init_fsm(void)
      |                   ^~~~~~~~
In file included from lib/ts_fsm.c:29:
./include/linux/module.h:138:7: warning: ‘cleanup_module’ specifies less restrictive attribute than its target ‘exit_fsm’: ‘cold’ [-Wmissing-attributes]
  138 |  void cleanup_module(void) __attribute__((alias(#exitfn)));
      |       ^~~~~~~~~~~~~~
lib/ts_fsm.c:341:1: note: in expansion of macro ‘module_exit’
  341 | module_exit(exit_fsm);
      | ^~~~~~~~~~~
lib/ts_fsm.c:333:20: note: ‘cleanup_module’ target declared here
  333 | static void __exit exit_fsm(void)
      |                    ^~~~~~~~
  CC [M]  lib/lru_cache.o
  LD      virt/lib/built-in.o
  LD      virt/built-in.o
  LD      vmlinux.o
  MODPOST vmlinux.o
  GEN     .version
  CHK     include/generated/compile.h
  UPD     include/generated/compile.h
  CC      init/version.o
  LD      init/built-in.o
  KSYM    .tmp_kallsyms1.o
  KSYM    .tmp_kallsyms2.o
  LD      vmlinux
  SORTEX  vmlinux
  SYSMAP  System.map
  OBJCOPY arch/arm/boot/Image
  Kernel: arch/arm/boot/Image is ready
  LDS     arch/arm/boot/compressed/vmlinux.lds
  AS      arch/arm/boot/compressed/head.o
  GZIP    arch/arm/boot/compressed/piggy_data
  AS      arch/arm/boot/compressed/piggy.o
  CC      arch/arm/boot/compressed/misc.o
  CC      arch/arm/boot/compressed/decompress.o
  CC      arch/arm/boot/compressed/string.o
  SHIPPED arch/arm/boot/compressed/hyp-stub.S
  AS      arch/arm/boot/compressed/hyp-stub.o
  SHIPPED arch/arm/boot/compressed/lib1funcs.S
  AS      arch/arm/boot/compressed/lib1funcs.o
  SHIPPED arch/arm/boot/compressed/ashldi3.S
  AS      arch/arm/boot/compressed/ashldi3.o
  SHIPPED arch/arm/boot/compressed/bswapsdi2.S
  AS      arch/arm/boot/compressed/bswapsdi2.o
  LD      arch/arm/boot/compressed/vmlinux
  OBJCOPY arch/arm/boot/zImage
  Kernel: arch/arm/boot/zImage is ready
  Building modules, stage 2.
  MODPOST 1568 modules
  CC      arch/arm/crypto/aes-arm-bs.mod.o
  LD [M]  arch/arm/crypto/aes-arm-bs.ko
  CC      arch/arm/crypto/aes-arm.mod.o
  LD [M]  arch/arm/crypto/aes-arm.ko
  CC      arch/arm/crypto/sha1-arm-neon.mod.o
  LD [M]  arch/arm/crypto/sha1-arm-neon.ko
  CC      arch/arm/crypto/sha1-arm.mod.o
  LD [M]  arch/arm/crypto/sha1-arm.ko
  CC      arch/arm/lib/xor-neon.mod.o
  LD [M]  arch/arm/lib/xor-neon.ko
  CC      arch/arm/oprofile/oprofile.mod.o
  LD [M]  arch/arm/oprofile/oprofile.ko
  CC      crypto/ablk_helper.mod.o
  LD [M]  crypto/ablk_helper.ko
  CC      crypto/af_alg.mod.o
  LD [M]  crypto/af_alg.ko
  CC      crypto/algif_skcipher.mod.o
  LD [M]  crypto/algif_skcipher.ko
  CC      crypto/arc4.mod.o
  LD [M]  crypto/arc4.ko
  CC      crypto/async_tx/async_memcpy.mod.o
  LD [M]  crypto/async_tx/async_memcpy.ko
  CC      crypto/async_tx/async_pq.mod.o
  LD [M]  crypto/async_tx/async_pq.ko
  CC      crypto/async_tx/async_raid6_recov.mod.o
  LD [M]  crypto/async_tx/async_raid6_recov.ko
  CC      crypto/async_tx/async_tx.mod.o
  LD [M]  crypto/async_tx/async_tx.ko
  CC      crypto/async_tx/async_xor.mod.o
  LD [M]  crypto/async_tx/async_xor.ko
  CC      crypto/authenc.mod.o
  LD [M]  crypto/authenc.ko
  CC      crypto/authencesn.mod.o
  LD [M]  crypto/authencesn.ko
  CC      crypto/cast5_generic.mod.o
  LD [M]  crypto/cast5_generic.ko
  CC      crypto/cast_common.mod.o
  LD [M]  crypto/cast_common.ko
  CC      crypto/ccm.mod.o
  LD [M]  crypto/ccm.ko
  CC      crypto/cmac.mod.o
  LD [M]  crypto/cmac.ko
  CC      crypto/cryptd.mod.o
  LD [M]  crypto/cryptd.ko
  CC      crypto/crypto_user.mod.o
  LD [M]  crypto/crypto_user.ko
  CC      crypto/ctr.mod.o
  LD [M]  crypto/ctr.ko
  CC      crypto/cts.mod.o
  LD [M]  crypto/cts.ko
  CC      crypto/deflate.mod.o
  LD [M]  crypto/deflate.ko
  CC      crypto/drbg.mod.o
  LD [M]  crypto/drbg.ko
  CC      crypto/ecb.mod.o
  LD [M]  crypto/ecb.ko
  CC      crypto/echainiv.mod.o
  LD [M]  crypto/echainiv.ko
  CC      crypto/gcm.mod.o
  LD [M]  crypto/gcm.ko
  CC      crypto/gf128mul.mod.o
  LD [M]  crypto/gf128mul.ko
  CC      crypto/ghash-generic.mod.o
  LD [M]  crypto/ghash-generic.ko
  CC      crypto/hmac.mod.o
  LD [M]  crypto/hmac.ko
  CC      crypto/jitterentropy_rng.mod.o
  LD [M]  crypto/jitterentropy_rng.ko
  CC      crypto/lz4.mod.o
  LD [M]  crypto/lz4.ko
  CC      crypto/lzo.mod.o
  LD [M]  crypto/lzo.ko
  CC      crypto/md4.mod.o
  LD [M]  crypto/md4.ko
  CC      crypto/md5.mod.o
  LD [M]  crypto/md5.ko
  CC      crypto/michael_mic.mod.o
  LD [M]  crypto/michael_mic.ko
  CC      crypto/seqiv.mod.o
  LD [M]  crypto/seqiv.ko
  CC      crypto/sha1_generic.mod.o
  LD [M]  crypto/sha1_generic.ko
  CC      crypto/sha256_generic.mod.o
  LD [M]  crypto/sha256_generic.ko
  CC      crypto/tgr192.mod.o
  LD [M]  crypto/tgr192.ko
  CC      crypto/wp512.mod.o
  LD [M]  crypto/wp512.ko
  CC      crypto/xcbc.mod.o
  LD [M]  crypto/xcbc.ko
  CC      crypto/xor.mod.o
  LD [M]  crypto/xor.ko
  CC      crypto/xts.mod.o
  LD [M]  crypto/xts.ko
  CC      drivers/bcma/bcma.mod.o
  LD [M]  drivers/bcma/bcma.ko
  CC      drivers/block/aoe/aoe.mod.o
  LD [M]  drivers/block/aoe/aoe.ko
  CC      drivers/block/cryptoloop.mod.o
  LD [M]  drivers/block/cryptoloop.ko
  CC      drivers/block/drbd/drbd.mod.o
  LD [M]  drivers/block/drbd/drbd.ko
  CC      drivers/block/nbd.mod.o
  LD [M]  drivers/block/nbd.ko
  CC      drivers/block/pktcdvd.mod.o
  LD [M]  drivers/block/pktcdvd.ko
  CC      drivers/block/zram/zram.mod.o
  LD [M]  drivers/block/zram/zram.ko
  CC      drivers/bluetooth/ath3k.mod.o
  LD [M]  drivers/bluetooth/ath3k.ko
  CC      drivers/bluetooth/bcm203x.mod.o
  LD [M]  drivers/bluetooth/bcm203x.ko
  CC      drivers/bluetooth/bfusb.mod.o
  LD [M]  drivers/bluetooth/bfusb.ko
  CC      drivers/bluetooth/bpa10x.mod.o
  LD [M]  drivers/bluetooth/bpa10x.ko
  CC      drivers/bluetooth/btbcm.mod.o
  LD [M]  drivers/bluetooth/btbcm.ko
  CC      drivers/bluetooth/btintel.mod.o
  LD [M]  drivers/bluetooth/btintel.ko
  CC      drivers/bluetooth/btmrvl.mod.o
  LD [M]  drivers/bluetooth/btmrvl.ko
  CC      drivers/bluetooth/btmrvl_sdio.mod.o
  LD [M]  drivers/bluetooth/btmrvl_sdio.ko
  CC      drivers/bluetooth/btrtl.mod.o
  LD [M]  drivers/bluetooth/btrtl.ko
  CC      drivers/bluetooth/btusb.mod.o
  LD [M]  drivers/bluetooth/btusb.ko
  CC      drivers/bluetooth/btwilink.mod.o
  LD [M]  drivers/bluetooth/btwilink.ko
  CC      drivers/bluetooth/hci_uart.mod.o
  LD [M]  drivers/bluetooth/hci_uart.ko
  CC      drivers/bluetooth/hci_vhci.mod.o
  LD [M]  drivers/bluetooth/hci_vhci.ko
  CC      drivers/cdrom/cdrom.mod.o
  LD [M]  drivers/cdrom/cdrom.ko
  CC      drivers/char/broadcom/bcm2835-gpiomem.mod.o
  LD [M]  drivers/char/broadcom/bcm2835-gpiomem.ko
  CC      drivers/char/broadcom/bcm2835_smi_dev.mod.o
  LD [M]  drivers/char/broadcom/bcm2835_smi_dev.ko
  CC      drivers/clk/clk-allo-dac.mod.o
  LD [M]  drivers/clk/clk-allo-dac.ko
  CC      drivers/clk/clk-hifiberry-dacpro.mod.o
  LD [M]  drivers/clk/clk-hifiberry-dacpro.ko
  CC      drivers/connector/cn.mod.o
  LD [M]  drivers/connector/cn.ko
  CC      drivers/extcon/extcon-arizona.mod.o
  LD [M]  drivers/extcon/extcon-arizona.ko
  CC      drivers/extcon/extcon-core.mod.o
  LD [M]  drivers/extcon/extcon-core.ko
  CC      drivers/gpio/gpio-arizona.mod.o
  LD [M]  drivers/gpio/gpio-arizona.ko
  CC      drivers/gpio/gpio-mcp23s08.mod.o
  LD [M]  drivers/gpio/gpio-mcp23s08.ko
  CC      drivers/gpio/gpio-pcf857x.mod.o
  LD [M]  drivers/gpio/gpio-pcf857x.ko
  CC      drivers/gpu/drm/drm.mod.o
  LD [M]  drivers/gpu/drm/drm.ko
  CC      drivers/gpu/drm/drm_kms_helper.mod.o
  LD [M]  drivers/gpu/drm/drm_kms_helper.ko
  CC      drivers/gpu/drm/panel/panel-raspberrypi-touchscreen.mod.o
  LD [M]  drivers/gpu/drm/panel/panel-raspberrypi-touchscreen.ko
  CC      drivers/gpu/drm/panel/panel-simple.mod.o
  LD [M]  drivers/gpu/drm/panel/panel-simple.ko
  CC      drivers/gpu/drm/tinydrm/core/tinydrm.mod.o
  LD [M]  drivers/gpu/drm/tinydrm/core/tinydrm.ko
  CC      drivers/gpu/drm/tinydrm/mi0283qt.mod.o
  LD [M]  drivers/gpu/drm/tinydrm/mi0283qt.ko
  CC      drivers/gpu/drm/tinydrm/mipi-dbi.mod.o
  LD [M]  drivers/gpu/drm/tinydrm/mipi-dbi.ko
  CC      drivers/gpu/drm/tinydrm/repaper.mod.o
  LD [M]  drivers/gpu/drm/tinydrm/repaper.ko
  CC      drivers/gpu/drm/udl/udl.mod.o
  LD [M]  drivers/gpu/drm/udl/udl.ko
  CC      drivers/gpu/drm/vc4/vc4.mod.o
  LD [M]  drivers/gpu/drm/vc4/vc4.ko
  CC      drivers/hid/hid-a4tech.mod.o
  LD [M]  drivers/hid/hid-a4tech.ko
  CC      drivers/hid/hid-apple.mod.o
  LD [M]  drivers/hid/hid-apple.ko
  CC      drivers/hid/hid-axff.mod.o
  LD [M]  drivers/hid/hid-axff.ko
  CC      drivers/hid/hid-belkin.mod.o
  LD [M]  drivers/hid/hid-belkin.ko
  CC      drivers/hid/hid-betopff.mod.o
  LD [M]  drivers/hid/hid-betopff.ko
  CC      drivers/hid/hid-cherry.mod.o
  LD [M]  drivers/hid/hid-cherry.ko
  CC      drivers/hid/hid-chicony.mod.o
  LD [M]  drivers/hid/hid-chicony.ko
  CC      drivers/hid/hid-cypress.mod.o
  LD [M]  drivers/hid/hid-cypress.ko
  CC      drivers/hid/hid-dr.mod.o
  LD [M]  drivers/hid/hid-dr.ko
  CC      drivers/hid/hid-elecom.mod.o
  LD [M]  drivers/hid/hid-elecom.ko
  CC      drivers/hid/hid-elo.mod.o
  LD [M]  drivers/hid/hid-elo.ko
  CC      drivers/hid/hid-emsff.mod.o
  LD [M]  drivers/hid/hid-emsff.ko
  CC      drivers/hid/hid-ezkey.mod.o
  LD [M]  drivers/hid/hid-ezkey.ko
  CC      drivers/hid/hid-gaff.mod.o
  LD [M]  drivers/hid/hid-gaff.ko
  CC      drivers/hid/hid-gembird.mod.o
  LD [M]  drivers/hid/hid-gembird.ko
  CC      drivers/hid/hid-gyration.mod.o
  LD [M]  drivers/hid/hid-gyration.ko
  CC      drivers/hid/hid-holtek-kbd.mod.o
  LD [M]  drivers/hid/hid-holtek-kbd.ko
  CC      drivers/hid/hid-holtek-mouse.mod.o
  LD [M]  drivers/hid/hid-holtek-mouse.ko
  CC      drivers/hid/hid-holtekff.mod.o
  LD [M]  drivers/hid/hid-holtekff.ko
  CC      drivers/hid/hid-kensington.mod.o
  LD [M]  drivers/hid/hid-kensington.ko
  CC      drivers/hid/hid-keytouch.mod.o
  LD [M]  drivers/hid/hid-keytouch.ko
  CC      drivers/hid/hid-kye.mod.o
  LD [M]  drivers/hid/hid-kye.ko
  CC      drivers/hid/hid-lcpower.mod.o
  LD [M]  drivers/hid/hid-lcpower.ko
  CC      drivers/hid/hid-led.mod.o
  LD [M]  drivers/hid/hid-led.ko
  CC      drivers/hid/hid-logitech-dj.mod.o
  LD [M]  drivers/hid/hid-logitech-dj.ko
  CC      drivers/hid/hid-logitech-hidpp.mod.o
  LD [M]  drivers/hid/hid-logitech-hidpp.ko
  CC      drivers/hid/hid-logitech.mod.o
  LD [M]  drivers/hid/hid-logitech.ko
  CC      drivers/hid/hid-magicmouse.mod.o
  LD [M]  drivers/hid/hid-magicmouse.ko
  CC      drivers/hid/hid-microsoft.mod.o
  LD [M]  drivers/hid/hid-microsoft.ko
  CC      drivers/hid/hid-monterey.mod.o
  LD [M]  drivers/hid/hid-monterey.ko
  CC      drivers/hid/hid-multitouch.mod.o
  LD [M]  drivers/hid/hid-multitouch.ko
  CC      drivers/hid/hid-ntrig.mod.o
  LD [M]  drivers/hid/hid-ntrig.ko
  CC      drivers/hid/hid-ortek.mod.o
  LD [M]  drivers/hid/hid-ortek.ko
  CC      drivers/hid/hid-petalynx.mod.o
  LD [M]  drivers/hid/hid-petalynx.ko
  CC      drivers/hid/hid-picolcd.mod.o
  LD [M]  drivers/hid/hid-picolcd.ko
  CC      drivers/hid/hid-pl.mod.o
  LD [M]  drivers/hid/hid-pl.ko
  CC      drivers/hid/hid-roccat-arvo.mod.o
  LD [M]  drivers/hid/hid-roccat-arvo.ko
  CC      drivers/hid/hid-roccat-common.mod.o
  LD [M]  drivers/hid/hid-roccat-common.ko
  CC      drivers/hid/hid-roccat-isku.mod.o
  LD [M]  drivers/hid/hid-roccat-isku.ko
  CC      drivers/hid/hid-roccat-kone.mod.o
  LD [M]  drivers/hid/hid-roccat-kone.ko
  CC      drivers/hid/hid-roccat-koneplus.mod.o
  LD [M]  drivers/hid/hid-roccat-koneplus.ko
  CC      drivers/hid/hid-roccat-konepure.mod.o
  LD [M]  drivers/hid/hid-roccat-konepure.ko
  CC      drivers/hid/hid-roccat-kovaplus.mod.o
  LD [M]  drivers/hid/hid-roccat-kovaplus.ko
  CC      drivers/hid/hid-roccat-lua.mod.o
  LD [M]  drivers/hid/hid-roccat-lua.ko
  CC      drivers/hid/hid-roccat-pyra.mod.o
  LD [M]  drivers/hid/hid-roccat-pyra.ko
  CC      drivers/hid/hid-roccat-ryos.mod.o
  LD [M]  drivers/hid/hid-roccat-ryos.ko
  CC      drivers/hid/hid-roccat-savu.mod.o
  LD [M]  drivers/hid/hid-roccat-savu.ko
  CC      drivers/hid/hid-roccat.mod.o
  LD [M]  drivers/hid/hid-roccat.ko
  CC      drivers/hid/hid-samsung.mod.o
  LD [M]  drivers/hid/hid-samsung.ko
  CC      drivers/hid/hid-sjoy.mod.o
  LD [M]  drivers/hid/hid-sjoy.ko
  CC      drivers/hid/hid-sony.mod.o
  LD [M]  drivers/hid/hid-sony.ko
  CC      drivers/hid/hid-speedlink.mod.o
  LD [M]  drivers/hid/hid-speedlink.ko
  CC      drivers/hid/hid-sunplus.mod.o
  LD [M]  drivers/hid/hid-sunplus.ko
  CC      drivers/hid/hid-tmff.mod.o
  LD [M]  drivers/hid/hid-tmff.ko
  CC      drivers/hid/hid-topseed.mod.o
  LD [M]  drivers/hid/hid-topseed.ko
  CC      drivers/hid/hid-twinhan.mod.o
  LD [M]  drivers/hid/hid-twinhan.ko
  CC      drivers/hid/hid-uclogic.mod.o
  LD [M]  drivers/hid/hid-uclogic.ko
  CC      drivers/hid/hid-waltop.mod.o
  LD [M]  drivers/hid/hid-waltop.ko
  CC      drivers/hid/hid-wiimote.mod.o
  LD [M]  drivers/hid/hid-wiimote.ko
  CC      drivers/hid/hid-xinmo.mod.o
  LD [M]  drivers/hid/hid-xinmo.ko
  CC      drivers/hid/hid-zpff.mod.o
  LD [M]  drivers/hid/hid-zpff.ko
  CC      drivers/hid/hid-zydacron.mod.o
  LD [M]  drivers/hid/hid-zydacron.ko
  CC      drivers/hid/uhid.mod.o
  LD [M]  drivers/hid/uhid.ko
  CC      drivers/hid/wacom.mod.o
  LD [M]  drivers/hid/wacom.ko
  CC      drivers/hwmon/ads1015.mod.o
  LD [M]  drivers/hwmon/ads1015.ko
  CC      drivers/hwmon/hwmon.mod.o
  LD [M]  drivers/hwmon/hwmon.ko
  CC      drivers/hwmon/ina2xx.mod.o
  LD [M]  drivers/hwmon/ina2xx.ko
  CC      drivers/hwmon/jc42.mod.o
  LD [M]  drivers/hwmon/jc42.ko
  CC      drivers/hwmon/lm75.mod.o
  LD [M]  drivers/hwmon/lm75.ko
  CC      drivers/hwmon/sht21.mod.o
  LD [M]  drivers/hwmon/sht21.ko
  CC      drivers/hwmon/sht3x.mod.o
  LD [M]  drivers/hwmon/sht3x.ko
  CC      drivers/hwmon/shtc1.mod.o
  LD [M]  drivers/hwmon/shtc1.ko
  CC      drivers/hwmon/tmp102.mod.o
  LD [M]  drivers/hwmon/tmp102.ko
  CC      drivers/i2c/algos/i2c-algo-bit.mod.o
  LD [M]  drivers/i2c/algos/i2c-algo-bit.ko
  CC      drivers/i2c/busses/i2c-bcm2708.mod.o
  LD [M]  drivers/i2c/busses/i2c-bcm2708.ko
  CC      drivers/i2c/busses/i2c-bcm2835.mod.o
  LD [M]  drivers/i2c/busses/i2c-bcm2835.ko
  CC      drivers/i2c/busses/i2c-gpio.mod.o
  LD [M]  drivers/i2c/busses/i2c-gpio.ko
  CC      drivers/i2c/busses/i2c-robotfuzz-osif.mod.o
  LD [M]  drivers/i2c/busses/i2c-robotfuzz-osif.ko
  CC      drivers/i2c/i2c-dev.mod.o
  LD [M]  drivers/i2c/i2c-dev.ko
  CC      drivers/i2c/i2c-mux.mod.o
  LD [M]  drivers/i2c/i2c-mux.ko
  CC      drivers/i2c/muxes/i2c-mux-pca954x.mod.o
  LD [M]  drivers/i2c/muxes/i2c-mux-pca954x.ko
  CC      drivers/iio/adc/mcp320x.mod.o
  LD [M]  drivers/iio/adc/mcp320x.ko
  CC      drivers/iio/adc/mcp3422.mod.o
  LD [M]  drivers/iio/adc/mcp3422.ko
  CC      drivers/iio/buffer/industrialio-buffer-cb.mod.o
  LD [M]  drivers/iio/buffer/industrialio-buffer-cb.ko
  CC      drivers/iio/buffer/industrialio-triggered-buffer.mod.o
  LD [M]  drivers/iio/buffer/industrialio-triggered-buffer.ko
  CC      drivers/iio/buffer/kfifo_buf.mod.o
  LD [M]  drivers/iio/buffer/kfifo_buf.ko
  CC      drivers/iio/common/ms_sensors/ms_sensors_i2c.mod.o
  LD [M]  drivers/iio/common/ms_sensors/ms_sensors_i2c.ko
  CC      drivers/iio/humidity/dht11.mod.o
  LD [M]  drivers/iio/humidity/dht11.ko
  CC      drivers/iio/humidity/hdc100x.mod.o
  LD [M]  drivers/iio/humidity/hdc100x.ko
  CC      drivers/iio/humidity/htu21.mod.o
  LD [M]  drivers/iio/humidity/htu21.ko
  CC      drivers/iio/imu/inv_mpu6050/inv-mpu6050-i2c.mod.o
  LD [M]  drivers/iio/imu/inv_mpu6050/inv-mpu6050-i2c.ko
  CC      drivers/iio/imu/inv_mpu6050/inv-mpu6050.mod.o
  LD [M]  drivers/iio/imu/inv_mpu6050/inv-mpu6050.ko
  CC      drivers/iio/industrialio.mod.o
  LD [M]  drivers/iio/industrialio.ko
  CC      drivers/iio/light/tsl4531.mod.o
  LD [M]  drivers/iio/light/tsl4531.ko
  CC      drivers/iio/light/veml6070.mod.o
  LD [M]  drivers/iio/light/veml6070.ko
  CC      drivers/iio/pressure/bmp280-i2c.mod.o
  LD [M]  drivers/iio/pressure/bmp280-i2c.ko
  CC      drivers/iio/pressure/bmp280-spi.mod.o
  LD [M]  drivers/iio/pressure/bmp280-spi.ko
  CC      drivers/iio/pressure/bmp280.mod.o
  LD [M]  drivers/iio/pressure/bmp280.ko
  CC      drivers/input/evdev.mod.o
  LD [M]  drivers/input/evdev.ko
  CC      drivers/input/ff-memless.mod.o
  LD [M]  drivers/input/ff-memless.ko
  CC      drivers/input/gameport/gameport.mod.o
  LD [M]  drivers/input/gameport/gameport.ko
  CC      drivers/input/gameport/lightning.mod.o
  LD [M]  drivers/input/gameport/lightning.ko
  CC      drivers/input/gameport/ns558.mod.o
  LD [M]  drivers/input/gameport/ns558.ko
  CC      drivers/input/input-polldev.mod.o
  LD [M]  drivers/input/input-polldev.ko
  CC      drivers/input/joydev.mod.o
  LD [M]  drivers/input/joydev.ko
  CC      drivers/input/joystick/iforce/iforce.mod.o
  LD [M]  drivers/input/joystick/iforce/iforce.ko
  CC      drivers/input/joystick/rpisense-js.mod.o
  LD [M]  drivers/input/joystick/rpisense-js.ko
  CC      drivers/input/joystick/xpad.mod.o
  LD [M]  drivers/input/joystick/xpad.ko
  CC      drivers/input/keyboard/gpio_keys.mod.o
  LD [M]  drivers/input/keyboard/gpio_keys.ko
  CC      drivers/input/misc/ad714x-i2c.mod.o
  LD [M]  drivers/input/misc/ad714x-i2c.ko
  CC      drivers/input/misc/ad714x-spi.mod.o
  LD [M]  drivers/input/misc/ad714x-spi.ko
  CC      drivers/input/misc/ad714x.mod.o
  LD [M]  drivers/input/misc/ad714x.ko
  CC      drivers/input/misc/adxl34x-i2c.mod.o
  LD [M]  drivers/input/misc/adxl34x-i2c.ko
  CC      drivers/input/misc/adxl34x-spi.mod.o
  LD [M]  drivers/input/misc/adxl34x-spi.ko
  CC      drivers/input/misc/adxl34x.mod.o
  LD [M]  drivers/input/misc/adxl34x.ko
  CC      drivers/input/misc/ati_remote2.mod.o
  LD [M]  drivers/input/misc/ati_remote2.ko
  CC      drivers/input/misc/cm109.mod.o
  LD [M]  drivers/input/misc/cm109.ko
  CC      drivers/input/misc/cma3000_d0x.mod.o
  LD [M]  drivers/input/misc/cma3000_d0x.ko
  CC      drivers/input/misc/keyspan_remote.mod.o
  LD [M]  drivers/input/misc/keyspan_remote.ko
  CC      drivers/input/misc/powermate.mod.o
  LD [M]  drivers/input/misc/powermate.ko
  CC      drivers/input/misc/rotary_encoder.mod.o
  LD [M]  drivers/input/misc/rotary_encoder.ko
  CC      drivers/input/misc/uinput.mod.o
  LD [M]  drivers/input/misc/uinput.ko
  CC      drivers/input/misc/yealink.mod.o
  LD [M]  drivers/input/misc/yealink.ko
  CC      drivers/input/serio/serio.mod.o
  LD [M]  drivers/input/serio/serio.ko
  CC      drivers/input/serio/serio_raw.mod.o
  LD [M]  drivers/input/serio/serio_raw.ko
  CC      drivers/input/serio/serport.mod.o
  LD [M]  drivers/input/serio/serport.ko
  CC      drivers/input/touchscreen/ads7846.mod.o
  LD [M]  drivers/input/touchscreen/ads7846.ko
  CC      drivers/input/touchscreen/edt-ft5x06.mod.o
  LD [M]  drivers/input/touchscreen/edt-ft5x06.ko
  CC      drivers/input/touchscreen/egalax_ts.mod.o
  LD [M]  drivers/input/touchscreen/egalax_ts.ko
  CC      drivers/input/touchscreen/exc3000.mod.o
  LD [M]  drivers/input/touchscreen/exc3000.ko
  CC      drivers/input/touchscreen/goodix.mod.o
  LD [M]  drivers/input/touchscreen/goodix.ko
  CC      drivers/input/touchscreen/rpi-ft5406.mod.o
  LD [M]  drivers/input/touchscreen/rpi-ft5406.ko
  CC      drivers/input/touchscreen/stmpe-ts.mod.o
  LD [M]  drivers/input/touchscreen/stmpe-ts.ko
  CC      drivers/input/touchscreen/usbtouchscreen.mod.o
  LD [M]  drivers/input/touchscreen/usbtouchscreen.ko
  CC      drivers/leds/trigger/ledtrig-camera.mod.o
  LD [M]  drivers/leds/trigger/ledtrig-camera.ko
  CC      drivers/leds/trigger/ledtrig-transient.mod.o
  LD [M]  drivers/leds/trigger/ledtrig-transient.ko
  CC      drivers/md/dm-bio-prison.mod.o
  LD [M]  drivers/md/dm-bio-prison.ko
  CC      drivers/md/dm-bufio.mod.o
  LD [M]  drivers/md/dm-bufio.ko
  CC      drivers/md/dm-crypt.mod.o
  LD [M]  drivers/md/dm-crypt.ko
  CC      drivers/md/dm-delay.mod.o
  LD [M]  drivers/md/dm-delay.ko
  CC      drivers/md/dm-log-userspace.mod.o
  LD [M]  drivers/md/dm-log-userspace.ko
  CC      drivers/md/dm-log.mod.o
  LD [M]  drivers/md/dm-log.ko
  CC      drivers/md/dm-mirror.mod.o
  LD [M]  drivers/md/dm-mirror.ko
  CC      drivers/md/dm-mod.mod.o
  LD [M]  drivers/md/dm-mod.ko
  CC      drivers/md/dm-raid.mod.o
  LD [M]  drivers/md/dm-raid.ko
  CC      drivers/md/dm-region-hash.mod.o
  LD [M]  drivers/md/dm-region-hash.ko
  CC      drivers/md/dm-snapshot.mod.o
  LD [M]  drivers/md/dm-snapshot.ko
  CC      drivers/md/dm-thin-pool.mod.o
  LD [M]  drivers/md/dm-thin-pool.ko
  CC      drivers/md/dm-zero.mod.o
  LD [M]  drivers/md/dm-zero.ko
  CC      drivers/md/linear.mod.o
  LD [M]  drivers/md/linear.ko
  CC      drivers/md/md-mod.mod.o
  LD [M]  drivers/md/md-mod.ko
  CC      drivers/md/persistent-data/dm-persistent-data.mod.o
  LD [M]  drivers/md/persistent-data/dm-persistent-data.ko
  CC      drivers/md/raid0.mod.o
  LD [M]  drivers/md/raid0.ko
  CC      drivers/md/raid1.mod.o
  LD [M]  drivers/md/raid1.ko
  CC      drivers/md/raid10.mod.o
  LD [M]  drivers/md/raid10.ko
  CC      drivers/md/raid456.mod.o
  LD [M]  drivers/md/raid456.ko
  CC      drivers/media/common/b2c2/b2c2-flexcop.mod.o
  LD [M]  drivers/media/common/b2c2/b2c2-flexcop.ko
  CC      drivers/media/common/cx2341x.mod.o
  LD [M]  drivers/media/common/cx2341x.ko
  CC      drivers/media/common/cypress_firmware.mod.o
  LD [M]  drivers/media/common/cypress_firmware.ko
  CC      drivers/media/common/siano/smsdvb.mod.o
  LD [M]  drivers/media/common/siano/smsdvb.ko
  CC      drivers/media/common/siano/smsmdtv.mod.o
  LD [M]  drivers/media/common/siano/smsmdtv.ko
  CC      drivers/media/common/tveeprom.mod.o
  LD [M]  drivers/media/common/tveeprom.ko
  CC      drivers/media/dvb-core/dvb-core.mod.o
  LD [M]  drivers/media/dvb-core/dvb-core.ko
  CC      drivers/media/dvb-frontends/a8293.mod.o
  LD [M]  drivers/media/dvb-frontends/a8293.ko
  CC      drivers/media/dvb-frontends/af9013.mod.o
  LD [M]  drivers/media/dvb-frontends/af9013.ko
  CC      drivers/media/dvb-frontends/af9033.mod.o
  LD [M]  drivers/media/dvb-frontends/af9033.ko
  CC      drivers/media/dvb-frontends/as102_fe.mod.o
  LD [M]  drivers/media/dvb-frontends/as102_fe.ko
  CC      drivers/media/dvb-frontends/ascot2e.mod.o
  LD [M]  drivers/media/dvb-frontends/ascot2e.ko
  CC      drivers/media/dvb-frontends/atbm8830.mod.o
  LD [M]  drivers/media/dvb-frontends/atbm8830.ko
  CC      drivers/media/dvb-frontends/au8522_common.mod.o
  LD [M]  drivers/media/dvb-frontends/au8522_common.ko
  CC      drivers/media/dvb-frontends/au8522_decoder.mod.o
  LD [M]  drivers/media/dvb-frontends/au8522_decoder.ko
  CC      drivers/media/dvb-frontends/au8522_dig.mod.o
  LD [M]  drivers/media/dvb-frontends/au8522_dig.ko
  CC      drivers/media/dvb-frontends/bcm3510.mod.o
  LD [M]  drivers/media/dvb-frontends/bcm3510.ko
  CC      drivers/media/dvb-frontends/cx22700.mod.o
  LD [M]  drivers/media/dvb-frontends/cx22700.ko
  CC      drivers/media/dvb-frontends/cx22702.mod.o
  LD [M]  drivers/media/dvb-frontends/cx22702.ko
  CC      drivers/media/dvb-frontends/cx24110.mod.o
  LD [M]  drivers/media/dvb-frontends/cx24110.ko
  CC      drivers/media/dvb-frontends/cx24113.mod.o
  LD [M]  drivers/media/dvb-frontends/cx24113.ko
  CC      drivers/media/dvb-frontends/cx24116.mod.o
  LD [M]  drivers/media/dvb-frontends/cx24116.ko
  CC      drivers/media/dvb-frontends/cx24117.mod.o
  LD [M]  drivers/media/dvb-frontends/cx24117.ko
  CC      drivers/media/dvb-frontends/cx24120.mod.o
  LD [M]  drivers/media/dvb-frontends/cx24120.ko
  CC      drivers/media/dvb-frontends/cx24123.mod.o
  LD [M]  drivers/media/dvb-frontends/cx24123.ko
  CC      drivers/media/dvb-frontends/cxd2820r.mod.o
  LD [M]  drivers/media/dvb-frontends/cxd2820r.ko
  CC      drivers/media/dvb-frontends/cxd2841er.mod.o
  LD [M]  drivers/media/dvb-frontends/cxd2841er.ko
  CC      drivers/media/dvb-frontends/cxd2880/cxd2880.mod.o
  LD [M]  drivers/media/dvb-frontends/cxd2880/cxd2880.ko
  CC      drivers/media/dvb-frontends/dib0070.mod.o
  LD [M]  drivers/media/dvb-frontends/dib0070.ko
  CC      drivers/media/dvb-frontends/dib0090.mod.o
  LD [M]  drivers/media/dvb-frontends/dib0090.ko
  CC      drivers/media/dvb-frontends/dib3000mb.mod.o
  LD [M]  drivers/media/dvb-frontends/dib3000mb.ko
  CC      drivers/media/dvb-frontends/dib3000mc.mod.o
  LD [M]  drivers/media/dvb-frontends/dib3000mc.ko
  CC      drivers/media/dvb-frontends/dib7000m.mod.o
  LD [M]  drivers/media/dvb-frontends/dib7000m.ko
  CC      drivers/media/dvb-frontends/dib7000p.mod.o
  LD [M]  drivers/media/dvb-frontends/dib7000p.ko
  CC      drivers/media/dvb-frontends/dib8000.mod.o
  LD [M]  drivers/media/dvb-frontends/dib8000.ko
  CC      drivers/media/dvb-frontends/dib9000.mod.o
  LD [M]  drivers/media/dvb-frontends/dib9000.ko
  CC      drivers/media/dvb-frontends/dibx000_common.mod.o
  LD [M]  drivers/media/dvb-frontends/dibx000_common.ko
  CC      drivers/media/dvb-frontends/drx39xyj/drx39xyj.mod.o
  LD [M]  drivers/media/dvb-frontends/drx39xyj/drx39xyj.ko
  CC      drivers/media/dvb-frontends/drxd.mod.o
  LD [M]  drivers/media/dvb-frontends/drxd.ko
  CC      drivers/media/dvb-frontends/drxk.mod.o
  LD [M]  drivers/media/dvb-frontends/drxk.ko
  CC      drivers/media/dvb-frontends/ds3000.mod.o
  LD [M]  drivers/media/dvb-frontends/ds3000.ko
  CC      drivers/media/dvb-frontends/dvb-pll.mod.o
  LD [M]  drivers/media/dvb-frontends/dvb-pll.ko
  CC      drivers/media/dvb-frontends/ec100.mod.o
  LD [M]  drivers/media/dvb-frontends/ec100.ko
  CC      drivers/media/dvb-frontends/gp8psk-fe.mod.o
  LD [M]  drivers/media/dvb-frontends/gp8psk-fe.ko
  CC      drivers/media/dvb-frontends/hd29l2.mod.o
  LD [M]  drivers/media/dvb-frontends/hd29l2.ko
  CC      drivers/media/dvb-frontends/helene.mod.o
  LD [M]  drivers/media/dvb-frontends/helene.ko
  CC      drivers/media/dvb-frontends/horus3a.mod.o
  LD [M]  drivers/media/dvb-frontends/horus3a.ko
  CC      drivers/media/dvb-frontends/isl6405.mod.o
  LD [M]  drivers/media/dvb-frontends/isl6405.ko
  CC      drivers/media/dvb-frontends/isl6421.mod.o
  LD [M]  drivers/media/dvb-frontends/isl6421.ko
  CC      drivers/media/dvb-frontends/isl6423.mod.o
  LD [M]  drivers/media/dvb-frontends/isl6423.ko
  CC      drivers/media/dvb-frontends/itd1000.mod.o
  LD [M]  drivers/media/dvb-frontends/itd1000.ko
  CC      drivers/media/dvb-frontends/ix2505v.mod.o
  LD [M]  drivers/media/dvb-frontends/ix2505v.ko
  CC      drivers/media/dvb-frontends/l64781.mod.o
  LD [M]  drivers/media/dvb-frontends/l64781.ko
  CC      drivers/media/dvb-frontends/lg2160.mod.o
  LD [M]  drivers/media/dvb-frontends/lg2160.ko
  CC      drivers/media/dvb-frontends/lgdt3305.mod.o
  LD [M]  drivers/media/dvb-frontends/lgdt3305.ko
  CC      drivers/media/dvb-frontends/lgdt3306a.mod.o
  LD [M]  drivers/media/dvb-frontends/lgdt3306a.ko
  CC      drivers/media/dvb-frontends/lgdt330x.mod.o
  LD [M]  drivers/media/dvb-frontends/lgdt330x.ko
  CC      drivers/media/dvb-frontends/lgs8gl5.mod.o
  LD [M]  drivers/media/dvb-frontends/lgs8gl5.ko
  CC      drivers/media/dvb-frontends/lgs8gxx.mod.o
  LD [M]  drivers/media/dvb-frontends/lgs8gxx.ko
  CC      drivers/media/dvb-frontends/lnbh25.mod.o
  LD [M]  drivers/media/dvb-frontends/lnbh25.ko
  CC      drivers/media/dvb-frontends/lnbp21.mod.o
  LD [M]  drivers/media/dvb-frontends/lnbp21.ko
  CC      drivers/media/dvb-frontends/lnbp22.mod.o
  LD [M]  drivers/media/dvb-frontends/lnbp22.ko
  CC      drivers/media/dvb-frontends/m88ds3103.mod.o
  LD [M]  drivers/media/dvb-frontends/m88ds3103.ko
  CC      drivers/media/dvb-frontends/m88rs2000.mod.o
  LD [M]  drivers/media/dvb-frontends/m88rs2000.ko
  CC      drivers/media/dvb-frontends/mb86a16.mod.o
  LD [M]  drivers/media/dvb-frontends/mb86a16.ko
  CC      drivers/media/dvb-frontends/mb86a20s.mod.o
  LD [M]  drivers/media/dvb-frontends/mb86a20s.ko
  CC      drivers/media/dvb-frontends/mn88472.mod.o
  LD [M]  drivers/media/dvb-frontends/mn88472.ko
  CC      drivers/media/dvb-frontends/mn88473.mod.o
  LD [M]  drivers/media/dvb-frontends/mn88473.ko
  CC      drivers/media/dvb-frontends/mt312.mod.o
  LD [M]  drivers/media/dvb-frontends/mt312.ko
  CC      drivers/media/dvb-frontends/mt352.mod.o
  LD [M]  drivers/media/dvb-frontends/mt352.ko
  CC      drivers/media/dvb-frontends/nxt200x.mod.o
  LD [M]  drivers/media/dvb-frontends/nxt200x.ko
  CC      drivers/media/dvb-frontends/nxt6000.mod.o
  LD [M]  drivers/media/dvb-frontends/nxt6000.ko
  CC      drivers/media/dvb-frontends/or51132.mod.o
  LD [M]  drivers/media/dvb-frontends/or51132.ko
  CC      drivers/media/dvb-frontends/or51211.mod.o
  LD [M]  drivers/media/dvb-frontends/or51211.ko
  CC      drivers/media/dvb-frontends/rtl2830.mod.o
  LD [M]  drivers/media/dvb-frontends/rtl2830.ko
  CC      drivers/media/dvb-frontends/rtl2832.mod.o
  LD [M]  drivers/media/dvb-frontends/rtl2832.ko
  CC      drivers/media/dvb-frontends/s5h1409.mod.o
  LD [M]  drivers/media/dvb-frontends/s5h1409.ko
  CC      drivers/media/dvb-frontends/s5h1411.mod.o
  LD [M]  drivers/media/dvb-frontends/s5h1411.ko
  CC      drivers/media/dvb-frontends/s5h1420.mod.o
  LD [M]  drivers/media/dvb-frontends/s5h1420.ko
  CC      drivers/media/dvb-frontends/s5h1432.mod.o
  LD [M]  drivers/media/dvb-frontends/s5h1432.ko
  CC      drivers/media/dvb-frontends/s921.mod.o
  LD [M]  drivers/media/dvb-frontends/s921.ko
  CC      drivers/media/dvb-frontends/si2165.mod.o
  LD [M]  drivers/media/dvb-frontends/si2165.ko
  CC      drivers/media/dvb-frontends/si2168.mod.o
  LD [M]  drivers/media/dvb-frontends/si2168.ko
  CC      drivers/media/dvb-frontends/si21xx.mod.o
  LD [M]  drivers/media/dvb-frontends/si21xx.ko
  CC      drivers/media/dvb-frontends/sp2.mod.o
  LD [M]  drivers/media/dvb-frontends/sp2.ko
  CC      drivers/media/dvb-frontends/sp8870.mod.o
  LD [M]  drivers/media/dvb-frontends/sp8870.ko
  CC      drivers/media/dvb-frontends/sp887x.mod.o
  LD [M]  drivers/media/dvb-frontends/sp887x.ko
  CC      drivers/media/dvb-frontends/stb0899.mod.o
  LD [M]  drivers/media/dvb-frontends/stb0899.ko
  CC      drivers/media/dvb-frontends/stb6000.mod.o
  LD [M]  drivers/media/dvb-frontends/stb6000.ko
  CC      drivers/media/dvb-frontends/stb6100.mod.o
  LD [M]  drivers/media/dvb-frontends/stb6100.ko
  CC      drivers/media/dvb-frontends/stv0288.mod.o
  LD [M]  drivers/media/dvb-frontends/stv0288.ko
  CC      drivers/media/dvb-frontends/stv0297.mod.o
  LD [M]  drivers/media/dvb-frontends/stv0297.ko
  CC      drivers/media/dvb-frontends/stv0299.mod.o
  LD [M]  drivers/media/dvb-frontends/stv0299.ko
  CC      drivers/media/dvb-frontends/stv0367.mod.o
  LD [M]  drivers/media/dvb-frontends/stv0367.ko
  CC      drivers/media/dvb-frontends/stv0900.mod.o
  LD [M]  drivers/media/dvb-frontends/stv0900.ko
  CC      drivers/media/dvb-frontends/stv090x.mod.o
  LD [M]  drivers/media/dvb-frontends/stv090x.ko
  CC      drivers/media/dvb-frontends/stv6110.mod.o
  LD [M]  drivers/media/dvb-frontends/stv6110.ko
  CC      drivers/media/dvb-frontends/stv6110x.mod.o
  LD [M]  drivers/media/dvb-frontends/stv6110x.ko
  CC      drivers/media/dvb-frontends/tc90522.mod.o
  LD [M]  drivers/media/dvb-frontends/tc90522.ko
  CC      drivers/media/dvb-frontends/tda10021.mod.o
  LD [M]  drivers/media/dvb-frontends/tda10021.ko
  CC      drivers/media/dvb-frontends/tda10023.mod.o
  LD [M]  drivers/media/dvb-frontends/tda10023.ko
  CC      drivers/media/dvb-frontends/tda10048.mod.o
  LD [M]  drivers/media/dvb-frontends/tda10048.ko
  CC      drivers/media/dvb-frontends/tda1004x.mod.o
  LD [M]  drivers/media/dvb-frontends/tda1004x.ko
  CC      drivers/media/dvb-frontends/tda10071.mod.o
  LD [M]  drivers/media/dvb-frontends/tda10071.ko
  CC      drivers/media/dvb-frontends/tda10086.mod.o
  LD [M]  drivers/media/dvb-frontends/tda10086.ko
  CC      drivers/media/dvb-frontends/tda18271c2dd.mod.o
  LD [M]  drivers/media/dvb-frontends/tda18271c2dd.ko
  CC      drivers/media/dvb-frontends/tda665x.mod.o
  LD [M]  drivers/media/dvb-frontends/tda665x.ko
  CC      drivers/media/dvb-frontends/tda8083.mod.o
  LD [M]  drivers/media/dvb-frontends/tda8083.ko
  CC      drivers/media/dvb-frontends/tda8261.mod.o
  LD [M]  drivers/media/dvb-frontends/tda8261.ko
  CC      drivers/media/dvb-frontends/tda826x.mod.o
  LD [M]  drivers/media/dvb-frontends/tda826x.ko
  CC      drivers/media/dvb-frontends/ts2020.mod.o
  LD [M]  drivers/media/dvb-frontends/ts2020.ko
  CC      drivers/media/dvb-frontends/tua6100.mod.o
  LD [M]  drivers/media/dvb-frontends/tua6100.ko
  CC      drivers/media/dvb-frontends/ves1820.mod.o
  LD [M]  drivers/media/dvb-frontends/ves1820.ko
  CC      drivers/media/dvb-frontends/ves1x93.mod.o
  LD [M]  drivers/media/dvb-frontends/ves1x93.ko
  CC      drivers/media/dvb-frontends/zl10036.mod.o
  LD [M]  drivers/media/dvb-frontends/zl10036.ko
  CC      drivers/media/dvb-frontends/zl10039.mod.o
  LD [M]  drivers/media/dvb-frontends/zl10039.ko
  CC      drivers/media/dvb-frontends/zl10353.mod.o
  LD [M]  drivers/media/dvb-frontends/zl10353.ko
  CC      drivers/media/i2c/cs53l32a.mod.o
  LD [M]  drivers/media/i2c/cs53l32a.ko
  CC      drivers/media/i2c/cx25840/cx25840.mod.o
  LD [M]  drivers/media/i2c/cx25840/cx25840.ko
  CC      drivers/media/i2c/ir-kbd-i2c.mod.o
  LD [M]  drivers/media/i2c/ir-kbd-i2c.ko
  CC      drivers/media/i2c/msp3400.mod.o
  LD [M]  drivers/media/i2c/msp3400.ko
  CC      drivers/media/i2c/mt9v011.mod.o
  LD [M]  drivers/media/i2c/mt9v011.ko
  CC      drivers/media/i2c/ov7640.mod.o
  LD [M]  drivers/media/i2c/ov7640.ko
  CC      drivers/media/i2c/saa7115.mod.o
  LD [M]  drivers/media/i2c/saa7115.ko
  CC      drivers/media/i2c/sony-btf-mpx.mod.o
  LD [M]  drivers/media/i2c/sony-btf-mpx.ko
  CC      drivers/media/i2c/tvp5150.mod.o
  LD [M]  drivers/media/i2c/tvp5150.ko
  CC      drivers/media/i2c/tw2804.mod.o
  LD [M]  drivers/media/i2c/tw2804.ko
  CC      drivers/media/i2c/tw9903.mod.o
  LD [M]  drivers/media/i2c/tw9903.ko
  CC      drivers/media/i2c/tw9906.mod.o
  LD [M]  drivers/media/i2c/tw9906.ko
  CC      drivers/media/i2c/uda1342.mod.o
  LD [M]  drivers/media/i2c/uda1342.ko
  CC      drivers/media/i2c/wm8775.mod.o
  LD [M]  drivers/media/i2c/wm8775.ko
  CC      drivers/media/media.mod.o
  LD [M]  drivers/media/media.ko
  CC      drivers/media/pci/ttpci/ttpci-eeprom.mod.o
  LD [M]  drivers/media/pci/ttpci/ttpci-eeprom.ko
  CC      drivers/media/platform/bcm2835/bcm2835-v4l2.mod.o
  LD [M]  drivers/media/platform/bcm2835/bcm2835-v4l2.ko
  CC      drivers/media/radio/dsbr100.mod.o
  LD [M]  drivers/media/radio/dsbr100.ko
  CC      drivers/media/radio/radio-keene.mod.o
  LD [M]  drivers/media/radio/radio-keene.ko
  CC      drivers/media/radio/radio-ma901.mod.o
  LD [M]  drivers/media/radio/radio-ma901.ko
  CC      drivers/media/radio/radio-mr800.mod.o
  LD [M]  drivers/media/radio/radio-mr800.ko
  CC      drivers/media/radio/radio-shark.mod.o
  LD [M]  drivers/media/radio/radio-shark.ko
  CC      drivers/media/radio/radio-tea5764.mod.o
  LD [M]  drivers/media/radio/radio-tea5764.ko
  CC      drivers/media/radio/radio-wl1273.mod.o
  LD [M]  drivers/media/radio/radio-wl1273.ko
  CC      drivers/media/radio/saa7706h.mod.o
  LD [M]  drivers/media/radio/saa7706h.ko
  CC      drivers/media/radio/shark2.mod.o
  LD [M]  drivers/media/radio/shark2.ko
  CC      drivers/media/radio/si470x/radio-i2c-si470x.mod.o
  LD [M]  drivers/media/radio/si470x/radio-i2c-si470x.ko
  CC      drivers/media/radio/si470x/radio-usb-si470x.mod.o
  LD [M]  drivers/media/radio/si470x/radio-usb-si470x.ko
  CC      drivers/media/radio/si4713/si4713.mod.o
  LD [M]  drivers/media/radio/si4713/si4713.ko
  CC      drivers/media/radio/tea575x.mod.o
  LD [M]  drivers/media/radio/tea575x.ko
  CC      drivers/media/radio/tef6862.mod.o
  LD [M]  drivers/media/radio/tef6862.ko
  CC      drivers/media/radio/wl128x/fm_drv.mod.o
  LD [M]  drivers/media/radio/wl128x/fm_drv.ko
  CC      drivers/media/rc/ati_remote.mod.o
  LD [M]  drivers/media/rc/ati_remote.ko
  CC      drivers/media/rc/gpio-ir-recv.mod.o
  LD [M]  drivers/media/rc/gpio-ir-recv.ko
  CC      drivers/media/rc/iguanair.mod.o
  LD [M]  drivers/media/rc/iguanair.ko
  CC      drivers/media/rc/imon.mod.o
  LD [M]  drivers/media/rc/imon.ko
  CC      drivers/media/rc/ir-jvc-decoder.mod.o
  LD [M]  drivers/media/rc/ir-jvc-decoder.ko
  CC      drivers/media/rc/ir-lirc-codec.mod.o
  LD [M]  drivers/media/rc/ir-lirc-codec.ko
  CC      drivers/media/rc/ir-mce_kbd-decoder.mod.o
  LD [M]  drivers/media/rc/ir-mce_kbd-decoder.ko
  CC      drivers/media/rc/ir-nec-decoder.mod.o
  LD [M]  drivers/media/rc/ir-nec-decoder.ko
  CC      drivers/media/rc/ir-rc5-decoder.mod.o
  LD [M]  drivers/media/rc/ir-rc5-decoder.ko
  CC      drivers/media/rc/ir-rc6-decoder.mod.o
  LD [M]  drivers/media/rc/ir-rc6-decoder.ko
  CC      drivers/media/rc/ir-sanyo-decoder.mod.o
  LD [M]  drivers/media/rc/ir-sanyo-decoder.ko
  CC      drivers/media/rc/ir-sharp-decoder.mod.o
  LD [M]  drivers/media/rc/ir-sharp-decoder.ko
  CC      drivers/media/rc/ir-sony-decoder.mod.o
  LD [M]  drivers/media/rc/ir-sony-decoder.ko
  CC      drivers/media/rc/ir-xmp-decoder.mod.o
  LD [M]  drivers/media/rc/ir-xmp-decoder.ko
  CC      drivers/media/rc/keymaps/rc-adstech-dvb-t-pci.mod.o
  LD [M]  drivers/media/rc/keymaps/rc-adstech-dvb-t-pci.ko
  CC      drivers/media/rc/keymaps/rc-alink-dtu-m.mod.o
  LD [M]  drivers/media/rc/keymaps/rc-alink-dtu-m.ko
  CC      drivers/media/rc/keymaps/rc-anysee.mod.o
  LD [M]  drivers/media/rc/keymaps/rc-anysee.ko
  CC      drivers/media/rc/keymaps/rc-apac-viewcomp.mod.o
  LD [M]  drivers/media/rc/keymaps/rc-apac-viewcomp.ko
  CC      drivers/media/rc/keymaps/rc-asus-pc39.mod.o
  LD [M]  drivers/media/rc/keymaps/rc-asus-pc39.ko
  CC      drivers/media/rc/keymaps/rc-asus-ps3-100.mod.o
  LD [M]  drivers/media/rc/keymaps/rc-asus-ps3-100.ko
  CC      drivers/media/rc/keymaps/rc-ati-tv-wonder-hd-600.mod.o
  LD [M]  drivers/media/rc/keymaps/rc-ati-tv-wonder-hd-600.ko
  CC      drivers/media/rc/keymaps/rc-ati-x10.mod.o
  LD [M]  drivers/media/rc/keymaps/rc-ati-x10.ko
  CC      drivers/media/rc/keymaps/rc-avermedia-a16d.mod.o
  LD [M]  drivers/media/rc/keymaps/rc-avermedia-a16d.ko
  CC      drivers/media/rc/keymaps/rc-avermedia-cardbus.mod.o
  LD [M]  drivers/media/rc/keymaps/rc-avermedia-cardbus.ko
  CC      drivers/media/rc/keymaps/rc-avermedia-dvbt.mod.o
  LD [M]  drivers/media/rc/keymaps/rc-avermedia-dvbt.ko
  CC      drivers/media/rc/keymaps/rc-avermedia-m135a.mod.o
  LD [M]  drivers/media/rc/keymaps/rc-avermedia-m135a.ko
  CC      drivers/media/rc/keymaps/rc-avermedia-m733a-rm-k6.mod.o
  LD [M]  drivers/media/rc/keymaps/rc-avermedia-m733a-rm-k6.ko
  CC      drivers/media/rc/keymaps/rc-avermedia-rm-ks.mod.o
  LD [M]  drivers/media/rc/keymaps/rc-avermedia-rm-ks.ko
  CC      drivers/media/rc/keymaps/rc-avermedia.mod.o
  LD [M]  drivers/media/rc/keymaps/rc-avermedia.ko
  CC      drivers/media/rc/keymaps/rc-avertv-303.mod.o
  LD [M]  drivers/media/rc/keymaps/rc-avertv-303.ko
  CC      drivers/media/rc/keymaps/rc-azurewave-ad-tu700.mod.o
  LD [M]  drivers/media/rc/keymaps/rc-azurewave-ad-tu700.ko
  CC      drivers/media/rc/keymaps/rc-behold-columbus.mod.o
  LD [M]  drivers/media/rc/keymaps/rc-behold-columbus.ko
  CC      drivers/media/rc/keymaps/rc-behold.mod.o
  LD [M]  drivers/media/rc/keymaps/rc-behold.ko
  CC      drivers/media/rc/keymaps/rc-budget-ci-old.mod.o
  LD [M]  drivers/media/rc/keymaps/rc-budget-ci-old.ko
  CC      drivers/media/rc/keymaps/rc-cec.mod.o
  LD [M]  drivers/media/rc/keymaps/rc-cec.ko
  CC      drivers/media/rc/keymaps/rc-cinergy-1400.mod.o
  LD [M]  drivers/media/rc/keymaps/rc-cinergy-1400.ko
  CC      drivers/media/rc/keymaps/rc-cinergy.mod.o
  LD [M]  drivers/media/rc/keymaps/rc-cinergy.ko
  CC      drivers/media/rc/keymaps/rc-delock-61959.mod.o
  LD [M]  drivers/media/rc/keymaps/rc-delock-61959.ko
  CC      drivers/media/rc/keymaps/rc-dib0700-nec.mod.o
  LD [M]  drivers/media/rc/keymaps/rc-dib0700-nec.ko
  CC      drivers/media/rc/keymaps/rc-dib0700-rc5.mod.o
  LD [M]  drivers/media/rc/keymaps/rc-dib0700-rc5.ko
  CC      drivers/media/rc/keymaps/rc-digitalnow-tinytwin.mod.o
  LD [M]  drivers/media/rc/keymaps/rc-digitalnow-tinytwin.ko
  CC      drivers/media/rc/keymaps/rc-digittrade.mod.o
  LD [M]  drivers/media/rc/keymaps/rc-digittrade.ko
  CC      drivers/media/rc/keymaps/rc-dm1105-nec.mod.o
  LD [M]  drivers/media/rc/keymaps/rc-dm1105-nec.ko
  CC      drivers/media/rc/keymaps/rc-dntv-live-dvb-t.mod.o
  LD [M]  drivers/media/rc/keymaps/rc-dntv-live-dvb-t.ko
  CC      drivers/media/rc/keymaps/rc-dntv-live-dvbt-pro.mod.o
  LD [M]  drivers/media/rc/keymaps/rc-dntv-live-dvbt-pro.ko
  CC      drivers/media/rc/keymaps/rc-dtt200u.mod.o
  LD [M]  drivers/media/rc/keymaps/rc-dtt200u.ko
  CC      drivers/media/rc/keymaps/rc-dvbsky.mod.o
  LD [M]  drivers/media/rc/keymaps/rc-dvbsky.ko
  CC      drivers/media/rc/keymaps/rc-em-terratec.mod.o
  LD [M]  drivers/media/rc/keymaps/rc-em-terratec.ko
  CC      drivers/media/rc/keymaps/rc-encore-enltv-fm53.mod.o
  LD [M]  drivers/media/rc/keymaps/rc-encore-enltv-fm53.ko
  CC      drivers/media/rc/keymaps/rc-encore-enltv.mod.o
  LD [M]  drivers/media/rc/keymaps/rc-encore-enltv.ko
  CC      drivers/media/rc/keymaps/rc-encore-enltv2.mod.o
  LD [M]  drivers/media/rc/keymaps/rc-encore-enltv2.ko
  CC      drivers/media/rc/keymaps/rc-evga-indtube.mod.o
  LD [M]  drivers/media/rc/keymaps/rc-evga-indtube.ko
  CC      drivers/media/rc/keymaps/rc-eztv.mod.o
  LD [M]  drivers/media/rc/keymaps/rc-eztv.ko
  CC      drivers/media/rc/keymaps/rc-flydvb.mod.o
  LD [M]  drivers/media/rc/keymaps/rc-flydvb.ko
  CC      drivers/media/rc/keymaps/rc-flyvideo.mod.o
  LD [M]  drivers/media/rc/keymaps/rc-flyvideo.ko
  CC      drivers/media/rc/keymaps/rc-fusionhdtv-mce.mod.o
  LD [M]  drivers/media/rc/keymaps/rc-fusionhdtv-mce.ko
  CC      drivers/media/rc/keymaps/rc-gadmei-rm008z.mod.o
  LD [M]  drivers/media/rc/keymaps/rc-gadmei-rm008z.ko
  CC      drivers/media/rc/keymaps/rc-genius-tvgo-a11mce.mod.o
  LD [M]  drivers/media/rc/keymaps/rc-genius-tvgo-a11mce.ko
  CC      drivers/media/rc/keymaps/rc-gotview7135.mod.o
  LD [M]  drivers/media/rc/keymaps/rc-gotview7135.ko
  CC      drivers/media/rc/keymaps/rc-hauppauge.mod.o
  LD [M]  drivers/media/rc/keymaps/rc-hauppauge.ko
  CC      drivers/media/rc/keymaps/rc-imon-mce.mod.o
  LD [M]  drivers/media/rc/keymaps/rc-imon-mce.ko
  CC      drivers/media/rc/keymaps/rc-imon-pad.mod.o
  LD [M]  drivers/media/rc/keymaps/rc-imon-pad.ko
  CC      drivers/media/rc/keymaps/rc-iodata-bctv7e.mod.o
  LD [M]  drivers/media/rc/keymaps/rc-iodata-bctv7e.ko
  CC      drivers/media/rc/keymaps/rc-it913x-v1.mod.o
  LD [M]  drivers/media/rc/keymaps/rc-it913x-v1.ko
  CC      drivers/media/rc/keymaps/rc-it913x-v2.mod.o
  LD [M]  drivers/media/rc/keymaps/rc-it913x-v2.ko
  CC      drivers/media/rc/keymaps/rc-kaiomy.mod.o
  LD [M]  drivers/media/rc/keymaps/rc-kaiomy.ko
  CC      drivers/media/rc/keymaps/rc-kworld-315u.mod.o
  LD [M]  drivers/media/rc/keymaps/rc-kworld-315u.ko
  CC      drivers/media/rc/keymaps/rc-kworld-pc150u.mod.o
  LD [M]  drivers/media/rc/keymaps/rc-kworld-pc150u.ko
  CC      drivers/media/rc/keymaps/rc-kworld-plus-tv-analog.mod.o
  LD [M]  drivers/media/rc/keymaps/rc-kworld-plus-tv-analog.ko
  CC      drivers/media/rc/keymaps/rc-leadtek-y04g0051.mod.o
  LD [M]  drivers/media/rc/keymaps/rc-leadtek-y04g0051.ko
  CC      drivers/media/rc/keymaps/rc-lirc.mod.o
  LD [M]  drivers/media/rc/keymaps/rc-lirc.ko
  CC      drivers/media/rc/keymaps/rc-lme2510.mod.o
  LD [M]  drivers/media/rc/keymaps/rc-lme2510.ko
  CC      drivers/media/rc/keymaps/rc-manli.mod.o
  LD [M]  drivers/media/rc/keymaps/rc-manli.ko
  CC      drivers/media/rc/keymaps/rc-medion-x10-digitainer.mod.o
  LD [M]  drivers/media/rc/keymaps/rc-medion-x10-digitainer.ko
  CC      drivers/media/rc/keymaps/rc-medion-x10-or2x.mod.o
  LD [M]  drivers/media/rc/keymaps/rc-medion-x10-or2x.ko
  CC      drivers/media/rc/keymaps/rc-medion-x10.mod.o
  LD [M]  drivers/media/rc/keymaps/rc-medion-x10.ko
  CC      drivers/media/rc/keymaps/rc-msi-digivox-ii.mod.o
  LD [M]  drivers/media/rc/keymaps/rc-msi-digivox-ii.ko
  CC      drivers/media/rc/keymaps/rc-msi-digivox-iii.mod.o
  LD [M]  drivers/media/rc/keymaps/rc-msi-digivox-iii.ko
  CC      drivers/media/rc/keymaps/rc-msi-tvanywhere-plus.mod.o
  LD [M]  drivers/media/rc/keymaps/rc-msi-tvanywhere-plus.ko
  CC      drivers/media/rc/keymaps/rc-msi-tvanywhere.mod.o
  LD [M]  drivers/media/rc/keymaps/rc-msi-tvanywhere.ko
  CC      drivers/media/rc/keymaps/rc-nebula.mod.o
  LD [M]  drivers/media/rc/keymaps/rc-nebula.ko
  CC      drivers/media/rc/keymaps/rc-nec-terratec-cinergy-xs.mod.o
  LD [M]  drivers/media/rc/keymaps/rc-nec-terratec-cinergy-xs.ko
  CC      drivers/media/rc/keymaps/rc-norwood.mod.o
  LD [M]  drivers/media/rc/keymaps/rc-norwood.ko
  CC      drivers/media/rc/keymaps/rc-npgtech.mod.o
  LD [M]  drivers/media/rc/keymaps/rc-npgtech.ko
  CC      drivers/media/rc/keymaps/rc-pctv-sedna.mod.o
  LD [M]  drivers/media/rc/keymaps/rc-pctv-sedna.ko
  CC      drivers/media/rc/keymaps/rc-pinnacle-color.mod.o
  LD [M]  drivers/media/rc/keymaps/rc-pinnacle-color.ko
  CC      drivers/media/rc/keymaps/rc-pinnacle-grey.mod.o
  LD [M]  drivers/media/rc/keymaps/rc-pinnacle-grey.ko
  CC      drivers/media/rc/keymaps/rc-pinnacle-pctv-hd.mod.o
  LD [M]  drivers/media/rc/keymaps/rc-pinnacle-pctv-hd.ko
  CC      drivers/media/rc/keymaps/rc-pixelview-002t.mod.o
  LD [M]  drivers/media/rc/keymaps/rc-pixelview-002t.ko
  CC      drivers/media/rc/keymaps/rc-pixelview-mk12.mod.o
  LD [M]  drivers/media/rc/keymaps/rc-pixelview-mk12.ko
  CC      drivers/media/rc/keymaps/rc-pixelview-new.mod.o
  LD [M]  drivers/media/rc/keymaps/rc-pixelview-new.ko
  CC      drivers/media/rc/keymaps/rc-pixelview.mod.o
  LD [M]  drivers/media/rc/keymaps/rc-pixelview.ko
  CC      drivers/media/rc/keymaps/rc-powercolor-real-angel.mod.o
  LD [M]  drivers/media/rc/keymaps/rc-powercolor-real-angel.ko
  CC      drivers/media/rc/keymaps/rc-proteus-2309.mod.o
  LD [M]  drivers/media/rc/keymaps/rc-proteus-2309.ko
  CC      drivers/media/rc/keymaps/rc-purpletv.mod.o
  LD [M]  drivers/media/rc/keymaps/rc-purpletv.ko
  CC      drivers/media/rc/keymaps/rc-pv951.mod.o
  LD [M]  drivers/media/rc/keymaps/rc-pv951.ko
  CC      drivers/media/rc/keymaps/rc-rc6-mce.mod.o
  LD [M]  drivers/media/rc/keymaps/rc-rc6-mce.ko
  CC      drivers/media/rc/keymaps/rc-real-audio-220-32-keys.mod.o
  LD [M]  drivers/media/rc/keymaps/rc-real-audio-220-32-keys.ko
  CC      drivers/media/rc/keymaps/rc-reddo.mod.o
  LD [M]  drivers/media/rc/keymaps/rc-reddo.ko
  CC      drivers/media/rc/keymaps/rc-snapstream-firefly.mod.o
  LD [M]  drivers/media/rc/keymaps/rc-snapstream-firefly.ko
  CC      drivers/media/rc/keymaps/rc-streamzap.mod.o
  LD [M]  drivers/media/rc/keymaps/rc-streamzap.ko
  CC      drivers/media/rc/keymaps/rc-su3000.mod.o
  LD [M]  drivers/media/rc/keymaps/rc-su3000.ko
  CC      drivers/media/rc/keymaps/rc-tbs-nec.mod.o
  LD [M]  drivers/media/rc/keymaps/rc-tbs-nec.ko
  CC      drivers/media/rc/keymaps/rc-technisat-ts35.mod.o
  LD [M]  drivers/media/rc/keymaps/rc-technisat-ts35.ko
  CC      drivers/media/rc/keymaps/rc-technisat-usb2.mod.o
  LD [M]  drivers/media/rc/keymaps/rc-technisat-usb2.ko
  CC      drivers/media/rc/keymaps/rc-terratec-cinergy-c-pci.mod.o
  LD [M]  drivers/media/rc/keymaps/rc-terratec-cinergy-c-pci.ko
  CC      drivers/media/rc/keymaps/rc-terratec-cinergy-s2-hd.mod.o
  LD [M]  drivers/media/rc/keymaps/rc-terratec-cinergy-s2-hd.ko
  CC      drivers/media/rc/keymaps/rc-terratec-cinergy-xs.mod.o
  LD [M]  drivers/media/rc/keymaps/rc-terratec-cinergy-xs.ko
  CC      drivers/media/rc/keymaps/rc-terratec-slim-2.mod.o
  LD [M]  drivers/media/rc/keymaps/rc-terratec-slim-2.ko
  CC      drivers/media/rc/keymaps/rc-terratec-slim.mod.o
  LD [M]  drivers/media/rc/keymaps/rc-terratec-slim.ko
  CC      drivers/media/rc/keymaps/rc-tevii-nec.mod.o
  LD [M]  drivers/media/rc/keymaps/rc-tevii-nec.ko
  CC      drivers/media/rc/keymaps/rc-tivo.mod.o
  LD [M]  drivers/media/rc/keymaps/rc-tivo.ko
  CC      drivers/media/rc/keymaps/rc-total-media-in-hand-02.mod.o
  LD [M]  drivers/media/rc/keymaps/rc-total-media-in-hand-02.ko
  CC      drivers/media/rc/keymaps/rc-total-media-in-hand.mod.o
  LD [M]  drivers/media/rc/keymaps/rc-total-media-in-hand.ko
  CC      drivers/media/rc/keymaps/rc-trekstor.mod.o
  LD [M]  drivers/media/rc/keymaps/rc-trekstor.ko
  CC      drivers/media/rc/keymaps/rc-tt-1500.mod.o
  LD [M]  drivers/media/rc/keymaps/rc-tt-1500.ko
  CC      drivers/media/rc/keymaps/rc-twinhan-dtv-cab-ci.mod.o
  LD [M]  drivers/media/rc/keymaps/rc-twinhan-dtv-cab-ci.ko
  CC      drivers/media/rc/keymaps/rc-twinhan1027.mod.o
  LD [M]  drivers/media/rc/keymaps/rc-twinhan1027.ko
  CC      drivers/media/rc/keymaps/rc-videomate-m1f.mod.o
  LD [M]  drivers/media/rc/keymaps/rc-videomate-m1f.ko
  CC      drivers/media/rc/keymaps/rc-videomate-s350.mod.o
  LD [M]  drivers/media/rc/keymaps/rc-videomate-s350.ko
  CC      drivers/media/rc/keymaps/rc-videomate-tv-pvr.mod.o
  LD [M]  drivers/media/rc/keymaps/rc-videomate-tv-pvr.ko
  CC      drivers/media/rc/keymaps/rc-winfast-usbii-deluxe.mod.o
  LD [M]  drivers/media/rc/keymaps/rc-winfast-usbii-deluxe.ko
  CC      drivers/media/rc/keymaps/rc-winfast.mod.o
  LD [M]  drivers/media/rc/keymaps/rc-winfast.ko
  CC      drivers/media/rc/lirc_dev.mod.o
  LD [M]  drivers/media/rc/lirc_dev.ko
  CC      drivers/media/rc/mceusb.mod.o
  LD [M]  drivers/media/rc/mceusb.ko
  CC      drivers/media/rc/rc-core.mod.o
  LD [M]  drivers/media/rc/rc-core.ko
  CC      drivers/media/rc/rc-loopback.mod.o
  LD [M]  drivers/media/rc/rc-loopback.ko
  CC      drivers/media/rc/redrat3.mod.o
  LD [M]  drivers/media/rc/redrat3.ko
  CC      drivers/media/rc/streamzap.mod.o
  LD [M]  drivers/media/rc/streamzap.ko
  CC      drivers/media/rc/ttusbir.mod.o
  LD [M]  drivers/media/rc/ttusbir.ko
  CC      drivers/media/spi/cxd2880-spi.mod.o
  LD [M]  drivers/media/spi/cxd2880-spi.ko
  CC      drivers/media/tuners/e4000.mod.o
  LD [M]  drivers/media/tuners/e4000.ko
  CC      drivers/media/tuners/fc0011.mod.o
  LD [M]  drivers/media/tuners/fc0011.ko
  CC      drivers/media/tuners/fc0012.mod.o
  LD [M]  drivers/media/tuners/fc0012.ko
  CC      drivers/media/tuners/fc0013.mod.o
  LD [M]  drivers/media/tuners/fc0013.ko
  CC      drivers/media/tuners/fc2580.mod.o
  LD [M]  drivers/media/tuners/fc2580.ko
  CC      drivers/media/tuners/it913x.mod.o
  LD [M]  drivers/media/tuners/it913x.ko
  CC      drivers/media/tuners/m88rs6000t.mod.o
  LD [M]  drivers/media/tuners/m88rs6000t.ko
  CC      drivers/media/tuners/max2165.mod.o
  LD [M]  drivers/media/tuners/max2165.ko
  CC      drivers/media/tuners/mc44s803.mod.o
  LD [M]  drivers/media/tuners/mc44s803.ko
  CC      drivers/media/tuners/msi001.mod.o
  LD [M]  drivers/media/tuners/msi001.ko
  CC      drivers/media/tuners/mt2060.mod.o
  LD [M]  drivers/media/tuners/mt2060.ko
  CC      drivers/media/tuners/mt2063.mod.o
  LD [M]  drivers/media/tuners/mt2063.ko
  CC      drivers/media/tuners/mt20xx.mod.o
  LD [M]  drivers/media/tuners/mt20xx.ko
  CC      drivers/media/tuners/mt2131.mod.o
  LD [M]  drivers/media/tuners/mt2131.ko
  CC      drivers/media/tuners/mt2266.mod.o
  LD [M]  drivers/media/tuners/mt2266.ko
  CC      drivers/media/tuners/mxl301rf.mod.o
  LD [M]  drivers/media/tuners/mxl301rf.ko
  CC      drivers/media/tuners/mxl5005s.mod.o
  LD [M]  drivers/media/tuners/mxl5005s.ko
  CC      drivers/media/tuners/mxl5007t.mod.o
  LD [M]  drivers/media/tuners/mxl5007t.ko
  CC      drivers/media/tuners/qm1d1c0042.mod.o
  LD [M]  drivers/media/tuners/qm1d1c0042.ko
  CC      drivers/media/tuners/qt1010.mod.o
  LD [M]  drivers/media/tuners/qt1010.ko
  CC      drivers/media/tuners/r820t.mod.o
  LD [M]  drivers/media/tuners/r820t.ko
  CC      drivers/media/tuners/si2157.mod.o
  LD [M]  drivers/media/tuners/si2157.ko
  CC      drivers/media/tuners/tda18212.mod.o
  LD [M]  drivers/media/tuners/tda18212.ko
  CC      drivers/media/tuners/tda18218.mod.o
  LD [M]  drivers/media/tuners/tda18218.ko
  CC      drivers/media/tuners/tda18271.mod.o
  LD [M]  drivers/media/tuners/tda18271.ko
  CC      drivers/media/tuners/tda827x.mod.o
  LD [M]  drivers/media/tuners/tda827x.ko
  CC      drivers/media/tuners/tda8290.mod.o
  LD [M]  drivers/media/tuners/tda8290.ko
  CC      drivers/media/tuners/tda9887.mod.o
  LD [M]  drivers/media/tuners/tda9887.ko
  CC      drivers/media/tuners/tea5761.mod.o
  LD [M]  drivers/media/tuners/tea5761.ko
  CC      drivers/media/tuners/tea5767.mod.o
  LD [M]  drivers/media/tuners/tea5767.ko
  CC      drivers/media/tuners/tua9001.mod.o
  LD [M]  drivers/media/tuners/tua9001.ko
  CC      drivers/media/tuners/tuner-simple.mod.o
  LD [M]  drivers/media/tuners/tuner-simple.ko
  CC      drivers/media/tuners/tuner-types.mod.o
  LD [M]  drivers/media/tuners/tuner-types.ko
  CC      drivers/media/tuners/tuner-xc2028.mod.o
  LD [M]  drivers/media/tuners/tuner-xc2028.ko
  CC      drivers/media/tuners/xc4000.mod.o
  LD [M]  drivers/media/tuners/xc4000.ko
  CC      drivers/media/tuners/xc5000.mod.o
  LD [M]  drivers/media/tuners/xc5000.ko
  CC      drivers/media/usb/as102/dvb-as102.mod.o
  LD [M]  drivers/media/usb/as102/dvb-as102.ko
  CC      drivers/media/usb/au0828/au0828.mod.o
  LD [M]  drivers/media/usb/au0828/au0828.ko
  CC      drivers/media/usb/b2c2/b2c2-flexcop-usb.mod.o
  LD [M]  drivers/media/usb/b2c2/b2c2-flexcop-usb.ko
  CC      drivers/media/usb/cpia2/cpia2.mod.o
  LD [M]  drivers/media/usb/cpia2/cpia2.ko
  CC      drivers/media/usb/cx231xx/cx231xx-alsa.mod.o
  LD [M]  drivers/media/usb/cx231xx/cx231xx-alsa.ko
  CC      drivers/media/usb/cx231xx/cx231xx-dvb.mod.o
  LD [M]  drivers/media/usb/cx231xx/cx231xx-dvb.ko
  CC      drivers/media/usb/cx231xx/cx231xx.mod.o
  LD [M]  drivers/media/usb/cx231xx/cx231xx.ko
  CC      drivers/media/usb/dvb-usb-v2/dvb-usb-af9015.mod.o
  LD [M]  drivers/media/usb/dvb-usb-v2/dvb-usb-af9015.ko
  CC      drivers/media/usb/dvb-usb-v2/dvb-usb-af9035.mod.o
  LD [M]  drivers/media/usb/dvb-usb-v2/dvb-usb-af9035.ko
  CC      drivers/media/usb/dvb-usb-v2/dvb-usb-anysee.mod.o
  LD [M]  drivers/media/usb/dvb-usb-v2/dvb-usb-anysee.ko
  CC      drivers/media/usb/dvb-usb-v2/dvb-usb-au6610.mod.o
  LD [M]  drivers/media/usb/dvb-usb-v2/dvb-usb-au6610.ko
  CC      drivers/media/usb/dvb-usb-v2/dvb-usb-az6007.mod.o
  LD [M]  drivers/media/usb/dvb-usb-v2/dvb-usb-az6007.ko
  CC      drivers/media/usb/dvb-usb-v2/dvb-usb-ce6230.mod.o
  LD [M]  drivers/media/usb/dvb-usb-v2/dvb-usb-ce6230.ko
  CC      drivers/media/usb/dvb-usb-v2/dvb-usb-dvbsky.mod.o
  LD [M]  drivers/media/usb/dvb-usb-v2/dvb-usb-dvbsky.ko
  CC      drivers/media/usb/dvb-usb-v2/dvb-usb-ec168.mod.o
  LD [M]  drivers/media/usb/dvb-usb-v2/dvb-usb-ec168.ko
  CC      drivers/media/usb/dvb-usb-v2/dvb-usb-gl861.mod.o
  LD [M]  drivers/media/usb/dvb-usb-v2/dvb-usb-gl861.ko
  CC      drivers/media/usb/dvb-usb-v2/dvb-usb-lmedm04.mod.o
  LD [M]  drivers/media/usb/dvb-usb-v2/dvb-usb-lmedm04.ko
  CC      drivers/media/usb/dvb-usb-v2/dvb-usb-mxl111sf.mod.o
  LD [M]  drivers/media/usb/dvb-usb-v2/dvb-usb-mxl111sf.ko
  CC      drivers/media/usb/dvb-usb-v2/dvb-usb-rtl28xxu.mod.o
  LD [M]  drivers/media/usb/dvb-usb-v2/dvb-usb-rtl28xxu.ko
  CC      drivers/media/usb/dvb-usb-v2/dvb_usb_v2.mod.o
  LD [M]  drivers/media/usb/dvb-usb-v2/dvb_usb_v2.ko
  CC      drivers/media/usb/dvb-usb-v2/mxl111sf-demod.mod.o
  LD [M]  drivers/media/usb/dvb-usb-v2/mxl111sf-demod.ko
  CC      drivers/media/usb/dvb-usb-v2/mxl111sf-tuner.mod.o
  LD [M]  drivers/media/usb/dvb-usb-v2/mxl111sf-tuner.ko
  CC      drivers/media/usb/dvb-usb/dvb-usb-a800.mod.o
  LD [M]  drivers/media/usb/dvb-usb/dvb-usb-a800.ko
  CC      drivers/media/usb/dvb-usb/dvb-usb-af9005-remote.mod.o
  LD [M]  drivers/media/usb/dvb-usb/dvb-usb-af9005-remote.ko
  CC      drivers/media/usb/dvb-usb/dvb-usb-af9005.mod.o
  LD [M]  drivers/media/usb/dvb-usb/dvb-usb-af9005.ko
  CC      drivers/media/usb/dvb-usb/dvb-usb-az6027.mod.o
  LD [M]  drivers/media/usb/dvb-usb/dvb-usb-az6027.ko
  CC      drivers/media/usb/dvb-usb/dvb-usb-cinergyT2.mod.o
  LD [M]  drivers/media/usb/dvb-usb/dvb-usb-cinergyT2.ko
  CC      drivers/media/usb/dvb-usb/dvb-usb-cxusb.mod.o
  LD [M]  drivers/media/usb/dvb-usb/dvb-usb-cxusb.ko
  CC      drivers/media/usb/dvb-usb/dvb-usb-dib0700.mod.o
  LD [M]  drivers/media/usb/dvb-usb/dvb-usb-dib0700.ko
  CC      drivers/media/usb/dvb-usb/dvb-usb-dibusb-common.mod.o
  LD [M]  drivers/media/usb/dvb-usb/dvb-usb-dibusb-common.ko
  CC      drivers/media/usb/dvb-usb/dvb-usb-dibusb-mb.mod.o
  LD [M]  drivers/media/usb/dvb-usb/dvb-usb-dibusb-mb.ko
  CC      drivers/media/usb/dvb-usb/dvb-usb-dibusb-mc-common.mod.o
  LD [M]  drivers/media/usb/dvb-usb/dvb-usb-dibusb-mc-common.ko
  CC      drivers/media/usb/dvb-usb/dvb-usb-dibusb-mc.mod.o
  LD [M]  drivers/media/usb/dvb-usb/dvb-usb-dibusb-mc.ko
  CC      drivers/media/usb/dvb-usb/dvb-usb-digitv.mod.o
  LD [M]  drivers/media/usb/dvb-usb/dvb-usb-digitv.ko
  CC      drivers/media/usb/dvb-usb/dvb-usb-dtt200u.mod.o
  LD [M]  drivers/media/usb/dvb-usb/dvb-usb-dtt200u.ko
  CC      drivers/media/usb/dvb-usb/dvb-usb-dtv5100.mod.o
  LD [M]  drivers/media/usb/dvb-usb/dvb-usb-dtv5100.ko
  CC      drivers/media/usb/dvb-usb/dvb-usb-dw2102.mod.o
  LD [M]  drivers/media/usb/dvb-usb/dvb-usb-dw2102.ko
  CC      drivers/media/usb/dvb-usb/dvb-usb-friio.mod.o
  LD [M]  drivers/media/usb/dvb-usb/dvb-usb-friio.ko
  CC      drivers/media/usb/dvb-usb/dvb-usb-gp8psk.mod.o
  LD [M]  drivers/media/usb/dvb-usb/dvb-usb-gp8psk.ko
  CC      drivers/media/usb/dvb-usb/dvb-usb-m920x.mod.o
  LD [M]  drivers/media/usb/dvb-usb/dvb-usb-m920x.ko
  CC      drivers/media/usb/dvb-usb/dvb-usb-nova-t-usb2.mod.o
  LD [M]  drivers/media/usb/dvb-usb/dvb-usb-nova-t-usb2.ko
  CC      drivers/media/usb/dvb-usb/dvb-usb-opera.mod.o
  LD [M]  drivers/media/usb/dvb-usb/dvb-usb-opera.ko
  CC      drivers/media/usb/dvb-usb/dvb-usb-pctv452e.mod.o
  LD [M]  drivers/media/usb/dvb-usb/dvb-usb-pctv452e.ko
  CC      drivers/media/usb/dvb-usb/dvb-usb-technisat-usb2.mod.o
  LD [M]  drivers/media/usb/dvb-usb/dvb-usb-technisat-usb2.ko
  CC      drivers/media/usb/dvb-usb/dvb-usb-ttusb2.mod.o
  LD [M]  drivers/media/usb/dvb-usb/dvb-usb-ttusb2.ko
  CC      drivers/media/usb/dvb-usb/dvb-usb-umt-010.mod.o
  LD [M]  drivers/media/usb/dvb-usb/dvb-usb-umt-010.ko
  CC      drivers/media/usb/dvb-usb/dvb-usb-vp702x.mod.o
  LD [M]  drivers/media/usb/dvb-usb/dvb-usb-vp702x.ko
  CC      drivers/media/usb/dvb-usb/dvb-usb-vp7045.mod.o
  LD [M]  drivers/media/usb/dvb-usb/dvb-usb-vp7045.ko
  CC      drivers/media/usb/dvb-usb/dvb-usb.mod.o
  LD [M]  drivers/media/usb/dvb-usb/dvb-usb.ko
  CC      drivers/media/usb/em28xx/em28xx-alsa.mod.o
  LD [M]  drivers/media/usb/em28xx/em28xx-alsa.ko
  CC      drivers/media/usb/em28xx/em28xx-dvb.mod.o
  LD [M]  drivers/media/usb/em28xx/em28xx-dvb.ko
  CC      drivers/media/usb/em28xx/em28xx-rc.mod.o
  LD [M]  drivers/media/usb/em28xx/em28xx-rc.ko
  CC      drivers/media/usb/em28xx/em28xx-v4l.mod.o
  LD [M]  drivers/media/usb/em28xx/em28xx-v4l.ko
  CC      drivers/media/usb/em28xx/em28xx.mod.o
  LD [M]  drivers/media/usb/em28xx/em28xx.ko
  CC      drivers/media/usb/go7007/go7007-loader.mod.o
  LD [M]  drivers/media/usb/go7007/go7007-loader.ko
  CC      drivers/media/usb/go7007/go7007-usb.mod.o
  LD [M]  drivers/media/usb/go7007/go7007-usb.ko
  CC      drivers/media/usb/go7007/go7007.mod.o
  LD [M]  drivers/media/usb/go7007/go7007.ko
  CC      drivers/media/usb/go7007/s2250.mod.o
  LD [M]  drivers/media/usb/go7007/s2250.ko
  CC      drivers/media/usb/gspca/gl860/gspca_gl860.mod.o
  LD [M]  drivers/media/usb/gspca/gl860/gspca_gl860.ko
  CC      drivers/media/usb/gspca/gspca_benq.mod.o
  LD [M]  drivers/media/usb/gspca/gspca_benq.ko
  CC      drivers/media/usb/gspca/gspca_conex.mod.o
  LD [M]  drivers/media/usb/gspca/gspca_conex.ko
  CC      drivers/media/usb/gspca/gspca_cpia1.mod.o
  LD [M]  drivers/media/usb/gspca/gspca_cpia1.ko
  CC      drivers/media/usb/gspca/gspca_dtcs033.mod.o
  LD [M]  drivers/media/usb/gspca/gspca_dtcs033.ko
  CC      drivers/media/usb/gspca/gspca_etoms.mod.o
  LD [M]  drivers/media/usb/gspca/gspca_etoms.ko
  CC      drivers/media/usb/gspca/gspca_finepix.mod.o
  LD [M]  drivers/media/usb/gspca/gspca_finepix.ko
  CC      drivers/media/usb/gspca/gspca_jeilinj.mod.o
  LD [M]  drivers/media/usb/gspca/gspca_jeilinj.ko
  CC      drivers/media/usb/gspca/gspca_jl2005bcd.mod.o
  LD [M]  drivers/media/usb/gspca/gspca_jl2005bcd.ko
  CC      drivers/media/usb/gspca/gspca_kinect.mod.o
  LD [M]  drivers/media/usb/gspca/gspca_kinect.ko
  CC      drivers/media/usb/gspca/gspca_konica.mod.o
  LD [M]  drivers/media/usb/gspca/gspca_konica.ko
  CC      drivers/media/usb/gspca/gspca_main.mod.o
  LD [M]  drivers/media/usb/gspca/gspca_main.ko
  CC      drivers/media/usb/gspca/gspca_mars.mod.o
  LD [M]  drivers/media/usb/gspca/gspca_mars.ko
  CC      drivers/media/usb/gspca/gspca_mr97310a.mod.o
  LD [M]  drivers/media/usb/gspca/gspca_mr97310a.ko
  CC      drivers/media/usb/gspca/gspca_nw80x.mod.o
  LD [M]  drivers/media/usb/gspca/gspca_nw80x.ko
  CC      drivers/media/usb/gspca/gspca_ov519.mod.o
  LD [M]  drivers/media/usb/gspca/gspca_ov519.ko
  CC      drivers/media/usb/gspca/gspca_ov534.mod.o
  LD [M]  drivers/media/usb/gspca/gspca_ov534.ko
  CC      drivers/media/usb/gspca/gspca_ov534_9.mod.o
  LD [M]  drivers/media/usb/gspca/gspca_ov534_9.ko
  CC      drivers/media/usb/gspca/gspca_pac207.mod.o
  LD [M]  drivers/media/usb/gspca/gspca_pac207.ko
  CC      drivers/media/usb/gspca/gspca_pac7302.mod.o
  LD [M]  drivers/media/usb/gspca/gspca_pac7302.ko
  CC      drivers/media/usb/gspca/gspca_pac7311.mod.o
  LD [M]  drivers/media/usb/gspca/gspca_pac7311.ko
  CC      drivers/media/usb/gspca/gspca_se401.mod.o
  LD [M]  drivers/media/usb/gspca/gspca_se401.ko
  CC      drivers/media/usb/gspca/gspca_sn9c2028.mod.o
  LD [M]  drivers/media/usb/gspca/gspca_sn9c2028.ko
  CC      drivers/media/usb/gspca/gspca_sn9c20x.mod.o
  LD [M]  drivers/media/usb/gspca/gspca_sn9c20x.ko
  CC      drivers/media/usb/gspca/gspca_sonixb.mod.o
  LD [M]  drivers/media/usb/gspca/gspca_sonixb.ko
  CC      drivers/media/usb/gspca/gspca_sonixj.mod.o
  LD [M]  drivers/media/usb/gspca/gspca_sonixj.ko
  CC      drivers/media/usb/gspca/gspca_spca1528.mod.o
  LD [M]  drivers/media/usb/gspca/gspca_spca1528.ko
  CC      drivers/media/usb/gspca/gspca_spca500.mod.o
  LD [M]  drivers/media/usb/gspca/gspca_spca500.ko
  CC      drivers/media/usb/gspca/gspca_spca501.mod.o
  LD [M]  drivers/media/usb/gspca/gspca_spca501.ko
  CC      drivers/media/usb/gspca/gspca_spca505.mod.o
  LD [M]  drivers/media/usb/gspca/gspca_spca505.ko
  CC      drivers/media/usb/gspca/gspca_spca506.mod.o
  LD [M]  drivers/media/usb/gspca/gspca_spca506.ko
  CC      drivers/media/usb/gspca/gspca_spca508.mod.o
  LD [M]  drivers/media/usb/gspca/gspca_spca508.ko
  CC      drivers/media/usb/gspca/gspca_spca561.mod.o
  LD [M]  drivers/media/usb/gspca/gspca_spca561.ko
  CC      drivers/media/usb/gspca/gspca_sq905.mod.o
  LD [M]  drivers/media/usb/gspca/gspca_sq905.ko
  CC      drivers/media/usb/gspca/gspca_sq905c.mod.o
  LD [M]  drivers/media/usb/gspca/gspca_sq905c.ko
  CC      drivers/media/usb/gspca/gspca_sq930x.mod.o
  LD [M]  drivers/media/usb/gspca/gspca_sq930x.ko
  CC      drivers/media/usb/gspca/gspca_stk014.mod.o
  LD [M]  drivers/media/usb/gspca/gspca_stk014.ko
  CC      drivers/media/usb/gspca/gspca_stk1135.mod.o
  LD [M]  drivers/media/usb/gspca/gspca_stk1135.ko
  CC      drivers/media/usb/gspca/gspca_stv0680.mod.o
  LD [M]  drivers/media/usb/gspca/gspca_stv0680.ko
  CC      drivers/media/usb/gspca/gspca_sunplus.mod.o
  LD [M]  drivers/media/usb/gspca/gspca_sunplus.ko
  CC      drivers/media/usb/gspca/gspca_t613.mod.o
  LD [M]  drivers/media/usb/gspca/gspca_t613.ko
  CC      drivers/media/usb/gspca/gspca_topro.mod.o
  LD [M]  drivers/media/usb/gspca/gspca_topro.ko
  CC      drivers/media/usb/gspca/gspca_tv8532.mod.o
  LD [M]  drivers/media/usb/gspca/gspca_tv8532.ko
  CC      drivers/media/usb/gspca/gspca_vc032x.mod.o
  LD [M]  drivers/media/usb/gspca/gspca_vc032x.ko
  CC      drivers/media/usb/gspca/gspca_vicam.mod.o
  LD [M]  drivers/media/usb/gspca/gspca_vicam.ko
  CC      drivers/media/usb/gspca/gspca_xirlink_cit.mod.o
  LD [M]  drivers/media/usb/gspca/gspca_xirlink_cit.ko
  CC      drivers/media/usb/gspca/gspca_zc3xx.mod.o
  LD [M]  drivers/media/usb/gspca/gspca_zc3xx.ko
  CC      drivers/media/usb/gspca/m5602/gspca_m5602.mod.o
  LD [M]  drivers/media/usb/gspca/m5602/gspca_m5602.ko
  CC      drivers/media/usb/gspca/stv06xx/gspca_stv06xx.mod.o
  LD [M]  drivers/media/usb/gspca/stv06xx/gspca_stv06xx.ko
  CC      drivers/media/usb/hdpvr/hdpvr.mod.o
  LD [M]  drivers/media/usb/hdpvr/hdpvr.ko
  CC      drivers/media/usb/pvrusb2/pvrusb2.mod.o
  LD [M]  drivers/media/usb/pvrusb2/pvrusb2.ko
  CC      drivers/media/usb/pwc/pwc.mod.o
  LD [M]  drivers/media/usb/pwc/pwc.ko
  CC      drivers/media/usb/s2255/s2255drv.mod.o
  LD [M]  drivers/media/usb/s2255/s2255drv.ko
  CC      drivers/media/usb/siano/smsusb.mod.o
  LD [M]  drivers/media/usb/siano/smsusb.ko
  CC      drivers/media/usb/stk1160/stk1160.mod.o
  LD [M]  drivers/media/usb/stk1160/stk1160.ko
  CC      drivers/media/usb/stkwebcam/stkwebcam.mod.o
  LD [M]  drivers/media/usb/stkwebcam/stkwebcam.ko
  CC      drivers/media/usb/tm6000/tm6000-alsa.mod.o
  LD [M]  drivers/media/usb/tm6000/tm6000-alsa.ko
  CC      drivers/media/usb/tm6000/tm6000-dvb.mod.o
  LD [M]  drivers/media/usb/tm6000/tm6000-dvb.ko
  CC      drivers/media/usb/tm6000/tm6000.mod.o
  LD [M]  drivers/media/usb/tm6000/tm6000.ko
  CC      drivers/media/usb/usbtv/usbtv.mod.o
  LD [M]  drivers/media/usb/usbtv/usbtv.ko
  CC      drivers/media/usb/usbvision/usbvision.mod.o
  LD [M]  drivers/media/usb/usbvision/usbvision.ko
  CC      drivers/media/usb/uvc/uvcvideo.mod.o
  LD [M]  drivers/media/usb/uvc/uvcvideo.ko
  CC      drivers/media/usb/zr364xx/zr364xx.mod.o
  LD [M]  drivers/media/usb/zr364xx/zr364xx.ko
  CC      drivers/media/v4l2-core/tuner.mod.o
  LD [M]  drivers/media/v4l2-core/tuner.ko
  CC      drivers/media/v4l2-core/v4l2-common.mod.o
  LD [M]  drivers/media/v4l2-core/v4l2-common.ko
  CC      drivers/media/v4l2-core/v4l2-dv-timings.mod.o
  LD [M]  drivers/media/v4l2-core/v4l2-dv-timings.ko
  CC      drivers/media/v4l2-core/videobuf-core.mod.o
  LD [M]  drivers/media/v4l2-core/videobuf-core.ko
  CC      drivers/media/v4l2-core/videobuf-dvb.mod.o
  LD [M]  drivers/media/v4l2-core/videobuf-dvb.ko
  CC      drivers/media/v4l2-core/videobuf-vmalloc.mod.o
  LD [M]  drivers/media/v4l2-core/videobuf-vmalloc.ko
  CC      drivers/media/v4l2-core/videobuf2-core.mod.o
  LD [M]  drivers/media/v4l2-core/videobuf2-core.ko
  CC      drivers/media/v4l2-core/videobuf2-memops.mod.o
  LD [M]  drivers/media/v4l2-core/videobuf2-memops.ko
  CC      drivers/media/v4l2-core/videobuf2-v4l2.mod.o
  LD [M]  drivers/media/v4l2-core/videobuf2-v4l2.ko
  CC      drivers/media/v4l2-core/videobuf2-vmalloc.mod.o
  LD [M]  drivers/media/v4l2-core/videobuf2-vmalloc.ko
  CC      drivers/media/v4l2-core/videodev.mod.o
  LD [M]  drivers/media/v4l2-core/videodev.ko
  CC      drivers/mfd/arizona-i2c.mod.o
  LD [M]  drivers/mfd/arizona-i2c.ko
  CC      drivers/mfd/arizona-spi.mod.o
  LD [M]  drivers/mfd/arizona-spi.ko
  CC      drivers/mfd/rpisense-core.mod.o
  LD [M]  drivers/mfd/rpisense-core.ko
  CC      drivers/mfd/ucb1400_core.mod.o
  LD [M]  drivers/mfd/ucb1400_core.ko
  CC      drivers/mfd/wl1273-core.mod.o
  LD [M]  drivers/mfd/wl1273-core.ko
  CC      drivers/misc/bcm2835_smi.mod.o
  LD [M]  drivers/misc/bcm2835_smi.ko
  CC      drivers/misc/eeprom/at24.mod.o
  LD [M]  drivers/misc/eeprom/at24.ko
  CC      drivers/misc/eeprom/eeprom_93cx6.mod.o
  LD [M]  drivers/misc/eeprom/eeprom_93cx6.ko
  CC      drivers/misc/ti-st/st_drv.mod.o
  LD [M]  drivers/misc/ti-st/st_drv.ko
  CC      drivers/mmc/host/mmc_spi.mod.o
  LD [M]  drivers/mmc/host/mmc_spi.ko
  CC      drivers/mmc/host/of_mmc_spi.mod.o
  LD [M]  drivers/mmc/host/of_mmc_spi.ko
  CC      drivers/mtd/chips/chipreg.mod.o
  LD [M]  drivers/mtd/chips/chipreg.ko
  CC      drivers/mtd/devices/m25p80.mod.o
  LD [M]  drivers/mtd/devices/m25p80.ko
  CC      drivers/mtd/mtd.mod.o
  LD [M]  drivers/mtd/mtd.ko
  CC      drivers/mtd/mtd_blkdevs.mod.o
  LD [M]  drivers/mtd/mtd_blkdevs.ko
  CC      drivers/mtd/mtdblock.mod.o
  LD [M]  drivers/mtd/mtdblock.ko
  CC      drivers/mtd/nand/bcm2835_smi_nand.mod.o
  LD [M]  drivers/mtd/nand/bcm2835_smi_nand.ko
  CC      drivers/mtd/nand/nand.mod.o
  LD [M]  drivers/mtd/nand/nand.ko
  CC      drivers/mtd/nand/nand_ecc.mod.o
  LD [M]  drivers/mtd/nand/nand_ecc.ko
  CC      drivers/mtd/nand/nand_ids.mod.o
  LD [M]  drivers/mtd/nand/nand_ids.ko
  CC      drivers/mtd/ofpart.mod.o
  LD [M]  drivers/mtd/ofpart.ko
  CC      drivers/mtd/spi-nor/spi-nor.mod.o
  LD [M]  drivers/mtd/spi-nor/spi-nor.ko
  CC      drivers/mtd/ubi/ubi.mod.o
  LD [M]  drivers/mtd/ubi/ubi.ko
  CC      drivers/net/bonding/bonding.mod.o
  LD [M]  drivers/net/bonding/bonding.ko
  CC      drivers/net/can/can-dev.mod.o
  LD [M]  drivers/net/can/can-dev.ko
  CC      drivers/net/can/slcan.mod.o
  LD [M]  drivers/net/can/slcan.ko
  CC      drivers/net/can/spi/mcp251x.mod.o
  LD [M]  drivers/net/can/spi/mcp251x.ko
  CC      drivers/net/can/usb/gs_usb.mod.o
  LD [M]  drivers/net/can/usb/gs_usb.ko
  CC      drivers/net/can/vcan.mod.o
  LD [M]  drivers/net/can/vcan.ko
  CC      drivers/net/dummy.mod.o
  LD [M]  drivers/net/dummy.ko
  CC      drivers/net/ethernet/microchip/enc28j60.mod.o
  LD [M]  drivers/net/ethernet/microchip/enc28j60.ko
  CC      drivers/net/ethernet/qualcomm/qcaspi.mod.o
  LD [M]  drivers/net/ethernet/qualcomm/qcaspi.ko
  CC      drivers/net/hamradio/6pack.mod.o
  LD [M]  drivers/net/hamradio/6pack.ko
  CC      drivers/net/hamradio/baycom_ser_fdx.mod.o
  LD [M]  drivers/net/hamradio/baycom_ser_fdx.ko
  CC      drivers/net/hamradio/baycom_ser_hdx.mod.o
  LD [M]  drivers/net/hamradio/baycom_ser_hdx.ko
  CC      drivers/net/hamradio/bpqether.mod.o
  LD [M]  drivers/net/hamradio/bpqether.ko
  CC      drivers/net/hamradio/hdlcdrv.mod.o
  LD [M]  drivers/net/hamradio/hdlcdrv.ko
  CC      drivers/net/hamradio/mkiss.mod.o
  LD [M]  drivers/net/hamradio/mkiss.ko
  CC      drivers/net/hamradio/yam.mod.o
  LD [M]  drivers/net/hamradio/yam.ko
  CC      drivers/net/ieee802154/at86rf230.mod.o
  LD [M]  drivers/net/ieee802154/at86rf230.ko
  CC      drivers/net/ieee802154/cc2520.mod.o
  LD [M]  drivers/net/ieee802154/cc2520.ko
  CC      drivers/net/ieee802154/mrf24j40.mod.o
  LD [M]  drivers/net/ieee802154/mrf24j40.ko
  CC      drivers/net/ifb.mod.o
  LD [M]  drivers/net/ifb.ko
  CC      drivers/net/irda/irda-usb.mod.o
  LD [M]  drivers/net/irda/irda-usb.ko
  CC      drivers/net/irda/irtty-sir.mod.o
  LD [M]  drivers/net/irda/irtty-sir.ko
  CC      drivers/net/irda/kingsun-sir.mod.o
  LD [M]  drivers/net/irda/kingsun-sir.ko
  CC      drivers/net/irda/ks959-sir.mod.o
  LD [M]  drivers/net/irda/ks959-sir.ko
  CC      drivers/net/irda/ksdazzle-sir.mod.o
  LD [M]  drivers/net/irda/ksdazzle-sir.ko
  CC      drivers/net/irda/mcs7780.mod.o
  LD [M]  drivers/net/irda/mcs7780.ko
  CC      drivers/net/irda/sir-dev.mod.o
  LD [M]  drivers/net/irda/sir-dev.ko
  CC      drivers/net/irda/stir4200.mod.o
  LD [M]  drivers/net/irda/stir4200.ko
  CC      drivers/net/macvlan.mod.o
  LD [M]  drivers/net/macvlan.ko
  CC      drivers/net/netconsole.mod.o
  LD [M]  drivers/net/netconsole.ko
  CC      drivers/net/phy/mdio-bitbang.mod.o
  LD [M]  drivers/net/phy/mdio-bitbang.ko
  CC      drivers/net/ppp/bsd_comp.mod.o
  LD [M]  drivers/net/ppp/bsd_comp.ko
  CC      drivers/net/ppp/ppp_async.mod.o
  LD [M]  drivers/net/ppp/ppp_async.ko
  CC      drivers/net/ppp/ppp_deflate.mod.o
  LD [M]  drivers/net/ppp/ppp_deflate.ko
  CC      drivers/net/ppp/ppp_generic.mod.o
  LD [M]  drivers/net/ppp/ppp_generic.ko
  CC      drivers/net/ppp/ppp_mppe.mod.o
  LD [M]  drivers/net/ppp/ppp_mppe.ko
  CC      drivers/net/ppp/ppp_synctty.mod.o
  LD [M]  drivers/net/ppp/ppp_synctty.ko
  CC      drivers/net/ppp/pppoe.mod.o
  LD [M]  drivers/net/ppp/pppoe.ko
  CC      drivers/net/ppp/pppox.mod.o
  LD [M]  drivers/net/ppp/pppox.ko
  CC      drivers/net/slip/slhc.mod.o
  LD [M]  drivers/net/slip/slhc.ko
  CC      drivers/net/slip/slip.mod.o
  LD [M]  drivers/net/slip/slip.ko
  CC      drivers/net/tun.mod.o
  LD [M]  drivers/net/tun.ko
  CC      drivers/net/usb/asix.mod.o
  LD [M]  drivers/net/usb/asix.ko
  CC      drivers/net/usb/ax88179_178a.mod.o
  LD [M]  drivers/net/usb/ax88179_178a.ko
  CC      drivers/net/usb/catc.mod.o
  LD [M]  drivers/net/usb/catc.ko
  CC      drivers/net/usb/cdc_eem.mod.o
  LD [M]  drivers/net/usb/cdc_eem.ko
  CC      drivers/net/usb/cdc_ether.mod.o
  LD [M]  drivers/net/usb/cdc_ether.ko
  CC      drivers/net/usb/cdc_mbim.mod.o
  LD [M]  drivers/net/usb/cdc_mbim.ko
  CC      drivers/net/usb/cdc_ncm.mod.o
  LD [M]  drivers/net/usb/cdc_ncm.ko
  CC      drivers/net/usb/cdc_subset.mod.o
  LD [M]  drivers/net/usb/cdc_subset.ko
  CC      drivers/net/usb/cx82310_eth.mod.o
  LD [M]  drivers/net/usb/cx82310_eth.ko
  CC      drivers/net/usb/dm9601.mod.o
  LD [M]  drivers/net/usb/dm9601.ko
  CC      drivers/net/usb/gl620a.mod.o
  LD [M]  drivers/net/usb/gl620a.ko
  CC      drivers/net/usb/hso.mod.o
  LD [M]  drivers/net/usb/hso.ko
  CC      drivers/net/usb/huawei_cdc_ncm.mod.o
  LD [M]  drivers/net/usb/huawei_cdc_ncm.ko
  CC      drivers/net/usb/int51x1.mod.o
  LD [M]  drivers/net/usb/int51x1.ko
  CC      drivers/net/usb/ipheth.mod.o
  LD [M]  drivers/net/usb/ipheth.ko
  CC      drivers/net/usb/kalmia.mod.o
  LD [M]  drivers/net/usb/kalmia.ko
  CC      drivers/net/usb/kaweth.mod.o
  LD [M]  drivers/net/usb/kaweth.ko
  CC      drivers/net/usb/lg-vl600.mod.o
  LD [M]  drivers/net/usb/lg-vl600.ko
  CC      drivers/net/usb/mcs7830.mod.o
  LD [M]  drivers/net/usb/mcs7830.ko
  CC      drivers/net/usb/net1080.mod.o
  LD [M]  drivers/net/usb/net1080.ko
  CC      drivers/net/usb/pegasus.mod.o
  LD [M]  drivers/net/usb/pegasus.ko
  CC      drivers/net/usb/plusb.mod.o
  LD [M]  drivers/net/usb/plusb.ko
  CC      drivers/net/usb/qmi_wwan.mod.o
  LD [M]  drivers/net/usb/qmi_wwan.ko
  CC      drivers/net/usb/r8152.mod.o
  LD [M]  drivers/net/usb/r8152.ko
  CC      drivers/net/usb/rndis_host.mod.o
  LD [M]  drivers/net/usb/rndis_host.ko
  CC      drivers/net/usb/rtl8150.mod.o
  LD [M]  drivers/net/usb/rtl8150.ko
  CC      drivers/net/usb/sierra_net.mod.o
  LD [M]  drivers/net/usb/sierra_net.ko
  CC      drivers/net/usb/smsc75xx.mod.o
  LD [M]  drivers/net/usb/smsc75xx.ko
  CC      drivers/net/usb/sr9700.mod.o
  LD [M]  drivers/net/usb/sr9700.ko
  CC      drivers/net/usb/sr9800.mod.o
  LD [M]  drivers/net/usb/sr9800.ko
  CC      drivers/net/usb/zaurus.mod.o
  LD [M]  drivers/net/usb/zaurus.ko
  CC      drivers/net/veth.mod.o
  LD [M]  drivers/net/veth.ko
  CC      drivers/net/vxlan.mod.o
  LD [M]  drivers/net/vxlan.ko
  CC      drivers/net/wimax/i2400m/i2400m-usb.mod.o
  LD [M]  drivers/net/wimax/i2400m/i2400m-usb.ko
  CC      drivers/net/wimax/i2400m/i2400m.mod.o
  LD [M]  drivers/net/wimax/i2400m/i2400m.ko
  CC      drivers/net/wireless/ath/ar5523/ar5523.mod.o
  LD [M]  drivers/net/wireless/ath/ar5523/ar5523.ko
  CC      drivers/net/wireless/ath/ath.mod.o
  LD [M]  drivers/net/wireless/ath/ath.ko
  CC      drivers/net/wireless/ath/ath6kl/ath6kl_core.mod.o
  LD [M]  drivers/net/wireless/ath/ath6kl/ath6kl_core.ko
  CC      drivers/net/wireless/ath/ath6kl/ath6kl_usb.mod.o
  LD [M]  drivers/net/wireless/ath/ath6kl/ath6kl_usb.ko
  CC      drivers/net/wireless/ath/ath9k/ath9k.mod.o
  LD [M]  drivers/net/wireless/ath/ath9k/ath9k.ko
  CC      drivers/net/wireless/ath/ath9k/ath9k_common.mod.o
  LD [M]  drivers/net/wireless/ath/ath9k/ath9k_common.ko
  CC      drivers/net/wireless/ath/ath9k/ath9k_htc.mod.o
  LD [M]  drivers/net/wireless/ath/ath9k/ath9k_htc.ko
  CC      drivers/net/wireless/ath/ath9k/ath9k_hw.mod.o
  LD [M]  drivers/net/wireless/ath/ath9k/ath9k_hw.ko
  CC      drivers/net/wireless/ath/carl9170/carl9170.mod.o
  LD [M]  drivers/net/wireless/ath/carl9170/carl9170.ko
  CC      drivers/net/wireless/atmel/at76c50x-usb.mod.o
  LD [M]  drivers/net/wireless/atmel/at76c50x-usb.ko
  CC      drivers/net/wireless/broadcom/b43/b43.mod.o
  LD [M]  drivers/net/wireless/broadcom/b43/b43.ko
  CC      drivers/net/wireless/broadcom/b43legacy/b43legacy.mod.o
  LD [M]  drivers/net/wireless/broadcom/b43legacy/b43legacy.ko
  CC      drivers/net/wireless/broadcom/brcm80211/brcmfmac/brcmfmac.mod.o
  LD [M]  drivers/net/wireless/broadcom/brcm80211/brcmfmac/brcmfmac.ko
  CC      drivers/net/wireless/broadcom/brcm80211/brcmutil/brcmutil.mod.o
  LD [M]  drivers/net/wireless/broadcom/brcm80211/brcmutil/brcmutil.ko
  CC      drivers/net/wireless/intersil/hostap/hostap.mod.o
  LD [M]  drivers/net/wireless/intersil/hostap/hostap.ko
  CC      drivers/net/wireless/intersil/p54/p54common.mod.o
  LD [M]  drivers/net/wireless/intersil/p54/p54common.ko
  CC      drivers/net/wireless/intersil/p54/p54usb.mod.o
  LD [M]  drivers/net/wireless/intersil/p54/p54usb.ko
  CC      drivers/net/wireless/mac80211_hwsim.mod.o
  LD [M]  drivers/net/wireless/mac80211_hwsim.ko
  CC      drivers/net/wireless/marvell/libertas/libertas.mod.o
  LD [M]  drivers/net/wireless/marvell/libertas/libertas.ko
  CC      drivers/net/wireless/marvell/libertas/libertas_sdio.mod.o
  LD [M]  drivers/net/wireless/marvell/libertas/libertas_sdio.ko
  CC      drivers/net/wireless/marvell/libertas/usb8xxx.mod.o
  LD [M]  drivers/net/wireless/marvell/libertas/usb8xxx.ko
  CC      drivers/net/wireless/marvell/libertas_tf/libertas_tf.mod.o
  LD [M]  drivers/net/wireless/marvell/libertas_tf/libertas_tf.ko
  CC      drivers/net/wireless/marvell/libertas_tf/libertas_tf_usb.mod.o
  LD [M]  drivers/net/wireless/marvell/libertas_tf/libertas_tf_usb.ko
  CC      drivers/net/wireless/marvell/mwifiex/mwifiex.mod.o
  LD [M]  drivers/net/wireless/marvell/mwifiex/mwifiex.ko
  CC      drivers/net/wireless/marvell/mwifiex/mwifiex_sdio.mod.o
  LD [M]  drivers/net/wireless/marvell/mwifiex/mwifiex_sdio.ko
  CC      drivers/net/wireless/mediatek/mt7601u/mt7601u.mod.o
  LD [M]  drivers/net/wireless/mediatek/mt7601u/mt7601u.ko
  CC      drivers/net/wireless/ralink/rt2x00/rt2500usb.mod.o
  LD [M]  drivers/net/wireless/ralink/rt2x00/rt2500usb.ko
  CC      drivers/net/wireless/ralink/rt2x00/rt2800lib.mod.o
  LD [M]  drivers/net/wireless/ralink/rt2x00/rt2800lib.ko
  CC      drivers/net/wireless/ralink/rt2x00/rt2800usb.mod.o
  LD [M]  drivers/net/wireless/ralink/rt2x00/rt2800usb.ko
  CC      drivers/net/wireless/ralink/rt2x00/rt2x00lib.mod.o
  LD [M]  drivers/net/wireless/ralink/rt2x00/rt2x00lib.ko
  CC      drivers/net/wireless/ralink/rt2x00/rt2x00usb.mod.o
  LD [M]  drivers/net/wireless/ralink/rt2x00/rt2x00usb.ko
  CC      drivers/net/wireless/ralink/rt2x00/rt73usb.mod.o
  LD [M]  drivers/net/wireless/ralink/rt2x00/rt73usb.ko
  CC      drivers/net/wireless/realtek/rtl818x/rtl8187/rtl8187.mod.o
  LD [M]  drivers/net/wireless/realtek/rtl818x/rtl8187/rtl8187.ko
  CC      drivers/net/wireless/realtek/rtl8192cu/8192cu.mod.o
  LD [M]  drivers/net/wireless/realtek/rtl8192cu/8192cu.ko
  CC      drivers/net/wireless/realtek/rtl8xxxu/rtl8xxxu.mod.o
  LD [M]  drivers/net/wireless/realtek/rtl8xxxu/rtl8xxxu.ko
  CC      drivers/net/wireless/realtek/rtlwifi/rtl8192c/rtl8192c-common.mod.o
  LD [M]  drivers/net/wireless/realtek/rtlwifi/rtl8192c/rtl8192c-common.ko
  CC      drivers/net/wireless/realtek/rtlwifi/rtl8192cu/rtl8192cu.mod.o
  LD [M]  drivers/net/wireless/realtek/rtlwifi/rtl8192cu/rtl8192cu.ko
  CC      drivers/net/wireless/realtek/rtlwifi/rtl_usb.mod.o
  LD [M]  drivers/net/wireless/realtek/rtlwifi/rtl_usb.ko
  CC      drivers/net/wireless/realtek/rtlwifi/rtlwifi.mod.o
  LD [M]  drivers/net/wireless/realtek/rtlwifi/rtlwifi.ko
  CC      drivers/net/wireless/rndis_wlan.mod.o
  LD [M]  drivers/net/wireless/rndis_wlan.ko
  CC      drivers/net/wireless/zydas/zd1201.mod.o
  LD [M]  drivers/net/wireless/zydas/zd1201.ko
  CC      drivers/net/wireless/zydas/zd1211rw/zd1211rw.mod.o
  LD [M]  drivers/net/wireless/zydas/zd1211rw/zd1211rw.ko
  CC      drivers/nvmem/nvmem_core.mod.o
  LD [M]  drivers/nvmem/nvmem_core.ko
  CC      drivers/perf/raspberrypi_axi_monitor.mod.o
  LD [M]  drivers/perf/raspberrypi_axi_monitor.ko
  CC      drivers/power/supply/ds2760_battery.mod.o
  LD [M]  drivers/power/supply/ds2760_battery.ko
  CC      drivers/pps/clients/pps-gpio.mod.o
  LD [M]  drivers/pps/clients/pps-gpio.ko
  CC      drivers/pps/clients/pps-ldisc.mod.o
  LD [M]  drivers/pps/clients/pps-ldisc.ko
  CC      drivers/pps/pps_core.mod.o
  LD [M]  drivers/pps/pps_core.ko
  CC      drivers/pwm/pwm-bcm2835.mod.o
  LD [M]  drivers/pwm/pwm-bcm2835.ko
  CC      drivers/pwm/pwm-pca9685.mod.o
  LD [M]  drivers/pwm/pwm-pca9685.ko
  CC      drivers/regulator/arizona-ldo1.mod.o
  LD [M]  drivers/regulator/arizona-ldo1.ko
  CC      drivers/regulator/arizona-micsupp.mod.o
  LD [M]  drivers/regulator/arizona-micsupp.ko
  CC      drivers/regulator/fixed.mod.o
  LD [M]  drivers/regulator/fixed.ko
  CC      drivers/rtc/rtc-abx80x.mod.o
  LD [M]  drivers/rtc/rtc-abx80x.ko
  CC      drivers/rtc/rtc-bq32k.mod.o
  LD [M]  drivers/rtc/rtc-bq32k.ko
  CC      drivers/rtc/rtc-ds1302.mod.o
  LD [M]  drivers/rtc/rtc-ds1302.ko
  CC      drivers/rtc/rtc-ds1305.mod.o
  LD [M]  drivers/rtc/rtc-ds1305.ko
  CC      drivers/rtc/rtc-ds1307.mod.o
  LD [M]  drivers/rtc/rtc-ds1307.ko
  CC      drivers/rtc/rtc-ds1374.mod.o
  LD [M]  drivers/rtc/rtc-ds1374.ko
  CC      drivers/rtc/rtc-ds1390.mod.o
  LD [M]  drivers/rtc/rtc-ds1390.ko
  CC      drivers/rtc/rtc-ds1672.mod.o
  LD [M]  drivers/rtc/rtc-ds1672.ko
  CC      drivers/rtc/rtc-ds3232.mod.o
  LD [M]  drivers/rtc/rtc-ds3232.ko
  CC      drivers/rtc/rtc-em3027.mod.o
  LD [M]  drivers/rtc/rtc-em3027.ko
  CC      drivers/rtc/rtc-fm3130.mod.o
  LD [M]  drivers/rtc/rtc-fm3130.ko
  CC      drivers/rtc/rtc-isl12022.mod.o
  LD [M]  drivers/rtc/rtc-isl12022.ko
  CC      drivers/rtc/rtc-isl1208.mod.o
  LD [M]  drivers/rtc/rtc-isl1208.ko
  CC      drivers/rtc/rtc-m41t80.mod.o
  LD [M]  drivers/rtc/rtc-m41t80.ko
  CC      drivers/rtc/rtc-m41t93.mod.o
  LD [M]  drivers/rtc/rtc-m41t93.ko
  CC      drivers/rtc/rtc-m41t94.mod.o
  LD [M]  drivers/rtc/rtc-m41t94.ko
  CC      drivers/rtc/rtc-max6900.mod.o
  LD [M]  drivers/rtc/rtc-max6900.ko
  CC      drivers/rtc/rtc-max6902.mod.o
  LD [M]  drivers/rtc/rtc-max6902.ko
  CC      drivers/rtc/rtc-pcf2123.mod.o
  LD [M]  drivers/rtc/rtc-pcf2123.ko
  CC      drivers/rtc/rtc-pcf2127.mod.o
  LD [M]  drivers/rtc/rtc-pcf2127.ko
  CC      drivers/rtc/rtc-pcf8523.mod.o
  LD [M]  drivers/rtc/rtc-pcf8523.ko
  CC      drivers/rtc/rtc-pcf8563.mod.o
  LD [M]  drivers/rtc/rtc-pcf8563.ko
  CC      drivers/rtc/rtc-pcf8583.mod.o
  LD [M]  drivers/rtc/rtc-pcf8583.ko
  CC      drivers/rtc/rtc-r9701.mod.o
  LD [M]  drivers/rtc/rtc-r9701.ko
  CC      drivers/rtc/rtc-rs5c348.mod.o
  LD [M]  drivers/rtc/rtc-rs5c348.ko
  CC      drivers/rtc/rtc-rs5c372.mod.o
  LD [M]  drivers/rtc/rtc-rs5c372.ko
  CC      drivers/rtc/rtc-rv3029c2.mod.o
  LD [M]  drivers/rtc/rtc-rv3029c2.ko
  CC      drivers/rtc/rtc-rx4581.mod.o
  LD [M]  drivers/rtc/rtc-rx4581.ko
  CC      drivers/rtc/rtc-rx8025.mod.o
  LD [M]  drivers/rtc/rtc-rx8025.ko
  CC      drivers/rtc/rtc-rx8581.mod.o
  LD [M]  drivers/rtc/rtc-rx8581.ko
  CC      drivers/rtc/rtc-s35390a.mod.o
  LD [M]  drivers/rtc/rtc-s35390a.ko
  CC      drivers/rtc/rtc-x1205.mod.o
  LD [M]  drivers/rtc/rtc-x1205.ko
  CC      drivers/scsi/iscsi_boot_sysfs.mod.o
  LD [M]  drivers/scsi/iscsi_boot_sysfs.ko
  CC      drivers/scsi/iscsi_tcp.mod.o
  LD [M]  drivers/scsi/iscsi_tcp.ko
  CC      drivers/scsi/libiscsi.mod.o
  LD [M]  drivers/scsi/libiscsi.ko
  CC      drivers/scsi/libiscsi_tcp.mod.o
  LD [M]  drivers/scsi/libiscsi_tcp.ko
  CC      drivers/scsi/osst.mod.o
  LD [M]  drivers/scsi/osst.ko
  CC      drivers/scsi/sg.mod.o
  LD [M]  drivers/scsi/sg.ko
  CC      drivers/scsi/sr_mod.mod.o
  LD [M]  drivers/scsi/sr_mod.ko
  CC      drivers/scsi/st.mod.o
  LD [M]  drivers/scsi/st.ko
  CC      drivers/spi/spi-bcm2835.mod.o
  LD [M]  drivers/spi/spi-bcm2835.ko
  CC      drivers/spi/spi-bcm2835aux.mod.o
  LD [M]  drivers/spi/spi-bcm2835aux.ko
  CC      drivers/spi/spidev.mod.o
  LD [M]  drivers/spi/spidev.ko
  CC      drivers/ssb/ssb.mod.o
  LD [M]  drivers/ssb/ssb.ko
  CC      drivers/staging/fbtft/fb_agm1264k-fl.mod.o
  LD [M]  drivers/staging/fbtft/fb_agm1264k-fl.ko
  CC      drivers/staging/fbtft/fb_bd663474.mod.o
  LD [M]  drivers/staging/fbtft/fb_bd663474.ko
  CC      drivers/staging/fbtft/fb_hx8340bn.mod.o
  LD [M]  drivers/staging/fbtft/fb_hx8340bn.ko
  CC      drivers/staging/fbtft/fb_hx8347d.mod.o
  LD [M]  drivers/staging/fbtft/fb_hx8347d.ko
  CC      drivers/staging/fbtft/fb_hx8353d.mod.o
  LD [M]  drivers/staging/fbtft/fb_hx8353d.ko
  CC      drivers/staging/fbtft/fb_hx8357d.mod.o
  LD [M]  drivers/staging/fbtft/fb_hx8357d.ko
  CC      drivers/staging/fbtft/fb_ili9163.mod.o
  LD [M]  drivers/staging/fbtft/fb_ili9163.ko
  CC      drivers/staging/fbtft/fb_ili9320.mod.o
  LD [M]  drivers/staging/fbtft/fb_ili9320.ko
  CC      drivers/staging/fbtft/fb_ili9325.mod.o
  LD [M]  drivers/staging/fbtft/fb_ili9325.ko
  CC      drivers/staging/fbtft/fb_ili9340.mod.o
  LD [M]  drivers/staging/fbtft/fb_ili9340.ko
  CC      drivers/staging/fbtft/fb_ili9341.mod.o
  LD [M]  drivers/staging/fbtft/fb_ili9341.ko
  CC      drivers/staging/fbtft/fb_ili9481.mod.o
  LD [M]  drivers/staging/fbtft/fb_ili9481.ko
  CC      drivers/staging/fbtft/fb_ili9486.mod.o
  LD [M]  drivers/staging/fbtft/fb_ili9486.ko
  CC      drivers/staging/fbtft/fb_pcd8544.mod.o
  LD [M]  drivers/staging/fbtft/fb_pcd8544.ko
  CC      drivers/staging/fbtft/fb_ra8875.mod.o
  LD [M]  drivers/staging/fbtft/fb_ra8875.ko
  CC      drivers/staging/fbtft/fb_s6d02a1.mod.o
  LD [M]  drivers/staging/fbtft/fb_s6d02a1.ko
  CC      drivers/staging/fbtft/fb_s6d1121.mod.o
  LD [M]  drivers/staging/fbtft/fb_s6d1121.ko
  CC      drivers/staging/fbtft/fb_ssd1289.mod.o
  LD [M]  drivers/staging/fbtft/fb_ssd1289.ko
  CC      drivers/staging/fbtft/fb_ssd1306.mod.o
  LD [M]  drivers/staging/fbtft/fb_ssd1306.ko
  CC      drivers/staging/fbtft/fb_ssd1331.mod.o
  LD [M]  drivers/staging/fbtft/fb_ssd1331.ko
  CC      drivers/staging/fbtft/fb_ssd1351.mod.o
  LD [M]  drivers/staging/fbtft/fb_ssd1351.ko
  CC      drivers/staging/fbtft/fb_st7735r.mod.o
  LD [M]  drivers/staging/fbtft/fb_st7735r.ko
  CC      drivers/staging/fbtft/fb_st7789v.mod.o
  LD [M]  drivers/staging/fbtft/fb_st7789v.ko
  CC      drivers/staging/fbtft/fb_tinylcd.mod.o
  LD [M]  drivers/staging/fbtft/fb_tinylcd.ko
  CC      drivers/staging/fbtft/fb_tls8204.mod.o
  LD [M]  drivers/staging/fbtft/fb_tls8204.ko
  CC      drivers/staging/fbtft/fb_uc1701.mod.o
  LD [M]  drivers/staging/fbtft/fb_uc1701.ko
  CC      drivers/staging/fbtft/fb_upd161704.mod.o
  LD [M]  drivers/staging/fbtft/fb_upd161704.ko
  CC      drivers/staging/fbtft/fb_watterott.mod.o
  LD [M]  drivers/staging/fbtft/fb_watterott.ko
  CC      drivers/staging/fbtft/fbtft.mod.o
  LD [M]  drivers/staging/fbtft/fbtft.ko
  CC      drivers/staging/fbtft/fbtft_device.mod.o
  LD [M]  drivers/staging/fbtft/fbtft_device.ko
  CC      drivers/staging/fbtft/flexfb.mod.o
  LD [M]  drivers/staging/fbtft/flexfb.ko
  CC      drivers/staging/media/lirc/lirc_imon.mod.o
  LD [M]  drivers/staging/media/lirc/lirc_imon.ko
  CC      drivers/staging/media/lirc/lirc_rpi.mod.o
  LD [M]  drivers/staging/media/lirc/lirc_rpi.ko
  CC      drivers/staging/media/lirc/lirc_sasem.mod.o
  LD [M]  drivers/staging/media/lirc/lirc_sasem.ko
  CC      drivers/staging/media/lirc/lirc_serial.mod.o
  LD [M]  drivers/staging/media/lirc/lirc_serial.ko
  CC      drivers/staging/rtl8188eu/r8188eu.mod.o
  LD [M]  drivers/staging/rtl8188eu/r8188eu.ko
  CC      drivers/staging/rtl8712/r8712u.mod.o
  LD [M]  drivers/staging/rtl8712/r8712u.ko
  CC      drivers/staging/speakup/speakup.mod.o
  LD [M]  drivers/staging/speakup/speakup.ko
  CC      drivers/staging/speakup/speakup_soft.mod.o
  LD [M]  drivers/staging/speakup/speakup_soft.ko
  CC      drivers/staging/vt6656/vt6656_stage.mod.o
  LD [M]  drivers/staging/vt6656/vt6656_stage.ko
  CC      drivers/staging/wlan-ng/prism2_usb.mod.o
  LD [M]  drivers/staging/wlan-ng/prism2_usb.ko
  CC      drivers/tty/serial/sc16is7xx.mod.o
  LD [M]  drivers/tty/serial/sc16is7xx.ko
  CC      drivers/uio/uio.mod.o
  LD [M]  drivers/uio/uio.ko
  CC      drivers/uio/uio_pdrv_genirq.mod.o
  LD [M]  drivers/uio/uio_pdrv_genirq.ko
  CC      drivers/usb/atm/cxacru.mod.o
  LD [M]  drivers/usb/atm/cxacru.ko
  CC      drivers/usb/atm/speedtch.mod.o
  LD [M]  drivers/usb/atm/speedtch.ko
  CC      drivers/usb/atm/ueagle-atm.mod.o
  LD [M]  drivers/usb/atm/ueagle-atm.ko
  CC      drivers/usb/atm/usbatm.mod.o
  LD [M]  drivers/usb/atm/usbatm.ko
  CC      drivers/usb/atm/xusbatm.mod.o
  LD [M]  drivers/usb/atm/xusbatm.ko
  CC      drivers/usb/class/cdc-acm.mod.o
  LD [M]  drivers/usb/class/cdc-acm.ko
  CC      drivers/usb/class/cdc-wdm.mod.o
  LD [M]  drivers/usb/class/cdc-wdm.ko
  CC      drivers/usb/class/usblp.mod.o
  LD [M]  drivers/usb/class/usblp.ko
  CC      drivers/usb/image/mdc800.mod.o
  LD [M]  drivers/usb/image/mdc800.ko
  CC      drivers/usb/image/microtek.mod.o
  LD [M]  drivers/usb/image/microtek.ko
  CC      drivers/usb/misc/adutux.mod.o
  LD [M]  drivers/usb/misc/adutux.ko
  CC      drivers/usb/misc/appledisplay.mod.o
  LD [M]  drivers/usb/misc/appledisplay.ko
  CC      drivers/usb/misc/cypress_cy7c63.mod.o
  LD [M]  drivers/usb/misc/cypress_cy7c63.ko
  CC      drivers/usb/misc/cytherm.mod.o
  LD [M]  drivers/usb/misc/cytherm.ko
  CC      drivers/usb/misc/emi26.mod.o
  LD [M]  drivers/usb/misc/emi26.ko
  CC      drivers/usb/misc/emi62.mod.o
  LD [M]  drivers/usb/misc/emi62.ko
  CC      drivers/usb/misc/ezusb.mod.o
  LD [M]  drivers/usb/misc/ezusb.ko
  CC      drivers/usb/misc/ftdi-elan.mod.o
  LD [M]  drivers/usb/misc/ftdi-elan.ko
  CC      drivers/usb/misc/idmouse.mod.o
  LD [M]  drivers/usb/misc/idmouse.ko
  CC      drivers/usb/misc/iowarrior.mod.o
  LD [M]  drivers/usb/misc/iowarrior.ko
  CC      drivers/usb/misc/isight_firmware.mod.o
  LD [M]  drivers/usb/misc/isight_firmware.ko
  CC      drivers/usb/misc/ldusb.mod.o
  LD [M]  drivers/usb/misc/ldusb.ko
  CC      drivers/usb/misc/legousbtower.mod.o
  LD [M]  drivers/usb/misc/legousbtower.ko
  CC      drivers/usb/misc/rio500.mod.o
  LD [M]  drivers/usb/misc/rio500.ko
  CC      drivers/usb/misc/trancevibrator.mod.o
  LD [M]  drivers/usb/misc/trancevibrator.ko
  CC      drivers/usb/misc/usblcd.mod.o
  LD [M]  drivers/usb/misc/usblcd.ko
  CC      drivers/usb/misc/usbsevseg.mod.o
  LD [M]  drivers/usb/misc/usbsevseg.ko
  CC      drivers/usb/misc/usbtest.mod.o
  LD [M]  drivers/usb/misc/usbtest.ko
  CC      drivers/usb/misc/yurex.mod.o
  LD [M]  drivers/usb/misc/yurex.ko
  CC      drivers/usb/mon/usbmon.mod.o
  LD [M]  drivers/usb/mon/usbmon.ko
  CC      drivers/usb/serial/aircable.mod.o
  LD [M]  drivers/usb/serial/aircable.ko
  CC      drivers/usb/serial/ark3116.mod.o
  LD [M]  drivers/usb/serial/ark3116.ko
  CC      drivers/usb/serial/belkin_sa.mod.o
  LD [M]  drivers/usb/serial/belkin_sa.ko
  CC      drivers/usb/serial/ch341.mod.o
  LD [M]  drivers/usb/serial/ch341.ko
  CC      drivers/usb/serial/cp210x.mod.o
  LD [M]  drivers/usb/serial/cp210x.ko
  CC      drivers/usb/serial/cyberjack.mod.o
  LD [M]  drivers/usb/serial/cyberjack.ko
  CC      drivers/usb/serial/cypress_m8.mod.o
  LD [M]  drivers/usb/serial/cypress_m8.ko
  CC      drivers/usb/serial/digi_acceleport.mod.o
  LD [M]  drivers/usb/serial/digi_acceleport.ko
  CC      drivers/usb/serial/empeg.mod.o
  LD [M]  drivers/usb/serial/empeg.ko
  CC      drivers/usb/serial/f81232.mod.o
  LD [M]  drivers/usb/serial/f81232.ko
  CC      drivers/usb/serial/ftdi_sio.mod.o
  LD [M]  drivers/usb/serial/ftdi_sio.ko
  CC      drivers/usb/serial/garmin_gps.mod.o
  LD [M]  drivers/usb/serial/garmin_gps.ko
  CC      drivers/usb/serial/io_edgeport.mod.o
  LD [M]  drivers/usb/serial/io_edgeport.ko
  CC      drivers/usb/serial/io_ti.mod.o
  LD [M]  drivers/usb/serial/io_ti.ko
  CC      drivers/usb/serial/ipaq.mod.o
  LD [M]  drivers/usb/serial/ipaq.ko
  CC      drivers/usb/serial/ipw.mod.o
  LD [M]  drivers/usb/serial/ipw.ko
  CC      drivers/usb/serial/ir-usb.mod.o
  LD [M]  drivers/usb/serial/ir-usb.ko
  CC      drivers/usb/serial/iuu_phoenix.mod.o
  LD [M]  drivers/usb/serial/iuu_phoenix.ko
  CC      drivers/usb/serial/keyspan.mod.o
  LD [M]  drivers/usb/serial/keyspan.ko
  CC      drivers/usb/serial/keyspan_pda.mod.o
  LD [M]  drivers/usb/serial/keyspan_pda.ko
  CC      drivers/usb/serial/kl5kusb105.mod.o
  LD [M]  drivers/usb/serial/kl5kusb105.ko
  CC      drivers/usb/serial/kobil_sct.mod.o
  LD [M]  drivers/usb/serial/kobil_sct.ko
  CC      drivers/usb/serial/mct_u232.mod.o
  LD [M]  drivers/usb/serial/mct_u232.ko
  CC      drivers/usb/serial/metro-usb.mod.o
  LD [M]  drivers/usb/serial/metro-usb.ko
  CC      drivers/usb/serial/mos7720.mod.o
  LD [M]  drivers/usb/serial/mos7720.ko
  CC      drivers/usb/serial/mos7840.mod.o
  LD [M]  drivers/usb/serial/mos7840.ko
  CC      drivers/usb/serial/navman.mod.o
  LD [M]  drivers/usb/serial/navman.ko
  CC      drivers/usb/serial/omninet.mod.o
  LD [M]  drivers/usb/serial/omninet.ko
  CC      drivers/usb/serial/opticon.mod.o
  LD [M]  drivers/usb/serial/opticon.ko
  CC      drivers/usb/serial/option.mod.o
  LD [M]  drivers/usb/serial/option.ko
  CC      drivers/usb/serial/oti6858.mod.o
  LD [M]  drivers/usb/serial/oti6858.ko
  CC      drivers/usb/serial/pl2303.mod.o
  LD [M]  drivers/usb/serial/pl2303.ko
  CC      drivers/usb/serial/qcaux.mod.o
  LD [M]  drivers/usb/serial/qcaux.ko
  CC      drivers/usb/serial/qcserial.mod.o
  LD [M]  drivers/usb/serial/qcserial.ko
  CC      drivers/usb/serial/quatech2.mod.o
  LD [M]  drivers/usb/serial/quatech2.ko
  CC      drivers/usb/serial/safe_serial.mod.o
  LD [M]  drivers/usb/serial/safe_serial.ko
  CC      drivers/usb/serial/sierra.mod.o
  LD [M]  drivers/usb/serial/sierra.ko
  CC      drivers/usb/serial/spcp8x5.mod.o
  LD [M]  drivers/usb/serial/spcp8x5.ko
  CC      drivers/usb/serial/ssu100.mod.o
  LD [M]  drivers/usb/serial/ssu100.ko
  CC      drivers/usb/serial/symbolserial.mod.o
  LD [M]  drivers/usb/serial/symbolserial.ko
  CC      drivers/usb/serial/ti_usb_3410_5052.mod.o
  LD [M]  drivers/usb/serial/ti_usb_3410_5052.ko
  CC      drivers/usb/serial/usb_debug.mod.o
  LD [M]  drivers/usb/serial/usb_debug.ko
  CC      drivers/usb/serial/usb_wwan.mod.o
  LD [M]  drivers/usb/serial/usb_wwan.ko
  CC      drivers/usb/serial/usbserial.mod.o
  LD [M]  drivers/usb/serial/usbserial.ko
  CC      drivers/usb/serial/visor.mod.o
  LD [M]  drivers/usb/serial/visor.ko
  CC      drivers/usb/serial/whiteheat.mod.o
  LD [M]  drivers/usb/serial/whiteheat.ko
  CC      drivers/usb/serial/wishbone-serial.mod.o
  LD [M]  drivers/usb/serial/wishbone-serial.ko
  CC      drivers/usb/serial/xsens_mt.mod.o
  LD [M]  drivers/usb/serial/xsens_mt.ko
  CC      drivers/usb/storage/ums-alauda.mod.o
  LD [M]  drivers/usb/storage/ums-alauda.ko
  CC      drivers/usb/storage/ums-cypress.mod.o
  LD [M]  drivers/usb/storage/ums-cypress.ko
  CC      drivers/usb/storage/ums-datafab.mod.o
  LD [M]  drivers/usb/storage/ums-datafab.ko
  CC      drivers/usb/storage/ums-eneub6250.mod.o
  LD [M]  drivers/usb/storage/ums-eneub6250.ko
  CC      drivers/usb/storage/ums-freecom.mod.o
  LD [M]  drivers/usb/storage/ums-freecom.ko
  CC      drivers/usb/storage/ums-isd200.mod.o
  LD [M]  drivers/usb/storage/ums-isd200.ko
  CC      drivers/usb/storage/ums-jumpshot.mod.o
  LD [M]  drivers/usb/storage/ums-jumpshot.ko
  CC      drivers/usb/storage/ums-karma.mod.o
  LD [M]  drivers/usb/storage/ums-karma.ko
  CC      drivers/usb/storage/ums-onetouch.mod.o
  LD [M]  drivers/usb/storage/ums-onetouch.ko
  CC      drivers/usb/storage/ums-realtek.mod.o
  LD [M]  drivers/usb/storage/ums-realtek.ko
  CC      drivers/usb/storage/ums-sddr09.mod.o
  LD [M]  drivers/usb/storage/ums-sddr09.ko
  CC      drivers/usb/storage/ums-sddr55.mod.o
  LD [M]  drivers/usb/storage/ums-sddr55.ko
  CC      drivers/usb/storage/ums-usbat.mod.o
  LD [M]  drivers/usb/storage/ums-usbat.ko
  CC      drivers/usb/usbip/usbip-core.mod.o
  LD [M]  drivers/usb/usbip/usbip-core.ko
  CC      drivers/usb/usbip/usbip-host.mod.o
  LD [M]  drivers/usb/usbip/usbip-host.ko
  CC      drivers/usb/usbip/vhci-hcd.mod.o
  LD [M]  drivers/usb/usbip/vhci-hcd.ko
  CC      drivers/video/backlight/gpio_backlight.mod.o
  LD [M]  drivers/video/backlight/gpio_backlight.ko
  CC      drivers/video/backlight/lcd.mod.o
  LD [M]  drivers/video/backlight/lcd.ko
  CC      drivers/video/backlight/rpi_backlight.mod.o
  LD [M]  drivers/video/backlight/rpi_backlight.ko
  CC      drivers/video/fbdev/core/fb_sys_fops.mod.o
  LD [M]  drivers/video/fbdev/core/fb_sys_fops.ko
  CC      drivers/video/fbdev/core/syscopyarea.mod.o
  LD [M]  drivers/video/fbdev/core/syscopyarea.ko
  CC      drivers/video/fbdev/core/sysfillrect.mod.o
  LD [M]  drivers/video/fbdev/core/sysfillrect.ko
  CC      drivers/video/fbdev/core/sysimgblt.mod.o
  LD [M]  drivers/video/fbdev/core/sysimgblt.ko
  CC      drivers/video/fbdev/rpisense-fb.mod.o
  LD [M]  drivers/video/fbdev/rpisense-fb.ko
  CC      drivers/video/fbdev/ssd1307fb.mod.o
  LD [M]  drivers/video/fbdev/ssd1307fb.ko
  CC      drivers/video/fbdev/udlfb.mod.o
  LD [M]  drivers/video/fbdev/udlfb.ko
  CC      drivers/w1/masters/ds1wm.mod.o
  LD [M]  drivers/w1/masters/ds1wm.ko
  CC      drivers/w1/masters/ds2482.mod.o
  LD [M]  drivers/w1/masters/ds2482.ko
  CC      drivers/w1/masters/ds2490.mod.o
  LD [M]  drivers/w1/masters/ds2490.ko
  CC      drivers/w1/masters/w1-gpio.mod.o
  LD [M]  drivers/w1/masters/w1-gpio.ko
  CC      drivers/w1/slaves/w1_bq27000.mod.o
  LD [M]  drivers/w1/slaves/w1_bq27000.ko
  CC      drivers/w1/slaves/w1_ds2406.mod.o
  LD [M]  drivers/w1/slaves/w1_ds2406.ko
  CC      drivers/w1/slaves/w1_ds2408.mod.o
  LD [M]  drivers/w1/slaves/w1_ds2408.ko
  CC      drivers/w1/slaves/w1_ds2413.mod.o
  LD [M]  drivers/w1/slaves/w1_ds2413.ko
  CC      drivers/w1/slaves/w1_ds2423.mod.o
  LD [M]  drivers/w1/slaves/w1_ds2423.ko
  CC      drivers/w1/slaves/w1_ds2431.mod.o
  LD [M]  drivers/w1/slaves/w1_ds2431.ko
  CC      drivers/w1/slaves/w1_ds2433.mod.o
  LD [M]  drivers/w1/slaves/w1_ds2433.ko
  CC      drivers/w1/slaves/w1_ds2438.mod.o
  LD [M]  drivers/w1/slaves/w1_ds2438.ko
  CC      drivers/w1/slaves/w1_ds2760.mod.o
  LD [M]  drivers/w1/slaves/w1_ds2760.ko
  CC      drivers/w1/slaves/w1_ds2780.mod.o
  LD [M]  drivers/w1/slaves/w1_ds2780.ko
  CC      drivers/w1/slaves/w1_ds2781.mod.o
  LD [M]  drivers/w1/slaves/w1_ds2781.ko
  CC      drivers/w1/slaves/w1_ds28e04.mod.o
  LD [M]  drivers/w1/slaves/w1_ds28e04.ko
  CC      drivers/w1/slaves/w1_smem.mod.o
  LD [M]  drivers/w1/slaves/w1_smem.ko
  CC      drivers/w1/slaves/w1_therm.mod.o
  LD [M]  drivers/w1/slaves/w1_therm.ko
  CC      drivers/w1/wire.mod.o
  LD [M]  drivers/w1/wire.ko
  CC      drivers/watchdog/gpio_wdt.mod.o
  LD [M]  drivers/watchdog/gpio_wdt.ko
  CC      fs/9p/9p.mod.o
  LD [M]  fs/9p/9p.ko
  CC      fs/binfmt_misc.mod.o
  LD [M]  fs/binfmt_misc.ko
  CC      fs/btrfs/btrfs.mod.o
  LD [M]  fs/btrfs/btrfs.ko
  CC      fs/cifs/cifs.mod.o
  LD [M]  fs/cifs/cifs.ko
  CC      fs/dlm/dlm.mod.o
  LD [M]  fs/dlm/dlm.ko
  CC      fs/ecryptfs/ecryptfs.mod.o
  LD [M]  fs/ecryptfs/ecryptfs.ko
  CC      fs/fuse/cuse.mod.o
  LD [M]  fs/fuse/cuse.ko
  CC      fs/fuse/fuse.mod.o
  LD [M]  fs/fuse/fuse.ko
  CC      fs/gfs2/gfs2.mod.o
  LD [M]  fs/gfs2/gfs2.ko
  CC      fs/hfs/hfs.mod.o
  LD [M]  fs/hfs/hfs.ko
  CC      fs/hfsplus/hfsplus.mod.o
  LD [M]  fs/hfsplus/hfsplus.ko
  CC      fs/isofs/isofs.mod.o
  LD [M]  fs/isofs/isofs.ko
  CC      fs/jffs2/jffs2.mod.o
  LD [M]  fs/jffs2/jffs2.ko
  CC      fs/jfs/jfs.mod.o
  LD [M]  fs/jfs/jfs.ko
  CC      fs/nfsd/nfsd.mod.o
  LD [M]  fs/nfsd/nfsd.ko
  CC      fs/nilfs2/nilfs2.mod.o
  LD [M]  fs/nilfs2/nilfs2.ko
  CC      fs/nls/nls_cp1250.mod.o
  LD [M]  fs/nls/nls_cp1250.ko
  CC      fs/nls/nls_cp1251.mod.o
  LD [M]  fs/nls/nls_cp1251.ko
  CC      fs/nls/nls_cp1255.mod.o
  LD [M]  fs/nls/nls_cp1255.ko
  CC      fs/nls/nls_cp737.mod.o
  LD [M]  fs/nls/nls_cp737.ko
  CC      fs/nls/nls_cp775.mod.o
  LD [M]  fs/nls/nls_cp775.ko
  CC      fs/nls/nls_cp850.mod.o
  LD [M]  fs/nls/nls_cp850.ko
  CC      fs/nls/nls_cp852.mod.o
  LD [M]  fs/nls/nls_cp852.ko
  CC      fs/nls/nls_cp855.mod.o
  LD [M]  fs/nls/nls_cp855.ko
  CC      fs/nls/nls_cp857.mod.o
  LD [M]  fs/nls/nls_cp857.ko
  CC      fs/nls/nls_cp860.mod.o
  LD [M]  fs/nls/nls_cp860.ko
  CC      fs/nls/nls_cp861.mod.o
  LD [M]  fs/nls/nls_cp861.ko
  CC      fs/nls/nls_cp862.mod.o
  LD [M]  fs/nls/nls_cp862.ko
  CC      fs/nls/nls_cp863.mod.o
  LD [M]  fs/nls/nls_cp863.ko
  CC      fs/nls/nls_cp864.mod.o
  LD [M]  fs/nls/nls_cp864.ko
  CC      fs/nls/nls_cp865.mod.o
  LD [M]  fs/nls/nls_cp865.ko
  CC      fs/nls/nls_cp866.mod.o
  LD [M]  fs/nls/nls_cp866.ko
  CC      fs/nls/nls_cp869.mod.o
  LD [M]  fs/nls/nls_cp869.ko
  CC      fs/nls/nls_cp874.mod.o
  LD [M]  fs/nls/nls_cp874.ko
  CC      fs/nls/nls_cp932.mod.o
  LD [M]  fs/nls/nls_cp932.ko
  CC      fs/nls/nls_cp936.mod.o
  LD [M]  fs/nls/nls_cp936.ko
  CC      fs/nls/nls_cp949.mod.o
  LD [M]  fs/nls/nls_cp949.ko
  CC      fs/nls/nls_cp950.mod.o
  LD [M]  fs/nls/nls_cp950.ko
  CC      fs/nls/nls_euc-jp.mod.o
  LD [M]  fs/nls/nls_euc-jp.ko
  CC      fs/nls/nls_iso8859-1.mod.o
  LD [M]  fs/nls/nls_iso8859-1.ko
  CC      fs/nls/nls_iso8859-13.mod.o
  LD [M]  fs/nls/nls_iso8859-13.ko
  CC      fs/nls/nls_iso8859-14.mod.o
  LD [M]  fs/nls/nls_iso8859-14.ko
  CC      fs/nls/nls_iso8859-15.mod.o
  LD [M]  fs/nls/nls_iso8859-15.ko
  CC      fs/nls/nls_iso8859-2.mod.o
  LD [M]  fs/nls/nls_iso8859-2.ko
  CC      fs/nls/nls_iso8859-3.mod.o
  LD [M]  fs/nls/nls_iso8859-3.ko
  CC      fs/nls/nls_iso8859-4.mod.o
  LD [M]  fs/nls/nls_iso8859-4.ko
  CC      fs/nls/nls_iso8859-5.mod.o
  LD [M]  fs/nls/nls_iso8859-5.ko
  CC      fs/nls/nls_iso8859-6.mod.o
  LD [M]  fs/nls/nls_iso8859-6.ko
  CC      fs/nls/nls_iso8859-7.mod.o
  LD [M]  fs/nls/nls_iso8859-7.ko
  CC      fs/nls/nls_iso8859-9.mod.o
  LD [M]  fs/nls/nls_iso8859-9.ko
  CC      fs/nls/nls_koi8-r.mod.o
  LD [M]  fs/nls/nls_koi8-r.ko
  CC      fs/nls/nls_koi8-ru.mod.o
  LD [M]  fs/nls/nls_koi8-ru.ko
  CC      fs/nls/nls_koi8-u.mod.o
  LD [M]  fs/nls/nls_koi8-u.ko
  CC      fs/nls/nls_utf8.mod.o
  LD [M]  fs/nls/nls_utf8.ko
  CC      fs/ntfs/ntfs.mod.o
  LD [M]  fs/ntfs/ntfs.ko
  CC      fs/ocfs2/cluster/ocfs2_nodemanager.mod.o
  LD [M]  fs/ocfs2/cluster/ocfs2_nodemanager.ko
  CC      fs/ocfs2/dlm/ocfs2_dlm.mod.o
  LD [M]  fs/ocfs2/dlm/ocfs2_dlm.ko
  CC      fs/ocfs2/dlmfs/ocfs2_dlmfs.mod.o
  LD [M]  fs/ocfs2/dlmfs/ocfs2_dlmfs.ko
  CC      fs/ocfs2/ocfs2.mod.o
  LD [M]  fs/ocfs2/ocfs2.ko
  CC      fs/ocfs2/ocfs2_stack_o2cb.mod.o
  LD [M]  fs/ocfs2/ocfs2_stack_o2cb.ko
  CC      fs/ocfs2/ocfs2_stack_user.mod.o
  LD [M]  fs/ocfs2/ocfs2_stack_user.ko
  CC      fs/ocfs2/ocfs2_stackglue.mod.o
  LD [M]  fs/ocfs2/ocfs2_stackglue.ko
  CC      fs/overlayfs/overlay.mod.o
  LD [M]  fs/overlayfs/overlay.ko
  CC      fs/quota/quota_tree.mod.o
  LD [M]  fs/quota/quota_tree.ko
  CC      fs/quota/quota_v1.mod.o
  LD [M]  fs/quota/quota_v1.ko
  CC      fs/quota/quota_v2.mod.o
  LD [M]  fs/quota/quota_v2.ko
  CC      fs/reiserfs/reiserfs.mod.o
  LD [M]  fs/reiserfs/reiserfs.ko
  CC      fs/squashfs/squashfs.mod.o
  LD [M]  fs/squashfs/squashfs.ko
  CC      fs/ubifs/ubifs.mod.o
  LD [M]  fs/ubifs/ubifs.ko
  CC      fs/udf/udf.mod.o
  LD [M]  fs/udf/udf.ko
  CC      fs/xfs/xfs.mod.o
  LD [M]  fs/xfs/xfs.ko
  CC      kernel/configs.mod.o
  LD [M]  kernel/configs.ko
  CC      lib/crc-ccitt.mod.o
  LD [M]  lib/crc-ccitt.ko
  CC      lib/crc7.mod.o
  LD [M]  lib/crc7.ko
  CC      lib/crc8.mod.o
  LD [M]  lib/crc8.ko
  CC      lib/lru_cache.mod.o
  LD [M]  lib/lru_cache.ko
  CC      lib/lz4/lz4_compress.mod.o
  LD [M]  lib/lz4/lz4_compress.ko
  CC      lib/raid6/raid6_pq.mod.o
  LD [M]  lib/raid6/raid6_pq.ko
  CC      lib/ts_bm.mod.o
  LD [M]  lib/ts_bm.ko
  CC      lib/ts_fsm.mod.o
  LD [M]  lib/ts_fsm.ko
  CC      lib/ts_kmp.mod.o
  LD [M]  lib/ts_kmp.ko
  CC      lib/zlib_deflate/zlib_deflate.mod.o
  LD [M]  lib/zlib_deflate/zlib_deflate.ko
  CC      mm/zsmalloc.mod.o
  LD [M]  mm/zsmalloc.ko
  CC      net/6lowpan/6lowpan.mod.o
  LD [M]  net/6lowpan/6lowpan.ko
  CC      net/6lowpan/nhc_dest.mod.o
  LD [M]  net/6lowpan/nhc_dest.ko
  CC      net/6lowpan/nhc_fragment.mod.o
  LD [M]  net/6lowpan/nhc_fragment.ko
  CC      net/6lowpan/nhc_hop.mod.o
  LD [M]  net/6lowpan/nhc_hop.ko
  CC      net/6lowpan/nhc_ipv6.mod.o
  LD [M]  net/6lowpan/nhc_ipv6.ko
  CC      net/6lowpan/nhc_mobility.mod.o
  LD [M]  net/6lowpan/nhc_mobility.ko
  CC      net/6lowpan/nhc_routing.mod.o
  LD [M]  net/6lowpan/nhc_routing.ko
  CC      net/6lowpan/nhc_udp.mod.o
  LD [M]  net/6lowpan/nhc_udp.ko
  CC      net/802/garp.mod.o
  LD [M]  net/802/garp.ko
  CC      net/802/p8022.mod.o
  LD [M]  net/802/p8022.ko
  CC      net/802/psnap.mod.o
  LD [M]  net/802/psnap.ko
  CC      net/802/stp.mod.o
  LD [M]  net/802/stp.ko
  CC      net/8021q/8021q.mod.o
  LD [M]  net/8021q/8021q.ko
  CC      net/9p/9pnet.mod.o
  LD [M]  net/9p/9pnet.ko
  CC      net/appletalk/appletalk.mod.o
  LD [M]  net/appletalk/appletalk.ko
  CC      net/atm/atm.mod.o
  LD [M]  net/atm/atm.ko
  CC      net/atm/pppoatm.mod.o
  LD [M]  net/atm/pppoatm.ko
  CC      net/ax25/ax25.mod.o
  LD [M]  net/ax25/ax25.ko
  CC      net/batman-adv/batman-adv.mod.o
  LD [M]  net/batman-adv/batman-adv.ko
  CC      net/bluetooth/bluetooth.mod.o
  LD [M]  net/bluetooth/bluetooth.ko
  CC      net/bluetooth/bluetooth_6lowpan.mod.o
  LD [M]  net/bluetooth/bluetooth_6lowpan.ko
  CC      net/bluetooth/bnep/bnep.mod.o
  LD [M]  net/bluetooth/bnep/bnep.ko
  CC      net/bluetooth/hidp/hidp.mod.o
  LD [M]  net/bluetooth/hidp/hidp.ko
  CC      net/bluetooth/rfcomm/rfcomm.mod.o
  LD [M]  net/bluetooth/rfcomm/rfcomm.ko
  CC      net/bridge/br_netfilter.mod.o
  LD [M]  net/bridge/br_netfilter.ko
  CC      net/bridge/bridge.mod.o
  LD [M]  net/bridge/bridge.ko
  CC      net/bridge/netfilter/ebt_802_3.mod.o
  LD [M]  net/bridge/netfilter/ebt_802_3.ko
  CC      net/bridge/netfilter/ebt_among.mod.o
  LD [M]  net/bridge/netfilter/ebt_among.ko
  CC      net/bridge/netfilter/ebt_arp.mod.o
  LD [M]  net/bridge/netfilter/ebt_arp.ko
  CC      net/bridge/netfilter/ebt_arpreply.mod.o
  LD [M]  net/bridge/netfilter/ebt_arpreply.ko
  CC      net/bridge/netfilter/ebt_dnat.mod.o
  LD [M]  net/bridge/netfilter/ebt_dnat.ko
  CC      net/bridge/netfilter/ebt_ip.mod.o
  LD [M]  net/bridge/netfilter/ebt_ip.ko
  CC      net/bridge/netfilter/ebt_ip6.mod.o
  LD [M]  net/bridge/netfilter/ebt_ip6.ko
  CC      net/bridge/netfilter/ebt_limit.mod.o
  LD [M]  net/bridge/netfilter/ebt_limit.ko
  CC      net/bridge/netfilter/ebt_log.mod.o
  LD [M]  net/bridge/netfilter/ebt_log.ko
  CC      net/bridge/netfilter/ebt_mark.mod.o
  LD [M]  net/bridge/netfilter/ebt_mark.ko
  CC      net/bridge/netfilter/ebt_mark_m.mod.o
  LD [M]  net/bridge/netfilter/ebt_mark_m.ko
  CC      net/bridge/netfilter/ebt_nflog.mod.o
  LD [M]  net/bridge/netfilter/ebt_nflog.ko
  CC      net/bridge/netfilter/ebt_pkttype.mod.o
  LD [M]  net/bridge/netfilter/ebt_pkttype.ko
  CC      net/bridge/netfilter/ebt_redirect.mod.o
  LD [M]  net/bridge/netfilter/ebt_redirect.ko
  CC      net/bridge/netfilter/ebt_snat.mod.o
  LD [M]  net/bridge/netfilter/ebt_snat.ko
  CC      net/bridge/netfilter/ebt_stp.mod.o
  LD [M]  net/bridge/netfilter/ebt_stp.ko
  CC      net/bridge/netfilter/ebt_vlan.mod.o
  LD [M]  net/bridge/netfilter/ebt_vlan.ko
  CC      net/bridge/netfilter/ebtable_broute.mod.o
  LD [M]  net/bridge/netfilter/ebtable_broute.ko
  CC      net/bridge/netfilter/ebtable_filter.mod.o
  LD [M]  net/bridge/netfilter/ebtable_filter.ko
  CC      net/bridge/netfilter/ebtable_nat.mod.o
  LD [M]  net/bridge/netfilter/ebtable_nat.ko
  CC      net/bridge/netfilter/ebtables.mod.o
  LD [M]  net/bridge/netfilter/ebtables.ko
  CC      net/can/can-bcm.mod.o
  LD [M]  net/can/can-bcm.ko
  CC      net/can/can-gw.mod.o
  LD [M]  net/can/can-gw.ko
  CC      net/can/can-raw.mod.o
  LD [M]  net/can/can-raw.ko
  CC      net/can/can.mod.o
  LD [M]  net/can/can.ko
  CC      net/core/pktgen.mod.o
  LD [M]  net/core/pktgen.ko
  CC      net/ieee802154/6lowpan/ieee802154_6lowpan.mod.o
  LD [M]  net/ieee802154/6lowpan/ieee802154_6lowpan.ko
  CC      net/ieee802154/ieee802154.mod.o
  LD [M]  net/ieee802154/ieee802154.ko
  CC      net/ieee802154/ieee802154_socket.mod.o
  LD [M]  net/ieee802154/ieee802154_socket.ko
  CC      net/ipv4/ah4.mod.o
  LD [M]  net/ipv4/ah4.ko
  CC      net/ipv4/esp4.mod.o
  LD [M]  net/ipv4/esp4.ko
  CC      net/ipv4/gre.mod.o
  LD [M]  net/ipv4/gre.ko
  CC      net/ipv4/inet_diag.mod.o
  LD [M]  net/ipv4/inet_diag.ko
  CC      net/ipv4/ip_gre.mod.o
  LD [M]  net/ipv4/ip_gre.ko
  CC      net/ipv4/ip_tunnel.mod.o
  LD [M]  net/ipv4/ip_tunnel.ko
  CC      net/ipv4/ipcomp.mod.o
  LD [M]  net/ipv4/ipcomp.ko
  CC      net/ipv4/ipip.mod.o
  LD [M]  net/ipv4/ipip.ko
  CC      net/ipv4/netfilter/arp_tables.mod.o
  LD [M]  net/ipv4/netfilter/arp_tables.ko
  CC      net/ipv4/netfilter/arpt_mangle.mod.o
  LD [M]  net/ipv4/netfilter/arpt_mangle.ko
  CC      net/ipv4/netfilter/arptable_filter.mod.o
  LD [M]  net/ipv4/netfilter/arptable_filter.ko
  CC      net/ipv4/netfilter/ip_tables.mod.o
  LD [M]  net/ipv4/netfilter/ip_tables.ko
  CC      net/ipv4/netfilter/ipt_CLUSTERIP.mod.o
  LD [M]  net/ipv4/netfilter/ipt_CLUSTERIP.ko
  CC      net/ipv4/netfilter/ipt_ECN.mod.o
  LD [M]  net/ipv4/netfilter/ipt_ECN.ko
  CC      net/ipv4/netfilter/ipt_MASQUERADE.mod.o
  LD [M]  net/ipv4/netfilter/ipt_MASQUERADE.ko
  CC      net/ipv4/netfilter/ipt_REJECT.mod.o
  LD [M]  net/ipv4/netfilter/ipt_REJECT.ko
  CC      net/ipv4/netfilter/ipt_ah.mod.o
  LD [M]  net/ipv4/netfilter/ipt_ah.ko
  CC      net/ipv4/netfilter/ipt_rpfilter.mod.o
  LD [M]  net/ipv4/netfilter/ipt_rpfilter.ko
  CC      net/ipv4/netfilter/iptable_filter.mod.o
  LD [M]  net/ipv4/netfilter/iptable_filter.ko
  CC      net/ipv4/netfilter/iptable_mangle.mod.o
  LD [M]  net/ipv4/netfilter/iptable_mangle.ko
  CC      net/ipv4/netfilter/iptable_nat.mod.o
  LD [M]  net/ipv4/netfilter/iptable_nat.ko
  CC      net/ipv4/netfilter/iptable_raw.mod.o
  LD [M]  net/ipv4/netfilter/iptable_raw.ko
  CC      net/ipv4/netfilter/nf_conntrack_ipv4.mod.o
  LD [M]  net/ipv4/netfilter/nf_conntrack_ipv4.ko
  CC      net/ipv4/netfilter/nf_defrag_ipv4.mod.o
  LD [M]  net/ipv4/netfilter/nf_defrag_ipv4.ko
  CC      net/ipv4/netfilter/nf_dup_ipv4.mod.o
  LD [M]  net/ipv4/netfilter/nf_dup_ipv4.ko
  CC      net/ipv4/netfilter/nf_log_ipv4.mod.o
  LD [M]  net/ipv4/netfilter/nf_log_ipv4.ko
  CC      net/ipv4/netfilter/nf_nat_h323.mod.o
  LD [M]  net/ipv4/netfilter/nf_nat_h323.ko
  CC      net/ipv4/netfilter/nf_nat_ipv4.mod.o
  LD [M]  net/ipv4/netfilter/nf_nat_ipv4.ko
  CC      net/ipv4/netfilter/nf_nat_masquerade_ipv4.mod.o
  LD [M]  net/ipv4/netfilter/nf_nat_masquerade_ipv4.ko
  CC      net/ipv4/netfilter/nf_nat_pptp.mod.o
  LD [M]  net/ipv4/netfilter/nf_nat_pptp.ko
  CC      net/ipv4/netfilter/nf_nat_proto_gre.mod.o
  LD [M]  net/ipv4/netfilter/nf_nat_proto_gre.ko
  CC      net/ipv4/netfilter/nf_nat_snmp_basic.mod.o
  LD [M]  net/ipv4/netfilter/nf_nat_snmp_basic.ko
  CC      net/ipv4/netfilter/nf_reject_ipv4.mod.o
  LD [M]  net/ipv4/netfilter/nf_reject_ipv4.ko
  CC      net/ipv4/tcp_bbr.mod.o
  LD [M]  net/ipv4/tcp_bbr.ko
  CC      net/ipv4/tcp_bic.mod.o
  LD [M]  net/ipv4/tcp_bic.ko
  CC      net/ipv4/tcp_diag.mod.o
  LD [M]  net/ipv4/tcp_diag.ko
  CC      net/ipv4/tcp_htcp.mod.o
  LD [M]  net/ipv4/tcp_htcp.ko
  CC      net/ipv4/tcp_westwood.mod.o
  LD [M]  net/ipv4/tcp_westwood.ko
  CC      net/ipv4/tunnel4.mod.o
  LD [M]  net/ipv4/tunnel4.ko
  CC      net/ipv4/udp_tunnel.mod.o
  LD [M]  net/ipv4/udp_tunnel.ko
  CC      net/ipv4/xfrm4_mode_beet.mod.o
  LD [M]  net/ipv4/xfrm4_mode_beet.ko
  CC      net/ipv4/xfrm4_mode_transport.mod.o
  LD [M]  net/ipv4/xfrm4_mode_transport.ko
  CC      net/ipv4/xfrm4_mode_tunnel.mod.o
  LD [M]  net/ipv4/xfrm4_mode_tunnel.ko
  CC      net/ipv4/xfrm4_tunnel.mod.o
  LD [M]  net/ipv4/xfrm4_tunnel.ko
  CC      net/ipv6/ah6.mod.o
  LD [M]  net/ipv6/ah6.ko
  CC      net/ipv6/esp6.mod.o
  LD [M]  net/ipv6/esp6.ko
  CC      net/ipv6/ip6_tunnel.mod.o
  LD [M]  net/ipv6/ip6_tunnel.ko
  CC      net/ipv6/ip6_udp_tunnel.mod.o
  LD [M]  net/ipv6/ip6_udp_tunnel.ko
  CC      net/ipv6/ipcomp6.mod.o
  LD [M]  net/ipv6/ipcomp6.ko
  CC      net/ipv6/ipv6.mod.o
  LD [M]  net/ipv6/ipv6.ko
  CC      net/ipv6/netfilter/ip6_tables.mod.o
  LD [M]  net/ipv6/netfilter/ip6_tables.ko
  CC      net/ipv6/netfilter/ip6t_MASQUERADE.mod.o
  LD [M]  net/ipv6/netfilter/ip6t_MASQUERADE.ko
  CC      net/ipv6/netfilter/ip6t_NPT.mod.o
  LD [M]  net/ipv6/netfilter/ip6t_NPT.ko
  CC      net/ipv6/netfilter/ip6t_REJECT.mod.o
  LD [M]  net/ipv6/netfilter/ip6t_REJECT.ko
  CC      net/ipv6/netfilter/ip6t_ah.mod.o
  LD [M]  net/ipv6/netfilter/ip6t_ah.ko
  CC      net/ipv6/netfilter/ip6t_eui64.mod.o
  LD [M]  net/ipv6/netfilter/ip6t_eui64.ko
  CC      net/ipv6/netfilter/ip6t_frag.mod.o
  LD [M]  net/ipv6/netfilter/ip6t_frag.ko
  CC      net/ipv6/netfilter/ip6t_hbh.mod.o
  LD [M]  net/ipv6/netfilter/ip6t_hbh.ko
  CC      net/ipv6/netfilter/ip6t_ipv6header.mod.o
  LD [M]  net/ipv6/netfilter/ip6t_ipv6header.ko
  CC      net/ipv6/netfilter/ip6t_mh.mod.o
  LD [M]  net/ipv6/netfilter/ip6t_mh.ko
  CC      net/ipv6/netfilter/ip6t_rpfilter.mod.o
  LD [M]  net/ipv6/netfilter/ip6t_rpfilter.ko
  CC      net/ipv6/netfilter/ip6t_rt.mod.o
  LD [M]  net/ipv6/netfilter/ip6t_rt.ko
  CC      net/ipv6/netfilter/ip6table_filter.mod.o
  LD [M]  net/ipv6/netfilter/ip6table_filter.ko
  CC      net/ipv6/netfilter/ip6table_mangle.mod.o
  LD [M]  net/ipv6/netfilter/ip6table_mangle.ko
  CC      net/ipv6/netfilter/ip6table_nat.mod.o
  LD [M]  net/ipv6/netfilter/ip6table_nat.ko
  CC      net/ipv6/netfilter/ip6table_raw.mod.o
  LD [M]  net/ipv6/netfilter/ip6table_raw.ko
  CC      net/ipv6/netfilter/nf_conntrack_ipv6.mod.o
  LD [M]  net/ipv6/netfilter/nf_conntrack_ipv6.ko
  CC      net/ipv6/netfilter/nf_defrag_ipv6.mod.o
  LD [M]  net/ipv6/netfilter/nf_defrag_ipv6.ko
  CC      net/ipv6/netfilter/nf_dup_ipv6.mod.o
  LD [M]  net/ipv6/netfilter/nf_dup_ipv6.ko
  CC      net/ipv6/netfilter/nf_log_ipv6.mod.o
  LD [M]  net/ipv6/netfilter/nf_log_ipv6.ko
  CC      net/ipv6/netfilter/nf_nat_ipv6.mod.o
  LD [M]  net/ipv6/netfilter/nf_nat_ipv6.ko
  CC      net/ipv6/netfilter/nf_nat_masquerade_ipv6.mod.o
  LD [M]  net/ipv6/netfilter/nf_nat_masquerade_ipv6.ko
  CC      net/ipv6/netfilter/nf_reject_ipv6.mod.o
  LD [M]  net/ipv6/netfilter/nf_reject_ipv6.ko
  CC      net/ipv6/sit.mod.o
  LD [M]  net/ipv6/sit.ko
  CC      net/ipv6/tunnel6.mod.o
  LD [M]  net/ipv6/tunnel6.ko
  CC      net/ipv6/xfrm6_mode_beet.mod.o
  LD [M]  net/ipv6/xfrm6_mode_beet.ko
  CC      net/ipv6/xfrm6_mode_transport.mod.o
  LD [M]  net/ipv6/xfrm6_mode_transport.ko
  CC      net/ipv6/xfrm6_mode_tunnel.mod.o
  LD [M]  net/ipv6/xfrm6_mode_tunnel.ko
  CC      net/ipv6/xfrm6_tunnel.mod.o
  LD [M]  net/ipv6/xfrm6_tunnel.ko
  CC      net/irda/ircomm/ircomm-tty.mod.o
  LD [M]  net/irda/ircomm/ircomm-tty.ko
  CC      net/irda/ircomm/ircomm.mod.o
  LD [M]  net/irda/ircomm/ircomm.ko
  CC      net/irda/irda.mod.o
  LD [M]  net/irda/irda.ko
  CC      net/irda/irlan/irlan.mod.o
  LD [M]  net/irda/irlan/irlan.ko
  CC      net/irda/irnet/irnet.mod.o
  LD [M]  net/irda/irnet/irnet.ko
  CC      net/key/af_key.mod.o
  LD [M]  net/key/af_key.ko
  CC      net/l2tp/l2tp_core.mod.o
  LD [M]  net/l2tp/l2tp_core.ko
  CC      net/l2tp/l2tp_eth.mod.o
  LD [M]  net/l2tp/l2tp_eth.ko
  CC      net/l2tp/l2tp_ip.mod.o
  LD [M]  net/l2tp/l2tp_ip.ko
  CC      net/l2tp/l2tp_ip6.mod.o
  LD [M]  net/l2tp/l2tp_ip6.ko
  CC      net/l2tp/l2tp_netlink.mod.o
  LD [M]  net/l2tp/l2tp_netlink.ko
  CC      net/l2tp/l2tp_ppp.mod.o
  LD [M]  net/l2tp/l2tp_ppp.ko
  CC      net/llc/llc.mod.o
  LD [M]  net/llc/llc.ko
  CC      net/mac80211/mac80211.mod.o
  LD [M]  net/mac80211/mac80211.ko
  CC      net/mac802154/mac802154.mod.o
  LD [M]  net/mac802154/mac802154.ko
  CC      net/mpls/mpls_gso.mod.o
  LD [M]  net/mpls/mpls_gso.ko
  CC      net/netfilter/ipset/ip_set.mod.o
  LD [M]  net/netfilter/ipset/ip_set.ko
  CC      net/netfilter/ipset/ip_set_bitmap_ip.mod.o
  LD [M]  net/netfilter/ipset/ip_set_bitmap_ip.ko
  CC      net/netfilter/ipset/ip_set_bitmap_ipmac.mod.o
  LD [M]  net/netfilter/ipset/ip_set_bitmap_ipmac.ko
  CC      net/netfilter/ipset/ip_set_bitmap_port.mod.o
  LD [M]  net/netfilter/ipset/ip_set_bitmap_port.ko
  CC      net/netfilter/ipset/ip_set_hash_ip.mod.o
  LD [M]  net/netfilter/ipset/ip_set_hash_ip.ko
  CC      net/netfilter/ipset/ip_set_hash_ipport.mod.o
  LD [M]  net/netfilter/ipset/ip_set_hash_ipport.ko
  CC      net/netfilter/ipset/ip_set_hash_ipportip.mod.o
  LD [M]  net/netfilter/ipset/ip_set_hash_ipportip.ko
  CC      net/netfilter/ipset/ip_set_hash_ipportnet.mod.o
  LD [M]  net/netfilter/ipset/ip_set_hash_ipportnet.ko
  CC      net/netfilter/ipset/ip_set_hash_net.mod.o
  LD [M]  net/netfilter/ipset/ip_set_hash_net.ko
  CC      net/netfilter/ipset/ip_set_hash_netiface.mod.o
  LD [M]  net/netfilter/ipset/ip_set_hash_netiface.ko
  CC      net/netfilter/ipset/ip_set_hash_netport.mod.o
  LD [M]  net/netfilter/ipset/ip_set_hash_netport.ko
  CC      net/netfilter/ipset/ip_set_list_set.mod.o
  LD [M]  net/netfilter/ipset/ip_set_list_set.ko
  CC      net/netfilter/ipvs/ip_vs.mod.o
  LD [M]  net/netfilter/ipvs/ip_vs.ko
  CC      net/netfilter/ipvs/ip_vs_dh.mod.o
  LD [M]  net/netfilter/ipvs/ip_vs_dh.ko
  CC      net/netfilter/ipvs/ip_vs_ftp.mod.o
  LD [M]  net/netfilter/ipvs/ip_vs_ftp.ko
  CC      net/netfilter/ipvs/ip_vs_lblc.mod.o
  LD [M]  net/netfilter/ipvs/ip_vs_lblc.ko
  CC      net/netfilter/ipvs/ip_vs_lblcr.mod.o
  LD [M]  net/netfilter/ipvs/ip_vs_lblcr.ko
  CC      net/netfilter/ipvs/ip_vs_lc.mod.o
  LD [M]  net/netfilter/ipvs/ip_vs_lc.ko
  CC      net/netfilter/ipvs/ip_vs_nq.mod.o
  LD [M]  net/netfilter/ipvs/ip_vs_nq.ko
  CC      net/netfilter/ipvs/ip_vs_pe_sip.mod.o
  LD [M]  net/netfilter/ipvs/ip_vs_pe_sip.ko
  CC      net/netfilter/ipvs/ip_vs_rr.mod.o
  LD [M]  net/netfilter/ipvs/ip_vs_rr.ko
  CC      net/netfilter/ipvs/ip_vs_sed.mod.o
  LD [M]  net/netfilter/ipvs/ip_vs_sed.ko
  CC      net/netfilter/ipvs/ip_vs_sh.mod.o
  LD [M]  net/netfilter/ipvs/ip_vs_sh.ko
  CC      net/netfilter/ipvs/ip_vs_wlc.mod.o
  LD [M]  net/netfilter/ipvs/ip_vs_wlc.ko
  CC      net/netfilter/ipvs/ip_vs_wrr.mod.o
  LD [M]  net/netfilter/ipvs/ip_vs_wrr.ko
  CC      net/netfilter/nf_conntrack.mod.o
  LD [M]  net/netfilter/nf_conntrack.ko
  CC      net/netfilter/nf_conntrack_amanda.mod.o
  LD [M]  net/netfilter/nf_conntrack_amanda.ko
  CC      net/netfilter/nf_conntrack_broadcast.mod.o
  LD [M]  net/netfilter/nf_conntrack_broadcast.ko
  CC      net/netfilter/nf_conntrack_ftp.mod.o
  LD [M]  net/netfilter/nf_conntrack_ftp.ko
  CC      net/netfilter/nf_conntrack_h323.mod.o
  LD [M]  net/netfilter/nf_conntrack_h323.ko
  CC      net/netfilter/nf_conntrack_irc.mod.o
  LD [M]  net/netfilter/nf_conntrack_irc.ko
  CC      net/netfilter/nf_conntrack_netbios_ns.mod.o
  LD [M]  net/netfilter/nf_conntrack_netbios_ns.ko
  CC      net/netfilter/nf_conntrack_netlink.mod.o
  LD [M]  net/netfilter/nf_conntrack_netlink.ko
  CC      net/netfilter/nf_conntrack_pptp.mod.o
  LD [M]  net/netfilter/nf_conntrack_pptp.ko
  CC      net/netfilter/nf_conntrack_proto_dccp.mod.o
  LD [M]  net/netfilter/nf_conntrack_proto_dccp.ko
  CC      net/netfilter/nf_conntrack_proto_gre.mod.o
  LD [M]  net/netfilter/nf_conntrack_proto_gre.ko
  CC      net/netfilter/nf_conntrack_proto_sctp.mod.o
  LD [M]  net/netfilter/nf_conntrack_proto_sctp.ko
  CC      net/netfilter/nf_conntrack_proto_udplite.mod.o
  LD [M]  net/netfilter/nf_conntrack_proto_udplite.ko
  CC      net/netfilter/nf_conntrack_sane.mod.o
  LD [M]  net/netfilter/nf_conntrack_sane.ko
  CC      net/netfilter/nf_conntrack_sip.mod.o
  LD [M]  net/netfilter/nf_conntrack_sip.ko
  CC      net/netfilter/nf_conntrack_snmp.mod.o
  LD [M]  net/netfilter/nf_conntrack_snmp.ko
  CC      net/netfilter/nf_conntrack_tftp.mod.o
  LD [M]  net/netfilter/nf_conntrack_tftp.ko
  CC      net/netfilter/nf_log_common.mod.o
  LD [M]  net/netfilter/nf_log_common.ko
  CC      net/netfilter/nf_nat.mod.o
  LD [M]  net/netfilter/nf_nat.ko
  CC      net/netfilter/nf_nat_amanda.mod.o
  LD [M]  net/netfilter/nf_nat_amanda.ko
  CC      net/netfilter/nf_nat_ftp.mod.o
  LD [M]  net/netfilter/nf_nat_ftp.ko
  CC      net/netfilter/nf_nat_irc.mod.o
  LD [M]  net/netfilter/nf_nat_irc.ko
  CC      net/netfilter/nf_nat_proto_dccp.mod.o
  LD [M]  net/netfilter/nf_nat_proto_dccp.ko
  CC      net/netfilter/nf_nat_proto_sctp.mod.o
  LD [M]  net/netfilter/nf_nat_proto_sctp.ko
  CC      net/netfilter/nf_nat_proto_udplite.mod.o
  LD [M]  net/netfilter/nf_nat_proto_udplite.ko
  CC      net/netfilter/nf_nat_redirect.mod.o
  LD [M]  net/netfilter/nf_nat_redirect.ko
  CC      net/netfilter/nf_nat_sip.mod.o
  LD [M]  net/netfilter/nf_nat_sip.ko
  CC      net/netfilter/nf_nat_tftp.mod.o
  LD [M]  net/netfilter/nf_nat_tftp.ko
  CC      net/netfilter/nfnetlink.mod.o
  LD [M]  net/netfilter/nfnetlink.ko
  CC      net/netfilter/nfnetlink_acct.mod.o
  LD [M]  net/netfilter/nfnetlink_acct.ko
  CC      net/netfilter/nfnetlink_log.mod.o
  LD [M]  net/netfilter/nfnetlink_log.ko
  CC      net/netfilter/nfnetlink_queue.mod.o
  LD [M]  net/netfilter/nfnetlink_queue.ko
  CC      net/netfilter/x_tables.mod.o
  LD [M]  net/netfilter/x_tables.ko
  CC      net/netfilter/xt_CHECKSUM.mod.o
  LD [M]  net/netfilter/xt_CHECKSUM.ko
  CC      net/netfilter/xt_CLASSIFY.mod.o
  LD [M]  net/netfilter/xt_CLASSIFY.ko
  CC      net/netfilter/xt_CT.mod.o
  LD [M]  net/netfilter/xt_CT.ko
  CC      net/netfilter/xt_DSCP.mod.o
  LD [M]  net/netfilter/xt_DSCP.ko
  CC      net/netfilter/xt_HL.mod.o
  LD [M]  net/netfilter/xt_HL.ko
  CC      net/netfilter/xt_HMARK.mod.o
  LD [M]  net/netfilter/xt_HMARK.ko
  CC      net/netfilter/xt_IDLETIMER.mod.o
  LD [M]  net/netfilter/xt_IDLETIMER.ko
  CC      net/netfilter/xt_LED.mod.o
  LD [M]  net/netfilter/xt_LED.ko
  CC      net/netfilter/xt_LOG.mod.o
  LD [M]  net/netfilter/xt_LOG.ko
  CC      net/netfilter/xt_NETMAP.mod.o
  LD [M]  net/netfilter/xt_NETMAP.ko
  CC      net/netfilter/xt_NFLOG.mod.o
  LD [M]  net/netfilter/xt_NFLOG.ko
  CC      net/netfilter/xt_NFQUEUE.mod.o
  LD [M]  net/netfilter/xt_NFQUEUE.ko
  CC      net/netfilter/xt_RATEEST.mod.o
  LD [M]  net/netfilter/xt_RATEEST.ko
  CC      net/netfilter/xt_REDIRECT.mod.o
  LD [M]  net/netfilter/xt_REDIRECT.ko
  CC      net/netfilter/xt_TCPMSS.mod.o
  LD [M]  net/netfilter/xt_TCPMSS.ko
  CC      net/netfilter/xt_TCPOPTSTRIP.mod.o
  LD [M]  net/netfilter/xt_TCPOPTSTRIP.ko
  CC      net/netfilter/xt_TEE.mod.o
  LD [M]  net/netfilter/xt_TEE.ko
  CC      net/netfilter/xt_TPROXY.mod.o
  LD [M]  net/netfilter/xt_TPROXY.ko
  CC      net/netfilter/xt_TRACE.mod.o
  LD [M]  net/netfilter/xt_TRACE.ko
  CC      net/netfilter/xt_addrtype.mod.o
  LD [M]  net/netfilter/xt_addrtype.ko
  CC      net/netfilter/xt_bpf.mod.o
  LD [M]  net/netfilter/xt_bpf.ko
  CC      net/netfilter/xt_cluster.mod.o
  LD [M]  net/netfilter/xt_cluster.ko
  CC      net/netfilter/xt_comment.mod.o
  LD [M]  net/netfilter/xt_comment.ko
  CC      net/netfilter/xt_connbytes.mod.o
  LD [M]  net/netfilter/xt_connbytes.ko
  CC      net/netfilter/xt_connlabel.mod.o
  LD [M]  net/netfilter/xt_connlabel.ko
  CC      net/netfilter/xt_connlimit.mod.o
  LD [M]  net/netfilter/xt_connlimit.ko
  CC      net/netfilter/xt_connmark.mod.o
  LD [M]  net/netfilter/xt_connmark.ko
  CC      net/netfilter/xt_conntrack.mod.o
  LD [M]  net/netfilter/xt_conntrack.ko
  CC      net/netfilter/xt_cpu.mod.o
  LD [M]  net/netfilter/xt_cpu.ko
  CC      net/netfilter/xt_dccp.mod.o
  LD [M]  net/netfilter/xt_dccp.ko
  CC      net/netfilter/xt_devgroup.mod.o
  LD [M]  net/netfilter/xt_devgroup.ko
  CC      net/netfilter/xt_dscp.mod.o
  LD [M]  net/netfilter/xt_dscp.ko
  CC      net/netfilter/xt_ecn.mod.o
  LD [M]  net/netfilter/xt_ecn.ko
  CC      net/netfilter/xt_esp.mod.o
  LD [M]  net/netfilter/xt_esp.ko
  CC      net/netfilter/xt_hashlimit.mod.o
  LD [M]  net/netfilter/xt_hashlimit.ko
  CC      net/netfilter/xt_helper.mod.o
  LD [M]  net/netfilter/xt_helper.ko
  CC      net/netfilter/xt_hl.mod.o
  LD [M]  net/netfilter/xt_hl.ko
  CC      net/netfilter/xt_iprange.mod.o
  LD [M]  net/netfilter/xt_iprange.ko
  CC      net/netfilter/xt_ipvs.mod.o
  LD [M]  net/netfilter/xt_ipvs.ko
  CC      net/netfilter/xt_l2tp.mod.o
  LD [M]  net/netfilter/xt_l2tp.ko
  CC      net/netfilter/xt_length.mod.o
  LD [M]  net/netfilter/xt_length.ko
  CC      net/netfilter/xt_limit.mod.o
  LD [M]  net/netfilter/xt_limit.ko
  CC      net/netfilter/xt_mac.mod.o
  LD [M]  net/netfilter/xt_mac.ko
  CC      net/netfilter/xt_mark.mod.o
  LD [M]  net/netfilter/xt_mark.ko
  CC      net/netfilter/xt_multiport.mod.o
  LD [M]  net/netfilter/xt_multiport.ko
  CC      net/netfilter/xt_nat.mod.o
  LD [M]  net/netfilter/xt_nat.ko
  CC      net/netfilter/xt_nfacct.mod.o
  LD [M]  net/netfilter/xt_nfacct.ko
  CC      net/netfilter/xt_osf.mod.o
  LD [M]  net/netfilter/xt_osf.ko
  CC      net/netfilter/xt_owner.mod.o
  LD [M]  net/netfilter/xt_owner.ko
  CC      net/netfilter/xt_physdev.mod.o
  LD [M]  net/netfilter/xt_physdev.ko
  CC      net/netfilter/xt_pkttype.mod.o
  LD [M]  net/netfilter/xt_pkttype.ko
  CC      net/netfilter/xt_policy.mod.o
  LD [M]  net/netfilter/xt_policy.ko
  CC      net/netfilter/xt_quota.mod.o
  LD [M]  net/netfilter/xt_quota.ko
  CC      net/netfilter/xt_rateest.mod.o
  LD [M]  net/netfilter/xt_rateest.ko
  CC      net/netfilter/xt_realm.mod.o
  LD [M]  net/netfilter/xt_realm.ko
  CC      net/netfilter/xt_recent.mod.o
  LD [M]  net/netfilter/xt_recent.ko
  CC      net/netfilter/xt_sctp.mod.o
  LD [M]  net/netfilter/xt_sctp.ko
  CC      net/netfilter/xt_set.mod.o
  LD [M]  net/netfilter/xt_set.ko
  CC      net/netfilter/xt_socket.mod.o
  LD [M]  net/netfilter/xt_socket.ko
  CC      net/netfilter/xt_state.mod.o
  LD [M]  net/netfilter/xt_state.ko
  CC      net/netfilter/xt_statistic.mod.o
  LD [M]  net/netfilter/xt_statistic.ko
  CC      net/netfilter/xt_string.mod.o
  LD [M]  net/netfilter/xt_string.ko
  CC      net/netfilter/xt_tcpmss.mod.o
  LD [M]  net/netfilter/xt_tcpmss.ko
  CC      net/netfilter/xt_tcpudp.mod.o
  LD [M]  net/netfilter/xt_tcpudp.ko
  CC      net/netfilter/xt_time.mod.o
  LD [M]  net/netfilter/xt_time.ko
  CC      net/netfilter/xt_u32.mod.o
  LD [M]  net/netfilter/xt_u32.ko
  CC      net/netrom/netrom.mod.o
  LD [M]  net/netrom/netrom.ko
  CC      net/nfc/nfc.mod.o
  LD [M]  net/nfc/nfc.ko
  CC      net/openvswitch/openvswitch.mod.o
  LD [M]  net/openvswitch/openvswitch.ko
  CC      net/openvswitch/vport-gre.mod.o
  LD [M]  net/openvswitch/vport-gre.ko
  CC      net/openvswitch/vport-vxlan.mod.o
  LD [M]  net/openvswitch/vport-vxlan.ko
  CC      net/rfkill/rfkill.mod.o
  LD [M]  net/rfkill/rfkill.ko
  CC      net/rose/rose.mod.o
  LD [M]  net/rose/rose.ko
  CC      net/sched/act_csum.mod.o
  LD [M]  net/sched/act_csum.ko
  CC      net/sched/act_gact.mod.o
  LD [M]  net/sched/act_gact.ko
  CC      net/sched/act_ipt.mod.o
  LD [M]  net/sched/act_ipt.ko
  CC      net/sched/act_mirred.mod.o
  LD [M]  net/sched/act_mirred.ko
  CC      net/sched/act_nat.mod.o
  LD [M]  net/sched/act_nat.ko
  CC      net/sched/act_pedit.mod.o
  LD [M]  net/sched/act_pedit.ko
  CC      net/sched/act_police.mod.o
  LD [M]  net/sched/act_police.ko
  CC      net/sched/act_simple.mod.o
  LD [M]  net/sched/act_simple.ko
  CC      net/sched/act_skbedit.mod.o
  LD [M]  net/sched/act_skbedit.ko
  CC      net/sched/cls_basic.mod.o
  LD [M]  net/sched/cls_basic.ko
  CC      net/sched/cls_cgroup.mod.o
  LD [M]  net/sched/cls_cgroup.ko
  CC      net/sched/cls_flow.mod.o
  LD [M]  net/sched/cls_flow.ko
  CC      net/sched/cls_fw.mod.o
  LD [M]  net/sched/cls_fw.ko
  CC      net/sched/cls_route.mod.o
  LD [M]  net/sched/cls_route.ko
  CC      net/sched/cls_rsvp.mod.o
  LD [M]  net/sched/cls_rsvp.ko
  CC      net/sched/cls_rsvp6.mod.o
  LD [M]  net/sched/cls_rsvp6.ko
  CC      net/sched/cls_tcindex.mod.o
  LD [M]  net/sched/cls_tcindex.ko
  CC      net/sched/cls_u32.mod.o
  LD [M]  net/sched/cls_u32.ko
  CC      net/sched/em_cmp.mod.o
  LD [M]  net/sched/em_cmp.ko
  CC      net/sched/em_ipset.mod.o
  LD [M]  net/sched/em_ipset.ko
  CC      net/sched/em_meta.mod.o
  LD [M]  net/sched/em_meta.ko
  CC      net/sched/em_nbyte.mod.o
  LD [M]  net/sched/em_nbyte.ko
  CC      net/sched/em_text.mod.o
  LD [M]  net/sched/em_text.ko
  CC      net/sched/em_u32.mod.o
  LD [M]  net/sched/em_u32.ko
  CC      net/sched/sch_atm.mod.o
  LD [M]  net/sched/sch_atm.ko
  CC      net/sched/sch_cbq.mod.o
  LD [M]  net/sched/sch_cbq.ko
  CC      net/sched/sch_choke.mod.o
  LD [M]  net/sched/sch_choke.ko
  CC      net/sched/sch_codel.mod.o
  LD [M]  net/sched/sch_codel.ko
  CC      net/sched/sch_drr.mod.o
  LD [M]  net/sched/sch_drr.ko
  CC      net/sched/sch_dsmark.mod.o
  LD [M]  net/sched/sch_dsmark.ko
  CC      net/sched/sch_fq.mod.o
  LD [M]  net/sched/sch_fq.ko
  CC      net/sched/sch_fq_codel.mod.o
  LD [M]  net/sched/sch_fq_codel.ko
  CC      net/sched/sch_gred.mod.o
  LD [M]  net/sched/sch_gred.ko
  CC      net/sched/sch_hfsc.mod.o
  LD [M]  net/sched/sch_hfsc.ko
  CC      net/sched/sch_hhf.mod.o
  LD [M]  net/sched/sch_hhf.ko
  CC      net/sched/sch_htb.mod.o
  LD [M]  net/sched/sch_htb.ko
  CC      net/sched/sch_ingress.mod.o
  LD [M]  net/sched/sch_ingress.ko
  CC      net/sched/sch_mqprio.mod.o
  LD [M]  net/sched/sch_mqprio.ko
  CC      net/sched/sch_multiq.mod.o
  LD [M]  net/sched/sch_multiq.ko
  CC      net/sched/sch_netem.mod.o
  LD [M]  net/sched/sch_netem.ko
  CC      net/sched/sch_pie.mod.o
  LD [M]  net/sched/sch_pie.ko
  CC      net/sched/sch_plug.mod.o
  LD [M]  net/sched/sch_plug.ko
  CC      net/sched/sch_prio.mod.o
  LD [M]  net/sched/sch_prio.ko
  CC      net/sched/sch_qfq.mod.o
  LD [M]  net/sched/sch_qfq.ko
  CC      net/sched/sch_red.mod.o
  LD [M]  net/sched/sch_red.ko
  CC      net/sched/sch_sfb.mod.o
  LD [M]  net/sched/sch_sfb.ko
  CC      net/sched/sch_sfq.mod.o
  LD [M]  net/sched/sch_sfq.ko
  CC      net/sched/sch_tbf.mod.o
  LD [M]  net/sched/sch_tbf.ko
  CC      net/sched/sch_teql.mod.o
  LD [M]  net/sched/sch_teql.ko
  CC      net/sctp/sctp.mod.o
  LD [M]  net/sctp/sctp.ko
  CC      net/sctp/sctp_diag.mod.o
  LD [M]  net/sctp/sctp_diag.ko
  CC      net/sunrpc/auth_gss/rpcsec_gss_krb5.mod.o
  LD [M]  net/sunrpc/auth_gss/rpcsec_gss_krb5.ko
  CC      net/wimax/wimax.mod.o
  LD [M]  net/wimax/wimax.ko
  CC      net/wireless/cfg80211.mod.o
  LD [M]  net/wireless/cfg80211.ko
  CC      net/wireless/lib80211.mod.o
  LD [M]  net/wireless/lib80211.ko
  CC      net/wireless/lib80211_crypt_ccmp.mod.o
  LD [M]  net/wireless/lib80211_crypt_ccmp.ko
  CC      net/wireless/lib80211_crypt_tkip.mod.o
  LD [M]  net/wireless/lib80211_crypt_tkip.ko
  CC      net/wireless/lib80211_crypt_wep.mod.o
  LD [M]  net/wireless/lib80211_crypt_wep.ko
  CC      net/xfrm/xfrm_ipcomp.mod.o
  LD [M]  net/xfrm/xfrm_ipcomp.ko
  CC      sound/ac97_bus.mod.o
  LD [M]  sound/ac97_bus.ko
  CC      sound/arm/snd-bcm2835.mod.o
  LD [M]  sound/arm/snd-bcm2835.ko
  CC      sound/core/oss/snd-mixer-oss.mod.o
  LD [M]  sound/core/oss/snd-mixer-oss.ko
  CC      sound/core/oss/snd-pcm-oss.mod.o
  LD [M]  sound/core/oss/snd-pcm-oss.ko
  CC      sound/core/seq/oss/snd-seq-oss.mod.o
  LD [M]  sound/core/seq/oss/snd-seq-oss.ko
  CC      sound/core/seq/snd-seq-device.mod.o
  LD [M]  sound/core/seq/snd-seq-device.ko
  CC      sound/core/seq/snd-seq-dummy.mod.o
  LD [M]  sound/core/seq/snd-seq-dummy.ko
  CC      sound/core/seq/snd-seq-midi-event.mod.o
  LD [M]  sound/core/seq/snd-seq-midi-event.ko
  CC      sound/core/seq/snd-seq-midi.mod.o
  LD [M]  sound/core/seq/snd-seq-midi.ko
  CC      sound/core/seq/snd-seq-virmidi.mod.o
  LD [M]  sound/core/seq/snd-seq-virmidi.ko
  CC      sound/core/seq/snd-seq.mod.o
  LD [M]  sound/core/seq/snd-seq.ko
  CC      sound/core/snd-compress.mod.o
  LD [M]  sound/core/snd-compress.ko
  CC      sound/core/snd-hrtimer.mod.o
  LD [M]  sound/core/snd-hrtimer.ko
  CC      sound/core/snd-hwdep.mod.o
  LD [M]  sound/core/snd-hwdep.ko
  CC      sound/core/snd-pcm-dmaengine.mod.o
  LD [M]  sound/core/snd-pcm-dmaengine.ko
  CC      sound/core/snd-pcm.mod.o
  LD [M]  sound/core/snd-pcm.ko
  CC      sound/core/snd-rawmidi.mod.o
  LD [M]  sound/core/snd-rawmidi.ko
  CC      sound/core/snd-timer.mod.o
  LD [M]  sound/core/snd-timer.ko
  CC      sound/core/snd.mod.o
  LD [M]  sound/core/snd.ko
  CC      sound/drivers/mpu401/snd-mpu401-uart.mod.o
  LD [M]  sound/drivers/mpu401/snd-mpu401-uart.ko
  CC      sound/drivers/mpu401/snd-mpu401.mod.o
  LD [M]  sound/drivers/mpu401/snd-mpu401.ko
  CC      sound/drivers/snd-aloop.mod.o
  LD [M]  sound/drivers/snd-aloop.ko
  CC      sound/drivers/snd-dummy.mod.o
  LD [M]  sound/drivers/snd-dummy.ko
  CC      sound/drivers/snd-mtpav.mod.o
  LD [M]  sound/drivers/snd-mtpav.ko
  CC      sound/drivers/snd-serial-u16550.mod.o
  LD [M]  sound/drivers/snd-serial-u16550.ko
  CC      sound/drivers/snd-virmidi.mod.o
  LD [M]  sound/drivers/snd-virmidi.ko
  CC      sound/pci/ac97/snd-ac97-codec.mod.o
  LD [M]  sound/pci/ac97/snd-ac97-codec.ko
  CC      sound/soc/bcm/snd-soc-adau1977-adc.mod.o
  LD [M]  sound/soc/bcm/snd-soc-adau1977-adc.ko
  CC      sound/soc/bcm/snd-soc-allo-boss-dac.mod.o
  LD [M]  sound/soc/bcm/snd-soc-allo-boss-dac.ko
  CC      sound/soc/bcm/snd-soc-allo-digione.mod.o
  LD [M]  sound/soc/bcm/snd-soc-allo-digione.ko
  CC      sound/soc/bcm/snd-soc-allo-piano-dac-plus.mod.o
  LD [M]  sound/soc/bcm/snd-soc-allo-piano-dac-plus.ko
  CC      sound/soc/bcm/snd-soc-allo-piano-dac.mod.o
  LD [M]  sound/soc/bcm/snd-soc-allo-piano-dac.ko
  CC      sound/soc/bcm/snd-soc-audioinjector-octo-soundcard.mod.o
  LD [M]  sound/soc/bcm/snd-soc-audioinjector-octo-soundcard.ko
  CC      sound/soc/bcm/snd-soc-audioinjector-pi-soundcard.mod.o
  LD [M]  sound/soc/bcm/snd-soc-audioinjector-pi-soundcard.ko
  CC      sound/soc/bcm/snd-soc-bcm2835-i2s.mod.o
  LD [M]  sound/soc/bcm/snd-soc-bcm2835-i2s.ko
  CC      sound/soc/bcm/snd-soc-digidac1-soundcard.mod.o
  LD [M]  sound/soc/bcm/snd-soc-digidac1-soundcard.ko
  CC      sound/soc/bcm/snd-soc-dionaudio-loco-v2.mod.o
  LD [M]  sound/soc/bcm/snd-soc-dionaudio-loco-v2.ko
  CC      sound/soc/bcm/snd-soc-dionaudio-loco.mod.o
  LD [M]  sound/soc/bcm/snd-soc-dionaudio-loco.ko
  CC      sound/soc/bcm/snd-soc-fe-pi-audio.mod.o
  LD [M]  sound/soc/bcm/snd-soc-fe-pi-audio.ko
  CC      sound/soc/bcm/snd-soc-googlevoicehat-codec.mod.o
  LD [M]  sound/soc/bcm/snd-soc-googlevoicehat-codec.ko
  CC      sound/soc/bcm/snd-soc-googlevoicehat-soundcard.mod.o
  LD [M]  sound/soc/bcm/snd-soc-googlevoicehat-soundcard.ko
  CC      sound/soc/bcm/snd-soc-hifiberry-amp.mod.o
  LD [M]  sound/soc/bcm/snd-soc-hifiberry-amp.ko
  CC      sound/soc/bcm/snd-soc-hifiberry-dac.mod.o
  LD [M]  sound/soc/bcm/snd-soc-hifiberry-dac.ko
  CC      sound/soc/bcm/snd-soc-hifiberry-dacplus.mod.o
  LD [M]  sound/soc/bcm/snd-soc-hifiberry-dacplus.ko
  CC      sound/soc/bcm/snd-soc-hifiberry-digi.mod.o
  LD [M]  sound/soc/bcm/snd-soc-hifiberry-digi.ko
  CC      sound/soc/bcm/snd-soc-iqaudio-dac.mod.o
  LD [M]  sound/soc/bcm/snd-soc-iqaudio-dac.ko
  CC      sound/soc/bcm/snd-soc-iqaudio-digi.mod.o
  LD [M]  sound/soc/bcm/snd-soc-iqaudio-digi.ko
  CC      sound/soc/bcm/snd-soc-justboom-dac.mod.o
  LD [M]  sound/soc/bcm/snd-soc-justboom-dac.ko
  CC      sound/soc/bcm/snd-soc-justboom-digi.mod.o
  LD [M]  sound/soc/bcm/snd-soc-justboom-digi.ko
  CC      sound/soc/bcm/snd-soc-pisound.mod.o
  LD [M]  sound/soc/bcm/snd-soc-pisound.ko
  CC      sound/soc/bcm/snd-soc-raspidac3.mod.o
  LD [M]  sound/soc/bcm/snd-soc-raspidac3.ko
  CC      sound/soc/bcm/snd-soc-rpi-cirrus.mod.o
  LD [M]  sound/soc/bcm/snd-soc-rpi-cirrus.ko
  CC      sound/soc/bcm/snd-soc-rpi-dac.mod.o
  LD [M]  sound/soc/bcm/snd-soc-rpi-dac.ko
  CC      sound/soc/bcm/snd-soc-rpi-proto.mod.o
  LD [M]  sound/soc/bcm/snd-soc-rpi-proto.ko
  CC      sound/soc/codecs/snd-soc-adau1701.mod.o
  LD [M]  sound/soc/codecs/snd-soc-adau1701.ko
  CC      sound/soc/codecs/snd-soc-adau1977-i2c.mod.o
  LD [M]  sound/soc/codecs/snd-soc-adau1977-i2c.ko
  CC      sound/soc/codecs/snd-soc-adau1977.mod.o
  LD [M]  sound/soc/codecs/snd-soc-adau1977.ko
  CC      sound/soc/codecs/snd-soc-adau7002.mod.o
  LD [M]  sound/soc/codecs/snd-soc-adau7002.ko
  CC      sound/soc/codecs/snd-soc-ak4554.mod.o
  LD [M]  sound/soc/codecs/snd-soc-ak4554.ko
  CC      sound/soc/codecs/snd-soc-arizona.mod.o
  LD [M]  sound/soc/codecs/snd-soc-arizona.ko
  CC      sound/soc/codecs/snd-soc-cs42xx8-i2c.mod.o
  LD [M]  sound/soc/codecs/snd-soc-cs42xx8-i2c.ko
  CC      sound/soc/codecs/snd-soc-cs42xx8.mod.o
  LD [M]  sound/soc/codecs/snd-soc-cs42xx8.ko
  CC      sound/soc/codecs/snd-soc-pcm1794a.mod.o
  LD [M]  sound/soc/codecs/snd-soc-pcm1794a.ko
  CC      sound/soc/codecs/snd-soc-pcm5102a.mod.o
  LD [M]  sound/soc/codecs/snd-soc-pcm5102a.ko
  CC      sound/soc/codecs/snd-soc-pcm512x-i2c.mod.o
  LD [M]  sound/soc/codecs/snd-soc-pcm512x-i2c.ko
  CC      sound/soc/codecs/snd-soc-pcm512x.mod.o
  LD [M]  sound/soc/codecs/snd-soc-pcm512x.ko
  CC      sound/soc/codecs/snd-soc-sgtl5000.mod.o
  LD [M]  sound/soc/codecs/snd-soc-sgtl5000.ko
  CC      sound/soc/codecs/snd-soc-sigmadsp-i2c.mod.o
  LD [M]  sound/soc/codecs/snd-soc-sigmadsp-i2c.ko
  CC      sound/soc/codecs/snd-soc-sigmadsp.mod.o
  LD [M]  sound/soc/codecs/snd-soc-sigmadsp.ko
  CC      sound/soc/codecs/snd-soc-spdif-rx.mod.o
  LD [M]  sound/soc/codecs/snd-soc-spdif-rx.ko
  CC      sound/soc/codecs/snd-soc-spdif-tx.mod.o
  LD [M]  sound/soc/codecs/snd-soc-spdif-tx.ko
  CC      sound/soc/codecs/snd-soc-tas5713.mod.o
  LD [M]  sound/soc/codecs/snd-soc-tas5713.ko
  CC      sound/soc/codecs/snd-soc-tpa6130a2.mod.o
  LD [M]  sound/soc/codecs/snd-soc-tpa6130a2.ko
  CC      sound/soc/codecs/snd-soc-wm-adsp.mod.o
  LD [M]  sound/soc/codecs/snd-soc-wm-adsp.ko
  CC      sound/soc/codecs/snd-soc-wm5102.mod.o
  LD [M]  sound/soc/codecs/snd-soc-wm5102.ko
  CC      sound/soc/codecs/snd-soc-wm8731.mod.o
  LD [M]  sound/soc/codecs/snd-soc-wm8731.ko
  CC      sound/soc/codecs/snd-soc-wm8741.mod.o
  LD [M]  sound/soc/codecs/snd-soc-wm8741.ko
  CC      sound/soc/codecs/snd-soc-wm8804-i2c.mod.o
  LD [M]  sound/soc/codecs/snd-soc-wm8804-i2c.ko
  CC      sound/soc/codecs/snd-soc-wm8804.mod.o
  LD [M]  sound/soc/codecs/snd-soc-wm8804.ko
  CC      sound/soc/generic/snd-soc-simple-card-utils.mod.o
  LD [M]  sound/soc/generic/snd-soc-simple-card-utils.ko
  CC      sound/soc/generic/snd-soc-simple-card.mod.o
  LD [M]  sound/soc/generic/snd-soc-simple-card.ko
  CC      sound/soc/snd-soc-core.mod.o
  LD [M]  sound/soc/snd-soc-core.ko
  CC      sound/usb/6fire/snd-usb-6fire.mod.o
  LD [M]  sound/usb/6fire/snd-usb-6fire.ko
  CC      sound/usb/caiaq/snd-usb-caiaq.mod.o
  LD [M]  sound/usb/caiaq/snd-usb-caiaq.ko
  CC      sound/usb/hiface/snd-usb-hiface.mod.o
  LD [M]  sound/usb/hiface/snd-usb-hiface.ko
  CC      sound/usb/misc/snd-ua101.mod.o
  LD [M]  sound/usb/misc/snd-ua101.ko
  CC      sound/usb/snd-usb-audio.mod.o
  LD [M]  sound/usb/snd-usb-audio.ko
  CC      sound/usb/snd-usbmidi-lib.mod.o
  LD [M]  sound/usb/snd-usbmidi-lib.ko
  HOSTCC  firmware/ihex2fw
  IHEX2FW firmware/emi26/loader.fw
  IHEX2FW firmware/emi26/firmware.fw
  IHEX2FW firmware/emi26/bitstream.fw
  IHEX2FW firmware/emi62/loader.fw
  IHEX2FW firmware/emi62/bitstream.fw
  IHEX2FW firmware/emi62/spdif.fw
  IHEX2FW firmware/emi62/midi.fw
  IHEX    firmware/kaweth/new_code.bin
  IHEX    firmware/kaweth/trigger_code.bin
  IHEX    firmware/kaweth/new_code_fix.bin
  IHEX    firmware/kaweth/trigger_code_fix.bin
  IHEX    firmware/ti_3410.fw
  IHEX    firmware/ti_5052.fw
  IHEX    firmware/mts_cdma.fw
  IHEX    firmware/mts_gsm.fw
  IHEX    firmware/mts_edge.fw
  H16TOFW firmware/edgeport/boot.fw
  H16TOFW firmware/edgeport/boot2.fw
  H16TOFW firmware/edgeport/down.fw
  H16TOFW firmware/edgeport/down2.fw
  IHEX    firmware/edgeport/down3.bin
  IHEX2FW firmware/whiteheat_loader.fw
  IHEX2FW firmware/whiteheat.fw
  IHEX2FW firmware/keyspan_pda/keyspan_pda.fw
  IHEX2FW firmware/keyspan_pda/xircom_pgs.fw
  IHEX    firmware/cpia2/stv0672_vp4.bin
  IHEX    firmware/yam/1200.bin
  IHEX    firmware/yam/9600.bin
